2025-10-07 19:41:20,459 - INFO - 
--- Round 0 | trial=1 | sqrt_beta=3.1623 (beta=10.0000) | rho=0.70 | train size=10 ---
2025-10-07 19:41:30,845 - INFO - [round 0] pick 1/5: CCCCN1CCN(C(=S)SCCSC(=S)N2CCN(CCCC)CC2)CC1 | UCB=3.182 | mu=0.05068 | std=0.9902 | f=0.006305
2025-10-07 19:41:30,846 - INFO - [round 0] pick 2/5: C=C(NC(=O)CC#N)C(=O)O | UCB=3.181 | mu=0.0394 | std=0.9935 | f=0.006476
2025-10-07 19:41:30,847 - INFO - [round 0] pick 3/5: O=[N+]([O-])N=C1NCCN1 | UCB=3.174 | mu=0.02023 | std=0.9973 | f=0.00329
2025-10-07 19:41:30,848 - INFO - [round 0] pick 4/5: [N-]=[N+]=NCC1=CC=C(CCl)SS1 | UCB=3.173 | mu=0.02642 | std=0.9952 | f=0.002552
2025-10-07 19:41:30,849 - INFO - [round 0] pick 5/5: CN(C(=O)C12C3C4C5C3C1(C(=O)C13C6C7C8C6C1C8C73)C5C42)C(C)(C)C | UCB=3.175 | mu=0.02642 | std=0.9957 | f=0.005543
2025-10-07 19:41:30,850 - INFO - Round 0 done in 10.39s; train size=15
2025-10-07 19:41:30,850 - INFO - 
--- Round 1 | trial=1 | sqrt_beta=3.1623 (beta=10.0000) | rho=0.70 | train size=15 ---
2025-10-07 19:41:43,582 - INFO - [round 1] pick 1/5: C=CCCCCCCc1ccc[n+](CCCCCCCCCCCCCc2ccc[n+](CCCCCCC=C)c2)c1 | UCB=3.169 | mu=0.0341 | std=0.9914 | f=0.126
2025-10-07 19:41:43,583 - INFO - [round 1] pick 2/5: CNP1(NC)=NP(NC)(N2CC2)=NP(NC)(NC)=NP(NC)(N2CC2)=N1 | UCB=3.168 | mu=0.02962 | std=0.9925 | f=0.004783
2025-10-07 19:41:43,585 - INFO - [round 1] pick 3/5: COC(=O)NCC(F)(F)C(F)(F)C(F)(F)C(F)(F)C(F)(F)C(F)(F)C(F)(F)F | UCB=3.167 | mu=0.01801 | std=0.9957 | f=0.004234
2025-10-07 19:41:43,586 - INFO - [round 1] pick 4/5: c1cocn1 | UCB=3.166 | mu=0.02017 | std=0.9948 | f=0
2025-10-07 19:41:43,588 - INFO - [round 1] pick 5/5: O=P(O)(O)CCC(O)C(O)C(O)CO | UCB=3.165 | mu=0.01355 | std=0.9967 | f=0.005233
2025-10-07 19:41:43,590 - INFO - Round 1 done in 12.74s; train size=20
2025-10-07 19:41:43,590 - INFO - 
--- Round 2 | trial=1 | sqrt_beta=3.1623 (beta=10.0000) | rho=0.70 | train size=20 ---
2025-10-07 19:41:59,224 - INFO - [round 2] pick 1/5: C1=CCCC2CN3CCCCC=CCCCCC4CC(CN(CCCCCCCC1)C4)C2CC3 | UCB=3.165 | mu=0.03569 | std=0.9895 | f=0.005847
2025-10-07 19:41:59,226 - INFO - [round 2] pick 2/5: NNc1nnc(S)n1N | UCB=3.164 | mu=0.0159 | std=0.9956 | f=0.05395
2025-10-07 19:41:59,228 - INFO - [round 2] pick 3/5: CC(Cl)(C=CBr)C(Cl)C=CC(=CCl)C(Cl)Cl | UCB=3.164 | mu=0.006547 | std=0.9984 | f=0.003525
2025-10-07 19:41:59,230 - INFO - [round 2] pick 4/5: CC1CN1 | UCB=3.163 | mu=0.01228 | std=0.9963 | f=0.003615
2025-10-07 19:41:59,232 - INFO - [round 2] pick 5/5: CS(=O)(=O)N(CCI)N(S(C)(=O)=O)S(C)(=O)=O | UCB=3.162 | mu=0.02015 | std=0.9936 | f=0.00508
2025-10-07 19:41:59,235 - INFO - Round 2 done in 15.64s; train size=25
2025-10-07 19:41:59,235 - INFO - 
--- Round 3 | trial=1 | sqrt_beta=3.1623 (beta=10.0000) | rho=0.70 | train size=25 ---
2025-10-07 19:42:17,075 - INFO - [round 3] pick 1/5: NCC1OC(OC2C(CO)OC(OC3C(O)C(N)CC(N)C3OC3OC(CO)C(O)C(O)C3N)C2OCCNCCc2cccnc2)C(N)C(O)C1O | UCB=3.161 | mu=0.02919 | std=0.9904 | f=0.0848
2025-10-07 19:42:17,077 - INFO - [round 3] pick 2/5: ClC1(Cl)C2(Cl)C3(Cl)C4(Cl)C(Cl)(Cl)C5(Cl)C3(Cl)C1(Cl)C5(Cl)C24Cl | UCB=3.159 | mu=0.00147 | std=0.9985 | f=0
2025-10-07 19:42:17,080 - INFO - [round 3] pick 3/5: O=CC=O | UCB=3.159 | mu=0.009594 | std=0.9959 | f=0.002933
2025-10-07 19:42:17,083 - INFO - [round 3] pick 4/5: [O-][Cl+]O | UCB=3.159 | mu=0.0003088 | std=0.9988 | f=0.002101
2025-10-07 19:42:17,086 - INFO - [round 3] pick 5/5: N=C(N)NN=C1C=CC(=NNC(N)=S)C=C1 | UCB=3.161 | mu=0.03418 | std=0.9887 | f=0.002998
2025-10-07 19:42:17,090 - INFO - Round 3 done in 17.86s; train size=30
2025-10-07 19:42:17,090 - INFO - 
--- Round 4 | trial=1 | sqrt_beta=3.1623 (beta=10.0000) | rho=0.70 | train size=30 ---
2025-10-07 19:42:36,388 - INFO - [round 4] pick 1/5: N#CCN(CC#N)C1CC=CCC1N(CC#N)CC#N | UCB=3.159 | mu=0.0198 | std=0.9926 | f=0.004424
2025-10-07 19:42:36,392 - INFO - [round 4] pick 2/5: CC(C)=CCCC(C)=CCCC(C)=CCCC(C)=CC=CC=C(C)CCC=C(C)CCC=C(C)CCC=C(C)C | UCB=3.158 | mu=0.01263 | std=0.9946 | f=0.00419
2025-10-07 19:42:36,396 - INFO - [round 4] pick 3/5: C1CSCCS1 | UCB=3.158 | mu=0.01597 | std=0.9936 | f=0.003973
2025-10-07 19:42:36,400 - INFO - [round 4] pick 4/5: C=C=C | UCB=3.156 | mu=-0.0005566 | std=0.9983 | f=0
2025-10-07 19:42:36,404 - INFO - [round 4] pick 5/5: Brc1ccc2[nH]cc(C(c3ccc(C(c4c[nH]c5ccc(Br)cc45)c4c[nH]c5ccc(Br)cc45)nc3)c3c[nH]c4ccc(Br)cc34)c2c1 | UCB=3.156 | mu=0.03055 | std=0.9883 | f=5.129e-23
2025-10-07 19:42:36,408 - INFO - Round 4 done in 19.32s; train size=35
2025-10-07 19:42:36,408 - INFO - 
--- Round 5 | trial=1 | sqrt_beta=3.1623 (beta=10.0000) | rho=0.70 | train size=35 ---
2025-10-07 19:42:57,756 - INFO - [round 5] pick 1/5: O=c1sc2c(s1)SSSSS2 | UCB=3.155 | mu=0.01677 | std=0.9925 | f=0.03643
2025-10-07 19:42:57,761 - INFO - [round 5] pick 2/5: FS(F)(F)(F)(F)F | UCB=3.153 | mu=-8.207e-05 | std=0.9971 | f=0
2025-10-07 19:42:57,766 - INFO - [round 5] pick 3/5: S=C(S)[N-]C[N-]C(=S)S | UCB=3.152 | mu=0.006998 | std=0.9946 | f=0.003326
2025-10-07 19:42:57,770 - INFO - [round 5] pick 4/5: CC12CC(C)(OO1)OO2 | UCB=3.151 | mu=0.01442 | std=0.992 | f=0.00329
2025-10-07 19:42:57,775 - INFO - [round 5] pick 5/5: Nc1ncnc2c1ncn2CCOCP(=O)(O)OCCOCCOCCOCCOCCOCCO | UCB=3.152 | mu=0.02858 | std=0.9877 | f=0.2041
2025-10-07 19:42:57,781 - INFO - Round 5 done in 21.37s; train size=40
2025-10-07 19:42:57,781 - INFO - 
--- Round 6 | trial=1 | sqrt_beta=3.1623 (beta=10.0000) | rho=0.70 | train size=40 ---
2025-10-07 19:43:21,162 - INFO - [round 6] pick 1/5: C#CCOc1nc(OCC#C)nc(OCC#C)n1 | UCB=3.155 | mu=0.02569 | std=0.9897 | f=0.06773
2025-10-07 19:43:21,168 - INFO - [round 6] pick 2/5: CN1C=C(Br)N(O)N1 | UCB=3.152 | mu=0.02444 | std=0.9891 | f=0.003363
2025-10-07 19:43:21,174 - INFO - [round 6] pick 3/5: NC(CCCC(=O)NC(CSSCC(NC(=O)CCCC(N)C(=O)O)C(=O)NC(Cc1cccs1)C(=O)O)C(=O)NC(Cc1cccs1)C(=O)O)C(=O)O | UCB=3.153 | mu=0.0516 | std=0.9806 | f=0.3082
2025-10-07 19:43:21,180 - INFO - [round 6] pick 4/5: C=CC1C2Cc3c(-c4nnn[nH]4)n[nH]c3C12 | UCB=3.154 | mu=0.02452 | std=0.9897 | f=0.1873
2025-10-07 19:43:21,187 - INFO - [round 6] pick 5/5: CO[Si](OC)(OC)OC | UCB=3.151 | mu=0.006311 | std=0.9944 | f=0.003861
2025-10-07 19:43:21,193 - INFO - Round 6 done in 23.41s; train size=45
2025-10-07 19:43:21,194 - INFO - 
--- Round 7 | trial=1 | sqrt_beta=3.1623 (beta=10.0000) | rho=0.70 | train size=45 ---
2025-10-07 19:43:48,317 - INFO - [round 7] pick 1/5: N=C(N)NCCCC1NC(=O)C(CC(=O)O)NC(=O)CNC(=O)C(CCCNC(=N)N)NC(=O)C(CC(=O)O)NC(=O)CNC1=O | UCB=3.164 | mu=0.06819 | std=0.9789 | f=0.006018
2025-10-07 19:43:48,324 - INFO - [round 7] pick 2/5: F[B-]1(F)n2cccc2C=C2C=CC=[N+]21 | UCB=3.154 | mu=0.05203 | std=0.9809 | f=0.03508
2025-10-07 19:43:48,332 - INFO - [round 7] pick 3/5: C=CCSSCC=C | UCB=3.153 | mu=0.01995 | std=0.9907 | f=0.002715
2025-10-07 19:43:48,339 - INFO - [round 7] pick 4/5: Clc1nc2c(I)c(I)c(I)c(I)c2[nH]1 | UCB=3.153 | mu=0.02513 | std=0.9891 | f=0
2025-10-07 19:43:48,347 - INFO - [round 7] pick 5/5: CCC(C)C(N=C(O)CC(N)C(Cc1ccccc1)N=C(O)C(N=C(O)C(CC(C)C)N=C(O)CC(C)C)C(C)C)C(O)=NC(CO)C(C)C | UCB=3.157 | mu=0.07614 | std=0.9743 | f=0.1036
2025-10-07 19:43:48,356 - INFO - Round 7 done in 27.16s; train size=50
2025-10-07 19:43:48,356 - INFO - 
--- Round 8 | trial=1 | sqrt_beta=3.1623 (beta=10.0000) | rho=0.70 | train size=50 ---
2025-10-07 19:44:16,646 - INFO - [round 8] pick 1/5: CCNCCCCNCCCCNCCCCNCCCCNCC=C(CS)CNCCCCNCCCCNCCCCNCCCCNCC | UCB=3.15 | mu=0.03049 | std=0.9865 | f=0.003747
2025-10-07 19:44:16,654 - INFO - [round 8] pick 2/5: C1=CSSC=CSS1 | UCB=3.15 | mu=0.01931 | std=0.9899 | f=0
2025-10-07 19:44:16,663 - INFO - [round 8] pick 3/5: O=C(Nc1ncncn1)NC12CC3CC(CC(C3)C1)C2 | UCB=3.149 | mu=0.05566 | std=0.9782 | f=0.1226
2025-10-07 19:44:16,673 - INFO - [round 8] pick 4/5: ClC(Br)Br | UCB=3.147 | mu=-0.001552 | std=0.9956 | f=0.002074
2025-10-07 19:44:16,683 - INFO - [round 8] pick 5/5: NCC#CCN | UCB=3.146 | mu=0.01093 | std=0.9915 | f=0.002809
2025-10-07 19:44:16,693 - INFO - Round 8 done in 28.34s; train size=55
2025-10-07 19:44:16,693 - INFO - 
--- Round 9 | trial=1 | sqrt_beta=3.1623 (beta=10.0000) | rho=0.70 | train size=55 ---
2025-10-07 19:44:48,074 - INFO - [round 9] pick 1/5: C=CC[N+]12CCC34c5ccccc5N5C6OCC=C7CN8CCC9%10c%11ccccc%11N(C%11OCC=C(C1)C(CC32)C%11C54)C9C6C7CC8%10 | UCB=3.149 | mu=0.07349 | std=0.9727 | f=0.2345
2025-10-07 19:44:48,085 - INFO - [round 9] pick 2/5: [O-][n+]1onc2c1-c1nonc1CC2 | UCB=3.148 | mu=0.03866 | std=0.9832 | f=0.1367
2025-10-07 19:44:48,096 - INFO - [round 9] pick 3/5: CCC=CCC=CCC=CCC=CCC=CCC=CCCC(=O)NCCc1ccc(O)c(O)c1 | UCB=3.147 | mu=0.07115 | std=0.9728 | f=0.09226
2025-10-07 19:44:48,107 - INFO - [round 9] pick 4/5: ClC1C(Cl)C(Cl)C(Cl)C(Cl)C1Cl | UCB=3.146 | mu=0.007357 | std=0.9924 | f=0.003205
2025-10-07 19:44:48,119 - INFO - [round 9] pick 5/5: COC(=O)C1=C(C(=O)OC)C2(C(=O)OC)OC1(OC)C(C1(C(=O)OC)C(C(=O)OC)=C1C(=O)OC)=C2C(=O)OC | UCB=3.143 | mu=0.04644 | std=0.9791 | f=0.005172
2025-10-07 19:44:48,131 - INFO - Round 9 done in 31.44s; train size=60
2025-10-07 19:44:48,131 - INFO - 
--- Round 10 | trial=1 | sqrt_beta=3.1623 (beta=10.0000) | rho=0.70 | train size=60 ---
2025-10-07 19:45:22,388 - INFO - [round 10] pick 1/5: N=c1c2ncn3c2ncn1C1OC(COP(=O)(O)OP(=O)(O)OCC2OC3C(OP(=O)(O)O)C2O)C(O)C1O | UCB=3.151 | mu=0.06261 | std=0.9767 | f=0.2574
2025-10-07 19:45:22,401 - INFO - [round 10] pick 2/5: ClC=CC[N+]12CN3CN(CN(C3)C1)C2 | UCB=3.15 | mu=0.02993 | std=0.9866 | f=0.004729
2025-10-07 19:45:22,414 - INFO - [round 10] pick 3/5: c1cc[n+](COC[n+]2ccccc2)cc1 | UCB=3.147 | mu=0.06421 | std=0.9749 | f=0.1629
2025-10-07 19:45:22,427 - INFO - [round 10] pick 4/5: c1c2n[nH]c1CNCCN1CCNCc3cc(n[nH]3)CNCCN(CCNC2)CCNCc2cc([nH]n2)CNCC1 | UCB=3.145 | mu=0.04387 | std=0.9807 | f=0.06572
2025-10-07 19:45:22,441 - INFO - [round 10] pick 5/5: CSc1cc(C=NO)c(SC)s1 | UCB=3.14 | mu=0.03207 | std=0.9829 | f=0.0634
2025-10-07 19:45:22,456 - INFO - Round 10 done in 34.32s; train size=65
2025-10-07 19:45:22,456 - INFO - 
--- Round 11 | trial=1 | sqrt_beta=3.1623 (beta=10.0000) | rho=0.70 | train size=65 ---
2025-10-07 19:45:58,940 - INFO - [round 11] pick 1/5: CC(C)C1OC(=O)C=CC=CC=CC=CC=CCC(O)C(C)C(O)CC(O)CC(O)CC(O)CC(O)CC(O)CC(O)C=CC1C | UCB=3.154 | mu=0.07081 | std=0.9749 | f=0.005461
2025-10-07 19:45:58,955 - INFO - [round 11] pick 2/5: c1cnc(Nc2nsc(Nc3ncccn3)n2)nc1 | UCB=3.15 | mu=0.07407 | std=0.9728 | f=0.03264
2025-10-07 19:45:58,970 - INFO - [round 11] pick 3/5: CC=CC1=C(CO)C(O)C2OC2C1O | UCB=3.15 | mu=0.05144 | std=0.9798 | f=0.004421
2025-10-07 19:45:58,986 - INFO - [round 11] pick 4/5: O=C(O)Cn1cnnn1 | UCB=3.144 | mu=0.04814 | std=0.9791 | f=0.1032
2025-10-07 19:45:59,003 - INFO - [round 11] pick 5/5: C=Cc1ccc2c(c1)OCCOCCOCCOCCOCCO2 | UCB=3.148 | mu=0.06871 | std=0.9737 | f=0.07028
2025-10-07 19:45:59,020 - INFO - Round 11 done in 36.56s; train size=70
2025-10-07 19:45:59,020 - INFO - 
--- Round 12 | trial=1 | sqrt_beta=3.1623 (beta=10.0000) | rho=0.70 | train size=70 ---
2025-10-07 19:46:38,679 - INFO - [round 12] pick 1/5: O=C(CCl)Nc1sc2c(c1Cc1nnc(SCSc3nnc(Cc4c(NC(=O)CCl)sc5c4CCCC5)n3NC(=O)c3ccccc3)n1NC(=O)c1ccccc1)CCCC2 | UCB=3.149 | mu=0.1079 | std=0.9618 | f=3.423e-08
2025-10-07 19:46:38,697 - INFO - [round 12] pick 2/5: O=[N+]([O-])c1c[n+]([O-])cc([N+](=O)[O-])c1O | UCB=3.143 | mu=0.05167 | std=0.9775 | f=0.06248
2025-10-07 19:46:38,715 - INFO - [round 12] pick 3/5: C=C1CC2CCC34CC5OC6C(OC7CCC(CC(=O)CC8C(CC9OC(CCC1O2)CC(C)C9=C)OC(CC(O)COC)C8OC)OC7C6O3)C5O4 | UCB=3.14 | mu=0.05301 | std=0.9761 | f=0.005749
2025-10-07 19:46:38,734 - INFO - [round 12] pick 4/5: Nc1nc[nH]n1 | UCB=3.138 | mu=0.03705 | std=0.9806 | f=0
2025-10-07 19:46:38,753 - INFO - [round 12] pick 5/5: O=P(Cl)(Cl)Cl | UCB=3.135 | mu=0.007705 | std=0.9891 | f=0.002048
2025-10-07 19:46:38,773 - INFO - Round 12 done in 39.75s; train size=75
2025-10-07 19:46:38,773 - INFO - 
--- Round 13 | trial=1 | sqrt_beta=3.1623 (beta=10.0000) | rho=0.70 | train size=75 ---
2025-10-07 19:47:20,577 - INFO - [round 13] pick 1/5: N#CC1CC(F)CN1C(=O)C(N)Cc1cccs1 | UCB=3.139 | mu=0.08303 | std=0.9663 | f=0.1221
2025-10-07 19:47:20,598 - INFO - [round 13] pick 2/5: C=C(Br)COc1noc2c1CNCC2 | UCB=3.138 | mu=0.05379 | std=0.9752 | f=0.08794
2025-10-07 19:47:20,619 - INFO - [round 13] pick 3/5: Oc1cc(O)c(Oc2cc(O)cc(O)c2Oc2cc(O)cc(O)c2-c2c(O)cc(O)cc2O)c(O)c1 | UCB=3.134 | mu=0.04147 | std=0.9781 | f=0.002004
2025-10-07 19:47:20,641 - INFO - [round 13] pick 4/5: O=S1(=O)OCCOS(=O)(=O)C1(F)Br | UCB=3.136 | mu=0.02615 | std=0.9835 | f=0.004116
2025-10-07 19:47:20,663 - INFO - [round 13] pick 5/5: C[Si]1(C)N[Si](C)(C)N[Si](C)(C)N1 | UCB=3.126 | mu=-0.005008 | std=0.9902 | f=0.003205
2025-10-07 19:47:20,686 - INFO - Round 13 done in 41.91s; train size=80
2025-10-07 19:47:20,686 - INFO - 
--- Round 14 | trial=1 | sqrt_beta=3.1623 (beta=10.0000) | rho=0.70 | train size=80 ---
2025-10-07 19:48:03,713 - INFO - [round 14] pick 1/5: Fc1ccc(CN(CCn2cncn2)CCn2cncn2)c(F)c1 | UCB=3.138 | mu=0.08048 | std=0.9668 | f=0.06286
2025-10-07 19:48:03,737 - INFO - [round 14] pick 2/5: C1=CC2C3CNCC3C1C1CC21 | UCB=3.132 | mu=0.03988 | std=0.9779 | f=0.004846
2025-10-07 19:48:03,760 - INFO - [round 14] pick 3/5: CC(C)(C)[Si](C)(C)OC12C#CC=CC#CC(O)C(=CCC1)C2=O | UCB=3.133 | mu=0.04672 | std=0.9761 | f=0.004934
2025-10-07 19:48:03,785 - INFO - [round 14] pick 4/5: C1C[N+]23CCC[N+]2(C1)CCC3 | UCB=3.129 | mu=0.01902 | std=0.9836 | f=0.00492
2025-10-07 19:48:03,810 - INFO - [round 14] pick 5/5: CCCC[n+]1cc([NH-])on1 | UCB=3.133 | mu=0.03736 | std=0.979 | f=0.09344
2025-10-07 19:48:03,835 - INFO - Round 14 done in 43.15s; train size=85
2025-10-07 19:48:03,835 - INFO - 
--- Round 15 | trial=1 | sqrt_beta=3.1623 (beta=10.0000) | rho=0.70 | train size=85 ---
2025-10-07 19:48:51,200 - INFO - [round 15] pick 1/5: C(#Cc1cc(C#CCCC[n+]2cccc3ccccc32)cc(C#CCCC[n+]2cccc3ccccc32)c1)CCC[n+]1cccc2ccccc21 | UCB=3.13 | mu=0.06297 | std=0.97 | f=1.618e-12
2025-10-07 19:48:51,226 - INFO - [round 15] pick 2/5: Cc1cn(C2CC(N=[N+]=[N-])C(OP(=O)(O)OP(=O)(O)OP(=O)(O)O)O2)c(=O)[nH]c1=O | UCB=3.129 | mu=0.06387 | std=0.9694 | f=0.1085
2025-10-07 19:48:51,253 - INFO - [round 15] pick 3/5: CCSC(=N)N | UCB=3.125 | mu=0.01554 | std=0.9833 | f=0.004045
2025-10-07 19:48:51,280 - INFO - [round 15] pick 4/5: O=P1(N(CCCl)CCCl)NCC(OO)CO1 | UCB=3.127 | mu=0.03409 | std=0.9779 | f=0.005337
2025-10-07 19:48:51,308 - INFO - [round 15] pick 5/5: N#CC1(C#N)NC(c2ccsc2)C(C#N)(C#N)NC1c1ccsc1 | UCB=3.128 | mu=0.04881 | std=0.9738 | f=0.1208
2025-10-07 19:48:51,337 - INFO - Round 15 done in 47.50s; train size=90
2025-10-07 19:48:51,337 - INFO - 
--- Round 16 | trial=1 | sqrt_beta=3.1623 (beta=10.0000) | rho=0.70 | train size=90 ---
2025-10-07 19:49:41,530 - INFO - [round 16] pick 1/5: CC=CC=CC(=O)OCC1OC2C(Oc3nc(=N)ccn32)C1OC(=O)C=CC=CC | UCB=3.129 | mu=0.06869 | std=0.9678 | f=0.12
2025-10-07 19:49:41,560 - INFO - [round 16] pick 2/5: N#CCCn1cnc2c(Br)c(Br)c(Br)c(Br)c21 | UCB=3.127 | mu=0.05001 | std=0.973 | f=0.1622
2025-10-07 19:49:41,590 - INFO - [round 16] pick 3/5: C=CC(O)C#CC#CC(O)C(C)O | UCB=3.121 | mu=0.01434 | std=0.9824 | f=0.004096
2025-10-07 19:49:41,621 - INFO - [round 16] pick 4/5: O=NN1CC=CC1 | UCB=3.123 | mu=0.03189 | std=0.9774 | f=0.003927
2025-10-07 19:49:41,653 - INFO - [round 16] pick 5/5: N=C(NN=Cc1c(F)c(F)c(F)c(F)c1F)NN=Cc1c(F)c(F)c(F)c(F)c1F | UCB=3.122 | mu=0.0115 | std=0.9837 | f=0.1162
2025-10-07 19:49:41,685 - INFO - Round 16 done in 50.35s; train size=95
2025-10-07 19:49:41,685 - INFO - 
--- Round 17 | trial=1 | sqrt_beta=3.1623 (beta=10.0000) | rho=0.70 | train size=95 ---
2025-10-07 19:50:34,918 - INFO - [round 17] pick 1/5: OC1=NC(=Cc2cnn3c(=NC4CC4)[nH]c(=NCC(F)F)[nH]c23)C(O)=N1 | UCB=3.129 | mu=0.0612 | std=0.9701 | f=0.2582
2025-10-07 19:50:34,951 - INFO - [round 17] pick 2/5: NC(=O)CCC(N)C(=O)OCC1SC(CC=O)SC1COC(=O)C(N)CCC(N)=O | UCB=3.124 | mu=0.05687 | std=0.9698 | f=0.007333
2025-10-07 19:50:34,985 - INFO - [round 17] pick 3/5: N=C1C(=O)NC(=O)NC1=O | UCB=3.126 | mu=0.04628 | std=0.9738 | f=0.003272
2025-10-07 19:50:35,020 - INFO - [round 17] pick 4/5: CC(=NN=C(S)N(C)C)c1cccc[n+]1[O-] | UCB=3.118 | mu=0.0536 | std=0.9691 | f=0.07879
2025-10-07 19:50:35,055 - INFO - [round 17] pick 5/5: N#CC(C#N)=CN1CCNC1=S | UCB=3.121 | mu=0.03361 | std=0.9763 | f=0.003663
2025-10-07 19:50:35,091 - INFO - Round 17 done in 53.41s; train size=100
2025-10-07 19:50:35,091 - INFO - 
--- Round 18 | trial=1 | sqrt_beta=3.1623 (beta=10.0000) | rho=0.70 | train size=100 ---
2025-10-07 19:51:28,009 - INFO - [round 18] pick 1/5: ON=C(O)CCCCN=C(O)c1nc(-c2nc(C3CC3)cs2)sc1C1CC1 | UCB=3.132 | mu=0.08456 | std=0.9638 | f=0.3371
2025-10-07 19:51:28,046 - INFO - [round 18] pick 2/5: Cn1c(COP(=O)(NCCBr)NCCBr)cnc1[N+](=O)[O-] | UCB=3.126 | mu=0.0627 | std=0.9687 | f=0.1012
2025-10-07 19:51:28,084 - INFO - [round 18] pick 3/5: NC1CN(c2cc(N3CCC(F)(F)C3)ncn2)CC1N1CC(F)(F)CCC1=O | UCB=3.127 | mu=0.0802 | std=0.9636 | f=0.09867
2025-10-07 19:51:28,122 - INFO - [round 18] pick 4/5: CC(C)SSSSC(C)C | UCB=3.112 | mu=-0.001313 | std=0.9844 | f=0.004703
2025-10-07 19:51:28,161 - INFO - [round 18] pick 5/5: Nc1ccc(C=CC=CC=Cc2ccc(N)cc2)cc1 | UCB=3.116 | mu=0.06645 | std=0.9644 | f=0
2025-10-07 19:51:28,201 - INFO - Round 18 done in 53.11s; train size=105
2025-10-07 19:51:28,201 - INFO - 
--- Round 19 | trial=1 | sqrt_beta=3.1623 (beta=10.0000) | rho=0.70 | train size=105 ---
2025-10-07 19:52:25,546 - INFO - [round 19] pick 1/5: c1nncc2c1CC1CCC2N1 | UCB=3.136 | mu=0.08126 | std=0.9659 | f=0.09733
2025-10-07 19:52:25,587 - INFO - [round 19] pick 2/5: OCCN1CN(c2nc(N3CN(CCO)C3)nc(N3CN(CCO)C3)n2)C1 | UCB=3.132 | mu=0.08227 | std=0.9644 | f=0.09976
2025-10-07 19:52:25,628 - INFO - [round 19] pick 3/5: CC(C)C1NC(=O)c2coc(n2)-c2coc(n2)-c2coc(n2)C(CCCN)NC(=O)c2coc(n2)-c2coc(n2)-c2coc1n2 | UCB=3.128 | mu=0.05693 | std=0.9713 | f=2.708e-08
2025-10-07 19:52:25,670 - INFO - [round 19] pick 4/5: CSC(S)=NCCCC[S+](C)[O-] | UCB=3.119 | mu=0.04 | std=0.9738 | f=0.004555
2025-10-07 19:52:25,713 - INFO - [round 19] pick 5/5: S=c1sc2cscc2s1 | UCB=3.122 | mu=0.04852 | std=0.9719 | f=0
2025-10-07 19:52:25,757 - INFO - Round 19 done in 57.56s; train size=110
2025-10-07 19:52:25,757 - INFO - 
--- Round 20 | trial=1 | sqrt_beta=3.1623 (beta=10.0000) | rho=0.70 | train size=110 ---
2025-10-07 19:53:25,227 - INFO - [round 20] pick 1/5: CN1C2COCC1CC(N=C(O)c1cn(CC(F)F)c3ncc(F)cc13)C2 | UCB=3.132 | mu=0.1107 | std=0.9554 | f=0.3371
2025-10-07 19:53:25,273 - INFO - [round 20] pick 2/5: C#CCON=C1CN2CCC1C2 | UCB=3.128 | mu=0.06097 | std=0.97 | f=0.005579
2025-10-07 19:53:25,318 - INFO - [round 20] pick 3/5: Cc1[nH]cnc1CSCCNC(=NC#N)NCCCCCCCCNC(=NC#N)NCCSCc1nc[nH]c1C | UCB=3.124 | mu=0.06894 | std=0.966 | f=0.2114
2025-10-07 19:53:25,365 - INFO - [round 20] pick 4/5: Nc1nc2nc(O)nc(O)c2s1 | UCB=3.117 | mu=0.07079 | std=0.9632 | f=0.09853
2025-10-07 19:53:25,412 - INFO - [round 20] pick 5/5: CC(=O)OC1CCC2(C)C(CCC3(C)C2C(=O)C=C2C4CC(C)(C(=O)NC5CC(C)(C)N([O])C(C)(C)C5)CCC4(C)CCC23C)C1(C)C | UCB=3.118 | mu=0.05827 | std=0.9676 | f=0.006621
2025-10-07 19:53:25,461 - INFO - Round 20 done in 59.70s; train size=115
2025-10-07 19:53:25,461 - INFO - 
--- Round 21 | trial=1 | sqrt_beta=3.1623 (beta=10.0000) | rho=0.70 | train size=115 ---
2025-10-07 19:54:25,981 - INFO - [round 21] pick 1/5: N=C(O)c1nn(CC(=O)N2C(C(O)=NCCC(F)(F)F)CC3CC32)c2cnccc12 | UCB=3.139 | mu=0.1329 | std=0.9508 | f=0.4082
2025-10-07 19:54:26,031 - INFO - [round 21] pick 2/5: CC1NC(NCC(F)F)=Nc2c(Cl)ccc(Cl)c21 | UCB=3.13 | mu=0.09024 | std=0.9613 | f=0.07671
2025-10-07 19:54:26,081 - INFO - [round 21] pick 3/5: CC1(O)C(O)C(CSSCC2OC(n3cnc4c(N)ncnc43)C(C)(O)C2O)OC1n1cnc2c(N)ncnc21 | UCB=3.129 | mu=0.1086 | std=0.955 | f=0.004166
2025-10-07 19:54:26,132 - INFO - [round 21] pick 4/5: COP1OCC2CCCC2O1 | UCB=3.114 | mu=0.04498 | std=0.9705 | f=0.006961
2025-10-07 19:54:26,184 - INFO - [round 21] pick 5/5: NC(CCSCCSCCC(N)=NO)=NO | UCB=3.116 | mu=0.05157 | std=0.969 | f=0.004297
2025-10-07 19:54:26,237 - INFO - Round 21 done in 60.78s; train size=120
2025-10-07 19:54:26,237 - INFO - 
--- Round 22 | trial=1 | sqrt_beta=3.1623 (beta=10.0000) | rho=0.70 | train size=120 ---
2025-10-07 19:55:29,183 - INFO - [round 22] pick 1/5: [C-]#[N+]C1CC(OCC2CC2)CCC1n1cc(C(=N)O)c(=Nc2ccnc(F)c2)[nH]1 | UCB=3.139 | mu=0.1399 | std=0.9483 | f=0.3651
2025-10-07 19:55:29,238 - INFO - [round 22] pick 2/5: Cn1nnnc1SCC1=C(C(=O)O)N2C(=O)C(NC(=O)C[S+](O)CC(F)(F)F)C2SC1 | UCB=3.138 | mu=0.1298 | std=0.9512 | f=0.1333
2025-10-07 19:55:29,293 - INFO - [round 22] pick 3/5: N#CC(C#N)(CCC(F)=C(F)F)Cc1nccs1 | UCB=3.132 | mu=0.08691 | std=0.9631 | f=0.07671
2025-10-07 19:55:29,349 - INFO - [round 22] pick 4/5: ONN=Cc1cc2c(cc1Br)OCO2 | UCB=3.123 | mu=0.07267 | std=0.9647 | f=0.06131
2025-10-07 19:55:29,529 - INFO - [round 22] pick 5/5: CC1CN1CC(O)CC1CC1COC(COC(CO)CO)COC(CO)CO | UCB=3.118 | mu=0.06347 | std=0.966 | f=0.006151
2025-10-07 19:55:29,588 - INFO - Round 22 done in 63.35s; train size=125
2025-10-07 19:55:29,588 - INFO - 
--- Round 23 | trial=1 | sqrt_beta=3.1623 (beta=10.0000) | rho=0.70 | train size=125 ---
2025-10-07 19:56:38,269 - INFO - [round 23] pick 1/5: N=C(O)c1cccc2c(=NCC3CC=CC(=NC(O)c4cc[nH]n4)C3)[nH]cnc12 | UCB=3.146 | mu=0.1475 | std=0.9483 | f=0.08582
2025-10-07 19:56:38,329 - INFO - [round 23] pick 2/5: Cc1noc(C)c1Cn1cc(N=C(O)CC2C3CC4CC(C3)CC2C4)cn1 | UCB=3.137 | mu=0.1427 | std=0.9469 | f=0.3707
2025-10-07 19:56:38,389 - INFO - [round 23] pick 3/5: Fc1cc(F)c(F)c(S)c1F | UCB=3.121 | mu=0.07046 | std=0.9646 | f=0
2025-10-07 19:56:38,450 - INFO - [round 23] pick 4/5: CC(C)(O)C(C)(C)OB(OC(C)(C)C(C)(C)O)c1ccncc1Br | UCB=3.119 | mu=0.06193 | std=0.9666 | f=0.07299
2025-10-07 19:56:38,512 - INFO - [round 23] pick 5/5: O=S(=O)(NS(=O)(=O)N1CCc2c(Cl)c(Cl)c(Cl)c(Cl)c2C1)N1CCc2c(Cl)c(Cl)c(Cl)c(Cl)c2C1 | UCB=3.114 | mu=0.04588 | std=0.9704 | f=0.2548
2025-10-07 19:56:38,575 - INFO - Round 23 done in 68.99s; train size=130
2025-10-07 19:56:38,576 - INFO - 
--- Round 24 | trial=1 | sqrt_beta=3.1623 (beta=10.0000) | rho=0.70 | train size=130 ---
2025-10-07 19:57:47,981 - INFO - [round 24] pick 1/5: Clc1ccc(C2CC3CCC2N3CCN2C3CCC2C(c2ccc(Cl)nc2)C3)cn1 | UCB=3.142 | mu=0.1601 | std=0.943 | f=0.3227
2025-10-07 19:57:48,045 - INFO - [round 24] pick 2/5: CC1CC2CSC(=N)NC2(c2nc(N=C(O)c3coc(C(F)F)n3)cs2)CO1 | UCB=3.14 | mu=0.1332 | std=0.9508 | f=0.2813
2025-10-07 19:57:48,111 - INFO - [round 24] pick 3/5: CCC1CN2C(C)=Nc3c(C)nn(C)c3C2=N1 | UCB=3.13 | mu=0.09197 | std=0.9607 | f=0.09921
2025-10-07 19:57:48,177 - INFO - [round 24] pick 4/5: N=C(O)N=C(O)C=Cc1ccco1 | UCB=3.124 | mu=0.08783 | std=0.96 | f=0.0725
2025-10-07 19:57:48,245 - INFO - [round 24] pick 5/5: S=C(NNC(=S)NC1CC2C=CC1C2)NC1CC2C=CC1C2 | UCB=3.129 | mu=0.07451 | std=0.9659 | f=0.005455
2025-10-07 19:57:48,313 - INFO - Round 24 done in 69.74s; train size=135
2025-10-07 19:57:48,313 - INFO - 
--- Round 25 | trial=1 | sqrt_beta=3.1623 (beta=10.0000) | rho=0.70 | train size=135 ---
2025-10-07 19:59:01,595 - INFO - [round 25] pick 1/5: Nc1nn2cccnc2c1C(O)=Nc1cn(CC(=O)N2CC3CN(CC4CC4)CC3C2)nc1-c1cc(Cl)ccc1OC(F)F | UCB=3.148 | mu=0.1716 | std=0.9413 | f=0.006513
2025-10-07 19:59:01,665 - INFO - [round 25] pick 2/5: N=C1N=C(S)C2N=CN(C3CC(O)C(CO)O3)C2=N1 | UCB=3.135 | mu=0.1205 | std=0.9533 | f=0.00481
2025-10-07 19:59:01,736 - INFO - [round 25] pick 3/5: Cc1nc(C#CC2=CC(=NOCCOCCF)CCC2)cs1 | UCB=3.135 | mu=0.1076 | std=0.9574 | f=0.09832
2025-10-07 19:59:01,807 - INFO - [round 25] pick 4/5: CCCCCCCCC1CC2CCC3C(C(=O)OC(C)CCCCCCCC4CC5CCC6CC(C)NC(=N4)N56)C(C)N=C(N1)N23 | UCB=3.135 | mu=0.1243 | std=0.9521 | f=0.007305
2025-10-07 19:59:01,881 - INFO - [round 25] pick 5/5: [O-]N=Nc1ccc(Sc2ccc(N=NO)cn2)nc1 | UCB=3.136 | mu=0.1211 | std=0.9536 | f=0.08944
2025-10-07 19:59:01,955 - INFO - Round 25 done in 73.64s; train size=140
2025-10-07 19:59:01,955 - INFO - 
--- Round 26 | trial=1 | sqrt_beta=3.1623 (beta=10.0000) | rho=0.70 | train size=140 ---
2025-10-07 20:00:17,803 - INFO - [round 26] pick 1/5: CN=c1[nH]c(Nc2cnn3c2C2(COC2)OCC3)ncc1C(F)(F)F | UCB=3.135 | mu=0.1361 | std=0.9484 | f=0.2286
2025-10-07 20:00:17,880 - INFO - [round 26] pick 2/5: O=C(O)C1=CSC2C(=Cc3cc4n(n3)CSC4)C(=O)N12 | UCB=3.134 | mu=0.1188 | std=0.9534 | f=0.1071
2025-10-07 20:00:17,957 - INFO - [round 26] pick 3/5: ClC1=C(Cl)C2(Cl)C3C4CC(N=N4)C3C1(Cl)C2(Cl)Cl | UCB=3.12 | mu=0.06979 | std=0.9646 | f=0.003836
2025-10-07 20:00:18,035 - INFO - [round 26] pick 4/5: Cc1nc(C[P+](c2cccs2)(c2cccs2)c2cccs2)c(C[P+](c2cccs2)(c2cccs2)c2cccs2)c(CO)c1O | UCB=3.113 | mu=0.0842 | std=0.9578 | f=2.224e-12
2025-10-07 20:00:18,115 - INFO - [round 26] pick 5/5: CC(C=CC1=C(C)CCCC1(C)C)=CC=CC(C)=CC=NNC(=S)NC(=S)NN=CC=C(C)C=CC=C(C)C=CC1=C(C)CCCC1(C)C | UCB=3.111 | mu=0.04517 | std=0.9695 | f=0.004946
2025-10-07 20:00:18,195 - INFO - Round 26 done in 76.24s; train size=145
2025-10-07 20:00:18,195 - INFO - 
--- Round 27 | trial=1 | sqrt_beta=3.1623 (beta=10.0000) | rho=0.70 | train size=145 ---
2025-10-07 20:01:34,490 - INFO - [round 27] pick 1/5: CS(=O)(=O)CCCc1cncc(-c2cnc3c(c2)CCCN3C(=N)O)c1 | UCB=3.133 | mu=0.1535 | std=0.9424 | f=0.3282
2025-10-07 20:01:34,572 - INFO - [round 27] pick 2/5: N#CC=CC1CCC(c2nnn3cnc4[nH]ccc4c23)CC1 | UCB=3.133 | mu=0.1362 | std=0.9477 | f=0.09793
2025-10-07 20:01:34,654 - INFO - [round 27] pick 3/5: OC(C1CCCC1=NN=C1CCCC1C(O)(C(F)(F)Cl)C(F)(F)Cl)(C(F)(F)Cl)C(F)(F)Cl | UCB=3.117 | mu=0.08165 | std=0.9599 | f=0.005343
2025-10-07 20:01:34,738 - INFO - [round 27] pick 4/5: Cc1c(C=NNC(=O)c2no[n+]([O-])c2C)no[n+]1[O-] | UCB=3.117 | mu=0.0963 | std=0.9551 | f=0.2265
2025-10-07 20:01:34,822 - INFO - [round 27] pick 5/5: NCCC1CN=CN1 | UCB=3.108 | mu=0.03796 | std=0.9708 | f=0.003861
2025-10-07 20:01:34,908 - INFO - Round 27 done in 76.71s; train size=150
2025-10-07 20:01:34,908 - INFO - 
--- Round 28 | trial=1 | sqrt_beta=3.1623 (beta=10.0000) | rho=0.70 | train size=150 ---
2025-10-07 20:02:55,361 - INFO - [round 28] pick 1/5: C=CCNC(=O)c1cnc2c(cnn2CCC=CC)c1N | UCB=3.137 | mu=0.1403 | std=0.9476 | f=0.2727
2025-10-07 20:02:55,449 - INFO - [round 28] pick 2/5: Cc1cc(C(C)(O)C#Cc2ccc3c(c2)-c2nc(C(=N)O)c(C(O)=NC4CCOC4)n2CCO3)no1 | UCB=3.128 | mu=0.1559 | std=0.94 | f=0.1092
2025-10-07 20:02:55,537 - INFO - [round 28] pick 3/5: c1cn(CC2(Cn3ccnc3)COC2)cn1 | UCB=3.126 | mu=0.091 | std=0.9599 | f=0.2104
2025-10-07 20:02:55,627 - INFO - [round 28] pick 4/5: O=C(O)c1[nH]nc2c1SCC2 | UCB=3.12 | mu=0.09787 | std=0.9557 | f=0.09986
2025-10-07 20:02:55,718 - INFO - [round 28] pick 5/5: O=C1OCC2CC(Br)C(Br)CC12 | UCB=3.107 | mu=0.06113 | std=0.9633 | f=0.005637
2025-10-07 20:02:55,810 - INFO - Round 28 done in 80.90s; train size=155
2025-10-07 20:02:55,810 - INFO - 
--- Round 29 | trial=1 | sqrt_beta=3.1623 (beta=10.0000) | rho=0.70 | train size=155 ---
2025-10-07 20:04:16,757 - INFO - [round 29] pick 1/5: O=C(c1ccc(Cn2cc([N+](=O)[O-])cn2)o1)N1N=C(C(F)F)CC1(O)C(F)F | UCB=3.14 | mu=0.1553 | std=0.9438 | f=0.2702
2025-10-07 20:04:16,852 - INFO - [round 29] pick 2/5: CCNC(=NS(=O)(=O)c1c(Cl)nc2sccn12)N1CC(CC)C=N1 | UCB=3.138 | mu=0.132 | std=0.9506 | f=0.3225
2025-10-07 20:04:16,949 - INFO - [round 29] pick 3/5: C=Cc1cncc(C#N)c1CCc1c(C#N)cncc1C=C | UCB=3.13 | mu=0.1155 | std=0.9532 | f=0.1236
2025-10-07 20:04:17,047 - INFO - [round 29] pick 4/5: CN1CCc2c(sc3ncn(N)c(=N)c23)C1 | UCB=3.128 | mu=0.1211 | std=0.9508 | f=0.2122
2025-10-07 20:04:17,145 - INFO - [round 29] pick 5/5: C1CN2CCO[SiH](O1)OCC2 | UCB=3.101 | mu=0.0428 | std=0.967 | f=0.004532
2025-10-07 20:04:17,245 - INFO - Round 29 done in 81.44s; train size=160
2025-10-07 20:04:17,245 - INFO - 
--- Round 30 | trial=1 | sqrt_beta=3.1623 (beta=10.0000) | rho=0.70 | train size=160 ---
2025-10-07 20:05:41,123 - INFO - [round 30] pick 1/5: CN(Cc1cnn(C)c1)C(=O)NCc1nnc2n1CCC2 | UCB=3.141 | mu=0.1652 | std=0.9411 | f=0.3319
2025-10-07 20:05:41,223 - INFO - [round 30] pick 2/5: CC(O)=Nc1cc(S(=O)(=O)O)cc(NC(O)=NCC(N)C(=O)O)c1O | UCB=3.132 | mu=0.1431 | std=0.9451 | f=0.1196
2025-10-07 20:05:41,324 - INFO - [round 30] pick 3/5: C[n+]1ccn(CCF)c1C=NO | UCB=3.123 | mu=0.09211 | std=0.9584 | f=0.08267
2025-10-07 20:05:41,426 - INFO - [round 30] pick 4/5: C1=CC=C2NCCCN=C3C=CC=CC=C3NCCCN=C2C=C1 | UCB=3.116 | mu=0.08209 | std=0.9595 | f=0.004155
2025-10-07 20:05:41,530 - INFO - [round 30] pick 5/5: Cc1nnsc1C1=NNC2SC(CCl)=NN12 | UCB=3.12 | mu=0.08503 | std=0.9598 | f=0.06921
2025-10-07 20:05:41,634 - INFO - Round 30 done in 84.39s; train size=165
2025-10-07 20:05:41,635 - INFO - 
--- Round 31 | trial=1 | sqrt_beta=3.1623 (beta=10.0000) | rho=0.70 | train size=165 ---
2025-10-07 20:07:07,137 - INFO - [round 31] pick 1/5: CCOCn1cc(C(=N)S)c2cncnc21 | UCB=3.143 | mu=0.1733 | std=0.939 | f=0.2722
2025-10-07 20:07:07,245 - INFO - [round 31] pick 2/5: CCC(=O)N1CCN(C(=O)c2cn3ccsc3n2)C2CS(=O)(=O)CC21 | UCB=3.139 | mu=0.1613 | std=0.9415 | f=0.3825
2025-10-07 20:07:07,353 - INFO - [round 31] pick 3/5: CN(C)CCNc1n[n+]([O-])c2cc3c(cc2[n+]1[O-])CCO3 | UCB=3.124 | mu=0.1114 | std=0.9527 | f=0.2386
2025-10-07 20:07:07,461 - INFO - [round 31] pick 4/5: O=C(CC1(O)C2C3CC4C5C3C1C5C(O)(CC(=O)NC(Cc1c[nH]cn1)C(=O)O)C42)NC(Cc1c[nH]cn1)C(=O)O | UCB=3.122 | mu=0.1333 | std=0.9452 | f=0.3756
2025-10-07 20:07:07,572 - INFO - [round 31] pick 5/5: CS(=O)(Cc1sc(Br)nc1C(F)(F)F)=NC#N | UCB=3.113 | mu=0.09223 | std=0.9552 | f=0.06021
2025-10-07 20:07:07,684 - INFO - Round 31 done in 86.05s; train size=170
2025-10-07 20:07:07,684 - INFO - 
--- Round 32 | trial=1 | sqrt_beta=3.1623 (beta=10.0000) | rho=0.70 | train size=170 ---
2025-10-07 20:08:37,022 - INFO - [round 32] pick 1/5: Cc1cnn(CC2CCCN2C(=O)CCc2cscn2)c1 | UCB=3.154 | mu=0.2097 | std=0.9311 | f=0.3444
2025-10-07 20:08:37,136 - INFO - [round 32] pick 2/5: O=C1C=CC2(C=C1Br)CC(C(=O)NCCSSCCNC(=O)C1=NOC3(C=CC(=O)C(Br)=C3)C1)=NO2 | UCB=3.137 | mu=0.1208 | std=0.9539 | f=0.005221
2025-10-07 20:08:37,254 - INFO - [round 32] pick 3/5: Cn1cc(CN=c2[nH][nH]c(=Nc3cc(Cl)cc(Cl)c3)[nH]2)cn1 | UCB=3.135 | mu=0.1402 | std=0.9471 | f=0.05567
2025-10-07 20:08:37,371 - INFO - [round 32] pick 4/5: CCNC1C2C3CC4C5CC(C42)C1(CC)C53 | UCB=3.111 | mu=0.08193 | std=0.958 | f=0.006476
2025-10-07 20:08:37,490 - INFO - [round 32] pick 5/5: [O-][n+]1onc2c1CCC1N(O)CCC21O | UCB=3.121 | mu=0.109 | std=0.9524 | f=0.1015
2025-10-07 20:08:37,609 - INFO - Round 32 done in 89.92s; train size=175
2025-10-07 20:08:37,609 - INFO - 
--- Round 33 | trial=1 | sqrt_beta=3.1623 (beta=10.0000) | rho=0.70 | train size=175 ---
2025-10-07 20:10:13,694 - INFO - [round 33] pick 1/5: CCn1cncc1CN1CCc2nc3sccc3c(=O)n2CC1 | UCB=3.149 | mu=0.2014 | std=0.9322 | f=0.1028
2025-10-07 20:10:13,815 - INFO - [round 33] pick 2/5: COCCCN1CC(C)N(C(=O)N2Cc3c([nH][nH]c3=NC(=O)c3cnccn3)C2(C)C)CC1C | UCB=3.148 | mu=0.1751 | std=0.9402 | f=0.3595
2025-10-07 20:10:13,938 - INFO - [round 33] pick 3/5: O=C(CNc1nncs1)Nc1nncs1 | UCB=3.127 | mu=0.1129 | std=0.953 | f=0.2132
2025-10-07 20:10:14,062 - INFO - [round 33] pick 4/5: Cn1cc[n+](S(=O)(=O)NCCCCc2c[nH]cn2)c1 | UCB=3.133 | mu=0.1411 | std=0.9461 | f=0.2615
2025-10-07 20:10:14,187 - INFO - [round 33] pick 5/5: CC(=O)NC(CC(=O)O)C(=O)NC(CC(=O)O)C(=O)NC(C)C(=O)NC(C(=O)N1CCCC1C(=O)NC(CS)C(=O)O)C(C)C | UCB=3.115 | mu=0.1248 | std=0.9455 | f=0.008269
2025-10-07 20:10:14,315 - INFO - Round 33 done in 96.71s; train size=180
2025-10-07 20:10:14,315 - INFO - 
--- Round 34 | trial=1 | sqrt_beta=3.1623 (beta=10.0000) | rho=0.70 | train size=180 ---
2025-10-07 20:11:50,015 - INFO - [round 34] pick 1/5: COCc1nnn2c1CN(C(=O)c1c[nH]cn1)CCC2 | UCB=3.147 | mu=0.196 | std=0.9332 | f=0.3203
2025-10-07 20:11:50,144 - INFO - [round 34] pick 2/5: C=CCc1cnc(CCC)n1CCCn1ccnc1CCC | UCB=3.144 | mu=0.1703 | std=0.9403 | f=0.2683
2025-10-07 20:11:50,275 - INFO - [round 34] pick 3/5: CCOC(=O)CC1=NC(=NC(=N)N[N+](=O)[O-])SC1 | UCB=3.133 | mu=0.1271 | std=0.9506 | f=0.006923
2025-10-07 20:11:50,407 - INFO - [round 34] pick 4/5: CC1(C)COP(=O)(C(CCC(=O)c2ccoc2)P2(=O)OCC(C)(C)CO2)OC1 | UCB=3.123 | mu=0.1037 | std=0.9548 | f=0.1281
2025-10-07 20:11:50,541 - INFO - [round 34] pick 5/5: COc1c(C)c(OC)c(OC)c2c1C=C1C3c4c(c(OC)c(C)c(OC)c4OC)CC(C(C#N)N1C2CN1C(C#N)c2ccccc2C1C#N)N3C | UCB=3.106 | mu=0.06693 | std=0.961 | f=0.08543
2025-10-07 20:11:50,676 - INFO - Round 34 done in 96.36s; train size=185
2025-10-07 20:11:50,676 - INFO - 
--- Round 35 | trial=1 | sqrt_beta=3.1623 (beta=10.0000) | rho=0.70 | train size=185 ---
2025-10-07 20:13:27,527 - INFO - [round 35] pick 1/5: COc1cncc(N2CCc3nc(NC(=O)NCCc4cn(CC(F)F)cn4)sc3C2)n1 | UCB=3.149 | mu=0.2092 | std=0.9297 | f=0.1128
2025-10-07 20:13:27,665 - INFO - [round 35] pick 2/5: CCS(=O)(=O)N1Cc2c(Cn3cccc3)nn(C(C)C)c2C1 | UCB=3.144 | mu=0.1753 | std=0.9388 | f=0.3305
2025-10-07 20:13:27,806 - INFO - [round 35] pick 3/5: CN=C(S)C1(c2ccns2)CCCC[S+]1[O-] | UCB=3.124 | mu=0.09481 | std=0.9578 | f=0.1001
2025-10-07 20:13:27,948 - INFO - [round 35] pick 4/5: COCCCOCCCn1cc(CNC2C(O)C(O)C(O)C(O)C2O)nn1 | UCB=3.123 | mu=0.1204 | std=0.9495 | f=0.105
2025-10-07 20:13:28,212 - INFO - [round 35] pick 5/5: NC1=NC(OCc2cncs2)c2[nH]cnc2N1 | UCB=3.135 | mu=0.1403 | std=0.9471 | f=0.1594
2025-10-07 20:13:28,356 - INFO - Round 35 done in 97.68s; train size=190
2025-10-07 20:13:28,356 - INFO - 
--- Round 36 | trial=1 | sqrt_beta=3.1623 (beta=10.0000) | rho=0.70 | train size=190 ---
2025-10-07 20:15:12,121 - INFO - [round 36] pick 1/5: O=C(CO)N1CCc2onc(Cn3cccn3)c2C1 | UCB=3.148 | mu=0.235 | std=0.9211 | f=0.2936
2025-10-07 20:15:12,275 - INFO - [round 36] pick 2/5: CC(C)CCNc1ncnc2[nH]ncc12 | UCB=3.136 | mu=0.1504 | std=0.9442 | f=0.2747
2025-10-07 20:15:12,424 - INFO - [round 36] pick 3/5: O=C(OC1C#CCSCC#CC=C1)c1cnc2ccccc2n1 | UCB=3.131 | mu=0.1354 | std=0.9472 | f=0.2303
2025-10-07 20:15:12,574 - INFO - [round 36] pick 4/5: CCC(=O)N1C2C3N(C(=O)CC)C1C1N(C(=O)CC)C(C(N1C(=O)CC)N3C(=O)CC)N2C(=O)CC | UCB=3.106 | mu=0.0801 | std=0.957 | f=0.007134
2025-10-07 20:15:12,726 - INFO - [round 36] pick 5/5: CC(C)(C)n1cc2c(c1)SSc1cn(C(C)(C)C)cc1SS2 | UCB=3.116 | mu=0.08702 | std=0.9579 | f=0.1775
2025-10-07 20:15:12,878 - INFO - Round 36 done in 104.52s; train size=195
2025-10-07 20:15:12,878 - INFO - 
--- Round 37 | trial=1 | sqrt_beta=3.1623 (beta=10.0000) | rho=0.70 | train size=195 ---
2025-10-07 20:16:57,143 - INFO - [round 37] pick 1/5: FCCc1cnc2c(N3CCNCC3)nccn12 | UCB=3.149 | mu=0.2187 | std=0.9267 | f=0.2446
2025-10-07 20:16:57,295 - INFO - [round 37] pick 2/5: CC(O)C1C(=O)N2C(C(=O)[O-])=C(SC3Cn4cnc[n+]4C3)C(C)C12 | UCB=3.136 | mu=0.1455 | std=0.9456 | f=0.129
2025-10-07 20:16:57,451 - INFO - [round 37] pick 3/5: CN(C)Cc1nonc1C#N | UCB=3.12 | mu=0.08778 | std=0.9588 | f=0.06437
2025-10-07 20:16:57,608 - INFO - [round 37] pick 4/5: O=C(CCCCc1cn(Cc2ccccc2Cn2cc(CCCCC(=O)NO)nn2)nn1)NO | UCB=3.122 | mu=0.1782 | std=0.931 | f=0.1017
2025-10-07 20:16:57,766 - INFO - [round 37] pick 5/5: Cc1nc(C)c(COC(=O)c2cc(OCc3nc(C)c(C)nc3C)c(OCc3nc(C)c(C)nc3C)c(OCc3nc(C)c(C)nc3C)c2)nc1C | UCB=3.109 | mu=0.0552 | std=0.9658 | f=2.873e-05
2025-10-07 20:16:57,926 - INFO - Round 37 done in 105.05s; train size=200
2025-10-07 20:16:57,926 - INFO - 
--- Round 38 | trial=1 | sqrt_beta=3.1623 (beta=10.0000) | rho=0.70 | train size=200 ---
2025-10-07 20:18:42,470 - INFO - [round 38] pick 1/5: Cn1cc(C(=O)N2CCC3C2CCN3c2ncc(F)cn2)cn1 | UCB=3.145 | mu=0.2469 | std=0.9166 | f=0.3374
2025-10-07 20:18:42,632 - INFO - [round 38] pick 2/5: CC(C)CNCC1COCc2nc3cccnc3n21 | UCB=3.145 | mu=0.1828 | std=0.9366 | f=0.3093
2025-10-07 20:18:42,796 - INFO - [round 38] pick 3/5: O=CC(CO)OC(C=O)n1cnc2c(=O)nc[nH]c21 | UCB=3.13 | mu=0.1405 | std=0.9454 | f=0.2798
2025-10-07 20:18:42,961 - INFO - [round 38] pick 4/5: C=COCC[N+](C)(C)C | UCB=3.097 | mu=0.03354 | std=0.9687 | f=0.004783
2025-10-07 20:18:43,127 - INFO - [round 38] pick 5/5: CC(C)=NNC1=C2C(=S)NN=C2CC(C)(C)C1 | UCB=3.113 | mu=0.08745 | std=0.9567 | f=0.00462
2025-10-07 20:18:43,296 - INFO - Round 38 done in 105.37s; train size=205
2025-10-07 20:18:43,296 - INFO - 
--- Round 39 | trial=1 | sqrt_beta=3.1623 (beta=10.0000) | rho=0.70 | train size=205 ---
2025-10-07 20:20:29,550 - INFO - [round 39] pick 1/5: CCc1ccc(S(=O)(=O)N2CCCn3ncnc32)s1 | UCB=3.148 | mu=0.2269 | std=0.9238 | f=0.2949
2025-10-07 20:20:29,721 - INFO - [round 39] pick 2/5: CSCCC(CO)n1ccnc1-c1nccn1C | UCB=3.141 | mu=0.1861 | std=0.9343 | f=0.2822
2025-10-07 20:20:29,893 - INFO - [round 39] pick 3/5: CSc1ncc(Cl)c(C(=O)NC2CCS(=O)(=O)C2)n1 | UCB=3.144 | mu=0.1727 | std=0.9395 | f=0.121
2025-10-07 20:20:30,189 - INFO - [round 39] pick 4/5: CC(C)C12OC1C1OC13C1(C)CCC4=C(COC4=O)C1CC1OC13C2OC(=S)n1ccnc1 | UCB=3.123 | mu=0.1257 | std=0.9477 | f=0.1247
2025-10-07 20:20:30,365 - INFO - [round 39] pick 5/5: CCC=CC#CC=CC#CCCCC(=O)O | UCB=3.095 | mu=0.05831 | std=0.9604 | f=0.005626
2025-10-07 20:20:30,542 - INFO - Round 39 done in 107.25s; train size=210
