2025-10-13 17:07:39,785 - INFO - 
--- Round 0 | trial=5 | sqrt_beta=1.4142 (beta=2.0000) | rho=0.80 | train size=10 ---
2025-10-13 17:07:50,731 - INFO - [round 0] pick 1/5: CCN(CC)CCOCC=Cc1ccccc1 | UCB=1.514 | mu=0.1614 | std=0.9567 | f=0.008191
2025-10-13 17:07:50,732 - INFO - [round 0] pick 2/5: Cc1nc(Nc2ccc(Cl)cc2)c2oc3ccccc3c2n1 | UCB=1.506 | mu=0.1678 | std=0.9463 | f=0.1496
2025-10-13 17:07:50,733 - INFO - [round 0] pick 3/5: CCOC(=O)c1sc(NC(=O)C(C)N(CC)CC)nc1C | UCB=1.493 | mu=0.1105 | std=0.9779 | f=0.008375
2025-10-13 17:07:50,734 - INFO - [round 0] pick 4/5: O=C1NC(NCCO)=NC1=Cc1c[nH]c2ncccc12 | UCB=1.492 | mu=0.1267 | std=0.9656 | f=0.3796
2025-10-13 17:07:50,735 - INFO - [round 0] pick 5/5: CCCCCCCCCCCCCCCCOP(=O)(O)Oc1ccc(C=Cc2ccc(OP(=O)(O)OCCCCCCCCCCCCCCCC)cc2)cc1 | UCB=1.482 | mu=0.08989 | std=0.9847 | f=0.12
2025-10-13 17:07:50,736 - INFO - Round 0 done in 10.95s; train size=15
2025-10-13 17:07:50,736 - INFO - 
--- Round 1 | trial=5 | sqrt_beta=1.4142 (beta=2.0000) | rho=0.80 | train size=15 ---
2025-10-13 17:08:03,990 - INFO - [round 1] pick 1/5: OCCNc1ccnc2cc(Cl)ccc12 | UCB=1.506 | mu=0.1733 | std=0.942 | f=0.1337
2025-10-13 17:08:03,991 - INFO - [round 1] pick 2/5: N#CCCN(CCC#N)c1ccc(C=C2N=C(c3ccccc3)N(c3ccccn3)C2=O)cc1 | UCB=1.498 | mu=0.1563 | std=0.9485 | f=0.1354
2025-10-13 17:08:03,993 - INFO - [round 1] pick 3/5: CC(=O)Nc1nc(O)c2nc(-c3c[nH]c4cccc(Br)c34)[nH]c2n1 | UCB=1.492 | mu=0.132 | std=0.9617 | f=0.1385
2025-10-13 17:08:03,994 - INFO - [round 1] pick 4/5: CCn1c(C)nnc1SCCNc1nc(C)nc2c1cnn2C | UCB=1.486 | mu=0.1251 | std=0.9625 | f=0.3437
2025-10-13 17:08:03,996 - INFO - [round 1] pick 5/5: O=C1NC(=NN=CC(O)C(O)C(O)C(O)CO)NC1=Cc1ccco1 | UCB=1.48 | mu=0.09165 | std=0.9817 | f=0.115
2025-10-13 17:08:03,998 - INFO - Round 1 done in 13.26s; train size=20
2025-10-13 17:08:03,998 - INFO - 
--- Round 2 | trial=5 | sqrt_beta=1.4142 (beta=2.0000) | rho=0.80 | train size=20 ---
2025-10-13 17:08:20,939 - INFO - [round 2] pick 1/5: CCCCNc1nc(SCCCC)nc2ncccc12 | UCB=1.509 | mu=0.1791 | std=0.9407 | f=0.1349
2025-10-13 17:08:20,941 - INFO - [round 2] pick 2/5: O=[N+]([O-])c1c(O)nc(C=Cc2ccc(O)cc2)nc1O | UCB=1.494 | mu=0.145 | std=0.9538 | f=0.1216
2025-10-13 17:08:20,943 - INFO - [round 2] pick 3/5: Cc1cc(C=C2SC(=S)NC2=O)c(C)n1C | UCB=1.489 | mu=0.1119 | std=0.9734 | f=0.1337
2025-10-13 17:08:20,946 - INFO - [round 2] pick 4/5: Cn1cc(-c2ccc3nnc(Sc4ccc5ncc(NCCO)cc5c4)n3c2)cn1 | UCB=1.497 | mu=0.1623 | std=0.9437 | f=0.005792
2025-10-13 17:08:20,948 - INFO - [round 2] pick 5/5: Cc1nc(S)c2cnn(C3OC(CO)C(O)C3O)c2n1 | UCB=1.491 | mu=0.1176 | std=0.9708 | f=0.2705
2025-10-13 17:08:20,951 - INFO - Round 2 done in 16.95s; train size=25
2025-10-13 17:08:20,951 - INFO - 
--- Round 3 | trial=5 | sqrt_beta=1.4142 (beta=2.0000) | rho=0.80 | train size=25 ---
2025-10-13 17:08:40,624 - INFO - [round 3] pick 1/5: CCOC(=O)CSc1nc2ccccc2c2nc(C)nn12 | UCB=1.504 | mu=0.2027 | std=0.92 | f=0.5068
2025-10-13 17:08:40,627 - INFO - [round 3] pick 2/5: C=CCc1c(O)nc(C)nc1NCCO | UCB=1.493 | mu=0.1644 | std=0.9395 | f=0.005263
2025-10-13 17:08:40,630 - INFO - [round 3] pick 3/5: COC1C(OP(=O)(NCCn2ccnc2)OCC2OC(n3ccc(N)nc3=O)C(O)C2O)C(COP(=O)(O)O)OC1n1cnc2c(=O)[nH]c(N)nc21 | UCB=1.483 | mu=0.1149 | std=0.9675 | f=4.396e-05
2025-10-13 17:08:40,634 - INFO - [round 3] pick 4/5: OC1=NC(=Cc2cnn3c(=NC4CC4)[nH]c(=NCC(F)F)[nH]c23)C(O)=N1 | UCB=1.476 | mu=0.1026 | std=0.9712 | f=0.09832
2025-10-13 17:08:40,638 - INFO - [round 3] pick 5/5: CCC(C)C=CC=CC=CC(=O)C=C(O)C1=C2C=C(CC(O)CO)C(=CNCCCCC(NC(C)=O)C(=O)O)C(=O)C2(C)OC1=O | UCB=1.474 | mu=0.09044 | std=0.9785 | f=0.1253
2025-10-13 17:08:40,642 - INFO - Round 3 done in 19.69s; train size=30
2025-10-13 17:08:40,642 - INFO - 
--- Round 4 | trial=5 | sqrt_beta=1.4142 (beta=2.0000) | rho=0.80 | train size=30 ---
2025-10-13 17:09:02,713 - INFO - [round 4] pick 1/5: Cc1nn(C)c2nc3ccccc3c(N)c12 | UCB=1.528 | mu=0.2346 | std=0.9146 | f=0.4428
2025-10-13 17:09:02,718 - INFO - [round 4] pick 2/5: CCOC(=O)CSC1=NC(=Cc2ccc(-n3cncn3)cc2)C(=O)N1 | UCB=1.512 | mu=0.2104 | std=0.9205 | f=0.449
2025-10-13 17:09:02,723 - INFO - [round 4] pick 3/5: CCOC(=O)Nc1c(C#N)[n+]([O-])c2cc(Cl)c(Cl)cc2[n+]1[O-] | UCB=1.492 | mu=0.1258 | std=0.9661 | f=0.1572
2025-10-13 17:09:02,728 - INFO - [round 4] pick 4/5: NCCCNCCCCNCCCNCCCNCCCNC(=O)Cc1c[nH]c2ccccc12 | UCB=1.484 | mu=0.1104 | std=0.9711 | f=0.1457
2025-10-13 17:09:02,733 - INFO - [round 4] pick 5/5: CCn1nc(N2CCCC2)nc1C=Cc1nc2c(C)ncc(C)n2n1 | UCB=1.49 | mu=0.1374 | std=0.9566 | f=0.1137
2025-10-13 17:09:02,739 - INFO - Round 4 done in 22.10s; train size=35
2025-10-13 17:09:02,739 - INFO - 
--- Round 5 | trial=5 | sqrt_beta=1.4142 (beta=2.0000) | rho=0.80 | train size=35 ---
2025-10-13 17:09:27,443 - INFO - [round 5] pick 1/5: CCOC(=O)Cc1csc(SCn2nnc3ccccc3c2=O)n1 | UCB=1.551 | mu=0.2719 | std=0.9044 | f=0.4871
2025-10-13 17:09:27,450 - INFO - [round 5] pick 2/5: Nc1nc2n[nH]cc2c2nc(-c3ccco3)nn12 | UCB=1.519 | mu=0.1795 | std=0.947 | f=0.1278
2025-10-13 17:09:27,456 - INFO - [round 5] pick 3/5: Cn1cnc2c(cnn2C)c1=N | UCB=1.505 | mu=0.1496 | std=0.9582 | f=0.0959
2025-10-13 17:09:27,462 - INFO - [round 5] pick 4/5: CC(C)OC(=O)CSc1nnc2n1C(C)(C)Cc1ccccc1-2 | UCB=1.531 | mu=0.2024 | std=0.9394 | f=0.43
2025-10-13 17:09:27,469 - INFO - [round 5] pick 5/5: CCN1C(=S)NC2C(=C1C)C(=O)Nc1cccc(F)c12 | UCB=1.506 | mu=0.1651 | std=0.9483 | f=0.435
2025-10-13 17:09:27,476 - INFO - Round 5 done in 24.74s; train size=40
2025-10-13 17:09:27,476 - INFO - 
--- Round 6 | trial=5 | sqrt_beta=1.4142 (beta=2.0000) | rho=0.80 | train size=40 ---
2025-10-13 17:09:55,601 - INFO - [round 6] pick 1/5: CCOC(=O)C(C)Sc1nnc2cc(C)c3ccccc3n12 | UCB=1.578 | mu=0.3064 | std=0.8995 | f=0.5022
2025-10-13 17:09:55,608 - INFO - [round 6] pick 2/5: O=c1c2ccccc2nc2n1CCS2(=O)=O | UCB=1.56 | mu=0.2595 | std=0.9195 | f=0.3885
2025-10-13 17:09:55,616 - INFO - [round 6] pick 3/5: CCn1c(SCC(=O)OC)nc2sc3c(c2c1=O)CC(C)(C)OC3 | UCB=1.534 | mu=0.1961 | std=0.946 | f=0.3914
2025-10-13 17:09:55,625 - INFO - [round 6] pick 4/5: CCc1cccc2c1NC(=O)C2=O | UCB=1.543 | mu=0.2165 | std=0.938 | f=0.1601
2025-10-13 17:09:55,633 - INFO - [round 6] pick 5/5: CCOC(O)=C1C(C)=Nc2ncnn2C1c1cc(Br)ccc1F | UCB=1.545 | mu=0.2181 | std=0.938 | f=0.4529
2025-10-13 17:09:55,642 - INFO - Round 6 done in 28.17s; train size=45
2025-10-13 17:09:55,642 - INFO - 
--- Round 7 | trial=5 | sqrt_beta=1.4142 (beta=2.0000) | rho=0.80 | train size=45 ---
2025-10-13 17:10:26,158 - INFO - [round 7] pick 1/5: CCOC(=O)Cn1c2ccccc2c2nc(C)sc21 | UCB=1.608 | mu=0.3663 | std=0.8782 | f=0.5214
2025-10-13 17:10:26,168 - INFO - [round 7] pick 2/5: CSc1ccccc1-n1nnnc1SCC(=O)O | UCB=1.581 | mu=0.2675 | std=0.9287 | f=0.1488
2025-10-13 17:10:26,178 - INFO - [round 7] pick 3/5: CCN1C(=O)NC(c2cc(Br)ccc2OC)C(C(=O)OC)=C1C | UCB=1.568 | mu=0.2651 | std=0.921 | f=0.2012
2025-10-13 17:10:26,188 - INFO - [round 7] pick 4/5: CCC1(O)C(=O)OCc2c1cc1n(c2=O)Cc2c-1nc1ccccc1c2CN(C(C)C)C(C)C | UCB=1.568 | mu=0.2552 | std=0.9282 | f=0.007401
2025-10-13 17:10:26,199 - INFO - [round 7] pick 5/5: N#CCSc1nnc(-c2ccc(F)cc2)n1N | UCB=1.539 | mu=0.203 | std=0.9446 | f=0.1199
2025-10-13 17:10:26,210 - INFO - Round 7 done in 30.57s; train size=50
2025-10-13 17:10:26,210 - INFO - 
--- Round 8 | trial=5 | sqrt_beta=1.4142 (beta=2.0000) | rho=0.80 | train size=50 ---
2025-10-13 17:10:59,577 - INFO - [round 8] pick 1/5: CCOC(=O)CSc1nnc(Cn2c(=O)sc3ccccc32)n1C | UCB=1.591 | mu=0.3646 | std=0.8674 | f=0.5
2025-10-13 17:10:59,589 - INFO - [round 8] pick 2/5: CCC(C)n1c(=S)[nH]c2ccccc2c1=O | UCB=1.57 | mu=0.2894 | std=0.9053 | f=0.1637
2025-10-13 17:10:59,602 - INFO - [round 8] pick 3/5: CCOC(=O)Cn1cnc2c(Br)c(Br)c(Br)c(Br)c21 | UCB=1.563 | mu=0.2318 | std=0.941 | f=0.1488
2025-10-13 17:10:59,614 - INFO - [round 8] pick 4/5: CCSC1=C(C#N)C(c2cccs2)C(=C(O)OC)C(C)=N1 | UCB=1.553 | mu=0.2204 | std=0.9422 | f=0.1623
2025-10-13 17:10:59,627 - INFO - [round 8] pick 5/5: FC(F)(F)c1nc(OCc2cn(CCC(F)(F)C(F)(F)C(F)(F)C(F)(F)C(F)(F)C(F)(F)F)nn2)c2ccccc2n1 | UCB=1.521 | mu=0.172 | std=0.9542 | f=0.3461
2025-10-13 17:10:59,641 - INFO - Round 8 done in 33.43s; train size=55
2025-10-13 17:10:59,641 - INFO - 
--- Round 9 | trial=5 | sqrt_beta=1.4142 (beta=2.0000) | rho=0.80 | train size=55 ---
2025-10-13 17:11:35,993 - INFO - [round 9] pick 1/5: CCOC(=O)CCCn1c2ccccc2c2nc3nonc3nc21 | UCB=1.595 | mu=0.3552 | std=0.8767 | f=0.1824
2025-10-13 17:11:36,007 - INFO - [round 9] pick 2/5: CCn1c(SCC(=O)Nc2ccccc2F)nc2c(c1=O)SC(C)C2 | UCB=1.577 | mu=0.3049 | std=0.8998 | f=0.4635
2025-10-13 17:11:36,022 - INFO - [round 9] pick 3/5: CC1=NC=CC(c2c(C)sc3ccccc23)N1 | UCB=1.557 | mu=0.2512 | std=0.9232 | f=0.4344
2025-10-13 17:11:36,037 - INFO - [round 9] pick 4/5: COC(=O)CSc1nnc(S)s1 | UCB=1.52 | mu=0.181 | std=0.9471 | f=0.005792
2025-10-13 17:11:36,053 - INFO - [round 9] pick 5/5: Cc1nn(-c2ncccn2)c2c1C(=O)CC(C)(C)C2Br | UCB=1.53 | mu=0.1917 | std=0.9463 | f=0.3581
2025-10-13 17:11:36,069 - INFO - Round 9 done in 36.43s; train size=60
2025-10-13 17:11:36,069 - INFO - 
--- Round 10 | trial=5 | sqrt_beta=1.4142 (beta=2.0000) | rho=0.80 | train size=60 ---
2025-10-13 17:12:14,097 - INFO - [round 10] pick 1/5: CCN1C(=O)CC(n2c(C)nc3ccccc32)C1=O | UCB=1.594 | mu=0.3317 | std=0.8927 | f=0.4636
2025-10-13 17:12:14,114 - INFO - [round 10] pick 2/5: CCOC(=O)CSc1ncnc2c1cnn2-c1ccc(C)cc1C | UCB=1.58 | mu=0.3309 | std=0.8832 | f=0.4674
2025-10-13 17:12:14,131 - INFO - [round 10] pick 3/5: Nc1nnc(Cn2nnc(-c3ccccc3F)n2)s1 | UCB=1.561 | mu=0.2503 | std=0.9269 | f=0.3845
2025-10-13 17:12:14,149 - INFO - [round 10] pick 4/5: CC1=CC23C(=O)C(C=C(CO)C(O)C2(O)C1OC(=O)c1ccccc1Br)C1C(CC3C)C1(C)C | UCB=1.544 | mu=0.2077 | std=0.9451 | f=0.007987
2025-10-13 17:12:14,168 - INFO - [round 10] pick 5/5: c1ccc2c3nnc(c2c1)SCCSCCCSCCS3 | UCB=1.528 | mu=0.1779 | std=0.9544 | f=0.3333
2025-10-13 17:12:14,187 - INFO - Round 10 done in 38.12s; train size=65
2025-10-13 17:12:14,187 - INFO - 
--- Round 11 | trial=5 | sqrt_beta=1.4142 (beta=2.0000) | rho=0.80 | train size=65 ---
2025-10-13 17:12:56,753 - INFO - [round 11] pick 1/5: Cc1nnc(NC(=O)Cn2nc(C)c3ccccc3c2=O)s1 | UCB=1.601 | mu=0.3487 | std=0.8854 | f=0.4568
2025-10-13 17:12:56,774 - INFO - [round 11] pick 2/5: CCC1Cc2c(C)nc3ncnn3c2N1Cc1ccccc1F | UCB=1.596 | mu=0.3131 | std=0.9075 | f=0.1611
2025-10-13 17:12:56,795 - INFO - [round 11] pick 3/5: O=C(CSc1nnc2n(C3CCCCC3)c(=O)c3ccccc3n12)OC1CCCCC1 | UCB=1.572 | mu=0.2737 | std=0.9181 | f=0.00711
2025-10-13 17:12:56,816 - INFO - [round 11] pick 4/5: Cc1ccc(-c2csc(N=C(N)N)n2)c(C)c1 | UCB=1.552 | mu=0.2234 | std=0.9398 | f=0.1416
2025-10-13 17:12:56,838 - INFO - [round 11] pick 5/5: CCOC(=O)CC1C(=O)NCCN1C(=O)c1c(F)cccc1F | UCB=1.559 | mu=0.2531 | std=0.9236 | f=0.1757
2025-10-13 17:12:56,861 - INFO - Round 11 done in 42.67s; train size=70
2025-10-13 17:12:56,861 - INFO - 
--- Round 12 | trial=5 | sqrt_beta=1.4142 (beta=2.0000) | rho=0.80 | train size=70 ---
2025-10-13 17:13:41,789 - INFO - [round 12] pick 1/5: Cc1cc(C)n(-c2nc3ccccc3s2)n1 | UCB=1.588 | mu=0.3389 | std=0.8833 | f=0.414
2025-10-13 17:13:41,813 - INFO - [round 12] pick 2/5: CCOC(=O)C1=C(C)NC(=O)NC1c1cnc(SC)n1Cc1ccccc1 | UCB=1.572 | mu=0.3081 | std=0.8939 | f=0.595
2025-10-13 17:13:41,836 - INFO - [round 12] pick 3/5: CCc1nnc(NC(=O)CSc2nnc(-c3cccnc3)n2C)s1 | UCB=1.558 | mu=0.2844 | std=0.9003 | f=0.3868
2025-10-13 17:13:41,860 - INFO - [round 12] pick 4/5: CCn1c(O)c(N=NC2=NC(=O)CS2)c2cc(C)ccc21 | UCB=1.554 | mu=0.245 | std=0.9256 | f=0.378
2025-10-13 17:13:41,885 - INFO - [round 12] pick 5/5: Cc1nnsc1C1=NNC2SC(c3ccccc3OC(F)(F)F)=NN12 | UCB=1.555 | mu=0.2351 | std=0.933 | f=0.1496
2025-10-13 17:13:41,910 - INFO - Round 12 done in 45.05s; train size=75
2025-10-13 17:13:41,910 - INFO - 
--- Round 13 | trial=5 | sqrt_beta=1.4142 (beta=2.0000) | rho=0.80 | train size=75 ---
2025-10-13 17:14:29,414 - INFO - [round 13] pick 1/5: CCOC(=O)c1cc2c(C)nn(-c3ccccc3)c2s1 | UCB=1.608 | mu=0.38 | std=0.8686 | f=0.5255
2025-10-13 17:14:29,440 - INFO - [round 13] pick 2/5: CCSc1ccnc(C[S+]([O-])c2nc3ccccc3n2CSC)c1C | UCB=1.587 | mu=0.3062 | std=0.906 | f=0.4399
2025-10-13 17:14:29,467 - INFO - [round 13] pick 3/5: CNC(=O)c1n[nH]c2c1C(c1cccc3nsnc13)CC(=O)N2 | UCB=1.546 | mu=0.2192 | std=0.9385 | f=0.1569
2025-10-13 17:14:29,495 - INFO - [round 13] pick 4/5: CCOC(=O)Cc1csc2nc3sc(C)c(C)c3c(=O)n12 | UCB=1.565 | mu=0.2766 | std=0.9108 | f=0.4412
2025-10-13 17:14:29,523 - INFO - [round 13] pick 5/5: NC1=Nc2ccccc2Sc2nncn21 | UCB=1.55 | mu=0.2364 | std=0.9285 | f=0.3762
2025-10-13 17:14:29,552 - INFO - Round 13 done in 47.64s; train size=80
2025-10-13 17:14:29,552 - INFO - 
--- Round 14 | trial=5 | sqrt_beta=1.4142 (beta=2.0000) | rho=0.80 | train size=80 ---
2025-10-13 17:15:20,160 - INFO - [round 14] pick 1/5: Cc1sc2ncn(CCc3ccccc3)c(=O)c2c1C | UCB=1.614 | mu=0.3684 | std=0.8811 | f=0.4432
2025-10-13 17:15:20,190 - INFO - [round 14] pick 2/5: CCOC(=O)C1=C(C)Nc2ccnn2C1c1cccc(Cl)c1Cl | UCB=1.597 | mu=0.3251 | std=0.8996 | f=0.6293
2025-10-13 17:15:20,221 - INFO - [round 14] pick 3/5: CCC(C)Nc1nc2ccccc2n2c(C)nnc12 | UCB=1.594 | mu=0.3582 | std=0.8737 | f=0.4369
2025-10-13 17:15:20,252 - INFO - [round 14] pick 4/5: CSC1=NS(=O)(=O)c2c(C)nn(C)c2S1 | UCB=1.536 | mu=0.1899 | std=0.9517 | f=0.1125
2025-10-13 17:15:20,284 - INFO - [round 14] pick 5/5: CCOC(=O)CSc1nc2c(sc3ccc([N+](=O)[O-])cc32)c(=O)n1Cc1ccco1 | UCB=1.577 | mu=0.3209 | std=0.8883 | f=0.1609
2025-10-13 17:15:20,317 - INFO - Round 14 done in 50.76s; train size=85
2025-10-13 17:15:20,317 - INFO - 
--- Round 15 | trial=5 | sqrt_beta=1.4142 (beta=2.0000) | rho=0.80 | train size=85 ---
2025-10-13 17:16:14,458 - INFO - [round 15] pick 1/5: CCOC(=O)c1c(N)sc(-c2ccccc2Cl)c1C | UCB=1.628 | mu=0.3931 | std=0.8732 | f=0.2245
2025-10-13 17:16:14,492 - INFO - [round 15] pick 2/5: CCCOC1Sc2nnc(C)n2N=C1c1ccccc1 | UCB=1.602 | mu=0.3338 | std=0.8971 | f=0.4532
2025-10-13 17:16:14,527 - INFO - [round 15] pick 3/5: CCn1ncnc1C1=C(C)Nc2ccnn2C1c1ccc(Cl)c(Cl)c1 | UCB=1.588 | mu=0.3247 | std=0.8935 | f=0.1618
2025-10-13 17:16:14,562 - INFO - [round 15] pick 4/5: CCSC1=NCC(=O)N1c1c(C)cccc1C | UCB=1.587 | mu=0.2995 | std=0.9101 | f=0.1516
2025-10-13 17:16:14,597 - INFO - [round 15] pick 5/5: CN1C(=O)n2c(nc3ccccc32)C(N=[N+]=[N-])(N=[N+]=[N-])C1=O | UCB=1.56 | mu=0.2672 | std=0.9142 | f=0.3873
2025-10-13 17:16:14,634 - INFO - Round 15 done in 54.32s; train size=90
2025-10-13 17:16:14,634 - INFO - 
--- Round 16 | trial=5 | sqrt_beta=1.4142 (beta=2.0000) | rho=0.80 | train size=90 ---
2025-10-13 17:17:10,144 - INFO - [round 16] pick 1/5: CCCc1c(C(=O)OCC)nnc2c(-c3ccccc3)c(C)nn12 | UCB=1.619 | mu=0.4084 | std=0.856 | f=0.5428
2025-10-13 17:17:10,182 - INFO - [round 16] pick 2/5: CCn1c(Nc2ccccc2C)nc2ccsc2c1=O | UCB=1.601 | mu=0.3503 | std=0.8841 | f=0.4432
2025-10-13 17:17:10,221 - INFO - [round 16] pick 3/5: Cn1cc(C2CC(=O)N=C(N)N2)c2ccccc21 | UCB=1.583 | mu=0.3202 | std=0.8931 | f=0.443
2025-10-13 17:17:10,260 - INFO - [round 16] pick 4/5: CSC(=S)n1ccnc1C | UCB=1.516 | mu=0.1503 | std=0.9657 | f=0.00492
2025-10-13 17:17:10,300 - INFO - [round 16] pick 5/5: CCOC(=O)C1=C(COC(=O)c2ccc([N+](=O)[O-])s2)NC(=O)NC1C | UCB=1.552 | mu=0.2554 | std=0.9172 | f=0.2114
2025-10-13 17:17:10,341 - INFO - Round 16 done in 55.71s; train size=95
2025-10-13 17:17:10,341 - INFO - 
--- Round 17 | trial=5 | sqrt_beta=1.4142 (beta=2.0000) | rho=0.80 | train size=95 ---
2025-10-13 17:18:07,915 - INFO - [round 17] pick 1/5: CCOC(=O)Cc1c(C)nc2c(-c3ccccc3)cnn2c1O | UCB=1.624 | mu=0.4241 | std=0.8488 | f=0.5066
2025-10-13 17:18:07,958 - INFO - [round 17] pick 2/5: CC1=Nc2c(c(=O)[nH]n2C(C)C)C(c2ccccc2)S1 | UCB=1.608 | mu=0.3399 | std=0.8965 | f=0.4452
2025-10-13 17:18:08,000 - INFO - [round 17] pick 3/5: c1ccc2c(c1)nc(-c1cscn1)n2CCCc1nnn[nH]1 | UCB=1.589 | mu=0.3123 | std=0.9028 | f=0.144
2025-10-13 17:18:08,044 - INFO - [round 17] pick 4/5: CCOc1ccc(-n2nc3c(NC)nnc(C)c3c2C)cc1 | UCB=1.574 | mu=0.2855 | std=0.9111 | f=0.41
2025-10-13 17:18:08,088 - INFO - [round 17] pick 5/5: CCOC(=O)C1=C(N)OC2=C(C(=O)CC(C)(C)C2)C1c1ccoc1 | UCB=1.543 | mu=0.2407 | std=0.9206 | f=0.5153
2025-10-13 17:18:08,133 - INFO - Round 17 done in 57.79s; train size=100
2025-10-13 17:18:08,133 - INFO - 
--- Round 18 | trial=5 | sqrt_beta=1.4142 (beta=2.0000) | rho=0.80 | train size=100 ---
2025-10-13 17:19:08,769 - INFO - [round 18] pick 1/5: CCOC(=O)c1cnc2c(c(C)nn2C)c1Nc1ccccc1 | UCB=1.629 | mu=0.4327 | std=0.8457 | f=0.5285
2025-10-13 17:19:08,816 - INFO - [round 18] pick 2/5: CC1(C)CC(=O)C2=C(C1)NN=C(c1ccccc1)C2 | UCB=1.608 | mu=0.3326 | std=0.9019 | f=0.4119
2025-10-13 17:19:08,863 - INFO - [round 18] pick 3/5: CCOc1ccc(-n2c(SC(C)C)nc3c(c2=O)SCC3)cc1 | UCB=1.582 | mu=0.3083 | std=0.9008 | f=0.4049
2025-10-13 17:19:08,911 - INFO - [round 18] pick 4/5: CCOC(O)=C1C(COCc2nnn(C)n2)=NC(C)=C(C(=O)OC)C1c1cccc(Cl)c1Cl | UCB=1.579 | mu=0.3009 | std=0.9038 | f=0.614
2025-10-13 17:19:08,960 - INFO - [round 18] pick 5/5: CC1=CC2=NC(=O)C(=Cc3cccs3)C(=N)N2O1 | UCB=1.561 | mu=0.2394 | std=0.9344 | f=0.3643
2025-10-13 17:19:09,009 - INFO - Round 18 done in 60.88s; train size=105
2025-10-13 17:19:09,010 - INFO - 
--- Round 19 | trial=5 | sqrt_beta=1.4142 (beta=2.0000) | rho=0.80 | train size=105 ---
2025-10-13 17:20:12,432 - INFO - [round 19] pick 1/5: CCOC(=O)C1=C(c2ccccc2)N=C(C)C(=C(O)OCC)C1CC | UCB=1.648 | mu=0.4534 | std=0.8451 | f=0.2143
2025-10-13 17:20:12,484 - INFO - [round 19] pick 2/5: CC(=O)N1N=C(c2nc(C(C)C)cs2)OC1c1cccc(Cl)c1Cl | UCB=1.606 | mu=0.3226 | std=0.9073 | f=0.4714
2025-10-13 17:20:12,536 - INFO - [round 19] pick 3/5: CC1(C)CC(=O)c2c(nn(-c3ccccc3)c2N)C1 | UCB=1.615 | mu=0.3986 | std=0.8599 | f=0.4137
2025-10-13 17:20:12,589 - INFO - [round 19] pick 4/5: Cc1cccc(C2CC2COc2cc(NCc3nnc(C)s3)c(=O)n(C)n2)n1 | UCB=1.59 | mu=0.2975 | std=0.9136 | f=0.1485
2025-10-13 17:20:12,643 - INFO - [round 19] pick 5/5: CCOC(=O)C1=NN(c2ccc(C)cc2)C2(S1)c1ccccc1Sc1ccccc12 | UCB=1.61 | mu=0.3248 | std=0.9088 | f=0.008666
2025-10-13 17:20:12,697 - INFO - Round 19 done in 63.69s; train size=110
2025-10-13 17:20:12,697 - INFO - 
--- Round 20 | trial=5 | sqrt_beta=1.4142 (beta=2.0000) | rho=0.80 | train size=110 ---
2025-10-13 17:21:18,885 - INFO - [round 20] pick 1/5: CC(=O)c1nnn(-c2cnn(-c3ccccc3)c(=O)c2Cl)c1C | UCB=1.621 | mu=0.386 | std=0.8736 | f=0.4642
2025-10-13 17:21:18,942 - INFO - [round 20] pick 2/5: CCOC(=O)c1cncn1C1c2ccccc2C(=O)OC1(C)C | UCB=1.619 | mu=0.3706 | std=0.8827 | f=0.5418
2025-10-13 17:21:18,998 - INFO - [round 20] pick 3/5: CC1(C)NC(N)=NC(=N)N1OCc1cccc(Cl)c1Cl | UCB=1.592 | mu=0.2892 | std=0.9211 | f=0.1653
2025-10-13 17:21:19,056 - INFO - [round 20] pick 4/5: CCOc1ccc2c3ccnc(C)c3n(CC)c2c1 | UCB=1.594 | mu=0.3344 | std=0.8908 | f=0.4369
2025-10-13 17:21:19,115 - INFO - [round 20] pick 5/5: CC1=C(C(=O)N2CCOCC2)C(c2ccccc2F)C2=C(O)CC(C)(C)CC2=N1 | UCB=1.6 | mu=0.3142 | std=0.9094 | f=0.1707
2025-10-13 17:21:19,175 - INFO - Round 20 done in 66.48s; train size=115
2025-10-13 17:21:19,175 - INFO - 
--- Round 21 | trial=5 | sqrt_beta=1.4142 (beta=2.0000) | rho=0.80 | train size=115 ---
2025-10-13 17:22:29,718 - INFO - [round 21] pick 1/5: CCOC(=O)C1=C(C)NC(=Cc2c(C)nn(-c3ccccc3)c2Cl)C1=O | UCB=1.622 | mu=0.4305 | std=0.8425 | f=0.5748
2025-10-13 17:22:29,780 - INFO - [round 21] pick 2/5: CC(C)(C)n1nnc(-c2coc3ccccc3c2=O)n1 | UCB=1.609 | mu=0.3491 | std=0.8912 | f=0.4082
2025-10-13 17:22:29,842 - INFO - [round 21] pick 3/5: CCn1c(-c2c(N)nn(C)c2C)nc2cnccc21 | UCB=1.586 | mu=0.3125 | std=0.9005 | f=0.3879
2025-10-13 17:22:29,905 - INFO - [round 21] pick 4/5: CCOC(=S)N1CC(C)(C)CSC1=Nc1ccccc1C(C)C | UCB=1.582 | mu=0.2832 | std=0.9181 | f=0.1631
2025-10-13 17:22:29,970 - INFO - [round 21] pick 5/5: O=C1NC(c2cncc(C#CC3CC(F)(F)C3)c2)C(c2cccc(Cl)c2Cl)O1 | UCB=1.552 | mu=0.2376 | std=0.9291 | f=0.1496
2025-10-13 17:22:30,035 - INFO - Round 21 done in 70.86s; train size=120
2025-10-13 17:22:30,035 - INFO - 
--- Round 22 | trial=5 | sqrt_beta=1.4142 (beta=2.0000) | rho=0.80 | train size=120 ---
2025-10-13 17:23:40,293 - INFO - [round 22] pick 1/5: COCc1nc2c(c(C)nn2-c2ccccc2)c(=O)n1C | UCB=1.63 | mu=0.4424 | std=0.84 | f=0.4746
2025-10-13 17:23:40,359 - INFO - [round 22] pick 2/5: CCOC(=O)c1cn(C2=CC(=O)c3ccccc3C2=O)nn1 | UCB=1.619 | mu=0.3838 | std=0.8737 | f=0.5135
2025-10-13 17:23:40,427 - INFO - [round 22] pick 3/5: CCOC(=O)C1=C(C)Nc2nc3c(c(N)c2C1c1cccnc1)CCCC3 | UCB=1.585 | mu=0.3085 | std=0.9029 | f=0.2032
2025-10-13 17:23:40,496 - INFO - [round 22] pick 4/5: CCc1nn(C)c(-c2nnc(SC)o2)c1Cl | UCB=1.547 | mu=0.2263 | std=0.9342 | f=0.1221
2025-10-13 17:23:40,566 - INFO - [round 22] pick 5/5: Cc1ncn2c(Nc3cccs3)nncc12 | UCB=1.565 | mu=0.2594 | std=0.9229 | f=0.3273
2025-10-13 17:23:40,637 - INFO - Round 22 done in 70.60s; train size=125
2025-10-13 17:23:40,637 - INFO - 
--- Round 23 | trial=5 | sqrt_beta=1.4142 (beta=2.0000) | rho=0.80 | train size=125 ---
2025-10-13 17:24:53,586 - INFO - [round 23] pick 1/5: CCOC(=O)c1cn2c3ccccc3c(=O)n(CC)c2n1 | UCB=1.63 | mu=0.4548 | std=0.8311 | f=0.532
2025-10-13 17:24:53,658 - INFO - [round 23] pick 2/5: Cc1nn(C)c2c1N=C(Cc1ccccc1)N1CC(C)N=C21 | UCB=1.607 | mu=0.3515 | std=0.8878 | f=0.1588
2025-10-13 17:24:53,732 - INFO - [round 23] pick 3/5: COc1ccc(C2=NNC(=O)C2(C)C)c2ccnn12 | UCB=1.582 | mu=0.2859 | std=0.9168 | f=0.4009
2025-10-13 17:24:53,807 - INFO - [round 23] pick 4/5: Cc1sc2nc(C(C)Sc3nnc(C)n3-c3ccccc3)nc(O)c2c1C | UCB=1.59 | mu=0.3386 | std=0.8848 | f=0.1427
2025-10-13 17:24:53,883 - INFO - [round 23] pick 5/5: O=C(Nn1cnnc1)c1ccoc1 | UCB=1.54 | mu=0.188 | std=0.9559 | f=0.1072
2025-10-13 17:24:53,959 - INFO - Round 23 done in 73.32s; train size=130
2025-10-13 17:24:53,960 - INFO - 
--- Round 24 | trial=5 | sqrt_beta=1.4142 (beta=2.0000) | rho=0.80 | train size=130 ---
2025-10-13 17:26:11,390 - INFO - [round 24] pick 1/5: CCOC(=O)c1nn(CC)c(=O)c2nn(-c3ccccc3Cl)c(C)c12 | UCB=1.626 | mu=0.4248 | std=0.8495 | f=0.5826
2025-10-13 17:26:11,488 - INFO - [round 24] pick 2/5: CN(C)c1nc2c(S(=O)(=O)c3ccccc3)nnn2c2ccsc12 | UCB=1.596 | mu=0.3193 | std=0.9029 | f=0.1472
2025-10-13 17:26:11,574 - INFO - [round 24] pick 3/5: CCOC1(c2cccc(OC)c2)SC=C(C)n2c1noc2=O | UCB=1.592 | mu=0.3001 | std=0.9138 | f=0.4453
2025-10-13 17:26:11,656 - INFO - [round 24] pick 4/5: CCOC(=O)CON=C1c2ccncc2C(=O)c2cn(CCN(C)C)cc21 | UCB=1.593 | mu=0.2979 | std=0.9159 | f=0.4733
2025-10-13 17:26:11,739 - INFO - [round 24] pick 5/5: Cc1csc2nc3[nH]ncc3c(=O)n12 | UCB=1.554 | mu=0.241 | std=0.9284 | f=0.3221
2025-10-13 17:26:11,822 - INFO - Round 24 done in 77.86s; train size=135
2025-10-13 17:26:11,822 - INFO - 
--- Round 25 | trial=5 | sqrt_beta=1.4142 (beta=2.0000) | rho=0.80 | train size=135 ---
2025-10-13 17:27:30,281 - INFO - [round 25] pick 1/5: CCOC(C)=C1C(=O)N(CC)c2ccccc21 | UCB=1.637 | mu=0.4153 | std=0.8637 | f=0.1895
2025-10-13 17:27:30,366 - INFO - [round 25] pick 2/5: CCOC(=O)c1sc2ncn(N=Cc3cccnc3)c(=O)c2c1C | UCB=1.627 | mu=0.3909 | std=0.8738 | f=0.4783
2025-10-13 17:27:30,453 - INFO - [round 25] pick 3/5: Cn1ncc2c1NC(=O)CSC2c1ccccc1Cl | UCB=1.596 | mu=0.3291 | std=0.896 | f=0.5095
2025-10-13 17:27:30,540 - INFO - [round 25] pick 4/5: CCOC(=O)Cn1cc(COCc2c(-c3ccc(OC)cc3)nc3sc(C)nn23)nn1 | UCB=1.598 | mu=0.3324 | std=0.8949 | f=0.1832
2025-10-13 17:27:30,628 - INFO - [round 25] pick 5/5: CC#CCn1nnc2cc3c(=O)n(C(C)Cn4ncnn4)nnc3cc2c1=O | UCB=1.542 | mu=0.2042 | std=0.9461 | f=0.1196
2025-10-13 17:27:30,718 - INFO - Round 25 done in 78.90s; train size=140
2025-10-13 17:27:30,718 - INFO - 
--- Round 26 | trial=5 | sqrt_beta=1.4142 (beta=2.0000) | rho=0.80 | train size=140 ---
2025-10-13 17:28:51,638 - INFO - [round 26] pick 1/5: O=C(OCn1ncc(Cl)c(Cl)c1=O)c1ccccc1Cl | UCB=1.634 | mu=0.3857 | std=0.8824 | f=0.1865
2025-10-13 17:28:51,729 - INFO - [round 26] pick 2/5: CCOC(=O)c1nn(-c2ccc(C)c(C)c2)c(=O)c2c(N)scc12 | UCB=1.625 | mu=0.4012 | std=0.8655 | f=0.5044
2025-10-13 17:28:51,821 - INFO - [round 26] pick 3/5: Cc1nn(-c2ccccn2)c2c1C(c1cnn(C)c1)SCC(=O)N2 | UCB=1.602 | mu=0.3568 | std=0.8808 | f=0.1508
2025-10-13 17:28:51,914 - INFO - [round 26] pick 4/5: CCOc1ccc2n[n+]([O-])c3c(I)cnn3c2c1 | UCB=1.583 | mu=0.2915 | std=0.9134 | f=0.378
2025-10-13 17:28:52,008 - INFO - [round 26] pick 5/5: CN(C)C=Nc1ncc2c3ccccc3n(CCN(C)C)c2c1C#N | UCB=1.578 | mu=0.2962 | std=0.9067 | f=0.4082
2025-10-13 17:28:52,104 - INFO - Round 26 done in 81.39s; train size=145
2025-10-13 17:28:52,104 - INFO - 
--- Round 27 | trial=5 | sqrt_beta=1.4142 (beta=2.0000) | rho=0.80 | train size=145 ---
2025-10-13 17:30:15,783 - INFO - [round 27] pick 1/5: CCOc1c(C)cnc2c1c(=O)n(Cc1ccccc1Cl)c(=O)n2C | UCB=1.625 | mu=0.3926 | std=0.8717 | f=0.5192
2025-10-13 17:30:15,881 - INFO - [round 27] pick 2/5: CCOC(=O)c1ccc(=O)n(C2c3cc(C#N)ccc3OC(C)(C)C2O)n1 | UCB=1.607 | mu=0.3431 | std=0.8936 | f=0.4771
2025-10-13 17:30:15,980 - INFO - [round 27] pick 3/5: CCn1nc(C)c(C=NNC(=O)c2c[nH]c3ccccc23)c1C | UCB=1.607 | mu=0.3642 | std=0.8786 | f=0.4734
2025-10-13 17:30:16,080 - INFO - [round 27] pick 4/5: Cn1cc2ccnc3c2c1C(=O)C(N)=C3 | UCB=1.57 | mu=0.2691 | std=0.9201 | f=0.3651
2025-10-13 17:30:16,181 - INFO - [round 27] pick 5/5: CCOC(=O)c1nnn(-c2nonc2N)c1CNC(C)C | UCB=1.554 | mu=0.2622 | std=0.9133 | f=0.1534
2025-10-13 17:30:16,284 - INFO - Round 27 done in 84.18s; train size=150
2025-10-13 17:30:16,284 - INFO - 
--- Round 28 | trial=5 | sqrt_beta=1.4142 (beta=2.0000) | rho=0.80 | train size=150 ---
2025-10-13 17:31:42,487 - INFO - [round 28] pick 1/5: CCOC(=O)c1c(C)nc2c(c1N)c1ccccc1n2C | UCB=1.626 | mu=0.4721 | std=0.8158 | f=0.5574
2025-10-13 17:31:42,592 - INFO - [round 28] pick 2/5: CCOc1cnn(-c2cccc(F)c2)c(=O)c1Cl | UCB=1.622 | mu=0.3786 | std=0.8792 | f=0.159
2025-10-13 17:31:42,698 - INFO - [round 28] pick 3/5: CC1=C2C(=O)Nc3ccccc3C2NC(=O)N1C | UCB=1.612 | mu=0.382 | std=0.87 | f=0.5074
2025-10-13 17:31:42,805 - INFO - [round 28] pick 4/5: Cc1cc(S)nc2c3c(ccc12)OC(C)(C)C=C3 | UCB=1.573 | mu=0.2694 | std=0.9219 | f=0.3797
2025-10-13 17:31:42,913 - INFO - [round 28] pick 5/5: CCOC(=O)C=C(C(=O)OCC)n1cc(C)c(=O)n(Cc2cnnn2COCCOC(C)=O)c1=O | UCB=1.532 | mu=0.2078 | std=0.9366 | f=0.1651
2025-10-13 17:31:43,022 - INFO - Round 28 done in 86.74s; train size=155
2025-10-13 17:31:43,022 - INFO - 
--- Round 29 | trial=5 | sqrt_beta=1.4142 (beta=2.0000) | rho=0.80 | train size=155 ---
2025-10-13 17:33:10,737 - INFO - [round 29] pick 1/5: Cc1c(-c2cnc(N)s2)c2ccccc2n1C | UCB=1.627 | mu=0.4254 | std=0.8494 | f=0.4364
2025-10-13 17:33:10,848 - INFO - [round 29] pick 2/5: CCOC(=O)c1c[nH]c2c(ccn3ccnc23)c1=O | UCB=1.618 | mu=0.3587 | std=0.8903 | f=0.4736
2025-10-13 17:33:10,961 - INFO - [round 29] pick 3/5: CCn1c(=O)ccc2c3c(ccc21)N(C)C(C)(C)CC3=O | UCB=1.61 | mu=0.3515 | std=0.8898 | f=0.4065
2025-10-13 17:33:11,074 - INFO - [round 29] pick 4/5: CCOC(=O)c1n[nH]cc1-c1cncn1CCn1nc(C)c(Cl)c1C | UCB=1.593 | mu=0.3342 | std=0.8902 | f=0.4957
2025-10-13 17:33:11,190 - INFO - [round 29] pick 5/5: Cc1cn(C2C=CC(COP3(=O)Oc4ccccc4C(CCl)O3)O2)c(=O)[nH]c1=O | UCB=1.568 | mu=0.2496 | std=0.9326 | f=0.1664
2025-10-13 17:33:11,307 - INFO - Round 29 done in 88.28s; train size=160
2025-10-13 17:33:11,307 - INFO - 
--- Round 30 | trial=5 | sqrt_beta=1.4142 (beta=2.0000) | rho=0.80 | train size=160 ---
2025-10-13 17:34:42,828 - INFO - [round 30] pick 1/5: CCOC(=O)c1cnc(-c2cccs2)nc1N(C)N1C(=O)C=C(C)C1=O | UCB=1.627 | mu=0.3886 | std=0.8759 | f=0.481
2025-10-13 17:34:42,947 - INFO - [round 30] pick 2/5: CCCc1[nH]nc2oc(=O)c3ccccc3c12 | UCB=1.609 | mu=0.3495 | std=0.8908 | f=0.4599
2025-10-13 17:34:43,067 - INFO - [round 30] pick 3/5: Cc1nn(C(=O)C(C#N)=NNc2ccccc2[N+](=O)[O-])c(C)c1C | UCB=1.592 | mu=0.3085 | std=0.9076 | f=0.1659
2025-10-13 17:34:43,189 - INFO - [round 30] pick 4/5: CCOCc1ncn2c3ccc(Cl)cc3c(=O)n(C)c12 | UCB=1.601 | mu=0.3383 | std=0.8925 | f=0.4692
2025-10-13 17:34:43,311 - INFO - [round 30] pick 5/5: O=C1Nc2ccc3ncsc3c2C1=Cc1c[nH]cn1 | UCB=1.566 | mu=0.2535 | std=0.9284 | f=0.1312
2025-10-13 17:34:43,435 - INFO - Round 30 done in 92.13s; train size=165
2025-10-13 17:34:43,435 - INFO - 
--- Round 31 | trial=5 | sqrt_beta=1.4142 (beta=2.0000) | rho=0.80 | train size=165 ---
2025-10-13 17:36:16,559 - INFO - [round 31] pick 1/5: CCOC(=O)c1ncn2c1[nH]c(=S)c1ccccc12 | UCB=1.632 | mu=0.4556 | std=0.8316 | f=0.5214
2025-10-13 17:36:16,684 - INFO - [round 31] pick 2/5: CCOc1cccc(=O)c2c(C)n(C)c(C)c12 | UCB=1.605 | mu=0.364 | std=0.8778 | f=0.1669
2025-10-13 17:36:16,812 - INFO - [round 31] pick 3/5: CCOC(=O)c1csc(-c2cn(C)c3c2C(=O)C(OC)=CC3=O)n1 | UCB=1.606 | mu=0.3523 | std=0.8862 | f=0.4714
2025-10-13 17:36:16,940 - INFO - [round 31] pick 4/5: CC=NN1c2nnc(C)c(=O)n2NP1(=O)c1ccccc1 | UCB=1.584 | mu=0.3185 | std=0.8945 | f=0.4152
2025-10-13 17:36:17,071 - INFO - [round 31] pick 5/5: Cn1cncc1-c1cc2cc3c(cc2o1)OC(C(C)(C)O)C3 | UCB=1.55 | mu=0.2226 | std=0.9386 | f=0.1231
2025-10-13 17:36:17,202 - INFO - Round 31 done in 93.77s; train size=170
2025-10-13 17:36:17,203 - INFO - 
--- Round 32 | trial=5 | sqrt_beta=1.4142 (beta=2.0000) | rho=0.80 | train size=170 ---
2025-10-13 17:37:57,268 - INFO - [round 32] pick 1/5: CCOC(=O)c1ccc(OCc2nc3ccccc3n(C)c2=O)cc1 | UCB=1.626 | mu=0.4326 | std=0.8436 | f=0.5357
2025-10-13 17:37:57,403 - INFO - [round 32] pick 2/5: CCn1ncc2c1C(=O)NC1c3ccccc3C(=O)N21 | UCB=1.611 | mu=0.3755 | std=0.8736 | f=0.1762
2025-10-13 17:37:57,538 - INFO - [round 32] pick 3/5: CCOC(=O)c1cc2c(ccn3cc(CN(C)C)nc23)[nH]1 | UCB=1.608 | mu=0.3502 | std=0.8898 | f=0.4862
2025-10-13 17:37:57,674 - INFO - [round 32] pick 4/5: Cc1c2cc[n+](C)cc2c(C)c2c3c([nH]c12)C=CC(=O)C3=O | UCB=1.569 | mu=0.2476 | std=0.9346 | f=0.1425
2025-10-13 17:37:57,812 - INFO - [round 32] pick 5/5: Cn1c(S)nnc1-c1sc2ccccc2c1Cl | UCB=1.592 | mu=0.3681 | std=0.8651 | f=0.4234
2025-10-13 17:37:57,952 - INFO - Round 32 done in 100.75s; train size=175
2025-10-13 17:37:57,952 - INFO - 
--- Round 33 | trial=5 | sqrt_beta=1.4142 (beta=2.0000) | rho=0.80 | train size=175 ---
2025-10-13 17:39:38,881 - INFO - [round 33] pick 1/5: CCOC(=O)c1cnc2ccc(C)cn2c1=O | UCB=1.628 | mu=0.425 | std=0.8505 | f=0.1849
2025-10-13 17:39:39,021 - INFO - [round 33] pick 2/5: CN(C)CCC1CN(C)C(=O)c2cnc3ccccc3c2O1 | UCB=1.607 | mu=0.3631 | std=0.8793 | f=0.4336
2025-10-13 17:39:39,164 - INFO - [round 33] pick 3/5: CCOC(=O)c1cc(-c2csc(NN=Cc3ccccc3Cl)n2)on1 | UCB=1.602 | mu=0.3533 | std=0.8828 | f=0.523
2025-10-13 17:39:39,309 - INFO - [round 33] pick 4/5: CCn1c(=O)c2cc(OC)ccc2n2c(S)nnc12 | UCB=1.598 | mu=0.3578 | std=0.8768 | f=0.4009
2025-10-13 17:39:39,455 - INFO - [round 33] pick 5/5: Cn1c(=O)c2c([S+](C)[O-])snc2n(C)c1=O | UCB=1.548 | mu=0.2288 | std=0.9326 | f=0.1114
2025-10-13 17:39:39,603 - INFO - Round 33 done in 101.65s; train size=180
2025-10-13 17:39:39,603 - INFO - 
--- Round 34 | trial=5 | sqrt_beta=1.4142 (beta=2.0000) | rho=0.80 | train size=180 ---
2025-10-13 17:41:22,121 - INFO - [round 34] pick 1/5: CCOC(=O)c1nc(-c2ccccc2)[nH]c1-n1nc(C)cc1C | UCB=1.628 | mu=0.4973 | std=0.7996 | f=0.5394
2025-10-13 17:41:22,272 - INFO - [round 34] pick 2/5: CCC(=O)n1cc(C2OC(=O)C(C)(C)C(=O)C2(C)C)c2ccccc21 | UCB=1.607 | mu=0.3638 | std=0.8788 | f=0.4694
2025-10-13 17:41:22,425 - INFO - [round 34] pick 3/5: O=c1c(-c2nn[nH]n2)c[nH]c2c(Cl)cccc12 | UCB=1.573 | mu=0.3009 | std=0.8998 | f=0.4214
2025-10-13 17:41:22,579 - INFO - [round 34] pick 4/5: COc1cc2ccnc3cc[nH]c(OC)c1-c23 | UCB=1.557 | mu=0.2412 | std=0.9305 | f=0.3949
2025-10-13 17:41:22,734 - INFO - [round 34] pick 5/5: CCn1cncc1CN1CCc2nc3sccc3c(=O)n2CC1 | UCB=1.553 | mu=0.2538 | std=0.9189 | f=0.1254
2025-10-13 17:41:22,892 - INFO - Round 34 done in 103.29s; train size=185
2025-10-13 17:41:22,892 - INFO - 
--- Round 35 | trial=5 | sqrt_beta=1.4142 (beta=2.0000) | rho=0.80 | train size=185 ---
2025-10-13 17:43:08,880 - INFO - [round 35] pick 1/5: CCOC(=O)c1ncc2c(c1COC)-c1ccccc1C2 | UCB=1.627 | mu=0.4144 | std=0.8573 | f=0.5633
2025-10-13 17:43:09,038 - INFO - [round 35] pick 2/5: Cc1c(C)n(C(=O)CSc2nncn2C)c2ccccc12 | UCB=1.614 | mu=0.4129 | std=0.8492 | f=0.4512
2025-10-13 17:43:09,199 - INFO - [round 35] pick 3/5: CCOc1ccc2c(c1)sc1nc(C(=O)OC)cc(=O)n12 | UCB=1.618 | mu=0.3811 | std=0.8746 | f=0.4977
2025-10-13 17:43:09,361 - INFO - [round 35] pick 4/5: CCCc1ccc(C=C2N=C(c3ccc[nH]3)C=C2OC)[nH]1 | UCB=1.588 | mu=0.2884 | std=0.9188 | f=0.4237
2025-10-13 17:43:09,526 - INFO - [round 35] pick 5/5: Cn1c2c(c3ccc(Cl)c(Cl)c31)C(CN)C(C)(C)NC2=O | UCB=1.561 | mu=0.2782 | std=0.9069 | f=0.4452
2025-10-13 17:43:09,691 - INFO - Round 35 done in 106.80s; train size=190
2025-10-13 17:43:09,691 - INFO - 
--- Round 36 | trial=5 | sqrt_beta=1.4142 (beta=2.0000) | rho=0.80 | train size=190 ---
2025-10-13 17:44:58,368 - INFO - [round 36] pick 1/5: CCOC(=O)c1ncn2c1Cn1c(C)nnc1-c1cc(OC)ccc1-2 | UCB=1.628 | mu=0.3976 | std=0.87 | f=0.1816
2025-10-13 17:44:58,536 - INFO - [round 36] pick 2/5: CC(C)n1cc(C=C2NC(=O)NC2=O)c2ccccc21 | UCB=1.61 | mu=0.387 | std=0.8645 | f=0.4452
2025-10-13 17:44:58,705 - INFO - [round 36] pick 3/5: Cc1noc(C)c1COC(=O)c1ccc2ccccc2n1 | UCB=1.613 | mu=0.3766 | std=0.8745 | f=0.4954
2025-10-13 17:44:58,875 - INFO - [round 36] pick 4/5: CCOC(=O)NC1(C(F)(F)F)C(=O)N(Cc2ccccn2)C2=C1C(=O)CC(C)(C)C2 | UCB=1.594 | mu=0.3362 | std=0.8891 | f=0.454
2025-10-13 17:44:59,047 - INFO - [round 36] pick 5/5: CCOc1c(Cl)cc2c3cc[nH]cc-3nc2c1Cl | UCB=1.572 | mu=0.2879 | std=0.908 | f=0.4303
2025-10-13 17:44:59,221 - INFO - Round 36 done in 109.53s; train size=195
2025-10-13 17:44:59,221 - INFO - 
--- Round 37 | trial=5 | sqrt_beta=1.4142 (beta=2.0000) | rho=0.80 | train size=195 ---
2025-10-13 17:46:52,523 - INFO - [round 37] pick 1/5: CCOC(=O)CC1(C(C)=O)C(=O)Oc2ccc3ccccc3c2N1C | UCB=1.629 | mu=0.4055 | std=0.8651 | f=0.5192
2025-10-13 17:46:52,699 - INFO - [round 37] pick 2/5: CN(Cc1nc2c(cnn2C)c(=O)[nH]1)Cc1ccccc1Cl | UCB=1.615 | mu=0.3941 | std=0.863 | f=0.4797
2025-10-13 17:46:52,877 - INFO - [round 37] pick 3/5: CCOC(=O)c1c(C)n(O)c2ccc3c(no[n+]3[O-])c12 | UCB=1.599 | mu=0.3406 | std=0.8895 | f=0.4714
2025-10-13 17:46:53,056 - INFO - [round 37] pick 4/5: COC1OC(=O)c2ccc3c(c21)C(=O)C=CC3(C)C | UCB=1.582 | mu=0.2975 | std=0.9082 | f=0.4284
2025-10-13 17:46:53,238 - INFO - [round 37] pick 5/5: CCCCOC(=O)Nc1sc2nc(C)cc(C)c2c1-n1cccc1 | UCB=1.6 | mu=0.3245 | std=0.9019 | f=0.4674
2025-10-13 17:46:53,422 - INFO - Round 37 done in 114.20s; train size=200
2025-10-13 17:46:53,422 - INFO - 
--- Round 38 | trial=5 | sqrt_beta=1.4142 (beta=2.0000) | rho=0.80 | train size=200 ---
2025-10-13 17:48:47,401 - INFO - [round 38] pick 1/5: CCOC(=O)c1c2c(c(C)n1Cc1ccccc1)-c1oncc1CC2 | UCB=1.628 | mu=0.4197 | std=0.8546 | f=0.1886
2025-10-13 17:48:47,586 - INFO - [round 38] pick 2/5: COc1c(C(=O)Nc2nn[nH]n2)oc2c3ccccc3n(C)c12 | UCB=1.622 | mu=0.382 | std=0.8764 | f=0.1652
2025-10-13 17:48:47,773 - INFO - [round 38] pick 3/5: Cc1ccc(OCC(=O)OCc2cc(=O)n3ccsc3n2)cc1C | UCB=1.611 | mu=0.3507 | std=0.891 | f=0.4564
2025-10-13 17:48:47,962 - INFO - [round 38] pick 4/5: CC1(C)C(=O)Nc2cc3[nH]c(S)nc3cc21 | UCB=1.561 | mu=0.248 | std=0.9286 | f=0.3469
2025-10-13 17:48:48,153 - INFO - [round 38] pick 5/5: Clc1c(Cl)c2ncccc2c2cccnc12 | UCB=1.576 | mu=0.2979 | std=0.9036 | f=0.3867
2025-10-13 17:48:48,345 - INFO - Round 38 done in 114.92s; train size=205
2025-10-13 17:48:48,345 - INFO - 
--- Round 39 | trial=5 | sqrt_beta=1.4142 (beta=2.0000) | rho=0.80 | train size=205 ---
2025-10-13 17:50:46,757 - INFO - [round 39] pick 1/5: CCOC(=O)C1=C(C)NC(=O)NC1c1cccc2ccccc12 | UCB=1.632 | mu=0.5005 | std=0.8004 | f=0.6262
2025-10-13 17:50:46,952 - INFO - [round 39] pick 2/5: CCc1nn2c(=O)cc(Cn3cnc4ccccc43)nc2s1 | UCB=1.606 | mu=0.3718 | std=0.8726 | f=0.1539
2025-10-13 17:50:47,149 - INFO - [round 39] pick 3/5: COCC(=O)N(C)c1ccc(Cl)c(COc2cccn3c(Br)c(C)nc23)c1Cl | UCB=1.592 | mu=0.3145 | std=0.9033 | f=0.4817
2025-10-13 17:50:47,347 - INFO - [round 39] pick 4/5: CC1(C)OC(C=Cc2cc(Cl)cc(Cl)c2)=CC1=O | UCB=1.558 | mu=0.2461 | std=0.9279 | f=0.1301
2025-10-13 17:50:47,549 - INFO - [round 39] pick 5/5: CC(=O)C1=Nc2c(nc(N)[nH]c2=O)NC1(C)C | UCB=1.553 | mu=0.2422 | std=0.927 | f=0.1325
2025-10-13 17:50:47,753 - INFO - Round 39 done in 119.41s; train size=210
