2025-10-15 23:50:12,208 - INFO - 
--- Round 0 | trial=8 | sqrt_beta=1.4142 (beta=2.0000) | rho=0.50 | train size=10 ---
2025-10-15 23:50:23,347 - INFO - [round 0] pick 1/5: CCCCCC(=O)Nc1cc2nc(C3CCCCC3)[nH]c2cc1N(C)C | UCB=1.51 | mu=0.1567 | std=0.9569 | f=0.4454
2025-10-15 23:50:23,348 - INFO - [round 0] pick 2/5: O=C(C[S+]([O-])CC(=O)N(CC(=O)NC1CCCC1)C1CCCC1)Nc1ccc(F)cc1 | UCB=1.507 | mu=0.1577 | std=0.954 | f=0.1627
2025-10-15 23:50:23,349 - INFO - [round 0] pick 3/5: Sc1n[nH]c2c3ccccc3nc-2n1 | UCB=1.488 | mu=0.1301 | std=0.9603 | f=0
2025-10-15 23:50:23,350 - INFO - [round 0] pick 4/5: C=CCN1CCC2(CC1)c1cc(O)ccc1C(C)(C)OC2CC | UCB=1.489 | mu=0.1141 | std=0.972 | f=0.1201
2025-10-15 23:50:23,351 - INFO - [round 0] pick 5/5: C=CCNc1cccnc1C=NN=C(N)S | UCB=1.479 | mu=0.08735 | std=0.9839 | f=0.05994
2025-10-15 23:50:23,352 - INFO - Round 0 done in 11.14s; train size=15
2025-10-15 23:50:23,352 - INFO - 
--- Round 1 | trial=8 | sqrt_beta=1.4142 (beta=2.0000) | rho=0.50 | train size=15 ---
2025-10-15 23:50:36,664 - INFO - [round 1] pick 1/5: CCOc1cc(C)c(S(=O)(=O)NC2CCCCC2)cc1C | UCB=1.53 | mu=0.2 | std=0.9404 | f=0.1668
2025-10-15 23:50:36,665 - INFO - [round 1] pick 2/5: CC1CCCCC1NC(=O)CCCCCn1c(=S)[nH]c2ccsc2c1=O | UCB=1.522 | mu=0.1804 | std=0.9488 | f=0.4229
2025-10-15 23:50:36,667 - INFO - [round 1] pick 3/5: Cc1nc(SCC(=O)NCC2CCCO2)c(C#N)c(C)c1C | UCB=1.514 | mu=0.1445 | std=0.9682 | f=0.1317
2025-10-15 23:50:36,668 - INFO - [round 1] pick 4/5: CCC=CCC=CCC=CCC=CCC=CCC=CCCC(=O)Oc1ccccc1C1CCCCC1 | UCB=1.51 | mu=0.1454 | std=0.9646 | f=0.135
2025-10-15 23:50:36,670 - INFO - [round 1] pick 5/5: Cc1ccc2nc(C(=O)C(C)NC(=O)C(CC(=O)N(C)C)NC(=O)C(NC(=O)CC(C)(C)C)C(C)(C)C)oc2c1 | UCB=1.492 | mu=0.1204 | std=0.9696 | f=0.3581
2025-10-15 23:50:36,672 - INFO - Round 1 done in 13.32s; train size=20
2025-10-15 23:50:36,672 - INFO - 
--- Round 2 | trial=8 | sqrt_beta=1.4142 (beta=2.0000) | rho=0.50 | train size=20 ---
2025-10-15 23:50:52,974 - INFO - [round 2] pick 1/5: CN(C)c1ccc2nc(CCCCCCC(=O)NO)[nH]c2c1 | UCB=1.54 | mu=0.2186 | std=0.9341 | f=0.2851
2025-10-15 23:50:52,977 - INFO - [round 2] pick 2/5: CN(C)C(=O)C(NC(=O)C(CC1CCCC1)CN(O)C=O)C(C)(C)C | UCB=1.53 | mu=0.176 | std=0.9578 | f=0.009074
2025-10-15 23:50:52,979 - INFO - [round 2] pick 3/5: CCCCS(=O)(=O)Nc1ccc(C)n(CC(=O)NC2CCc3nc(N)sc3C2)c1=O | UCB=1.532 | mu=0.1955 | std=0.9449 | f=0.3752
2025-10-15 23:50:52,981 - INFO - [round 2] pick 4/5: O=C(NC1CCCCC1)N(CCN1CCOCC1)Cc1cc2cc3c(cc2nc1O)OCCO3 | UCB=1.525 | mu=0.2002 | std=0.9366 | f=0.3742
2025-10-15 23:50:52,984 - INFO - [round 2] pick 5/5: Nc1nc(N)nc(NCCCNC2CCCCC2NCCCNc2nc(N)nc(N)n2)n1 | UCB=1.512 | mu=0.1359 | std=0.9729 | f=0.3299
2025-10-15 23:50:52,987 - INFO - Round 2 done in 16.31s; train size=25
2025-10-15 23:50:52,987 - INFO - 
--- Round 3 | trial=8 | sqrt_beta=1.4142 (beta=2.0000) | rho=0.50 | train size=25 ---
2025-10-15 23:51:13,033 - INFO - [round 3] pick 1/5: CN(C(=O)CCCn1c(N)nc2cc(Cl)ccc21)C1CCCCC1 | UCB=1.554 | mu=0.2687 | std=0.9088 | f=0.41
2025-10-15 23:51:13,036 - INFO - [round 3] pick 2/5: O=C(CCCCC1CCSS1)NCCCNc1c2c(nc3sc4c(c13)CCCC4)CCCC2 | UCB=1.542 | mu=0.1871 | std=0.9578 | f=0.3234
2025-10-15 23:51:13,040 - INFO - [round 3] pick 3/5: CCCc1cc(O)nc(SCC(=O)Nc2cc(S(=O)(=O)N3CCOCC3)ccc2N(CC)CC)n1 | UCB=1.54 | mu=0.2189 | std=0.9342 | f=0.3767
2025-10-15 23:51:13,043 - INFO - [round 3] pick 4/5: CCCCCCCCCCCC(=O)NC1CCCCC1OCC(=O)NC(C)C(=O)NC(CCC(=O)O)C(N)=O | UCB=1.531 | mu=0.1909 | std=0.9473 | f=0.009508
2025-10-15 23:51:13,047 - INFO - [round 3] pick 5/5: O=C(NC1CC1)c1ccc2[nH]c(C3OC(CO)C(O)C(O)C3O)nc2c1 | UCB=1.535 | mu=0.1836 | std=0.9557 | f=0.3162
2025-10-15 23:51:13,051 - INFO - Round 3 done in 20.06s; train size=30
2025-10-15 23:51:13,052 - INFO - 
--- Round 4 | trial=8 | sqrt_beta=1.4142 (beta=2.0000) | rho=0.50 | train size=30 ---
2025-10-15 23:51:36,181 - INFO - [round 4] pick 1/5: CCCCCN1CCN(CC(=O)Nc2nc3ccc(Br)cc3s2)CC1 | UCB=1.57 | mu=0.2524 | std=0.9317 | f=0.3423
2025-10-15 23:51:36,187 - INFO - [round 4] pick 2/5: CN1CCc2nc(C(=O)NC3CCCC3NC(=O)c3cc4cc(Cl)ccc4[nH]3)sc2C1 | UCB=1.56 | mu=0.2301 | std=0.9407 | f=0.135
2025-10-15 23:51:36,192 - INFO - [round 4] pick 3/5: Nc1nc(NC(=O)CCCC2CCCCC2)nc2c1ncn2C1OC(CO)C(O)C1O | UCB=1.554 | mu=0.2406 | std=0.9285 | f=0.4112
2025-10-15 23:51:36,197 - INFO - [round 4] pick 4/5: CN(C)CCCn1c(=S)[nH]c2cc(F)c(F)cc2c1=O | UCB=1.537 | mu=0.1919 | std=0.9512 | f=0.2436
2025-10-15 23:51:36,203 - INFO - [round 4] pick 5/5: CCc1cc(I)c2c(c1)C(NCCCNc1nc(O)c3sccc3n1)CCN2 | UCB=1.554 | mu=0.2182 | std=0.9445 | f=0.1028
2025-10-15 23:51:36,208 - INFO - Round 4 done in 23.16s; train size=35
2025-10-15 23:51:36,208 - INFO - 
--- Round 5 | trial=8 | sqrt_beta=1.4142 (beta=2.0000) | rho=0.50 | train size=35 ---
2025-10-15 23:52:01,163 - INFO - [round 5] pick 1/5: CCCCn1c(SCC(=O)N2CCCC2)nc2cc(S(N)(=O)=O)ccc21 | UCB=1.568 | mu=0.2801 | std=0.911 | f=0.378
2025-10-15 23:52:01,170 - INFO - [round 5] pick 2/5: Nc1nc(CCCNC(=O)c2cc(Br)c(Br)n2C2CCCC2)c[nH]1 | UCB=1.567 | mu=0.2537 | std=0.9286 | f=0.3979
2025-10-15 23:52:01,176 - INFO - [round 5] pick 3/5: CC(C)c1nnc(NC(=O)CCCCCN2C(=O)C3C4C=CC(C4)C3C2=O)s1 | UCB=1.549 | mu=0.2174 | std=0.9417 | f=0.1401
2025-10-15 23:52:01,182 - INFO - [round 5] pick 4/5: OCCN(CCO)c1nc(N2CCCCC2)c2nc(N(CCO)CCO)ncc2n1 | UCB=1.544 | mu=0.1812 | std=0.9633 | f=0.2877
2025-10-15 23:52:01,189 - INFO - [round 5] pick 5/5: O=C(CC1CCOCC1)NC1CCC(CCN2CCC(c3cccc4c3CCO4)CC2)CC1 | UCB=1.534 | mu=0.1973 | std=0.9449 | f=0.127
2025-10-15 23:52:01,197 - INFO - Round 5 done in 24.99s; train size=40
2025-10-15 23:52:01,197 - INFO - 
--- Round 6 | trial=8 | sqrt_beta=1.4142 (beta=2.0000) | rho=0.50 | train size=40 ---
2025-10-15 23:52:28,714 - INFO - [round 6] pick 1/5: CCCCc1nc2cc(C(=O)N3CCCCC3CCO)ccc2o1 | UCB=1.575 | mu=0.293 | std=0.9068 | f=0.4082
2025-10-15 23:52:28,722 - INFO - [round 6] pick 2/5: Nc1nc(N)c2cc(CSC(=S)N3CCN(C4CCCCC4)CC3)ccc2n1 | UCB=1.569 | mu=0.2563 | std=0.9279 | f=0.3309
2025-10-15 23:52:28,730 - INFO - [round 6] pick 3/5: CCN(CC)c1nc(C)c2nc(SCC(=O)NCCN)n(CCNc3ncnc4[nH]cnc34)c2n1 | UCB=1.547 | mu=0.2072 | std=0.9471 | f=0.005254
2025-10-15 23:52:28,739 - INFO - [round 6] pick 4/5: O=c1[nH]c(=O)n(CCCC2CC2)c2nc(Cl)[nH]c12 | UCB=1.547 | mu=0.2021 | std=0.9513 | f=0.3162
2025-10-15 23:52:28,748 - INFO - [round 6] pick 5/5: NNC(=O)c1cc2c(s1)CCCCCC2 | UCB=1.534 | mu=0.1806 | std=0.9571 | f=0.1202
2025-10-15 23:52:28,757 - INFO - Round 6 done in 27.56s; train size=45
2025-10-15 23:52:28,757 - INFO - 
--- Round 7 | trial=8 | sqrt_beta=1.4142 (beta=2.0000) | rho=0.50 | train size=45 ---
2025-10-15 23:52:59,999 - INFO - [round 7] pick 1/5: Cc1ccc2nc(NCCCN3CCCCCC3=O)n(C)c(=O)c2c1 | UCB=1.577 | mu=0.2859 | std=0.9129 | f=0.3563
2025-10-15 23:53:00,009 - INFO - [round 7] pick 2/5: CC(=O)NCc1ccc(-c2csc(NC(=N)NCCCC3CCCCC3)n2)o1 | UCB=1.575 | mu=0.2875 | std=0.9107 | f=0.4004
2025-10-15 23:53:00,019 - INFO - [round 7] pick 3/5: NC(=O)C1CCN(c2cc(Cl)nc(N)n2)CC1 | UCB=1.549 | mu=0.2143 | std=0.9438 | f=0.118
2025-10-15 23:53:00,030 - INFO - [round 7] pick 4/5: C#CCSc1nc2cc(Cl)c(Cl)cc2n1C1OC(CO)C(O)C1O | UCB=1.534 | mu=0.1926 | std=0.9484 | f=0.232
2025-10-15 23:53:00,041 - INFO - [round 7] pick 5/5: CCCCCS(=O)(=O)C1CN(C(=O)C=Cc2cnc3c(c2)CCC(=O)N3)C1 | UCB=1.553 | mu=0.2252 | std=0.9392 | f=0.1335
2025-10-15 23:53:00,052 - INFO - Round 7 done in 31.30s; train size=50
2025-10-15 23:53:00,052 - INFO - 
--- Round 8 | trial=8 | sqrt_beta=1.4142 (beta=2.0000) | rho=0.50 | train size=50 ---
2025-10-15 23:53:33,419 - INFO - [round 8] pick 1/5: Cc1cccc(-c2nc(C[S+](O)CC(=O)NCCCSC3CCCCC3)c(C)o2)c1 | UCB=1.577 | mu=0.3046 | std=0.8995 | f=0.4037
2025-10-15 23:53:33,431 - INFO - [round 8] pick 2/5: O=[N+]([O-])c1ccc(NCCCCCN2CCCCC2)c2nonc12 | UCB=1.569 | mu=0.2574 | std=0.9278 | f=0.3187
2025-10-15 23:53:33,444 - INFO - [round 8] pick 3/5: NCCCC(=O)Nc1ccc2nc(S(N)(=O)=O)sc2c1 | UCB=1.552 | mu=0.2515 | std=0.9196 | f=0.2774
2025-10-15 23:53:33,456 - INFO - [round 8] pick 4/5: Nc1nc2cc3c(cc2o1)C12CCCCC1C(C3)N(CC1CCC1)CC2 | UCB=1.552 | mu=0.2217 | std=0.9404 | f=0.3495
2025-10-15 23:53:33,470 - INFO - [round 8] pick 5/5: CN(CCO)c1nc(=O)c2c([nH]1)CCC2 | UCB=1.536 | mu=0.1851 | std=0.9556 | f=0.1082
2025-10-15 23:53:33,484 - INFO - Round 8 done in 33.43s; train size=55
2025-10-15 23:53:33,484 - INFO - 
--- Round 9 | trial=8 | sqrt_beta=1.4142 (beta=2.0000) | rho=0.50 | train size=55 ---
2025-10-15 23:54:09,566 - INFO - [round 9] pick 1/5: COCCCNC(=O)CSc1nc2cc(S(=O)(=O)N3CCCCC3)ccc2o1 | UCB=1.579 | mu=0.3324 | std=0.8811 | f=0.3794
2025-10-15 23:54:09,581 - INFO - [round 9] pick 2/5: Brc1cnc2[nH]c(CCC3CCCCC3)nc2c1 | UCB=1.571 | mu=0.2883 | std=0.9071 | f=0.3568
2025-10-15 23:54:09,596 - INFO - [round 9] pick 3/5: CCCCC1CCCCC(C)C(O)c2cc(O)c(c(O)c2)C(CCCCCl)CCCCC(C)C(O)c2cc(O)c1c(O)c2 | UCB=1.548 | mu=0.2062 | std=0.9486 | f=0.3711
2025-10-15 23:54:09,612 - INFO - [round 9] pick 4/5: CCCN(CCC)C1COc2c(ccc3sc(N)nc23)C1 | UCB=1.546 | mu=0.2096 | std=0.9451 | f=0.3028
2025-10-15 23:54:09,628 - INFO - [round 9] pick 5/5: O=C(Cc1csc(N2CCOCC2)n1)NN=Cc1ccc(O)c(O)c1O | UCB=1.548 | mu=0.2213 | std=0.9383 | f=0.2865
2025-10-15 23:54:09,644 - INFO - Round 9 done in 36.16s; train size=60
2025-10-15 23:54:09,644 - INFO - 
--- Round 10 | trial=8 | sqrt_beta=1.4142 (beta=2.0000) | rho=0.50 | train size=60 ---
2025-10-15 23:54:49,485 - INFO - [round 10] pick 1/5: O=C1N=C(O)C(=Cc2ccc(OCCCCC3CCCCC3)c(Cl)c2)S1 | UCB=1.586 | mu=0.3157 | std=0.8979 | f=0.138
2025-10-15 23:54:49,503 - INFO - [round 10] pick 2/5: Cc1nc2ccc(S(=O)(=O)NCC(=O)NCCN3CCCCC3C)cc2s1 | UCB=1.574 | mu=0.3136 | std=0.8911 | f=0.4082
2025-10-15 23:54:49,521 - INFO - [round 10] pick 3/5: O=c1oc(CCCO)cc2ccc(C#CC3(O)CCCCC3)cc12 | UCB=1.572 | mu=0.2507 | std=0.9344 | f=0.3062
2025-10-15 23:54:49,539 - INFO - [round 10] pick 4/5: CCCc1noc(CN2CCC(N(C)Cc3nnc(C4CC4)o3)C2)n1 | UCB=1.548 | mu=0.2039 | std=0.9504 | f=0.3673
2025-10-15 23:54:49,558 - INFO - [round 10] pick 5/5: Brc1cc(Br)c2nc(SCCN3CCOCC3)[nH]c2c1 | UCB=1.548 | mu=0.235 | std=0.9286 | f=0.2395
2025-10-15 23:54:49,577 - INFO - Round 10 done in 39.93s; train size=65
2025-10-15 23:54:49,577 - INFO - 
--- Round 11 | trial=8 | sqrt_beta=1.4142 (beta=2.0000) | rho=0.50 | train size=65 ---
2025-10-15 23:55:30,775 - INFO - [round 11] pick 1/5: CCCn1c(=O)c2nc(C3CCCCC3)[nH]c2n(CCCCCc2ccc(S(=O)(=O)F)cc2)c1=O | UCB=1.582 | mu=0.3139 | std=0.8966 | f=0.1418
2025-10-15 23:55:30,920 - INFO - [round 11] pick 2/5: COc1cc2nc(N3CCCC3)nc(NCCCC3CCNCC3)c2cc1OC | UCB=1.568 | mu=0.2706 | std=0.9171 | f=0.3612
2025-10-15 23:55:30,941 - INFO - [round 11] pick 3/5: CCCc1cccc(C=CC2C3CCCCC3CC3C(=O)OC(C)C32)n1 | UCB=1.568 | mu=0.245 | std=0.9357 | f=0.1632
2025-10-15 23:55:30,963 - INFO - [round 11] pick 4/5: ON=C(O)CCCCN=C(O)c1nc(-c2nc(C3CC3)cs2)sc1C1CC1 | UCB=1.556 | mu=0.2135 | std=0.9493 | f=0.3371
2025-10-15 23:55:30,985 - INFO - [round 11] pick 5/5: Cc1ccc2c(=O)c(CSC(=S)N(CCCl)CCCl)coc2c1 | UCB=1.534 | mu=0.1983 | std=0.9446 | f=0.2157
2025-10-15 23:55:31,008 - INFO - Round 11 done in 41.43s; train size=70
2025-10-15 23:55:31,008 - INFO - 
--- Round 12 | trial=8 | sqrt_beta=1.4142 (beta=2.0000) | rho=0.50 | train size=70 ---
2025-10-15 23:56:17,149 - INFO - [round 12] pick 1/5: Cc1c(C(=O)N2CCCC2)oc2c1-c1nn(CC(=O)NCCCN3CCCCC3C)cc1CC2 | UCB=1.57 | mu=0.2738 | std=0.9165 | f=0.3969
2025-10-15 23:56:17,173 - INFO - [round 12] pick 2/5: NC(=O)c1ccc2c(c1)nc(C1CCC(O)CC1)n2CCO | UCB=1.568 | mu=0.2918 | std=0.9024 | f=0.3565
2025-10-15 23:56:17,198 - INFO - [round 12] pick 3/5: COc1ccc(Cc2noc(CN(C)CC3(N4CCOCC4)CCCCC3)n2)cc1OC | UCB=1.562 | mu=0.2674 | std=0.9154 | f=0.3173
2025-10-15 23:56:17,223 - INFO - [round 12] pick 4/5: O=C(O)CCNCc1cc(Br)cc2nc(O)c(O)nc12 | UCB=1.551 | mu=0.2264 | std=0.9364 | f=0.2774
2025-10-15 23:56:17,248 - INFO - [round 12] pick 5/5: O=C1C=C2C(C#CCCCCl)=CC3CC2(O1)C1CCCCN31 | UCB=1.555 | mu=0.2143 | std=0.9477 | f=0.006716
2025-10-15 23:56:17,275 - INFO - Round 12 done in 46.27s; train size=75
2025-10-15 23:56:17,275 - INFO - 
--- Round 13 | trial=8 | sqrt_beta=1.4142 (beta=2.0000) | rho=0.50 | train size=75 ---
2025-10-15 23:57:04,164 - INFO - [round 13] pick 1/5: CN(CCCC(=O)NCCO)C(=O)c1ccc2c(c1)c1c(n2C)CCC(C2CCOCC2)C1 | UCB=1.575 | mu=0.2832 | std=0.9137 | f=0.4126
2025-10-15 23:57:04,191 - INFO - [round 13] pick 2/5: Nc1cc(C(=O)N2CCCCC2)cc2nc(-c3ccc(Br)o3)nn12 | UCB=1.572 | mu=0.2832 | std=0.9111 | f=0.1074
2025-10-15 23:57:04,219 - INFO - [round 13] pick 3/5: CSCCCN1CCCC1c1noc(C)n1 | UCB=1.548 | mu=0.2137 | std=0.9434 | f=0.1244
2025-10-15 23:57:04,247 - INFO - [round 13] pick 4/5: CCCCC1CN(C(CC2CCCCC2)CN2CCCC2CN2C(N)=NCC2C)C(=N)N1CCc1cc(C(F)(F)F)cc(C(F)(F)F)c1 | UCB=1.556 | mu=0.2332 | std=0.9354 | f=0.1308
2025-10-15 23:57:04,276 - INFO - [round 13] pick 5/5: COCCN=C(S)NCCCNc1nc2cc3c(cc2cc1C#N)OCO3 | UCB=1.545 | mu=0.2196 | std=0.9372 | f=0.2382
2025-10-15 23:57:04,307 - INFO - Round 13 done in 47.03s; train size=80
2025-10-15 23:57:04,307 - INFO - 
--- Round 14 | trial=8 | sqrt_beta=1.4142 (beta=2.0000) | rho=0.50 | train size=80 ---
2025-10-15 23:57:55,485 - INFO - [round 14] pick 1/5: O=C(NCCCOc1ccc2nc(O)ccc2c1)N(C1CC1)C1CCCC1O | UCB=1.574 | mu=0.2858 | std=0.9107 | f=0.3907
2025-10-15 23:57:55,516 - INFO - [round 14] pick 2/5: CCOC(=O)C1CCCCN1CC(=O)Nc1nc2cc3nc(NC(=O)CN4CCCCC4C(=O)OCC)sc3cc2s1 | UCB=1.562 | mu=0.2643 | std=0.9173 | f=0.1773
2025-10-15 23:57:55,547 - INFO - [round 14] pick 3/5: CN(C)CCCNc1nc2cccc(N(C)CCN(C)C)c2o1 | UCB=1.551 | mu=0.2271 | std=0.9359 | f=0.2339
2025-10-15 23:57:55,580 - INFO - [round 14] pick 4/5: Cc1ncoc1-c1nnc(SCCCN2CCc3cc4nc(C5CC5)oc4cc3CC2)n1C | UCB=1.556 | mu=0.2427 | std=0.9289 | f=0.00554
2025-10-15 23:57:55,613 - INFO - [round 14] pick 5/5: N=C(N)NCCCC1NC(=O)CC2OC(CNC(=O)CC3OC(CNC(=O)C(CC(=O)O)NC(=O)CNC1=O)C(O)C3O)C(O)C2O | UCB=1.536 | mu=0.1716 | std=0.9648 | f=0.006122
2025-10-15 23:57:55,647 - INFO - Round 14 done in 51.34s; train size=85
2025-10-15 23:57:55,647 - INFO - 
--- Round 15 | trial=8 | sqrt_beta=1.4142 (beta=2.0000) | rho=0.50 | train size=85 ---
2025-10-15 23:58:48,306 - INFO - [round 15] pick 1/5: CCN(CC)CCCNC(=O)CCC(=O)Nc1ccc2nc(N3CCCCC3)cc(C)c2c1 | UCB=1.568 | mu=0.3229 | std=0.8804 | f=0.4025
2025-10-15 23:58:48,342 - INFO - [round 15] pick 2/5: CC(C)(C)Cc1nc2cc(S(=O)(=O)C(C)(C)CO)ccc2n1CC1CC1 | UCB=1.56 | mu=0.2744 | std=0.909 | f=0.3464
2025-10-15 23:58:48,378 - INFO - [round 15] pick 3/5: O=C(NCCCNc1nc(Nc2cnn(C3CCC3)c2)ncc1C1CC1)C1CCC1 | UCB=1.564 | mu=0.2695 | std=0.915 | f=0.3821
2025-10-15 23:58:48,414 - INFO - [round 15] pick 4/5: COc1cc(CCNCCCO)c(Br)cc1Br | UCB=1.538 | mu=0.2053 | std=0.9422 | f=0.09238
2025-10-15 23:58:48,451 - INFO - [round 15] pick 5/5: CC1CCC2(C(=O)N(CCO)CCO)CCC3(C)C(=CCC4C5(C)CCC(O)C(C)(C)C5CCC43C)C2C1C | UCB=1.529 | mu=0.169 | std=0.9619 | f=0.006537
2025-10-15 23:58:48,489 - INFO - Round 15 done in 52.84s; train size=90
2025-10-15 23:58:48,490 - INFO - 
--- Round 16 | trial=8 | sqrt_beta=1.4142 (beta=2.0000) | rho=0.50 | train size=90 ---
2025-10-15 23:59:46,342 - INFO - [round 16] pick 1/5: CC(=O)NCc1nc2cnc3[nH]ccc3c2n1C1CCCCC1 | UCB=1.57 | mu=0.3137 | std=0.8885 | f=0.147
2025-10-15 23:59:46,381 - INFO - [round 16] pick 2/5: CC1CCN(S(=O)(=O)c2ccc3c(c2)N(CC(=O)NCCCN2C(C)CCCC2C)C(=O)CO3)CC1 | UCB=1.562 | mu=0.2915 | std=0.8985 | f=0.1481
2025-10-15 23:59:46,422 - INFO - [round 16] pick 3/5: CCCc1nc(CN(CC)C(=O)c2ccc3ncsc3c2)no1 | UCB=1.556 | mu=0.2595 | std=0.9166 | f=0.1087
2025-10-15 23:59:46,463 - INFO - [round 16] pick 4/5: Nc1cc(F)ccc1N=C(O)CCCCCN=C(O)CN1CCOCC1 | UCB=1.536 | mu=0.2301 | std=0.9234 | f=0.1105
2025-10-15 23:59:46,505 - INFO - [round 16] pick 5/5: O=[N+]([O-])c1cc2nc(O)[nH]c2cc1NCCO | UCB=1.533 | mu=0.2208 | std=0.9277 | f=0.2104
2025-10-15 23:59:46,548 - INFO - Round 16 done in 58.06s; train size=95
2025-10-15 23:59:46,548 - INFO - 
--- Round 17 | trial=8 | sqrt_beta=1.4142 (beta=2.0000) | rho=0.50 | train size=95 ---
2025-10-16 00:00:45,239 - INFO - [round 17] pick 1/5: Cc1nc2cc(NC(=O)NCCC3=CCCCC3)ccc2o1 | UCB=1.56 | mu=0.2836 | std=0.9025 | f=0.3264
2025-10-16 00:00:45,283 - INFO - [round 17] pick 2/5: COc1ccc2nc3cc(Cl)ccc3c(NCCCSCC3CCCN4CCCCC34)c2c1 | UCB=1.555 | mu=0.272 | std=0.9069 | f=0.139
2025-10-16 00:00:45,328 - INFO - [round 17] pick 3/5: O=C(NCCCCCC(=O)C(F)(F)F)c1nc(-c2nccs2)sc1C1CC1 | UCB=1.536 | mu=0.2464 | std=0.912 | f=0.3384
2025-10-16 00:00:45,373 - INFO - [round 17] pick 4/5: O=c1nc(NO)c(CO)cn1C1CC(O)C(CCO)O1 | UCB=1.524 | mu=0.1875 | std=0.9453 | f=0.1194
2025-10-16 00:00:45,420 - INFO - [round 17] pick 5/5: CCN(CC)CCNc1nc(NC2CCCCCC2)nc(NC23CC4CC(CC(C4)C2)C3)n1 | UCB=1.532 | mu=0.2092 | std=0.9355 | f=0.1465
2025-10-16 00:00:45,467 - INFO - Round 17 done in 58.92s; train size=100
2025-10-16 00:00:45,467 - INFO - 
--- Round 18 | trial=8 | sqrt_beta=1.4142 (beta=2.0000) | rho=0.50 | train size=100 ---
2025-10-16 00:01:47,103 - INFO - [round 18] pick 1/5: Cc1ccn2c(O)c(C(=O)NCCCN3CCCCC3C)c(=O)nc2c1 | UCB=1.554 | mu=0.335 | std=0.8621 | f=0.4132
2025-10-16 00:01:47,152 - INFO - [round 18] pick 2/5: Cc1ccsc1-c1nc(CN(C)C(C2CC2)C2CC2)c(C)o1 | UCB=1.543 | mu=0.2275 | std=0.9305 | f=0.3305
2025-10-16 00:01:47,201 - INFO - [round 18] pick 3/5: O=C(O)CC(NC(=O)CCCCc1ccc2c(n1)NCCC2)c1cncnc1 | UCB=1.538 | mu=0.2253 | std=0.9279 | f=0.3549
2025-10-16 00:01:47,252 - INFO - [round 18] pick 4/5: O=c1c2cc(NC(=S)NCCN3CCCCCC3)ccc2nc2n1CCCCC2 | UCB=1.551 | mu=0.281 | std=0.8979 | f=0.3015
2025-10-16 00:01:47,304 - INFO - [round 18] pick 5/5: N#CCc1c(N)nc(N)n(CCOCP(=O)(O)O)c1=O | UCB=1.512 | mu=0.1575 | std=0.9577 | f=0.09661
2025-10-16 00:01:47,356 - INFO - Round 18 done in 61.89s; train size=105
2025-10-16 00:01:47,356 - INFO - 
--- Round 19 | trial=8 | sqrt_beta=1.4142 (beta=2.0000) | rho=0.50 | train size=105 ---
2025-10-16 00:02:52,931 - INFO - [round 19] pick 1/5: CN(CC(=O)Nc1cc(-n2nnnc2C2CC2)ccc1F)C1CCC1 | UCB=1.554 | mu=0.2687 | std=0.9089 | f=0.3703
2025-10-16 00:02:52,986 - INFO - [round 19] pick 2/5: CCCCCc1cc2[nH]c(C)nc(N3CCCCC3)c-2n1 | UCB=1.547 | mu=0.2897 | std=0.8891 | f=0.006558
2025-10-16 00:02:53,042 - INFO - [round 19] pick 3/5: CCC(=O)NCCC1CCc2ccc3c(c21)OCCO3 | UCB=1.554 | mu=0.25 | std=0.9218 | f=0.1334
2025-10-16 00:02:53,098 - INFO - [round 19] pick 4/5: N=C(N)Nc1nc(CSCCNC2=NS(=O)(=O)c3cscc32)cs1 | UCB=1.523 | mu=0.1763 | std=0.9524 | f=0.2303
2025-10-16 00:02:53,154 - INFO - [round 19] pick 5/5: CN(C)C1(c2nc(-c3cc(C(C)(C)C)cc(C(C)(C)C)c3)cs2)CCOCC1 | UCB=1.528 | mu=0.198 | std=0.9406 | f=0.2236
2025-10-16 00:02:53,212 - INFO - Round 19 done in 65.86s; train size=110
2025-10-16 00:02:53,212 - INFO - 
--- Round 20 | trial=8 | sqrt_beta=1.4142 (beta=2.0000) | rho=0.50 | train size=110 ---
2025-10-16 00:04:01,164 - INFO - [round 20] pick 1/5: CNC(=O)c1c(NC(=O)c2nc(C3CC3)ccc2Nc2cncnc2)cnn1CC1CC1 | UCB=1.56 | mu=0.2571 | std=0.9213 | f=0.1301
2025-10-16 00:04:01,223 - INFO - [round 20] pick 2/5: CN(CCNCC(O)c1cc(C(F)(F)F)nc2c(C(F)(F)F)cccc12)C1CCCC1 | UCB=1.552 | mu=0.2578 | std=0.9151 | f=0.3612
2025-10-16 00:04:01,283 - INFO - [round 20] pick 3/5: Cc1nc2n(n1)CC(NCCC(=O)Nc1cc(C)on1)CC2 | UCB=1.551 | mu=0.2428 | std=0.9247 | f=0.3416
2025-10-16 00:04:01,343 - INFO - [round 20] pick 4/5: NCCC(=O)NC(Cc1ccc(Cl)cc1Cl)C(=O)N1CCN(C2(CNCc3nccs3)CCCCC2)CC1 | UCB=1.54 | mu=0.2388 | std=0.9199 | f=0.3634
2025-10-16 00:04:01,405 - INFO - [round 20] pick 5/5: C=CCN(CC=C)C1Cc2cccc3nc(O)n(c23)C1 | UCB=1.533 | mu=0.2062 | std=0.9382 | f=0.2405
2025-10-16 00:04:01,469 - INFO - Round 20 done in 68.26s; train size=115
2025-10-16 00:04:01,469 - INFO - 
--- Round 21 | trial=8 | sqrt_beta=1.4142 (beta=2.0000) | rho=0.50 | train size=115 ---
2025-10-16 00:05:10,547 - INFO - [round 21] pick 1/5: COc1cc(NC(C)CCCNC(=O)NC2CCCC2)c2ncccc2c1 | UCB=1.557 | mu=0.285 | std=0.8992 | f=0.4382
2025-10-16 00:05:10,611 - INFO - [round 21] pick 2/5: CNc1nc2c(cc(C(=O)N(C)C3CC3)n2CC(O)CO)c2c1ncn2C | UCB=1.553 | mu=0.2466 | std=0.9236 | f=0.1341
2025-10-16 00:05:10,676 - INFO - [round 21] pick 3/5: O=C(CCCCC1CCSS1)NCCCCCN=c1c2ccc(Cl)cc2nc2n1CCC2 | UCB=1.554 | mu=0.3105 | std=0.879 | f=0.3277
2025-10-16 00:05:10,743 - INFO - [round 21] pick 4/5: CN(CC(=O)Nc1ccc(F)c(F)c1F)C(=O)CCc1nc(O)c2c3c(sc2n1)CCCC3 | UCB=1.546 | mu=0.2499 | std=0.9165 | f=0.1296
2025-10-16 00:05:10,810 - INFO - [round 21] pick 5/5: FC(F)(F)c1ccc2nc(C3CCN(C4CCOCC4)C3)[nH]c2c1 | UCB=1.531 | mu=0.2371 | std=0.9152 | f=0.2774
2025-10-16 00:05:10,879 - INFO - Round 21 done in 69.41s; train size=120
2025-10-16 00:05:10,879 - INFO - 
--- Round 22 | trial=8 | sqrt_beta=1.4142 (beta=2.0000) | rho=0.50 | train size=120 ---
2025-10-16 00:06:23,861 - INFO - [round 22] pick 1/5: O=C(NCCCCCn1c(C2CCNCC2)nc2cc(Cl)c(Cl)cc21)c1ccccc1 | UCB=1.558 | mu=0.3059 | std=0.8851 | f=0.1179
2025-10-16 00:06:23,932 - INFO - [round 22] pick 2/5: O=C(NC1CCCC1)c1c(O)nc2sccn2c1=O | UCB=1.551 | mu=0.2852 | std=0.8953 | f=0.4102
2025-10-16 00:06:24,003 - INFO - [round 22] pick 3/5: Cc1ccc(C)c(NC(=O)Cc2nc(CNCC(C)C)cs2)c1 | UCB=1.543 | mu=0.2548 | std=0.9107 | f=0.3123
2025-10-16 00:06:24,075 - INFO - [round 22] pick 4/5: c1cc2c(cc1CN(Cc1nc(C3CC3)no1)C1CCCC1)OCO2 | UCB=1.547 | mu=0.272 | std=0.9015 | f=0.3397
2025-10-16 00:06:24,148 - INFO - [round 22] pick 5/5: C#CCOCCOCCOCCNc1nc(N2CCOCC2)nc(N2CCN(C(=O)Cn3cc(CCCN=C(N)N)nn3)CC2)n1 | UCB=1.513 | mu=0.1715 | std=0.9482 | f=0.281
2025-10-16 00:06:24,222 - INFO - Round 22 done in 73.34s; train size=125
2025-10-16 00:06:24,222 - INFO - 
--- Round 23 | trial=8 | sqrt_beta=1.4142 (beta=2.0000) | rho=0.50 | train size=125 ---
2025-10-16 00:07:38,100 - INFO - [round 23] pick 1/5: Cc1ccc(-c2noc(CCCC(=O)NC3CCCCC3)n2)cc1 | UCB=1.56 | mu=0.3527 | std=0.8536 | f=0.4066
2025-10-16 00:07:38,177 - INFO - [round 23] pick 2/5: CN(C)Cc1cc(=O)n2c(n1)CN(C(=O)Cc1ccsc1)CCC2 | UCB=1.553 | mu=0.2579 | std=0.9159 | f=0.3347
2025-10-16 00:07:38,254 - INFO - [round 23] pick 3/5: Nc1c2c(nc3cc(O)ccc13)CCCC2O | UCB=1.538 | mu=0.2333 | std=0.9224 | f=0.25
2025-10-16 00:07:38,332 - INFO - [round 23] pick 4/5: NCCCCNC(=O)C1C(C(=O)Nc2ncc(Br)s2)C2CCC1C21CC1 | UCB=1.528 | mu=0.2141 | std=0.9292 | f=0.1434
2025-10-16 00:07:38,412 - INFO - [round 23] pick 5/5: COCCOCCOCCOCCOCCOCCOCCOCCOCCOC1CCC2(O)C3Cc4ccc(O)c5c4C2(CCN3CC2CCC2)C1O5 | UCB=1.507 | mu=0.149 | std=0.9603 | f=0.1074
2025-10-16 00:07:38,493 - INFO - Round 23 done in 74.27s; train size=130
2025-10-16 00:07:38,493 - INFO - 
--- Round 24 | trial=8 | sqrt_beta=1.4142 (beta=2.0000) | rho=0.50 | train size=130 ---
2025-10-16 00:08:59,542 - INFO - [round 24] pick 1/5: CNC(=O)C1CCCCN1C(=O)c1csc(-c2ccc(C)o2)n1 | UCB=1.56 | mu=0.2869 | std=0.8999 | f=0.4152
2025-10-16 00:08:59,625 - INFO - [round 24] pick 2/5: CC1OC(n2cnc3c(NC4CCCC4)ncnc32)C(O)C1NC(=O)CCCc1cccs1 | UCB=1.556 | mu=0.2874 | std=0.8973 | f=0.147
2025-10-16 00:08:59,709 - INFO - [round 24] pick 3/5: Brc1ccc2cc(CC3CCCN3)[nH]c2n1 | UCB=1.539 | mu=0.223 | std=0.9303 | f=0.2511
2025-10-16 00:08:59,795 - INFO - [round 24] pick 4/5: Cn1c(C(O)CCC(=O)O)nc2ccc(NCCCl)cc21 | UCB=1.539 | mu=0.2523 | std=0.9096 | f=0.3348
2025-10-16 00:08:59,881 - INFO - [round 24] pick 5/5: NC(C(=O)Nc1nnc(CCSCCc2nnc(NC(=O)C(N)C3CCCC3)s2)s1)C1CCCC1 | UCB=1.527 | mu=0.2106 | std=0.9306 | f=0.4124
2025-10-16 00:08:59,968 - INFO - Round 24 done in 81.48s; train size=135
2025-10-16 00:08:59,969 - INFO - 
--- Round 25 | trial=8 | sqrt_beta=1.4142 (beta=2.0000) | rho=0.50 | train size=135 ---
2025-10-16 00:10:20,217 - INFO - [round 25] pick 1/5: COc1ccc(OC)c(NC(=O)CSc2nnnn2C2CCCC2)c1 | UCB=1.564 | mu=0.3081 | std=0.8879 | f=0.4032
2025-10-16 00:10:20,306 - INFO - [round 25] pick 2/5: Cc1cc(C(=O)NCCc2nc(C(O)=NCCN(C)C)cs2)no1 | UCB=1.544 | mu=0.2506 | std=0.9145 | f=0.3225
2025-10-16 00:10:20,397 - INFO - [round 25] pick 3/5: CN(CC1CC1)CC1CCCCN1C(=O)Cc1ccc2c(c1)CCCC2=O | UCB=1.557 | mu=0.2875 | std=0.8976 | f=0.1496
2025-10-16 00:10:20,489 - INFO - [round 25] pick 4/5: Cc1cc(C)cc(NC2=NCCCS2)c1 | UCB=1.536 | mu=0.2024 | std=0.9429 | f=0.09409
2025-10-16 00:10:20,582 - INFO - [round 25] pick 5/5: CCCSc1sc(N)nc1-c1ccc(P(=O)(NC(C)C(=O)OC2CCCCCC2)NC(C)C(=O)OC2CCCCCC2)o1 | UCB=1.549 | mu=0.2432 | std=0.9236 | f=0.4624
2025-10-16 00:10:20,677 - INFO - Round 25 done in 80.71s; train size=140
2025-10-16 00:10:20,677 - INFO - 
--- Round 26 | trial=8 | sqrt_beta=1.4142 (beta=2.0000) | rho=0.50 | train size=140 ---
2025-10-16 00:11:43,797 - INFO - [round 26] pick 1/5: CCCC1(C(=O)NO)CC(c2ccc(OC)c(OC3CCCC3)c2)=NO1 | UCB=1.563 | mu=0.2926 | std=0.898 | f=0.1638
2025-10-16 00:11:43,895 - INFO - [round 26] pick 2/5: CON=C(C(=O)NC1C(=O)N2C(C(=O)[O-])=C(C[N+]3(C)CCCC3)CSC12)c1csc(N)n1 | UCB=1.554 | mu=0.2247 | std=0.9401 | f=0.1507
2025-10-16 00:11:43,994 - INFO - [round 26] pick 3/5: O=C(O)CNCCNc1nc2ccccc2n(C2CC3CCC(C2)N3C2CCCCCCC2)c1=O | UCB=1.558 | mu=0.2875 | std=0.8981 | f=0.4206
2025-10-16 00:11:44,093 - INFO - [round 26] pick 4/5: CC(C)Cc1sc(N)nc1-c1ccc(P(=O)(OCC(=O)OC(C)(C)C)OCC(=O)OC(C)(C)C)o1 | UCB=1.537 | mu=0.2233 | std=0.9288 | f=0.3288
2025-10-16 00:11:44,193 - INFO - [round 26] pick 5/5: Cc1cnc(CN(C)C2CCN(CC(=O)Nc3nccs3)C2)o1 | UCB=1.546 | mu=0.268 | std=0.9039 | f=0.3374
2025-10-16 00:11:44,294 - INFO - Round 26 done in 83.62s; train size=145
2025-10-16 00:11:44,294 - INFO - 
--- Round 27 | trial=8 | sqrt_beta=1.4142 (beta=2.0000) | rho=0.50 | train size=145 ---
2025-10-16 00:13:10,000 - INFO - [round 27] pick 1/5: COCCN(C)C1CCC(NC(=O)c2cc3c(C)nn(C4CCCCC4)c3s2)CC1 | UCB=1.56 | mu=0.2976 | std=0.8924 | f=0.4352
2025-10-16 00:13:10,103 - INFO - [round 27] pick 2/5: CC(=O)NC(C)c1nc2ccccc2n1CCNC(=O)C1CCCN1c1nc(CN2CCCCC2)cs1 | UCB=1.554 | mu=0.2935 | std=0.8913 | f=0.1487
2025-10-16 00:13:10,214 - INFO - [round 27] pick 3/5: Nc1nc(-c2cccs2)c(CC(=O)O)s1 | UCB=1.535 | mu=0.2249 | std=0.9263 | f=0.2368
2025-10-16 00:13:10,320 - INFO - [round 27] pick 4/5: CC(C)CCNC(=O)c1onc(CSc2ccncc2)c1C(=O)NCCC(C)C | UCB=1.54 | mu=0.2273 | std=0.9282 | f=0.3549
2025-10-16 00:13:10,427 - INFO - [round 27] pick 5/5: O=S(=O)(CC1CCCCO1)Nc1cnn(CC(F)F)c1 | UCB=1.526 | mu=0.1919 | std=0.943 | f=0.1397
2025-10-16 00:13:10,536 - INFO - Round 27 done in 86.24s; train size=150
2025-10-16 00:13:10,536 - INFO - 
--- Round 28 | trial=8 | sqrt_beta=1.4142 (beta=2.0000) | rho=0.50 | train size=150 ---
2025-10-16 00:14:38,992 - INFO - [round 28] pick 1/5: CONC(=O)N(Cc1ccsc1)C1CCN(C(C)CCNC(=O)c2c(C)cc(Cl)nc2Cl)CC1 | UCB=1.562 | mu=0.2943 | std=0.8962 | f=0.4211
2025-10-16 00:14:39,104 - INFO - [round 28] pick 2/5: O=C(CSc1nnc(-c2ccco2)o1)N(C1CCCCC1)C1CCCCC1 | UCB=1.561 | mu=0.2849 | std=0.9025 | f=0.3562
2025-10-16 00:14:39,216 - INFO - [round 28] pick 3/5: CNS(=O)(=O)c1ccc(C(=O)NC2CCc3nc(C)cn3C2)o1 | UCB=1.551 | mu=0.2663 | std=0.9087 | f=0.3402
2025-10-16 00:14:39,329 - INFO - [round 28] pick 4/5: CC(C)Cc1nnc(NC(=O)CSc2nc(N)cc(O)n2)s1 | UCB=1.534 | mu=0.2471 | std=0.9098 | f=0.3015
2025-10-16 00:14:39,444 - INFO - [round 28] pick 5/5: COc1cc(NC(C)CCCNC(C)CCCNC(C)CCCNC(C)CCCN)c2nc(C(C)(C)C)ccc2c1 | UCB=1.523 | mu=0.2182 | std=0.9225 | f=0.2634
2025-10-16 00:14:39,559 - INFO - Round 28 done in 89.02s; train size=155
2025-10-16 00:14:39,559 - INFO - 
--- Round 29 | trial=8 | sqrt_beta=1.4142 (beta=2.0000) | rho=0.50 | train size=155 ---
2025-10-16 00:16:09,812 - INFO - [round 29] pick 1/5: Cc1ccc2snc(NC(=O)C(C)NC3CCCCC3)c2c1 | UCB=1.562 | mu=0.3267 | std=0.8733 | f=0.4311
2025-10-16 00:16:09,929 - INFO - [round 29] pick 2/5: CCOc1ccc2[nH]c(SCC(=O)N(C)C3CCS(=O)(=O)C3)nc2c1 | UCB=1.553 | mu=0.2699 | std=0.9076 | f=0.3703
2025-10-16 00:16:10,048 - INFO - [round 29] pick 3/5: CC(=O)NCCNC(=O)CCCc1nnc2n(CC(C)C)c(=O)c3sccc3n12 | UCB=1.539 | mu=0.2539 | std=0.9088 | f=0.1305
2025-10-16 00:16:10,169 - INFO - [round 29] pick 4/5: COc1ccc(OC)c2c1CC(O)C(NCCC(C1CCCCC1)C1CCCCC1)C2 | UCB=1.553 | mu=0.2792 | std=0.9008 | f=0.1502
2025-10-16 00:16:10,291 - INFO - [round 29] pick 5/5: C=CCNc1nc(C(=O)NN=CC=Cc2ccc([N+](=O)[O-])o2)cs1 | UCB=1.537 | mu=0.2154 | std=0.9344 | f=0.2124
2025-10-16 00:16:10,414 - INFO - Round 29 done in 90.86s; train size=160
2025-10-16 00:16:10,414 - INFO - 
--- Round 30 | trial=8 | sqrt_beta=1.4142 (beta=2.0000) | rho=0.50 | train size=160 ---
2025-10-16 00:17:44,440 - INFO - [round 30] pick 1/5: Cc1ccc(SC2CCCC2)c(C(=O)NCCc2n[nH]c(=O)[nH]2)c1 | UCB=1.565 | mu=0.3145 | std=0.884 | f=0.3963
2025-10-16 00:17:44,566 - INFO - [round 30] pick 2/5: Cc1ccc(-c2nnn(CC(=O)N(CCO)C(C(=O)NC3CCCCC3)c3ccncc3)n2)o1 | UCB=1.564 | mu=0.3148 | std=0.8835 | f=0.1569
2025-10-16 00:17:44,693 - INFO - [round 30] pick 3/5: COC(=O)c1sc(C(C)(C)C)cc1NC(=O)Nc1nc(C)co1 | UCB=1.537 | mu=0.2303 | std=0.9239 | f=0.3003
2025-10-16 00:17:44,822 - INFO - [round 30] pick 4/5: N#Cc1ccc2[nH]c(N3CCN(C4CNC(C(=O)N5CCSC5)C4)CC3)nc2c1 | UCB=1.54 | mu=0.2262 | std=0.9294 | f=0.2887
2025-10-16 00:17:44,952 - INFO - [round 30] pick 5/5: CNC(C)C(O)=Nc1ccc2c(n1)CN(C(C)C)C(O)=N2 | UCB=1.529 | mu=0.1947 | std=0.9433 | f=0.1237
2025-10-16 00:17:45,083 - INFO - Round 30 done in 94.67s; train size=165
2025-10-16 00:17:45,083 - INFO - 
--- Round 31 | trial=8 | sqrt_beta=1.4142 (beta=2.0000) | rho=0.50 | train size=165 ---
2025-10-16 00:19:20,998 - INFO - [round 31] pick 1/5: CC(C)(C)C1CCC(C(=O)OCC(=O)Nc2ccc3[nH]c(O)nc3c2)CC1 | UCB=1.567 | mu=0.3117 | std=0.8876 | f=0.4212
2025-10-16 00:19:21,132 - INFO - [round 31] pick 2/5: CC(C)c1cn2c(Cl)c(C(=O)N3CCN(C4CCCC4)C(=O)C3)nc2s1 | UCB=1.549 | mu=0.2678 | std=0.906 | f=0.4132
2025-10-16 00:19:21,268 - INFO - [round 31] pick 3/5: COc1ccc(CCCc2nnc(SCC(=O)NN)o2)c(C)c1 | UCB=1.545 | mu=0.2729 | std=0.8996 | f=0.2817
2025-10-16 00:19:21,404 - INFO - [round 31] pick 4/5: N#Cc1ccc(NCCCNCC(=O)N2CCCC2C#N)nc1 | UCB=1.54 | mu=0.2372 | std=0.921 | f=0.1241
2025-10-16 00:19:21,541 - INFO - [round 31] pick 5/5: O=C(NCc1cccc(CNC(=O)N(C(=NC2CCCCC2)N2CCOCC2)C2CCCCC2)c1)N(C(=NC1CCCCC1)N1CCOCC1)C1CCCCC1 | UCB=1.521 | mu=0.1979 | std=0.9355 | f=0.1263
2025-10-16 00:19:21,681 - INFO - Round 31 done in 96.60s; train size=170
2025-10-16 00:19:21,681 - INFO - 
--- Round 32 | trial=8 | sqrt_beta=1.4142 (beta=2.0000) | rho=0.50 | train size=170 ---
2025-10-16 00:21:01,760 - INFO - [round 32] pick 1/5: CCc1cc2cc(C(=O)C3CCC(OC)CC3)ccc2nc1C(=O)OC(C)C | UCB=1.568 | mu=0.3007 | std=0.8959 | f=0.4162
2025-10-16 00:21:01,902 - INFO - [round 32] pick 2/5: O=[N+]([O-])c1ccc2nc(SSC3CCCCC3)[nH]c2c1 | UCB=1.561 | mu=0.3098 | std=0.8845 | f=0.3348
2025-10-16 00:21:02,045 - INFO - [round 32] pick 3/5: Cc1nc(CCNC(=O)C2CC(=O)N(C(C)(C)C)C2)sc1Cl | UCB=1.551 | mu=0.2561 | std=0.9154 | f=0.1278
2025-10-16 00:21:02,190 - INFO - [round 32] pick 4/5: CCOC(=O)c1sc(N)nc1-c1ccc(P(=O)(NC2(C(=O)OCC)CCCC2)NC2(C(=O)OCC)CCCC2)o1 | UCB=1.547 | mu=0.2667 | std=0.9053 | f=0.4339
2025-10-16 00:21:02,336 - INFO - [round 32] pick 5/5: CC1CC2CSC(=N)NC2(c2nc(NC(=O)c3ccon3)cs2)CO1 | UCB=1.537 | mu=0.2072 | std=0.9405 | f=0.2887
2025-10-16 00:21:02,484 - INFO - Round 32 done in 100.80s; train size=175
2025-10-16 00:21:02,484 - INFO - 
--- Round 33 | trial=8 | sqrt_beta=1.4142 (beta=2.0000) | rho=0.50 | train size=175 ---
2025-10-16 00:22:49,204 - INFO - [round 33] pick 1/5: Cc1ccc(Nc2cc(NC3CCCCC3N)nnc2C(N)=O)nc1C(C)C | UCB=1.568 | mu=0.2972 | std=0.8986 | f=0.405
2025-10-16 00:22:49,354 - INFO - [round 33] pick 2/5: O=C(c1ccc(C2CCCC2)c(OCC2CC2)n1)N1CCS(=O)(=O)CC1 | UCB=1.562 | mu=0.2896 | std=0.8996 | f=0.1514
2025-10-16 00:22:49,505 - INFO - [round 33] pick 3/5: COC(=O)Nc1nc2cc(SC(C)C)ccc2[nH]1 | UCB=1.557 | mu=0.2799 | std=0.9033 | f=0.3002
2025-10-16 00:22:49,659 - INFO - [round 33] pick 4/5: CN(C)CCOC(=O)C1=CC2=C3CSCCC3=NC2C=C1 | UCB=1.542 | mu=0.2164 | std=0.9374 | f=0.006079
2025-10-16 00:22:49,813 - INFO - [round 33] pick 5/5: CCC(=O)N(c1nnc(SCC(=O)NN2C(=O)NC3(CCCCC3)C2=O)s1)C1CC1 | UCB=1.548 | mu=0.2562 | std=0.9133 | f=0.1536
2025-10-16 00:22:49,971 - INFO - Round 33 done in 107.49s; train size=180
2025-10-16 00:22:49,971 - INFO - 
--- Round 34 | trial=8 | sqrt_beta=1.4142 (beta=2.0000) | rho=0.50 | train size=180 ---
2025-10-16 00:24:37,309 - INFO - [round 34] pick 1/5: Cc1c(C(=O)NC2CCCCC2)sc2nc3ccc(N)cc3n12 | UCB=1.568 | mu=0.3681 | std=0.8484 | f=0.1431
2025-10-16 00:24:37,468 - INFO - [round 34] pick 2/5: Cc1cc(NC(=O)C(C)SCC(=O)Nc2ccc(Br)cc2Br)no1 | UCB=1.554 | mu=0.2799 | std=0.9007 | f=0.3098
2025-10-16 00:24:37,629 - INFO - [round 34] pick 3/5: COC(=O)N1CCC(CN2CCC(CNC(=O)c3cccc4[nH]c(C(C)C)nc34)CC2)CC1 | UCB=1.557 | mu=0.2901 | std=0.8962 | f=0.4226
2025-10-16 00:24:37,792 - INFO - [round 34] pick 4/5: CC1CCC2C(C)C(OC(=O)CCC(=O)NCCCNc3nc(N)nc(N)n3)OC3OC4(C)CCC1C32OO4 | UCB=1.526 | mu=0.2322 | std=0.915 | f=0.1404
2025-10-16 00:24:37,957 - INFO - [round 34] pick 5/5: OCc1cc(-c2nc(C(O)C(O)C(O)CO)c[nH]2)no1 | UCB=1.512 | mu=0.166 | std=0.9515 | f=0.2033
2025-10-16 00:24:38,123 - INFO - Round 34 done in 108.15s; train size=185
2025-10-16 00:24:38,123 - INFO - 
--- Round 35 | trial=8 | sqrt_beta=1.4142 (beta=2.0000) | rho=0.50 | train size=185 ---
2025-10-16 00:26:29,977 - INFO - [round 35] pick 1/5: COc1cccc(-c2nc(CS(=O)(=O)CC(=O)NC3CCC(C)CC3)c(C)o2)c1 | UCB=1.563 | mu=0.3295 | std=0.8723 | f=0.3892
2025-10-16 00:26:30,145 - INFO - [round 35] pick 2/5: Cc1ccc2[nH]c(SC(C)C(=O)N3CCCC3)nc2c1 | UCB=1.561 | mu=0.34 | std=0.8635 | f=0.3643
2025-10-16 00:26:30,316 - INFO - [round 35] pick 3/5: O=C(Nc1nnc(COC2CCCC2)s1)c1ccc(OC2CCC(C(=O)O)CC2)cc1 | UCB=1.555 | mu=0.2959 | std=0.8904 | f=0.4389
2025-10-16 00:26:30,490 - INFO - [round 35] pick 4/5: CC(C)OC(=O)c1oc(N)nc1-c1ccc(P(=O)(O)O)o1 | UCB=1.547 | mu=0.2633 | std=0.9079 | f=0.2924
2025-10-16 00:26:30,666 - INFO - [round 35] pick 5/5: CCN(CC)CCCNc1cc(Nc2cc(C3CC3)[nH]n2)nc(NCc2cc(C(C)C)no2)n1 | UCB=1.522 | mu=0.2314 | std=0.9127 | f=0.1194
2025-10-16 00:26:30,844 - INFO - Round 35 done in 112.72s; train size=190
2025-10-16 00:26:30,844 - INFO - 
--- Round 36 | trial=8 | sqrt_beta=1.4142 (beta=2.0000) | rho=0.50 | train size=190 ---
2025-10-16 00:28:21,183 - INFO - [round 36] pick 1/5: CC(C)Cc1cc2oc(N3CCC(C(=O)NC4CCCC(CO)C4)CC3)nc2cc1Cl | UCB=1.563 | mu=0.3022 | std=0.8912 | f=0.4216
2025-10-16 00:28:21,359 - INFO - [round 36] pick 2/5: COC(=O)c1[nH]c2ccc(Br)cc2c1NC(=O)CN1CCCCC1CCO | UCB=1.561 | mu=0.3118 | std=0.8835 | f=0.4307
2025-10-16 00:28:21,539 - INFO - [round 36] pick 3/5: Cc1nc(NC(=S)NC(=O)c2ccco2)sc1C(=O)N(C)C | UCB=1.54 | mu=0.2463 | std=0.9149 | f=0.3028
2025-10-16 00:28:21,720 - INFO - [round 36] pick 4/5: O=C1CC(c2ccsc2)c2cnn(C3CCCC3)c2N1 | UCB=1.544 | mu=0.2614 | std=0.9073 | f=0.3612
2025-10-16 00:28:21,903 - INFO - [round 36] pick 5/5: CC(Cc1ccc(OCC(O)=NCCNC2CCC(OC(=O)C(O)(c3cccs3)c3cccs3)CC2)cc1)NCC(O)c1ccc(O)c2nc(O)ccc12 | UCB=1.53 | mu=0.2042 | std=0.9373 | f=4.154e-05
2025-10-16 00:28:22,090 - INFO - Round 36 done in 111.25s; train size=195
2025-10-16 00:28:22,090 - INFO - 
--- Round 37 | trial=8 | sqrt_beta=1.4142 (beta=2.0000) | rho=0.50 | train size=195 ---
2025-10-16 00:30:18,494 - INFO - [round 37] pick 1/5: CCCC1COCCN1c1nc2c(C(=O)NC3CC4CCCC(C3)N4C)cccc2o1 | UCB=1.567 | mu=0.2924 | std=0.9013 | f=0.4082
2025-10-16 00:30:18,682 - INFO - [round 37] pick 2/5: COc1ccc2[nH]c(C(CC(C)C)NC(=O)C(CC(=O)NO)CC(C)C)nc2c1 | UCB=1.558 | mu=0.2989 | std=0.8902 | f=0.3693
2025-10-16 00:30:18,883 - INFO - [round 37] pick 3/5: O=C(Nc1cc2ccc(C3CCCCC3)cc2cn1)C1CC1 | UCB=1.558 | mu=0.322 | std=0.8737 | f=0.3796
2025-10-16 00:30:19,081 - INFO - [round 37] pick 4/5: Cc1cc(NC(=O)C(C)N2CCN(c3nc(C)ns3)CC2)on1 | UCB=1.544 | mu=0.2559 | std=0.9112 | f=0.3388
2025-10-16 00:30:19,275 - INFO - [round 37] pick 5/5: CC(=O)N(C)CCc1nc(-c2cc(C(N)=O)co2)cs1 | UCB=1.538 | mu=0.2527 | std=0.909 | f=0.2936
2025-10-16 00:30:19,472 - INFO - Round 37 done in 117.38s; train size=200
2025-10-16 00:30:19,472 - INFO - 
--- Round 38 | trial=8 | sqrt_beta=1.4142 (beta=2.0000) | rho=0.50 | train size=200 ---
2025-10-16 00:32:15,032 - INFO - [round 38] pick 1/5: CC(C(=O)O)N1CCN(c2ccc(Nc3ncc4cc(C(=O)N(C)C)n(C5CCCC5)c4n3)nc2)CC1 | UCB=1.57 | mu=0.3192 | std=0.8847 | f=0.1566
2025-10-16 00:32:15,229 - INFO - [round 38] pick 2/5: Cc1cc(C(=O)Nc2nc3c(s2)C2CCC3C2)c(C)o1 | UCB=1.557 | mu=0.2786 | std=0.9037 | f=0.3504
2025-10-16 00:32:15,428 - INFO - [round 38] pick 3/5: NC(CC(=O)N1C(CNC(=O)C2CCC2)CC2CCCCC21)Cc1cc(F)c(F)cc1F | UCB=1.556 | mu=0.2786 | std=0.9034 | f=0.1911
2025-10-16 00:32:15,629 - INFO - [round 38] pick 4/5: CC(C)C(=O)NC(=S)Nc1c(Cl)ccc2nsnc12 | UCB=1.54 | mu=0.2352 | std=0.9224 | f=0.281
2025-10-16 00:32:15,833 - INFO - [round 38] pick 5/5: O=C(OCCC1CCn2cc([N+](=O)[O-])nc2O1)OCc1cccc(OC(F)(F)F)c1 | UCB=1.539 | mu=0.2274 | std=0.9277 | f=0.3151
2025-10-16 00:32:16,038 - INFO - Round 38 done in 116.57s; train size=205
2025-10-16 00:32:16,038 - INFO - 
--- Round 39 | trial=8 | sqrt_beta=1.4142 (beta=2.0000) | rho=0.50 | train size=205 ---
2025-10-16 00:34:17,093 - INFO - [round 39] pick 1/5: CC1=C(C(=O)Nc2cccc(C(=O)NC3CCCCC3C)c2)SCCO1 | UCB=1.564 | mu=0.3193 | std=0.8802 | f=0.1556
2025-10-16 00:34:17,303 - INFO - [round 39] pick 2/5: COC(=O)c1nc(Br)c2cccnc2c1NC1CCC(N)CC1 | UCB=1.563 | mu=0.2849 | std=0.9034 | f=0.3388
2025-10-16 00:34:17,514 - INFO - [round 39] pick 3/5: CC(=O)OCC1OC(CC=NOC(C)CN2CCCCc3nc(C)c(C)cc32)C=CC1OC(C)=O | UCB=1.548 | mu=0.2356 | std=0.928 | f=0.1569
2025-10-16 00:34:17,726 - INFO - [round 39] pick 4/5: CCCC(=O)Nc1nnc(-c2ccc(Cl)s2)o1 | UCB=1.54 | mu=0.2528 | std=0.9101 | f=0.286
2025-10-16 00:34:17,940 - INFO - [round 39] pick 5/5: O=c1cc(CCC2CCC2)c2c(=O)[nH]c(C(F)F)nc2o1 | UCB=1.538 | mu=0.2497 | std=0.9107 | f=0.3203
2025-10-16 00:34:18,156 - INFO - Round 39 done in 122.12s; train size=210
