2025-10-17 19:40:34,984 - INFO - 
--- Round 0 | trial=9 | sqrt_beta=0.7071 (beta=0.5000) | rho=0.80 | train size=10 ---
2025-10-17 19:40:46,312 - INFO - [round 0] pick 1/5: O=C(Nc1cccc(-n2cnnn2)c1)c1ccc(C(F)(F)F)cc1 | UCB=0.883 | mu=0.2446 | std=0.9029 | f=0.3269
2025-10-17 19:40:46,313 - INFO - [round 0] pick 2/5: Cc1ccc2nc(C(F)(F)F)oc(=O)c2c1 | UCB=0.8557 | mu=0.1797 | std=0.956 | f=0.1282
2025-10-17 19:40:46,313 - INFO - [round 0] pick 3/5: CCCCc1ccc(NC(=O)C2(C)Cc3ccccc3C(=O)O2)cc1 | UCB=0.8451 | mu=0.1935 | std=0.9215 | f=0.4508
2025-10-17 19:40:46,314 - INFO - [round 0] pick 4/5: OC(CC1CCCCN1)c1cc2ccccc2c2cc(C(F)(F)F)ccc12 | UCB=0.8518 | mu=0.2007 | std=0.9208 | f=0.138
2025-10-17 19:40:46,315 - INFO - [round 0] pick 5/5: CC(=O)c1cnc(Nc2nc(C)c3ccccc3n2)nc1C | UCB=0.8398 | mu=0.1779 | std=0.9361 | f=0.4453
2025-10-17 19:40:46,317 - INFO - Round 0 done in 11.33s; train size=15
2025-10-17 19:40:46,317 - INFO - 
--- Round 1 | trial=9 | sqrt_beta=0.7071 (beta=0.5000) | rho=0.80 | train size=15 ---
2025-10-17 19:41:00,892 - INFO - [round 1] pick 1/5: O=C(Nc1ccc(C(F)(F)F)cc1)c1ccc2ccccc2n1 | UCB=0.9088 | mu=0.3084 | std=0.8492 | f=0.381
2025-10-17 19:41:00,894 - INFO - [round 1] pick 2/5: CCCOC(=O)c1ccc(N2C(=O)c3ccccc3C2=O)cc1 | UCB=0.8962 | mu=0.2588 | std=0.9014 | f=0.4956
2025-10-17 19:41:00,895 - INFO - [round 1] pick 3/5: Cc1nc(NCc2ccc3c(c2)OCO3)nc2ccccc12 | UCB=0.8899 | mu=0.2539 | std=0.8993 | f=0.1446
2025-10-17 19:41:00,897 - INFO - [round 1] pick 4/5: COc1ccc(NC(=O)C2(C)Cc3c(-c4cccc(NC(C)=O)c4)ccnc3O2)cn1 | UCB=0.8797 | mu=0.2215 | std=0.9309 | f=0.1518
2025-10-17 19:41:00,899 - INFO - [round 1] pick 5/5: Cc1cc(C)n(-c2nc(Nc3cccc(C(F)(F)F)c3)nc(-n3nc(C)cc3C)n2)n1 | UCB=0.87 | mu=0.2084 | std=0.9356 | f=0.1255
2025-10-17 19:41:00,901 - INFO - Round 1 done in 14.58s; train size=20
2025-10-17 19:41:00,901 - INFO - 
--- Round 2 | trial=9 | sqrt_beta=0.7071 (beta=0.5000) | rho=0.80 | train size=20 ---
2025-10-17 19:41:17,732 - INFO - [round 2] pick 1/5: CCc1ccc(NC(=S)OCCN2C(=O)c3ccccc3C2=O)cc1 | UCB=0.9292 | mu=0.3209 | std=0.8603 | f=0.4724
2025-10-17 19:41:17,735 - INFO - [round 2] pick 2/5: O=C(O)c1ccccc1C(=O)c1ccc(C(F)(F)F)cc1 | UCB=0.9086 | mu=0.3055 | std=0.8529 | f=0.1541
2025-10-17 19:41:17,737 - INFO - [round 2] pick 3/5: CCCOC(=O)c1ccccc1 | UCB=0.9003 | mu=0.2577 | std=0.9088 | f=0.009106
2025-10-17 19:41:17,739 - INFO - [round 2] pick 4/5: CC1(C)Cc2ccccc2C(NNC(=O)c2ccccn2)=N1 | UCB=0.8942 | mu=0.243 | std=0.9211 | f=0.3963
2025-10-17 19:41:17,742 - INFO - [round 2] pick 5/5: CCOC(=O)c1cnc(NN2C(=O)C=C(C)C2=O)nc1CC | UCB=0.8583 | mu=0.1845 | std=0.9529 | f=0.1738
2025-10-17 19:41:17,745 - INFO - Round 2 done in 16.84s; train size=25
2025-10-17 19:41:17,745 - INFO - 
--- Round 3 | trial=9 | sqrt_beta=0.7071 (beta=0.5000) | rho=0.80 | train size=25 ---
2025-10-17 19:41:37,039 - INFO - [round 3] pick 1/5: O=C(CCCN1C(=O)c2ccccc2C1=O)Nc1ccc(F)cc1 | UCB=0.9435 | mu=0.3699 | std=0.8112 | f=0.4342
2025-10-17 19:41:37,042 - INFO - [round 3] pick 2/5: CCc1ccc(C2CC(=O)NC(NC(=O)c3ccc(C(C)(C)C)cc3)=N2)cc1 | UCB=0.9007 | mu=0.2599 | std=0.9063 | f=0.428
2025-10-17 19:41:37,046 - INFO - [round 3] pick 3/5: CN(C)c1ncnc2c1Cc1ccccc1C(=O)N2C | UCB=0.8837 | mu=0.2253 | std=0.9311 | f=0.4207
2025-10-17 19:41:37,049 - INFO - [round 3] pick 4/5: O=C(Nc1ccccc1-c1nc(Nc2ccc3[nH]ncc3c2)c2ccccc2n1)c1ccccn1 | UCB=0.8795 | mu=0.232 | std=0.9157 | f=4.35e-05
2025-10-17 19:41:37,053 - INFO - [round 3] pick 5/5: CC1(C)C(=O)N(c2ccc(C#N)c(C(F)(F)F)c2)C(=O)N1CCCc1ccc(I)cc1 | UCB=0.8733 | mu=0.2171 | std=0.928 | f=0.3658
2025-10-17 19:41:37,057 - INFO - Round 3 done in 19.31s; train size=30
2025-10-17 19:41:37,057 - INFO - 
--- Round 4 | trial=9 | sqrt_beta=0.7071 (beta=0.5000) | rho=0.80 | train size=30 ---
2025-10-17 19:41:59,440 - INFO - [round 4] pick 1/5: CCc1ccc(NC(=O)CN2C(=O)C(=O)c3ccccc32)cc1 | UCB=0.9566 | mu=0.3788 | std=0.8171 | f=0.451
2025-10-17 19:41:59,444 - INFO - [round 4] pick 2/5: CC1(C)CC(N2C(=O)c3ccccc3C2=O)CC(C)(C)N1O | UCB=0.9103 | mu=0.2581 | std=0.9224 | f=0.4152
2025-10-17 19:41:59,449 - INFO - [round 4] pick 3/5: CCCCN(C(=O)c1ccc(C(F)(F)F)cc1)c1nnc(-c2ccc(CN(C)C)cc2)s1 | UCB=0.9022 | mu=0.2692 | std=0.8951 | f=0.401
2025-10-17 19:41:59,454 - INFO - [round 4] pick 4/5: C#CC12C=C(C#N)C(=O)C=C1c1ccccc1C2 | UCB=0.8996 | mu=0.2426 | std=0.9291 | f=0.378
2025-10-17 19:41:59,459 - INFO - [round 4] pick 5/5: Cc1cc(NC(=O)c2ccc3c(c2)C(=O)N(C(C)(C)C)C3=O)no1 | UCB=0.8986 | mu=0.2429 | std=0.9273 | f=0.4049
2025-10-17 19:41:59,464 - INFO - Round 4 done in 22.41s; train size=35
2025-10-17 19:41:59,464 - INFO - 
--- Round 5 | trial=9 | sqrt_beta=0.7071 (beta=0.5000) | rho=0.80 | train size=35 ---
2025-10-17 19:42:23,489 - INFO - [round 5] pick 1/5: Nc1ccc(CN2C(=O)c3ccccc3C2=O)cc1 | UCB=0.974 | mu=0.3979 | std=0.8148 | f=0.4245
2025-10-17 19:42:23,494 - INFO - [round 5] pick 2/5: CCOc1ccc(NC(=O)CN2C(=O)C(c3ccc(Cl)cc3)=NC2(C)C)cc1 | UCB=0.935 | mu=0.3023 | std=0.8947 | f=0.4489
2025-10-17 19:42:23,500 - INFO - [round 5] pick 3/5: CN(C)Cc1nc(O)c2c(n1)-c1ccccc1CC2(C)C | UCB=0.9268 | mu=0.2881 | std=0.9033 | f=0.417
2025-10-17 19:42:23,507 - INFO - [round 5] pick 4/5: Cc1ccc(C)c2sc(NC(=O)c3ccc(N4C(=O)CCC4=O)cc3)nc12 | UCB=0.9153 | mu=0.2701 | std=0.9124 | f=0.1385
2025-10-17 19:42:23,513 - INFO - [round 5] pick 5/5: CCCN1C(=O)C(NC(=O)c2ccncc2)(C(F)(F)F)C2=C1CC(C)(C)CC2=O | UCB=0.9091 | mu=0.2534 | std=0.9274 | f=0.3959
2025-10-17 19:42:23,520 - INFO - Round 5 done in 24.06s; train size=40
2025-10-17 19:42:23,520 - INFO - 
--- Round 6 | trial=9 | sqrt_beta=0.7071 (beta=0.5000) | rho=0.80 | train size=40 ---
2025-10-17 19:42:50,361 - INFO - [round 6] pick 1/5: CC(C)N1C(=O)c2ccccc2CC1(CCN(C)C)c1ccc(Cl)cc1 | UCB=0.9821 | mu=0.3632 | std=0.8753 | f=0.4272
2025-10-17 19:42:50,369 - INFO - [round 6] pick 2/5: CCc1nnc(NC(=O)CN2C(=O)c3ccccc3C2=O)s1 | UCB=0.9696 | mu=0.372 | std=0.8451 | f=0.4568
2025-10-17 19:42:50,376 - INFO - [round 6] pick 3/5: COc1ccc(-n2nc3c(c2-c2ccc(C(C)(C)C)cc2)C(=O)CC(C)(C)C3)cc1 | UCB=0.9331 | mu=0.2882 | std=0.912 | f=0.131
2025-10-17 19:42:50,384 - INFO - [round 6] pick 4/5: CN(C1=NC(C)(C)CN1)c1nnc(-c2ccccc2C(F)(F)F)s1 | UCB=0.9283 | mu=0.2822 | std=0.9138 | f=0.3914
2025-10-17 19:42:50,393 - INFO - [round 6] pick 5/5: CCc1ccc(NC(=O)c2ccc3c(c2)C(=O)N(CCOC)C3Nc2ccc(CC)cc2)cc1 | UCB=0.9245 | mu=0.2984 | std=0.8854 | f=0.1645
2025-10-17 19:42:50,401 - INFO - Round 6 done in 26.88s; train size=45
2025-10-17 19:42:50,401 - INFO - 
--- Round 7 | trial=9 | sqrt_beta=0.7071 (beta=0.5000) | rho=0.80 | train size=45 ---
2025-10-17 19:43:20,476 - INFO - [round 7] pick 1/5: CCC(C)(C)NC1=C(NC(C)=O)C(=O)c2ccccc2C1=O | UCB=0.9765 | mu=0.3489 | std=0.8876 | f=0.1746
2025-10-17 19:43:20,485 - INFO - [round 7] pick 2/5: CCCCCCN1C(=O)C(=NNC(=O)c2ccc(Cl)cc2)c2ccccc21 | UCB=0.9559 | mu=0.3378 | std=0.8742 | f=0.4714
2025-10-17 19:43:20,495 - INFO - [round 7] pick 3/5: CC(C)OC(=O)CSc1nnc2n1C(C)(C)Cc1ccccc1-2 | UCB=0.9532 | mu=0.3196 | std=0.8961 | f=0.43
2025-10-17 19:43:20,505 - INFO - [round 7] pick 4/5: O=C1c2ccccc2C(=O)N1C1=NC2(CCCCO2)CCS1 | UCB=0.9384 | mu=0.3016 | std=0.9006 | f=0.1362
2025-10-17 19:43:20,515 - INFO - [round 7] pick 5/5: CC(C)N(C)c1ccc2cc(NC(=O)CCc3ccc(C(F)(F)F)cc3)ccc2n1 | UCB=0.9155 | mu=0.31 | std=0.8564 | f=0.378
2025-10-17 19:43:20,526 - INFO - Round 7 done in 30.12s; train size=50
2025-10-17 19:43:20,526 - INFO - 
--- Round 8 | trial=9 | sqrt_beta=0.7071 (beta=0.5000) | rho=0.80 | train size=50 ---
2025-10-17 19:43:53,369 - INFO - [round 8] pick 1/5: O=C1c2ccccc2C(=O)N1CNc1ccc(Cl)cc1 | UCB=0.9628 | mu=0.4224 | std=0.7643 | f=0.4311
2025-10-17 19:43:53,380 - INFO - [round 8] pick 2/5: Cn1cnnc1SCC(=O)N1c2ccccc2-c2c(ssc2=S)C1(C)C | UCB=0.9376 | mu=0.289 | std=0.9173 | f=0.1566
2025-10-17 19:43:53,392 - INFO - [round 8] pick 3/5: CCNC(=O)CN1CC(C)(C)C(Oc2ccc(C#N)c(C(F)(F)F)c2)C1=O | UCB=0.9089 | mu=0.2645 | std=0.9114 | f=0.149
2025-10-17 19:43:53,404 - INFO - [round 8] pick 4/5: CN(C)CCOC(=O)C1=C(Cc2cccnc2)c2ccccc2C1 | UCB=0.9298 | mu=0.3033 | std=0.8859 | f=0.4763
2025-10-17 19:43:53,417 - INFO - [round 8] pick 5/5: CCCCCCCc1ccc(N2C(N)=NC(N)=NC2(C)C)cc1 | UCB=0.9004 | mu=0.2428 | std=0.9301 | f=0.1452
2025-10-17 19:43:53,430 - INFO - Round 8 done in 32.90s; train size=55
2025-10-17 19:43:53,430 - INFO - 
--- Round 9 | trial=9 | sqrt_beta=0.7071 (beta=0.5000) | rho=0.80 | train size=55 ---
2025-10-17 19:44:30,251 - INFO - [round 9] pick 1/5: CC(C)C(C(=O)Nc1cccnc1)N1C(=O)c2ccccc2C1=O | UCB=0.9732 | mu=0.3777 | std=0.8422 | f=0.4132
2025-10-17 19:44:30,264 - INFO - [round 9] pick 2/5: CN(C)CCC1=C(Cc2ccc(F)cc2)c2ccccc2C1 | UCB=0.9722 | mu=0.3773 | std=0.8412 | f=0.4201
2025-10-17 19:44:30,278 - INFO - [round 9] pick 3/5: CCCCNC(c1ccc(C2NC(=O)c3ccccc3N2)cc1)c1nnnn1C(C)(C)C | UCB=0.9377 | mu=0.2927 | std=0.9122 | f=0.1574
2025-10-17 19:44:30,293 - INFO - [round 9] pick 4/5: CN1C(CC(=O)Nc2ccc(Cl)cc2Cl)c2ccccc2CC1(C)C | UCB=0.9364 | mu=0.301 | std=0.8985 | f=0.4871
2025-10-17 19:44:30,308 - INFO - [round 9] pick 5/5: CN(C)CCN1C(=O)c2cccc3c2c(cc2nnn(C)c23)C1=O | UCB=0.9217 | mu=0.277 | std=0.9117 | f=0.1477
2025-10-17 19:44:30,324 - INFO - Round 9 done in 36.89s; train size=60
2025-10-17 19:44:30,324 - INFO - 
--- Round 10 | trial=9 | sqrt_beta=0.7071 (beta=0.5000) | rho=0.80 | train size=60 ---
2025-10-17 19:45:07,997 - INFO - [round 10] pick 1/5: CCc1nccn1CC(=O)c1ccc2c(c1)Cc1ccccc1-2 | UCB=0.972 | mu=0.3488 | std=0.8814 | f=0.1604
2025-10-17 19:45:08,014 - INFO - [round 10] pick 2/5: CN(C)c1ccc(C=C2NC(=O)N(CC(=O)Nc3ccccc3C(F)(F)F)C2=O)cc1 | UCB=0.9451 | mu=0.3226 | std=0.8803 | f=0.4272
2025-10-17 19:45:08,031 - INFO - [round 10] pick 3/5: CC1(C)COC(c2ccc(C(=O)c3ccc(Cl)cc3)cc2)=N1 | UCB=0.9346 | mu=0.3105 | std=0.8826 | f=0.3857
2025-10-17 19:45:08,048 - INFO - [round 10] pick 4/5: CC1COC(C)(CC(=O)NN2C(=O)c3ccccc3C2=O)O1 | UCB=0.9383 | mu=0.333 | std=0.856 | f=0.4355
2025-10-17 19:45:08,066 - INFO - [round 10] pick 5/5: Cc1c2c(c(C)n1-c1ccccc1Cl)C(C)(C(N)=O)CC2(C)C | UCB=0.9188 | mu=0.2715 | std=0.9154 | f=0.5045
2025-10-17 19:45:08,085 - INFO - Round 10 done in 37.76s; train size=65
2025-10-17 19:45:08,085 - INFO - 
--- Round 11 | trial=9 | sqrt_beta=0.7071 (beta=0.5000) | rho=0.80 | train size=65 ---
2025-10-17 19:45:50,402 - INFO - [round 11] pick 1/5: Cc1cc(F)ccc1NC(=O)C(C(C)C)N1Cc2ccccc2C1=O | UCB=0.9724 | mu=0.3741 | std=0.8461 | f=0.4435
2025-10-17 19:45:50,421 - INFO - [round 11] pick 2/5: CC1(C)CC(=O)N(Nc2ccccc2Cl)C1=O | UCB=0.9582 | mu=0.3282 | std=0.891 | f=0.1717
2025-10-17 19:45:50,441 - INFO - [round 11] pick 3/5: CN(C)CCNC(=O)CC1Oc2ccccc2-c2ccc3c(c21)C(=O)C(=O)N3Cc1ccc(C(F)(F)F)cc1 | UCB=0.944 | mu=0.3267 | std=0.8729 | f=0.007548
2025-10-17 19:45:50,461 - INFO - [round 11] pick 4/5: Cc1ccc(S(=O)(=O)N(C)Cc2ccc(C(=O)NN=C3CC(=O)CC(C)(C)C3)cc2)cc1 | UCB=0.9346 | mu=0.3041 | std=0.8917 | f=0.3819
2025-10-17 19:45:50,482 - INFO - [round 11] pick 5/5: O=C(Nc1ccc(Cl)cc1)Nc1nnc(CSCc2ccccc2Cl)s1 | UCB=0.9275 | mu=0.304 | std=0.8818 | f=0.4437
2025-10-17 19:45:50,504 - INFO - Round 11 done in 42.42s; train size=70
2025-10-17 19:45:50,504 - INFO - 
--- Round 12 | trial=9 | sqrt_beta=0.7071 (beta=0.5000) | rho=0.80 | train size=70 ---
2025-10-17 19:46:34,794 - INFO - [round 12] pick 1/5: O=C(O)CC(c1ccc(Cl)cc1)N1Cc2ccccc2C1=O | UCB=0.9777 | mu=0.4021 | std=0.814 | f=0.4336
2025-10-17 19:46:34,817 - INFO - [round 12] pick 2/5: CN(Cc1ccc(C(=O)Nc2nnn[nH]2)cc1)c1nc2ccccc2n1C | UCB=0.9483 | mu=0.3277 | std=0.8777 | f=0.1536
2025-10-17 19:46:34,845 - INFO - [round 12] pick 3/5: CC1(c2cc(NC(=O)c3ccc(Cl)cn3)ccc2F)CS(=O)(=O)C(C)(C)C(N)=N1 | UCB=0.937 | mu=0.2948 | std=0.9083 | f=0.4067
2025-10-17 19:46:34,869 - INFO - [round 12] pick 4/5: COc1cc(NC(=O)CN2c3ccccc3CC2C)cc(OC)c1OC | UCB=0.9327 | mu=0.2904 | std=0.9084 | f=0.4791
2025-10-17 19:46:34,894 - INFO - [round 12] pick 5/5: CC(C)=NN1C(=O)c2ccccc2NC1(C)C | UCB=0.9222 | mu=0.2873 | std=0.8979 | f=0.1572
2025-10-17 19:46:34,920 - INFO - Round 12 done in 44.42s; train size=75
2025-10-17 19:46:34,920 - INFO - 
--- Round 13 | trial=9 | sqrt_beta=0.7071 (beta=0.5000) | rho=0.80 | train size=75 ---
2025-10-17 19:47:21,934 - INFO - [round 13] pick 1/5: O=C(CN1C(=O)c2ccccc2C1=O)Nc1ccc(Cl)cn1 | UCB=0.979 | mu=0.4526 | std=0.7444 | f=0.4453
2025-10-17 19:47:21,960 - INFO - [round 13] pick 2/5: COc1ccc(CCC2(C)NC(=O)N(C(C)C(=O)N3c4ccccc4CC3C)C2=O)cc1 | UCB=0.9582 | mu=0.3379 | std=0.8772 | f=0.1693
2025-10-17 19:47:21,987 - INFO - [round 13] pick 3/5: CCOC(=O)c1ccc(NC(=O)Nc2cccc3c2OC(C)(C)CC3(C)C)cc1 | UCB=0.9457 | mu=0.3179 | std=0.8879 | f=0.476
2025-10-17 19:47:22,014 - INFO - [round 13] pick 4/5: O=C(C=Cc1ccc(F)cc1)Nc1nnc(-c2ccc(Cl)cc2)s1 | UCB=0.939 | mu=0.315 | std=0.8825 | f=0.363
2025-10-17 19:47:22,042 - INFO - [round 13] pick 5/5: CC(C)Oc1c(Cl)cc(Cl)cc1S(=O)(=O)NC1(C(=O)O)Cc2ccccc2C1 | UCB=0.9438 | mu=0.3027 | std=0.9066 | f=0.4525
2025-10-17 19:47:22,070 - INFO - Round 13 done in 47.15s; train size=80
2025-10-17 19:47:22,071 - INFO - 
--- Round 14 | trial=9 | sqrt_beta=0.7071 (beta=0.5000) | rho=0.80 | train size=80 ---
2025-10-17 19:48:11,307 - INFO - [round 14] pick 1/5: CCOC(=O)C12Cc3cc(Cl)ccc3C1N(C(C)C)C(=O)c1ccccc12 | UCB=0.9803 | mu=0.3673 | std=0.8669 | f=0.1937
2025-10-17 19:48:11,338 - INFO - [round 14] pick 2/5: O=C(Cc1noc2ccccc12)Nc1ccc(Cl)cc1 | UCB=0.9608 | mu=0.3662 | std=0.8408 | f=0.4292
2025-10-17 19:48:11,368 - INFO - [round 14] pick 3/5: Cc1cc2c(cc1C=Cc1ccc(C(=O)O)cc1)C(C)(C)CCC2(C)C | UCB=0.9336 | mu=0.2887 | std=0.912 | f=0.3838
2025-10-17 19:48:11,400 - INFO - [round 14] pick 4/5: O=C(Nc1ccc(Cl)c(C(F)(F)F)c1)Nc1nnc(-c2ccncc2)s1 | UCB=0.931 | mu=0.3201 | std=0.8639 | f=0.3693
2025-10-17 19:48:11,432 - INFO - [round 14] pick 5/5: CCOc1ccc(NC(=O)CN(C)C(=O)COc2cccc3c2OC(C)(C)C3)cc1OCC | UCB=0.9366 | mu=0.2951 | std=0.9072 | f=0.474
2025-10-17 19:48:11,464 - INFO - Round 14 done in 49.39s; train size=85
2025-10-17 19:48:11,465 - INFO - 
--- Round 15 | trial=9 | sqrt_beta=0.7071 (beta=0.5000) | rho=0.80 | train size=85 ---
2025-10-17 19:49:03,334 - INFO - [round 15] pick 1/5: Cc1cc(NC(=O)CN2C(=O)C(C)(C)c3ccccc32)ccc1Br | UCB=0.982 | mu=0.3786 | std=0.8533 | f=0.4603
2025-10-17 19:49:03,367 - INFO - [round 15] pick 2/5: O=C1C(=Cc2ccc(Cl)cc2)CCc2ccccc21 | UCB=0.9627 | mu=0.3657 | std=0.8442 | f=0.4101
2025-10-17 19:49:03,402 - INFO - [round 15] pick 3/5: CC1(C)CC(C)(C)c2nc(C(=O)Nc3cc(C(=O)O)ccc3Cl)cnc21 | UCB=0.9446 | mu=0.3128 | std=0.8935 | f=0.4417
2025-10-17 19:49:03,436 - INFO - [round 15] pick 4/5: COc1cc(C(=O)C=CNc2ccc(N(C)C)cc2)cc(OC)c1OC | UCB=0.9487 | mu=0.3143 | std=0.8971 | f=0.1531
2025-10-17 19:49:03,472 - INFO - [round 15] pick 5/5: CC(C)c1ccc(NC(=NO)c2ccc(Oc3cccc4c3OC(C)(C)C4)nc2)cc1 | UCB=0.9492 | mu=0.323 | std=0.8856 | f=0.1287
2025-10-17 19:49:03,508 - INFO - Round 15 done in 52.04s; train size=90
2025-10-17 19:49:03,508 - INFO - 
--- Round 16 | trial=9 | sqrt_beta=0.7071 (beta=0.5000) | rho=0.80 | train size=90 ---
2025-10-17 19:49:57,904 - INFO - [round 16] pick 1/5: CN(CC(=O)Nc1ccc(Cl)c(Cl)c1)CC(=O)N1CCc2ccccc21 | UCB=0.985 | mu=0.3646 | std=0.8773 | f=0.4685
2025-10-17 19:49:57,942 - INFO - [round 16] pick 2/5: COC(=O)c1c(NC(=O)COc2ccc(Cl)cc2)sc2c1CC(C)(C)NC2(C)C | UCB=0.9561 | mu=0.3196 | std=0.9002 | f=0.498
2025-10-17 19:49:57,980 - INFO - [round 16] pick 3/5: CC(C)(C)c1cc(C(=O)Nc2ccccc2)cc2c1OCC2(C)C | UCB=0.9589 | mu=0.3379 | std=0.8783 | f=0.4149
2025-10-17 19:49:58,019 - INFO - [round 16] pick 4/5: CCCCN(CC)S(=O)(=O)c1ccc(C(=O)Nc2nnc(-c3ccccc3Cl)o2)cc1 | UCB=0.9548 | mu=0.3428 | std=0.8655 | f=0.4828
2025-10-17 19:49:58,059 - INFO - [round 16] pick 5/5: Cc1cc(Br)ccc1NC(=O)CN1C(S)=NC(C)(C)CC1C | UCB=0.9297 | mu=0.2906 | std=0.9037 | f=0.1437
2025-10-17 19:49:58,100 - INFO - Round 16 done in 54.59s; train size=95
2025-10-17 19:49:58,100 - INFO - 
--- Round 17 | trial=9 | sqrt_beta=0.7071 (beta=0.5000) | rho=0.80 | train size=95 ---
2025-10-17 19:50:55,858 - INFO - [round 17] pick 1/5: CN(CC(=O)Nc1ccc(Cl)cc1)C(=O)Cc1c(F)cccc1Cl | UCB=0.9878 | mu=0.3971 | std=0.8353 | f=0.1693
2025-10-17 19:50:55,900 - INFO - [round 17] pick 2/5: COC(=O)c1ccc(NC(=O)c2cnc3c(n2)C(C)(C)CCC3(C)C)cc1Cl | UCB=0.9688 | mu=0.3765 | std=0.8376 | f=0.4836
2025-10-17 19:50:55,943 - INFO - [round 17] pick 3/5: Clc1ccc(C2=NOCc3ccccc32)cc1Cl | UCB=0.9626 | mu=0.3414 | std=0.8785 | f=0.4156
2025-10-17 19:50:55,987 - INFO - [round 17] pick 4/5: Cc1cc(C)cc(NC(=O)CSc2nnc(-c3ccccc3C)o2)c1 | UCB=0.9632 | mu=0.335 | std=0.8885 | f=0.4399
2025-10-17 19:50:56,031 - INFO - [round 17] pick 5/5: CN1C(=CC(=O)COC(=O)c2ccc(O)cc2)C(C)(C)c2ccccc21 | UCB=0.9542 | mu=0.3449 | std=0.8616 | f=0.481
2025-10-17 19:50:56,076 - INFO - Round 17 done in 57.98s; train size=100
2025-10-17 19:50:56,076 - INFO - 
--- Round 18 | trial=9 | sqrt_beta=0.7071 (beta=0.5000) | rho=0.80 | train size=100 ---
2025-10-17 19:51:56,891 - INFO - [round 18] pick 1/5: O=C(Nc1ccc(Cl)c(Cl)c1)c1cc2ccccc2o1 | UCB=0.9909 | mu=0.3934 | std=0.845 | f=0.4432
2025-10-17 19:51:56,938 - INFO - [round 18] pick 2/5: Cc1ccc(NC(=O)COC(=O)CN2C(=O)c3ccccc3C2=O)cc1S(=O)(=O)N(C)C | UCB=0.9791 | mu=0.3977 | std=0.8221 | f=0.4732
2025-10-17 19:51:56,985 - INFO - [round 18] pick 3/5: CC(c1nnc(SCC(=O)N2CCc3ccccc32)n1-c1ccc(Cl)cc1)N(C)C | UCB=0.9713 | mu=0.372 | std=0.8474 | f=0.1572
2025-10-17 19:51:57,034 - INFO - [round 18] pick 4/5: CC1(C)CCC(C)(C)c2cc(C(=O)Nc3cc(F)c(C(=O)O)c(F)c3)ccc21 | UCB=0.9509 | mu=0.3424 | std=0.8606 | f=0.4004
2025-10-17 19:51:57,083 - INFO - [round 18] pick 5/5: O=C(COc1ccc(Cl)cc1Cl)Nc1nnc(C2=COCCO2)o1 | UCB=0.9453 | mu=0.2935 | std=0.9219 | f=0.3984
2025-10-17 19:51:57,133 - INFO - Round 18 done in 61.06s; train size=105
2025-10-17 19:51:57,133 - INFO - 
--- Round 19 | trial=9 | sqrt_beta=0.7071 (beta=0.5000) | rho=0.80 | train size=105 ---
2025-10-17 19:52:59,943 - INFO - [round 19] pick 1/5: COc1ccc(NC(=O)CN(C)C2=NS(=O)(=O)c3ccccc32)cc1Cl | UCB=0.9927 | mu=0.3866 | std=0.8572 | f=0.481
2025-10-17 19:52:59,995 - INFO - [round 19] pick 2/5: Cc1c(C(=O)Nc2ccccc2)oc2c1C(=O)CC(C)(C)C2 | UCB=0.967 | mu=0.3585 | std=0.8605 | f=0.4588
2025-10-17 19:53:00,049 - INFO - [round 19] pick 3/5: O=C(Nc1nnc(-c2cc(Cl)ccc2Cl)o1)c1ccco1 | UCB=0.9657 | mu=0.3539 | std=0.8651 | f=0.4013
2025-10-17 19:53:00,104 - INFO - [round 19] pick 4/5: CCOC(=O)c1ccc(C=C(C)c2ccc3c(c2)C(C)(C)CCO3)cc1 | UCB=0.9488 | mu=0.3353 | std=0.8676 | f=0.4579
2025-10-17 19:53:00,164 - INFO - [round 19] pick 5/5: Cc1cc(NC(=O)COC(=O)CCCOc2ccc(Cl)cc2C)no1 | UCB=0.9574 | mu=0.3221 | std=0.8985 | f=0.1863
2025-10-17 19:53:00,220 - INFO - Round 19 done in 63.09s; train size=110
2025-10-17 19:53:00,220 - INFO - 
--- Round 20 | trial=9 | sqrt_beta=0.7071 (beta=0.5000) | rho=0.80 | train size=110 ---
2025-10-17 19:54:06,360 - INFO - [round 20] pick 1/5: CC1(C)CC(NC(=O)c2cccc(CC(=O)Nc3ccc(Cl)c(Cl)c3)c2)CC(C)(C)N1 | UCB=0.9951 | mu=0.3887 | std=0.8575 | f=0.4472
2025-10-17 19:54:06,416 - INFO - [round 20] pick 2/5: CC(=O)c1ccc(NC(=O)c2noc3c2CCc2ccccc2-3)cc1 | UCB=0.9944 | mu=0.396 | std=0.8462 | f=0.1572
2025-10-17 19:54:06,473 - INFO - [round 20] pick 3/5: CCOC(=O)c1c(N)sc(-c2ccccc2Cl)c1C | UCB=0.9593 | mu=0.3398 | std=0.876 | f=0.2245
2025-10-17 19:54:06,531 - INFO - [round 20] pick 4/5: Cc1ccccc1CNS(=O)(=O)c1ccc2c(c1)C(C)(C)C(=O)N2C | UCB=0.9544 | mu=0.3338 | std=0.8777 | f=0.4342
2025-10-17 19:54:06,590 - INFO - [round 20] pick 5/5: CC(C)(C)c1cc(NC(=O)c2cc(Cl)ccc2O)cc(C(C)(C)C)c1 | UCB=0.9469 | mu=0.3112 | std=0.899 | f=0.1483
2025-10-17 19:54:06,650 - INFO - Round 20 done in 66.43s; train size=115
2025-10-17 19:54:06,650 - INFO - 
--- Round 21 | trial=9 | sqrt_beta=0.7071 (beta=0.5000) | rho=0.80 | train size=115 ---
2025-10-17 19:55:16,622 - INFO - [round 21] pick 1/5: COc1ccc(NC(=O)C2(C)CCN2Cc2ccccc2Cl)cc1OC | UCB=0.9886 | mu=0.3822 | std=0.8575 | f=0.4896
2025-10-17 19:55:16,683 - INFO - [round 21] pick 2/5: CC1(C)CCC(C)(C)c2cc(S(=O)(=O)c3ccc(CC(=O)O)cc3)ccc21 | UCB=0.9669 | mu=0.3721 | std=0.8412 | f=0.3808
2025-10-17 19:55:16,746 - INFO - [round 21] pick 3/5: CC(C(=O)OCC(=O)Nc1ncc(Cl)cc1Cl)N1C(=O)c2ccccc2C1=O | UCB=0.96 | mu=0.3724 | std=0.831 | f=0.4817
2025-10-17 19:55:16,809 - INFO - [round 21] pick 4/5: Cc1ccccc1C(=O)Nc1nnc(-c2ccc(F)cc2)o1 | UCB=0.9548 | mu=0.3626 | std=0.8375 | f=0.4201
2025-10-17 19:55:16,873 - INFO - [round 21] pick 5/5: Cc1cc(C=NNC(=O)CC2(C)OCCO2)c(C)n1-c1ccc(Cl)c(Cl)c1 | UCB=0.9444 | mu=0.3021 | std=0.9083 | f=0.4222
2025-10-17 19:55:16,937 - INFO - Round 21 done in 70.29s; train size=120
2025-10-17 19:55:16,938 - INFO - 
--- Round 22 | trial=9 | sqrt_beta=0.7071 (beta=0.5000) | rho=0.80 | train size=120 ---
2025-10-17 19:56:26,457 - INFO - [round 22] pick 1/5: O=C(Cc1ccccc1Cl)Nc1ccc(Cl)c(C(F)(F)F)c1 | UCB=0.9901 | mu=0.4299 | std=0.7923 | f=0.1652
2025-10-17 19:56:26,529 - INFO - [round 22] pick 2/5: CC1(C)C(=O)Nc2ccccc2N1C(=O)COC(=O)c1cc(S(C)(=O)=O)ccc1Cl | UCB=0.9781 | mu=0.3621 | std=0.8712 | f=0.5236
2025-10-17 19:56:26,598 - INFO - [round 22] pick 3/5: Cc1cc(C(=O)NC2CC(C)(C)Cc3c2cnn3-c2ccccc2C)c(C)o1 | UCB=0.96 | mu=0.3336 | std=0.8858 | f=0.1613
2025-10-17 19:56:26,674 - INFO - [round 22] pick 4/5: CCOc1ccc(C(=O)Nc2c(Cl)cncc2Cl)cc1OCC | UCB=0.9593 | mu=0.3329 | std=0.8859 | f=0.1749
2025-10-17 19:56:26,744 - INFO - [round 22] pick 5/5: CC1(C)C(=O)C(C(=O)C=Cc2ccccc2)=C(O)C(C)(C)C1=O | UCB=0.9558 | mu=0.3284 | std=0.8872 | f=0.1602
2025-10-17 19:56:26,815 - INFO - Round 22 done in 69.88s; train size=125
2025-10-17 19:56:26,816 - INFO - 
--- Round 23 | trial=9 | sqrt_beta=0.7071 (beta=0.5000) | rho=0.80 | train size=125 ---
2025-10-17 19:57:40,403 - INFO - [round 23] pick 1/5: CC1(C(=O)Nc2ccc(Cl)c(Cl)c2)CCN1Cc1cc2ccccc2o1 | UCB=0.9877 | mu=0.4524 | std=0.757 | f=0.1599
2025-10-17 19:57:40,475 - INFO - [round 23] pick 2/5: COC(=O)c1ccc(C)c(NC(=O)CN2C(=O)c3ccccc3S2(=O)=O)c1 | UCB=0.9851 | mu=0.3803 | std=0.8553 | f=0.5083
2025-10-17 19:57:40,548 - INFO - [round 23] pick 3/5: CC1(C)OC(=O)C(Oc2ncccn2)=C1c1ccc(S(C)(=O)=O)cc1 | UCB=0.9471 | mu=0.3135 | std=0.8961 | f=0.3868
2025-10-17 19:57:40,622 - INFO - [round 23] pick 4/5: COc1ccc(OC)c(-c2csc(NC(=O)COC(=O)C3(C)CC3(Cl)Cl)n2)c1 | UCB=0.9425 | mu=0.3057 | std=0.9005 | f=0.4629
2025-10-17 19:57:40,698 - INFO - [round 23] pick 5/5: C=C(C)C1CC=C(C)C(=NNC(=O)Nc2nnc(-c3ccc(Cl)cc3)o2)C1 | UCB=0.9397 | mu=0.3171 | std=0.8805 | f=0.4098
2025-10-17 19:57:40,776 - INFO - Round 23 done in 73.96s; train size=130
2025-10-17 19:57:40,776 - INFO - 
--- Round 24 | trial=9 | sqrt_beta=0.7071 (beta=0.5000) | rho=0.80 | train size=130 ---
2025-10-17 19:58:56,395 - INFO - [round 24] pick 1/5: COc1ccc(NC(=O)COC(=O)c2ccc3ccccc3n2)cc1OC | UCB=1.005 | mu=0.4377 | std=0.8021 | f=0.502
2025-10-17 19:58:56,474 - INFO - [round 24] pick 2/5: Cc1cc(OCCCC(=O)NC2(C(N)=O)Cc3ccccc3C2)ccc1Cl | UCB=0.9754 | mu=0.3638 | std=0.8649 | f=0.5143
2025-10-17 19:58:56,553 - INFO - [round 24] pick 3/5: CCN1C(=O)c2ccccc2S(=O)(=O)c2ccc(C(=O)NC(C)C)cc21 | UCB=0.9737 | mu=0.3738 | std=0.8484 | f=0.4508
2025-10-17 19:58:56,634 - INFO - [round 24] pick 4/5: COC(=O)c1ccc2c(c1C(=O)OC)C(=O)CCC2(C)C | UCB=0.9457 | mu=0.3096 | std=0.8995 | f=0.177
2025-10-17 19:58:56,715 - INFO - [round 24] pick 5/5: CCN(CC)S(=O)(=O)c1ccc(-c2nnc(SCC(=O)Nc3nc(C)cs3)o2)cc1 | UCB=0.9537 | mu=0.3397 | std=0.8683 | f=0.4185
2025-10-17 19:58:56,798 - INFO - Round 24 done in 76.02s; train size=135
2025-10-17 19:58:56,798 - INFO - 
--- Round 25 | trial=9 | sqrt_beta=0.7071 (beta=0.5000) | rho=0.80 | train size=135 ---
2025-10-17 20:00:17,608 - INFO - [round 25] pick 1/5: COc1ccc(NC(=O)Cn2nnc(-c3ccccc3N)n2)cc1OC | UCB=0.9998 | mu=0.425 | std=0.8128 | f=0.4561
2025-10-17 20:00:17,693 - INFO - [round 25] pick 2/5: COc1cc(Cl)c(C)cc1NC(=O)COC(=O)C(NS(=O)(=O)c1ccc(Cl)cc1)C(C)O | UCB=0.9796 | mu=0.3696 | std=0.8627 | f=0.1747
2025-10-17 20:00:17,778 - INFO - [round 25] pick 3/5: CC1(C)CC(=O)N(CC(=O)NCc2ccc(F)cc2)c2ccccc2S1(=O)=O | UCB=0.9728 | mu=0.3739 | std=0.847 | f=0.419
2025-10-17 20:00:17,865 - INFO - [round 25] pick 4/5: C=CCOc1c(Cl)cccc1C(=O)NC1(C(=O)O)Cc2ccccc2C1 | UCB=0.9694 | mu=0.3712 | std=0.8461 | f=0.4685
2025-10-17 20:00:17,952 - INFO - [round 25] pick 5/5: COC(=O)c1ccc(N(C)C(=O)c2cnc3c(n2)C(C)(C)CC3(C)C)cc1 | UCB=0.9531 | mu=0.3693 | std=0.8255 | f=0.4472
2025-10-17 20:00:18,041 - INFO - Round 25 done in 81.24s; train size=140
2025-10-17 20:00:18,041 - INFO - 
--- Round 26 | trial=9 | sqrt_beta=0.7071 (beta=0.5000) | rho=0.80 | train size=140 ---
2025-10-17 20:01:38,609 - INFO - [round 26] pick 1/5: Cc1ccc(NC(=O)CCN2C(=O)c3ccccc3S2(=O)=O)cc1C | UCB=0.9957 | mu=0.4378 | std=0.789 | f=0.4545
2025-10-17 20:01:38,700 - INFO - [round 26] pick 2/5: O=C(COc1ccc(F)cc1Cl)Nc1nc(-c2ccccn2)cs1 | UCB=0.9782 | mu=0.3648 | std=0.8675 | f=0.4324
2025-10-17 20:01:38,791 - INFO - [round 26] pick 3/5: COC(=O)c1ccc(-c2ccc(C=NNC(=O)CC3(C)OCCCO3)o2)cc1 | UCB=0.9566 | mu=0.3363 | std=0.8772 | f=0.4248
2025-10-17 20:01:38,884 - INFO - [round 26] pick 4/5: COc1ccc(C=CC2=Nc3ccccc3C2(C)C)cc1OC | UCB=0.9599 | mu=0.3455 | std=0.8689 | f=0.4282
2025-10-17 20:01:38,979 - INFO - [round 26] pick 5/5: CC(C)(C)C(=O)N1c2ccccc2CC1C(=O)Nc1cc(Cl)cc(Cl)c1 | UCB=0.9643 | mu=0.3543 | std=0.8627 | f=0.4724
2025-10-17 20:01:39,074 - INFO - Round 26 done in 81.03s; train size=145
2025-10-17 20:01:39,075 - INFO - 
--- Round 27 | trial=9 | sqrt_beta=0.7071 (beta=0.5000) | rho=0.80 | train size=145 ---
2025-10-17 20:03:02,746 - INFO - [round 27] pick 1/5: CC(=O)N1c2ccc(NC(=O)COC(C)(C)C)cc2C(C)(c2ccccc2)CC1(C)C | UCB=0.9983 | mu=0.3884 | std=0.8626 | f=0.4287
2025-10-17 20:03:02,843 - INFO - [round 27] pick 2/5: NC(=O)C1(NC(=O)CCCSc2ccc(Cl)cc2Cl)Cc2ccccc2C1 | UCB=0.9821 | mu=0.444 | std=0.7609 | f=0.4733
2025-10-17 20:03:02,942 - INFO - [round 27] pick 3/5: COc1ccc(-c2nnc(N(C)C(=O)c3ccco3)s2)cc1OC | UCB=0.9589 | mu=0.349 | std=0.8625 | f=0.4229
2025-10-17 20:03:03,041 - INFO - [round 27] pick 4/5: CCCCN(C1=C(Br)c2ccccc2S1(=O)=O)S(=O)(=O)c1ccc(C(=O)OC)cc1 | UCB=0.9734 | mu=0.3889 | std=0.8266 | f=0.4921
2025-10-17 20:03:03,143 - INFO - [round 27] pick 5/5: Cc1cc(=O)oc2cc(OCC(=O)NC3CC(C)(C)NC(C)(C)C3)ccc12 | UCB=0.9457 | mu=0.3291 | std=0.8719 | f=0.4239
2025-10-17 20:03:03,245 - INFO - Round 27 done in 84.17s; train size=150
2025-10-17 20:03:03,245 - INFO - 
--- Round 28 | trial=9 | sqrt_beta=0.7071 (beta=0.5000) | rho=0.80 | train size=150 ---
2025-10-17 20:04:31,463 - INFO - [round 28] pick 1/5: COC(=O)c1ccc(NC(=O)Nc2ccc(OC)c(OC)c2)cc1 | UCB=1.003 | mu=0.4623 | std=0.7641 | f=0.1767
2025-10-17 20:04:31,568 - INFO - [round 28] pick 2/5: O=C(CN1C(=O)NC2(CCc3ccccc32)C1=O)Nc1cccc(Cl)c1 | UCB=0.9833 | mu=0.3836 | std=0.8481 | f=0.1599
2025-10-17 20:04:31,673 - INFO - [round 28] pick 3/5: CN(C)c1ccc(C=NNC(=O)CN(c2ccccc2Cl)S(C)(=O)=O)cc1Br | UCB=0.9748 | mu=0.3536 | std=0.8785 | f=0.1703
2025-10-17 20:04:31,781 - INFO - [round 28] pick 4/5: Cc1cccc(-c2nnc3c([n+]2[O-])C(C)(C)OC3(C)C)c1 | UCB=0.9276 | mu=0.2808 | std=0.9148 | f=0.3682
2025-10-17 20:04:31,889 - INFO - [round 28] pick 5/5: CCOC(=O)c1csc(NC(=O)c2cc(=O)c3ccccc3o2)n1 | UCB=0.9662 | mu=0.3496 | std=0.8719 | f=0.5215
2025-10-17 20:04:31,998 - INFO - Round 28 done in 88.75s; train size=155
2025-10-17 20:04:31,998 - INFO - 
--- Round 29 | trial=9 | sqrt_beta=0.7071 (beta=0.5000) | rho=0.80 | train size=155 ---
2025-10-17 20:06:00,031 - INFO - [round 29] pick 1/5: COc1ccccc1NC(=O)COC(=O)COc1cccc2c1OC(C)(C)C2 | UCB=0.9848 | mu=0.4095 | std=0.8136 | f=0.498
2025-10-17 20:06:00,143 - INFO - [round 29] pick 2/5: CC(=O)Cc1nsc(NC(=O)c2ccc(-c3ccccc3Cl)o2)n1 | UCB=0.9817 | mu=0.3721 | std=0.8621 | f=0.4892
2025-10-17 20:06:00,256 - INFO - [round 29] pick 3/5: CC1(C)CC(=O)N(c2ccc(NC(=O)c3ncccc3N)cc2Cl)C1 | UCB=0.977 | mu=0.3668 | std=0.863 | f=0.4324
2025-10-17 20:06:00,371 - INFO - [round 29] pick 4/5: CCN(CC)S(=O)(=O)c1ccc(C(=O)OCC(=O)c2ccc3c(c2)NC(=O)CO3)cc1 | UCB=0.9618 | mu=0.3609 | std=0.8497 | f=0.4652
2025-10-17 20:06:00,487 - INFO - [round 29] pick 5/5: CSc1cccc(Nc2nc(-c3ccc4c(c3)C(C)(C)CCC4(C)C)cs2)c1 | UCB=0.9531 | mu=0.3418 | std=0.8646 | f=0.1244
2025-10-17 20:06:00,605 - INFO - Round 29 done in 88.61s; train size=160
2025-10-17 20:06:00,605 - INFO - 
--- Round 30 | trial=9 | sqrt_beta=0.7071 (beta=0.5000) | rho=0.80 | train size=160 ---
2025-10-17 20:07:31,787 - INFO - [round 30] pick 1/5: CCc1ccc(OCC(=O)Nc2ccc3c(c2)COC3=O)cc1 | UCB=0.9907 | mu=0.3964 | std=0.8404 | f=0.4149
2025-10-17 20:07:31,907 - INFO - [round 30] pick 2/5: O=C1CN(C(=O)COC(=O)c2cnc(Cl)c(Cl)c2)c2ccccc2N1 | UCB=0.9776 | mu=0.3659 | std=0.8651 | f=0.517
2025-10-17 20:07:32,028 - INFO - [round 30] pick 3/5: CCCCc1nnc(NC(=O)c2oc3ccccc3c2C)s1 | UCB=0.9741 | mu=0.3729 | std=0.8502 | f=0.4776
2025-10-17 20:07:32,150 - INFO - [round 30] pick 4/5: COc1ccccc1C1=C(c2ccc(S(C)(=O)=O)cc2)OC(C)(C)C1=O | UCB=0.9733 | mu=0.3889 | std=0.8265 | f=0.429
2025-10-17 20:07:32,274 - INFO - [round 30] pick 5/5: CC1(C)C(NC(=O)c2cn3cccnc3n2)C(C)(C)C1Oc1ccc(C#N)c(Cl)c1 | UCB=0.9511 | mu=0.3142 | std=0.9007 | f=0.1507
2025-10-17 20:07:32,399 - INFO - Round 30 done in 91.79s; train size=165
2025-10-17 20:07:32,399 - INFO - 
--- Round 31 | trial=9 | sqrt_beta=0.7071 (beta=0.5000) | rho=0.80 | train size=165 ---
2025-10-17 20:09:08,047 - INFO - [round 31] pick 1/5: COc1ccc2oc(C(=O)OCC(=O)Nc3ccccc3)c(C)c2c1 | UCB=0.9988 | mu=0.4152 | std=0.8253 | f=0.5147
2025-10-17 20:09:08,175 - INFO - [round 31] pick 2/5: CCCCn1nnc(NC(=O)c2ccc(-c3ccccc3[N+](=O)[O-])o2)n1 | UCB=0.9822 | mu=0.3684 | std=0.868 | f=0.4347
2025-10-17 20:09:08,304 - INFO - [round 31] pick 3/5: COc1ccccc1NC(=O)Cn1nnc2sc3c(c2c1=O)CC(C)(C)OC3 | UCB=0.9752 | mu=0.3593 | std=0.871 | f=0.1645
2025-10-17 20:09:08,434 - INFO - [round 31] pick 4/5: CCN(c1cc(C)cc(C)c1)S(=O)(=O)c1nnc(NC(=O)c2ccco2)s1 | UCB=0.9717 | mu=0.3556 | std=0.8713 | f=0.4114
2025-10-17 20:09:08,566 - INFO - [round 31] pick 5/5: O=C1NC(=O)C(CN2Cc3ccccc3S2(=O)=O)(c2ccc(F)cc2)N1 | UCB=0.9494 | mu=0.3353 | std=0.8684 | f=0.1484
2025-10-17 20:09:08,699 - INFO - Round 31 done in 96.30s; train size=170
2025-10-17 20:09:08,700 - INFO - 
--- Round 32 | trial=9 | sqrt_beta=0.7071 (beta=0.5000) | rho=0.80 | train size=170 ---
2025-10-17 20:10:48,995 - INFO - [round 32] pick 1/5: Cc1ccccc1NC(=O)COC(=O)c1ccc(S(C)(=O)=O)c([N+](=O)[O-])c1 | UCB=1.004 | mu=0.4142 | std=0.8336 | f=0.1762
2025-10-17 20:10:49,130 - INFO - [round 32] pick 2/5: CCN(CC(=O)Nc1c(F)cccc1F)C(=O)COc1cccc2c1OC(C)(C)C2 | UCB=0.9814 | mu=0.4159 | std=0.7996 | f=0.4606
2025-10-17 20:10:49,267 - INFO - [round 32] pick 3/5: COCc1nnc(NC(=O)c2cc3ccccc3o2)s1 | UCB=0.9748 | mu=0.4109 | std=0.7975 | f=0.4532
2025-10-17 20:10:49,405 - INFO - [round 32] pick 4/5: COC(=O)COc1ccc(C=C2Sc3ccccc3C2=O)cc1 | UCB=0.9794 | mu=0.3742 | std=0.8558 | f=0.4714
2025-10-17 20:10:49,545 - INFO - [round 32] pick 5/5: CCCCc1ccccc1N1N=C2COC(C)(C)C=C2C(C#N)=C1N | UCB=0.9425 | mu=0.3041 | std=0.9028 | f=0.4417
2025-10-17 20:10:49,686 - INFO - Round 32 done in 100.99s; train size=175
2025-10-17 20:10:49,686 - INFO - 
--- Round 33 | trial=9 | sqrt_beta=0.7071 (beta=0.5000) | rho=0.80 | train size=175 ---
2025-10-17 20:12:32,509 - INFO - [round 33] pick 1/5: CCOC(=O)c1oc2ccccc2c1NC(=O)c1ccco1 | UCB=0.9982 | mu=0.4175 | std=0.8212 | f=0.5222
2025-10-17 20:12:32,652 - INFO - [round 33] pick 2/5: Cc1ccc(NC(=O)CCNC(=O)N2CC(=O)Nc3ccccc32)cc1Cl | UCB=0.9933 | mu=0.4178 | std=0.8139 | f=0.5041
2025-10-17 20:12:32,797 - INFO - [round 33] pick 3/5: CC(=CCOc1ccc2ccc(=O)oc2c1)C1=CC(=N)C(C)(C)O1 | UCB=0.9663 | mu=0.3241 | std=0.9082 | f=0.3899
2025-10-17 20:12:32,944 - INFO - [round 33] pick 4/5: COc1ccccc1-c1nnc(SCCOc2ccc(C=C(C#N)C#N)cc2)o1 | UCB=0.9622 | mu=0.3435 | std=0.875 | f=0.4185
2025-10-17 20:12:33,092 - INFO - [round 33] pick 5/5: CC1(C)CC2CC(C)(CN2C(=O)COC(=O)c2nnc(O)c3ccccc23)C1 | UCB=0.9558 | mu=0.322 | std=0.8964 | f=0.1727
2025-10-17 20:12:33,242 - INFO - Round 33 done in 103.56s; train size=180
2025-10-17 20:12:33,242 - INFO - 
--- Round 34 | trial=9 | sqrt_beta=0.7071 (beta=0.5000) | rho=0.80 | train size=180 ---
2025-10-17 20:14:20,128 - INFO - [round 34] pick 1/5: COCC(=O)Nc1c(C(=O)Nc2ccc(C)cc2)oc2ccccc12 | UCB=0.9976 | mu=0.4341 | std=0.7969 | f=0.483
2025-10-17 20:14:20,284 - INFO - [round 34] pick 2/5: CCCCOC(=O)Cc1ccc2c(c1)C(=O)c1ccccc1CO2 | UCB=0.9906 | mu=0.3916 | std=0.8471 | f=0.4979
2025-10-17 20:14:20,448 - INFO - [round 34] pick 3/5: CSCCC(NC(=O)c1ccco1)C(=O)OCC(=O)N1c2ccccc2NC(=O)C1(C)C | UCB=0.9832 | mu=0.3963 | std=0.8299 | f=0.4697
2025-10-17 20:14:20,606 - INFO - [round 34] pick 4/5: COc1cc(OC)cc(C(=O)Nc2nnc(-c3cccnc3)o2)c1 | UCB=0.9625 | mu=0.3531 | std=0.8617 | f=0.3984
2025-10-17 20:14:20,765 - INFO - [round 34] pick 5/5: CC(=NOCC#N)c1ccc(S(=O)(=O)c2ncc(C3(C)COC(C)(C)O3)s2)cc1 | UCB=0.9341 | mu=0.2921 | std=0.9078 | f=0.3599
2025-10-17 20:14:20,925 - INFO - Round 34 done in 107.68s; train size=185
2025-10-17 20:14:20,925 - INFO - 
--- Round 35 | trial=9 | sqrt_beta=0.7071 (beta=0.5000) | rho=0.80 | train size=185 ---
2025-10-17 20:16:08,479 - INFO - [round 35] pick 1/5: CCOC(=O)CNC(=O)c1ccc2oc3ccccc3c(=O)c2c1 | UCB=0.9975 | mu=0.4039 | std=0.8395 | f=0.5108
2025-10-17 20:16:08,640 - INFO - [round 35] pick 2/5: CON=C(C1=NOC(C)(C)C1)c1ccccc1COc1cc(C)ccc1C | UCB=0.982 | mu=0.3578 | std=0.8827 | f=0.4525
2025-10-17 20:16:08,804 - INFO - [round 35] pick 3/5: COc1ccc(OC)c(NC(=O)CSc2nnc(NC(=O)c3ccco3)s2)c1 | UCB=0.9818 | mu=0.3962 | std=0.8281 | f=0.4352
2025-10-17 20:16:09,096 - INFO - [round 35] pick 4/5: CCCCC12CC1(C(=O)Nc1ccncc1)C(=O)Nc1ccc(Cl)cc12 | UCB=0.9609 | mu=0.335 | std=0.8851 | f=0.1599
2025-10-17 20:16:09,264 - INFO - [round 35] pick 5/5: CN(C)CCN=C1c2ccccc2CN(C)c2ccccc21 | UCB=0.956 | mu=0.3494 | std=0.8579 | f=0.4082
2025-10-17 20:16:09,432 - INFO - Round 35 done in 108.51s; train size=190
2025-10-17 20:16:09,432 - INFO - 
--- Round 36 | trial=9 | sqrt_beta=0.7071 (beta=0.5000) | rho=0.80 | train size=190 ---
2025-10-17 20:18:02,034 - INFO - [round 36] pick 1/5: COc1ccccc1CNC(=O)COC(=O)c1cc(=O)c2ccccc2o1 | UCB=1.004 | mu=0.4236 | std=0.821 | f=0.4919
2025-10-17 20:18:02,204 - INFO - [round 36] pick 2/5: CCCn1c(C)cc(C(=O)COc2ccc(-c3nnco3)cc2)c1C | UCB=0.9744 | mu=0.3515 | std=0.8809 | f=0.4399
2025-10-17 20:18:02,376 - INFO - [round 36] pick 3/5: O=C(O)Cc1ccc2c(c1)C(=O)c1ccccc1CS2 | UCB=0.9796 | mu=0.3895 | std=0.8345 | f=0.4311
2025-10-17 20:18:02,550 - INFO - [round 36] pick 4/5: COC(=O)C1(CNC(=O)c2cc(Cl)cc(Cl)c2)CCN(CC2=Cc3ccccc3OC2(C)C)CC1 | UCB=0.9723 | mu=0.3399 | std=0.8944 | f=0.174
2025-10-17 20:18:02,725 - INFO - [round 36] pick 5/5: CC(=NNC(=O)C1(C)CC1(Br)Br)c1cccc(NC(=O)c2ccc(C)o2)c1 | UCB=0.9679 | mu=0.3447 | std=0.8813 | f=0.4035
2025-10-17 20:18:02,902 - INFO - Round 36 done in 113.47s; train size=195
2025-10-17 20:18:02,903 - INFO - 
--- Round 37 | trial=9 | sqrt_beta=0.7071 (beta=0.5000) | rho=0.80 | train size=195 ---
2025-10-17 20:19:56,155 - INFO - [round 37] pick 1/5: Cc1c(C)c2ccc(OCC(=O)Nc3ccccn3)cc2oc1=O | UCB=1.004 | mu=0.4074 | std=0.8431 | f=0.4454
2025-10-17 20:19:56,338 - INFO - [round 37] pick 2/5: O=C(OCCCN1C(=O)c2ccccc2C1=O)c1ccco1 | UCB=0.9946 | mu=0.4608 | std=0.7548 | f=0.4776
2025-10-17 20:19:56,520 - INFO - [round 37] pick 3/5: CCOC(=O)CN(C(=O)CSc1nnc(-c2ccc(OC)c(OC)c2)o1)c1ccccc1 | UCB=0.9903 | mu=0.4006 | std=0.834 | f=0.5222
2025-10-17 20:19:56,703 - INFO - [round 37] pick 4/5: C=CCc1cc(C)ccc1OCC(=O)NCCCNC(=O)C1=CC(C)(C)NC1(C)C | UCB=0.9519 | mu=0.3119 | std=0.9051 | f=0.1627
2025-10-17 20:19:56,888 - INFO - [round 37] pick 5/5: CC1(C)Cc2ccc3ccccc3c2C=[N+]1[O-] | UCB=0.9518 | mu=0.3221 | std=0.8906 | f=0.3831
2025-10-17 20:19:57,074 - INFO - Round 37 done in 114.17s; train size=200
2025-10-17 20:19:57,075 - INFO - 
--- Round 38 | trial=9 | sqrt_beta=0.7071 (beta=0.5000) | rho=0.80 | train size=200 ---
2025-10-17 20:21:53,192 - INFO - [round 38] pick 1/5: COc1ccc(CCN(C)C(=O)c2cc(=O)c3ccccc3o2)cc1OC | UCB=1.007 | mu=0.4374 | std=0.8049 | f=0.4733
2025-10-17 20:21:53,380 - INFO - [round 38] pick 2/5: COC(=O)CCC(=O)Nc1cccc(-c2nnc(-c3ccc(C)cc3)o2)c1 | UCB=1.003 | mu=0.4103 | std=0.8377 | f=0.4611
2025-10-17 20:21:53,571 - INFO - [round 38] pick 3/5: CCOC(=O)c1ncn2c1Cc1cncnc1-c1ccccc1-2 | UCB=0.9721 | mu=0.3528 | std=0.8758 | f=0.1807
2025-10-17 20:21:53,763 - INFO - [round 38] pick 4/5: O=C(N=C1SCC(=O)N1c1ccccc1Cl)c1ccco1 | UCB=0.974 | mu=0.3677 | std=0.8574 | f=0.4492
2025-10-17 20:21:53,957 - INFO - [round 38] pick 5/5: CC=C(C)C(=O)OC1Cc2c(ccc3ccc(=O)oc23)OC1(C)C | UCB=0.9487 | mu=0.3108 | std=0.9021 | f=0.4149
2025-10-17 20:21:54,152 - INFO - Round 38 done in 117.08s; train size=205
2025-10-17 20:21:54,152 - INFO - 
--- Round 39 | trial=9 | sqrt_beta=0.7071 (beta=0.5000) | rho=0.80 | train size=205 ---
2025-10-17 20:23:49,211 - INFO - [round 39] pick 1/5: COc1ccc(OC)c(C(=O)c2oc3ccccc3c2NC(C)=O)c1 | UCB=1.006 | mu=0.4463 | std=0.7917 | f=0.4851
2025-10-17 20:23:49,409 - INFO - [round 39] pick 2/5: Cc1ccc(NC(=O)CSc2nnc(CNC(=O)c3ccco3)o2)cc1Cl | UCB=0.9983 | mu=0.4193 | std=0.8187 | f=0.4507
2025-10-17 20:23:49,611 - INFO - [round 39] pick 3/5: CCC1(C)Cc2ccccc2-c2nc(-c3ccccc3)oc(=O)c21 | UCB=0.9824 | mu=0.3829 | std=0.8479 | f=0.1508
2025-10-17 20:23:49,814 - INFO - [round 39] pick 4/5: O=C(O)COc1ccc(C=C2C(=O)ON=C2c2cccs2)cc1 | UCB=0.9713 | mu=0.3539 | std=0.8731 | f=0.3914
2025-10-17 20:23:50,018 - INFO - [round 39] pick 5/5: COC(=O)CCCc1ccc2c(c1)CC1(Cc3ccccc3C1)C2 | UCB=0.9737 | mu=0.3607 | std=0.8669 | f=0.1665
2025-10-17 20:23:50,226 - INFO - Round 39 done in 116.07s; train size=210
