2025-10-10 06:59:23,890 - INFO - 
--- Round 0 | trial=2 | sqrt_beta=1.4142 (beta=2.0000) | rho=0.70 | train size=10 ---
2025-10-10 06:59:35,489 - INFO - [round 0] pick 1/5: CCCCCNC(=O)c1[nH]c(C(F)(F)F)nc1-c1ccccc1 | UCB=1.568 | mu=0.2378 | std=0.9407 | f=0.1666
2025-10-10 06:59:35,490 - INFO - [round 0] pick 2/5: COCCNC(=O)CN(C(=O)CCC(=O)Nc1ccccn1)c1ccccc1OC | UCB=1.564 | mu=0.2357 | std=0.939 | f=0.1718
2025-10-10 06:59:35,491 - INFO - [round 0] pick 3/5: Cc1cccc(C2Nc3ccc(C(=O)O)cc3C3C=CCC32)c1 | UCB=1.548 | mu=0.2247 | std=0.9356 | f=0.1483
2025-10-10 06:59:35,492 - INFO - [round 0] pick 4/5: C=CCNC(=O)Nc1nc2cc(-c3cccnc3)c(OCCN3CCOCC3)nc2s1 | UCB=1.539 | mu=0.182 | std=0.9598 | f=0.1352
2025-10-10 06:59:35,494 - INFO - [round 0] pick 5/5: O=C(Nc1cccc2cccnc12)C(F)(F)C(F)(F)C(F)(F)C(F)(F)C(F)(F)C(F)(F)C(F)(F)F | UCB=1.538 | mu=0.1703 | std=0.9671 | f=0.1116
2025-10-10 06:59:35,495 - INFO - Round 0 done in 11.61s; train size=15
2025-10-10 06:59:35,495 - INFO - 
--- Round 1 | trial=2 | sqrt_beta=1.4142 (beta=2.0000) | rho=0.70 | train size=15 ---
2025-10-10 06:59:49,240 - INFO - [round 1] pick 1/5: COc1ccc(-c2cccc(OC(F)(F)F)c2)cc1C(CC(=O)O)c1ncc(C)s1 | UCB=1.535 | mu=0.2306 | std=0.9226 | f=0.4097
2025-10-10 06:59:49,241 - INFO - [round 1] pick 2/5: CC(C)(C)c1ccc(C2(C(=O)NCCS(N)(=O)=O)CC2)cc1 | UCB=1.528 | mu=0.1915 | std=0.9453 | f=0.1443
2025-10-10 06:59:49,243 - INFO - [round 1] pick 3/5: CCNC(=O)Nc1ncnc2c1ncn2C1OC(COCC(=O)O)C2OC(C=Cc3ccccc3)OC21 | UCB=1.523 | mu=0.1781 | std=0.9509 | f=0.00776
2025-10-10 06:59:49,245 - INFO - [round 1] pick 4/5: Sc1nccn1CCCc1cc(Cl)cc(Cl)c1 | UCB=1.505 | mu=0.1295 | std=0.9724 | f=0.1253
2025-10-10 06:59:49,246 - INFO - [round 1] pick 5/5: N#CC(C#N)C1CCC=C(Sc2ccccc2)C1Sc1ccccc1 | UCB=1.508 | mu=0.1544 | std=0.9574 | f=0.3208
2025-10-10 06:59:49,249 - INFO - Round 1 done in 13.75s; train size=20
2025-10-10 06:59:49,249 - INFO - 
--- Round 2 | trial=2 | sqrt_beta=1.4142 (beta=2.0000) | rho=0.70 | train size=20 ---
2025-10-10 07:00:05,793 - INFO - [round 2] pick 1/5: COc1ccc(OC(F)(F)F)cc1CN1CCC(=O)C(C(c2ccccc2)c2ccccc2)C1 | UCB=1.541 | mu=0.2431 | std=0.918 | f=0.1436
2025-10-10 07:00:05,795 - INFO - [round 2] pick 2/5: O=C(Nc1cc2ccc(-c3ccncc3)cc2cn1)C1CC1 | UCB=1.533 | mu=0.2112 | std=0.935 | f=0.1269
2025-10-10 07:00:05,797 - INFO - [round 2] pick 3/5: Cc1nc(C)c(C(C)NC(=O)NCCNc2cccc(F)c2C#N)s1 | UCB=1.515 | mu=0.1679 | std=0.9528 | f=0.1508
2025-10-10 07:00:05,800 - INFO - [round 2] pick 4/5: C=CCc1ccc(OCC(O)CO)c(OC)c1 | UCB=1.513 | mu=0.1465 | std=0.9664 | f=0.006794
2025-10-10 07:00:05,803 - INFO - [round 2] pick 5/5: N#CCCC(CCC#N)(CCC#N)c1cc[n+](CCc2ccccn2)cc1 | UCB=1.506 | mu=0.1431 | std=0.9641 | f=0.1204
2025-10-10 07:00:05,806 - INFO - Round 2 done in 16.56s; train size=25
2025-10-10 07:00:05,806 - INFO - 
--- Round 3 | trial=2 | sqrt_beta=1.4142 (beta=2.0000) | rho=0.70 | train size=25 ---
2025-10-10 07:00:26,123 - INFO - [round 3] pick 1/5: Cc1[nH]c(C=C2C(=O)Nc3ccc(-c4csc(-c5ccccc5)n4)cc32)c(C)c1CCC(=O)O | UCB=1.515 | mu=0.2019 | std=0.9285 | f=0.00785
2025-10-10 07:00:26,127 - INFO - [round 3] pick 2/5: N#Cc1cccn1CCC(NS(=O)(=O)c1cccc2[nH]ccc12)C(=O)N1CCC(C(F)(F)F)CC1 | UCB=1.512 | mu=0.1826 | std=0.9401 | f=0.1321
2025-10-10 07:00:26,130 - INFO - [round 3] pick 3/5: CCN(CC)C(C)=Nc1nc2ccc(OC(F)(F)F)cc2s1 | UCB=1.505 | mu=0.1791 | std=0.9374 | f=0.1385
2025-10-10 07:00:26,134 - INFO - [round 3] pick 4/5: CC(C)CC(NC(=O)C(CC(=O)O)NC(=O)C(CC(N)=O)NC(=O)C(NC(=O)C(NC(=O)N(c1ccccc1)c1ccccc1)C(C)C)C(C)C)C(=O)O | UCB=1.5 | mu=0.1428 | std=0.9595 | f=0.1311
2025-10-10 07:00:26,138 - INFO - [round 3] pick 5/5: O=C(Oc1cncc(Cl)c1)c1cscn1 | UCB=1.493 | mu=0.131 | std=0.9629 | f=0.1337
2025-10-10 07:00:26,142 - INFO - Round 3 done in 20.34s; train size=30
2025-10-10 07:00:26,142 - INFO - 
--- Round 4 | trial=2 | sqrt_beta=1.4142 (beta=2.0000) | rho=0.70 | train size=30 ---
2025-10-10 07:00:48,591 - INFO - [round 4] pick 1/5: COc1cccnc1-c1ccc2nc(N)c(CC(C)C(=O)NCCC(C)(C)C)cc2c1 | UCB=1.503 | mu=0.2127 | std=0.9127 | f=0.4256
2025-10-10 07:00:48,596 - INFO - [round 4] pick 2/5: Cc1ccccc1C(CC(=O)c1cccs1)C(C#N)C#N | UCB=1.498 | mu=0.1769 | std=0.9339 | f=0.1482
2025-10-10 07:00:48,601 - INFO - [round 4] pick 3/5: CCCCC(CN(O)C=O)C(=O)N1CC=CC1C(=O)Nc1ncc(C)s1 | UCB=1.486 | mu=0.1306 | std=0.9586 | f=0.1449
2025-10-10 07:00:48,606 - INFO - [round 4] pick 4/5: c1cc[n+](COC[n+]2ccccc2)cc1 | UCB=1.48 | mu=0.1101 | std=0.9689 | f=0.1099
2025-10-10 07:00:48,611 - INFO - [round 4] pick 5/5: NC1CC(N2Cc3cnn(-c4ccc(C(F)(F)F)cn4)c3C2)CCOC1c1cc(F)ccc1F | UCB=1.481 | mu=0.1233 | std=0.9601 | f=0.005643
2025-10-10 07:00:48,617 - INFO - Round 4 done in 22.47s; train size=35
2025-10-10 07:00:48,617 - INFO - 
--- Round 5 | trial=2 | sqrt_beta=1.4142 (beta=2.0000) | rho=0.70 | train size=35 ---
2025-10-10 07:01:13,764 - INFO - [round 5] pick 1/5: COc1cccc(-c2cc(C(=O)NCc3ncccc3C)nc(N)n2)c1 | UCB=1.511 | mu=0.2354 | std=0.9022 | f=0.4347
2025-10-10 07:01:13,770 - INFO - [round 5] pick 2/5: CCCNC(=O)N1C(CO)C(c2ccc(C3=CCCCC3)cc2)C1CNC(C)C | UCB=1.494 | mu=0.1608 | std=0.943 | f=0.3901
2025-10-10 07:01:13,777 - INFO - [round 5] pick 3/5: COC(C)(C)CCCC(C)CC=CC(C)=CC(=O)O | UCB=1.482 | mu=0.1044 | std=0.9741 | f=4.167e-05
2025-10-10 07:01:13,783 - INFO - [round 5] pick 4/5: COc1ccc(OC(c2cnc(N(C)C)nc2)C(Oc2ccc(OC)cc2)C(COC(c2ccccc2)(c2ccccc2)c2ccccc2)OS(C)(=O)=O)cc1 | UCB=1.488 | mu=0.145 | std=0.9493 | f=4.322e-05
2025-10-10 07:01:13,791 - INFO - [round 5] pick 5/5: CC1SC(=O)NC1C(=O)NCCO[N+](=O)[O-] | UCB=1.478 | mu=0.1117 | std=0.9661 | f=0.006105
2025-10-10 07:01:13,798 - INFO - Round 5 done in 25.18s; train size=40
2025-10-10 07:01:13,798 - INFO - 
--- Round 6 | trial=2 | sqrt_beta=1.4142 (beta=2.0000) | rho=0.70 | train size=40 ---
2025-10-10 07:01:41,659 - INFO - [round 6] pick 1/5: CCOc1cccnc1C(=O)N1CC=C(c2ccc(O)cc2)CC1 | UCB=1.523 | mu=0.2282 | std=0.9157 | f=0.3984
2025-10-10 07:01:41,667 - INFO - [round 6] pick 2/5: COc1cccc(Nc2cc(Nc3cccc(C(=O)NCCCn4ccnc4)c3)nc(N)n2)c1 | UCB=1.518 | mu=0.2215 | std=0.9165 | f=0.1462
2025-10-10 07:01:41,676 - INFO - [round 6] pick 3/5: CC(C)Nc1ccc(O)c2ncccc12 | UCB=1.52 | mu=0.1924 | std=0.939 | f=0.1288
2025-10-10 07:01:41,684 - INFO - [round 6] pick 4/5: CC(C)CNC(=O)C1C=CC2CC3C(Cc4ccc5c(c4)OCO5)C4C=CC1C2C43 | UCB=1.497 | mu=0.1435 | std=0.9572 | f=4.197e-05
2025-10-10 07:01:41,693 - INFO - [round 6] pick 5/5: Nc1ncc(Cl)nc1CNC(=S)NC1CC1 | UCB=1.483 | mu=0.1155 | std=0.9667 | f=0.1104
2025-10-10 07:01:41,703 - INFO - Round 6 done in 27.90s; train size=45
2025-10-10 07:01:41,703 - INFO - 
--- Round 7 | trial=2 | sqrt_beta=1.4142 (beta=2.0000) | rho=0.70 | train size=45 ---
2025-10-10 07:02:12,992 - INFO - [round 7] pick 1/5: N#Cc1c[nH]c(C(=O)Nc2ccc(-c3ccccn3)cc2C2=CCCCC2)n1 | UCB=1.52 | mu=0.2291 | std=0.9124 | f=0.1355
2025-10-10 07:02:13,002 - INFO - [round 7] pick 2/5: CCOc1ccc(-c2nc(CSCC(=O)NCCOC)c(C)o2)cc1 | UCB=1.513 | mu=0.2138 | std=0.9186 | f=0.1777
2025-10-10 07:02:13,012 - INFO - [round 7] pick 3/5: Nc1ncccc1CN1CC(O)C(O)C1CO | UCB=1.493 | mu=0.1326 | std=0.9619 | f=0.1148
2025-10-10 07:02:13,023 - INFO - [round 7] pick 4/5: COC1=CN2C(=CC(CCN)=C1)C1=CC=CCC13CCCC=C23 | UCB=1.494 | mu=0.1268 | std=0.9667 | f=0.1346
2025-10-10 07:02:13,034 - INFO - [round 7] pick 5/5: CCCC(=O)NC(Cc1ccc(O)cc1)C(=O)NCCCNCCCCCCNCCCCCCNCCCCCCNCc1ccccc1OC | UCB=1.487 | mu=0.1325 | std=0.9579 | f=0.1404
2025-10-10 07:02:13,046 - INFO - Round 7 done in 31.34s; train size=50
2025-10-10 07:02:13,046 - INFO - 
--- Round 8 | trial=2 | sqrt_beta=1.4142 (beta=2.0000) | rho=0.70 | train size=50 ---
2025-10-10 07:02:47,627 - INFO - [round 8] pick 1/5: O=C(NCCO)c1ccc(-c2cnc3cccnn23)cc1 | UCB=1.512 | mu=0.2283 | std=0.9077 | f=0.3621
2025-10-10 07:02:47,639 - INFO - [round 8] pick 2/5: Cc1cccnc1Nc1nc2ccc(C3=NCCN3)cc2s1 | UCB=1.508 | mu=0.2037 | std=0.9223 | f=0.1311
2025-10-10 07:02:47,652 - INFO - [round 8] pick 3/5: COc1cccc(-c2cc(CNC34CC5CC(CC(C5)C3)C4)no2)c1 | UCB=1.493 | mu=0.1533 | std=0.947 | f=4.249e-05
2025-10-10 07:02:47,665 - INFO - [round 8] pick 4/5: CCC=CCC=CCC=CCC=CCC=CCC=CCCC(=O)Oc1ccccc1C1CCCCC1 | UCB=1.475 | mu=0.1046 | std=0.9691 | f=0.1463
2025-10-10 07:02:47,679 - INFO - [round 8] pick 5/5: CCOC(=O)c1cc(S(N)(=O)=O)c(SSc2cc(Cl)c(C(=O)OCC)cc2S(N)(=O)=O)cc1Cl | UCB=1.473 | mu=0.1141 | std=0.9612 | f=0.1826
2025-10-10 07:02:47,693 - INFO - Round 8 done in 34.65s; train size=55
2025-10-10 07:02:47,693 - INFO - 
--- Round 9 | trial=2 | sqrt_beta=1.4142 (beta=2.0000) | rho=0.70 | train size=55 ---
2025-10-10 07:03:23,968 - INFO - [round 9] pick 1/5: CCCN(CCC)C(=O)Cn1c(-c2ccc(Cl)cc2)nc2ncccc21 | UCB=1.518 | mu=0.2278 | std=0.9121 | f=0.4347
2025-10-10 07:03:23,982 - INFO - [round 9] pick 2/5: O=C(NCC(CO)Cc1cccc(OC(F)(F)F)c1)c1cnccn1 | UCB=1.505 | mu=0.2388 | std=0.8955 | f=0.133
2025-10-10 07:03:23,998 - INFO - [round 9] pick 3/5: C#CCOC(=O)CC1C(C(=O)OCC#C)=C(N)Oc2ccc(-c3ccc(N)cc3)cc21 | UCB=1.5 | mu=0.1659 | std=0.9432 | f=0.4732
2025-10-10 07:03:24,014 - INFO - [round 9] pick 4/5: O=C(C=CC1=CCCC=C1)C1=CC=CCC1 | UCB=1.477 | mu=0.1143 | std=0.9639 | f=0.1029
2025-10-10 07:03:24,030 - INFO - [round 9] pick 5/5: CSC(=S)n1ccnc1C | UCB=1.469 | mu=0.09313 | std=0.973 | f=0.00492
2025-10-10 07:03:24,047 - INFO - Round 9 done in 36.35s; train size=60
2025-10-10 07:03:24,047 - INFO - 
--- Round 10 | trial=2 | sqrt_beta=1.4142 (beta=2.0000) | rho=0.70 | train size=60 ---
2025-10-10 07:04:02,841 - INFO - [round 10] pick 1/5: COCCOCc1ncccc1C1C(C(=O)C(C)(C)C)C(=O)C(=O)N1c1ccc(-c2ccsc2)cc1 | UCB=1.543 | mu=0.2479 | std=0.9159 | f=0.1755
2025-10-10 07:04:02,859 - INFO - [round 10] pick 2/5: N=C(N)NC(=O)c1ccc(-c2ccc(N)cc2)o1 | UCB=1.532 | mu=0.2212 | std=0.9269 | f=0.1346
2025-10-10 07:04:02,877 - INFO - [round 10] pick 3/5: CCCCCCCCn1cc(CN(CCC)CCC)c2cc(-c3cccc(C)c3)ccc21 | UCB=1.518 | mu=0.1956 | std=0.9352 | f=0.3869
2025-10-10 07:04:02,896 - INFO - [round 10] pick 4/5: C#CCOC(=O)C(N)CS | UCB=1.481 | mu=0.09391 | std=0.9809 | f=3.581e-05
2025-10-10 07:04:02,915 - INFO - [round 10] pick 5/5: O=C(O)CCn1nnc(-c2ccc(Cl)cc2)n1 | UCB=1.526 | mu=0.2169 | std=0.9254 | f=0.1409
2025-10-10 07:04:02,934 - INFO - Round 10 done in 38.89s; train size=65
2025-10-10 07:04:02,934 - INFO - 
--- Round 11 | trial=2 | sqrt_beta=1.4142 (beta=2.0000) | rho=0.70 | train size=65 ---
2025-10-10 07:04:44,953 - INFO - [round 11] pick 1/5: CCN(CC)Cc1ccc(-c2cccc(CN(C)C(=O)CN)c2)cc1 | UCB=1.54 | mu=0.2646 | std=0.9017 | f=0.1625
2025-10-10 07:04:44,974 - INFO - [round 11] pick 2/5: CCCn1ccc2cc(C(=O)c3cc(OC)c(OC)c(OC)c3)ccc21 | UCB=1.519 | mu=0.2161 | std=0.9212 | f=0.4472
2025-10-10 07:04:44,994 - INFO - [round 11] pick 3/5: O=C(NCC1CN(c2ccc(-c3nnc4ncccn34)cc2)C(=O)O1)C(Cl)Cl | UCB=1.512 | mu=0.2078 | std=0.9225 | f=0.1365
2025-10-10 07:04:45,015 - INFO - [round 11] pick 4/5: CCCN(CCC)CCNc1n[n+]([O-])c2cc3c(cc2[n+]1[O-])CCC3 | UCB=1.488 | mu=0.128 | std=0.962 | f=0.3232
2025-10-10 07:04:45,037 - INFO - [round 11] pick 5/5: Brc1ccc(C=CCSSCC=Cc2ccc(Br)cc2Br)c(Br)c1 | UCB=1.494 | mu=0.1312 | std=0.964 | f=0.1203
2025-10-10 07:04:45,060 - INFO - Round 11 done in 42.13s; train size=70
2025-10-10 07:04:45,060 - INFO - 
--- Round 12 | trial=2 | sqrt_beta=1.4142 (beta=2.0000) | rho=0.70 | train size=70 ---
2025-10-10 07:05:30,710 - INFO - [round 12] pick 1/5: CCCNC(=O)N1CCc2cc(OC)c(OC)cc2C1c1ccc(Cl)cc1 | UCB=1.539 | mu=0.2762 | std=0.893 | f=0.4733
2025-10-10 07:05:30,734 - INFO - [round 12] pick 2/5: CCCN(CCC)C(=O)C1=Cc2ccc(C(O)=Nc3ccc(CCCCN)nc3)cc2NC(=N)C1 | UCB=1.529 | mu=0.2177 | std=0.9269 | f=0.435
2025-10-10 07:05:30,758 - INFO - [round 12] pick 3/5: CCCn1cc(-c2cccnc2)nc1CCc1nc2cccc(C)n2n1 | UCB=1.525 | mu=0.2272 | std=0.9176 | f=0.1508
2025-10-10 07:05:30,782 - INFO - [round 12] pick 4/5: Cc1cc(C)cc(-c2cc3cc(C(C)(C)C(=O)NC(C)(C)C)ccc3n2CC(=O)OC(C)(C)C)c1 | UCB=1.517 | mu=0.1886 | std=0.9393 | f=0.4054
2025-10-10 07:05:30,807 - INFO - [round 12] pick 5/5: Nc1c(-c2ccc(-c3c(N)[n+]([O-])c4ccccc4[n+]3[O-])cc2)[n+]([O-])c2ccccc2[n+]1[O-] | UCB=1.49 | mu=0.158 | std=0.9419 | f=0.006166
2025-10-10 07:05:30,833 - INFO - Round 12 done in 45.77s; train size=75
2025-10-10 07:05:30,833 - INFO - 
--- Round 13 | trial=2 | sqrt_beta=1.4142 (beta=2.0000) | rho=0.70 | train size=75 ---
2025-10-10 07:06:16,809 - INFO - [round 13] pick 1/5: CCCCN(CCCC)C(=O)c1ccc2nc(Nc3cc(OC)c(OC)c(OC)c3)n(CCCN)c2c1 | UCB=1.564 | mu=0.2922 | std=0.8997 | f=0.4457
2025-10-10 07:06:16,835 - INFO - [round 13] pick 2/5: CCOC(=O)C1=C(N)Oc2cc(O)ccc2C1c1ccc(C#N)cc1 | UCB=1.538 | mu=0.2481 | std=0.9119 | f=0.5064
2025-10-10 07:06:16,863 - INFO - [round 13] pick 3/5: CN(C)CCn1ccc2ccc(C3=CCN(C)CC3)cc21 | UCB=1.53 | mu=0.222 | std=0.9247 | f=0.3506
2025-10-10 07:06:16,891 - INFO - [round 13] pick 4/5: Cc1ccc(SCC(=O)OCC(=O)NCCNC(=O)COC(=O)CSc2ccc(C)c(C)c2)cc1C | UCB=1.531 | mu=0.2136 | std=0.9315 | f=0.1628
2025-10-10 07:06:16,919 - INFO - [round 13] pick 5/5: CCCN(CCC)C1CCC2=C(CCCC2=NOC(=O)C(C)(C)C)C1 | UCB=1.509 | mu=0.1645 | std=0.9503 | f=0.1291
2025-10-10 07:06:16,949 - INFO - Round 13 done in 46.12s; train size=80
2025-10-10 07:06:16,949 - INFO - 
--- Round 14 | trial=2 | sqrt_beta=1.4142 (beta=2.0000) | rho=0.70 | train size=80 ---
2025-10-10 07:07:08,156 - INFO - [round 14] pick 1/5: CCOC(=O)c1ccc(-c2cnc3cc(OC)c(OC)cc3c2)cc1 | UCB=1.575 | mu=0.3506 | std=0.8659 | f=0.4937
2025-10-10 07:07:08,187 - INFO - [round 14] pick 2/5: CCCCN(CCCC)CCNC(=O)c1cn(CC)c2ccc(S(=O)(=O)N3CCc4ccccc4C3)cc2c1=O | UCB=1.558 | mu=0.2756 | std=0.9066 | f=0.1529
2025-10-10 07:07:08,218 - INFO - [round 14] pick 3/5: CCCC(=O)OC1Cc2c(O)cc(O)cc2OC1c1ccc(O)c(O)c1 | UCB=1.546 | mu=0.226 | std=0.9331 | f=0.405
2025-10-10 07:07:08,250 - INFO - [round 14] pick 4/5: CCOC1(OCC)C(c2ccc(Cl)cc2)C(C#N)(C#N)C1(OCC)OCC | UCB=1.524 | mu=0.1881 | std=0.945 | f=0.1559
2025-10-10 07:07:08,282 - INFO - [round 14] pick 5/5: CCCN(CCC)c1c(C)nc(-c2c(C)cc(C)cc2OC)n(CCF)c1=O | UCB=1.545 | mu=0.2391 | std=0.9231 | f=0.1427
2025-10-10 07:07:08,316 - INFO - Round 14 done in 51.37s; train size=85
2025-10-10 07:07:08,316 - INFO - 
--- Round 15 | trial=2 | sqrt_beta=1.4142 (beta=2.0000) | rho=0.70 | train size=85 ---
2025-10-10 07:08:01,148 - INFO - [round 15] pick 1/5: CCCCOC(=O)Nc1ccc2ccn(Cc3ccc(C(=O)O)cc3OC)c2c1 | UCB=1.572 | mu=0.3162 | std=0.8877 | f=0.4822
2025-10-10 07:08:01,182 - INFO - [round 15] pick 2/5: COC(=O)CC1C(C(=O)OC)=C(N)Oc2ccc(-c3cc(OC)cc(OC)c3)cc21 | UCB=1.57 | mu=0.3375 | std=0.8716 | f=0.5195
2025-10-10 07:08:01,217 - INFO - [round 15] pick 3/5: CCOC(=O)c1cc2c3cc(C#N)ccc3ncn2c1 | UCB=1.563 | mu=0.2788 | std=0.908 | f=0.4552
2025-10-10 07:08:01,252 - INFO - [round 15] pick 4/5: Cc1c(-c2ccc(O)cc2)n(CCCCCNCCN)c2ccc(O)cc12 | UCB=1.552 | mu=0.263 | std=0.9115 | f=0.3974
2025-10-10 07:08:01,288 - INFO - [round 15] pick 5/5: CC(C)(Sc1cc(C(C)(C)C)c(O)c(C(C)(C)C)c1)Sc1cc(C(C)(C)C)c(OC(=O)CCO)c(C(C)(C)C)c1 | UCB=1.522 | mu=0.1794 | std=0.9494 | f=0.1264
2025-10-10 07:08:01,325 - INFO - Round 15 done in 53.01s; train size=90
2025-10-10 07:08:01,325 - INFO - 
--- Round 16 | trial=2 | sqrt_beta=1.4142 (beta=2.0000) | rho=0.70 | train size=90 ---
2025-10-10 07:08:58,454 - INFO - [round 16] pick 1/5: CCOC(=O)c1ccc(N2C=C(C(=O)OC)C(c3ccc(OC)c(O)c3)C(C(=O)OC)=C2)cc1 | UCB=1.583 | mu=0.3311 | std=0.8851 | f=0.5255
2025-10-10 07:08:58,493 - INFO - [round 16] pick 2/5: COCCn1cc(C#N)c2cc(-c3cc(C(=O)O)ccn3)ccc21 | UCB=1.578 | mu=0.3234 | std=0.8869 | f=0.4115
2025-10-10 07:08:58,532 - INFO - [round 16] pick 3/5: CCCCCc1cc(O)cc(OC(=O)c2c(O)cc(O)cc2CCCCC)c1 | UCB=1.561 | mu=0.2645 | std=0.9166 | f=0.1496
2025-10-10 07:08:58,571 - INFO - [round 16] pick 4/5: COc1cc2cc(C(=O)N3CC(CCl)c4ccc(NCCN)cc43)[nH]c2c(OC)c1OC | UCB=1.575 | mu=0.2853 | std=0.9122 | f=0.1791
2025-10-10 07:08:58,612 - INFO - [round 16] pick 5/5: CC#Cc1cncc(-c2ccc3c(c2)C2(COC(N)=N2)C2(COC2)C(CCC)O3)c1 | UCB=1.544 | mu=0.2168 | std=0.9385 | f=0.006653
2025-10-10 07:08:58,653 - INFO - Round 16 done in 57.33s; train size=95
2025-10-10 07:08:58,653 - INFO - 
--- Round 17 | trial=2 | sqrt_beta=1.4142 (beta=2.0000) | rho=0.70 | train size=95 ---
2025-10-10 07:09:56,634 - INFO - [round 17] pick 1/5: CCCOC(=O)c1ccc(N=Cc2cccc(OC)c2O)cc1 | UCB=1.592 | mu=0.3378 | std=0.8871 | f=0.1742
2025-10-10 07:09:56,677 - INFO - [round 17] pick 2/5: COC(=O)C1=C(C)N=C(C)C(=C(O)OC)C1c1ccc2nc(-c3ccc(O)c(OC)c3)n(Cc3ccc(O)c(OC)c3)c2c1 | UCB=1.584 | mu=0.2998 | std=0.908 | f=0.008017
2025-10-10 07:09:56,720 - INFO - [round 17] pick 3/5: CCOC(=O)c1cc(CCn2cnc3c2NC=NCC3O)c2cc(Br)ccc2c1 | UCB=1.577 | mu=0.2886 | std=0.9114 | f=0.1694
2025-10-10 07:09:56,764 - INFO - [round 17] pick 4/5: COC(=O)c1c(C(=O)OC)n(CCCN)c2ccc(C)cc12 | UCB=1.572 | mu=0.2872 | std=0.9084 | f=0.2072
2025-10-10 07:09:56,810 - INFO - [round 17] pick 5/5: O=C(c1ccc2c(c1)CCCC2)c1coc2ccc(O)cc12 | UCB=1.555 | mu=0.2537 | std=0.9204 | f=0.1269
2025-10-10 07:09:56,856 - INFO - Round 17 done in 58.20s; train size=100
2025-10-10 07:09:56,856 - INFO - 
--- Round 18 | trial=2 | sqrt_beta=1.4142 (beta=2.0000) | rho=0.70 | train size=100 ---
2025-10-10 07:10:58,073 - INFO - [round 18] pick 1/5: CCOC(=O)c1cc2sccc2n1CC(=O)Nc1ccc(OC)cc1OC | UCB=1.572 | mu=0.3195 | std=0.8854 | f=0.5244
2025-10-10 07:10:58,120 - INFO - [round 18] pick 2/5: CCCN(CCCCn1ccc2ccc(F)cc21)C1COc2c(F)ccc(C(N)=O)c2C1 | UCB=1.557 | mu=0.2803 | std=0.9026 | f=0.1465
2025-10-10 07:10:58,169 - INFO - [round 18] pick 3/5: CN(CCCNc1ccnc2cc(Cl)ccc12)C(=O)c1ccc(Cl)c(Cl)c1 | UCB=1.559 | mu=0.2736 | std=0.9091 | f=0.4098
2025-10-10 07:10:58,218 - INFO - [round 18] pick 4/5: CCOc1cc(Br)c(C2C(C#N)=C(N)Oc3cc(O)ccc32)cc1OCC | UCB=1.536 | mu=0.2724 | std=0.8933 | f=0.433
2025-10-10 07:10:58,268 - INFO - [round 18] pick 5/5: CCCCCCCCCCC(C#N)CCCCCNc1ccc(C(=O)OCC)cc1 | UCB=1.535 | mu=0.2418 | std=0.9145 | f=0.007611
2025-10-10 07:10:58,319 - INFO - Round 18 done in 61.46s; train size=105
2025-10-10 07:10:58,319 - INFO - 
--- Round 19 | trial=2 | sqrt_beta=1.4142 (beta=2.0000) | rho=0.70 | train size=105 ---
2025-10-10 07:12:03,180 - INFO - [round 19] pick 1/5: CCCN(CCC)S(=O)(=O)c1ccc(C(=O)Nc2c(OC)cc(OC)cc2C(=O)O)cc1 | UCB=1.583 | mu=0.3549 | std=0.8683 | f=0.1705
2025-10-10 07:12:03,233 - INFO - [round 19] pick 2/5: CCOC(=O)c1cn2c(ccc3ccc(Cl)cc32)n1 | UCB=1.567 | mu=0.3061 | std=0.8913 | f=0.4856
2025-10-10 07:12:03,286 - INFO - [round 19] pick 3/5: COc1cc2ccn(-c3ccc(C#N)c(NC4CCC(O)CC4)c3)c2cc1OC | UCB=1.554 | mu=0.2685 | std=0.9092 | f=0.131
2025-10-10 07:12:03,340 - INFO - [round 19] pick 4/5: C=CC(=O)Nc1cc(C(=O)Nc2cc(C(=O)Nc3cc(C(=O)Nc4cc(C(=O)NCCC(=N)N)n(C)c4)n(C)c3)n(C)c2)n(C)c1 | UCB=1.519 | mu=0.1723 | std=0.9524 | f=0.1283
2025-10-10 07:12:03,395 - INFO - [round 19] pick 5/5: CCOC(=O)Cn1cnc2c(Br)c(Br)c(Br)c(Br)c21 | UCB=1.522 | mu=0.1825 | std=0.9475 | f=0.1488
2025-10-10 07:12:03,451 - INFO - Round 19 done in 65.13s; train size=110
2025-10-10 07:12:03,451 - INFO - 
--- Round 20 | trial=2 | sqrt_beta=1.4142 (beta=2.0000) | rho=0.70 | train size=110 ---
2025-10-10 07:13:10,068 - INFO - [round 20] pick 1/5: CCOC(=O)c1nn(C(=O)c2cccc(C)c2)c2ccc(N)cc12 | UCB=1.579 | mu=0.3422 | std=0.8744 | f=0.5238
2025-10-10 07:13:10,125 - INFO - [round 20] pick 2/5: COCCNc1c(-c2ccc(OC)c(OC)c2)nc2ccc(Cl)cn12 | UCB=1.564 | mu=0.3184 | std=0.881 | f=0.4399
2025-10-10 07:13:10,183 - INFO - [round 20] pick 3/5: COC(=O)Cn1cc(CC#N)c2ccc(O)cc21 | UCB=1.549 | mu=0.2612 | std=0.9107 | f=0.1543
2025-10-10 07:13:10,242 - INFO - [round 20] pick 4/5: CCCCC1(CCCC)CS(=O)(=O)c2ccc(N(C)C)cc2C(c2ccc3cc(O)ccc3c2)C1O | UCB=1.532 | mu=0.2402 | std=0.9135 | f=0.1457
2025-10-10 07:13:10,302 - INFO - [round 20] pick 5/5: CCOC(=O)Nc1c(C#N)[n+]([O-])c2cc(Cl)c(Cl)cc2[n+]1[O-] | UCB=1.53 | mu=0.2135 | std=0.9308 | f=0.1572
2025-10-10 07:13:10,363 - INFO - Round 20 done in 66.91s; train size=115
2025-10-10 07:13:10,363 - INFO - 
--- Round 21 | trial=2 | sqrt_beta=1.4142 (beta=2.0000) | rho=0.70 | train size=115 ---
2025-10-10 07:14:18,728 - INFO - [round 21] pick 1/5: CCCNC(=O)c1ccc2c(c1)nc(C)n2-c1cccc(Cl)c1 | UCB=1.582 | mu=0.3504 | std=0.8711 | f=0.451
2025-10-10 07:14:18,790 - INFO - [round 21] pick 2/5: C=CCN1C=C(C(=O)OCC)C(c2ccc(O)cc2)C(C(=O)OCC)=C1 | UCB=1.575 | mu=0.3251 | std=0.8837 | f=0.1924
2025-10-10 07:14:18,853 - INFO - [round 21] pick 3/5: COc1ccc(C#N)cc1-c1ccc2c(Cl)cnc(N=C(N)N)c2c1 | UCB=1.552 | mu=0.2725 | std=0.9045 | f=0.3968
2025-10-10 07:14:18,917 - INFO - [round 21] pick 4/5: CCOC(=O)C1=C(C)NC(=S)NC1c1cc(OC(C)=O)ccc1OC(C)=O | UCB=1.558 | mu=0.27 | std=0.911 | f=0.2181
2025-10-10 07:14:18,982 - INFO - [round 21] pick 5/5: Cn1cc2ccnc3c2c1C(=O)C(N)=C3 | UCB=1.514 | mu=0.1736 | std=0.9474 | f=0.3651
2025-10-10 07:14:19,048 - INFO - Round 21 done in 68.69s; train size=120
2025-10-10 07:14:19,048 - INFO - 
--- Round 22 | trial=2 | sqrt_beta=1.4142 (beta=2.0000) | rho=0.70 | train size=120 ---
2025-10-10 07:15:29,261 - INFO - [round 22] pick 1/5: C=C(c1ccc(OC)c(N)c1)c1ccc(OC)c(OCC)c1 | UCB=1.585 | mu=0.3577 | std=0.8681 | f=0.1688
2025-10-10 07:15:29,329 - INFO - [round 22] pick 2/5: CCc1ccc(Cl)cc1-n1cc(-c2ncnn3cccc23)cc1C(N)=O | UCB=1.582 | mu=0.3002 | std=0.9066 | f=0.1519
2025-10-10 07:15:29,398 - INFO - [round 22] pick 3/5: C[N+](C)([O-])CCNc1ccc2ncn3c4ccc(O)cc4c(=O)c1c23 | UCB=1.557 | mu=0.2714 | std=0.9089 | f=0.133
2025-10-10 07:15:29,467 - INFO - [round 22] pick 4/5: CCOC(=O)C1=C(C)N(c2cccc(C(F)(F)F)c2)C(=O)N(C)C1c1ccc(C#N)cc1C(=O)N(C)CCCOC | UCB=1.554 | mu=0.2933 | std=0.8918 | f=0.5281
2025-10-10 07:15:29,538 - INFO - [round 22] pick 5/5: Cn1c(N)nc2cc(Cl)c(Cl)cc21 | UCB=1.515 | mu=0.1896 | std=0.937 | f=0.1274
2025-10-10 07:15:29,609 - INFO - Round 22 done in 70.56s; train size=125
2025-10-10 07:15:29,609 - INFO - 
--- Round 23 | trial=2 | sqrt_beta=1.4142 (beta=2.0000) | rho=0.70 | train size=125 ---
2025-10-10 07:16:43,000 - INFO - [round 23] pick 1/5: CCOC(=O)c1sc2c(c1N)S(=O)(=O)c1cc(Cl)ccc1N2c1cccc(OC)c1 | UCB=1.585 | mu=0.3325 | std=0.8858 | f=0.1839
2025-10-10 07:16:43,074 - INFO - [round 23] pick 2/5: CCCNC(=O)c1cc2c(c(-c3cccc(-c4ccc(C#N)cc4)c3)n1)C(CCO)N(C(=O)CC)C2 | UCB=1.563 | mu=0.3136 | std=0.8835 | f=0.155
2025-10-10 07:16:43,149 - INFO - [round 23] pick 3/5: CCOC(=O)c1cc(COc2ccnc3cc(C(F)(F)F)ccc23)on1 | UCB=1.561 | mu=0.3026 | std=0.8897 | f=0.4685
2025-10-10 07:16:43,224 - INFO - [round 23] pick 4/5: CCc1nc2ccc(C(=O)N(C)CCCN(C)C)cn2c1N(CC)CCOC | UCB=1.522 | mu=0.2272 | std=0.9155 | f=0.1541
2025-10-10 07:16:43,301 - INFO - [round 23] pick 5/5: N=C(N)c1ccc2[nH]c(-c3cc(N)cc(Cl)c3)cc2c1 | UCB=1.533 | mu=0.2316 | std=0.9201 | f=0.3828
2025-10-10 07:16:43,379 - INFO - Round 23 done in 73.77s; train size=130
2025-10-10 07:16:43,379 - INFO - 
--- Round 24 | trial=2 | sqrt_beta=1.4142 (beta=2.0000) | rho=0.70 | train size=130 ---
2025-10-10 07:18:01,857 - INFO - [round 24] pick 1/5: COC(=O)c1cc2occc2n1CC(=O)c1cccc(Cl)c1 | UCB=1.57 | mu=0.3127 | std=0.8891 | f=0.491
2025-10-10 07:18:01,937 - INFO - [round 24] pick 2/5: CCOC(=O)c1cc2c3ccccc3n(C)c2c(-c2cc(OC)c(OC)c(OC)c2)n1 | UCB=1.565 | mu=0.347 | std=0.8612 | f=0.1846
2025-10-10 07:18:02,018 - INFO - [round 24] pick 3/5: CCN(CC)c1ccc2c(c1)OC(N)=C(C#N)C2c1ccsc1 | UCB=1.539 | mu=0.2771 | std=0.892 | f=0.4166
2025-10-10 07:18:02,100 - INFO - [round 24] pick 4/5: CCCCOC(=O)NCCCc1ccc(OCCOC)cc1Oc1ncc(C(F)(F)F)cc1Cl | UCB=1.545 | mu=0.2841 | std=0.8917 | f=0.1725
2025-10-10 07:18:02,183 - INFO - [round 24] pick 5/5: CN1CCN(C(=O)n2nc(-c3cnc4ccc(F)cn34)c3ccc(C(=O)N4CCCCCC4)cc32)CC1 | UCB=1.524 | mu=0.1952 | std=0.9397 | f=4.188e-05
2025-10-10 07:18:02,267 - INFO - Round 24 done in 78.89s; train size=135
2025-10-10 07:18:02,267 - INFO - 
--- Round 25 | trial=2 | sqrt_beta=1.4142 (beta=2.0000) | rho=0.70 | train size=135 ---
2025-10-10 07:19:22,981 - INFO - [round 25] pick 1/5: CCOC(=O)CC1C(C(=O)OCC)=C(N)Oc2ccc(-c3ccccn3)cc21 | UCB=1.572 | mu=0.4466 | std=0.7957 | f=0.5774
2025-10-10 07:19:23,067 - INFO - [round 25] pick 2/5: N#Cc1cccc(Cn2c(C(=O)O)cc3cc(Cl)ccc32)c1 | UCB=1.565 | mu=0.3229 | std=0.8786 | f=0.3979
2025-10-10 07:19:23,155 - INFO - [round 25] pick 3/5: COc1cc(Cl)ccc1OCc1cc(C(=O)N(C)Cc2cn(C)nc2C)no1 | UCB=1.552 | mu=0.2991 | std=0.8861 | f=0.4593
2025-10-10 07:19:23,243 - INFO - [round 25] pick 4/5: CCCCNCC(O)c1cc2ccc(C(F)(F)F)cc2c2ccsc12 | UCB=1.533 | mu=0.2511 | std=0.9066 | f=0.3735
2025-10-10 07:19:23,333 - INFO - [round 25] pick 5/5: F[B-]1(F)n2cccc2C=C2C=CC=[N+]21 | UCB=1.49 | mu=0.1245 | std=0.9653 | f=0.2709
2025-10-10 07:19:23,424 - INFO - Round 25 done in 81.16s; train size=140
2025-10-10 07:19:23,424 - INFO - 
--- Round 26 | trial=2 | sqrt_beta=1.4142 (beta=2.0000) | rho=0.70 | train size=140 ---
2025-10-10 07:20:47,083 - INFO - [round 26] pick 1/5: Cc1ccc2cc(CN(C)C(=O)c3cccc(Cl)c3)c(O)nc2c1 | UCB=1.578 | mu=0.351 | std=0.8673 | f=0.4247
2025-10-10 07:20:47,177 - INFO - [round 26] pick 2/5: CCOC(=O)c1cc2c(ccn2-c2ccc(F)cc2)n1CC(=O)NC(C)(C)C | UCB=1.571 | mu=0.3365 | std=0.8726 | f=0.4817
2025-10-10 07:20:47,271 - INFO - [round 26] pick 3/5: CCOC1C(C#N)=C(N)Oc2ccc(-c3ccccc3)cc21 | UCB=1.57 | mu=0.3705 | std=0.8481 | f=0.4549
2025-10-10 07:20:47,366 - INFO - [round 26] pick 4/5: COc1cc2ccnc3cc[nH]c(OC)c1-c23 | UCB=1.523 | mu=0.2013 | std=0.9347 | f=0.3949
2025-10-10 07:20:47,462 - INFO - [round 26] pick 5/5: N#Cc1cc(C#N)cc(Oc2cc(Cl)ccc2OCCn2ccc(=O)[nH]c2=O)c1 | UCB=1.56 | mu=0.276 | std=0.908 | f=0.4007
2025-10-10 07:20:47,559 - INFO - Round 26 done in 84.14s; train size=145
2025-10-10 07:20:47,560 - INFO - 
--- Round 27 | trial=2 | sqrt_beta=1.4142 (beta=2.0000) | rho=0.70 | train size=145 ---
2025-10-10 07:22:12,668 - INFO - [round 27] pick 1/5: CCOC(=O)CN(c1ccc(Cl)cc1)C1c2cc(C#N)ccc2OC(C)(C)C1O | UCB=1.581 | mu=0.3331 | std=0.8824 | f=0.4659
2025-10-10 07:22:12,768 - INFO - [round 27] pick 2/5: COc1ccc(C(C)=O)cc1CSc1nc2cc(C(F)(F)F)ccc2n1CC(=O)O | UCB=1.575 | mu=0.3417 | std=0.872 | f=0.4216
2025-10-10 07:22:12,868 - INFO - [round 27] pick 3/5: Nc1ccc2nc3cc(Cl)ccc3cc2c1 | UCB=1.576 | mu=0.3294 | std=0.8817 | f=0.3727
2025-10-10 07:22:12,970 - INFO - [round 27] pick 4/5: Cc1cc2c(cc(C(=O)OCC(=O)NCc3ccco3)n2C)s1 | UCB=1.562 | mu=0.2819 | std=0.9053 | f=0.4623
2025-10-10 07:22:13,073 - INFO - [round 27] pick 5/5: CCN1c2ncccc2C=Cc2cccnc21 | UCB=1.527 | mu=0.2215 | std=0.923 | f=0.366
2025-10-10 07:22:13,177 - INFO - Round 27 done in 85.62s; train size=150
2025-10-10 07:22:13,177 - INFO - 
--- Round 28 | trial=2 | sqrt_beta=1.4142 (beta=2.0000) | rho=0.70 | train size=150 ---
2025-10-10 07:23:38,768 - INFO - [round 28] pick 1/5: CCOC(=O)Cc1ccc(NC(=O)n2ncc3cc(Cl)ccc32)cc1 | UCB=1.59 | mu=0.3577 | std=0.8715 | f=0.4724
2025-10-10 07:23:38,874 - INFO - [round 28] pick 2/5: COc1cccc2c1Oc1cc([N+](=O)[O-])cc(N(C)C(C)=O)c1C=C2 | UCB=1.58 | mu=0.2954 | std=0.9083 | f=0.4212
2025-10-10 07:23:38,982 - INFO - [round 28] pick 3/5: NCCSC1c2ccccc2Oc2ccc(Cl)cc21 | UCB=1.58 | mu=0.3022 | std=0.9038 | f=0.4834
2025-10-10 07:23:39,090 - INFO - [round 28] pick 4/5: CCOc1ccc(-c2cc3c(ncn3C)c(C#N)n2)cc1C(F)(F)F | UCB=1.562 | mu=0.301 | std=0.8916 | f=0.375
2025-10-10 07:23:39,200 - INFO - [round 28] pick 5/5: O=c1cc(CO)c2cc3ccoc3cc2o1 | UCB=1.543 | mu=0.2202 | std=0.9355 | f=0.3438
2025-10-10 07:23:39,312 - INFO - Round 28 done in 86.13s; train size=155
2025-10-10 07:23:39,312 - INFO - 
--- Round 29 | trial=2 | sqrt_beta=1.4142 (beta=2.0000) | rho=0.70 | train size=155 ---
2025-10-10 07:25:11,190 - INFO - [round 29] pick 1/5: O=C(Cn1c(=O)oc2cc(Cl)ccc21)NCc1ccco1 | UCB=1.602 | mu=0.3735 | std=0.8686 | f=0.4134
2025-10-10 07:25:11,303 - INFO - [round 29] pick 2/5: COc1ccc(C2c3ccc4cccnc4c3NS(=O)(=O)N2C)cc1F | UCB=1.582 | mu=0.3212 | std=0.8918 | f=0.1525
2025-10-10 07:25:11,418 - INFO - [round 29] pick 3/5: CCN1C(=O)C(=C2C=Cc3cc(C)ccc3N2CC)OC1=S | UCB=1.575 | mu=0.2727 | std=0.9207 | f=0.4117
2025-10-10 07:25:11,535 - INFO - [round 29] pick 4/5: CCOC(=O)CC(=O)N(N=Nc1ccc([N+](=O)[O-])cc1C(F)(F)F)c1ccc([N+](=O)[O-])cc1C(F)(F)F | UCB=1.565 | mu=0.2707 | std=0.9151 | f=0.1537
2025-10-10 07:25:11,652 - INFO - [round 29] pick 5/5: Clc1ccc2c(c1)SC(Cn1ccnc1)C2OCc1cc(Cl)sc1Cl | UCB=1.576 | mu=0.2689 | std=0.924 | f=0.1449
2025-10-10 07:25:11,771 - INFO - Round 29 done in 92.46s; train size=160
2025-10-10 07:25:11,771 - INFO - 
--- Round 30 | trial=2 | sqrt_beta=1.4142 (beta=2.0000) | rho=0.70 | train size=160 ---
2025-10-10 07:26:45,861 - INFO - [round 30] pick 1/5: CCCC=Cc1cc(=O)c(Oc2ccc(Cl)cc2C)co1 | UCB=1.593 | mu=0.3202 | std=0.8998 | f=0.1616
2025-10-10 07:26:45,982 - INFO - [round 30] pick 2/5: CCn1cc2c(NCCN(C)C)ccc3oc4ccccc4c1c32 | UCB=1.583 | mu=0.3121 | std=0.8987 | f=0.1591
2025-10-10 07:26:46,104 - INFO - [round 30] pick 3/5: O=C(O)C1=Cc2cc(Cl)cc(-c3ccc(C(=O)O)cc3)c2OC1C(F)(F)F | UCB=1.579 | mu=0.3192 | std=0.8909 | f=0.4035
2025-10-10 07:26:46,227 - INFO - [round 30] pick 4/5: N#Cc1ccc2c(c1)nc(C(Cl)(Cl)Cl)c1cccn12 | UCB=1.559 | mu=0.2755 | std=0.9075 | f=0.3333
2025-10-10 07:26:46,353 - INFO - [round 30] pick 5/5: CCOC(=O)C1=C(N)OC2=C(C(=O)CC(C)(C)C2)C1c1ccco1 | UCB=1.558 | mu=0.2762 | std=0.9062 | f=0.5261
2025-10-10 07:26:46,480 - INFO - Round 30 done in 94.71s; train size=165
2025-10-10 07:26:46,480 - INFO - 
--- Round 31 | trial=2 | sqrt_beta=1.4142 (beta=2.0000) | rho=0.70 | train size=165 ---
2025-10-10 07:28:20,660 - INFO - [round 31] pick 1/5: CCOC(=O)C1=C(C)OC(N)=C(C#N)C1c1c(C)nn(-c2ccc(C)cc2)c1Cl | UCB=1.592 | mu=0.3501 | std=0.8782 | f=0.5279
2025-10-10 07:28:20,790 - INFO - [round 31] pick 2/5: CCn1c(=O)c2sccc2n(CC(=O)Nc2cccc(Cl)c2)c1=O | UCB=1.588 | mu=0.3385 | std=0.8839 | f=0.436
2025-10-10 07:28:20,922 - INFO - [round 31] pick 3/5: O=C1COc2ccc(C(=O)COC(=O)c3ccco3)cc2N1 | UCB=1.58 | mu=0.3006 | std=0.905 | f=0.4549
2025-10-10 07:28:21,056 - INFO - [round 31] pick 4/5: COc1c(C(C(C)C)n2cnc3ncccc32)ccc2c1C=CC(C)(C)O2 | UCB=1.558 | mu=0.2597 | std=0.918 | f=0.1343
2025-10-10 07:28:21,190 - INFO - [round 31] pick 5/5: O=C(c1cc(F)cc(Br)c1)N(Cc1nn[nH]n1)c1ccc2c(cnn2O)c1 | UCB=1.554 | mu=0.2486 | std=0.9234 | f=0.1296
2025-10-10 07:28:21,324 - INFO - Round 31 done in 94.84s; train size=170
2025-10-10 07:28:21,324 - INFO - 
--- Round 32 | trial=2 | sqrt_beta=1.4142 (beta=2.0000) | rho=0.70 | train size=170 ---
2025-10-10 07:30:02,210 - INFO - [round 32] pick 1/5: CCOC(=O)C1=C(c2ccccc2)OC(N)=C(C#N)C1c1ccc(Cl)s1 | UCB=1.605 | mu=0.4383 | std=0.8252 | f=0.5517
2025-10-10 07:30:02,347 - INFO - [round 32] pick 2/5: Cc1ccc(C(=O)OCc2c(C)noc2C)cc1NC(=O)c1ccco1 | UCB=1.59 | mu=0.3392 | std=0.8844 | f=0.4791
2025-10-10 07:30:02,485 - INFO - [round 32] pick 3/5: Cc1cn2c(n1)C(CNCC1=Cc3cc(Cl)ccc3OC1)CCC2 | UCB=1.556 | mu=0.2519 | std=0.9219 | f=0.1417
2025-10-10 07:30:02,625 - INFO - [round 32] pick 4/5: NCc1cc2n[nH]c(=O)n2c2cc(-c3ccc[nH]3)ccc12 | UCB=1.569 | mu=0.2798 | std=0.9117 | f=0.1425
2025-10-10 07:30:02,765 - INFO - [round 32] pick 5/5: CCOC(=O)c1cc2c(ccn2C)n1CC(=O)N(C)C | UCB=1.56 | mu=0.3384 | std=0.8636 | f=0.1787
2025-10-10 07:30:02,908 - INFO - Round 32 done in 101.58s; train size=175
2025-10-10 07:30:02,908 - INFO - 
--- Round 33 | trial=2 | sqrt_beta=1.4142 (beta=2.0000) | rho=0.70 | train size=175 ---
2025-10-10 07:31:45,991 - INFO - [round 33] pick 1/5: CC(C)(C)c1[nH]nc2c1C(c1ccc(OC(=O)c3ccco3)cc1)C(C#N)=C(N)O2 | UCB=1.602 | mu=0.351 | std=0.8846 | f=0.1577
2025-10-10 07:31:46,135 - INFO - [round 33] pick 2/5: Cc1cccc(C(=O)OCC(=O)Nc2cc(Cl)ccc2Cl)c1 | UCB=1.597 | mu=0.3979 | std=0.8476 | f=0.1814
2025-10-10 07:31:46,283 - INFO - [round 33] pick 3/5: CCOC(=O)C1=Cc2ccccc2OC1(OCc1cc(-c2ccc(C)cc2)no1)C(F)(F)F | UCB=1.591 | mu=0.3462 | std=0.8804 | f=0.1806
2025-10-10 07:31:46,432 - INFO - [round 33] pick 4/5: N#Cc1ccc2occc2c1 | UCB=1.555 | mu=0.2857 | std=0.8974 | f=0.1104
2025-10-10 07:31:46,581 - INFO - [round 33] pick 5/5: CCn1c(=O)n(Cc2ccco2)c(=N)c2c3c(sc21)COC(C)(C)C3 | UCB=1.534 | mu=0.2222 | std=0.9279 | f=0.1374
2025-10-10 07:31:46,733 - INFO - Round 33 done in 103.82s; train size=180
2025-10-10 07:31:46,733 - INFO - 
--- Round 34 | trial=2 | sqrt_beta=1.4142 (beta=2.0000) | rho=0.70 | train size=180 ---
2025-10-10 07:33:30,822 - INFO - [round 34] pick 1/5: CCOC(=O)Cc1nc(-c2cccc(Cl)c2)oc1-c1ccsc1 | UCB=1.592 | mu=0.3684 | std=0.8653 | f=0.4714
2025-10-10 07:33:30,975 - INFO - [round 34] pick 2/5: COC(=O)c1noc(C)c1-c1ccnn1C(=O)c1ccc(Cl)cc1 | UCB=1.582 | mu=0.3363 | std=0.8808 | f=0.4913
2025-10-10 07:33:31,134 - INFO - [round 34] pick 3/5: N#CC1=C(N)Oc2c(oc(CO)cc2=O)C1c1cccs1 | UCB=1.558 | mu=0.2788 | std=0.9047 | f=0.378
2025-10-10 07:33:31,291 - INFO - [round 34] pick 4/5: CCOC(=O)C1=C(N)N(Nc2ccc(Br)cc2)C2=C(C(=O)CC(C)(C)C2)C1c1cc2cc(C)ccc2nc1Cl | UCB=1.574 | mu=0.3249 | std=0.8834 | f=0.009003
2025-10-10 07:33:31,450 - INFO - [round 34] pick 5/5: CCOc1cc(NC(=O)c2ccco2)c(OCC)cc1N=C(S)NCCOC | UCB=1.55 | mu=0.3012 | std=0.8834 | f=0.1758
2025-10-10 07:33:31,610 - INFO - Round 34 done in 104.88s; train size=185
2025-10-10 07:33:31,610 - INFO - 
--- Round 35 | trial=2 | sqrt_beta=1.4142 (beta=2.0000) | rho=0.70 | train size=185 ---
2025-10-10 07:35:18,360 - INFO - [round 35] pick 1/5: CCCC1C(=O)Oc2ccc(C(=O)c3cccs3)cc21 | UCB=1.598 | mu=0.3521 | std=0.8813 | f=0.4432
2025-10-10 07:35:18,522 - INFO - [round 35] pick 2/5: CCOC(=O)CC1=C(C(=O)OCC)C(c2ccc(C)o2)C(C#N)=C(N)O1 | UCB=1.596 | mu=0.3975 | std=0.8475 | f=0.2086
2025-10-10 07:35:18,686 - INFO - [round 35] pick 3/5: Cc1noc(C)c1Cn1cc(N=C(O)c2cccc(Cl)c2)cn1 | UCB=1.581 | mu=0.3241 | std=0.8886 | f=0.4049
2025-10-10 07:35:18,852 - INFO - [round 35] pick 4/5: O=C(CNC(=O)c1ccc(Cl)cc1)NNc1c(F)c(F)cc(F)c1F | UCB=1.568 | mu=0.2936 | std=0.9014 | f=0.1514
2025-10-10 07:35:19,019 - INFO - [round 35] pick 5/5: N#Cc1cnc2c(ccn2-c2ccc(OC3OC(CO)C(O)C(O)C3O)c(Cl)c2)c1 | UCB=1.542 | mu=0.2494 | std=0.9141 | f=0.1305
2025-10-10 07:35:19,188 - INFO - Round 35 done in 107.58s; train size=190
2025-10-10 07:35:19,188 - INFO - 
--- Round 36 | trial=2 | sqrt_beta=1.4142 (beta=2.0000) | rho=0.70 | train size=190 ---
2025-10-10 07:37:05,995 - INFO - [round 36] pick 1/5: CCOC(=O)Oc1ccc2c3c(cccc13)C(=O)O2 | UCB=1.589 | mu=0.3354 | std=0.8862 | f=0.4856
2025-10-10 07:37:06,165 - INFO - [round 36] pick 2/5: CCN(CC)CCCNC(=O)Cn1c(-c2cccs2)cc2cc(Cl)ccc21 | UCB=1.576 | mu=0.3592 | std=0.8604 | f=0.4297
2025-10-10 07:37:06,338 - INFO - [round 36] pick 3/5: CC(C)(C)OC(=O)CC1c2cccc(O)c2C(=O)c2c(O)cccc21 | UCB=1.578 | mu=0.3022 | std=0.9021 | f=0.4674
2025-10-10 07:37:06,512 - INFO - [round 36] pick 4/5: Nc1cc(-c2nc(-c3ccco3)no2)ccc1Cl | UCB=1.555 | mu=0.287 | std=0.8965 | f=0.3896
2025-10-10 07:37:06,689 - INFO - [round 36] pick 5/5: CCc1ccc(C2C(C#N)=C(N)SC(N)=C2C#N)s1 | UCB=1.519 | mu=0.2078 | std=0.927 | f=0.1384
2025-10-10 07:37:06,868 - INFO - Round 36 done in 107.68s; train size=195
2025-10-10 07:37:06,868 - INFO - 
--- Round 37 | trial=2 | sqrt_beta=1.4142 (beta=2.0000) | rho=0.70 | train size=195 ---
2025-10-10 07:38:57,469 - INFO - [round 37] pick 1/5: CCOC(=O)CC1(C(C)=O)C(=O)Oc2ccc3ccccc3c2N1C | UCB=1.597 | mu=0.3619 | std=0.8732 | f=0.5192
2025-10-10 07:38:57,649 - INFO - [round 37] pick 2/5: NCCn1c(-c2cccnc2N)nc2cc(C(N)=O)ccc21 | UCB=1.582 | mu=0.3415 | std=0.8774 | f=0.4219
2025-10-10 07:38:57,830 - INFO - [round 37] pick 3/5: CCOC(=O)c1sc(S(C)=NS(=O)(=O)c2cccc(Cl)c2)c2c1CCC=C2 | UCB=1.585 | mu=0.3243 | std=0.8913 | f=0.4856
2025-10-10 07:38:58,013 - INFO - [round 37] pick 4/5: CC1=Cc2c(cc(C)oc2=O)OC1c1ccco1 | UCB=1.564 | mu=0.2728 | std=0.9128 | f=0.3913
2025-10-10 07:38:58,199 - INFO - [round 37] pick 5/5: CCc1ccsc1-c1ccc(O)c(O)c1 | UCB=1.56 | mu=0.286 | std=0.9008 | f=0.1343
2025-10-10 07:38:58,387 - INFO - Round 37 done in 111.52s; train size=200
2025-10-10 07:38:58,387 - INFO - 
--- Round 38 | trial=2 | sqrt_beta=1.4142 (beta=2.0000) | rho=0.70 | train size=200 ---
2025-10-10 07:40:52,334 - INFO - [round 38] pick 1/5: CCOC(=O)c1cc2cc3ccccc3cc2oc1=O | UCB=1.607 | mu=0.3784 | std=0.8691 | f=0.5255
2025-10-10 07:40:52,524 - INFO - [round 38] pick 2/5: CC(C)(C)OC(=O)Nc1nc2ccc(Cl)cc2c2nc(-c3ccco3)nn12 | UCB=1.586 | mu=0.3364 | std=0.8837 | f=0.1508
2025-10-10 07:40:52,716 - INFO - [round 38] pick 3/5: Nc1ccc2c(c1)Oc1ncccc1C(=O)N2 | UCB=1.583 | mu=0.3241 | std=0.8901 | f=0.3949
2025-10-10 07:40:52,908 - INFO - [round 38] pick 4/5: O=C(CN1C(=O)C2CC=CCC2C1=O)OCC(=O)c1ccc(Cl)c([N+](=O)[O-])c1 | UCB=1.554 | mu=0.2596 | std=0.9151 | f=0.4402
2025-10-10 07:40:53,102 - INFO - [round 38] pick 5/5: N=C(N)SCc1cccc2c1sc1c(CSC(=N)N)cccc12 | UCB=1.549 | mu=0.2352 | std=0.9293 | f=0.393
2025-10-10 07:40:53,298 - INFO - Round 38 done in 114.91s; train size=205
2025-10-10 07:40:53,298 - INFO - 
--- Round 39 | trial=2 | sqrt_beta=1.4142 (beta=2.0000) | rho=0.70 | train size=205 ---
2025-10-10 07:42:48,769 - INFO - [round 39] pick 1/5: CCOC(=O)c1ccc(-c2cc3cccc(OC)c3oc2=O)nc1C | UCB=1.612 | mu=0.4097 | std=0.8501 | f=0.517
2025-10-10 07:42:48,967 - INFO - [round 39] pick 2/5: O=C(O)c1ccc2c(c1)C(=O)N(Cc1ccco1)C2=O | UCB=1.605 | mu=0.3733 | std=0.871 | f=0.3956
2025-10-10 07:42:49,168 - INFO - [round 39] pick 3/5: CCOC(=O)C1Nc2ccc(Cl)cc2C2c3ccccc3OC12 | UCB=1.6 | mu=0.3809 | std=0.8621 | f=0.1935
2025-10-10 07:42:49,370 - INFO - [round 39] pick 4/5: Cc1ccc(S(=O)(=O)N2C=Cc3cc(C)sc3B2O)c(Cl)c1 | UCB=1.564 | mu=0.2701 | std=0.915 | f=0.4134
2025-10-10 07:42:49,574 - INFO - [round 39] pick 5/5: COC(=O)C1=C(N)OC2=C(C(=O)CCC2)C1c1cccnc1 | UCB=1.569 | mu=0.3082 | std=0.8913 | f=0.491
2025-10-10 07:42:49,780 - INFO - Round 39 done in 116.48s; train size=210
