2025-10-14 19:01:04,943 - INFO - 
--- Round 0 | trial=6 | sqrt_beta=2.2361 (beta=5.0000) | rho=0.80 | train size=10 ---
2025-10-14 19:01:15,852 - INFO - [round 0] pick 1/5: Cc1onc(C(N)=O)c1C(=O)Nc1ncc(C(F)(F)F)cc1Cl | UCB=2.314 | mu=0.137 | std=0.9737 | f=0.1515
2025-10-14 19:01:15,853 - INFO - [round 0] pick 2/5: CC(C)(C)C(c1ccc(O)cc1)C(c1ccc(O)cc1)C(C)(C)C | UCB=2.305 | mu=0.1409 | std=0.968 | f=0.1172
2025-10-14 19:01:15,854 - INFO - [round 0] pick 3/5: Fc1ccc(CN2CCSCC2)cc1Br | UCB=2.299 | mu=0.128 | std=0.971 | f=0.1048
2025-10-14 19:01:15,855 - INFO - [round 0] pick 4/5: CC(C)COc1ncnc2[nH]cc(C=CC(=N)O)c12 | UCB=2.299 | mu=0.09621 | std=0.9851 | f=0.1173
2025-10-14 19:01:15,856 - INFO - [round 0] pick 5/5: O=C(NCCCCNC(=O)c1ccc(OCc2ccccc2)c(OCc2ccccc2)c1OCc1ccccc1)c1ccc(OCc2ccccc2)c(OCc2ccccc2)c1OCc1ccccc1 | UCB=2.287 | mu=0.1068 | std=0.9751 | f=4.764e-12
2025-10-14 19:01:15,857 - INFO - Round 0 done in 10.91s; train size=15
2025-10-14 19:01:15,857 - INFO - 
--- Round 1 | trial=6 | sqrt_beta=2.2361 (beta=5.0000) | rho=0.80 | train size=15 ---
2025-10-14 19:01:29,040 - INFO - [round 1] pick 1/5: CC(C)(C)N=C(NC#N)Nc1cccnc1Cl | UCB=2.299 | mu=0.1266 | std=0.9714 | f=0.006296
2025-10-14 19:01:29,041 - INFO - [round 1] pick 2/5: CN1CCN(C(=S)NC(=O)c2ccc(S(=O)(=O)N3CCOCC3)cc2)CC1 | UCB=2.294 | mu=0.1285 | std=0.9687 | f=0.3174
2025-10-14 19:01:29,043 - INFO - [round 1] pick 3/5: CC(=O)c1c(C)[nH]c(C(=O)COC(=O)C2(C)CC2(Cl)Cl)c1C | UCB=2.292 | mu=0.1147 | std=0.9739 | f=0.1502
2025-10-14 19:01:29,045 - INFO - [round 1] pick 4/5: OC(CN(Cc1cccc(OC(F)(F)C(F)F)c1)c1cccc(Oc2cc(F)cc(F)c2)c1)C(F)(F)F | UCB=2.287 | mu=0.1322 | std=0.9639 | f=0.3354
2025-10-14 19:01:29,046 - INFO - [round 1] pick 5/5: Clc1c(I)c(I)c2[nH]cnc2c1I | UCB=2.286 | mu=0.08656 | std=0.9837 | f=0.1152
2025-10-14 19:01:29,048 - INFO - Round 1 done in 13.19s; train size=20
2025-10-14 19:01:29,048 - INFO - 
--- Round 2 | trial=6 | sqrt_beta=2.2361 (beta=5.0000) | rho=0.80 | train size=20 ---
2025-10-14 19:01:45,103 - INFO - [round 2] pick 1/5: CC(O)=NC1(C(=O)N2CCC(c3ccc(C(OCc4c(F)cccc4F)(C(F)(F)F)C(F)(F)F)cc3)(S(=O)(=O)c3ccc(F)cc3)C2)CCOCC1 | UCB=2.306 | mu=0.1956 | std=0.944 | f=0.006121
2025-10-14 19:01:45,105 - INFO - [round 2] pick 2/5: COc1cc(OC)cc(C(=O)NNC(=O)c2ccncc2)c1 | UCB=2.301 | mu=0.1756 | std=0.9504 | f=0.1552
2025-10-14 19:01:45,108 - INFO - [round 2] pick 3/5: C1=CC=C2NCCCN=C3C=CC=CC=C3NCCCN=C2C=C1 | UCB=2.294 | mu=0.09498 | std=0.9836 | f=0.2535
2025-10-14 19:01:45,110 - INFO - [round 2] pick 4/5: O=P([O-])(O)C(O)(C[n+]1ccccc1)P(=O)(O)O | UCB=2.278 | mu=0.07043 | std=0.9872 | f=0.005192
2025-10-14 19:01:45,113 - INFO - [round 2] pick 5/5: Cc1nc2c(N3CCN(CCO)CC3)nc(N)nc2n1C | UCB=2.281 | mu=0.09481 | std=0.9777 | f=0.2966
2025-10-14 19:01:45,116 - INFO - Round 2 done in 16.07s; train size=25
2025-10-14 19:01:45,116 - INFO - 
--- Round 3 | trial=6 | sqrt_beta=2.2361 (beta=5.0000) | rho=0.80 | train size=25 ---
2025-10-14 19:02:04,304 - INFO - [round 3] pick 1/5: Cn1cc(-c2ccc3nnc(Sc4ccc5ncc(N6CCCNCC6)cc5c4)n3c2)cn1 | UCB=2.303 | mu=0.1557 | std=0.9605 | f=3.639e-05
2025-10-14 19:02:04,307 - INFO - [round 3] pick 2/5: Cc1cc(C(F)F)n2nc(C(=O)O)nc2n1 | UCB=2.29 | mu=0.1194 | std=0.9706 | f=0.1109
2025-10-14 19:02:04,310 - INFO - [round 3] pick 3/5: C=C(c1ccc(Oc2cccc(C(=C)C3COC4(OO3)C3CC5CC(C3)CC4C5)c2)cc1)C1COC2(OO1)C1CC3CC(C1)CC2C3 | UCB=2.291 | mu=0.1078 | std=0.9764 | f=1.814e-36
2025-10-14 19:02:04,314 - INFO - [round 3] pick 4/5: CC(C)N1CCNC1=S | UCB=2.284 | mu=0.07728 | std=0.9869 | f=0.003719
2025-10-14 19:02:04,318 - INFO - [round 3] pick 5/5: Cc1cc[n+](CCCCCCCCCCCCCCCC[n+]2ccc(C)cc2N)c(N)c1 | UCB=2.28 | mu=0.08435 | std=0.9821 | f=0.127
2025-10-14 19:02:04,322 - INFO - Round 3 done in 19.21s; train size=30
2025-10-14 19:02:04,322 - INFO - 
--- Round 4 | trial=6 | sqrt_beta=2.2361 (beta=5.0000) | rho=0.80 | train size=30 ---
2025-10-14 19:02:26,155 - INFO - [round 4] pick 1/5: CNc1nc(NC)nc(NCCc2ccc(S(N)(=O)=O)cc2)n1 | UCB=2.283 | mu=0.1477 | std=0.9549 | f=0.1407
2025-10-14 19:02:26,159 - INFO - [round 4] pick 2/5: CC(C)(C)OC(=O)CNC(=O)c1[nH]cnc1C(=O)N1CCN(C(=O)OC(C)(C)C)CC1 | UCB=2.278 | mu=0.1448 | std=0.954 | f=0.1226
2025-10-14 19:02:26,164 - INFO - [round 4] pick 3/5: Fc1c(F)c(F)c(NC2=NCCCCC2)c(F)c1F | UCB=2.275 | mu=0.08729 | std=0.9783 | f=0.08125
2025-10-14 19:02:26,169 - INFO - [round 4] pick 4/5: c1csc(P(CCP(c2cccs2)c2cccs2)c2cccs2)c1 | UCB=2.279 | mu=0.1241 | std=0.9638 | f=0.1185
2025-10-14 19:02:26,173 - INFO - [round 4] pick 5/5: Cc1cocc1CCCO | UCB=2.277 | mu=0.0829 | std=0.981 | f=0.005608
2025-10-14 19:02:26,179 - INFO - Round 4 done in 21.86s; train size=35
2025-10-14 19:02:26,179 - INFO - 
--- Round 5 | trial=6 | sqrt_beta=2.2361 (beta=5.0000) | rho=0.80 | train size=35 ---
2025-10-14 19:02:49,994 - INFO - [round 5] pick 1/5: O=S(=O)(CS(=O)(=O)Oc1cc(Cl)cc(Cl)c1)Oc1cc(Cl)cc(Cl)c1 | UCB=2.277 | mu=0.117 | std=0.9659 | f=0.1346
2025-10-14 19:02:50,000 - INFO - [round 5] pick 2/5: Cc1ccccc1C(c1ccccc1)N1CCN(CC(O)Cn2cnc3c(-n4cccc4)ncnc32)CC1 | UCB=2.275 | mu=0.1769 | std=0.9383 | f=4.245e-05
2025-10-14 19:02:50,006 - INFO - [round 5] pick 3/5: Cn1c(=O)c2c([S+](C)[O-])snc2n(C)c1=O | UCB=2.273 | mu=0.09113 | std=0.9756 | f=0.1114
2025-10-14 19:02:50,012 - INFO - [round 5] pick 4/5: Nc1nc(C(=CCNC(=O)c2cc(Br)c(Br)[nH]2)c2[nH]c(N)nc2C=CCNC(=O)c2cc(Br)c(Br)[nH]2)c[nH]1 | UCB=2.274 | mu=0.1001 | std=0.9721 | f=0.1252
2025-10-14 19:02:50,018 - INFO - [round 5] pick 5/5: NNc1nnc(-c2nnc(NN)o2)o1 | UCB=2.266 | mu=0.06181 | std=0.9858 | f=0.07773
2025-10-14 19:02:50,025 - INFO - Round 5 done in 23.85s; train size=40
2025-10-14 19:02:50,025 - INFO - 
--- Round 6 | trial=6 | sqrt_beta=2.2361 (beta=5.0000) | rho=0.80 | train size=40 ---
2025-10-14 19:03:16,978 - INFO - [round 6] pick 1/5: Cn1cc(C=CC(=O)c2cc(F)cc(F)c2)cc1C=CC(=O)NO | UCB=2.274 | mu=0.1367 | std=0.9557 | f=0.1306
2025-10-14 19:03:16,985 - INFO - [round 6] pick 2/5: CNC(=O)OC(CC(C)C)c1nc(C2OC(=O)CC=CC(C)=CC(O)C(C)C=C(C)C=C(C)C=CC(O)C(C)C(OC)C(C)=CC=CC2C)cs1 | UCB=2.27 | mu=0.1009 | std=0.9701 | f=0.1273
2025-10-14 19:03:16,993 - INFO - [round 6] pick 3/5: O=S1(=O)NCNc2c(Cl)sc(Cl)c21 | UCB=2.265 | mu=0.07561 | std=0.979 | f=0.1087
2025-10-14 19:03:17,000 - INFO - [round 6] pick 4/5: CC(=NNC(=N)N)c1cccc(C(C)=NNC(=N)N)c1N | UCB=2.267 | mu=0.093 | std=0.9723 | f=0.006282
2025-10-14 19:03:17,008 - INFO - [round 6] pick 5/5: C#CCOC(=O)C(N)CS | UCB=2.257 | mu=0.03882 | std=0.9921 | f=3.581e-05
2025-10-14 19:03:17,017 - INFO - Round 6 done in 26.99s; train size=45
2025-10-14 19:03:17,017 - INFO - 
--- Round 7 | trial=6 | sqrt_beta=2.2361 (beta=5.0000) | rho=0.80 | train size=45 ---
2025-10-14 19:03:47,283 - INFO - [round 7] pick 1/5: Cc1nnsc1C1=NNC2SC(c3ccccc3OC(F)(F)F)=NN12 | UCB=2.267 | mu=0.1282 | std=0.9564 | f=0.1496
2025-10-14 19:03:47,292 - INFO - [round 7] pick 2/5: O=C(NCCN1CCOCC1)c1cc(N(CCCl)CCCl)c([N+](=O)[O-])cc1[N+](=O)[O-] | UCB=2.263 | mu=0.1362 | std=0.9513 | f=0.1183
2025-10-14 19:03:47,301 - INFO - [round 7] pick 3/5: O=C1C=C(C=Cc2ccc(O)c(O)c2)OC12C(c1cc3oc(=O)c4cc(O)c(O)cc4c3c(=O)o1)=Cc1cc(O)c(O)cc12 | UCB=2.264 | mu=0.08938 | std=0.9724 | f=3.087e-08
2025-10-14 19:03:47,311 - INFO - [round 7] pick 4/5: O=c1sc2c(s1)SSSSS2 | UCB=2.258 | mu=0.04286 | std=0.9908 | f=0.0718
2025-10-14 19:03:47,321 - INFO - [round 7] pick 5/5: C=CCc1cc(OC)c(OC)c(OC)c1OC | UCB=2.261 | mu=0.08546 | std=0.9729 | f=0.006564
2025-10-14 19:03:47,332 - INFO - Round 7 done in 30.31s; train size=50
2025-10-14 19:03:47,332 - INFO - 
--- Round 8 | trial=6 | sqrt_beta=2.2361 (beta=5.0000) | rho=0.80 | train size=50 ---
2025-10-14 19:04:19,219 - INFO - [round 8] pick 1/5: O=C(Nc1ccc(Cc2nnn[nH]2)cc1)C(F)(F)C(F)(F)C(F)(F)C(F)(F)C(F)(F)C(F)(F)C(F)(F)C(F)F | UCB=2.264 | mu=0.1103 | std=0.9633 | f=0.1078
2025-10-14 19:04:19,230 - INFO - [round 8] pick 2/5: CN(C)c1n[n+]([O-])c2cc3c(cc2[n+]1[O-])CCC3 | UCB=2.259 | mu=0.09045 | std=0.9696 | f=0.2762
2025-10-14 19:04:19,241 - INFO - [round 8] pick 3/5: F[B-]1(F)n2cccc2C=C2C=CC=[N+]21 | UCB=2.259 | mu=0.08058 | std=0.9744 | f=0.2709
2025-10-14 19:04:19,253 - INFO - [round 8] pick 4/5: O=C1CC(O)(CF)CCO1 | UCB=2.255 | mu=0.05805 | std=0.9827 | f=0.003157
2025-10-14 19:04:19,265 - INFO - [round 8] pick 5/5: CSc1nc(C(Cl)(Cl)Cl)nc(C(Cl)(Cl)Cl)n1 | UCB=2.257 | mu=0.06202 | std=0.9815 | f=0.003853
2025-10-14 19:04:19,277 - INFO - Round 8 done in 31.95s; train size=55
2025-10-14 19:04:19,277 - INFO - 
--- Round 9 | trial=6 | sqrt_beta=2.2361 (beta=5.0000) | rho=0.80 | train size=55 ---
2025-10-14 19:04:53,918 - INFO - [round 9] pick 1/5: CN(C)c1ccc(C=C2N=C3C=CC=CN3C2=O)cc1 | UCB=2.273 | mu=0.1616 | std=0.9443 | f=0.3416
2025-10-14 19:04:53,931 - INFO - [round 9] pick 2/5: c1nc2cc3c(cc2[nH]1)C1CNCC3C1 | UCB=2.267 | mu=0.1038 | std=0.9672 | f=0.1099
2025-10-14 19:04:53,944 - INFO - [round 9] pick 3/5: c1c2n[nH]c1CNCCN1CCNCc3cc(n[nH]3)CNCCN(CCNC2)CCNCc2cc([nH]n2)CNCC1 | UCB=2.261 | mu=0.06891 | std=0.9803 | f=2.831e-05
2025-10-14 19:04:53,958 - INFO - [round 9] pick 4/5: C1=CSSC=CSS1 | UCB=2.253 | mu=0.03777 | std=0.9905 | f=0.003719
2025-10-14 19:04:53,973 - INFO - [round 9] pick 5/5: [O-][n+]1onc2c1-c1nonc1CC2 | UCB=2.257 | mu=0.0741 | std=0.9763 | f=0.1898
2025-10-14 19:04:53,987 - INFO - Round 9 done in 34.71s; train size=60
2025-10-14 19:04:53,987 - INFO - 
--- Round 10 | trial=6 | sqrt_beta=2.2361 (beta=5.0000) | rho=0.80 | train size=60 ---
2025-10-14 19:05:30,159 - INFO - [round 10] pick 1/5: CN(C)c1cc[n+]([C-](C=C(C#N)C#N)C(=O)c2ccc(C#N)cc2)cc1 | UCB=2.277 | mu=0.1568 | std=0.9482 | f=0.1231
2025-10-14 19:05:30,174 - INFO - [round 10] pick 2/5: Cc1nc(Br)c(Br)c(C)c1Br | UCB=2.263 | mu=0.1032 | std=0.9661 | f=0.00526
2025-10-14 19:05:30,190 - INFO - [round 10] pick 3/5: [N-]=[N+]=C1C=C(S(=O)(=O)O)C=CC1=O | UCB=2.264 | mu=0.09471 | std=0.9701 | f=0.005104
2025-10-14 19:05:30,207 - INFO - [round 10] pick 4/5: c1cn(CC2(Cn3ccnc3)COC2)cn1 | UCB=2.257 | mu=0.07304 | std=0.9768 | f=0.2255
2025-10-14 19:05:30,223 - INFO - [round 10] pick 5/5: CN(Cc1cccc(F)c1)C1C2C3CC4C5C3CC2C5C41 | UCB=2.26 | mu=0.09332 | std=0.9691 | f=3.809e-05
2025-10-14 19:05:30,241 - INFO - Round 10 done in 36.25s; train size=65
2025-10-14 19:05:30,241 - INFO - 
--- Round 11 | trial=6 | sqrt_beta=2.2361 (beta=5.0000) | rho=0.80 | train size=65 ---
2025-10-14 19:06:10,955 - INFO - [round 11] pick 1/5: CC(NC(=O)c1cncs1)c1ccc(OC2CCN(c3ccnc(N(C)CC(F)F)n3)C2)cc1 | UCB=2.273 | mu=0.1876 | std=0.9325 | f=0.1288
2025-10-14 19:06:10,973 - INFO - [round 11] pick 2/5: O=C(C=CC1=CCCC=C1)C1=CC=CCC1 | UCB=2.266 | mu=0.1084 | std=0.9649 | f=0.1029
2025-10-14 19:06:10,992 - INFO - [round 11] pick 3/5: c1nc[nH]n1 | UCB=2.253 | mu=0.04811 | std=0.986 | f=0.003363
2025-10-14 19:06:11,011 - INFO - [round 11] pick 4/5: CN1C(=CC=CC=Cc2sc3ccc(Cl)cc3[n+]2C)Sc2ccc(Cl)cc21 | UCB=2.266 | mu=0.127 | std=0.9564 | f=0.1253
2025-10-14 19:06:11,031 - INFO - [round 11] pick 5/5: CC1COC2N=C(N[N+](=O)[O-])NC2O1 | UCB=2.245 | mu=0.04276 | std=0.9849 | f=0.07808
2025-10-14 19:06:11,051 - INFO - Round 11 done in 40.81s; train size=70
2025-10-14 19:06:11,051 - INFO - 
--- Round 12 | trial=6 | sqrt_beta=2.2361 (beta=5.0000) | rho=0.80 | train size=70 ---
2025-10-14 19:06:52,716 - INFO - [round 12] pick 1/5: CC(C)n1nc(Cn2cccc2)c2c1CN(Cc1ccoc1)C2 | UCB=2.264 | mu=0.1529 | std=0.9439 | f=0.1254
2025-10-14 19:06:52,737 - INFO - [round 12] pick 2/5: O=C(Nc1ccc(NC2=[N+]([O-])CCN2)cc1)c1ccc(NC2=[N+]([O-])CCN2)cc1 | UCB=2.263 | mu=0.1662 | std=0.9377 | f=0.1222
2025-10-14 19:06:52,759 - INFO - [round 12] pick 3/5: CC=CC=CC(=O)OCC1OC2C(Oc3nc(=N)ccn32)C1OC(=O)C=CC=CC | UCB=2.251 | mu=0.07482 | std=0.9734 | f=0.3536
2025-10-14 19:06:52,781 - INFO - [round 12] pick 4/5: ClC=CC[N+]12CN3CN(CN(C3)C1)C2 | UCB=2.244 | mu=0.0376 | std=0.9869 | f=0.0483
2025-10-14 19:06:52,804 - INFO - [round 12] pick 5/5: FS(F)(F)(F)(F)F | UCB=2.239 | mu=0.01705 | std=0.9937 | f=0
2025-10-14 19:06:52,827 - INFO - Round 12 done in 41.78s; train size=75
2025-10-14 19:06:52,827 - INFO - 
--- Round 13 | trial=6 | sqrt_beta=2.2361 (beta=5.0000) | rho=0.80 | train size=75 ---
2025-10-14 19:07:38,709 - INFO - [round 13] pick 1/5: Cc1cn(C2OC(CO[Si](C)(C)C(C)(C)C)C3(OS(=O)(=O)C=C3N)C2O[Si](C)(C)C(C)(C)C)c(=O)nc1N(C)C | UCB=2.264 | mu=0.1084 | std=0.964 | f=0.3229
2025-10-14 19:07:38,733 - INFO - [round 13] pick 2/5: CCC(NC(C)CC(=[NH2+])[O-])c1ccc(Cl)c(C(O)=C2C=CN([O])C=C2)c1F | UCB=2.262 | mu=0.1428 | std=0.9476 | f=0.1525
2025-10-14 19:07:38,759 - INFO - [round 13] pick 3/5: C(=Cc1ccco1)c1cccc(C=Cc2ccco2)n1 | UCB=2.26 | mu=0.139 | std=0.9485 | f=0.3098
2025-10-14 19:07:38,784 - INFO - [round 13] pick 4/5: CCCCCC=CCC=CCC=CC=CC1CCCC(=O)N1C | UCB=2.251 | mu=0.06389 | std=0.9782 | f=0.005022
2025-10-14 19:07:38,810 - INFO - [round 13] pick 5/5: S=C(S)[N-]C[N-]C(=S)S | UCB=2.243 | mu=0.01612 | std=0.996 | f=2.17e-05
2025-10-14 19:07:38,836 - INFO - Round 13 done in 46.01s; train size=80
2025-10-14 19:07:38,836 - INFO - 
--- Round 14 | trial=6 | sqrt_beta=2.2361 (beta=5.0000) | rho=0.80 | train size=80 ---
2025-10-14 19:08:25,841 - INFO - [round 14] pick 1/5: Nc1nc(N)c2ccn(C3OC(CO)C(O)C3F)c2n1 | UCB=2.275 | mu=0.1367 | std=0.9563 | f=0.2863
2025-10-14 19:08:25,868 - INFO - [round 14] pick 2/5: CC=C(C)C(=O)OC1C(OC(=O)C(C)C)c2c(ccc3ccc(=O)oc23)OC1(C)C | UCB=2.27 | mu=0.1576 | std=0.9449 | f=0.4128
2025-10-14 19:08:25,896 - INFO - [round 14] pick 3/5: COCCOc1ccc2cc1CN(C)CC=CCOCc1ccc(o1)-c1ccnc(n1)N2 | UCB=2.269 | mu=0.1633 | std=0.9415 | f=0.1414
2025-10-14 19:08:25,925 - INFO - [round 14] pick 4/5: O=S1(=O)OCCOS(=O)(=O)C1F | UCB=2.251 | mu=0.05515 | std=0.9822 | f=0.003096
2025-10-14 19:08:25,954 - INFO - [round 14] pick 5/5: CC(C=CC1=C(C)CCCC1(C)C)=CC=CC(C)=CC=NNC(=S)NC(=S)NN=CC=C(C)C=CC=C(C)C=CC1=C(C)CCCC1(C)C | UCB=2.253 | mu=0.06209 | std=0.9798 | f=0.08185
2025-10-14 19:08:25,983 - INFO - Round 14 done in 47.15s; train size=85
2025-10-14 19:08:25,983 - INFO - 
--- Round 15 | trial=6 | sqrt_beta=2.2361 (beta=5.0000) | rho=0.80 | train size=85 ---
2025-10-14 19:09:16,618 - INFO - [round 15] pick 1/5: CC(=O)OC1C(C(=O)c2cnc3sc(C(=O)c4ccc(F)cc4)cn23)OC2OC(C)(C)OC21 | UCB=2.288 | mu=0.1972 | std=0.9351 | f=0.007086
2025-10-14 19:09:16,649 - INFO - [round 15] pick 2/5: CC[n+]1cn(C2OC(CO[PH](=O)[O-])C(OC(C)C)C2OC(C)C)c2nc(N)[nH]c(=O)c21 | UCB=2.282 | mu=0.1538 | std=0.9518 | f=0.3658
2025-10-14 19:09:16,681 - INFO - [round 15] pick 3/5: O=c1ccc2c(ccc3ccoc32)o1 | UCB=2.283 | mu=0.1951 | std=0.9338 | f=0.3365
2025-10-14 19:09:16,713 - INFO - [round 15] pick 4/5: COC1(OC)C2(Cl)C(Cl)=C(Cl)C1(Cl)C1C=CC=CC12 | UCB=2.266 | mu=0.09324 | std=0.9716 | f=0.3504
2025-10-14 19:09:16,746 - INFO - [round 15] pick 5/5: CC#CC#CC=C1C=CC2(CCCCO2)O1 | UCB=2.255 | mu=0.06966 | std=0.9771 | f=0.06717
2025-10-14 19:09:16,779 - INFO - Round 15 done in 50.80s; train size=90
2025-10-14 19:09:16,779 - INFO - 
--- Round 16 | trial=6 | sqrt_beta=2.2361 (beta=5.0000) | rho=0.80 | train size=90 ---
2025-10-14 19:10:10,227 - INFO - [round 16] pick 1/5: CP(=O)(O)OCC1C=CC(n2ccc(N)nc2=O)O1 | UCB=2.292 | mu=0.1824 | std=0.9434 | f=0.1284
2025-10-14 19:10:10,262 - INFO - [round 16] pick 2/5: CC1(C)OB(c2ccc3c(cnn3COCC[Si](C)(C)C)c2)OC1(C)C | UCB=2.284 | mu=0.1384 | std=0.9595 | f=0.3721
2025-10-14 19:10:10,297 - INFO - [round 16] pick 3/5: O=C1NC(=NN=CC(O)C(O)C(O)C(O)CO)NC1=Cc1ccco1 | UCB=2.274 | mu=0.112 | std=0.9667 | f=0.115
2025-10-14 19:10:10,334 - INFO - [round 16] pick 4/5: CN(C=O)C1=C(N(C)C=O)C(N(C)C=O)=C(N(C)C=O)C(=O)C1=O | UCB=2.264 | mu=0.09447 | std=0.9702 | f=0.005369
2025-10-14 19:10:10,370 - INFO - [round 16] pick 5/5: COc1cc2nc(N3CCN(S(=O)(=O)c4no[n+]([O-])c4C4=CC=CC=CC=C4)CC3)nc(N)c2cc1OC | UCB=2.272 | mu=0.1744 | std=0.9379 | f=0.006013
2025-10-14 19:10:10,408 - INFO - Round 16 done in 53.63s; train size=95
2025-10-14 19:10:10,408 - INFO - 
--- Round 17 | trial=6 | sqrt_beta=2.2361 (beta=5.0000) | rho=0.80 | train size=95 ---
2025-10-14 19:11:05,293 - INFO - [round 17] pick 1/5: CC1(C)N=C(N)N=C(N)N1OCC1COc2ccccc2O1 | UCB=2.294 | mu=0.1913 | std=0.9405 | f=0.41
2025-10-14 19:11:05,332 - INFO - [round 17] pick 2/5: CC(C)OP(=O)(OC(C)C)OC(c1ccc(Cl)cc1)P(=O)(OC(C)C)OC(C)C | UCB=2.283 | mu=0.1462 | std=0.9558 | f=0.006688
2025-10-14 19:11:05,371 - INFO - [round 17] pick 3/5: CC1OC(CCC=C(Br)Br)C([Si](C)(C)C)=C(Cl)C1C | UCB=2.274 | mu=0.1025 | std=0.9709 | f=0.005665
2025-10-14 19:11:05,411 - INFO - [round 17] pick 4/5: OCCOCn1c(S)nc2cc(Cl)c(Cl)cc21 | UCB=2.269 | mu=0.142 | std=0.9512 | f=0.1416
2025-10-14 19:11:05,452 - INFO - [round 17] pick 5/5: OCC1OC(OC2C(CO)OC(SCc3cn(C4OC(CO)C(OC5OC(CO)C(O)C(O)C5O)C(O)C4O)nn3)C(O)C2O)C(O)C(O)C1O | UCB=2.258 | mu=0.05327 | std=0.9859 | f=0.003819
2025-10-14 19:11:05,493 - INFO - Round 17 done in 55.09s; train size=100
2025-10-14 19:11:05,493 - INFO - 
--- Round 18 | trial=6 | sqrt_beta=2.2361 (beta=5.0000) | rho=0.80 | train size=100 ---
2025-10-14 19:12:03,830 - INFO - [round 18] pick 1/5: CCOP12(OCC)NC(=O)OC1(C(F)(F)F)c1ccccc1O2 | UCB=2.296 | mu=0.1945 | std=0.9398 | f=0.4434
2025-10-14 19:12:03,873 - INFO - [round 18] pick 2/5: Cn1ccc(Nc2ccc(F)c(C3(C)N=C(N)COC(C)(C)C3(F)F)c2)n1 | UCB=2.292 | mu=0.1912 | std=0.9396 | f=0.3333
2025-10-14 19:12:03,916 - INFO - [round 18] pick 3/5: CC1CN=C(N)c2sccc2O1 | UCB=2.279 | mu=0.1308 | std=0.9607 | f=0.1093
2025-10-14 19:12:03,961 - INFO - [round 18] pick 4/5: COc1cc(C=CC(=O)OCC2COC(=O)CCCCCCCCCCCCCCCCCCCCCCCCCCCCCO2)ccc1O | UCB=2.264 | mu=0.08948 | std=0.9725 | f=0.1155
2025-10-14 19:12:04,005 - INFO - [round 18] pick 5/5: CC12CC(C)(OO1)OO2 | UCB=2.261 | mu=0.066 | std=0.9818 | f=0.05203
2025-10-14 19:12:04,052 - INFO - Round 18 done in 58.56s; train size=105
2025-10-14 19:12:04,052 - INFO - 
--- Round 19 | trial=6 | sqrt_beta=2.2361 (beta=5.0000) | rho=0.80 | train size=105 ---
2025-10-14 19:13:04,678 - INFO - [round 19] pick 1/5: CCOC(=O)C(C(=O)OCC)C1N=C(N)N=C2Oc3ccccc3N21 | UCB=2.304 | mu=0.2457 | std=0.9205 | f=0.5275
2025-10-14 19:13:04,725 - INFO - [round 19] pick 2/5: O=C1Nc2ccc(F)c(F)c2C(C#Cc2ccco2)(C(F)(F)F)O1 | UCB=2.289 | mu=0.2025 | std=0.9329 | f=0.3549
2025-10-14 19:13:04,773 - INFO - [round 19] pick 3/5: CC1(C)Oc2ccc(C3=CCCCCC3)cc2C2(COC(N)=N2)C12COC2 | UCB=2.292 | mu=0.1907 | std=0.9397 | f=0.005792
2025-10-14 19:13:04,823 - INFO - [round 19] pick 4/5: CC1(C)C=C(C=CC2=CC(C)(C)N([O])C(C)(C)C2)CC(C)(C)N1[O] | UCB=2.269 | mu=0.1164 | std=0.9627 | f=0.0968
2025-10-14 19:13:04,872 - INFO - [round 19] pick 5/5: NCCC1([N+](=O)[O-])C=CN=CC1 | UCB=2.263 | mu=0.08355 | std=0.9746 | f=0.005467
2025-10-14 19:13:04,923 - INFO - Round 19 done in 60.87s; train size=110
2025-10-14 19:13:04,923 - INFO - 
--- Round 20 | trial=6 | sqrt_beta=2.2361 (beta=5.0000) | rho=0.80 | train size=110 ---
2025-10-14 19:14:07,762 - INFO - [round 20] pick 1/5: Nc1nc(=O)c2ncn(COCCOP3(=O)OCc4ccccc4O3)c2[nH]1 | UCB=2.313 | mu=0.2297 | std=0.9316 | f=0.169
2025-10-14 19:14:07,813 - INFO - [round 20] pick 2/5: CCOC1(OCC)C2c3ccccc3C([n+]3ccccc32)C1(C)C | UCB=2.303 | mu=0.2159 | std=0.9334 | f=0.00836
2025-10-14 19:14:07,866 - INFO - [round 20] pick 3/5: Nc1cc(=O)n(Cc2ccco2)c(=S)[nH]1 | UCB=2.3 | mu=0.2085 | std=0.9353 | f=0.1343
2025-10-14 19:14:07,919 - INFO - [round 20] pick 4/5: CCOC(=O)NC(NC1=NCCS1)(C(=O)OCC)C(F)(F)F | UCB=2.273 | mu=0.1469 | std=0.9509 | f=0.006923
2025-10-14 19:14:07,974 - INFO - [round 20] pick 5/5: C=CC(C)(C)N1CCC23c4c5ccc(O)c4OC2C(O)C=CC3C1C5 | UCB=2.28 | mu=0.1507 | std=0.9521 | f=0.005705
2025-10-14 19:14:08,030 - INFO - Round 20 done in 63.11s; train size=115
2025-10-14 19:14:08,030 - INFO - 
--- Round 21 | trial=6 | sqrt_beta=2.2361 (beta=5.0000) | rho=0.80 | train size=115 ---
2025-10-14 19:15:13,070 - INFO - [round 21] pick 1/5: CN(C)CCn1nnc2c(=O)oc3ccccc3c21 | UCB=2.295 | mu=0.2289 | std=0.924 | f=0.4245
2025-10-14 19:15:13,251 - INFO - [round 21] pick 2/5: O=C(Nc1nc2cc3c(cc2[nH]1)OC(F)(F)O3)c1cccc(OC(F)F)c1 | UCB=2.279 | mu=0.1963 | std=0.9312 | f=0.1343
2025-10-14 19:15:13,309 - INFO - [round 21] pick 3/5: CC1CN(C)C2=NC(N)=NC(=O)C2N1 | UCB=2.268 | mu=0.1326 | std=0.9549 | f=0.1072
2025-10-14 19:15:13,367 - INFO - [round 21] pick 4/5: OCc1ccc2cc1OCC#CC=CC#CCO2 | UCB=2.271 | mu=0.1255 | std=0.9595 | f=0.1062
2025-10-14 19:15:13,427 - INFO - [round 21] pick 5/5: COCCOCCOCCOC(=O)CN1C(=O)C2(C)C=CC1OO2 | UCB=2.261 | mu=0.1133 | std=0.9604 | f=0.4115
2025-10-14 19:15:13,487 - INFO - Round 21 done in 65.46s; train size=120
2025-10-14 19:15:13,487 - INFO - 
--- Round 22 | trial=6 | sqrt_beta=2.2361 (beta=5.0000) | rho=0.80 | train size=120 ---
2025-10-14 19:16:24,415 - INFO - [round 22] pick 1/5: CN1C(=O)C2(Cn3nncc3CO2)c2ccccc21 | UCB=2.3 | mu=0.2253 | std=0.9279 | f=0.1366
2025-10-14 19:16:24,477 - INFO - [round 22] pick 2/5: COC(OCc1ccc(C=O)o1)c1ccc(CO)o1 | UCB=2.293 | mu=0.2018 | std=0.9353 | f=0.1468
2025-10-14 19:16:24,539 - INFO - [round 22] pick 3/5: CCCCCOC(=O)C(C)NP(=O)(NC(C)C(=O)OCCCCC)OCC1OC(n2cnc3c(OC)nc(N)nc32)C(C)(O)C1O | UCB=2.271 | mu=0.1661 | std=0.9415 | f=0.3917
2025-10-14 19:16:24,603 - INFO - [round 22] pick 4/5: COC1C(=O)N(SC)C1c1cc(F)c(F)cc1F | UCB=2.278 | mu=0.1633 | std=0.9456 | f=0.1306
2025-10-14 19:16:24,667 - INFO - [round 22] pick 5/5: CN(C)Cc1nonc1C#N | UCB=2.262 | mu=0.1057 | std=0.9643 | f=0.004055
2025-10-14 19:16:24,733 - INFO - Round 22 done in 71.25s; train size=125
2025-10-14 19:16:24,733 - INFO - 
--- Round 23 | trial=6 | sqrt_beta=2.2361 (beta=5.0000) | rho=0.80 | train size=125 ---
2025-10-14 19:17:35,955 - INFO - [round 23] pick 1/5: CSCCC(NC(=O)c1ccco1)C(=O)OCC(=O)N1c2ccccc2NC(=O)C1(C)C | UCB=2.295 | mu=0.2504 | std=0.9143 | f=0.4697
2025-10-14 19:17:36,023 - INFO - [round 23] pick 2/5: CCOCCOP(=O)(COCCOn1cnc2c(N)ncnc21)OCCOCC | UCB=2.282 | mu=0.1578 | std=0.9499 | f=0.139
2025-10-14 19:17:36,091 - INFO - [round 23] pick 3/5: CC(N)Cn1ncc2ccc3oc(C(C)C)cc3c21 | UCB=2.285 | mu=0.2218 | std=0.9226 | f=0.3746
2025-10-14 19:17:36,161 - INFO - [round 23] pick 4/5: O=c1[nH]c(=O)n(C2COC(CO)O2)cc1C(F)(F)F | UCB=2.26 | mu=0.1508 | std=0.9435 | f=0.1012
2025-10-14 19:17:36,231 - INFO - [round 23] pick 5/5: COC(=O)C1=C(C(=O)OC)C2(C(=O)OC)OC1(OC)C(C1(C(=O)OC)C(C(=O)OC)=C1C(=O)OC)=C2C(=O)OC | UCB=2.263 | mu=0.1065 | std=0.9642 | f=0.3803
2025-10-14 19:17:36,304 - INFO - Round 23 done in 71.57s; train size=130
2025-10-14 19:17:36,304 - INFO - 
--- Round 24 | trial=6 | sqrt_beta=2.2361 (beta=5.0000) | rho=0.80 | train size=130 ---
2025-10-14 19:18:51,397 - INFO - [round 24] pick 1/5: C=CCN1c2ccccc2C23CC(C(=O)OC)N(C(=O)CC(C)C)C2=NC(C(=O)OC)=C(C(=O)OC)C13 | UCB=2.306 | mu=0.2488 | std=0.92 | f=0.1885
2025-10-14 19:18:51,471 - INFO - [round 24] pick 2/5: CCCCN(CCCC)CCCNCc1coc(-c2ccco2)n1 | UCB=2.289 | mu=0.1646 | std=0.9499 | f=0.1286
2025-10-14 19:18:51,545 - INFO - [round 24] pick 3/5: Cn1c2c(c3ccc(Cl)c(Cl)c31)C(CN)C(C)(C)NC2=O | UCB=2.287 | mu=0.1967 | std=0.9349 | f=0.4452
2025-10-14 19:18:51,620 - INFO - [round 24] pick 4/5: CC(C)=CCCC(C)=CCCC(C)=CCCC(C)=CCOc1ccc2ccc(=O)oc2c1 | UCB=2.297 | mu=0.1935 | std=0.9407 | f=0.1395
2025-10-14 19:18:51,697 - INFO - [round 24] pick 5/5: CSCCC(N)C(=O)OCC1SC(CC=O)SC1COC(=O)C(N)CCSC | UCB=2.27 | mu=0.1195 | std=0.9619 | f=0.006452
2025-10-14 19:18:51,775 - INFO - Round 24 done in 75.47s; train size=135
2025-10-14 19:18:51,775 - INFO - 
--- Round 25 | trial=6 | sqrt_beta=2.2361 (beta=5.0000) | rho=0.80 | train size=135 ---
2025-10-14 19:20:07,769 - INFO - [round 25] pick 1/5: CCOC(=O)CC1(C(C)=O)C(=O)Oc2ccc3ccccc3c2N1C | UCB=2.303 | mu=0.3033 | std=0.8943 | f=0.5192
2025-10-14 19:20:07,848 - INFO - [round 25] pick 2/5: CC1(C)NC(N)=NC(=N)N1OCc1cccc(Cl)c1Cl | UCB=2.301 | mu=0.2461 | std=0.9191 | f=0.1653
2025-10-14 19:20:07,928 - INFO - [round 25] pick 3/5: COC(=O)NC(=O)c1cn(CCCOC(=O)CCCCCCCCC(=O)OCCCn2cc(C(=O)NC(=O)OC)c(=O)[nH]c2=O)c(=O)[nH]c1=O | UCB=2.277 | mu=0.1506 | std=0.951 | f=0.1424
2025-10-14 19:20:08,009 - INFO - [round 25] pick 4/5: CC(C)C1NC(=O)c2coc(n2)-c2coc(n2)-c2coc(n2)C(CCCN)NC(=O)c2coc(n2)-c2coc(n2)-c2coc1n2 | UCB=2.273 | mu=0.1124 | std=0.9664 | f=3.881e-08
2025-10-14 19:20:08,092 - INFO - [round 25] pick 5/5: COC12CC3(C)C4(OC)CCC(C)C(O)C4(O1)C1(O)C3(O)C(OC(=O)c3cccn3C)C(O)(C(C)C)C21C | UCB=2.273 | mu=0.1464 | std=0.951 | f=3.775e-08
2025-10-14 19:20:08,175 - INFO - Round 25 done in 76.40s; train size=140
2025-10-14 19:20:08,175 - INFO - 
--- Round 26 | trial=6 | sqrt_beta=2.2361 (beta=5.0000) | rho=0.80 | train size=140 ---
2025-10-14 19:21:29,280 - INFO - [round 26] pick 1/5: COc1c(C(=O)Nc2nn[nH]n2)oc2c3ccccc3n(C)c12 | UCB=2.303 | mu=0.2539 | std=0.9165 | f=0.1652
2025-10-14 19:21:29,367 - INFO - [round 26] pick 2/5: CCOC(=O)C1=C(C)OC(N)=C(C(=O)OCC)C12C(=O)Nc1ccc(Br)cc12 | UCB=2.3 | mu=0.2516 | std=0.9163 | f=0.5446
2025-10-14 19:21:29,455 - INFO - [round 26] pick 3/5: CN(C)CCC1CN(C)C(=O)c2c(Cl)cncc2O1 | UCB=2.284 | mu=0.2011 | std=0.9316 | f=0.1384
2025-10-14 19:21:29,543 - INFO - [round 26] pick 4/5: CC(CC(=O)OCc1ccccc1)OC1OC(COC(=O)C(C)(C)C)C(OC(=O)C(C)(C)C)C(OC(=O)C(C)(C)C)C1OC(=O)C(C)(C)C | UCB=2.277 | mu=0.1895 | std=0.9334 | f=0.1489
2025-10-14 19:21:29,633 - INFO - [round 26] pick 5/5: O=C1C=CC2(Oc3cccc4cccc(c34)O2)C2C(O)C=CC(O)C12 | UCB=2.276 | mu=0.1916 | std=0.9323 | f=0.006128
2025-10-14 19:21:29,724 - INFO - Round 26 done in 81.55s; train size=145
2025-10-14 19:21:29,724 - INFO - 
--- Round 27 | trial=6 | sqrt_beta=2.2361 (beta=5.0000) | rho=0.80 | train size=145 ---
2025-10-14 19:22:50,409 - INFO - [round 27] pick 1/5: CCOC(=O)CC1=C(C(=O)OCC)C(c2ccc(C)o2)C(C#N)=C(N)O1 | UCB=2.316 | mu=0.2836 | std=0.9089 | f=0.2086
2025-10-14 19:22:50,501 - INFO - [round 27] pick 2/5: COc1ccc(C2=NNC(=O)C2(C)C)c2ccnn12 | UCB=2.295 | mu=0.2361 | std=0.9209 | f=0.4009
2025-10-14 19:22:50,594 - INFO - [round 27] pick 3/5: CCn1c(=O)c2c(nc(C=Cc3ccc(C(=O)OCCOCCOCCOCCOCCOCCOCCOCCOC)c(OC)c3)n2C)n(CC)c1=O | UCB=2.28 | mu=0.1734 | std=0.942 | f=0.3937
2025-10-14 19:22:50,688 - INFO - [round 27] pick 4/5: CC(C)N(C)CCc1c[nH]c2cc3ooc3cc12 | UCB=2.286 | mu=0.1853 | std=0.9394 | f=0.3504
2025-10-14 19:22:50,784 - INFO - [round 27] pick 5/5: CC12NC(=C(C#N)C#N)C(C#N)=C3NC(N)=C(C#N)C(=C31)Oc1ccccc12 | UCB=2.291 | mu=0.1826 | std=0.943 | f=0.1456
2025-10-14 19:22:50,880 - INFO - Round 27 done in 81.16s; train size=150
2025-10-14 19:22:50,880 - INFO - 
--- Round 28 | trial=6 | sqrt_beta=2.2361 (beta=5.0000) | rho=0.80 | train size=150 ---
2025-10-14 19:24:14,555 - INFO - [round 28] pick 1/5: CCOC(=O)c1c[nH]c2c(ccn3ccnc23)c1=O | UCB=2.324 | mu=0.2556 | std=0.925 | f=0.4736
2025-10-14 19:24:14,654 - INFO - [round 28] pick 2/5: CCCSC1Oc2ccccc2-c2ccc3c(c21)C(C)=CC(C)(C)N3 | UCB=2.302 | mu=0.2534 | std=0.9159 | f=0.1659
2025-10-14 19:24:14,753 - INFO - [round 28] pick 3/5: CCOC(=O)C(C)NP(=O)(NC(C)C(=O)OCC)c1ccc(-c2nc3c(N)c(F)cc(CC)c3n2CC(C)C)o1 | UCB=2.307 | mu=0.2744 | std=0.9091 | f=0.4487
2025-10-14 19:24:14,854 - INFO - [round 28] pick 4/5: CC=CC=CC=CC1=CC2=CC(=O)C(C)(OC(=O)CC(C)O)C(=O)C23OC3O1 | UCB=2.289 | mu=0.1837 | std=0.9415 | f=0.3405
2025-10-14 19:24:14,956 - INFO - [round 28] pick 5/5: C[Si]1(C)N[Si](C)(C)N[Si](C)(C)N1 | UCB=2.248 | mu=0.0423 | std=0.9865 | f=0.003609
2025-10-14 19:24:15,059 - INFO - Round 28 done in 84.18s; train size=155
2025-10-14 19:24:15,059 - INFO - 
--- Round 29 | trial=6 | sqrt_beta=2.2361 (beta=5.0000) | rho=0.80 | train size=155 ---
2025-10-14 19:25:40,840 - INFO - [round 29] pick 1/5: CCOC(=O)c1noc2nc(C)n(Cc3ccc([N+](=O)[O-])cc3)c(=O)c12 | UCB=2.327 | mu=0.2945 | std=0.9091 | f=0.481
2025-10-14 19:25:40,945 - INFO - [round 29] pick 2/5: COCCOC(=O)c1c(C)n(C)c2ccc(OC(=O)N(C)C)cc12 | UCB=2.323 | mu=0.2895 | std=0.9096 | f=0.1864
2025-10-14 19:25:41,177 - INFO - [round 29] pick 3/5: CC(C)CN1C=CC=C2C(=O)NC(N)N=C21 | UCB=2.29 | mu=0.1921 | std=0.938 | f=0.1276
2025-10-14 19:25:41,286 - INFO - [round 29] pick 4/5: CC(C)CCCC(C)CCCC(C)CCCC(C)CC(F)C12OC1(C)C(=O)c1ccccc1C2=O | UCB=2.287 | mu=0.188 | std=0.9389 | f=0.3916
2025-10-14 19:25:41,395 - INFO - [round 29] pick 5/5: c1cc2occc2c(NC2=NCC3(CN4CCC3CC4)O2)n1 | UCB=2.27 | mu=0.1641 | std=0.9416 | f=3.563e-05
2025-10-14 19:25:41,505 - INFO - Round 29 done in 86.45s; train size=160
2025-10-14 19:25:41,506 - INFO - 
--- Round 30 | trial=6 | sqrt_beta=2.2361 (beta=5.0000) | rho=0.80 | train size=160 ---
2025-10-14 19:27:14,729 - INFO - [round 30] pick 1/5: CCOC(=O)C(C)n1cnc2c(nnn2-c2ccc(C)cc2)c1=O | UCB=2.33 | mu=0.3049 | std=0.9058 | f=0.4583
2025-10-14 19:27:14,841 - INFO - [round 30] pick 2/5: CCOCC1COc2cc3c(=S)c(C(=O)OCC)c[nH]c3cc2O1 | UCB=2.313 | mu=0.2755 | std=0.9112 | f=0.4892
2025-10-14 19:27:14,964 - INFO - [round 30] pick 3/5: CCC(C)C=C(C)C=CC1=CC2=C(Cl)C(=O)C3(C)OC(=O)C(C(C)=O)=C3C2=CO1 | UCB=2.304 | mu=0.2158 | std=0.9337 | f=0.3849
2025-10-14 19:27:15,080 - INFO - [round 30] pick 4/5: N#CCC[P+](CCC#N)(CCC#N)CCN1C(=O)c2ccccc2C1=O | UCB=2.276 | mu=0.1679 | std=0.943 | f=0.1443
2025-10-14 19:27:15,197 - INFO - [round 30] pick 5/5: CN=C(S)n1nccc1N | UCB=2.257 | mu=0.1077 | std=0.9612 | f=0.00492
2025-10-14 19:27:15,314 - INFO - Round 30 done in 93.81s; train size=165
2025-10-14 19:27:15,314 - INFO - 
--- Round 31 | trial=6 | sqrt_beta=2.2361 (beta=5.0000) | rho=0.80 | train size=165 ---
2025-10-14 19:28:46,243 - INFO - [round 31] pick 1/5: CCOC(=O)C(NC(=O)C(=O)c1c[nH]c2ccc(Cl)cc12)C(C)C | UCB=2.339 | mu=0.3376 | std=0.8953 | f=0.1823
2025-10-14 19:28:46,362 - INFO - [round 31] pick 2/5: CCOC(=O)C(C)(C)Sc1nc2cc(-n3nc(C(C)(C)C)oc3=O)c(F)cc2s1 | UCB=2.326 | mu=0.2622 | std=0.923 | f=0.3959
2025-10-14 19:28:46,482 - INFO - [round 31] pick 3/5: Cc1ncc2c(-c3nnc4c(n3)NC(=O)C4(C)C)nn(Cc3ccccc3F)c2n1 | UCB=2.31 | mu=0.2395 | std=0.9261 | f=0.007638
2025-10-14 19:28:46,604 - INFO - [round 31] pick 4/5: CC(=O)OCCOCn1c(=O)[nH]c(=O)c2c1no[n+]2[O-] | UCB=2.304 | mu=0.2292 | std=0.9279 | f=0.1462
2025-10-14 19:28:46,728 - INFO - [round 31] pick 5/5: CCC=CC(CC)CC(C)CC1(CC)C=C(CC)C(CC(=O)OC)OO1 | UCB=2.28 | mu=0.1654 | std=0.9455 | f=0.006598
2025-10-14 19:28:46,852 - INFO - Round 31 done in 91.54s; train size=170
2025-10-14 19:28:46,852 - INFO - 
--- Round 32 | trial=6 | sqrt_beta=2.2361 (beta=5.0000) | rho=0.80 | train size=170 ---
2025-10-14 19:30:21,613 - INFO - [round 32] pick 1/5: CCOC(=O)c1cc2cc([N+](=O)[O-])ccc2oc1=O | UCB=2.332 | mu=0.3573 | std=0.8831 | f=0.1759
2025-10-14 19:30:21,740 - INFO - [round 32] pick 2/5: CCOC(=O)CCC(NC(=O)CCC(NC(=O)c1ccc(N(C)Cc2cnc3nc(N)nc(N)c3n2)cc1)C(=O)OCC)C(=O)OCC | UCB=2.302 | mu=0.2557 | std=0.9152 | f=0.4318
2025-10-14 19:30:21,868 - INFO - [round 32] pick 3/5: CCCn1c(=O)c2c(ccn2C)n(CCC)c1=O | UCB=2.301 | mu=0.223 | std=0.9293 | f=0.1453
2025-10-14 19:30:21,998 - INFO - [round 32] pick 4/5: COCCN1C(=O)C(=Cc2cc3c(cc2Br)OCO3)NC1=S | UCB=2.294 | mu=0.201 | std=0.9361 | f=0.3733
2025-10-14 19:30:22,129 - INFO - [round 32] pick 5/5: CC(C)(C)C1=CC(=CC=Cc2cc(C(C)(C)C)[s+]c(C(C)(C)C)c2)C=C(C(C)(C)C)O1 | UCB=2.272 | mu=0.1602 | std=0.9444 | f=0.1102
2025-10-14 19:30:22,263 - INFO - Round 32 done in 95.41s; train size=175
2025-10-14 19:30:22,263 - INFO - 
--- Round 33 | trial=6 | sqrt_beta=2.2361 (beta=5.0000) | rho=0.80 | train size=175 ---
2025-10-14 19:32:03,406 - INFO - [round 33] pick 1/5: CCOC(=O)c1ccc(-n2nc(C(=O)OCC)c3csc(N)c3c2=O)cc1 | UCB=2.335 | mu=0.3754 | std=0.8763 | f=0.5164
2025-10-14 19:32:03,540 - INFO - [round 33] pick 2/5: CCOC=Nn1cnc2c(oc3nc(C(F)(F)F)ccc32)c1=O | UCB=2.314 | mu=0.2556 | std=0.9207 | f=0.3703
2025-10-14 19:32:03,676 - INFO - [round 33] pick 3/5: CC(C)Cc1noc(CN(C)c2cc(C(C)C)nc3ccnn23)n1 | UCB=2.293 | mu=0.2167 | std=0.9285 | f=0.3282
2025-10-14 19:32:03,814 - INFO - [round 33] pick 4/5: CNC(=S)N1C2CN3C4=C(C(=O)C(N)=C(C)C4=O)C(COC(N)=O)C3(OC)C21 | UCB=2.295 | mu=0.1984 | std=0.9378 | f=0.1513
2025-10-14 19:32:03,954 - INFO - [round 33] pick 5/5: Clc1cc2c(cc1Cl)Oc1c(Cl)c(Cl)c(Cl)c(Cl)c1O2 | UCB=2.264 | mu=0.1405 | std=0.9496 | f=0.3028
2025-10-14 19:32:04,095 - INFO - Round 33 done in 101.83s; train size=180
2025-10-14 19:32:04,095 - INFO - 
--- Round 34 | trial=6 | sqrt_beta=2.2361 (beta=5.0000) | rho=0.80 | train size=180 ---
2025-10-14 19:33:48,041 - INFO - [round 34] pick 1/5: CC(C)c1nn2c(=O)cc(COC(=O)c3ccc4c(c3)OCO4)nc2s1 | UCB=2.335 | mu=0.3104 | std=0.9054 | f=0.1559
2025-10-14 19:33:48,185 - INFO - [round 34] pick 2/5: CCOC(=O)CON=C1c2ccncc2C(=O)c2cn(CCN(C)C)cc21 | UCB=2.323 | mu=0.2702 | std=0.9183 | f=0.4733
2025-10-14 19:33:48,330 - INFO - [round 34] pick 3/5: CCCCOC(=O)C=CC1=C(C)C2=Cc3c(C)c(C=CC(=O)OCCCC)c(C)n3[B-](F)(F)[N+]2=C1C | UCB=2.296 | mu=0.2121 | std=0.9318 | f=0.4177
2025-10-14 19:33:48,477 - INFO - [round 34] pick 4/5: Cc1ccc(N2C(N)=NC(N)=NC2(C)C)cc1N1C(N)=NC(N)=NC1(C)C | UCB=2.292 | mu=0.22 | std=0.9265 | f=0.3468
2025-10-14 19:33:48,625 - INFO - [round 34] pick 5/5: CCOC(OCC)C(Cl)Cl | UCB=2.256 | mu=0.1058 | std=0.9617 | f=3.819e-05
2025-10-14 19:33:48,774 - INFO - Round 34 done in 104.68s; train size=185
2025-10-14 19:33:48,775 - INFO - 
--- Round 35 | trial=6 | sqrt_beta=2.2361 (beta=5.0000) | rho=0.80 | train size=185 ---
2025-10-14 19:35:33,759 - INFO - [round 35] pick 1/5: CCOC(=O)C(C(=O)OCC)c1cc(Br)c2noc3c2c1C(=O)c1ccccc1-3 | UCB=2.337 | mu=0.3593 | std=0.8844 | f=0.1854
2025-10-14 19:35:33,911 - INFO - [round 35] pick 2/5: CCOC(=O)c1n[nH]cc1-c1cncn1CCn1nc(C)c(Cl)c1C | UCB=2.327 | mu=0.2798 | std=0.9158 | f=0.4957
2025-10-14 19:35:34,064 - INFO - [round 35] pick 3/5: CCCCC1C=Cn2c(=O)oc3c(OC(C)C)c(OC(C)C)c(O)c1c32 | UCB=2.311 | mu=0.2437 | std=0.9245 | f=0.3838
2025-10-14 19:35:34,221 - INFO - [round 35] pick 4/5: CC1=CC2=NC(=O)C(=Cc3cccs3)C(=N)N2O1 | UCB=2.297 | mu=0.2028 | std=0.9365 | f=0.3643
2025-10-14 19:35:34,377 - INFO - [round 35] pick 5/5: C[Si](C)(C)CCCCCn1cc[n+](Cc2ccc(CC[Si](C)(C)C)cc2)c1 | UCB=2.275 | mu=0.1796 | std=0.9369 | f=0.1217
2025-10-14 19:35:34,536 - INFO - Round 35 done in 105.76s; train size=190
2025-10-14 19:35:34,536 - INFO - 
--- Round 36 | trial=6 | sqrt_beta=2.2361 (beta=5.0000) | rho=0.80 | train size=190 ---
2025-10-14 19:37:21,109 - INFO - [round 36] pick 1/5: CCCCCC(C)C(C)c1cc(OC(=O)OCC)c2c(c1)OC(C)(C)c1ccncc1-2 | UCB=2.337 | mu=0.3124 | std=0.9054 | f=0.4456
2025-10-14 19:37:21,269 - INFO - [round 36] pick 2/5: CCOC(=O)CSC1=NC(=Cc2ccc(-n3cncn3)cc2)C(=O)N1 | UCB=2.334 | mu=0.3226 | std=0.8995 | f=0.449
2025-10-14 19:37:21,431 - INFO - [round 36] pick 3/5: Cc1cc2occ(C)c(=O)c2c2c1OC(C)(C)S2 | UCB=2.306 | mu=0.2328 | std=0.927 | f=0.3392
2025-10-14 19:37:21,595 - INFO - [round 36] pick 4/5: CC(C)(C)C(=O)OCOC(=O)C1=C(C=Cc2csnn2)CSC2C(NC(=O)C(=NO)c3csc(N)n3)C(=O)N12 | UCB=2.298 | mu=0.2039 | std=0.9364 | f=0.142
2025-10-14 19:37:21,761 - INFO - [round 36] pick 5/5: Nc1n[nH]c2c1C(c1ccc(F)c(F)c1)c1c(N)n[nH]c1O2 | UCB=2.278 | mu=0.179 | std=0.9386 | f=0.128
2025-10-14 19:37:21,929 - INFO - Round 36 done in 107.39s; train size=195
2025-10-14 19:37:21,929 - INFO - 
--- Round 37 | trial=6 | sqrt_beta=2.2361 (beta=5.0000) | rho=0.80 | train size=195 ---
2025-10-14 19:39:15,161 - INFO - [round 37] pick 1/5: CCOC(=O)C(=O)N1c2ccc(C)cc2-c2c(ssc2=S)C1(C)C | UCB=2.343 | mu=0.3153 | std=0.9066 | f=0.4845
2025-10-14 19:39:15,329 - INFO - [round 37] pick 2/5: Cc1oc2c(C)c3oc(=O)c(CCC(=O)NCCCn4ccnc4)c(C)c3cc2c1C | UCB=2.327 | mu=0.2513 | std=0.9285 | f=0.1448
2025-10-14 19:39:15,500 - INFO - [round 37] pick 3/5: CCOC(=O)c1nnn(-c2nonc2N)c1CNC(C)C | UCB=2.323 | mu=0.2838 | std=0.9119 | f=0.1534
2025-10-14 19:39:15,673 - INFO - [round 37] pick 4/5: CSC1=NC(=O)C(=Cc2c[nH]c3cc(Br)ccc23)N1 | UCB=2.298 | mu=0.2417 | std=0.9197 | f=0.373
2025-10-14 19:39:15,847 - INFO - [round 37] pick 5/5: COC(CC(OC)OC)Cn1nnnc1C(Nc1ccc([Se][Se]c2ccc(NC(c3nnnn3CC(CC(OC)OC)OC)C(C)C)cc2)cc1)C(C)C | UCB=2.284 | mu=0.1597 | std=0.95 | f=0.1229
2025-10-14 19:39:16,023 - INFO - Round 37 done in 114.09s; train size=200
2025-10-14 19:39:16,024 - INFO - 
--- Round 38 | trial=6 | sqrt_beta=2.2361 (beta=5.0000) | rho=0.80 | train size=200 ---
2025-10-14 19:41:07,188 - INFO - [round 38] pick 1/5: CCOC(=O)Cn1c(=O)c2nc(SC)sc2n(-c2ccc(C)cc2)c1=S | UCB=2.346 | mu=0.3798 | std=0.8793 | f=0.4704
2025-10-14 19:41:07,365 - INFO - [round 38] pick 2/5: CCN(CC)c1nn(CCC(C)C)c(=O)c(C2=NS(=O)(=O)c3cc(NS(C)(=O)=O)ccc3N2)c1O | UCB=2.321 | mu=0.2488 | std=0.9269 | f=0.3942
2025-10-14 19:41:07,545 - INFO - [round 38] pick 3/5: CCOC(=O)C1(C)CCC2(C)CCC3(C)C4=CC=C5C(=CC(=O)C(O)=C5C)C4(C)CCC3(C)C2C1 | UCB=2.314 | mu=0.2206 | std=0.9361 | f=0.007376
2025-10-14 19:41:07,728 - INFO - [round 38] pick 4/5: Cc1cc(=O)oc2cc(OCCCCn3cncn3)cc(OCCCCn3cncn3)c12 | UCB=2.297 | mu=0.2179 | std=0.9297 | f=0.1339
2025-10-14 19:41:07,912 - INFO - [round 38] pick 5/5: CCN(Cc1cccnc1)CC1(C)Cc2c(N)nc(N)nc2O1 | UCB=2.303 | mu=0.2423 | std=0.9217 | f=0.381
2025-10-14 19:41:08,097 - INFO - Round 38 done in 112.07s; train size=205
2025-10-14 19:41:08,097 - INFO - 
--- Round 39 | trial=6 | sqrt_beta=2.2361 (beta=5.0000) | rho=0.80 | train size=205 ---
2025-10-14 19:43:01,539 - INFO - [round 39] pick 1/5: CCOC(=O)CC(=O)CSc1nc(O)c2sc(=S)n(-c3ccc(C)c(C)c3)c2n1 | UCB=2.341 | mu=0.3255 | std=0.9012 | f=0.476
2025-10-14 19:43:01,726 - INFO - [round 39] pick 2/5: CCN1C(=O)C(=C2C=Cc3cc(C)ccc3N2CC)OC1=S | UCB=2.336 | mu=0.301 | std=0.9102 | f=0.4117
2025-10-14 19:43:01,916 - INFO - [round 39] pick 3/5: CCOC(=O)CNC1=C2Sc3ncnc(N(C)C)c3N=C2CC(C)(C)C1 | UCB=2.319 | mu=0.247 | std=0.9266 | f=0.3937
2025-10-14 19:43:02,107 - INFO - [round 39] pick 4/5: COC(=O)c1cc(C(OC(=O)c2cccnc2)C(OC(=O)c2cccnc2)C(COC(=O)c2cccnc2)OC(=O)c2cccnc2)oc1C | UCB=2.294 | mu=0.2034 | std=0.9349 | f=0.007694
2025-10-14 19:43:02,300 - INFO - [round 39] pick 5/5: Cc1csc2nc3[nH]ncc3c(=O)n12 | UCB=2.293 | mu=0.2011 | std=0.9357 | f=0.3221
2025-10-14 19:43:02,495 - INFO - Round 39 done in 114.40s; train size=210
