nohup: ignoring input
An NVIDIA GPU may be present on this machine, but a CUDA-enabled jaxlib is not installed. Falling back to cpu.
['COc1cccc(C=CC(=O)Oc2ccc(C(=O)c3ccc(F)cc3)cc2)c1',
 'CC(C)CNc1nc(=O)c2cnn3c2n1CC=C3c1cccc(C(F)(F)F)c1',
 'CCN(CC)C(=O)c1cccc(-c2ccc3c(c2)CC2C3C(CCCCC(=N)N)C(=O)N2C(=O)OCCCc2ccccc2)c1',
 'COc1ccc2nc3c(O)n4c(nc-3c2c1)SCC4',
 'Brc1ccc2[nH]cc(-c3nsc(-c4c[nH]c5ccc(Br)cc45)n3)c2c1',
 'Cc1c(C)n(C)c2ccc(C(=O)N3CCN(c4ccccc4)CC3)cc12',
 'Cc1cc(O)cc(C)c1CC(N)C(=O)N1CCCC1C(=O)NC(Cc1ccccc1)C(=O)NC(Cc1c(C)cc(O)cc1C)C(N)=O',
 'O=C(Nc1nc(-c2ccc(F)c(C(F)(F)F)c2)ns1)c1cnc(N2CCC(C(=O)O)CC2)c(Cl)c1',
 'COc1ccc(-n2c(COc3ccc4ccccc4c3)nnc2SCC(N)=O)cc1',
 'CC(CN1C(C)CCCC1C)OC(=O)c1ccc(Cl)cc1']
f1 shape: (10,)
2025-10-08 14:28:26,690 - INFO - 
--- Round 0 | trial=1 | sqrt_beta=0.7071 (beta=0.5000) | rho=0.50 | train size=10 ---
f1 shape: (5,)
2025-10-08 14:28:38,243 - INFO - [round 0] pick 1/5: COc1ccc(NC(=O)Nc2ccc(C(=O)C=Cc3ccc(F)cc3)cc2)cc1 | UCB=0.8233 | mu=0.1899 | std=0.8958 | f=0.3887
2025-10-08 14:28:38,259 - INFO - [round 0] pick 2/5: COc1cccc(C=CC(=O)OCC(=O)NCC2CCCO2)c1 | UCB=0.8195 | mu=0.1599 | std=0.9328 | f=0.1611
2025-10-08 14:28:38,276 - INFO - [round 0] pick 3/5: CC(C)(Oc1ccc(C(=O)c2ccc(Cl)cc2)cc1)C(=O)OC(CO)CO | UCB=0.8145 | mu=0.1684 | std=0.9138 | f=0.1599
2025-10-08 14:28:38,295 - INFO - [round 0] pick 4/5: Oc1ccc2c(c1)OC=C(CN1CCC(=C(c3ccc(F)cc3)c3ccc(F)cc3)CC1)O2 | UCB=0.8001 | mu=0.1313 | std=0.9458 | f=0.005435
2025-10-08 14:28:38,312 - INFO - [round 0] pick 5/5: O=[N+]([O-])C=Cc1cccc(F)c1 | UCB=0.7846 | mu=0.09595 | std=0.9739 | f=0.005792
2025-10-08 14:28:38,330 - INFO - Round 0 done in 11.64s; train size=15
2025-10-08 14:28:38,330 - INFO - 
--- Round 1 | trial=1 | sqrt_beta=0.7071 (beta=0.5000) | rho=0.50 | train size=15 ---
f1 shape: (5,)
2025-10-08 14:28:51,817 - INFO - [round 1] pick 1/5: COc1ccc(C(=O)C=Cc2ccc(C=CC(=O)c3ccc(OC)cc3)cc2)cc1 | UCB=0.8382 | mu=0.2463 | std=0.8371 | f=0.4053
2025-10-08 14:28:51,836 - INFO - [round 1] pick 2/5: COc1cccc(NC(=O)NC2CCC(Oc3ccc(F)cc3)CC2)c1 | UCB=0.8206 | mu=0.1749 | std=0.9131 | f=0.378
2025-10-08 14:28:51,854 - INFO - [round 1] pick 3/5: CC(=O)Nc1ccc(OC(=O)C=Cc2ccccc2)cc1 | UCB=0.838 | mu=0.2124 | std=0.8847 | f=0.1565
2025-10-08 14:28:51,872 - INFO - [round 1] pick 4/5: COc1cc(C(C)C)c(Oc2cnc(NC(=O)C(C)C)nc2NC(=O)C(C)C)cc1I | UCB=0.7784 | mu=0.0937 | std=0.9683 | f=0.143
2025-10-08 14:28:51,890 - INFO - [round 1] pick 5/5: CC(=O)OC1C(C(=O)c2cnc3sc(C(=O)c4ccc(F)cc4)cn23)OC2OC(C)(C)OC21 | UCB=0.7913 | mu=0.1179 | std=0.9523 | f=0.007086
2025-10-08 14:28:51,909 - INFO - Round 1 done in 13.58s; train size=20
2025-10-08 14:28:51,909 - INFO - 
--- Round 2 | trial=1 | sqrt_beta=0.7071 (beta=0.5000) | rho=0.50 | train size=20 ---
f1 shape: (5,)
2025-10-08 14:29:08,487 - INFO - [round 2] pick 1/5: COc1ccc(C(=O)C=Cc2cc(=O)oc3cc(OC)ccc23)cc1 | UCB=0.8523 | mu=0.2397 | std=0.8663 | f=0.4066
2025-10-08 14:29:08,505 - INFO - [round 2] pick 2/5: COc1cccc(NC(=O)C2CN(C)CC2c2ccc(C=CC(=O)Nc3ccccc3N)cc2)c1 | UCB=0.8459 | mu=0.2159 | std=0.891 | f=0.1595
2025-10-08 14:29:08,524 - INFO - [round 2] pick 3/5: Fc1ccc(Oc2ccc(C=NNC(=S)NC3CCCCC3)cc2)cc1 | UCB=0.8269 | mu=0.1752 | std=0.9216 | f=0.3047
2025-10-08 14:29:08,543 - INFO - [round 2] pick 4/5: COc1cc(NC(=O)NC(CCSC)C(=O)O)cc(OC)c1 | UCB=0.8074 | mu=0.136 | std=0.9495 | f=0.007573
2025-10-08 14:29:08,562 - INFO - [round 2] pick 5/5: COc1ccc(N(c2ccc(C#N)cc2)c2ccc(C#N)cc2)cc1 | UCB=0.8256 | mu=0.1713 | std=0.9254 | f=0.3346
2025-10-08 14:29:08,583 - INFO - Round 2 done in 16.67s; train size=25
2025-10-08 14:29:08,583 - INFO - 
--- Round 3 | trial=1 | sqrt_beta=0.7071 (beta=0.5000) | rho=0.50 | train size=25 ---
f1 shape: (5,)
2025-10-08 14:29:26,967 - INFO - [round 3] pick 1/5: COc1ccc(C(=O)C=Cc2ccc(C(F)(F)F)cc2)cc1 | UCB=0.8831 | mu=0.3171 | std=0.8004 | f=0.1332
2025-10-08 14:29:26,987 - INFO - [round 3] pick 2/5: COc1ccc(-c2[nH]c(C)c(-c3ccc(F)cc3)c2-c2ccc(OC)cc2)cc1 | UCB=0.8677 | mu=0.2419 | std=0.885 | f=0.139
2025-10-08 14:29:27,006 - INFO - [round 3] pick 3/5: CC(Nc1ccc(Oc2cccc(C#N)c2)cc1)C(=O)NC1CC1 | UCB=0.8429 | mu=0.2095 | std=0.8958 | f=0.3644
2025-10-08 14:29:27,026 - INFO - [round 3] pick 4/5: COc1ccc(C=C2SC(=S)NC2=O)cc1OC1CCCCC1 | UCB=0.8054 | mu=0.1336 | std=0.9501 | f=0.3914
2025-10-08 14:29:27,046 - INFO - [round 3] pick 5/5: CCOC(Cc1ccc(OCC=CC#Cc2ccc(C#CC=CCOc3ccc(CC(OCC)C(=O)O)cc3)cc2)cc1)C(=O)O | UCB=0.8161 | mu=0.1513 | std=0.9401 | f=0.4014
2025-10-08 14:29:27,066 - INFO - Round 3 done in 18.48s; train size=30
2025-10-08 14:29:27,066 - INFO - 
--- Round 4 | trial=1 | sqrt_beta=0.7071 (beta=0.5000) | rho=0.50 | train size=30 ---
f1 shape: (5,)
2025-10-08 14:29:48,149 - INFO - [round 4] pick 1/5: Cc1ccc(Oc2cccc(C=C3SC(=S)NC3=O)c2)cc1 | UCB=0.8835 | mu=0.2649 | std=0.8748 | f=0.3963
2025-10-08 14:29:48,170 - INFO - [round 4] pick 2/5: COc1ccc(C(Cc2ccncc2)c2ccc(NS(C)(=O)=O)cc2)cc1OC1CCCC1 | UCB=0.8793 | mu=0.238 | std=0.907 | f=0.1372
2025-10-08 14:29:48,193 - INFO - [round 4] pick 3/5: COc1cccc(C=CC(=O)c2ccc(OCCCCCCOc3ccc(C(=O)C=Cc4cccc(OC)c4)cc3)cc2)c1 | UCB=0.871 | mu=0.2788 | std=0.8374 | f=0.1553
2025-10-08 14:29:48,215 - INFO - [round 4] pick 4/5: N#Cc1ccc(OCC(=O)NNC(=S)NC2CCCCC2)cc1 | UCB=0.8463 | mu=0.2071 | std=0.904 | f=0.1259
2025-10-08 14:29:48,237 - INFO - [round 4] pick 5/5: CNC(=O)N1CCC(NC(=O)c2ccc(Oc3ccc(C#CC4(O)CN5CCC4CC5)cc3)cc2)CC1 | UCB=0.8585 | mu=0.2138 | std=0.9118 | f=4.188e-05
2025-10-08 14:29:48,259 - INFO - Round 4 done in 21.19s; train size=35
2025-10-08 14:29:48,259 - INFO - 
--- Round 5 | trial=1 | sqrt_beta=0.7071 (beta=0.5000) | rho=0.50 | train size=35 ---
f1 shape: (5,)
2025-10-08 14:30:11,877 - INFO - [round 5] pick 1/5: COc1ccc(C(=O)Oc2cccc3oc(C4CC4)cc23)cc1 | UCB=0.8689 | mu=0.2541 | std=0.8694 | f=0.1569
2025-10-08 14:30:11,900 - INFO - [round 5] pick 2/5: Cc1cccc2c(Oc3ccc(C=CC(=O)C=Cc4ccc(F)cc4)cc3)ncnc12 | UCB=0.8604 | mu=0.2395 | std=0.878 | f=0.1318
2025-10-08 14:30:11,923 - INFO - [round 5] pick 3/5: CC(Oc1ccc(C=C2SC(=O)NC2=O)cc1Cl)C1CC1 | UCB=0.8511 | mu=0.2087 | std=0.9085 | f=0.4292
2025-10-08 14:30:11,947 - INFO - [round 5] pick 4/5: N=C(N)Nc1ccc(Oc2ccc(Oc3ccc(NC(=N)N)cc3)cc2)cc1 | UCB=0.8471 | mu=0.2183 | std=0.8891 | f=0.3485
2025-10-08 14:30:11,970 - INFO - [round 5] pick 5/5: N#CC(=Cc1ccco1)C=C1SC(=S)NC1=O | UCB=0.8166 | mu=0.144 | std=0.9512 | f=0.1253
2025-10-08 14:30:11,994 - INFO - Round 5 done in 23.73s; train size=40
2025-10-08 14:30:11,994 - INFO - 
--- Round 6 | trial=1 | sqrt_beta=0.7071 (beta=0.5000) | rho=0.50 | train size=40 ---
f1 shape: (5,)
2025-10-08 14:30:37,722 - INFO - [round 6] pick 1/5: CCOC(=O)COc1ccc(NC(=O)COc2ccc(C=C3SC(=O)NC3=O)cc2)cc1 | UCB=0.8856 | mu=0.2623 | std=0.8814 | f=0.4757
2025-10-08 14:30:37,745 - INFO - [round 6] pick 2/5: COc1ccc(C2C(=O)c3ccc(OC)cc3C2C2CCCCC2)cc1 | UCB=0.8601 | mu=0.2372 | std=0.8809 | f=0.1432
2025-10-08 14:30:37,768 - INFO - [round 6] pick 3/5: CCOc1ccc(C=C2C(=O)NC(=S)NC2=O)cc1Cl | UCB=0.8567 | mu=0.2117 | std=0.9121 | f=0.169
2025-10-08 14:30:37,791 - INFO - [round 6] pick 4/5: Cc1ccc(S(=O)(=O)N(N=C(N)Oc2ccc(Cl)cc2)C(=N)Oc2ccc(Cl)cc2)cc1 | UCB=0.8557 | mu=0.2189 | std=0.9007 | f=0.401
2025-10-08 14:30:37,815 - INFO - [round 6] pick 5/5: O=C1N=C(NC2CC2)SC1=Cc1ccc2ncccc2c1 | UCB=0.8437 | mu=0.1868 | std=0.929 | f=0.1285
2025-10-08 14:30:37,838 - INFO - Round 6 done in 25.84s; train size=45
2025-10-08 14:30:37,838 - INFO - 
--- Round 7 | trial=1 | sqrt_beta=0.7071 (beta=0.5000) | rho=0.50 | train size=45 ---
f1 shape: (5,)
2025-10-08 14:31:05,752 - INFO - [round 7] pick 1/5: O=C1NC(=O)C(=Cc2ccc(OCc3cccs3)cc2)S1 | UCB=0.9081 | mu=0.3103 | std=0.8453 | f=0.4117
2025-10-08 14:31:05,776 - INFO - [round 7] pick 2/5: COC(=O)C(Oc1ccc(Cl)cc1)c1ccc(Oc2ccc(S(C)(=O)=O)cc2)cc1 | UCB=0.8884 | mu=0.2865 | std=0.8512 | f=0.4287
2025-10-08 14:31:05,801 - INFO - [round 7] pick 3/5: COc1cc(C=NNC(=O)Nc2ccc(C)cc2)ccc1O | UCB=0.8566 | mu=0.2193 | std=0.9012 | f=0.1464
2025-10-08 14:31:05,827 - INFO - [round 7] pick 4/5: C=CCOc1ccc(C=C2CCCC(=Cc3ccc(OCC=C)cc3)C2=O)cc1 | UCB=0.8725 | mu=0.2318 | std=0.906 | f=0.3436
2025-10-08 14:31:05,853 - INFO - [round 7] pick 5/5: Cc1cc(C=C2SC(=S)NC2=O)c(C)n1C | UCB=0.8256 | mu=0.1876 | std=0.9022 | f=0.1337
2025-10-08 14:31:05,879 - INFO - Round 7 done in 28.04s; train size=50
2025-10-08 14:31:05,879 - INFO - 
--- Round 8 | trial=1 | sqrt_beta=0.7071 (beta=0.5000) | rho=0.50 | train size=50 ---
f1 shape: (5,)
2025-10-08 14:31:37,767 - INFO - [round 8] pick 1/5: CCc1ccc(OCCCOc2ccc(C=C3SC(=O)NC3=O)cc2)cc1 | UCB=0.9195 | mu=0.376 | std=0.7687 | f=0.4385
2025-10-08 14:31:37,794 - INFO - [round 8] pick 2/5: COc1ccc(OC)c(NP(=O)(Oc2ccc(Cl)cc2)Oc2ccc(Cl)cc2)c1 | UCB=0.8911 | mu=0.2789 | std=0.8658 | f=0.3901
2025-10-08 14:31:37,820 - INFO - [round 8] pick 3/5: COC(=O)c1ccc(NC(=O)COc2ccc(N(C)S(=O)(=O)c3ccc(C)cc3)cc2)cc1 | UCB=0.8858 | mu=0.2941 | std=0.8367 | f=0.4551
2025-10-08 14:31:37,848 - INFO - [round 8] pick 4/5: O=C1NC(=O)C(=Cc2cccc(Cl)c2N2CCNCC2)S1 | UCB=0.855 | mu=0.2177 | std=0.9012 | f=0.4134
2025-10-08 14:31:37,876 - INFO - [round 8] pick 5/5: CCOC(=O)C(Oc1ccc2c(c1)CN(C(=N)N)CC2)c1ccc(OC2CCOCC2)cc1 | UCB=0.8491 | mu=0.203 | std=0.9137 | f=0.1552
2025-10-08 14:31:37,905 - INFO - Round 8 done in 32.03s; train size=55
2025-10-08 14:31:37,905 - INFO - 
--- Round 9 | trial=1 | sqrt_beta=0.7071 (beta=0.5000) | rho=0.50 | train size=55 ---
f1 shape: (5,)
2025-10-08 14:32:11,430 - INFO - [round 9] pick 1/5: COc1ccc(N2C(=O)C(=Cc3ccc(OCc4ccc(C(=O)O)cc4)cc3)SC2=S)cc1 | UCB=0.9211 | mu=0.3275 | std=0.8394 | f=0.1414
2025-10-08 14:32:11,461 - INFO - [round 9] pick 2/5: CCOc1cccc(C=C2SC(=O)NC2=O)c1N1CCCC(N)C1 | UCB=0.8849 | mu=0.2848 | std=0.8487 | f=0.4342
2025-10-08 14:32:11,492 - INFO - [round 9] pick 3/5: O=C(NC(=O)c1c(F)cccc1F)Nc1ccc(S(=O)(=O)Oc2ccc(Cl)cc2)cc1 | UCB=0.8931 | mu=0.2798 | std=0.8674 | f=0.395
2025-10-08 14:32:11,522 - INFO - [round 9] pick 4/5: CCOCCC1(Oc2ccc(Oc3cccc(Cl)c3)cc2)C(=O)NC(=O)C(N)C1=O | UCB=0.8917 | mu=0.2627 | std=0.8895 | f=0.4981
2025-10-08 14:32:11,552 - INFO - [round 9] pick 5/5: COc1ccc(C=C2SC(=Nc3csc(-c4ccc(Cl)cc4)c3)NC2=O)cc1OC | UCB=0.8863 | mu=0.2629 | std=0.8817 | f=0.1453
2025-10-08 14:32:11,583 - INFO - Round 9 done in 33.68s; train size=60
2025-10-08 14:32:11,583 - INFO - 
--- Round 10 | trial=1 | sqrt_beta=0.7071 (beta=0.5000) | rho=0.50 | train size=60 ---
f1 shape: (5,)
2025-10-08 14:32:47,907 - INFO - [round 10] pick 1/5: CN1CCC(NCc2ccc(S(=O)(=O)Nc3ccc(Oc4cccc(Cl)c4)cc3)cc2)CC1 | UCB=0.9273 | mu=0.3228 | std=0.8549 | f=0.1372
2025-10-08 14:32:47,939 - INFO - [round 10] pick 2/5: CC(C)OCCOc1ccc(C=C2SC(=O)NC2=O)cc1 | UCB=0.9056 | mu=0.3669 | std=0.7618 | f=0.1616
2025-10-08 14:32:47,971 - INFO - [round 10] pick 3/5: O=C1NC(=O)C(CC#Cc2ccc(Cl)cc2)(S(=O)(=O)c2ccc(Cl)cc2)S1 | UCB=0.9009 | mu=0.2639 | std=0.9009 | f=0.378
2025-10-08 14:32:48,004 - INFO - [round 10] pick 4/5: CCOc1ccc(NC(=O)CN(c2ccc(OC)cc2)S(=O)(=O)c2cccs2)cc1 | UCB=0.916 | mu=0.3186 | std=0.8448 | f=0.4272
2025-10-08 14:32:48,038 - INFO - [round 10] pick 5/5: O=C1CC(c2c(F)cccc2Cl)C2=C(COC2=O)N1 | UCB=0.8515 | mu=0.1888 | std=0.9372 | f=0.4389
2025-10-08 14:32:48,071 - INFO - Round 10 done in 36.49s; train size=65
2025-10-08 14:32:48,071 - INFO - 
--- Round 11 | trial=1 | sqrt_beta=0.7071 (beta=0.5000) | rho=0.50 | train size=65 ---
f1 shape: (5,)
2025-10-08 14:33:28,143 - INFO - [round 11] pick 1/5: Nc1ccc(Oc2ccc3c(c2)C(=O)NC3=O)cc1 | UCB=0.9173 | mu=0.3012 | std=0.8713 | f=0.3991
2025-10-08 14:33:28,178 - INFO - [round 11] pick 2/5: NC(=O)C1CC2(CC(c3cccc(NC(=O)COc4ccc(Cl)cc4)c3)=NO2)CN1C(=O)COc1ccc(Cl)cc1 | UCB=0.9117 | mu=0.2964 | std=0.8703 | f=0.007365
2025-10-08 14:33:28,213 - INFO - [round 11] pick 3/5: CN(C)c1ccc(C=C2NC(=O)N(S(=O)(=O)c3ccc(Cl)cc3)C2=O)cc1 | UCB=0.9109 | mu=0.2935 | std=0.873 | f=0.3907
2025-10-08 14:33:28,250 - INFO - [round 11] pick 4/5: C=CCOc1cccc(Cl)c1C1OC(=O)NC1=O | UCB=0.8875 | mu=0.2396 | std=0.9163 | f=0.1684
2025-10-08 14:33:28,288 - INFO - [round 11] pick 5/5: O=C1NC(=O)C(=Cc2cc3c(cc2Br)OCO3)S1 | UCB=0.8736 | mu=0.2396 | std=0.8966 | f=0.3216
2025-10-08 14:33:28,325 - INFO - Round 11 done in 40.25s; train size=70
2025-10-08 14:33:28,325 - INFO - 
--- Round 12 | trial=1 | sqrt_beta=0.7071 (beta=0.5000) | rho=0.50 | train size=70 ---
f1 shape: (5,)
2025-10-08 14:34:08,969 - INFO - [round 12] pick 1/5: COc1ccc(S(=O)(=O)N(C)c2ccc(OC(=O)C3=COCCO3)cc2)cc1 | UCB=0.9248 | mu=0.3276 | std=0.8446 | f=0.3944
2025-10-08 14:34:09,008 - INFO - [round 12] pick 2/5: O=C1NC(=O)C(=Cc2ccc(-c3ccc(F)cc3)o2)S1 | UCB=0.9148 | mu=0.3157 | std=0.8474 | f=0.3682
2025-10-08 14:34:09,046 - INFO - [round 12] pick 3/5: CCCS(=O)(=O)Oc1ccc(Oc2ccc(S(=O)(=O)CC3CS3)cc2)cc1 | UCB=0.9235 | mu=0.3066 | std=0.8724 | f=0.3892
2025-10-08 14:34:09,086 - INFO - [round 12] pick 4/5: O=C1CC(c2cccc(Br)c2)C2=C(CCCC2=O)N1 | UCB=0.8774 | mu=0.2308 | std=0.9144 | f=0.3991
2025-10-08 14:34:09,125 - INFO - [round 12] pick 5/5: CN1C(=O)NC(=O)C(C(=O)Nc2ccc(Cl)cc2Cl)C1=O | UCB=0.8762 | mu=0.2241 | std=0.9222 | f=0.1638
2025-10-08 14:34:09,165 - INFO - Round 12 done in 40.84s; train size=75
2025-10-08 14:34:09,165 - INFO - 
--- Round 13 | trial=1 | sqrt_beta=0.7071 (beta=0.5000) | rho=0.50 | train size=75 ---
f1 shape: (5,)
2025-10-08 14:34:52,409 - INFO - [round 13] pick 1/5: O=C1NC(=O)C(c2ccc(Oc3ccc(Br)cc3)cc2)(N2CCNCC2)C(=O)N1 | UCB=0.9215 | mu=0.2997 | std=0.8793 | f=0.1268
2025-10-08 14:34:52,451 - INFO - [round 13] pick 2/5: Cc1cccc(N(C)S(=O)(=O)c2ccc3c(c2)CCC(=O)N3)c1 | UCB=0.916 | mu=0.2771 | std=0.9036 | f=0.4066
2025-10-08 14:34:52,494 - INFO - [round 13] pick 3/5: Cc1ccc2occ(C=C3SC(=O)NC3=O)c(=O)c2c1 | UCB=0.9045 | mu=0.2996 | std=0.8554 | f=0.3956
2025-10-08 14:34:52,536 - INFO - [round 13] pick 4/5: CCN(CC)c1ccc(CN(c2ccc(Cl)cc2)S(=O)(=O)c2ccc(F)cc2)cc1 | UCB=0.9054 | mu=0.3007 | std=0.8553 | f=0.3978
2025-10-08 14:34:52,579 - INFO - [round 13] pick 5/5: CCOc1ccc(NC=C2C(=O)CC(c3ccco3)CC2=O)cc1 | UCB=0.8961 | mu=0.2643 | std=0.8936 | f=0.4099
2025-10-08 14:34:52,624 - INFO - Round 13 done in 43.46s; train size=80
2025-10-08 14:34:52,624 - INFO - 
--- Round 14 | trial=1 | sqrt_beta=0.7071 (beta=0.5000) | rho=0.50 | train size=80 ---
f1 shape: (5,)
2025-10-08 14:35:38,697 - INFO - [round 14] pick 1/5: NS(=O)(=O)c1ccc(NN=C2C(=O)Nc3ccc(Cl)cc32)cc1 | UCB=0.9295 | mu=0.3025 | std=0.8867 | f=0.3946
2025-10-08 14:35:38,742 - INFO - [round 14] pick 2/5: CCCc1ccc(S(=O)(=O)N(Cc2ccc(OCC)cc2)C2CCCCNC2=O)cc1 | UCB=0.9232 | mu=0.304 | std=0.8758 | f=0.4126
2025-10-08 14:35:38,787 - INFO - [round 14] pick 3/5: O=C1NC(=O)C(=Cc2ccc(C=CC(=O)c3cccs3)cc2)S1 | UCB=0.9134 | mu=0.3557 | std=0.7888 | f=0.3914
2025-10-08 14:35:38,833 - INFO - [round 14] pick 4/5: CN(c1ccc(S(C)(=O)=O)cc1)S(=O)(=O)c1cccc(C(=O)Nc2ccc(C#N)cc2)c1 | UCB=0.9285 | mu=0.3333 | std=0.8418 | f=0.3607
2025-10-08 14:35:38,880 - INFO - [round 14] pick 5/5: CCc1cccc2c1C(=O)N(C1CCC(=O)NC1=O)C2=O | UCB=0.89 | mu=0.2412 | std=0.9175 | f=0.417
2025-10-08 14:35:38,927 - INFO - Round 14 done in 46.30s; train size=85
2025-10-08 14:35:38,927 - INFO - 
--- Round 15 | trial=1 | sqrt_beta=0.7071 (beta=0.5000) | rho=0.50 | train size=85 ---
f1 shape: (5,)
2025-10-08 14:36:26,810 - INFO - [round 15] pick 1/5: CCOc1ccc(N(CC(=O)NC2CC2)S(=O)(=O)c2ccc(C)cc2)cc1 | UCB=0.9344 | mu=0.3733 | std=0.7935 | f=0.4222
2025-10-08 14:36:26,859 - INFO - [round 15] pick 2/5: CS(=O)(=O)c1ccc(-c2occ(Cl)c(=O)c2-c2cccs2)cc1 | UCB=0.9299 | mu=0.3015 | std=0.8888 | f=0.3946
2025-10-08 14:36:26,907 - INFO - [round 15] pick 3/5: CCc1cccc2c1NC(=O)C2=O | UCB=0.9107 | mu=0.2755 | std=0.8984 | f=0.1601
2025-10-08 14:36:26,956 - INFO - [round 15] pick 4/5: Cc1ccc2c(c1)C(=O)CCCCC(=O)N2 | UCB=0.9059 | mu=0.2677 | std=0.9025 | f=0.1429
2025-10-08 14:36:27,006 - INFO - [round 15] pick 5/5: O=C(O)CCC(NC(=O)c1cccc(CN(C(=O)C(=O)O)c2ccc(C=C3SC(=O)NC3=O)cc2)c1)C(=O)O | UCB=0.8997 | mu=0.2804 | std=0.8758 | f=0.3873
2025-10-08 14:36:27,057 - INFO - Round 15 done in 48.13s; train size=90
2025-10-08 14:36:27,057 - INFO - 
--- Round 16 | trial=1 | sqrt_beta=0.7071 (beta=0.5000) | rho=0.50 | train size=90 ---
f1 shape: (5,)
2025-10-08 14:37:20,631 - INFO - [round 16] pick 1/5: COc1ccc(S(=O)(=O)N(C(C)=O)c2ccc3oc(=O)sc3c2)cc1 | UCB=0.9425 | mu=0.3415 | std=0.8499 | f=0.3984
2025-10-08 14:37:20,684 - INFO - [round 16] pick 2/5: CCC1(c2ccc(F)cc2)NC(=O)N(CC(=O)Nc2ccc(S(N)(=O)=O)cc2)C1=O | UCB=0.9331 | mu=0.3228 | std=0.8631 | f=0.4007
2025-10-08 14:37:20,738 - INFO - [round 16] pick 3/5: O=C1NC(=O)C(=Cc2cc([N+](=O)[O-])ccc2OCc2ccccc2)S1 | UCB=0.9165 | mu=0.3189 | std=0.8452 | f=0.429
2025-10-08 14:37:20,792 - INFO - [round 16] pick 4/5: CN(c1ccc(Cl)cc1)S(=O)(=O)c1ccc2c(c1)CNCC2 | UCB=0.9263 | mu=0.3229 | std=0.8534 | f=0.3733
2025-10-08 14:37:20,846 - INFO - [round 16] pick 5/5: CNc1nc2c(s1)C(c1cccc(F)c1F)CC(=O)N2 | UCB=0.8752 | mu=0.2232 | std=0.9221 | f=0.4082
2025-10-08 14:37:20,902 - INFO - Round 16 done in 53.85s; train size=95
2025-10-08 14:37:20,902 - INFO - 
--- Round 17 | trial=1 | sqrt_beta=0.7071 (beta=0.5000) | rho=0.50 | train size=95 ---
f1 shape: (5,)
2025-10-08 14:38:14,206 - INFO - [round 17] pick 1/5: COc1ccc(CN(C2CCCNC2=O)S(=O)(=O)c2ccc(Cl)cc2)cc1F | UCB=0.9482 | mu=0.3708 | std=0.8166 | f=0.4067
2025-10-08 14:38:14,264 - INFO - [round 17] pick 2/5: CCCc1cc(=O)oc2cc(OCC(=O)Nc3ccc(S(N)(=O)=O)cc3)ccc12 | UCB=0.9416 | mu=0.36 | std=0.8224 | f=0.4128
2025-10-08 14:38:14,321 - INFO - [round 17] pick 3/5: O=C1NC(=O)C(=Cc2ccccc2[N+](=O)[O-])S1 | UCB=0.9091 | mu=0.3421 | std=0.8018 | f=0.1565
2025-10-08 14:38:14,378 - INFO - [round 17] pick 4/5: Cc1ccc(S(=O)(=O)Oc2cccc(N3C(=O)C4CC=CCC4C3=O)c2)cc1 | UCB=0.9323 | mu=0.3075 | std=0.8836 | f=0.137
2025-10-08 14:38:14,437 - INFO - [round 17] pick 5/5: CCN(CC)c1ccc(C=C2CNCC(=Cc3ccc(N(CC)CC)cc3)C2=O)cc1 | UCB=0.8979 | mu=0.272 | std=0.8852 | f=0.3922
2025-10-08 14:38:14,496 - INFO - Round 17 done in 53.59s; train size=100
2025-10-08 14:38:14,496 - INFO - 
--- Round 18 | trial=1 | sqrt_beta=0.7071 (beta=0.5000) | rho=0.50 | train size=100 ---
f1 shape: (5,)
2025-10-08 14:39:10,607 - INFO - [round 18] pick 1/5: CCN(CC)S(=O)(=O)c1ccc(C(=O)OCC(=O)c2ccc3c(c2)NC(=O)CO3)cc1 | UCB=0.9423 | mu=0.3184 | std=0.8823 | f=0.4652
2025-10-08 14:39:10,667 - INFO - [round 18] pick 2/5: CCc1nnc(NC(=O)c2cc(S(=O)(=O)N(C)c3ccc(OC)cc3)ccc2Cl)s1 | UCB=0.9419 | mu=0.3478 | std=0.8402 | f=0.4405
2025-10-08 14:39:10,728 - INFO - [round 18] pick 3/5: O=C1NC(=O)C(c2cc(Cl)ccc2S(=O)(=O)Nc2ccc(F)cc2)N1 | UCB=0.9311 | mu=0.3204 | std=0.8637 | f=0.3984
2025-10-08 14:39:10,790 - INFO - [round 18] pick 4/5: CCCN(CCc1cccs1)C1CCc2ccc3[nH]cc(C=O)c3c2C1 | UCB=0.8891 | mu=0.2291 | std=0.9335 | f=0.1508
2025-10-08 14:39:10,853 - INFO - [round 18] pick 5/5: O=C1NC(=O)C(=Cc2ccc(OCCC3CCCCC3)c(Br)c2)S1 | UCB=0.8899 | mu=0.3201 | std=0.8058 | f=0.3984
2025-10-08 14:39:10,917 - INFO - Round 18 done in 56.42s; train size=105
2025-10-08 14:39:10,917 - INFO - 
--- Round 19 | trial=1 | sqrt_beta=0.7071 (beta=0.5000) | rho=0.50 | train size=105 ---
f1 shape: (5,)
2025-10-08 14:40:09,597 - INFO - [round 19] pick 1/5: COc1ccc(CNS(=O)(=O)c2ccc3c(c2)NC(=O)CS3)cc1 | UCB=0.9542 | mu=0.3456 | std=0.8606 | f=0.4
2025-10-08 14:40:09,663 - INFO - [round 19] pick 2/5: CCc1cc(=O)oc2c(C)c(OCC(=O)Nc3ccc(S(=O)(=O)N(CC)CC)cc3)ccc12 | UCB=0.9495 | mu=0.3634 | std=0.8289 | f=0.4279
2025-10-08 14:40:09,728 - INFO - [round 19] pick 3/5: O=C1CC(c2ccc(Cl)cc2)n2nc(NS(=O)(=O)c3ccc(F)cc3)nc2N1 | UCB=0.9348 | mu=0.3297 | std=0.8557 | f=0.137
2025-10-08 14:40:09,795 - INFO - [round 19] pick 4/5: CCC1(CC)CC(NC(=O)Nc2ccc3c(c2)NC(=O)CO3)c2cccc(F)c2O1 | UCB=0.9211 | mu=0.29 | std=0.8925 | f=0.1645
2025-10-08 14:40:09,863 - INFO - [round 19] pick 5/5: CCCCOC=Cc1ccc2c(c1)C(=O)N(C1CCC(=O)NC1=O)C2=O | UCB=0.8955 | mu=0.2899 | std=0.8565 | f=0.4256
2025-10-08 14:40:09,931 - INFO - Round 19 done in 59.01s; train size=110
2025-10-08 14:40:09,931 - INFO - 
--- Round 20 | trial=1 | sqrt_beta=0.7071 (beta=0.5000) | rho=0.50 | train size=110 ---
f1 shape: (5,)
2025-10-08 14:41:10,887 - INFO - [round 20] pick 1/5: CCOC1Oc2ccc(CC)cc2C(=O)C1=CNc1ccc(S(N)(=O)=O)cc1 | UCB=0.9525 | mu=0.3444 | std=0.86 | f=0.4174
2025-10-08 14:41:10,956 - INFO - [round 20] pick 2/5: CCN(c1ccc(OC)cc1)S(=O)(=O)c1nnc(NC(=O)COc2ccc(F)cc2)s1 | UCB=0.935 | mu=0.3692 | std=0.8001 | f=0.414
2025-10-08 14:41:11,027 - INFO - [round 20] pick 3/5: CCN(CC)S(=O)(=O)c1cccc(NN=c2c(=O)c3ccccc3c2=O)c1 | UCB=0.9394 | mu=0.3154 | std=0.8825 | f=0.4222
2025-10-08 14:41:11,098 - INFO - [round 20] pick 4/5: CC1(N2C(=O)c3ccc(N)cc3C2=O)CCC(=O)NC1=O | UCB=0.8926 | mu=0.2599 | std=0.8948 | f=0.3812
2025-10-08 14:41:11,171 - INFO - [round 20] pick 5/5: CCOC(=O)Cc1csc(NC(=O)CCNS(=O)(=O)c2ccc3c(c2)CCC(=O)N3)n1 | UCB=0.9147 | mu=0.2832 | std=0.8931 | f=0.4732
2025-10-08 14:41:11,244 - INFO - Round 20 done in 61.31s; train size=115
2025-10-08 14:41:11,244 - INFO - 
--- Round 21 | trial=1 | sqrt_beta=0.7071 (beta=0.5000) | rho=0.50 | train size=115 ---
f1 shape: (5,)
2025-10-08 14:42:14,852 - INFO - [round 21] pick 1/5: CCOc1ccc(NC(=O)CCNS(=O)(=O)c2ccc3c(c2)c(=O)n(C)c(=O)n3C)cc1 | UCB=0.9708 | mu=0.3807 | std=0.8344 | f=0.4226
2025-10-08 14:42:14,928 - INFO - [round 21] pick 2/5: CCN(CC)S(=O)(=O)c1ccc2c3c(cccc13)C(=O)S2 | UCB=0.9457 | mu=0.3193 | std=0.8859 | f=0.417
2025-10-08 14:42:15,003 - INFO - [round 21] pick 3/5: COc1cccc(C(=O)c2sc(Nc3ccc(S(N)(=O)=O)cc3)nc2N)c1 | UCB=0.9478 | mu=0.3494 | std=0.8462 | f=0.4004
2025-10-08 14:42:15,080 - INFO - [round 21] pick 4/5: CCNC(=O)CN(CC)S(=O)(=O)c1c(Br)cc2[nH]c(=O)oc2c1Cl | UCB=0.9192 | mu=0.2619 | std=0.9296 | f=0.1496
2025-10-08 14:42:15,157 - INFO - [round 21] pick 5/5: Cc1ccc(C2C3=C(CCCC3=O)NC3=C2S(=O)(=O)CC3)cc1S(C)(=O)=O | UCB=0.9042 | mu=0.2587 | std=0.9129 | f=0.1437
2025-10-08 14:42:15,237 - INFO - Round 21 done in 63.99s; train size=120
2025-10-08 14:42:15,237 - INFO - 
--- Round 22 | trial=1 | sqrt_beta=0.7071 (beta=0.5000) | rho=0.50 | train size=120 ---
f1 shape: (5,)
2025-10-08 14:43:22,899 - INFO - [round 22] pick 1/5: CCN(CC)S(=O)(=O)c1ccc(NC(=O)COC(=O)CN2C(=O)c3ccccc3C2=O)cc1 | UCB=0.9701 | mu=0.4003 | std=0.8058 | f=0.4757
2025-10-08 14:43:22,980 - INFO - [round 22] pick 2/5: CCOc1ccc(S(=O)(=O)NCCc2ccc(N(C)C)cc2)cc1F | UCB=0.9601 | mu=0.3524 | std=0.8594 | f=0.155
2025-10-08 14:43:23,061 - INFO - [round 22] pick 3/5: CCOC(=O)c1cccc(NC=C2C(=O)Nc3ccc(S(=O)(=O)NC(C)C)cc32)c1 | UCB=0.9518 | mu=0.3292 | std=0.8804 | f=0.4804
2025-10-08 14:43:23,143 - INFO - [round 22] pick 4/5: C#CCn1c(=NC(=O)CN2C(=O)CCC2=O)sc2cc(S(N)(=O)=O)ccc21 | UCB=0.9115 | mu=0.2585 | std=0.9235 | f=0.3679
2025-10-08 14:43:23,225 - INFO - [round 22] pick 5/5: COc1ccc(C=C2CS(=O)(=O)CC(=Cc3ccc([N+](=O)[O-])cc3)C2=O)cc1 | UCB=0.9033 | mu=0.3049 | std=0.8462 | f=0.351
2025-10-08 14:43:23,309 - INFO - Round 22 done in 68.07s; train size=125
2025-10-08 14:43:23,309 - INFO - 
--- Round 23 | trial=1 | sqrt_beta=0.7071 (beta=0.5000) | rho=0.50 | train size=125 ---
f1 shape: (5,)
2025-10-08 14:44:32,224 - INFO - [round 23] pick 1/5: COc1cccc(NC(=O)CCNS(=O)(=O)c2ccc3c(c2)CCCC(=O)N3)c1 | UCB=0.9591 | mu=0.4055 | std=0.783 | f=0.4216
2025-10-08 14:44:32,311 - INFO - [round 23] pick 2/5: CCOC(=O)CCN(Cc1cccs1)S(=O)(=O)c1ccc(F)cc1 | UCB=0.9534 | mu=0.3497 | std=0.8537 | f=0.1645
2025-10-08 14:44:32,397 - INFO - [round 23] pick 3/5: NS(=O)(=O)c1ccc(CN2C(=O)c3ccc([N+](=O)[O-])cc3C2=O)cc1 | UCB=0.9459 | mu=0.3477 | std=0.846 | f=0.3522
2025-10-08 14:44:32,485 - INFO - [round 23] pick 4/5: CCN(CC)c1ccc(NC=C2C(=O)NC(=O)N(c3ccccc3C)C2=O)cc1 | UCB=0.9344 | mu=0.3253 | std=0.8614 | f=0.454
2025-10-08 14:44:32,574 - INFO - [round 23] pick 5/5: CCOC(=O)c1sc(S(C)=NS(=O)(=O)c2cccc(Cl)c2)c2c1CCC=C2 | UCB=0.9321 | mu=0.2876 | std=0.9115 | f=0.4856
2025-10-08 14:44:32,664 - INFO - Round 23 done in 69.35s; train size=130
2025-10-08 14:44:32,664 - INFO - 
--- Round 24 | trial=1 | sqrt_beta=0.7071 (beta=0.5000) | rho=0.50 | train size=130 ---
f1 shape: (5,)
2025-10-08 14:45:43,934 - INFO - [round 24] pick 1/5: CCOc1ccc(NC(=O)Nc2nc3ccc(S(C)(=O)=O)cc3s2)cc1 | UCB=0.9623 | mu=0.3837 | std=0.8183 | f=0.4146
2025-10-08 14:45:44,026 - INFO - [round 24] pick 2/5: COC(=O)c1cccc(NC=C2C(=O)NC(=O)N(Cc3ccc(F)cc3)C2=O)c1 | UCB=0.943 | mu=0.3567 | std=0.8292 | f=0.4438
2025-10-08 14:45:44,119 - INFO - [round 24] pick 3/5: O=S(=O)(c1cccc(Cl)c1)c1ccc2c3c(oc2c1)CCNC3 | UCB=0.9307 | mu=0.305 | std=0.8848 | f=0.1396
2025-10-08 14:45:44,212 - INFO - [round 24] pick 4/5: CCC(CC)CN1CC(=C2SC(=O)NC2=O)c2ccccc2S1(=O)=O | UCB=0.9159 | mu=0.278 | std=0.9021 | f=0.4655
2025-10-08 14:45:44,308 - INFO - [round 24] pick 5/5: CCOC(=O)c1c(NC=C2C(=O)CCCC2=O)sc(C)c1C | UCB=0.9121 | mu=0.2568 | std=0.9268 | f=0.1609
2025-10-08 14:45:44,503 - INFO - Round 24 done in 71.84s; train size=135
2025-10-08 14:45:44,503 - INFO - 
--- Round 25 | trial=1 | sqrt_beta=0.7071 (beta=0.5000) | rho=0.50 | train size=135 ---
f1 shape: (5,)
2025-10-08 14:47:01,222 - INFO - [round 25] pick 1/5: CCCCN(C1=C(Br)c2ccccc2S1(=O)=O)S(=O)(=O)c1ccc(C(=O)OC)cc1 | UCB=0.9659 | mu=0.3626 | std=0.8532 | f=0.4921
2025-10-08 14:47:01,320 - INFO - [round 25] pick 2/5: COc1ccc(NC(=S)NN=C2C(=O)Nc3ccc(S(=O)(=O)O)cc32)cc1 | UCB=0.9617 | mu=0.3859 | std=0.8143 | f=0.3892
2025-10-08 14:47:01,417 - INFO - [round 25] pick 3/5: CCN(CC)S(=O)(=O)c1cccc(C(=O)OCC(=O)NCCN2C(=O)CSC2=O)c1 | UCB=0.9314 | mu=0.3203 | std=0.8641 | f=0.1664
2025-10-08 14:47:01,516 - INFO - [round 25] pick 4/5: Cc1ccc(C=C2C(=O)NC(=O)N(CC3CCCO3)C2=O)s1 | UCB=0.9007 | mu=0.2647 | std=0.8993 | f=0.3857
2025-10-08 14:47:01,616 - INFO - [round 25] pick 5/5: CCOC(=O)C(=CNc1ccc(N(C2=NCC(C)S2)c2ccc(F)c(Cl)c2)cc1)C(=O)OCC | UCB=0.9214 | mu=0.2877 | std=0.8962 | f=0.4872
2025-10-08 14:47:01,717 - INFO - Round 25 done in 77.21s; train size=140
2025-10-08 14:47:01,717 - INFO - 
--- Round 26 | trial=1 | sqrt_beta=0.7071 (beta=0.5000) | rho=0.50 | train size=140 ---
f1 shape: (5,)
2025-10-08 14:48:19,545 - INFO - [round 26] pick 1/5: CCOC(=O)c1cc2c(cc1Cl)SC(N(c1ccc(OC)cc1)S(=O)(=O)c1ccccc1)=NS2(=O)=O | UCB=0.9631 | mu=0.3594 | std=0.8537 | f=0.1826
2025-10-08 14:48:19,649 - INFO - [round 26] pick 2/5: CC(=O)c1ccc(NS(=O)(=O)c2ccc3c(c2)NC(=O)CCS3)cc1 | UCB=0.9561 | mu=0.3704 | std=0.8283 | f=0.3853
2025-10-08 14:48:19,754 - INFO - [round 26] pick 3/5: CCN1C(=O)NC(=O)C(=Cc2cn(CC(=O)O)c3ccccc23)C1=O | UCB=0.9344 | mu=0.3119 | std=0.8805 | f=0.4655
2025-10-08 14:48:19,860 - INFO - [round 26] pick 4/5: O=CN(C=O)c1ccc2c(c1)S(=O)(=O)c1ccccc1C2=O | UCB=0.9423 | mu=0.3084 | std=0.8964 | f=0.3873
2025-10-08 14:48:19,968 - INFO - [round 26] pick 5/5: CCN(CC)S(=O)(=O)c1ccc(C(CC2CCCC2)C(=O)Nc2nc3ccc(OC)nc3s2)cc1 | UCB=0.9315 | mu=0.3219 | std=0.8621 | f=0.1532
2025-10-08 14:48:20,075 - INFO - Round 26 done in 78.36s; train size=145
2025-10-08 14:48:20,076 - INFO - 
--- Round 27 | trial=1 | sqrt_beta=0.7071 (beta=0.5000) | rho=0.50 | train size=145 ---
f1 shape: (5,)
2025-10-08 14:49:38,030 - INFO - [round 27] pick 1/5: NS(=O)(=O)c1ccc(N=C2C(=O)Nc3ccccc32)cc1 | UCB=0.9599 | mu=0.3775 | std=0.8237 | f=0.4273
2025-10-08 14:49:38,140 - INFO - [round 27] pick 2/5: C=CCN1C(=O)c2ccc(C(=O)N(CC)CC(=O)Nc3ccc(OC)cc3)cc2C1=O | UCB=0.9572 | mu=0.3719 | std=0.8277 | f=0.4356
2025-10-08 14:49:38,252 - INFO - [round 27] pick 3/5: COC(=O)c1sccc1S(=O)(=O)N1c2cc(Cl)ccc2NC(=O)C1C | UCB=0.938 | mu=0.309 | std=0.8896 | f=0.4892
2025-10-08 14:49:38,364 - INFO - [round 27] pick 4/5: CCCCN1C(=O)NC(=O)C(=C(C)Nc2ccc3c(c2)CCC3)C1=O | UCB=0.9332 | mu=0.3024 | std=0.892 | f=0.4195
2025-10-08 14:49:38,477 - INFO - [round 27] pick 5/5: CCCCN(c1sc2ccccc2c1Cl)S(=O)(=O)c1ccc(C2=NS(=O)ON2)cc1 | UCB=0.9507 | mu=0.3354 | std=0.8702 | f=0.1609
2025-10-08 14:49:38,591 - INFO - Round 27 done in 78.52s; train size=150
2025-10-08 14:49:38,592 - INFO - 
--- Round 28 | trial=1 | sqrt_beta=0.7071 (beta=0.5000) | rho=0.50 | train size=150 ---
f1 shape: (5,)
2025-10-08 14:51:00,287 - INFO - [round 28] pick 1/5: CCc1ccc(NC(=O)CN2C(=O)C(=O)c3ccccc32)cc1 | UCB=0.964 | mu=0.3794 | std=0.8268 | f=0.451
2025-10-08 14:51:00,405 - INFO - [round 28] pick 2/5: COC(=O)CN(c1ccc(C)cc1)S(=O)(=O)c1ccc2c(c1)n(C)c(=O)c(=O)n2C | UCB=0.9554 | mu=0.3541 | std=0.8503 | f=0.4232
2025-10-08 14:51:00,523 - INFO - [round 28] pick 3/5: C=CCN1C(=O)C(=CNc2cccc([N+](=O)[O-])c2)C(=O)N(CCCC)C1=O | UCB=0.9349 | mu=0.3049 | std=0.8911 | f=0.1479
2025-10-08 14:51:00,642 - INFO - [round 28] pick 4/5: CC(CO)Nc1cc2c(cc1S(=O)(=O)Nc1ccc(F)c(Cl)c1)CCC(=O)N2 | UCB=0.9241 | mu=0.299 | std=0.884 | f=0.3974
2025-10-08 14:51:00,761 - INFO - [round 28] pick 5/5: CCOc1ccc(N=CC2=C3NC=C(C(=O)O)C(=O)N3C(C)CC2)cc1 | UCB=0.9254 | mu=0.2947 | std=0.892 | f=0.4364
2025-10-08 14:51:00,882 - INFO - Round 28 done in 82.29s; train size=155
2025-10-08 14:51:00,882 - INFO - 
--- Round 29 | trial=1 | sqrt_beta=0.7071 (beta=0.5000) | rho=0.50 | train size=155 ---
f1 shape: (5,)
2025-10-08 14:52:24,085 - INFO - [round 29] pick 1/5: CS(=O)(=O)OCc1ccc2c(c1)C(=O)c1ccccc1C2=O | UCB=0.9642 | mu=0.3507 | std=0.8677 | f=0.4355
2025-10-08 14:52:24,209 - INFO - [round 29] pick 2/5: CCOc1ccc(NC(=O)c2cccc3c2C(=O)N(CCOC)C3)cc1 | UCB=0.9579 | mu=0.3635 | std=0.8406 | f=0.4771
2025-10-08 14:52:24,333 - INFO - [round 29] pick 3/5: O=C(O)CN1C(=O)NC(=Cc2cccn2-c2ccc(P(=O)(O)O)cc2)C1=O | UCB=0.9481 | mu=0.3123 | std=0.8992 | f=0.3907
2025-10-08 14:52:24,564 - INFO - [round 29] pick 4/5: Cc1[nH]c(C=C2C(=O)Nc3ccc(S(N)(=O)=O)cc32)c(C)c1CCC(=O)O | UCB=0.9319 | mu=0.3069 | std=0.8839 | f=0.4256
2025-10-08 14:52:24,691 - INFO - [round 29] pick 5/5: CCC1=C(OC)C(=O)C2=C(NCCS2(=O)=O)C1=O | UCB=0.9069 | mu=0.2452 | std=0.9358 | f=0.1358
2025-10-08 14:52:24,818 - INFO - Round 29 done in 83.94s; train size=160
2025-10-08 14:52:24,819 - INFO - 
--- Round 30 | trial=1 | sqrt_beta=0.7071 (beta=0.5000) | rho=0.50 | train size=160 ---
f1 shape: (5,)
2025-10-08 14:53:54,871 - INFO - [round 30] pick 1/5: CCOc1ccc(NC(=O)CN2C(=O)C(=C3SC(=S)C(CCS(=O)(=O)O)C3=O)c3ccccc32)cc1 | UCB=0.9724 | mu=0.396 | std=0.8152 | f=0.1628
2025-10-08 14:53:55,002 - INFO - [round 30] pick 2/5: CN(C)CCNS(=O)(=O)c1ccc2c3c(cccc13)C(=O)N2 | UCB=0.9539 | mu=0.3421 | std=0.8652 | f=0.4237
2025-10-08 14:53:55,133 - INFO - [round 30] pick 3/5: C=CCN1C(=O)NC(=O)C(=C(C)Nc2ccc(NC(C)=O)cc2)C1=O | UCB=0.9575 | mu=0.3619 | std=0.8422 | f=0.1556
2025-10-08 14:53:55,266 - INFO - [round 30] pick 4/5: O=C(c1cc2c(s1)CCC2)N1C(=O)c2ccccc2S1(=O)=O | UCB=0.936 | mu=0.3125 | std=0.8818 | f=0.1508
2025-10-08 14:53:55,399 - INFO - [round 30] pick 5/5: CCOc1ccc2c(c1)sc(=NS(=O)(=O)c1ccc(OC)cc1)n2C(F)F | UCB=0.9409 | mu=0.3402 | std=0.8494 | f=0.4114
2025-10-08 14:53:55,534 - INFO - Round 30 done in 90.72s; train size=165
2025-10-08 14:53:55,534 - INFO - 
--- Round 31 | trial=1 | sqrt_beta=0.7071 (beta=0.5000) | rho=0.50 | train size=165 ---
f1 shape: (5,)
2025-10-08 14:55:24,455 - INFO - [round 31] pick 1/5: CCCCn1cc(S(=O)(=O)c2ccc(OC)cc2)c(=O)c2cc(CC)ccc21 | UCB=0.9641 | mu=0.3737 | std=0.8349 | f=0.428
2025-10-08 14:55:24,593 - INFO - [round 31] pick 2/5: CNc1ccc(C=C2C(=O)Nc3ccc(I)cc32)cc1 | UCB=0.9588 | mu=0.3573 | std=0.8507 | f=0.3682
2025-10-08 14:55:24,731 - INFO - [round 31] pick 3/5: COC(=O)CCC(=O)Nc1cccc2c1C(=O)C(=O)c1ccccc1-2 | UCB=0.9524 | mu=0.341 | std=0.8647 | f=0.4851
2025-10-08 14:55:24,869 - INFO - [round 31] pick 4/5: CCOC(=O)c1cnc(-c2cc(S(=O)(=O)N(C)C)ccc2OCC)[nH]c1=O | UCB=0.9422 | mu=0.3222 | std=0.8768 | f=0.1839
2025-10-08 14:55:25,009 - INFO - [round 31] pick 5/5: CCN1CCCC1CNC(=O)c1ccc2c(c1)NC(=O)C(=Cc1cccc(F)c1F)S2 | UCB=0.9305 | mu=0.3056 | std=0.8837 | f=0.1518
2025-10-08 14:55:25,151 - INFO - Round 31 done in 89.62s; train size=170
2025-10-08 14:55:25,151 - INFO - 
--- Round 32 | trial=1 | sqrt_beta=0.7071 (beta=0.5000) | rho=0.50 | train size=170 ---
f1 shape: (5,)
2025-10-08 14:56:59,046 - INFO - [round 32] pick 1/5: COC(=O)c1ccc(NCC2=CC(=O)c3ccccc3C2=O)cc1 | UCB=0.9742 | mu=0.3881 | std=0.8289 | f=0.4783
2025-10-08 14:56:59,191 - INFO - [round 32] pick 2/5: Cc1ccc(NS(=O)(=O)c2ccc3c(c2)CC(=O)N3)cc1Cl | UCB=0.9534 | mu=0.363 | std=0.835 | f=0.4237
2025-10-08 14:56:59,336 - INFO - [round 32] pick 3/5: CCc1cccc(C(C)CC)c1NC(=O)CC1C(=O)Nc2ccccc2S1(=O)=O | UCB=0.9443 | mu=0.3197 | std=0.8832 | f=0.486
2025-10-08 14:56:59,483 - INFO - [round 32] pick 4/5: CCN1C(=O)NC(=O)C(=Cc2ccc(N3CCOCC3)cc2OC)C1=O | UCB=0.9212 | mu=0.3185 | std=0.8523 | f=0.4035
2025-10-08 14:56:59,630 - INFO - [round 32] pick 5/5: CCOC(=O)C(=O)C=C(O)c1ccc2c(c1)c(=O)c(C(O)=CC(=O)C(=O)OCC)cn2Cc1ccc(F)cc1 | UCB=0.9214 | mu=0.2965 | std=0.8838 | f=0.4325
2025-10-08 14:56:59,779 - INFO - Round 32 done in 94.63s; train size=175
2025-10-08 14:56:59,779 - INFO - 
--- Round 33 | trial=1 | sqrt_beta=0.7071 (beta=0.5000) | rho=0.50 | train size=175 ---
f1 shape: (5,)
2025-10-08 14:58:36,250 - INFO - [round 33] pick 1/5: COC(=O)c1ccc(OC(=O)CN2C(=O)c3ccccc3C2=O)cc1 | UCB=0.9725 | mu=0.4344 | std=0.761 | f=0.5064
2025-10-08 14:58:36,402 - INFO - [round 33] pick 2/5: CC(C)Cc1cccc2c1C(=NNc1ccc(S(N)(=O)=O)cc1)C(=O)N2 | UCB=0.9621 | mu=0.4057 | std=0.7869 | f=0.405
2025-10-08 14:58:36,556 - INFO - [round 33] pick 3/5: CCN(CC)c1ccc(NC(=O)CC2Oc3ccccc3NC2=O)c(C)c1 | UCB=0.957 | mu=0.3444 | std=0.8664 | f=0.5041
2025-10-08 14:58:36,711 - INFO - [round 33] pick 4/5: O=Cc1cc2c(s1)C(=O)c1sccc1C2=O | UCB=0.9073 | mu=0.254 | std=0.9239 | f=0.3303
2025-10-08 14:58:36,866 - INFO - [round 33] pick 5/5: CCC(=O)N1CCc2cc(Br)cc(S(=O)(=O)CCC(=O)Nc3ccc(CC)cc3)c21 | UCB=0.9408 | mu=0.3267 | std=0.8685 | f=0.4303
2025-10-08 14:58:37,023 - INFO - Round 33 done in 97.24s; train size=180
2025-10-08 14:58:37,023 - INFO - 
--- Round 34 | trial=1 | sqrt_beta=0.7071 (beta=0.5000) | rho=0.50 | train size=180 ---
f1 shape: (5,)
2025-10-08 15:00:12,925 - INFO - [round 34] pick 1/5: COC(=O)c1ccc(NC(=O)CC2Nc3cc(C)c(C)cc3NC2=O)cc1 | UCB=0.9855 | mu=0.3888 | std=0.844 | f=0.5062
2025-10-08 15:00:13,085 - INFO - [round 34] pick 2/5: CCN(CC)CCNc1cccc2c1C(=O)c1ccccc1C2=O | UCB=0.9645 | mu=0.3722 | std=0.8376 | f=0.4564
2025-10-08 15:00:13,251 - INFO - [round 34] pick 3/5: CCOc1ccc(N2CC(=O)Nc3ccccc3NCC2=O)cc1 | UCB=0.9632 | mu=0.3611 | std=0.8516 | f=0.4545
2025-10-08 15:00:13,414 - INFO - [round 34] pick 4/5: CCc1ccc(NC(=O)c2sccc2S(=O)(=O)Nc2onc(C)c2Br)cc1 | UCB=0.9545 | mu=0.343 | std=0.8647 | f=0.4004
2025-10-08 15:00:13,579 - INFO - [round 34] pick 5/5: CCS(=O)(=O)c1ccccc1Cc1c2c(n(CC(=O)O)c1C)CCNC2=O | UCB=0.9482 | mu=0.3173 | std=0.8922 | f=0.4771
2025-10-08 15:00:13,745 - INFO - Round 34 done in 96.72s; train size=185
2025-10-08 15:00:13,745 - INFO - 
--- Round 35 | trial=1 | sqrt_beta=0.7071 (beta=0.5000) | rho=0.50 | train size=185 ---
f1 shape: (5,)
2025-10-08 15:01:54,417 - INFO - [round 35] pick 1/5: CCOc1ccccc1C(=O)Nc1ccc2c(c1)C(=O)NC2=O | UCB=0.9798 | mu=0.3942 | std=0.8282 | f=0.4845
2025-10-08 15:01:54,585 - INFO - [round 35] pick 2/5: CC1CN(S(=O)(=O)c2ccc(NC(=O)CCN3C(=O)c4ccccc4C3=O)cc2)CC(C)O1 | UCB=0.9728 | mu=0.3928 | std=0.8202 | f=0.1533
2025-10-08 15:01:54,752 - INFO - [round 35] pick 3/5: CCOC(=O)c1ccc(N=c2sc(C(=O)OC)cc(=O)n2Cc2ccco2)cc1 | UCB=0.9614 | mu=0.3439 | std=0.8733 | f=0.5313
2025-10-08 15:01:54,923 - INFO - [round 35] pick 4/5: CCN(CC)CCNC(=O)c1ccc(C=C2C(=O)Nc3cccnc32)[nH]c1=O | UCB=0.9519 | mu=0.324 | std=0.8879 | f=0.4472
2025-10-08 15:01:55,095 - INFO - [round 35] pick 5/5: CCc1ccc2c(c1)NC(=O)C2(C)Cc1ccccc1Cl | UCB=0.964 | mu=0.3406 | std=0.8816 | f=0.5092
2025-10-08 15:01:55,269 - INFO - Round 35 done in 101.52s; train size=190
2025-10-08 15:01:55,269 - INFO - 
--- Round 36 | trial=1 | sqrt_beta=0.7071 (beta=0.5000) | rho=0.50 | train size=190 ---
f1 shape: (5,)
2025-10-08 15:03:39,449 - INFO - [round 36] pick 1/5: CCc1cc2c(C(=O)OC)cccc2c2c1C(=O)NC2=O | UCB=0.9936 | mu=0.3793 | std=0.8688 | f=0.5115
2025-10-08 15:03:39,627 - INFO - [round 36] pick 2/5: CCOc1ccc(NC(=O)C(=O)C2C(=O)Nc3ccccc3[S+]2[O-])cc1 | UCB=0.9836 | mu=0.4063 | std=0.8165 | f=0.4896
2025-10-08 15:03:39,803 - INFO - [round 36] pick 3/5: CCCC(=O)Nc1ccc2c(c1)C(=O)c1cc(NC(=O)CCC)ccc1-2 | UCB=0.9797 | mu=0.3659 | std=0.8681 | f=0.4472
2025-10-08 15:03:39,983 - INFO - [round 36] pick 4/5: O=C(O)c1ccc2c(c1)NC(=O)C(CSCc1ccccc1Cl)N2 | UCB=0.9751 | mu=0.36 | std=0.8698 | f=0.5
2025-10-08 15:03:40,164 - INFO - [round 36] pick 5/5: CCOC(=O)C=c1sc(=Cc2ccc(C#N)cc2)c(=O)n1CC(=O)NCc1ccco1 | UCB=0.9614 | mu=0.3404 | std=0.8782 | f=0.4521
2025-10-08 15:03:40,346 - INFO - Round 36 done in 105.08s; train size=195
2025-10-08 15:03:40,346 - INFO - 
--- Round 37 | trial=1 | sqrt_beta=0.7071 (beta=0.5000) | rho=0.50 | train size=195 ---
f1 shape: (5,)
2025-10-08 15:05:24,805 - INFO - [round 37] pick 1/5: CCc1ccc(Cn2c(=O)c(C(=O)OC)cc3c([N+](=O)[O-])cccc32)cc1 | UCB=0.9972 | mu=0.3971 | std=0.8487 | f=0.4648
2025-10-08 15:05:24,991 - INFO - [round 37] pick 2/5: O=C(CC1Sc2ccccc2NC1=O)NNc1ccc(Cl)c(Cl)c1 | UCB=0.9869 | mu=0.3678 | std=0.8756 | f=0.4783
2025-10-08 15:05:25,176 - INFO - [round 37] pick 3/5: CCOC(=O)COC1=C(CC(=O)OCC)C(=O)c2ccccc2C1=O | UCB=0.9775 | mu=0.3782 | std=0.8476 | f=0.2066
2025-10-08 15:05:25,363 - INFO - [round 37] pick 4/5: CN(C)CCNC(=O)c1ccc2c(c1)NC(=O)C(CS(=O)(=O)Cc1cccc(Br)c1)N2 | UCB=0.9858 | mu=0.3796 | std=0.8574 | f=0.4356
2025-10-08 15:05:25,558 - INFO - [round 37] pick 5/5: CCc1ccccc1C=C1CCc2cc(OC)ccc2C1=O | UCB=0.9809 | mu=0.3739 | std=0.8585 | f=0.4434
2025-10-08 15:05:25,753 - INFO - Round 37 done in 105.41s; train size=200
2025-10-08 15:05:25,753 - INFO - 
--- Round 38 | trial=1 | sqrt_beta=0.7071 (beta=0.5000) | rho=0.50 | train size=200 ---
f1 shape: (5,)
2025-10-08 15:07:16,674 - INFO - [round 38] pick 1/5: Cc1ccc(NC(=O)CCNC(=O)N2CC(=O)Nc3ccccc32)cc1Cl | UCB=0.9981 | mu=0.4028 | std=0.8419 | f=0.5041
2025-10-08 15:07:16,869 - INFO - [round 38] pick 2/5: COc1ccc(C(=O)Oc2ccc(CC3NC(=S)NC3=O)cc2)c(OC)c1 | UCB=0.9847 | mu=0.384 | std=0.8495 | f=0.4629
2025-10-08 15:07:17,065 - INFO - [round 38] pick 3/5: COC(=O)c1ccccc1Cc1ccc2c(c1O)C(=O)c1sccc1C2=O | UCB=0.9858 | mu=0.3782 | std=0.8594 | f=0.1703
2025-10-08 15:07:17,263 - INFO - [round 38] pick 4/5: CCc1ccc2c(c1)C(CCNC(=O)Cc1cccc(F)c1)C(=O)N2 | UCB=0.9942 | mu=0.38 | std=0.8687 | f=0.4724
2025-10-08 15:07:17,585 - INFO - [round 38] pick 5/5: CCS(=O)(=O)c1nc(S(=O)(=O)c2ccc(Cl)cc2)c(NCc2ccco2)s1 | UCB=0.9519 | mu=0.3421 | std=0.8623 | f=0.4004
2025-10-08 15:07:17,786 - INFO - Round 38 done in 112.03s; train size=205
2025-10-08 15:07:17,786 - INFO - 
--- Round 39 | trial=1 | sqrt_beta=0.7071 (beta=0.5000) | rho=0.50 | train size=205 ---
f1 shape: (5,)
2025-10-08 15:09:11,950 - INFO - [round 39] pick 1/5: CCCCC12CC1(C(=O)Nc1ccccc1C#N)C(=O)Nc1ccc(Cl)cc12 | UCB=0.9957 | mu=0.3704 | std=0.8843 | f=0.1758
2025-10-08 15:09:12,153 - INFO - [round 39] pick 2/5: CCC(NCc1ccco1)=C1C(=O)NC(=O)N(c2ccc(C)cc2)C1=O | UCB=0.9927 | mu=0.3952 | std=0.845 | f=0.4364
2025-10-08 15:09:12,356 - INFO - [round 39] pick 3/5: CCc1cc(C(=O)OC)c(NC(=O)CC2Sc3ccc(C(F)(F)F)cc3NC2=O)s1 | UCB=0.9799 | mu=0.3595 | std=0.8774 | f=0.4921
2025-10-08 15:09:12,561 - INFO - [round 39] pick 4/5: NCCCC(=O)OC1N=C(c2ccccc2Cl)c2cc(Br)ccc2NC1=O | UCB=0.9935 | mu=0.3757 | std=0.8737 | f=0.5345
2025-10-08 15:09:12,769 - INFO - [round 39] pick 5/5: O=C1CCC(C(=O)Nc2ccc(=O)n(Cc3ccc(Cl)c(Cl)c3)c2)N1 | UCB=0.9757 | mu=0.3522 | std=0.8818 | f=0.4195
2025-10-08 15:09:12,979 - INFO - Round 39 done in 115.19s; train size=210
2025-10-08 15:09:44,312 - INFO - 
--- Round 0 | trial=1 | sqrt_beta=1.0000 (beta=1.0000) | rho=0.50 | train size=10 ---
f1 shape: (5,)
2025-10-08 15:09:56,350 - INFO - [round 0] pick 1/5: COc1cccc(C=CC(=O)OCC(=O)NCC2CCCO2)c1 | UCB=1.093 | mu=0.1599 | std=0.9328 | f=0.1611
2025-10-08 15:09:56,351 - INFO - [round 0] pick 2/5: O=C(C=Cc1ccc(O)cc1)c1ccc(F)cc1 | UCB=1.088 | mu=0.1594 | std=0.9282 | f=0.1237
2025-10-08 15:09:56,352 - INFO - [round 0] pick 3/5: O=C(C(=O)c1ccc(C(=O)c2ccc(C(=O)C(=O)c3ccc(Sc4ccccc4)cc3)cc2)cc1)c1ccc(Sc2ccccc2)cc1 | UCB=1.064 | mu=0.1046 | std=0.9594 | f=4.156e-05
2025-10-08 15:09:56,353 - INFO - [round 0] pick 4/5: CC(=O)NC(C)C#Cc1cnc(Oc2ccc(OC(=O)NC(C)C)cc2)s1 | UCB=1.067 | mu=0.1033 | std=0.9634 | f=0.1473
2025-10-08 15:09:56,354 - INFO - [round 0] pick 5/5: COC(=O)C=C(C)C=C(F)C=C(C)C=Cc1c(C)cc(OC)c(C)c1C | UCB=1.06 | mu=0.07764 | std=0.9823 | f=0.006868
2025-10-08 15:09:56,355 - INFO - Round 0 done in 12.04s; train size=15
2025-10-08 15:09:56,355 - INFO - 
--- Round 1 | trial=1 | sqrt_beta=1.0000 (beta=1.0000) | rho=0.50 | train size=15 ---
f1 shape: (5,)
2025-10-08 15:10:10,730 - INFO - [round 1] pick 1/5: COc1cccc(NC(=O)NC2CCC(Oc3ccc(F)cc3)CC2)c1 | UCB=1.074 | mu=0.1559 | std=0.9177 | f=0.378
2025-10-08 15:10:10,732 - INFO - [round 1] pick 2/5: O=C(C=Cc1ccc2c(c1)OCO2)Oc1coc(CO)cc1=O | UCB=1.056 | mu=0.105 | std=0.9505 | f=0.3795
2025-10-08 15:10:10,734 - INFO - [round 1] pick 3/5: c1cc(C(=C2CCCCC2)c2ccc(OCCN3CCCCCC3)cc2)ccc1OCCN1CCCCCC1 | UCB=1.054 | mu=0.08646 | std=0.9676 | f=0.006035
2025-10-08 15:10:10,735 - INFO - [round 1] pick 4/5: CCC1OC(=O)C(C)C(=O)C(C)C(OC2OC(C)CC(N(C)C)C2O)C(C)(OC)CC(C)C(=NOCC=Cc2cccc(OC)c2)C(C)C(O)C1(C)O | UCB=1.051 | mu=0.08136 | std=0.9692 | f=0.359
2025-10-08 15:10:10,737 - INFO - [round 1] pick 5/5: COC(C(=O)O)C(N)C(=O)O | UCB=1.035 | mu=0.0468 | std=0.9879 | f=4.025e-05
2025-10-08 15:10:10,739 - INFO - Round 1 done in 14.38s; train size=20
2025-10-08 15:10:10,739 - INFO - 
--- Round 2 | trial=1 | sqrt_beta=1.0000 (beta=1.0000) | rho=0.50 | train size=20 ---
f1 shape: (5,)
2025-10-08 15:10:28,162 - INFO - [round 2] pick 1/5: COc1cccc(NC(=O)Nc2ccc3c(c2)OCO3)c1 | UCB=1.126 | mu=0.2388 | std=0.8875 | f=0.3873
2025-10-08 15:10:28,164 - INFO - [round 2] pick 2/5: CC1CCC2(OC1)OC1CC3C4CC=C5CC(OC6OC(CO)C(O)C(O)C6NC(=O)C=Cc6cccc(Cl)c6)CCC5(C)C4CCC3(C)C1C2C | UCB=1.094 | mu=0.1307 | std=0.9632 | f=4.467e-12
2025-10-08 15:10:28,167 - INFO - [round 2] pick 3/5: O=c1cc(CO)occ1OCc1c(F)cccc1Cl | UCB=1.099 | mu=0.1718 | std=0.9271 | f=0.166
2025-10-08 15:10:28,169 - INFO - [round 2] pick 4/5: COc1ccc(C2OCC(C(O)c3ccc(OC)c(OC)c3)CC2CC=Cc2ccc(OC)c(OC)c2)cc1 | UCB=1.093 | mu=0.1482 | std=0.9443 | f=0.1305
2025-10-08 15:10:28,172 - INFO - [round 2] pick 5/5: C=C1C(=O)C23C(OC(=O)c4ccc(F)cc4)C1CCC2C12COC3(O)C(O)C1C(C)(C)CCC2O | UCB=1.091 | mu=0.1391 | std=0.9517 | f=3.953e-08
2025-10-08 15:10:28,175 - INFO - Round 2 done in 17.44s; train size=25
2025-10-08 15:10:28,175 - INFO - 
--- Round 3 | trial=1 | sqrt_beta=1.0000 (beta=1.0000) | rho=0.50 | train size=25 ---
f1 shape: (5,)
2025-10-08 15:10:48,191 - INFO - [round 3] pick 1/5: COc1cccc(C2CC(=O)c3cc4c(cc3N2)OCO4)c1 | UCB=1.119 | mu=0.2111 | std=0.9074 | f=0.1452
2025-10-08 15:10:48,194 - INFO - [round 3] pick 2/5: COc1ccc(O)c(C=NNC(=S)Nc2cccc(S(=O)(=O)N(C)C)c2)c1 | UCB=1.109 | mu=0.1824 | std=0.9263 | f=0.1437
2025-10-08 15:10:48,198 - INFO - [round 3] pick 3/5: Cc1nc(Nc2ccc(Cl)c(Cl)c2)sc1C(C=Cc1ccc2c(c1)OCO2)=NNc1ccc([N+](=O)[O-])cc1[N+](=O)[O-] | UCB=1.099 | mu=0.1675 | std=0.9311 | f=0.006228
2025-10-08 15:10:48,202 - INFO - [round 3] pick 4/5: CCC(C)NC(=O)Nc1cccc(OCC#N)c1 | UCB=1.092 | mu=0.1619 | std=0.9299 | f=0.007443
2025-10-08 15:10:48,206 - INFO - [round 3] pick 5/5: NS(=O)(=O)NCC1COc2cc(F)ccc2O1 | UCB=1.081 | mu=0.1164 | std=0.9645 | f=0.1259
2025-10-08 15:10:48,210 - INFO - Round 3 done in 20.03s; train size=30
2025-10-08 15:10:48,210 - INFO - 
--- Round 4 | trial=1 | sqrt_beta=1.0000 (beta=1.0000) | rho=0.50 | train size=30 ---
f1 shape: (5,)
2025-10-08 15:11:10,416 - INFO - [round 4] pick 1/5: COc1cccc(C=Cc2cc(OC)cc(OC)c2)c1 | UCB=1.098 | mu=0.1979 | std=0.8999 | f=0.1495
2025-10-08 15:11:10,421 - INFO - [round 4] pick 2/5: O=C(Nc1ccc2c(c1)OCO2)NC1CCN(c2ccnc(Nc3ccc(F)cc3)n2)C1 | UCB=1.083 | mu=0.1972 | std=0.8861 | f=0.005885
2025-10-08 15:11:10,426 - INFO - [round 4] pick 3/5: COc1ccc2c(c1)[n+]([O-])c(C(=O)c1ccco1)c(C(F)(F)F)[n+]2[O-] | UCB=1.082 | mu=0.1485 | std=0.9338 | f=0.3883
2025-10-08 15:11:10,431 - INFO - [round 4] pick 4/5: OCc1ccc2cc1OCC#CC=CC#CCO2 | UCB=1.057 | mu=0.09052 | std=0.9668 | f=0.1062
2025-10-08 15:11:10,437 - INFO - [round 4] pick 5/5: O=C1C=C(NC2CC2)C(=O)C=C1NC1CC1 | UCB=1.05 | mu=0.07989 | std=0.9702 | f=0.2835
2025-10-08 15:11:10,442 - INFO - Round 4 done in 22.23s; train size=35
2025-10-08 15:11:10,442 - INFO - 
--- Round 5 | trial=1 | sqrt_beta=1.0000 (beta=1.0000) | rho=0.50 | train size=35 ---
f1 shape: (5,)
2025-10-08 15:11:35,512 - INFO - [round 5] pick 1/5: COc1ccc(OC(=O)C=Cc2ccccc2C(F)(F)F)cc1 | UCB=1.115 | mu=0.234 | std=0.8806 | f=0.1539
2025-10-08 15:11:35,518 - INFO - [round 5] pick 2/5: COc1ccc2c(c1)C1(CCO2)NC(=O)NC1=O | UCB=1.099 | mu=0.168 | std=0.9314 | f=0.3913
2025-10-08 15:11:35,524 - INFO - [round 5] pick 3/5: COc1cccc(N(C(=O)CNC(=O)c2ccco2)C(C(=O)NC2CCCC2)c2ccco2)c1 | UCB=1.099 | mu=0.1819 | std=0.9171 | f=0.1431
2025-10-08 15:11:35,531 - INFO - [round 5] pick 4/5: COC(=O)c1c(C(C)(C)C)[n+]([O-])c2cc(C)c(C)cc2[n+]1[O-] | UCB=1.072 | mu=0.1281 | std=0.9443 | f=0.1541
2025-10-08 15:11:35,538 - INFO - [round 5] pick 5/5: O=c1[nH]c(=O)n(C2COC(CO)O2)cc1C(F)(F)F | UCB=1.064 | mu=0.09371 | std=0.9705 | f=0.1012
2025-10-08 15:11:35,545 - INFO - Round 5 done in 25.10s; train size=40
2025-10-08 15:11:35,545 - INFO - 
--- Round 6 | trial=1 | sqrt_beta=1.0000 (beta=1.0000) | rho=0.50 | train size=40 ---
f1 shape: (5,)
2025-10-08 15:12:03,036 - INFO - [round 6] pick 1/5: COc1ccc2c(c1)OCC(=O)N2O | UCB=1.116 | mu=0.2027 | std=0.9136 | f=0.1307
2025-10-08 15:12:03,044 - INFO - [round 6] pick 2/5: COc1cccc(C(=O)OC2=C3CCC(=O)C3(C)CCC2=O)c1 | UCB=1.114 | mu=0.2028 | std=0.9114 | f=0.4415
2025-10-08 15:12:03,052 - INFO - [round 6] pick 3/5: CC1CC2(NC(=O)NC2=O)c2cc(Cl)c[n+]([O-])c2O1 | UCB=1.098 | mu=0.1582 | std=0.9397 | f=0.3627
2025-10-08 15:12:03,060 - INFO - [round 6] pick 4/5: COc1cc(C=CC(=O)ON=Cc2ccco2)cc2c1OCO2 | UCB=1.096 | mu=0.1813 | std=0.9143 | f=0.378
2025-10-08 15:12:03,069 - INFO - [round 6] pick 5/5: NC1CCC(Oc2ccc3c(=O)[nH]ccc3c2)C1 | UCB=1.094 | mu=0.1547 | std=0.939 | f=0.3627
2025-10-08 15:12:03,078 - INFO - Round 6 done in 27.53s; train size=45
2025-10-08 15:12:03,078 - INFO - 
--- Round 7 | trial=1 | sqrt_beta=1.0000 (beta=1.0000) | rho=0.50 | train size=45 ---
f1 shape: (5,)
2025-10-08 15:12:33,829 - INFO - [round 7] pick 1/5: COc1ccc(CC2(C)NC(=O)NC2=O)c(OC)c1 | UCB=1.139 | mu=0.2472 | std=0.8915 | f=0.1622
2025-10-08 15:12:33,839 - INFO - [round 7] pick 2/5: O=C(Oc1ccc(N2C(=O)CCC2=O)cc1)c1ccco1 | UCB=1.138 | mu=0.2301 | std=0.9075 | f=0.3889
2025-10-08 15:12:33,849 - INFO - [round 7] pick 3/5: COc1ccc(C=C2SC(=O)NC2=O)cc1OC1CCCC1 | UCB=1.138 | mu=0.2109 | std=0.9271 | f=0.4082
2025-10-08 15:12:33,860 - INFO - [round 7] pick 4/5: CC1CC2OC2CCC=CC(=O)Cc2cc(O)cc(O)c2C(=O)O1 | UCB=1.11 | mu=0.1607 | std=0.9493 | f=0.3282
2025-10-08 15:12:33,871 - INFO - [round 7] pick 5/5: COc1cccc(NC(=N)NC23CC4CC(CC(C4)C2)C3)c1 | UCB=1.104 | mu=0.1863 | std=0.9178 | f=0.006081
2025-10-08 15:12:33,882 - INFO - Round 7 done in 30.80s; train size=50
2025-10-08 15:12:33,882 - INFO - 
--- Round 8 | trial=1 | sqrt_beta=1.0000 (beta=1.0000) | rho=0.50 | train size=50 ---
f1 shape: (5,)
2025-10-08 15:13:07,847 - INFO - [round 8] pick 1/5: O=C1Nc2cc3c(cc2C1=O)CCC3 | UCB=1.145 | mu=0.1988 | std=0.9467 | f=0.3381
2025-10-08 15:13:07,859 - INFO - [round 8] pick 2/5: COc1cccc(N=C2C(Cl)=C(O)OC2OC(=O)c2ccco2)c1 | UCB=1.14 | mu=0.252 | std=0.8877 | f=0.4564
2025-10-08 15:13:07,871 - INFO - [round 8] pick 3/5: O=C1C(=Cc2ccco2)SC(=S)N1C1CCS(=O)(=O)C1 | UCB=1.135 | mu=0.1847 | std=0.9501 | f=0.3149
2025-10-08 15:13:07,884 - INFO - [round 8] pick 4/5: COC(=O)c1cc(OC2CCOC2=O)cc2c1OC(C)(C)O2 | UCB=1.136 | mu=0.2037 | std=0.9323 | f=0.4237
2025-10-08 15:13:07,897 - INFO - [round 8] pick 5/5: O=C1NC(=O)C(=Cc2cccc([N+](=O)[O-])c2)N1 | UCB=1.135 | mu=0.2001 | std=0.935 | f=0.1416
2025-10-08 15:13:07,911 - INFO - Round 8 done in 34.03s; train size=55
2025-10-08 15:13:07,911 - INFO - 
--- Round 9 | trial=1 | sqrt_beta=1.0000 (beta=1.0000) | rho=0.50 | train size=55 ---
f1 shape: (5,)
2025-10-08 15:13:43,729 - INFO - [round 9] pick 1/5: CC(=O)Oc1cc(O)c2c(c1)CC(C)OC2=O | UCB=1.163 | mu=0.2463 | std=0.9171 | f=0.1371
2025-10-08 15:13:43,743 - INFO - [round 9] pick 2/5: O=C1COc2ccc(C(=O)COC(=O)c3ccco3)cc2N1 | UCB=1.161 | mu=0.2645 | std=0.8962 | f=0.4549
2025-10-08 15:13:43,758 - INFO - [round 9] pick 3/5: Cc1c(C)c2ccc(OC3CCCCC3=O)cc2oc1=O | UCB=1.155 | mu=0.2401 | std=0.9147 | f=0.3906
2025-10-08 15:13:43,773 - INFO - [round 9] pick 4/5: CCC1=C(OC)C(=O)C2=C(NCCS2(=O)=O)C1=O | UCB=1.137 | mu=0.1811 | std=0.9563 | f=0.1358
2025-10-08 15:13:43,789 - INFO - [round 9] pick 5/5: CC12C=CC3=C4CCC(=O)C=C4CCC3C1CCC2=O | UCB=1.136 | mu=0.1908 | std=0.9457 | f=0.1154
2025-10-08 15:13:43,805 - INFO - Round 9 done in 35.89s; train size=60
2025-10-08 15:13:43,805 - INFO - 
--- Round 10 | trial=1 | sqrt_beta=1.0000 (beta=1.0000) | rho=0.50 | train size=60 ---
f1 shape: (5,)
2025-10-08 15:14:22,313 - INFO - [round 10] pick 1/5: CC1CC(C)(C)Nc2ccc(OC(=O)c3ccco3)cc21 | UCB=1.173 | mu=0.2965 | std=0.8769 | f=0.4393
2025-10-08 15:14:22,331 - INFO - [round 10] pick 2/5: O=C1CC2(CCOc3ccc(Cl)cc32)C(=O)N1 | UCB=1.162 | mu=0.2665 | std=0.8954 | f=0.3831
2025-10-08 15:14:22,348 - INFO - [round 10] pick 3/5: CC1=Cc2c(cc(C)oc2=O)OC1c1ccco1 | UCB=1.169 | mu=0.2385 | std=0.9304 | f=0.3913
2025-10-08 15:14:22,367 - INFO - [round 10] pick 4/5: COC(=O)Cc1cc(=O)[nH]c2c1C(=O)CCC2 | UCB=1.144 | mu=0.2147 | std=0.9296 | f=0.1416
2025-10-08 15:14:22,386 - INFO - [round 10] pick 5/5: O=COC1CCC(COc2ccc(C=C3SC(=O)N=C3O)cc2)CC1 | UCB=1.138 | mu=0.2177 | std=0.9198 | f=0.3589
2025-10-08 15:14:22,405 - INFO - Round 10 done in 38.60s; train size=65
2025-10-08 15:14:22,405 - INFO - 
--- Round 11 | trial=1 | sqrt_beta=1.0000 (beta=1.0000) | rho=0.50 | train size=65 ---
f1 shape: (5,)
2025-10-08 15:15:04,641 - INFO - [round 11] pick 1/5: Cc1ccc2c(c1)C(=Cc1ccco1)C(=O)N2 | UCB=1.189 | mu=0.2916 | std=0.8977 | f=0.4082
2025-10-08 15:15:04,662 - INFO - [round 11] pick 2/5: O=C(Nc1cc2c(cc1Cl)OCCCO2)c1ccco1 | UCB=1.182 | mu=0.2786 | std=0.9039 | f=0.3796
2025-10-08 15:15:04,682 - INFO - [round 11] pick 3/5: O=C(Oc1ccc2c3c(c(=O)oc2c1)CCCC3)c1cccs1 | UCB=1.18 | mu=0.2764 | std=0.9032 | f=0.1434
2025-10-08 15:15:04,703 - INFO - [round 11] pick 4/5: CCOC(=O)C1=C(N)OC2=C(C(=O)CC(C)(C)C2)C1c1ccco1 | UCB=1.179 | mu=0.2591 | std=0.9203 | f=0.5261
2025-10-08 15:15:04,725 - INFO - [round 11] pick 5/5: CC1=CCCC23OC2C(OC3=O)c2c(C)coc2C1 | UCB=1.147 | mu=0.1961 | std=0.9507 | f=0.1168
2025-10-08 15:15:04,747 - INFO - Round 11 done in 42.34s; train size=70
2025-10-08 15:15:04,747 - INFO - 
--- Round 12 | trial=1 | sqrt_beta=1.0000 (beta=1.0000) | rho=0.50 | train size=70 ---
f1 shape: (5,)
2025-10-08 15:15:49,525 - INFO - [round 12] pick 1/5: CC1(C)CC(=O)C(C(=O)C=Cc2ccco2)C(=O)C1 | UCB=1.206 | mu=0.3014 | std=0.9041 | f=0.1334
2025-10-08 15:15:49,548 - INFO - [round 12] pick 2/5: O=c1cc(-c2ccco2)oc2ccc(Cl)cc12 | UCB=1.194 | mu=0.2902 | std=0.9036 | f=0.3814
2025-10-08 15:15:49,572 - INFO - [round 12] pick 3/5: CCN1CC2=C(C1=O)C(c1ccco1)NC(=O)N2 | UCB=1.202 | mu=0.2896 | std=0.9121 | f=0.4045
2025-10-08 15:15:49,596 - INFO - [round 12] pick 4/5: COCOc1ccc2c(c1)C1OC(=O)OC13CCC(C)=C(CO2)C3(C)C | UCB=1.167 | mu=0.2478 | std=0.9191 | f=0.1525
2025-10-08 15:15:49,621 - INFO - [round 12] pick 5/5: COC(=O)C1=C(N)OC2=C(C(=O)CCC2)C1c1cccnc1 | UCB=1.175 | mu=0.2718 | std=0.9027 | f=0.491
2025-10-08 15:15:49,647 - INFO - Round 12 done in 44.90s; train size=75
2025-10-08 15:15:49,647 - INFO - 
--- Round 13 | trial=1 | sqrt_beta=1.0000 (beta=1.0000) | rho=0.50 | train size=75 ---
f1 shape: (5,)
2025-10-08 15:16:36,561 - INFO - [round 13] pick 1/5: Oc1cc2c(cc1O)C(c1ccco1)NCC2 | UCB=1.203 | mu=0.2871 | std=0.9158 | f=0.3536
2025-10-08 15:16:36,587 - INFO - [round 13] pick 2/5: CN1C(=O)C(=Cc2ccc(OC(=O)c3ccco3)cc2)SC1=S | UCB=1.192 | mu=0.3791 | std=0.8127 | f=0.4049
2025-10-08 15:16:36,614 - INFO - [round 13] pick 3/5: Cc1cc2c(c(=O)o1)C(C1C=CCCC1)C(C#N)=C(N)O2 | UCB=1.167 | mu=0.2369 | std=0.9305 | f=0.3388
2025-10-08 15:16:36,642 - INFO - [round 13] pick 4/5: CC=CCOC(=O)c1[nH]c2c(c1C)C(=O)CC(c1ccco1)C2 | UCB=1.201 | mu=0.2967 | std=0.9047 | f=0.451
2025-10-08 15:16:36,670 - INFO - [round 13] pick 5/5: CC1SC(=O)NN=C1c1ccc2c(c1)C1(SCCS1)C(=O)N2 | UCB=1.16 | mu=0.2273 | std=0.9325 | f=0.1368
2025-10-08 15:16:36,699 - INFO - Round 13 done in 47.05s; train size=80
2025-10-08 15:16:36,699 - INFO - 
--- Round 14 | trial=1 | sqrt_beta=1.0000 (beta=1.0000) | rho=0.50 | train size=80 ---
f1 shape: (5,)
2025-10-08 15:17:26,196 - INFO - [round 14] pick 1/5: CCOc1ccc(NC=C2C(=O)CC(c3ccco3)CC2=O)cc1 | UCB=1.214 | mu=0.3384 | std=0.8751 | f=0.4099
2025-10-08 15:17:26,226 - INFO - [round 14] pick 2/5: COC(=O)c1c(C)[nH]c(C(=O)C(C)OC(=O)c2ccco2)c1C | UCB=1.187 | mu=0.288 | std=0.8986 | f=0.1848
2025-10-08 15:17:26,256 - INFO - [round 14] pick 3/5: O=C(ON=C1CCCc2occc21)c1ccc(Cl)cc1Cl | UCB=1.187 | mu=0.2719 | std=0.9149 | f=0.4134
2025-10-08 15:17:26,287 - INFO - [round 14] pick 4/5: CC1(C)CC(=O)C2=C(C1)OC(N)=C(C#N)C2c1ccc[nH]1 | UCB=1.175 | mu=0.3019 | std=0.8729 | f=0.3922
2025-10-08 15:17:26,319 - INFO - [round 14] pick 5/5: Nc1cc(=O)n(Cc2ccco2)c(=S)[nH]1 | UCB=1.187 | mu=0.2636 | std=0.9234 | f=0.1343
2025-10-08 15:17:26,352 - INFO - Round 14 done in 49.65s; train size=85
2025-10-08 15:17:26,352 - INFO - 
--- Round 15 | trial=1 | sqrt_beta=1.0000 (beta=1.0000) | rho=0.50 | train size=85 ---
f1 shape: (5,)
2025-10-08 15:18:18,511 - INFO - [round 15] pick 1/5: CC1=C(C(=O)Nc2ccc(Cl)cc2)C(c2ccco2)NC(=O)N1 | UCB=1.208 | mu=0.3402 | std=0.8674 | f=0.4845
2025-10-08 15:18:18,545 - INFO - [round 15] pick 2/5: Nc1ncc2c(n1)CC(c1ccco1)CC2=O | UCB=1.207 | mu=0.32 | std=0.8868 | f=0.3536
2025-10-08 15:18:18,580 - INFO - [round 15] pick 3/5: O=C(OC1CCNCC1)c1cc2cc(CCl)ccc2oc1=O | UCB=1.183 | mu=0.267 | std=0.9158 | f=0.4201
2025-10-08 15:18:18,615 - INFO - [round 15] pick 4/5: COc1cc2c(cc1OC)C1=C(C#N)CCC(=NC(=O)c3ccco3)N1CC2 | UCB=1.177 | mu=0.2666 | std=0.9108 | f=0.1406
2025-10-08 15:18:18,651 - INFO - [round 15] pick 5/5: CC1(C)C=Cc2c(cc3occc(=O)c3c2O)O1 | UCB=1.173 | mu=0.2499 | std=0.9229 | f=0.352
2025-10-08 15:18:18,687 - INFO - Round 15 done in 52.34s; train size=90
2025-10-08 15:18:18,687 - INFO - 
--- Round 16 | trial=1 | sqrt_beta=1.0000 (beta=1.0000) | rho=0.50 | train size=90 ---
f1 shape: (5,)
2025-10-08 15:19:13,933 - INFO - [round 16] pick 1/5: COc1ccc(COC(=O)C2=C(C)N(C)C(=O)NC2c2ccco2)cc1 | UCB=1.217 | mu=0.3717 | std=0.8457 | f=0.5208
2025-10-08 15:19:13,971 - INFO - [round 16] pick 2/5: O=C1NC2=C(C(=O)OCC2)C(c2cccc(O)c2)N1 | UCB=1.194 | mu=0.2997 | std=0.8944 | f=0.3991
2025-10-08 15:19:14,010 - INFO - [round 16] pick 3/5: Cc1occc1C(S)=Nc1ccc(Cl)c(C=NOC2CCCC2)c1 | UCB=1.187 | mu=0.2663 | std=0.921 | f=0.3868
2025-10-08 15:19:14,049 - INFO - [round 16] pick 4/5: O=C1Nc2ccc(F)c(F)c2C(C#Cc2ccco2)(C(F)(F)F)O1 | UCB=1.18 | mu=0.2568 | std=0.923 | f=0.3549
2025-10-08 15:19:14,089 - INFO - [round 16] pick 5/5: NC(=O)c1c(N)oc2ccc(I)cc2c1=O | UCB=1.176 | mu=0.2492 | std=0.9264 | f=0.1443
2025-10-08 15:19:14,130 - INFO - Round 16 done in 55.44s; train size=95
2025-10-08 15:19:14,130 - INFO - 
--- Round 17 | trial=1 | sqrt_beta=1.0000 (beta=1.0000) | rho=0.50 | train size=95 ---
f1 shape: (5,)
2025-10-08 15:20:13,133 - INFO - [round 17] pick 1/5: CC1=C(C(=O)OC2CCCC2)C(c2ccc(N)cc2)NC(=O)N1 | UCB=1.216 | mu=0.3357 | std=0.8802 | f=0.4734
2025-10-08 15:20:13,175 - INFO - [round 17] pick 2/5: COCCN1C(=O)C(O)=C(C(=O)c2cccc(OC)c2)C1c1ccco1 | UCB=1.215 | mu=0.3575 | std=0.858 | f=0.4791
2025-10-08 15:20:13,218 - INFO - [round 17] pick 3/5: c1coc(C2CNC(=Nc3ccc4c(c3)OCO4)N2)c1 | UCB=1.203 | mu=0.3269 | std=0.8763 | f=0.1241
2025-10-08 15:20:13,262 - INFO - [round 17] pick 4/5: C=CCn1c(=O)c(C2C3=C(CCCC3=O)Oc3cc(C)oc(=O)c32)cc2cc(Cl)ccc21 | UCB=1.173 | mu=0.2594 | std=0.9137 | f=0.007134
2025-10-08 15:20:13,306 - INFO - [round 17] pick 5/5: O=C1Nc2c(Cl)cc(Cl)cc2C(C#CC2CC2)(C(F)(F)F)O1 | UCB=1.161 | mu=0.2383 | std=0.9225 | f=0.3388
2025-10-08 15:20:13,352 - INFO - Round 17 done in 59.22s; train size=100
2025-10-08 15:20:13,352 - INFO - 
--- Round 18 | trial=1 | sqrt_beta=1.0000 (beta=1.0000) | rho=0.50 | train size=100 ---
f1 shape: (5,)
2025-10-08 15:21:13,405 - INFO - [round 18] pick 1/5: COc1ccc(C2C(C(=O)c3ccco3)=C(O)C(=O)N2CCN2CCOCC2)cc1 | UCB=1.215 | mu=0.3571 | std=0.8581 | f=0.1529
2025-10-08 15:21:13,452 - INFO - [round 18] pick 2/5: CC1=C(C(=O)OC(C)(C)C)C(c2ccco2)NC(=O)N1 | UCB=1.215 | mu=0.4042 | std=0.8105 | f=0.1787
2025-10-08 15:21:13,499 - INFO - [round 18] pick 3/5: Nc1ccc2c(c1)Oc1ncccc1C(=O)N2 | UCB=1.184 | mu=0.2783 | std=0.9055 | f=0.3949
2025-10-08 15:21:13,547 - INFO - [round 18] pick 4/5: CCOC(=O)c1c(OC2CCCC2)c(CC)c(C)[nH]c1=O | UCB=1.172 | mu=0.2668 | std=0.9053 | f=0.1754
2025-10-08 15:21:13,596 - INFO - [round 18] pick 5/5: CC1(C)CC(=O)C2=C(C1)NC(=S)NC2c1ccc(Cl)cc1 | UCB=1.187 | mu=0.2953 | std=0.892 | f=0.417
2025-10-08 15:21:13,646 - INFO - Round 18 done in 60.29s; train size=105
2025-10-08 15:21:13,646 - INFO - 
--- Round 19 | trial=1 | sqrt_beta=1.0000 (beta=1.0000) | rho=0.50 | train size=105 ---
f1 shape: (5,)
2025-10-08 15:22:18,037 - INFO - [round 19] pick 1/5: O=C1CC(c2ccco2)c2ccc3ccccc3c2N1 | UCB=1.205 | mu=0.3202 | std=0.885 | f=0.1572
2025-10-08 15:22:18,088 - INFO - [round 19] pick 2/5: COc1cccc(C(=O)Oc2cc3occc3cc2C(C)=O)c1 | UCB=1.202 | mu=0.3515 | std=0.8509 | f=0.4623
2025-10-08 15:22:18,140 - INFO - [round 19] pick 3/5: O=C1Nc2ccc(Cl)cc2C(C#Cc2cnccn2)(C2CC2)N1 | UCB=1.186 | mu=0.274 | std=0.9122 | f=0.1351
2025-10-08 15:22:18,193 - INFO - [round 19] pick 4/5: CCOC(=O)C1=C(N)OC(CCl)=C(C#N)C1c1ccsc1 | UCB=1.167 | mu=0.2499 | std=0.9171 | f=0.1882
2025-10-08 15:22:18,247 - INFO - [round 19] pick 5/5: O=C1C(Cl)=C(C2CCCCCC2)C(=O)c2ccccc21 | UCB=1.179 | mu=0.2626 | std=0.916 | f=0.4311
2025-10-08 15:22:18,302 - INFO - Round 19 done in 64.66s; train size=110
2025-10-08 15:22:18,302 - INFO - 
--- Round 20 | trial=1 | sqrt_beta=1.0000 (beta=1.0000) | rho=0.50 | train size=110 ---
f1 shape: (5,)
2025-10-08 15:23:23,799 - INFO - [round 20] pick 1/5: CCOC(=O)Oc1ccc2c3c(cccc13)C(=O)O2 | UCB=1.199 | mu=0.2959 | std=0.9034 | f=0.4856
2025-10-08 15:23:23,856 - INFO - [round 20] pick 2/5: NS(=O)(=O)Oc1ccc2oc(C3CCCC3)cc(=O)c2c1 | UCB=1.186 | mu=0.2969 | std=0.8888 | f=0.3651
2025-10-08 15:23:23,913 - INFO - [round 20] pick 3/5: Nc1ccc(-c2nc(-c3ccco3)no2)c(Cl)c1 | UCB=1.187 | mu=0.2916 | std=0.8958 | f=0.3896
2025-10-08 15:23:23,971 - INFO - [round 20] pick 4/5: COC(=O)C1=C(C)NC2=C(C(=O)CC(C)C2)C1c1c(Cl)cccc1Cl | UCB=1.182 | mu=0.2778 | std=0.9044 | f=0.5959
2025-10-08 15:23:24,029 - INFO - [round 20] pick 5/5: CC1(C)OC2=C(C(=O)c3ccccc3C2=O)C1N=[N+]=[N-] | UCB=1.184 | mu=0.2878 | std=0.8964 | f=0.435
2025-10-08 15:23:24,089 - INFO - Round 20 done in 65.79s; train size=115
2025-10-08 15:23:24,089 - INFO - 
--- Round 21 | trial=1 | sqrt_beta=1.0000 (beta=1.0000) | rho=0.50 | train size=115 ---
