nohup: ignoring input
An NVIDIA GPU may be present on this machine, but a CUDA-enabled jaxlib is not installed. Falling back to cpu.
['O=C(Nc1cccc2ccc(O)cc12)Oc1ccccc1',
 'CCn1nc(Cc2ccc(C#N)cc2)cc1C1CCN(CC2CN(C(C(=O)O)C(C)C)CC2c2cccc(F)c2)CC1',
 'CC(C)(C)CN(Cc1ccc(C#CCn2cncn2)cc1)c1ccnc(C#N)n1',
 'CCNC(=O)CNC(=O)c1ccn(S(=O)(=O)c2ccc(C)cc2)c1',
 'CC1CCN(S(=O)(=O)c2ccc3c(c2)N(CC(=O)NCCN(C)C)C(=O)CS3)CC1',
 'COC(=O)Nc1ccc2c(c1)NC(=O)CCCCC(NC(=O)c1ccc3ncccc3c1)c1nc-2c[nH]1',
 'CC(C)(C)Cc1c(-c2ccc(C#N)cc2)nc2ccc(Cl)cn12',
 'NS(=O)(=O)c1ccc(NC(=O)c2nc(S(=O)(=O)Cc3ccccc3F)ncc2Cl)cc1',
 'COc1ccc(-c2cc3ccc(OCc4nn[nH]n4)cc3oc2=O)cc1',
 'COc1cc2c(C)cc(O)cc2c2cc(O)c(C)cc12']
f1 shape: (10,)
2025-10-08 14:29:11,083 - INFO - 
--- Round 0 | trial=1 | sqrt_beta=0.7071 (beta=0.5000) | rho=0.50 | train size=10 ---
f1 shape: (5,)
2025-10-08 14:29:22,495 - INFO - [round 0] pick 1/5: CCNC(=O)C1(C)CCN1CCS(=O)(=O)c1ccc(C)cc1 | UCB=0.7852 | mu=0.132 | std=0.9237 | f=0.1372
2025-10-08 14:29:22,513 - INFO - [round 0] pick 2/5: Cc1oc(C(C)(C)C)cc1C(=O)NCC(=O)NCC(=O)O | UCB=0.7705 | mu=0.08775 | std=0.9656 | f=0.1453
2025-10-08 14:29:22,530 - INFO - [round 0] pick 3/5: O=S(=O)(c1ccccc1)n1ccc(C(c2ccccc2)n2ccnc2)c1 | UCB=0.7573 | mu=0.08466 | std=0.9512 | f=0.003063
2025-10-08 14:29:22,548 - INFO - [round 0] pick 4/5: CS(=O)(=O)N1CCN(c2ccc3ccc(C(=O)NCC(=O)N4CCOCC4)cn23)CC1 | UCB=0.7689 | mu=0.09428 | std=0.9541 | f=0.3345
2025-10-08 14:29:22,565 - INFO - [round 0] pick 5/5: CCN(CC)C(=NC(=N)Nc1ccc(C)cc1)NCCCCCCNC(=NC(=N)Nc1ccc(C)cc1)N(CC)CC | UCB=0.7545 | mu=0.0672 | std=0.972 | f=0.2604
2025-10-08 14:29:22,583 - INFO - Round 0 done in 11.50s; train size=15
2025-10-08 14:29:22,583 - INFO - 
--- Round 1 | trial=1 | sqrt_beta=0.7071 (beta=0.5000) | rho=0.50 | train size=15 ---
f1 shape: (5,)
2025-10-08 14:29:36,099 - INFO - [round 1] pick 1/5: CN(C)C(=O)CNC(=O)c1ccc2ccc(N(C)CC3CC3)n2c1 | UCB=0.8117 | mu=0.1625 | std=0.9181 | f=0.3889
2025-10-08 14:29:36,117 - INFO - [round 1] pick 2/5: CCC(NC(=O)CCC(=O)N1CCN(S(=O)(=O)c2ccc(C)cc2)CC1)c1ccc(C)cc1 | UCB=0.8074 | mu=0.1786 | std=0.8893 | f=0.3846
2025-10-08 14:29:36,135 - INFO - [round 1] pick 3/5: CCCCNC(=O)N1CCOCCOCCN(C(=O)NCCCC)CCOCC1 | UCB=0.7879 | mu=0.1025 | std=0.9692 | f=0.007278
2025-10-08 14:29:36,153 - INFO - [round 1] pick 4/5: CCCCCCCCCCCCCC(=O)NCc1ccc(C(=O)NCC(=O)O)cc1 | UCB=0.7956 | mu=0.123 | std=0.9512 | f=0.1329
2025-10-08 14:29:36,170 - INFO - [round 1] pick 5/5: Cc1ccc(NC(=N)N=C(N)N)cc1 | UCB=0.7807 | mu=0.1124 | std=0.9451 | f=0.0718
2025-10-08 14:29:36,189 - INFO - Round 1 done in 13.61s; train size=20
2025-10-08 14:29:36,189 - INFO - 
--- Round 2 | trial=1 | sqrt_beta=0.7071 (beta=0.5000) | rho=0.50 | train size=20 ---
f1 shape: (5,)
2025-10-08 14:29:52,820 - INFO - [round 2] pick 1/5: Cc1ccc(N2CCN(C(=O)CCNC(=O)c3ccc(S(C)(=O)=O)c([N+](=O)[O-])c3)CC2)cc1 | UCB=0.8382 | mu=0.2121 | std=0.8854 | f=0.3424
2025-10-08 14:29:52,838 - INFO - [round 2] pick 2/5: CCN(CC)c1ccc2ccc(C(=O)O)cn12 | UCB=0.8267 | mu=0.1841 | std=0.9088 | f=0.3365
2025-10-08 14:29:52,857 - INFO - [round 2] pick 3/5: Cc1ccc(S(=O)(=O)N2CC3N(C(=O)OC(C)C)N(C(=O)OC(C)C)CC(OC(=O)NCC4CCCCC4)C3(O)C2)cc1 | UCB=0.8104 | mu=0.1477 | std=0.9371 | f=0.1723
2025-10-08 14:29:52,875 - INFO - [round 2] pick 4/5: O=C(CNC(=O)c1ccoc1)NC(c1ccc(F)cc1)C(F)(F)F | UCB=0.8104 | mu=0.1511 | std=0.9325 | f=0.2652
2025-10-08 14:29:52,894 - INFO - [round 2] pick 5/5: CC(=O)NCC(=O)N1CCc2c(CN(C)C)nn(C(C)C)c2C1 | UCB=0.7969 | mu=0.1188 | std=0.959 | f=0.1455
2025-10-08 14:29:52,915 - INFO - Round 2 done in 16.73s; train size=25
2025-10-08 14:29:52,915 - INFO - 
--- Round 3 | trial=1 | sqrt_beta=0.7071 (beta=0.5000) | rho=0.50 | train size=25 ---
f1 shape: (5,)
2025-10-08 14:30:11,436 - INFO - [round 3] pick 1/5: CN(C)C(=O)N1CCN(c2ccc3ccc(C(=O)NC4CC4)cn23)CC1 | UCB=0.853 | mu=0.2552 | std=0.8455 | f=0.378
2025-10-08 14:30:11,457 - INFO - [round 3] pick 2/5: Cc1ccc(C(CC(=O)O)NC(=O)CCNC(=O)c2ccco2)cc1 | UCB=0.8369 | mu=0.2082 | std=0.8892 | f=0.3703
2025-10-08 14:30:11,477 - INFO - [round 3] pick 3/5: CCOC(=O)C1C(c2ccc(C)cc2)N(N=O)C(c2ccc(C)cc2)C(C(=O)OCC)S1(=O)=O | UCB=0.8317 | mu=0.1786 | std=0.9236 | f=0.3936
2025-10-08 14:30:11,498 - INFO - [round 3] pick 4/5: CCC(CC)N1CCN(C(=O)CCC(=O)c2ccc(C(F)(F)F)cc2)CC1 | UCB=0.842 | mu=0.1966 | std=0.9127 | f=0.1429
2025-10-08 14:30:11,519 - INFO - [round 3] pick 5/5: CCN(CC)CCNC(=O)c1ccc(Cl)c(NS(C)(=O)=O)c1 | UCB=0.8237 | mu=0.1694 | std=0.9254 | f=0.1278
2025-10-08 14:30:11,540 - INFO - Round 3 done in 18.63s; train size=30
2025-10-08 14:30:11,540 - INFO - 
--- Round 4 | trial=1 | sqrt_beta=0.7071 (beta=0.5000) | rho=0.50 | train size=30 ---
f1 shape: (5,)
2025-10-08 14:30:32,460 - INFO - [round 4] pick 1/5: CSC(=NC(=O)c1ccc(C)cc1)NC(=O)c1ccc(C)cc1 | UCB=0.8743 | mu=0.247 | std=0.8871 | f=0.2978
2025-10-08 14:30:32,482 - INFO - [round 4] pick 2/5: Cc1ccc(C2CN(C(=O)CCc3ccco3)CC2N(C)C)cc1 | UCB=0.8644 | mu=0.2207 | std=0.9104 | f=0.3212
2025-10-08 14:30:32,504 - INFO - [round 4] pick 3/5: O=C(CNC(=O)c1cccc(F)c1)OCC(=O)N1CCN(C(=O)c2ccco2)CC1 | UCB=0.8494 | mu=0.2074 | std=0.9079 | f=0.3724
2025-10-08 14:30:32,525 - INFO - [round 4] pick 4/5: CN=C(NC)NCCCC(NC(=O)c1sccc1NS(=O)(=O)c1ccc([N+](=O)[O-])cc1)C(=O)O | UCB=0.8334 | mu=0.1773 | std=0.9279 | f=0.362
2025-10-08 14:30:32,547 - INFO - [round 4] pick 5/5: Cc1ccc(C(NC(=O)Cn2cc(C3CC3)nn2)C2CC2)cc1 | UCB=0.8439 | mu=0.191 | std=0.9233 | f=0.3651
2025-10-08 14:30:32,569 - INFO - Round 4 done in 21.03s; train size=35
2025-10-08 14:30:32,569 - INFO - 
--- Round 5 | trial=1 | sqrt_beta=0.7071 (beta=0.5000) | rho=0.50 | train size=35 ---
f1 shape: (5,)
2025-10-08 14:30:56,086 - INFO - [round 5] pick 1/5: O=C(CNC(=O)c1ccco1)OCC(=O)c1ccc([N+](=O)[O-])cc1 | UCB=0.889 | mu=0.283 | std=0.857 | f=0.336
2025-10-08 14:30:56,109 - INFO - [round 5] pick 2/5: Cc1ccc(OCC(=O)NCCN2CCN(C(=O)COc3ccc(C)cc3)CC2)cc1 | UCB=0.884 | mu=0.2725 | std=0.8648 | f=0.356
2025-10-08 14:30:56,132 - INFO - [round 5] pick 3/5: Cc1ccc(C2CN(C(=O)c3cc(C)no3)CC2NC(=O)C2CC2)cc1 | UCB=0.8761 | mu=0.2421 | std=0.8966 | f=0.3899
2025-10-08 14:30:56,156 - INFO - [round 5] pick 4/5: CN(C)c1ccc(C(CNC(=O)c2cccs2)N(C)C)cc1 | UCB=0.8602 | mu=0.2085 | std=0.9216 | f=0.2705
2025-10-08 14:30:56,179 - INFO - [round 5] pick 5/5: O=C(O)CCC(NC(=O)c1ccc(S(=O)(=O)N2CCCC2C(=O)O)cc1)C(=O)O | UCB=0.8573 | mu=0.2127 | std=0.9116 | f=0.1731
2025-10-08 14:30:56,202 - INFO - Round 5 done in 23.63s; train size=40
2025-10-08 14:30:56,202 - INFO - 
--- Round 6 | trial=1 | sqrt_beta=0.7071 (beta=0.5000) | rho=0.50 | train size=40 ---
f1 shape: (5,)
2025-10-08 14:31:22,217 - INFO - [round 6] pick 1/5: Cc1ccc(CNC(=O)C2CCN(C(=O)c3ccco3)CC2)n1C | UCB=0.8952 | mu=0.2686 | std=0.8861 | f=0.3857
2025-10-08 14:31:22,241 - INFO - [round 6] pick 2/5: CCOCCCNC(=O)C(NC(=O)Cc1cccs1)c1ccc(C)cc1 | UCB=0.8888 | mu=0.2655 | std=0.8814 | f=0.3522
2025-10-08 14:31:22,263 - INFO - [round 6] pick 3/5: Cc1ccc(S(=O)(=O)N2CCN(C(=O)COC(=O)C=Cc3ccc([N+](=O)[O-])cc3)CC2)c(C)c1 | UCB=0.8845 | mu=0.2704 | std=0.8685 | f=0.3389
2025-10-08 14:31:22,288 - INFO - [round 6] pick 4/5: C=CCC(=O)NC(C)c1ccc(C2CN(c3ccc(OCC4CC4)cc3)C2)cc1 | UCB=0.8764 | mu=0.2295 | std=0.9149 | f=0.3766
2025-10-08 14:31:22,312 - INFO - [round 6] pick 5/5: CC1=CCC2C1CC=C(C)C(CCC1C(C)(O)CCC3OC(C)(C)C(OC(=O)c4ccc(C)cc4)CCC31C)C2(C)C | UCB=0.8478 | mu=0.1776 | std=0.9478 | f=0.1277
2025-10-08 14:31:22,336 - INFO - Round 6 done in 26.13s; train size=45
2025-10-08 14:31:22,336 - INFO - 
--- Round 7 | trial=1 | sqrt_beta=0.7071 (beta=0.5000) | rho=0.50 | train size=45 ---
f1 shape: (5,)
2025-10-08 14:31:50,668 - INFO - [round 7] pick 1/5: Cc1ccc(C(=O)NC(C(=O)N2CCC(c3ccc(Cl)cc3)CC2)C(C)C)cc1 | UCB=0.9103 | mu=0.3031 | std=0.8588 | f=0.4114
2025-10-08 14:31:50,693 - INFO - [round 7] pick 2/5: Cc1cc(C)cc(N(CC(=O)NC2CCCC2)C(=O)CNC(=O)c2ccco2)c1 | UCB=0.896 | mu=0.2674 | std=0.889 | f=0.4419
2025-10-08 14:31:50,718 - INFO - [round 7] pick 3/5: CCOC(=O)Cc1csc(NC(=O)C(C)c2ccc([N+](=O)[O-])cc2)n1 | UCB=0.8836 | mu=0.2443 | std=0.9042 | f=0.3963
2025-10-08 14:31:50,743 - INFO - [round 7] pick 4/5: Cc1ccc(C(=O)N2CCN(Cc3cccs3)CC2)n1C | UCB=0.8784 | mu=0.2411 | std=0.9012 | f=0.3028
2025-10-08 14:31:50,770 - INFO - [round 7] pick 5/5: C=CCN1C=C(C(=O)OCC)C(c2ccc(O)cc2)C(C(=O)OCC)=C1 | UCB=0.8746 | mu=0.2214 | std=0.9237 | f=0.1483
2025-10-08 14:31:50,797 - INFO - Round 7 done in 28.46s; train size=50
2025-10-08 14:31:50,797 - INFO - 
--- Round 8 | trial=1 | sqrt_beta=0.7071 (beta=0.5000) | rho=0.50 | train size=50 ---
f1 shape: (5,)
2025-10-08 14:32:22,930 - INFO - [round 8] pick 1/5: COc1ccc(C(C(=O)NC2CCCCC2)N(C(=O)CCl)c2ccc(C)cc2)cc1 | UCB=0.9252 | mu=0.3094 | std=0.8709 | f=0.4264
2025-10-08 14:32:22,958 - INFO - [round 8] pick 2/5: Cc1cc(C)cc(NC(=S)N2CCC(NC(=O)c3ccco3)CC2)c1 | UCB=0.9166 | mu=0.3019 | std=0.8692 | f=0.3437
2025-10-08 14:32:22,985 - INFO - [round 8] pick 3/5: C=CCN(CC=C)C(=O)C(=O)c1cc(C)n(-c2ccc([N+](=O)[O-])cc2)c1C | UCB=0.8893 | mu=0.2472 | std=0.908 | f=0.3015
2025-10-08 14:32:23,012 - INFO - [round 8] pick 4/5: Cc1ccsc1C(=O)OCC(=O)NCc1ccco1 | UCB=0.8945 | mu=0.252 | std=0.9088 | f=0.3259
2025-10-08 14:32:23,040 - INFO - [round 8] pick 5/5: CCC(=O)N1N=C2C3CCN(CC3)C2C1c1ccc(C)cc1 | UCB=0.8959 | mu=0.2716 | std=0.8828 | f=0.1402
2025-10-08 14:32:23,068 - INFO - Round 8 done in 32.27s; train size=55
2025-10-08 14:32:23,069 - INFO - 
--- Round 9 | trial=1 | sqrt_beta=0.7071 (beta=0.5000) | rho=0.50 | train size=55 ---
f1 shape: (5,)
2025-10-08 14:32:56,663 - INFO - [round 9] pick 1/5: COc1ccc(CCNC(=O)C2CCN(C(=O)c3ccc([N+](=O)[O-])cc3)CC2)cc1 | UCB=0.9297 | mu=0.331 | std=0.8467 | f=0.3835
2025-10-08 14:32:56,693 - INFO - [round 9] pick 2/5: Cc1ccc(C(=O)N(CC(=O)NC2CCCC2)Cc2cccs2)s1 | UCB=0.9223 | mu=0.2987 | std=0.8819 | f=0.4201
2025-10-08 14:32:56,723 - INFO - [round 9] pick 3/5: Cc1ccc(-n2c(C)nnc2SCC(=O)NNC(=O)c2ccco2)cc1 | UCB=0.9146 | mu=0.2991 | std=0.8705 | f=0.1054
2025-10-08 14:32:56,753 - INFO - [round 9] pick 4/5: Cc1cc(C(=O)COC(=O)CC(NC(N)=O)c2ccc(Cl)cc2)c(C)n1C | UCB=0.9042 | mu=0.2696 | std=0.8975 | f=0.3899
2025-10-08 14:32:56,784 - INFO - [round 9] pick 5/5: CC(C)CN(C(=O)COC(=O)c1ccc([N+](=O)[O-])o1)C1CCS(=O)(=O)C1 | UCB=0.8774 | mu=0.2133 | std=0.9392 | f=0.1496
2025-10-08 14:32:56,815 - INFO - Round 9 done in 33.75s; train size=60
2025-10-08 14:32:56,815 - INFO - 
--- Round 10 | trial=1 | sqrt_beta=0.7071 (beta=0.5000) | rho=0.50 | train size=60 ---
f1 shape: (5,)
2025-10-08 14:33:33,239 - INFO - [round 10] pick 1/5: Cc1cccc(NC(=O)CCC2CCN(C(=O)c3ccc(C)s3)CC2)c1 | UCB=0.9347 | mu=0.3192 | std=0.8705 | f=0.3883
2025-10-08 14:33:33,272 - INFO - [round 10] pick 2/5: O=C(NC1CCCC1)C(c1ccc(F)cc1)N(Cc1ccc(Cl)cc1)C(=O)CCl | UCB=0.9328 | mu=0.3389 | std=0.8399 | f=0.3989
2025-10-08 14:33:33,304 - INFO - [round 10] pick 3/5: COC(=O)c1cc(C(=O)OCC(=O)NCc2cccs2)cc([N+](=O)[O-])c1 | UCB=0.8963 | mu=0.2684 | std=0.8881 | f=0.3423
2025-10-08 14:33:33,338 - INFO - [round 10] pick 4/5: CNC(CCOc1ccc([N+](=O)[O-])cc1)c1ccc(OC(=O)N(C)C)cc1 | UCB=0.9104 | mu=0.2953 | std=0.8698 | f=0.3126
2025-10-08 14:33:33,371 - INFO - [round 10] pick 5/5: CCOC(=O)N1CCC(NC(=O)C2CCN(C(=O)c3cc4sccc4n3CC)CC2)CC1 | UCB=0.8965 | mu=0.2543 | std=0.9082 | f=0.4767
2025-10-08 14:33:33,405 - INFO - Round 10 done in 36.59s; train size=65
2025-10-08 14:33:33,405 - INFO - 
--- Round 11 | trial=1 | sqrt_beta=0.7071 (beta=0.5000) | rho=0.50 | train size=65 ---
f1 shape: (5,)
2025-10-08 14:34:13,766 - INFO - [round 11] pick 1/5: CC(=O)NC(Cc1ccccc1C)C(=O)NC1CCN(C(=O)c2cccc(C)c2)CC1 | UCB=0.9508 | mu=0.3371 | std=0.868 | f=0.4232
2025-10-08 14:34:13,801 - INFO - [round 11] pick 2/5: CCOC(=O)N1CCC(NC(=O)c2ccc(C[S+]([O-])c3cccc(Cl)c3)o2)CC1 | UCB=0.9499 | mu=0.333 | std=0.8724 | f=0.4206
2025-10-08 14:34:13,837 - INFO - [round 11] pick 3/5: Cc1cc(C)cc(NC(=O)COC(=O)CNC(=O)C2CCCCC2)c1 | UCB=0.924 | mu=0.3007 | std=0.8815 | f=0.1831
2025-10-08 14:34:13,872 - INFO - [round 11] pick 4/5: CN1CCN(c2ccc(C(CC(N)=O)NC(=O)Cc3ccc(Br)cc3)cc2[N+](=O)[O-])CC1 | UCB=0.9201 | mu=0.291 | std=0.8898 | f=0.3448
2025-10-08 14:34:13,909 - INFO - [round 11] pick 5/5: CCC(C)COc1ccc(C(CO)NC(=O)C2CC2c2cccs2)cc1 | UCB=0.8993 | mu=0.264 | std=0.8984 | f=0.3883
2025-10-08 14:34:13,948 - INFO - Round 11 done in 40.54s; train size=70
2025-10-08 14:34:13,948 - INFO - 
--- Round 12 | trial=1 | sqrt_beta=0.7071 (beta=0.5000) | rho=0.50 | train size=70 ---
f1 shape: (5,)
2025-10-08 14:34:55,249 - INFO - [round 12] pick 1/5: Cc1ccccc1C(=O)NC1CCN(CC(=O)NCc2cccs2)CC1 | UCB=0.952 | mu=0.3482 | std=0.8538 | f=0.375
2025-10-08 14:34:55,288 - INFO - [round 12] pick 2/5: CCOC(=O)N1CCN(C(=O)c2ccc(N(Cc3ccc(Cl)cc3)S(C)(=O)=O)cc2)CC1 | UCB=0.9332 | mu=0.3378 | std=0.842 | f=0.3887
2025-10-08 14:34:55,326 - INFO - [round 12] pick 3/5: COc1cccc(C(C(=O)NC2CCCC2)N(C(=O)c2ccco2)C2CC2)c1OC | UCB=0.9274 | mu=0.3115 | std=0.871 | f=0.4264
2025-10-08 14:34:55,365 - INFO - [round 12] pick 4/5: CC(=O)NC(C(=O)OC(C)C1C(=O)N2C(C(=O)OCc3ccc([N+](=O)[O-])cc3)=CSC12)C(C)C | UCB=0.9024 | mu=0.2641 | std=0.9026 | f=0.1491
2025-10-08 14:34:55,410 - INFO - [round 12] pick 5/5: O=C(C=Cc1ccc(C=C(C(=O)NC2CC2)c2ccsc2)cc1)NO | UCB=0.913 | mu=0.2597 | std=0.924 | f=0.3307
2025-10-08 14:34:55,450 - INFO - Round 12 done in 41.50s; train size=75
2025-10-08 14:34:55,451 - INFO - 
--- Round 13 | trial=1 | sqrt_beta=0.7071 (beta=0.5000) | rho=0.50 | train size=75 ---
f1 shape: (5,)
2025-10-08 14:35:39,493 - INFO - [round 13] pick 1/5: CC(=O)c1ccc(N(C(=O)c2ccco2)C(C(=O)NC2CCCC2)c2cccs2)cc1 | UCB=0.9548 | mu=0.3737 | std=0.8218 | f=0.1507
2025-10-08 14:35:39,535 - INFO - [round 13] pick 2/5: CCOC(=O)N1CCC(NC(=O)CSc2cc(=O)n(C)c3ccccc23)CC1 | UCB=0.9503 | mu=0.3474 | std=0.8526 | f=0.4472
2025-10-08 14:35:39,577 - INFO - [round 13] pick 3/5: CNC(=O)C1CCCN(CCOC(c2ccc(Cl)cc2)c2ccc(Cl)cc2)C1 | UCB=0.9223 | mu=0.2913 | std=0.8923 | f=0.3562
2025-10-08 14:35:39,619 - INFO - [round 13] pick 4/5: Cc1ccc(Cl)cc1N1CCN(C(=O)C2CCC(CNS(=O)(=O)c3cccs3)CC2)CC1 | UCB=0.9278 | mu=0.2933 | std=0.8973 | f=0.3536
2025-10-08 14:35:39,663 - INFO - [round 13] pick 5/5: CSCCC(NC(=O)c1cccc(C)c1)C(=O)NCc1cccs1 | UCB=0.9164 | mu=0.3073 | std=0.8614 | f=0.3478
2025-10-08 14:35:39,707 - INFO - Round 13 done in 44.26s; train size=80
2025-10-08 14:35:39,707 - INFO - 
--- Round 14 | trial=1 | sqrt_beta=0.7071 (beta=0.5000) | rho=0.50 | train size=80 ---
f1 shape: (5,)
2025-10-08 14:36:26,459 - INFO - [round 14] pick 1/5: CCOC(=O)N1CCC(NC(=O)c2c(C)nn(-c3ccc(C)cc3)c2-n2cccc2)CC1 | UCB=0.9522 | mu=0.3678 | std=0.8265 | f=0.1534
2025-10-08 14:36:26,504 - INFO - [round 14] pick 2/5: O=C(NC1CCCC1)C1CCN(C(=O)c2cccc(Cl)c2)CC1 | UCB=0.946 | mu=0.3526 | std=0.8392 | f=0.1565
2025-10-08 14:36:26,550 - INFO - [round 14] pick 3/5: Cc1ccsc1CN(C)CC(=O)Nc1ccccc1C(=O)NC1CC1 | UCB=0.9426 | mu=0.3302 | std=0.8661 | f=0.3578
2025-10-08 14:36:26,597 - INFO - [round 14] pick 4/5: CCc1cc(C(=O)NC(CCl)c2ccc(Cl)cc2)n(C)n1 | UCB=0.9136 | mu=0.2951 | std=0.8747 | f=0.3053
2025-10-08 14:36:26,644 - INFO - [round 14] pick 5/5: COC(=O)C(CSc1ccc(Br)cc1)n1c(=O)n2n(c1=O)C(C(=O)NCC1CCC(N)CC1)C=CC2 | UCB=0.9071 | mu=0.2542 | std=0.9233 | f=0.4124
2025-10-08 14:36:26,692 - INFO - Round 14 done in 46.98s; train size=85
2025-10-08 14:36:26,692 - INFO - 
--- Round 15 | trial=1 | sqrt_beta=0.7071 (beta=0.5000) | rho=0.50 | train size=85 ---
f1 shape: (5,)
2025-10-08 14:37:15,649 - INFO - [round 15] pick 1/5: CCOc1ccc(N(CC(=O)NC2CC2)S(=O)(=O)c2ccc(C)cc2)cc1 | UCB=0.9353 | mu=0.3475 | std=0.8312 | f=0.375
2025-10-08 14:37:15,699 - INFO - [round 15] pick 2/5: CCN1CCCC1CNC(=O)C1CCN(C(=O)c2cc3sccc3n2Cc2ccc(F)cc2)CC1 | UCB=0.9313 | mu=0.3388 | std=0.8379 | f=0.1445
2025-10-08 14:37:15,749 - INFO - [round 15] pick 3/5: COc1cccc(CN(C)C(=O)CNC(=O)c2cccs2)c1OC | UCB=0.9223 | mu=0.3073 | std=0.8697 | f=0.3225
2025-10-08 14:37:15,799 - INFO - [round 15] pick 4/5: CN1C2CCC1CC(NC(=O)C(Cc1ccc(Cl)cc1)NC(=O)C1(c3ccc(Cl)cc3)CC1)C2 | UCB=0.9305 | mu=0.3033 | std=0.887 | f=0.3997
2025-10-08 14:37:15,850 - INFO - [round 15] pick 5/5: CCOC(=O)N1CCN(CC(O)c2ccc3cc[nH]c3c2)CC1 | UCB=0.905 | mu=0.2769 | std=0.8883 | f=0.3889
2025-10-08 14:37:15,902 - INFO - Round 15 done in 49.21s; train size=90
2025-10-08 14:37:15,902 - INFO - 
--- Round 16 | trial=1 | sqrt_beta=0.7071 (beta=0.5000) | rho=0.50 | train size=90 ---
f1 shape: (5,)
2025-10-08 14:38:10,095 - INFO - [round 16] pick 1/5: COc1ccc(CC(NC(C)=O)C(=O)NC2CCN(c3ncccc3[N+](=O)[O-])CC2)cc1 | UCB=0.9358 | mu=0.3435 | std=0.8376 | f=0.3978
2025-10-08 14:38:10,149 - INFO - [round 16] pick 2/5: CCOC(=O)N1CCN(C(=O)c2ccccc2NC(=O)COc2ccccc2C)CC1 | UCB=0.932 | mu=0.3432 | std=0.8327 | f=0.4216
2025-10-08 14:38:10,203 - INFO - [round 16] pick 3/5: Cc1ccc(C(=O)NCC(=O)NC2CCC(C)CC2)s1 | UCB=0.9188 | mu=0.2961 | std=0.8806 | f=0.1495
2025-10-08 14:38:10,258 - INFO - [round 16] pick 4/5: O=C(CC(C(=O)O)c1ccc(Cl)cc1)c1ccc(Br)cc1 | UCB=0.9122 | mu=0.307 | std=0.8559 | f=0.2899
2025-10-08 14:38:10,313 - INFO - [round 16] pick 5/5: COCC(=O)N1CC2CNCC2(C(=O)NCc2cccc3[nH]ccc23)C1 | UCB=0.9111 | mu=0.2588 | std=0.9225 | f=0.363
2025-10-08 14:38:10,370 - INFO - Round 16 done in 54.47s; train size=95
2025-10-08 14:38:10,371 - INFO - 
--- Round 17 | trial=1 | sqrt_beta=0.7071 (beta=0.5000) | rho=0.50 | train size=95 ---
f1 shape: (5,)
2025-10-08 14:39:04,368 - INFO - [round 17] pick 1/5: CCOC(=O)N1CCN(C(=O)Cn2ccc3c(OC)cccc3c2=O)CC1 | UCB=0.9411 | mu=0.3502 | std=0.8356 | f=0.4082
2025-10-08 14:39:04,427 - INFO - [round 17] pick 2/5: CN(C)c1ccc(C(CNC(=O)COc2ccc(Cl)cc2)N2CCCC2)cc1 | UCB=0.9286 | mu=0.3375 | std=0.8359 | f=0.3562
2025-10-08 14:39:04,485 - INFO - [round 17] pick 3/5: O=C(CCc1ccsc1)NC1CCN(c2cccc(F)c2)CC1 | UCB=0.927 | mu=0.3035 | std=0.8818 | f=0.336
2025-10-08 14:39:04,544 - INFO - [round 17] pick 4/5: COC(=O)CN1CC1C(=O)NC(Cc1ccccc1)C(=O)OC | UCB=0.9119 | mu=0.2637 | std=0.9168 | f=0.1623
2025-10-08 14:39:04,603 - INFO - [round 17] pick 5/5: CC(Oc1ccc2ccc(=O)oc2c1)C(=O)NCC1CCC(C(=O)O)CC1 | UCB=0.9206 | mu=0.2907 | std=0.8907 | f=0.4417
2025-10-08 14:39:04,663 - INFO - Round 17 done in 54.29s; train size=100
2025-10-08 14:39:04,663 - INFO - 
--- Round 18 | trial=1 | sqrt_beta=0.7071 (beta=0.5000) | rho=0.50 | train size=100 ---
f1 shape: (5,)
2025-10-08 14:40:01,642 - INFO - [round 18] pick 1/5: COc1ccc(Br)c(C(=O)NCC2CCN(C(=O)c3ccoc3)CC2)c1 | UCB=0.9469 | mu=0.338 | std=0.8611 | f=0.3765
2025-10-08 14:40:01,706 - INFO - [round 18] pick 2/5: O=C(NCCc1cccs1)C(O)C(O)C(=O)N1CCN(c2ccccc2Cl)CC1 | UCB=0.9276 | mu=0.3101 | std=0.8734 | f=0.3651
2025-10-08 14:40:01,769 - INFO - [round 18] pick 3/5: CCOC(=O)C1CCC(CN(Cc2ccc(Cl)cc2)S(=O)(=O)c2ccc(Br)cc2)CC1 | UCB=0.9275 | mu=0.329 | std=0.8464 | f=0.4022
2025-10-08 14:40:01,834 - INFO - [round 18] pick 4/5: COCCN1CCC(NC(=O)CC=Cc2ccc(C(C)C)cc2)CC1 | UCB=0.9218 | mu=0.2949 | std=0.8865 | f=0.1533
2025-10-08 14:40:01,899 - INFO - [round 18] pick 5/5: COc1cc([N+](=O)[O-])ccc1NC(=O)C1C2C=CC(C2)C1C(=O)O | UCB=0.9022 | mu=0.2534 | std=0.9175 | f=0.1431
2025-10-08 14:40:01,964 - INFO - Round 18 done in 57.30s; train size=105
2025-10-08 14:40:01,965 - INFO - 
--- Round 19 | trial=1 | sqrt_beta=0.7071 (beta=0.5000) | rho=0.50 | train size=105 ---
f1 shape: (5,)
2025-10-08 14:41:01,229 - INFO - [round 19] pick 1/5: CCOC(=O)C1CCN(C(=O)c2cccnc2Oc2ccc(Cl)cc2)CC1 | UCB=0.9405 | mu=0.3458 | std=0.8409 | f=0.4066
2025-10-08 14:41:01,296 - INFO - [round 19] pick 2/5: Cc1ccc(C)c(S(=O)(=O)N2CCN(CC(=O)NC(=O)NCc3ccco3)CC2)c1 | UCB=0.9285 | mu=0.3264 | std=0.8515 | f=0.351
2025-10-08 14:41:01,363 - INFO - [round 19] pick 3/5: COc1ccc(NC(=S)N(Cc2cccc(Br)c2)CC2CCC(C(=O)O)CC2)cc1 | UCB=0.9375 | mu=0.3284 | std=0.8614 | f=0.3835
2025-10-08 14:41:01,431 - INFO - [round 19] pick 4/5: CCOC(=O)N1CCN(C(=O)C(=Cc2cccs2)NC(=O)c2cccs2)CC1 | UCB=0.927 | mu=0.3255 | std=0.8507 | f=0.413
2025-10-08 14:41:01,500 - INFO - [round 19] pick 5/5: COc1ccc2cc(C(C)C(=O)NC(CCCN=C(N)N)C(=O)O)ccc2c1 | UCB=0.9115 | mu=0.2787 | std=0.895 | f=0.4066
2025-10-08 14:41:01,570 - INFO - Round 19 done in 59.61s; train size=110
2025-10-08 14:41:01,570 - INFO - 
--- Round 20 | trial=1 | sqrt_beta=0.7071 (beta=0.5000) | rho=0.50 | train size=110 ---
f1 shape: (5,)
2025-10-08 14:42:03,268 - INFO - [round 20] pick 1/5: CCOC(=O)C1(Cc2cccc(F)c2)CCN(C(=O)c2ccoc2C)CC1 | UCB=0.9454 | mu=0.3268 | std=0.8749 | f=0.3968
2025-10-08 14:42:03,340 - INFO - [round 20] pick 2/5: CCC(=O)N(c1ccccc1)C1CCN(C(=O)CC(N)c2ccc(OC)cc2)CC1 | UCB=0.9432 | mu=0.3411 | std=0.8515 | f=0.3944
2025-10-08 14:42:03,412 - INFO - [round 20] pick 3/5: O=C(NCc1cccs1)C1CCC(CNS(=O)(=O)c2ccc(Br)s2)CC1 | UCB=0.9217 | mu=0.3258 | std=0.8428 | f=0.3522
2025-10-08 14:42:03,486 - INFO - [round 20] pick 4/5: CCOC(=O)CC(=O)NC(CCc1cccc[n+]1[O-])C(=O)NCC(=O)NCc1cc(Cl)ccc1CN | UCB=0.9138 | mu=0.2676 | std=0.9139 | f=0.3843
2025-10-08 14:42:03,561 - INFO - [round 20] pick 5/5: CN1C2CCC1CC(=NOC(c1ccc(Cl)cc1)c1nccs1)C2 | UCB=0.9097 | mu=0.2685 | std=0.9068 | f=0.305
2025-10-08 14:42:03,637 - INFO - Round 20 done in 62.07s; train size=115
2025-10-08 14:42:03,637 - INFO - 
--- Round 21 | trial=1 | sqrt_beta=0.7071 (beta=0.5000) | rho=0.50 | train size=115 ---
f1 shape: (5,)
2025-10-08 14:43:08,140 - INFO - [round 21] pick 1/5: CCOc1ccc(NC(=O)N2CCC(NC(=O)C(Cc3ccccc3OC)NC(C)=O)CC2)cc1 | UCB=0.9443 | mu=0.3888 | std=0.7856 | f=0.4441
2025-10-08 14:43:08,218 - INFO - [round 21] pick 2/5: CC1(C(=O)NCc2cccs2)CCN1C(=O)Cc1ccc(Cl)cc1Cl | UCB=0.9335 | mu=0.3275 | std=0.8571 | f=0.3187
2025-10-08 14:43:08,296 - INFO - [round 21] pick 3/5: Cc1ccc(N(C(=O)OCC2CCC(COCC(=O)O)CC2)c2cccc(F)c2)cc1F | UCB=0.9296 | mu=0.2949 | std=0.8975 | f=0.3978
2025-10-08 14:43:08,374 - INFO - [round 21] pick 4/5: CCOC(=O)C=CC(CC1CCNC1=O)NC(=O)c1ccc2ccc(Br)cc2c1 | UCB=0.9272 | mu=0.2888 | std=0.9028 | f=0.3989
2025-10-08 14:43:08,453 - INFO - [round 21] pick 5/5: CN1C2CCC1C(C(=O)NCCCCCCNC(=O)C1C(c3ccc(Cl)cc3)CC3CCC1N3C)C(c1ccc(Cl)cc1)C2 | UCB=0.9085 | mu=0.2744 | std=0.8968 | f=0.3812
2025-10-08 14:43:08,533 - INFO - Round 21 done in 64.90s; train size=120
2025-10-08 14:43:08,533 - INFO - 
--- Round 22 | trial=1 | sqrt_beta=0.7071 (beta=0.5000) | rho=0.50 | train size=120 ---
f1 shape: (5,)
2025-10-08 14:44:17,193 - INFO - [round 22] pick 1/5: CCOC(=O)N1CCC(NC(=O)C(CCc2ccccc2)NC(CCNS(=O)(=O)c2ccc(OC)cc2)C(=O)O)CC1 | UCB=0.9448 | mu=0.3638 | std=0.8217 | f=0.4767
2025-10-08 14:44:17,274 - INFO - [round 22] pick 2/5: COc1ccc2c(CCNC(=O)C3CC3)cccc2c1 | UCB=0.9402 | mu=0.3296 | std=0.8635 | f=0.3362
2025-10-08 14:44:17,356 - INFO - [round 22] pick 3/5: CCOC(=O)C1CCN(C(=O)COc2ccc(Br)cc2C)CC1 | UCB=0.9439 | mu=0.3446 | std=0.8475 | f=0.1667
2025-10-08 14:44:17,440 - INFO - [round 22] pick 4/5: O=C(CCl)NC(Cc1ccco1)C(=O)Nc1cccc(Br)c1 | UCB=0.9249 | mu=0.3023 | std=0.8804 | f=0.3003
2025-10-08 14:44:17,525 - INFO - [round 22] pick 5/5: CN1CCC(c2ccc(Cl)cc2)C(C(=O)OCCCCCCCCOC(=O)C2CN(C)CCC2c2ccc(Cl)cc2)C1 | UCB=0.922 | mu=0.3038 | std=0.8743 | f=0.3791
2025-10-08 14:44:17,610 - INFO - Round 22 done in 69.08s; train size=125
2025-10-08 14:44:17,610 - INFO - 
--- Round 23 | trial=1 | sqrt_beta=0.7071 (beta=0.5000) | rho=0.50 | train size=125 ---
f1 shape: (5,)
2025-10-08 14:45:27,826 - INFO - [round 23] pick 1/5: CCOC(=O)N1CCN(C(=O)CCC(C(=O)NO)N(Cc2ccc3c(c2)OCO3)S(=O)(=O)c2ccc(OC)cc2)CC1 | UCB=0.9513 | mu=0.3564 | std=0.8414 | f=0.4257
2025-10-08 14:45:27,916 - INFO - [round 23] pick 2/5: CCOC(=O)CSc1nc2ccccc2c(=O)n1CC1CCC(C(=O)NCc2ccco2)CC1 | UCB=0.9417 | mu=0.3283 | std=0.8675 | f=0.1569
2025-10-08 14:45:28,005 - INFO - [round 23] pick 3/5: CCCC(NC(=O)C1CC(S(=O)(=O)c2ccccc2Cl)CN1C(=O)C1(c2ccc(Cl)cc2)CC1)C(=O)C(=O)NC1CC1 | UCB=0.9423 | mu=0.3253 | std=0.8726 | f=0.4644
2025-10-08 14:45:28,096 - INFO - [round 23] pick 4/5: CCN(CC(=O)NCc1cccs1)C(=O)C=Cc1ccc(OC)cc1OC | UCB=0.929 | mu=0.327 | std=0.8514 | f=0.3371
2025-10-08 14:45:28,188 - INFO - [round 23] pick 5/5: Clc1ccc(OC2=CC=[N+](C3CC3)CC2)cc1 | UCB=0.9073 | mu=0.2676 | std=0.9046 | f=0.09832
2025-10-08 14:45:28,281 - INFO - Round 23 done in 70.67s; train size=130
2025-10-08 14:45:28,282 - INFO - 
--- Round 24 | trial=1 | sqrt_beta=0.7071 (beta=0.5000) | rho=0.50 | train size=130 ---
f1 shape: (5,)
2025-10-08 14:46:40,843 - INFO - [round 24] pick 1/5: CCOC(=O)N1CCN(C(=O)c2cc(Cl)ccc2NC(=O)c2ccc(OC)cc2)CC1 | UCB=0.9516 | mu=0.4117 | std=0.7635 | f=0.4128
2025-10-08 14:46:40,937 - INFO - [round 24] pick 2/5: CCCC1CCN(C(=O)C(CCCN=C(N)N)NS(=O)(=O)c2cccc3c(N(C)C)cccc23)CC1 | UCB=0.9407 | mu=0.314 | std=0.8862 | f=0.433
2025-10-08 14:46:41,031 - INFO - [round 24] pick 3/5: COC(=O)CCNC(=O)c1cnc(NC(=O)C(CC2CCOCC2)c2ccc(S(=O)(=O)C3CC3)cc2)s1 | UCB=0.9303 | mu=0.2999 | std=0.8916 | f=0.4082
2025-10-08 14:46:41,126 - INFO - [round 24] pick 4/5: CCC(C)C(NC(=O)Cn1ccc2c(Cl)cccc21)C(=O)O | UCB=0.9192 | mu=0.287 | std=0.8941 | f=0.3991
2025-10-08 14:46:41,228 - INFO - [round 24] pick 5/5: N=C(N)NC1CCC(CNC(=O)C(CCCCN)NC(=O)C(CCCCN)NC(=O)Cc2ccc(Cl)c(Cl)c2)CC1 | UCB=0.9132 | mu=0.265 | std=0.9167 | f=0.1454
2025-10-08 14:46:41,431 - INFO - Round 24 done in 73.15s; train size=135
2025-10-08 14:46:41,431 - INFO - 
--- Round 25 | trial=1 | sqrt_beta=0.7071 (beta=0.5000) | rho=0.50 | train size=135 ---
f1 shape: (5,)
2025-10-08 14:47:59,344 - INFO - [round 25] pick 1/5: CCOC(=O)N1CCC(N2CCC(C3(c4ccc(S(=O)(=O)c5ccc(OC)cc5)cc4)SCCCS3)CC2)CC1 | UCB=0.9512 | mu=0.3389 | std=0.866 | f=0.3849
2025-10-08 14:47:59,444 - INFO - [round 25] pick 2/5: CC(=O)N1CCN(C(=O)C(CCCNC(=N)N)NS(=O)(=O)c2cccc3ccccc23)CC1 | UCB=0.9425 | mu=0.3427 | std=0.8481 | f=0.395
2025-10-08 14:47:59,546 - INFO - [round 25] pick 3/5: CCC(NC(=O)COC(=O)c1cccnc1N)c1ccc(Br)cc1 | UCB=0.9348 | mu=0.3324 | std=0.8519 | f=0.336
2025-10-08 14:47:59,650 - INFO - [round 25] pick 4/5: COC(=O)CC1CCC2C(COc3ccc(NC(=O)Cc4cccs4)cc3C(=O)N2C)O1 | UCB=0.9259 | mu=0.295 | std=0.8922 | f=0.4068
2025-10-08 14:47:59,759 - INFO - [round 25] pick 5/5: CNC(C)C(=O)NC(C(=O)N1CCC2CCC(NC(=O)c3ccc(C)c4ccccc34)C21)C(C)(C)C | UCB=0.9322 | mu=0.294 | std=0.9026 | f=0.4535
2025-10-08 14:47:59,864 - INFO - Round 25 done in 78.43s; train size=140
2025-10-08 14:47:59,864 - INFO - 
--- Round 26 | trial=1 | sqrt_beta=0.7071 (beta=0.5000) | rho=0.50 | train size=140 ---
f1 shape: (5,)
2025-10-08 14:49:18,627 - INFO - [round 26] pick 1/5: COc1ccc(-c2ccc(S(=O)(=O)NC(C(=O)O)C3CCN(C(=O)OC(C)C)CC3)cc2)cc1 | UCB=0.9539 | mu=0.3622 | std=0.8368 | f=0.4226
2025-10-08 14:49:18,737 - INFO - [round 26] pick 2/5: CN(C)c1cccc2c(S(=O)(=O)NCCNC(=O)NC34CC5CC(CC(C5)C3)C4)cccc12 | UCB=0.9397 | mu=0.3083 | std=0.893 | f=0.3607
2025-10-08 14:49:18,844 - INFO - [round 26] pick 3/5: CCCNc1cc(C(=O)NC(CCC(=O)O)C(=O)N2CCN(C(=O)OCC)CC2)nc(-c2ccccc2)n1 | UCB=0.9423 | mu=0.3449 | std=0.8447 | f=0.4771
2025-10-08 14:49:18,951 - INFO - [round 26] pick 4/5: Cc1ccsc1C(=O)C(CC(=O)c1cccs1)c1ccsc1 | UCB=0.9163 | mu=0.2897 | std=0.8862 | f=0.09871
2025-10-08 14:49:19,060 - INFO - [round 26] pick 5/5: CCOC(=O)C(C)NP(=O)(OCC1OC(n2ccc(=O)[nH]c2=O)C(C)(F)C1O)Oc1ccc(Cl)cc1 | UCB=0.924 | mu=0.2794 | std=0.9117 | f=0.4264
2025-10-08 14:49:19,171 - INFO - Round 26 done in 79.31s; train size=145
2025-10-08 14:49:19,171 - INFO - 
--- Round 27 | trial=1 | sqrt_beta=0.7071 (beta=0.5000) | rho=0.50 | train size=145 ---
f1 shape: (5,)
2025-10-08 14:50:38,561 - INFO - [round 27] pick 1/5: COc1ccc(C(CC(=O)NCCN2CCOCC2)NS(=O)(=O)c2ccc(Cl)cc2)cc1 | UCB=0.9532 | mu=0.3743 | std=0.8187 | f=0.3424
2025-10-08 14:50:38,675 - INFO - [round 27] pick 2/5: CC(NC(=O)C(C)NC(=O)N1CCN(C(=O)OC(C)(C)C)CC1)C(=O)NN(CC(N)=O)C(=O)C=CC(=O)N(C)Cc1cccc2ccccc12 | UCB=0.9444 | mu=0.3082 | std=0.8997 | f=0.3706
2025-10-08 14:50:38,788 - INFO - [round 27] pick 3/5: CCOC(=O)N1CCC(N2Cc3cccc(C(=O)O)c3C2=O)CC1 | UCB=0.9418 | mu=0.3388 | std=0.8527 | f=0.173
2025-10-08 14:50:38,902 - INFO - [round 27] pick 4/5: CCOC(=O)c1ccc(-c2ccc(CC(C#N)NC(=O)C3NC4CCC3C4)c(F)c2)s1 | UCB=0.9346 | mu=0.2933 | std=0.907 | f=0.4421
2025-10-08 14:50:39,018 - INFO - [round 27] pick 5/5: CC(C)CC(NC(=O)C(NC(=O)COc1ccc2c(c1)Nc1ccccc1S2)C(C)O)C(=O)NC1CCOC1O | UCB=0.9375 | mu=0.295 | std=0.9086 | f=0.4069
2025-10-08 14:50:39,135 - INFO - Round 27 done in 79.96s; train size=150
2025-10-08 14:50:39,135 - INFO - 
--- Round 28 | trial=1 | sqrt_beta=0.7071 (beta=0.5000) | rho=0.50 | train size=150 ---
f1 shape: (5,)
2025-10-08 14:52:02,414 - INFO - [round 28] pick 1/5: CCOC(=O)C(CC(C)C)NC(=O)C1CCn2c(C(=O)c3ccccc3)ccc21 | UCB=0.9559 | mu=0.3437 | std=0.8658 | f=0.5164
2025-10-08 14:52:02,534 - INFO - [round 28] pick 2/5: CNS(=O)(=O)CC(C1CC1)N1C(=O)C(C)(CC(=O)O)CC(c2cccc(Cl)c2)C1c1ccc(Cl)cc1 | UCB=0.9506 | mu=0.3315 | std=0.8756 | f=0.3869
2025-10-08 14:52:02,656 - INFO - [round 28] pick 3/5: CC(C)NC(=O)NCc1cccnc1N1CCN(C(=O)C(Cc2ccc(Cl)cc2Cl)NC(=O)CCN)CC1 | UCB=0.9523 | mu=0.3396 | std=0.8666 | f=0.4056
2025-10-08 14:52:02,778 - INFO - [round 28] pick 4/5: CCCN=c1[nH]ccc(N2CCC(Oc3ccc(C(C)C(O)=NC4COC4)cc3)C2)c1F | UCB=0.9327 | mu=0.2849 | std=0.9161 | f=0.3859
2025-10-08 14:52:02,901 - INFO - [round 28] pick 5/5: N=C(N)N1CCCC(NC(=O)C2CC3CCC(O)CC3N2C(=O)C(Cc2ccc(O)cc2)NC(=O)C(O)Cc2ccc(OS(=O)(=O)O)cc2)C1O | UCB=0.9377 | mu=0.2964 | std=0.907 | f=0.4673
2025-10-08 14:52:03,026 - INFO - Round 28 done in 83.89s; train size=155
2025-10-08 14:52:03,026 - INFO - 
--- Round 29 | trial=1 | sqrt_beta=0.7071 (beta=0.5000) | rho=0.50 | train size=155 ---
f1 shape: (5,)
2025-10-08 14:53:28,245 - INFO - [round 29] pick 1/5: CC(C)C1CCN(C(=O)C(CCCN=C(N)N)NS(=O)(=O)c2ccc3cc(Cl)ccc3c2)C(C(=O)O)C1 | UCB=0.9653 | mu=0.3663 | std=0.847 | f=0.4872
2025-10-08 14:53:28,373 - INFO - [round 29] pick 2/5: CNC(=O)C(Cc1ccc(OC)cc1)NC(=O)C1(CC(=O)NO)Cc2ccccc21 | UCB=0.9623 | mu=0.363 | std=0.8475 | f=0.3738
2025-10-08 14:53:28,501 - INFO - [round 29] pick 3/5: CC(=O)NC(C)c1ccc(OC2CCN(c3cccc(N(C)CC4CCOC4)n3)C2)cc1 | UCB=0.956 | mu=0.3431 | std=0.8668 | f=0.3846
2025-10-08 14:53:28,739 - INFO - [round 29] pick 4/5: CCOC(=O)N1CCN(C(=O)C(CCCCO)NC(=O)c2cc(OCC(=O)N3CCCC3C(=O)NC3CCC3)n(-c3ccccc3)n2)CC1 | UCB=0.9515 | mu=0.3484 | std=0.8529 | f=0.4625
2025-10-08 14:53:28,870 - INFO - [round 29] pick 5/5: CC(Cc1ccc(C(=O)Oc2ccc(C(=N)N)c(F)c2)s1)C(=O)NC(CC(=O)O)C(=O)O | UCB=0.9556 | mu=0.3235 | std=0.8939 | f=0.3821
2025-10-08 14:53:29,003 - INFO - Round 29 done in 85.98s; train size=160
2025-10-08 14:53:29,003 - INFO - 
--- Round 30 | trial=1 | sqrt_beta=0.7071 (beta=0.5000) | rho=0.50 | train size=160 ---
f1 shape: (5,)
2025-10-08 14:55:01,375 - INFO - [round 30] pick 1/5: CCOC(=O)N1CCN(C(=O)C(CC(C)C)NS(=O)(=O)c2ccc3c(c2)oc(=O)n3C)CC1 | UCB=0.971 | mu=0.3834 | std=0.831 | f=0.4588
2025-10-08 14:55:01,510 - INFO - [round 30] pick 2/5: CCNC(=O)C1CCCN1C(=O)C(Cc1ccc2ccccc2c1)NC(C)=O | UCB=0.9709 | mu=0.3665 | std=0.8548 | f=0.4579
2025-10-08 14:55:01,646 - INFO - [round 30] pick 3/5: Cc1[nH]c2ccccc2c1CC(NC(=O)C(NC(=O)N1C(C)CCCC1C)C1CC1)C(=O)NC(Cc1c[nH]cn1)C(=O)O | UCB=0.9627 | mu=0.3222 | std=0.9059 | f=0.1681
2025-10-08 14:55:01,785 - INFO - [round 30] pick 4/5: CCN(C(=O)Oc1ccc(F)cc1)C1CN(C(=O)C2CCN(C(=O)C3CC3(C)C)CC2)CC1c1ccc(Cl)cc1 | UCB=0.9597 | mu=0.3571 | std=0.8522 | f=0.4082
2025-10-08 14:55:01,924 - INFO - [round 30] pick 5/5: CCC(NS(=O)(=O)CCCOCn1ccc(=O)[nH]c1=O)c1cccc(OCC2CC2)c1 | UCB=0.9365 | mu=0.2931 | std=0.9099 | f=0.3472
2025-10-08 14:55:02,065 - INFO - Round 30 done in 93.06s; train size=165
2025-10-08 14:55:02,065 - INFO - 
--- Round 31 | trial=1 | sqrt_beta=0.7071 (beta=0.5000) | rho=0.50 | train size=165 ---
f1 shape: (5,)
2025-10-08 14:56:33,272 - INFO - [round 31] pick 1/5: CCOC(=O)Oc1ccc(CC(NC(=O)OCc2ccccc2)C(=O)N2CCN(C(=O)OC(C)(C)C)CC2)cc1 | UCB=0.9706 | mu=0.3878 | std=0.8242 | f=0.4339
2025-10-08 14:56:33,415 - INFO - [round 31] pick 2/5: O=C(O)CC(NC(=O)C1CCN1S(=O)(=O)c1cc(Cl)cc(Cl)c1)c1ccc(OCF)cc1 | UCB=0.9658 | mu=0.3586 | std=0.8587 | f=0.3793
2025-10-08 14:56:33,558 - INFO - [round 31] pick 3/5: CC(C)CC(O)C(=O)N(CCN1C2CCC1CC(c1cccc(C(N)=O)c1)C2)Cc1c(F)cccc1F | UCB=0.9531 | mu=0.3153 | std=0.902 | f=0.4191
2025-10-08 14:56:33,703 - INFO - [round 31] pick 4/5: COc1ccc2c(c1)cc(C(=O)NC(CCSC)C(=O)N1CCCC1C(=O)O)n2C | UCB=0.9657 | mu=0.3517 | std=0.8684 | f=0.5121
2025-10-08 14:56:33,849 - INFO - [round 31] pick 5/5: CCOC(=O)NC1CCC2C(C1)CC1C(=O)OC(C)C1C2C=Cc1ccc(-c2ccoc2)cn1 | UCB=0.9202 | mu=0.2669 | std=0.9239 | f=0.4068
2025-10-08 14:56:33,998 - INFO - Round 31 done in 91.93s; train size=170
2025-10-08 14:56:33,998 - INFO - 
--- Round 32 | trial=1 | sqrt_beta=0.7071 (beta=0.5000) | rho=0.50 | train size=170 ---
f1 shape: (5,)
2025-10-08 14:58:10,259 - INFO - [round 32] pick 1/5: CC(C)CC(NC(=O)C=Cc1ccc(OP(=O)(O)O)cc1)C(=O)N1CCCC1C(=O)NCC=CC(N)=O | UCB=0.9786 | mu=0.3601 | std=0.8747 | f=0.1657
2025-10-08 14:58:10,411 - INFO - [round 32] pick 2/5: CCOC(=O)c1ccc(-c2ccc(C(C)C(N)C(=O)N3CCC(F)C3)cc2)cc1 | UCB=0.9753 | mu=0.3713 | std=0.8542 | f=0.433
2025-10-08 14:58:10,563 - INFO - [round 32] pick 3/5: CCCCCOC(=O)N1CCN(C(=O)C(CCC(=O)O)NC(=O)c2cc(OC3CCN(C)CC3)cc(-c3ccccc3)n2)CC1 | UCB=0.9717 | mu=0.4062 | std=0.7997 | f=0.4539
2025-10-08 14:58:10,719 - INFO - [round 32] pick 4/5: CC(C)n1c(=O)c(C(=O)NC2CC3CCC(C2)N3CCO)cc2ccccc21 | UCB=0.962 | mu=0.3362 | std=0.8851 | f=0.4256
2025-10-08 14:58:10,874 - INFO - [round 32] pick 5/5: CCOC(=O)NC1CCc2ccc(OCCNS(=O)(=O)CC3CC3)cc2C1Cc1cccc(Cl)c1 | UCB=0.9578 | mu=0.3334 | std=0.883 | f=0.4054
2025-10-08 14:58:11,031 - INFO - Round 32 done in 97.03s; train size=175
2025-10-08 14:58:11,031 - INFO - 
--- Round 33 | trial=1 | sqrt_beta=0.7071 (beta=0.5000) | rho=0.50 | train size=175 ---
f1 shape: (5,)
2025-10-08 14:59:50,142 - INFO - [round 33] pick 1/5: CCOC(=O)C(CCc1ccccc1)NC(C)C(=O)N1C(C(=O)O)CC2CCCCC21 | UCB=0.9765 | mu=0.3681 | std=0.8603 | f=0.3116
2025-10-08 14:59:50,302 - INFO - [round 33] pick 2/5: COC(=O)N1CCN(C(=O)C(Cc2cccc(C(=N)N)c2)NS(=O)(=O)c2c(C(C)C)cc(C(C)C)cc2C(C)C)CC1 | UCB=0.9646 | mu=0.3496 | std=0.8698 | f=0.3873
2025-10-08 14:59:50,464 - INFO - [round 33] pick 3/5: CCOc1ccc(C#Cc2ccc(C(C)NS(=O)(=O)CC3CC3)cc2)cc1 | UCB=0.9604 | mu=0.3555 | std=0.8555 | f=0.3616
2025-10-08 14:59:50,625 - INFO - [round 33] pick 4/5: NC(C(=O)N1CCSC1)C1CCC(NC(=O)OCc2ccc3ccccc3c2)CC1 | UCB=0.9693 | mu=0.3552 | std=0.8685 | f=0.4022
2025-10-08 14:59:50,788 - INFO - [round 33] pick 5/5: NC(=O)n1cc(CC(=O)N2C(C(=O)NCc3cccc(Cl)c3F)CC3CC32)c2cc(OCCO)ccc21 | UCB=0.9531 | mu=0.3136 | std=0.9044 | f=0.1571
2025-10-08 14:59:50,954 - INFO - Round 33 done in 99.92s; train size=180
2025-10-08 14:59:50,954 - INFO - 
--- Round 34 | trial=1 | sqrt_beta=0.7071 (beta=0.5000) | rho=0.50 | train size=180 ---
f1 shape: (5,)
2025-10-08 15:01:29,703 - INFO - [round 34] pick 1/5: CCN(CC)CC(C)N1CCN(C(=O)C(Cc2ccc(Cl)cc2)NC(=O)C2Cc3ccccc3CN2)CC1 | UCB=0.9694 | mu=0.3673 | std=0.8516 | f=0.4215
2025-10-08 15:01:29,872 - INFO - [round 34] pick 2/5: COc1ccc2cc(S(=O)(=O)NC(Cc3ccc(C(=N)N)s3)C(=O)N(C)C3CCCC3)ccc2c1 | UCB=0.9654 | mu=0.3607 | std=0.8552 | f=0.1497
2025-10-08 15:01:30,041 - INFO - [round 34] pick 3/5: CC(C)C1=CC2CC3(C=O)C4CCC(C)C4CC2(CCOC(=O)c2cc4ccccc4o2)C13C(=O)O | UCB=0.9535 | mu=0.3095 | std=0.9108 | f=0.4315
2025-10-08 15:01:30,212 - INFO - [round 34] pick 4/5: CCOC(=O)C1CCCN(C(=O)c2ccc(N3CC(F)(F)C3)c(OCC3CC3)n2)C1c1ccccc1 | UCB=0.9572 | mu=0.334 | std=0.8813 | f=0.422
2025-10-08 15:01:30,385 - INFO - [round 34] pick 5/5: CSCCC(NC(=O)c1ccccc1Br)C(=O)NNC(=O)C1COc2ccccc2O1 | UCB=0.9469 | mu=0.3188 | std=0.8882 | f=0.3573
2025-10-08 15:01:30,560 - INFO - Round 34 done in 99.61s; train size=185
2025-10-08 15:01:30,560 - INFO - 
--- Round 35 | trial=1 | sqrt_beta=0.7071 (beta=0.5000) | rho=0.50 | train size=185 ---
f1 shape: (5,)
2025-10-08 15:03:14,129 - INFO - [round 35] pick 1/5: CSCCC(NC(=O)c1ccccc1)C(=O)N1CCC(O)(c2ccc(Cl)cc2)CC1 | UCB=0.9732 | mu=0.3881 | std=0.8275 | f=0.3835
2025-10-08 15:03:14,305 - INFO - [round 35] pick 2/5: CCOC(=O)C=CC(CC(C)C)NC(=O)C(CC(C)C)NC(=O)C1Cc2ccccc2CN1C(=O)c1cccc(O)c1C | UCB=0.9617 | mu=0.3413 | std=0.8774 | f=0.4429
2025-10-08 15:03:14,482 - INFO - [round 35] pick 3/5: CC(NC(=O)C(F)F)c1ccc(OC2CCN(c3ccnc(OCC4CC4)c3)C2)cc1 | UCB=0.9558 | mu=0.3657 | std=0.8345 | f=0.3793
2025-10-08 15:03:14,660 - INFO - [round 35] pick 4/5: CCOC(=O)C1(Cc2cccc(OC)c2)CCCN(C(=O)c2ccc(OC)o2)C1 | UCB=0.9636 | mu=0.3551 | std=0.8606 | f=0.4098
2025-10-08 15:03:14,842 - INFO - [round 35] pick 5/5: CC(=O)OCC1=C(C(=O)O)N2C(=O)C(NC(=O)C(NC(=O)C3CCC(C(=O)O)O3)c3ccccc3)C2SC1 | UCB=0.9523 | mu=0.316 | std=0.9 | f=0.1566
2025-10-08 15:03:15,024 - INFO - Round 35 done in 104.46s; train size=190
2025-10-08 15:03:15,025 - INFO - 
--- Round 36 | trial=1 | sqrt_beta=0.7071 (beta=0.5000) | rho=0.50 | train size=190 ---
f1 shape: (5,)
2025-10-08 15:05:02,270 - INFO - [round 36] pick 1/5: CC(C)C(=O)N1CCN(C(=O)C(CCC(=O)OC(C)(C)C)NC(=O)c2cccc(-c3ccccc3)n2)CC1 | UCB=0.971 | mu=0.402 | std=0.8048 | f=0.4257
2025-10-08 15:05:02,456 - INFO - [round 36] pick 2/5: CC(Cc1ccc2c(c1)OC(C(=O)OCC1CCC1)(C(=O)OCC1CCC1)O2)NCC(O)c1cccc(Cl)c1 | UCB=0.9581 | mu=0.3286 | std=0.8903 | f=0.4278
2025-10-08 15:05:02,643 - INFO - [round 36] pick 3/5: CCOC(=O)NC(c1ccc(F)cc1)C(O)C(=O)OC1CC2C(C)(C)C1(C)C13CC(C)c4ccccc4C21O3 | UCB=0.9565 | mu=0.3214 | std=0.8982 | f=0.4122
2025-10-08 15:05:02,832 - INFO - [round 36] pick 4/5: CCC1CN2CCC1CC2C(O)c1cccc2ccc(OCCC(C)C)cc12 | UCB=0.954 | mu=0.322 | std=0.8938 | f=0.4347
2025-10-08 15:05:03,022 - INFO - [round 36] pick 5/5: CCCS(=O)(=O)NC(=O)C1(C)CCN(C(=O)c2cc3ccccc3s2)C1 | UCB=0.9501 | mu=0.3227 | std=0.8873 | f=0.3795
2025-10-08 15:05:03,213 - INFO - Round 36 done in 108.19s; train size=195
2025-10-08 15:05:03,214 - INFO - 
--- Round 37 | trial=1 | sqrt_beta=0.7071 (beta=0.5000) | rho=0.50 | train size=195 ---
f1 shape: (5,)
2025-10-08 15:06:50,717 - INFO - [round 37] pick 1/5: CC(C)CC1(N2CCN(C(=O)C(Cc3ccc(Cl)cc3)NC(=O)CC3NCc4ccccc43)CC2)CCN(C(=O)C(C)C)CC1 | UCB=0.9747 | mu=0.3836 | std=0.8359 | f=0.4058
2025-10-08 15:06:50,913 - INFO - [round 37] pick 2/5: CCOC(=O)C1CCCN(C(=O)CCC(=O)N(CC(C)(C)C)c2ccc(Cl)cc2C(O)c2ccccc2OCC)C1 | UCB=0.9708 | mu=0.351 | std=0.8766 | f=0.4501
2025-10-08 15:06:51,108 - INFO - [round 37] pick 3/5: CCCCCn1cc(C(=O)NC(C)C23CC4CC(CC(C4)C2)C3)c(=O)cc1-c1ccccc1 | UCB=0.9578 | mu=0.3261 | std=0.8934 | f=0.4111
2025-10-08 15:06:51,307 - INFO - [round 37] pick 4/5: COc1ccccc1COC(=O)CC(C)c1ccc(OC2OC3OC4(C)CCC5C(C)CCC(C2C)C35OO4)cc1 | UCB=0.9521 | mu=0.3124 | std=0.9046 | f=0.3546
2025-10-08 15:06:51,507 - INFO - [round 37] pick 5/5: COc1cccc(CNCC(O)C(Cc2cc(F)cc(F)c2)NC(=O)C(C)N2CCC(CC3CC3)(NC(C)=O)C2=O)c1 | UCB=0.9597 | mu=0.3261 | std=0.896 | f=0.4108
2025-10-08 15:06:51,708 - INFO - Round 37 done in 108.49s; train size=200
2025-10-08 15:06:51,709 - INFO - 
--- Round 38 | trial=1 | sqrt_beta=0.7071 (beta=0.5000) | rho=0.50 | train size=200 ---
f1 shape: (5,)
2025-10-08 15:08:46,231 - INFO - [round 38] pick 1/5: CC(C)CC(NC(=O)c1cc2ccccc2s1)C(=O)NC1CCN(Cc2ccc(OCC3CCCN3C)c(Cl)c2)C1 | UCB=0.9754 | mu=0.3621 | std=0.8674 | f=0.1571
2025-10-08 15:08:46,437 - INFO - [round 38] pick 2/5: CC1CN(C(C)CO)S(=O)(=O)c2ccc(-c3ccccc3)cc2OC1CN(C)C(=O)C1CCC1 | UCB=0.9697 | mu=0.3424 | std=0.8871 | f=0.4126
2025-10-08 15:08:46,644 - INFO - [round 38] pick 3/5: CCOP(=O)(OCC)C(NC(=S)NC(=O)C1(C)CCCC2(C)c3ccc(C(C)C)cc3C(=O)CC12)c1ccc(Cl)cc1 | UCB=0.9636 | mu=0.3298 | std=0.8963 | f=0.3941
2025-10-08 15:08:46,853 - INFO - [round 38] pick 4/5: CCOC(=O)C(=O)CC(=O)C=Cc1cc(C(=O)c2ccccc2F)c[nH]1 | UCB=0.9431 | mu=0.3099 | std=0.8954 | f=0.3673
2025-10-08 15:08:47,185 - INFO - [round 38] pick 5/5: CC(C)(CC1Cc2ccccc2C1)NCC(O)COc1cccc(C2CC3CC2C2C(C(=O)O)C32)c1 | UCB=0.9551 | mu=0.3136 | std=0.9071 | f=0.3903
2025-10-08 15:08:47,398 - INFO - Round 38 done in 115.69s; train size=205
2025-10-08 15:08:47,399 - INFO - 
--- Round 39 | trial=1 | sqrt_beta=0.7071 (beta=0.5000) | rho=0.50 | train size=205 ---
f1 shape: (5,)
2025-10-08 15:10:44,668 - INFO - [round 39] pick 1/5: CCOC(=O)C1CCCN(C(=O)c2cc(S(=O)(=O)Nc3ccccc3OC)ccc2C)C1 | UCB=0.9712 | mu=0.3857 | std=0.8281 | f=0.4303
2025-10-08 15:10:44,884 - INFO - [round 39] pick 2/5: CC(c1ccc(-c2ccn(C3CC3)c(=O)c2)cc1)N1CCC(CC2CC2)(CC(C)(C)O)OC1=O | UCB=0.9671 | mu=0.3357 | std=0.8929 | f=0.3714
2025-10-08 15:10:45,101 - INFO - [round 39] pick 3/5: CCOC(=O)C(=Cc1ccccc1)NC(=O)C(CO)NC(=O)C(NC(=O)c1cccc(O)c1C)C(C)C | UCB=0.9697 | mu=0.3641 | std=0.8565 | f=0.4124
2025-10-08 15:10:45,320 - INFO - [round 39] pick 4/5: CCCC(=O)OCC(=O)C1(OC(=O)c2ccco2)C(C)CC2C3CCC4=CC(=O)C=CC4(C)C3(F)C(O)CC21C | UCB=0.9492 | mu=0.3047 | std=0.9115 | f=0.1607
2025-10-08 15:10:45,539 - INFO - [round 39] pick 5/5: CC(C)CC(NC(=O)CN(C)C)c1cc(C(F)(F)F)ccc1N1CCN(C(=O)C2CN(C(C)C)CC2c2ccc(Cl)cc2)CC1 | UCB=0.9603 | mu=0.3531 | std=0.8586 | f=0.3667
2025-10-08 15:10:45,762 - INFO - Round 39 done in 118.36s; train size=210
2025-10-08 15:11:17,113 - INFO - 
--- Round 0 | trial=1 | sqrt_beta=1.0000 (beta=1.0000) | rho=0.50 | train size=10 ---
f1 shape: (5,)
2025-10-08 15:11:29,136 - INFO - [round 0] pick 1/5: CC(=O)CC1OCC(C(C)C)N1S(=O)(=O)c1ccc(C)cc1 | UCB=1.057 | mu=0.1191 | std=0.9378 | f=0.1329
2025-10-08 15:11:29,137 - INFO - [round 0] pick 2/5: O=C(O)CNC(=O)CNC(=O)c1cc(O)nc(O)n1 | UCB=1.048 | mu=0.07601 | std=0.9719 | f=0.1325
2025-10-08 15:11:29,138 - INFO - [round 0] pick 3/5: CCN=C(Cc1cccc(C(F)(F)F)c1)NCC | UCB=1.042 | mu=0.06658 | std=0.9751 | f=0.1048
2025-10-08 15:11:29,139 - INFO - [round 0] pick 4/5: CCNC(=O)CNC(=O)C(CCCN=C(N)N)NC(=O)C1CCCN1C(=O)C(CC(=O)O)NC(=O)OC(C)(C)C | UCB=1.044 | mu=0.06076 | std=0.9833 | f=0.008738
2025-10-08 15:11:29,140 - INFO - [round 0] pick 5/5: CN(C)S(=O)(=O)n1cnc(CO)c1 | UCB=1.039 | mu=0.05762 | std=0.9818 | f=0.09832
2025-10-08 15:11:29,142 - INFO - Round 0 done in 12.03s; train size=15
2025-10-08 15:11:29,142 - INFO - 
--- Round 1 | trial=1 | sqrt_beta=1.0000 (beta=1.0000) | rho=0.50 | train size=15 ---
f1 shape: (5,)
2025-10-08 15:11:43,420 - INFO - [round 1] pick 1/5: CS(=O)(=O)N1CCN(c2ccc3ccc(C(=O)NCC(=O)N4CCOCC4)cn23)CC1 | UCB=1.049 | mu=0.098 | std=0.9508 | f=0.3345
2025-10-08 15:11:43,422 - INFO - [round 1] pick 2/5: CCNC(=O)COC(=O)c1sccc1C | UCB=1.046 | mu=0.09218 | std=0.9543 | f=0.139
2025-10-08 15:11:43,423 - INFO - [round 1] pick 3/5: Cc1ccc(S(=O)(=O)N(CCn2cc(COCCOCCOCCOCCOCCF)nn2)C(C(=O)NO)C(C)C)cc1 | UCB=1.041 | mu=0.08271 | std=0.9583 | f=0.3216
2025-10-08 15:11:43,425 - INFO - [round 1] pick 4/5: F[B-]1(F)n2cccc2C=C2C=CC=[N+]21 | UCB=1.029 | mu=0.04596 | std=0.983 | f=0.03508
2025-10-08 15:11:43,427 - INFO - [round 1] pick 5/5: CCN1C(=O)C(=CN)C(=O)N(CC)C1=O | UCB=1.035 | mu=0.05386 | std=0.9811 | f=0.005792
2025-10-08 15:11:43,429 - INFO - Round 1 done in 14.29s; train size=20
2025-10-08 15:11:43,429 - INFO - 
--- Round 2 | trial=1 | sqrt_beta=1.0000 (beta=1.0000) | rho=0.50 | train size=20 ---
f1 shape: (5,)
2025-10-08 15:12:00,286 - INFO - [round 2] pick 1/5: COCCN(CCOC)S(=O)(=O)c1ccc(C(=O)NCCCN2CCOCC2)cc1 | UCB=1.082 | mu=0.1524 | std=0.9299 | f=0.1287
2025-10-08 15:12:00,288 - INFO - [round 2] pick 2/5: CN(C)C(=O)CNC(=O)c1ccc2ccc(N(C)CC3CC3)n2c1 | UCB=1.08 | mu=0.1643 | std=0.9155 | f=0.3889
2025-10-08 15:12:00,290 - INFO - [round 2] pick 3/5: C#CCOCCOCCOCCNc1nc(N2CCN(C(=O)C(C(C)C)n3cc(CCO)nn3)CC2)nc(N2CCN(C(=O)C(C(C)C)n3cc(CCO)nn3)CC2)n1 | UCB=1.065 | mu=0.09966 | std=0.9656 | f=0.1257
2025-10-08 15:12:00,293 - INFO - [round 2] pick 4/5: O=C(CN(Cc1ccc([N+](=O)[O-])cc1)S(=O)(=O)C(F)(F)C(F)(F)C(F)(F)C(F)(F)C(F)(F)C(F)(F)C(F)(F)C(F)(F)F)NO | UCB=1.057 | mu=0.08328 | std=0.9736 | f=0.0844
2025-10-08 15:12:00,295 - INFO - [round 2] pick 5/5: CCCCCCCCCCCCCCCCCC(=O)Nc1ccc(COS(=O)(=O)O)cc1NC(=O)CCCCCCCCCCCCCCCC | UCB=1.055 | mu=0.07516 | std=0.9796 | f=0.1106
2025-10-08 15:12:00,298 - INFO - Round 2 done in 16.87s; train size=25
2025-10-08 15:12:00,298 - INFO - 
--- Round 3 | trial=1 | sqrt_beta=1.0000 (beta=1.0000) | rho=0.50 | train size=25 ---
f1 shape: (5,)
2025-10-08 15:12:19,520 - INFO - [round 3] pick 1/5: CCN(CC)c1ccc2ccc(C(=O)O)cn12 | UCB=1.091 | mu=0.1877 | std=0.9036 | f=0.3365
2025-10-08 15:12:19,524 - INFO - [round 3] pick 2/5: Cc1ccc(C(=O)NCC(=O)N2CCCCCC2)cc1 | UCB=1.09 | mu=0.1856 | std=0.9043 | f=0.144
2025-10-08 15:12:19,527 - INFO - [round 3] pick 3/5: CC(C)=CCCC(C)=CCCC(C)=CCSc1ccccc1C(=O)NCC(=O)OCCOCCOc1no[n+]([O-])c1S(=O)(=O)c1ccccc1 | UCB=1.064 | mu=0.1113 | std=0.9532 | f=0.1086
2025-10-08 15:12:19,531 - INFO - [round 3] pick 4/5: CC(C)CNC(=O)CN(CC(=O)NCC(C)C)S(C)(=O)=O | UCB=1.057 | mu=0.09863 | std=0.9587 | f=0.007267
2025-10-08 15:12:19,535 - INFO - [round 3] pick 5/5: COCCOCCOCCOCCOCCOCCOCCOCCOCCOC1CCC2(O)C3Cc4ccc(O)c5c4C2(CCN3CC2CCC2)C1O5 | UCB=1.053 | mu=0.08791 | std=0.9652 | f=0.1074
2025-10-08 15:12:19,539 - INFO - Round 3 done in 19.24s; train size=30
2025-10-08 15:12:19,539 - INFO - 
--- Round 4 | trial=1 | sqrt_beta=1.0000 (beta=1.0000) | rho=0.50 | train size=30 ---
f1 shape: (5,)
2025-10-08 15:12:41,632 - INFO - [round 4] pick 1/5: COCCN1CCN(c2ccc3ccc(C(=O)NC4CC4)cn23)CC1 | UCB=1.087 | mu=0.2185 | std=0.8681 | f=0.3673
2025-10-08 15:12:41,636 - INFO - [round 4] pick 2/5: CCC(C(=O)NO)C(CO)Cc1c[n+](CC(=NO)c2ccc(Br)cc2)cn1C | UCB=1.077 | mu=0.1299 | std=0.9473 | f=0.3358
2025-10-08 15:12:41,641 - INFO - [round 4] pick 3/5: NS(=O)(=O)c1ccc(C(=O)OCc2cn(C3OC(CO)C(OC4OC(CO)C(O)C(O)C4O)C(O)C3O)nn2)cc1 | UCB=1.071 | mu=0.1129 | std=0.958 | f=0.2988
2025-10-08 15:12:41,646 - INFO - [round 4] pick 4/5: CCCCCCCCn1cc(CCCN(C)C)c2ccccc21 | UCB=1.064 | mu=0.1096 | std=0.9539 | f=0.2652
2025-10-08 15:12:41,651 - INFO - [round 4] pick 5/5: O=C(Nn1cnnc1)c1ccoc1 | UCB=1.061 | mu=0.09157 | std=0.9694 | f=0.2193
2025-10-08 15:12:41,657 - INFO - Round 4 done in 22.12s; train size=35
2025-10-08 15:12:41,657 - INFO - 
--- Round 5 | trial=1 | sqrt_beta=1.0000 (beta=1.0000) | rho=0.50 | train size=35 ---
f1 shape: (5,)
2025-10-08 15:13:06,310 - INFO - [round 5] pick 1/5: CC(=O)c1ccc(N2CC(Cn3cc(CCO)nn3)OC2=O)cc1 | UCB=1.113 | mu=0.1842 | std=0.9286 | f=0.3074
2025-10-08 15:13:06,316 - INFO - [round 5] pick 2/5: CC(=NNC(=O)c1nn(C)cc1Br)c1ccncc1 | UCB=1.108 | mu=0.1652 | std=0.9428 | f=0.2626
2025-10-08 15:13:06,322 - INFO - [round 5] pick 3/5: CC(C)(O)C(O)Cc1cn(C2OC(CO)C(O)C(O)C2O)c2ccccc12 | UCB=1.096 | mu=0.1577 | std=0.9387 | f=0.2732
2025-10-08 15:13:06,329 - INFO - [round 5] pick 4/5: O=C(OCCF)C1C(c2ccc(Br)cc2)CC2CCC1N2CCCF | UCB=1.095 | mu=0.1426 | std=0.9524 | f=0.1446
2025-10-08 15:13:06,335 - INFO - [round 5] pick 5/5: CC1CCC2(C(=O)OCCN3CCN(C(=O)c4ccc(F)cc4)CC3)CCC3(C)C(=CCC4C5(C)CCC(O)C(C)(C)C5CCC43C)C2C1C | UCB=1.089 | mu=0.1339 | std=0.9554 | f=0.1352
2025-10-08 15:13:06,343 - INFO - Round 5 done in 24.69s; train size=40
2025-10-08 15:13:06,343 - INFO - 
--- Round 6 | trial=1 | sqrt_beta=1.0000 (beta=1.0000) | rho=0.50 | train size=40 ---
f1 shape: (5,)
2025-10-08 15:13:33,726 - INFO - [round 6] pick 1/5: Cc1ccccc1Cn1cc(CCCCC(=O)NO)nn1 | UCB=1.124 | mu=0.2059 | std=0.9185 | f=0.2875
2025-10-08 15:13:33,734 - INFO - [round 6] pick 2/5: N=c1sccn1CC(=O)c1ccc(Br)cc1 | UCB=1.113 | mu=0.1923 | std=0.9209 | f=0.2122
2025-10-08 15:13:33,742 - INFO - [round 6] pick 3/5: CCN(Cc1cccc(C(=O)Nc2cn(C)nn2)c1)C1COCC1O | UCB=1.121 | mu=0.194 | std=0.9271 | f=0.3437
2025-10-08 15:13:33,750 - INFO - [round 6] pick 4/5: Cc1ccc(CN(C(=O)N(CCCl)N=O)C2OC(CO)C(COCC3OC(CO)C(O)C(O)C3O)C(O)C2O)cc1 | UCB=1.092 | mu=0.1597 | std=0.9327 | f=0.1017
2025-10-08 15:13:33,759 - INFO - [round 6] pick 5/5: CN1CCN(Cc2cn3c(n2)CN(Cc2ccncc2)CC3)CC1 | UCB=1.096 | mu=0.1483 | std=0.9476 | f=0.2601
2025-10-08 15:13:33,768 - INFO - Round 6 done in 27.42s; train size=45
2025-10-08 15:13:33,768 - INFO - 
--- Round 7 | trial=1 | sqrt_beta=1.0000 (beta=1.0000) | rho=0.50 | train size=45 ---
f1 shape: (5,)
2025-10-08 15:14:04,372 - INFO - [round 7] pick 1/5: CCN(C)C(=O)N1CCN(C(=S)SCc2cn(Cc3ccc(F)cc3)nn2)CC1 | UCB=1.13 | mu=0.214 | std=0.916 | f=0.3297
2025-10-08 15:14:04,382 - INFO - [round 7] pick 2/5: CC(C)n1cc(C(=O)NCC(CO)Cc2cccs2)cn1 | UCB=1.125 | mu=0.1957 | std=0.9297 | f=0.3474
2025-10-08 15:14:04,392 - INFO - [round 7] pick 3/5: NC1CCC(n2cc(C(=O)NC3CCc4ccccc4C3)nn2)CC1 | UCB=1.117 | mu=0.1744 | std=0.9429 | f=0.341
2025-10-08 15:14:04,403 - INFO - [round 7] pick 4/5: Cn1cc(C(=O)c2ccc(Cl)cc2)cc1C=CC(=O)NO | UCB=1.116 | mu=0.1939 | std=0.9226 | f=0.2899
2025-10-08 15:14:04,414 - INFO - [round 7] pick 5/5: O=c1nc(NO)c(CO)cn1C1CC(O)C(CCO)O1 | UCB=1.095 | mu=0.1347 | std=0.9607 | f=0.1194
2025-10-08 15:14:04,425 - INFO - Round 7 done in 30.66s; train size=50
2025-10-08 15:14:04,425 - INFO - 
--- Round 8 | trial=1 | sqrt_beta=1.0000 (beta=1.0000) | rho=0.50 | train size=50 ---
f1 shape: (5,)
2025-10-08 15:14:38,332 - INFO - [round 8] pick 1/5: Cc1ccc(CN2CCC3(CCC3NC(=O)c3ccn(C)c3)CC2)s1 | UCB=1.145 | mu=0.2295 | std=0.9159 | f=0.3423
2025-10-08 15:14:38,344 - INFO - [round 8] pick 2/5: O=C(NO)c1cn(CC=Cc2ccccc2)nn1 | UCB=1.142 | mu=0.2275 | std=0.9145 | f=0.2457
2025-10-08 15:14:38,356 - INFO - [round 8] pick 3/5: CCCCn1cnc(C(Cc2ccc(N)nc2)C(=O)O)c1 | UCB=1.14 | mu=0.2127 | std=0.9278 | f=0.3333
2025-10-08 15:14:38,369 - INFO - [round 8] pick 4/5: CNc1cccc(CC2COCCN(C(=O)c3cnn(C)c3)C2)n1 | UCB=1.145 | mu=0.2225 | std=0.9224 | f=0.3199
2025-10-08 15:14:38,383 - INFO - [round 8] pick 5/5: CN(C)Cc1cn(CCC2CCC(N)C(CO)O2)nn1 | UCB=1.105 | mu=0.1609 | std=0.9443 | f=0.1295
2025-10-08 15:14:38,396 - INFO - Round 8 done in 33.97s; train size=55
2025-10-08 15:14:38,397 - INFO - 
--- Round 9 | trial=1 | sqrt_beta=1.0000 (beta=1.0000) | rho=0.50 | train size=55 ---
f1 shape: (5,)
2025-10-08 15:15:14,361 - INFO - [round 9] pick 1/5: CCCn1cc(NC(=O)c2cccc(CN3CCC(O)C3)c2)nn1 | UCB=1.154 | mu=0.2904 | std=0.8636 | f=0.3718
2025-10-08 15:15:14,375 - INFO - [round 9] pick 2/5: CSCC(=O)N(C)Cc1cnn(-c2ccc(F)cc2)c1 | UCB=1.143 | mu=0.2283 | std=0.9145 | f=0.2593
2025-10-08 15:15:14,390 - INFO - [round 9] pick 3/5: O=C(O)Cn1cc(C(=S)N2CCOCC2)c2ccccc21 | UCB=1.142 | mu=0.2316 | std=0.9101 | f=0.3176
2025-10-08 15:15:14,405 - INFO - [round 9] pick 4/5: O=C(NC1CCc2nccn2C1)c1ccc(OCC2CC2)nc1 | UCB=1.142 | mu=0.2215 | std=0.9208 | f=0.3621
2025-10-08 15:15:14,421 - INFO - [round 9] pick 5/5: CC(NCCCc1cnn(C)c1)c1ccc(Cl)s1 | UCB=1.136 | mu=0.1982 | std=0.9374 | f=0.2822
2025-10-08 15:15:14,438 - INFO - Round 9 done in 36.04s; train size=60
2025-10-08 15:15:14,438 - INFO - 
--- Round 10 | trial=1 | sqrt_beta=1.0000 (beta=1.0000) | rho=0.50 | train size=60 ---
f1 shape: (5,)
2025-10-08 15:15:53,139 - INFO - [round 10] pick 1/5: CCOc1ccccc1CNC(=O)N1CCC(Cc2cnn(C)c2)C1 | UCB=1.164 | mu=0.2654 | std=0.8989 | f=0.3795
2025-10-08 15:15:53,157 - INFO - [round 10] pick 2/5: Cc1ccc(C(NC(=O)Cn2cc(C3CC3)nn2)C2CC2)cc1 | UCB=1.161 | mu=0.2584 | std=0.9025 | f=0.3651
2025-10-08 15:15:53,174 - INFO - [round 10] pick 3/5: CCSCCn1nnc2cc(C(=O)O)ccc21 | UCB=1.152 | mu=0.2286 | std=0.9231 | f=0.3191
2025-10-08 15:15:53,192 - INFO - [round 10] pick 4/5: O=C(NC1CN2CCC1CC2)c1cc2c(Br)cccn2c1 | UCB=1.157 | mu=0.2412 | std=0.9157 | f=0.3581
2025-10-08 15:15:53,211 - INFO - [round 10] pick 5/5: O=C(c1ccc(Cn2cc(Br)cn2)o1)N1N=C(C(F)F)CC1(O)C(F)F | UCB=1.136 | mu=0.1864 | std=0.9493 | f=0.2601
2025-10-08 15:15:53,230 - INFO - Round 10 done in 38.79s; train size=65
2025-10-08 15:15:53,230 - INFO - 
--- Round 11 | trial=1 | sqrt_beta=1.0000 (beta=1.0000) | rho=0.50 | train size=65 ---
f1 shape: (5,)
2025-10-08 15:16:35,582 - INFO - [round 11] pick 1/5: Cc1cnn(CCC(=O)Nc2cccnc2N2CCC(CO)CC2)c1 | UCB=1.181 | mu=0.2739 | std=0.9069 | f=0.3673
2025-10-08 15:16:35,602 - INFO - [round 11] pick 2/5: CCc1ccc(C(=O)NC2CCN(c3ccn(C)n3)C2)o1 | UCB=1.173 | mu=0.2638 | std=0.9097 | f=0.3459
2025-10-08 15:16:35,623 - INFO - [round 11] pick 3/5: Cc1cccc(C(=O)n2cc(Br)cn2)c1 | UCB=1.167 | mu=0.2636 | std=0.9032 | f=0.2152
2025-10-08 15:16:35,644 - INFO - [round 11] pick 4/5: O=S1(=O)CC(N2CCSCC2)CN1Cc1cn(Cc2cccc(Cl)c2)nn1 | UCB=1.155 | mu=0.2337 | std=0.9209 | f=0.2823
2025-10-08 15:16:35,666 - INFO - [round 11] pick 5/5: CC(=O)NC1C(C(O)C(O)CO)OC(C(=O)O)=CC1n1cc(-c2ccccc2)nn1 | UCB=1.152 | mu=0.2299 | std=0.9218 | f=0.3523
2025-10-08 15:16:35,689 - INFO - Round 11 done in 42.46s; train size=70
2025-10-08 15:16:35,689 - INFO - 
--- Round 12 | trial=1 | sqrt_beta=1.0000 (beta=1.0000) | rho=0.50 | train size=70 ---
f1 shape: (5,)
2025-10-08 15:17:20,655 - INFO - [round 12] pick 1/5: CCCC(=O)N1CCC(n2cc(-c3cc(C(=O)O)ccn3)nn2)C1 | UCB=1.185 | mu=0.2771 | std=0.9083 | f=0.3979
2025-10-08 15:17:20,678 - INFO - [round 12] pick 2/5: CCn1cc(SCC(=O)NC2CCCC2)c2ccccc21 | UCB=1.18 | mu=0.2881 | std=0.8922 | f=0.4226
2025-10-08 15:17:20,702 - INFO - [round 12] pick 3/5: Cn1ccnc1-c1cnn(CC(=O)Nc2ccnn2C)c1 | UCB=1.168 | mu=0.2454 | std=0.9231 | f=0.09382
2025-10-08 15:17:20,727 - INFO - [round 12] pick 4/5: FC1(c2cn(-c3ccc(Br)cc3)nn2)CN2CCC1CC2 | UCB=1.158 | mu=0.2403 | std=0.9173 | f=0.2705
2025-10-08 15:17:20,752 - INFO - [round 12] pick 5/5: CC1(C)C(NC(=O)c2cnn(CCO)c2)C(C)(C)C1Oc1ccc(C#N)c(Cl)c1 | UCB=1.157 | mu=0.2329 | std=0.9239 | f=0.3208
2025-10-08 15:17:20,778 - INFO - Round 12 done in 45.09s; train size=75
2025-10-08 15:17:20,778 - INFO - 
--- Round 13 | trial=1 | sqrt_beta=1.0000 (beta=1.0000) | rho=0.50 | train size=75 ---
f1 shape: (5,)
2025-10-08 15:18:07,830 - INFO - [round 13] pick 1/5: CCCN1CCC(NC(=O)CCc2nnc(-c3ccccc3)o2)CC1 | UCB=1.188 | mu=0.2989 | std=0.8895 | f=0.378
2025-10-08 15:18:07,857 - INFO - [round 13] pick 2/5: CNC(=O)c1ccc(C(=O)N2CCCC(n3cc(C)cn3)C2)cn1 | UCB=1.186 | mu=0.301 | std=0.8854 | f=0.3733
2025-10-08 15:18:07,884 - INFO - [round 13] pick 3/5: O=C(O)c1ccc2c(c1)CC(Cn1ccnc1)C2 | UCB=1.173 | mu=0.2563 | std=0.9162 | f=0.2975
2025-10-08 15:18:07,912 - INFO - [round 13] pick 4/5: CC(C)n1cc(CN2CCN(C)C(CCO)C2)c2ccccc21 | UCB=1.173 | mu=0.2752 | std=0.8978 | f=0.3388
2025-10-08 15:18:07,941 - INFO - [round 13] pick 5/5: N#CC1(n2cc(C(NC(=O)c3ccsc3)C3CCCCC3)nn2)CC1 | UCB=1.161 | mu=0.2274 | std=0.9332 | f=0.3795
2025-10-08 15:18:07,970 - INFO - Round 13 done in 47.19s; train size=80
2025-10-08 15:18:07,970 - INFO - 
--- Round 14 | trial=1 | sqrt_beta=1.0000 (beta=1.0000) | rho=0.50 | train size=80 ---
f1 shape: (5,)
2025-10-08 15:18:57,836 - INFO - [round 14] pick 1/5: CCCSc1c(C(=O)NC2CCCCC2)cnn1-c1ccc(C(=O)O)cc1 | UCB=1.196 | mu=0.3162 | std=0.8796 | f=0.4724
2025-10-08 15:18:57,868 - INFO - [round 14] pick 2/5: CCN(CC)C(=O)c1cn(C2CCN(Cc3ccco3)CC2)nn1 | UCB=1.19 | mu=0.2915 | std=0.8981 | f=0.3841
2025-10-08 15:18:57,900 - INFO - [round 14] pick 3/5: NC(CO)c1cn(C(Cc2cc3ccccc3[nH]2)C(=O)N2CCNCC2)nn1 | UCB=1.181 | mu=0.2589 | std=0.9219 | f=0.1172
2025-10-08 15:18:57,934 - INFO - [round 14] pick 4/5: CCn1cc(-c2ccc(CC(C#N)NC(=O)C3NC4CCC3C4)s2)cn1 | UCB=1.182 | mu=0.2575 | std=0.9242 | f=0.3984
2025-10-08 15:18:57,967 - INFO - [round 14] pick 5/5: CC1CN(c2ncnc3ccccc23)CCO1 | UCB=1.167 | mu=0.2412 | std=0.9255 | f=0.2284
2025-10-08 15:18:58,007 - INFO - Round 14 done in 50.04s; train size=85
2025-10-08 15:18:58,007 - INFO - 
--- Round 15 | trial=1 | sqrt_beta=1.0000 (beta=1.0000) | rho=0.50 | train size=85 ---
f1 shape: (5,)
2025-10-08 15:19:50,674 - INFO - [round 15] pick 1/5: CCn1cc(CN2CC3CCC2CN(C(=O)c2ccncc2)C3)cn1 | UCB=1.199 | mu=0.3031 | std=0.8964 | f=0.3659
2025-10-08 15:19:50,708 - INFO - [round 15] pick 2/5: CC(C)c1ccc(-n2nnnc2SCC(=O)NC2CC2)cc1 | UCB=1.195 | mu=0.3009 | std=0.894 | f=0.3565
2025-10-08 15:19:50,743 - INFO - [round 15] pick 3/5: CCCCCn1cc(C(=O)NC2CCCCCC2)c(=O)n2nc(-c3ccco3)cc12 | UCB=1.189 | mu=0.2915 | std=0.897 | f=0.1557
2025-10-08 15:19:50,779 - INFO - [round 15] pick 4/5: CC1(C#N)CCCC1Nc1c(C(N)=O)cnn2cccc12 | UCB=1.179 | mu=0.2466 | std=0.9326 | f=0.3189
2025-10-08 15:19:50,816 - INFO - [round 15] pick 5/5: O=C(O)c1ccc2c(c1)C1C=CCC1CN2 | UCB=1.163 | mu=0.2357 | std=0.9274 | f=0.1125
2025-10-08 15:19:50,853 - INFO - Round 15 done in 52.85s; train size=90
2025-10-08 15:19:50,853 - INFO - 
--- Round 16 | trial=1 | sqrt_beta=1.0000 (beta=1.0000) | rho=0.50 | train size=90 ---
f1 shape: (5,)
2025-10-08 15:20:46,255 - INFO - [round 16] pick 1/5: CCn1nc(C(=O)NC2CC3CCCC(C2)N3C)c2ccccc21 | UCB=1.197 | mu=0.3094 | std=0.8874 | f=0.4201
2025-10-08 15:20:46,294 - INFO - [round 16] pick 2/5: CCNC(=O)C1CCN(Cc2ccc(C(=O)Nc3cnns3)cc2)C1 | UCB=1.195 | mu=0.31 | std=0.8853 | f=0.3673
2025-10-08 15:20:46,333 - INFO - [round 16] pick 3/5: CC1CCC(C(C)(NC(=O)c2ccsc2)c2cn(CC#N)nn2)CC1 | UCB=1.191 | mu=0.2882 | std=0.9028 | f=0.3563
2025-10-08 15:20:46,373 - INFO - [round 16] pick 4/5: CCC(=O)N1CCC(Cc2cnc(Nc3cnccn3)cn2)CC1 | UCB=1.185 | mu=0.2695 | std=0.9153 | f=0.3578
2025-10-08 15:20:46,413 - INFO - [round 16] pick 5/5: CN(Cc1cnn(C)c1)CC(O)c1ccc2c(c1)OCCCO2 | UCB=1.156 | mu=0.2328 | std=0.9234 | f=0.2955
2025-10-08 15:20:46,455 - INFO - Round 16 done in 55.60s; train size=95
2025-10-08 15:20:46,455 - INFO - 
--- Round 17 | trial=1 | sqrt_beta=1.0000 (beta=1.0000) | rho=0.50 | train size=95 ---
f1 shape: (5,)
2025-10-08 15:21:45,692 - INFO - [round 17] pick 1/5: Cc1ccc(N(C)C2CCN(C(=O)c3ccsc3)CC2)nn1 | UCB=1.203 | mu=0.3107 | std=0.8924 | f=0.3278
2025-10-08 15:21:45,735 - INFO - [round 17] pick 2/5: CCn1ncnc1CN1CCC(CNC(=O)c2cccnc2O)C1 | UCB=1.194 | mu=0.2929 | std=0.9015 | f=0.3592
2025-10-08 15:21:45,779 - INFO - [round 17] pick 3/5: CCC(N)C(=O)NC1CCC2CCC(C(=O)NCc3ccccc3)N2C1 | UCB=1.188 | mu=0.2812 | std=0.9072 | f=0.1638
2025-10-08 15:21:45,823 - INFO - [round 17] pick 4/5: O=C(CC1CCCC1)Nc1ccc(-n2cc(Cl)cn2)nc1 | UCB=1.201 | mu=0.3053 | std=0.8956 | f=0.3845
2025-10-08 15:21:45,869 - INFO - [round 17] pick 5/5: CCCCCc1ccc(-c2cn(C3CC(CO)N(C)O3)nn2)cc1 | UCB=1.166 | mu=0.2633 | std=0.903 | f=0.3199
2025-10-08 15:21:45,915 - INFO - Round 17 done in 59.46s; train size=100
2025-10-08 15:21:45,915 - INFO - 
--- Round 18 | trial=1 | sqrt_beta=1.0000 (beta=1.0000) | rho=0.50 | train size=100 ---
f1 shape: (5,)
2025-10-08 15:22:46,134 - INFO - [round 18] pick 1/5: CN(CC1CCCCC1)C(=O)c1cn(C)nc1-c1cccnc1 | UCB=1.205 | mu=0.3118 | std=0.8927 | f=0.4013
2025-10-08 15:22:46,182 - INFO - [round 18] pick 2/5: O=C(Nc1cnn(Cc2ccc(Cl)cc2)c1)N1CCCC1CO | UCB=1.202 | mu=0.3162 | std=0.8855 | f=0.3374
2025-10-08 15:22:46,230 - INFO - [round 18] pick 3/5: CCN1CCC2(CC1)CC(NC(=O)c1csnn1)c1ccccc1O2 | UCB=1.198 | mu=0.2949 | std=0.903 | f=0.3282
2025-10-08 15:22:46,279 - INFO - [round 18] pick 4/5: CCNc1ncc(C(=O)NC2CCSC2)cn1 | UCB=1.18 | mu=0.2555 | std=0.9246 | f=0.1226
2025-10-08 15:22:46,328 - INFO - [round 18] pick 5/5: CCOCC1CN(Cc2ccoc2)Cc2cn(CC3CC3)nc21 | UCB=1.181 | mu=0.2556 | std=0.9253 | f=0.3621
2025-10-08 15:22:46,379 - INFO - Round 18 done in 60.46s; train size=105
2025-10-08 15:22:46,379 - INFO - 
--- Round 19 | trial=1 | sqrt_beta=1.0000 (beta=1.0000) | rho=0.50 | train size=105 ---
