2025-09-29 23:24:16,297 - INFO - 
--- Trial 1, sqrt_beta=1.0, Round 0 (train size=10) ---
f1 shape: (5,)
2025-09-29 23:24:24,063 - INFO - [round 0] pick 1/5: COc1ccc2[nH]cc(C(=O)C(=O)NC(Cc3ccccc3)C(=O)O)c2c1 | UCB=1.31 | f=0.5623
2025-09-29 23:24:24,064 - INFO - [round 0] pick 2/5: CCN(CC)C(=O)C1CCC(N=C(O)c2ccc3[nH]nc(-c4ccnc(C)c4)c3c2)CN1Cc1c(F)cccc1OC | UCB=1.307 | f=0.4965
2025-09-29 23:24:24,065 - INFO - [round 0] pick 3/5: O=C(CC(Cc1ccc2c(c1)OCO2)C(=O)NC1c2ccccc2CC1O)NO | UCB=1.289 | f=0.6123
2025-09-29 23:24:24,066 - INFO - [round 0] pick 4/5: O=C(CSc1ncccn1)N(Cc1cccnc1)C(CCc1ccccc1)c1nc2ccccc2[nH]1 | UCB=1.277 | f=0.4681
2025-09-29 23:24:24,068 - INFO - [round 0] pick 5/5: CCCCC(=O)Nc1cc(OCC)c(NC(=O)c2ccccc2[N+](=O)[O-])cc1OCC | UCB=1.266 | f=0.534
2025-09-29 23:24:24,069 - INFO - Round 0 done in 7.77s; train size=15
2025-09-29 23:24:24,069 - INFO - 
--- Trial 1, sqrt_beta=1.0, Round 1 (train size=15) ---
f1 shape: (5,)
2025-09-29 23:24:34,153 - INFO - [round 1] pick 1/5: COc1ccc(S(=O)(=O)N(Cc2ccc3c(c2)OCO3)C(CCNC(=O)CCc2nc3ccccc3[nH]2)C(=O)NO)cc1 | UCB=1.355 | f=0.6404
2025-09-29 23:24:34,155 - INFO - [round 1] pick 2/5: CCOC(=O)C(Cc1ccccc1)NC1CCc2ccccc2N(CC(=O)O)C1=O | UCB=1.346 | f=0.64
2025-09-29 23:24:34,157 - INFO - [round 1] pick 3/5: Cc1cc(-c2n[nH]c3cc(NC(=O)NC4c5ccccc5CC4O)ncc23)ccn1 | UCB=1.339 | f=0.5743
2025-09-29 23:24:34,159 - INFO - [round 1] pick 4/5: CCN(CC)c1ccc(C(=O)c2ccccc2C(=O)O)c(O)c1 | UCB=1.329 | f=0.4907
2025-09-29 23:24:34,161 - INFO - [round 1] pick 5/5: COc1cc(C=CC(=O)NC2CCC(NC(=O)C(O)C(N)CCc3ccccc3)CC2)cc(OC)c1OC | UCB=1.318 | f=0.6453
2025-09-29 23:24:34,163 - INFO - Round 1 done in 10.09s; train size=20
2025-09-29 23:24:34,163 - INFO - 
--- Trial 1, sqrt_beta=1.0, Round 2 (train size=20) ---
f1 shape: (5,)
2025-09-29 23:24:48,799 - INFO - [round 2] pick 1/5: CNC(=O)C(Cc1ccc(OC)cc1)NS(=O)(=O)C(CCc1ccccc1)CC(=O)NO | UCB=1.397 | f=0.5933
2025-09-29 23:24:48,801 - INFO - [round 2] pick 2/5: COC(=O)c1ccc2nc(-c3cc(OC)c(O)c(C(=O)NC4CCN(Cc5ccccc5)CC4)c3)[nH]c2c1 | UCB=1.385 | f=0.6669
2025-09-29 23:24:48,804 - INFO - [round 2] pick 3/5: CC1=C(C(=O)OCc2ccccc2)C(c2ccc3c(c2)OCO3)NC(=O)N1CCCC(=O)O | UCB=1.388 | f=0.6131
2025-09-29 23:24:48,807 - INFO - [round 2] pick 4/5: CC(=O)NC(Cc1c[nH]c2ccccc12)C(=O)NC1CCCc2ccccc21 | UCB=1.371 | f=0.4001
2025-09-29 23:24:48,810 - INFO - [round 2] pick 5/5: CCC1(OC(=O)CNC(=O)CNC(=O)CCC(N)C(=O)O)C(=O)OCc2c1cc1n(c2=O)Cc2cc3ccccc3nc2-1 | UCB=1.331 | f=0.5834
2025-09-29 23:24:48,813 - INFO - Round 2 done in 14.65s; train size=25
2025-09-29 23:24:48,813 - INFO - 
--- Trial 1, sqrt_beta=1.0, Round 3 (train size=25) ---
f1 shape: (5,)
2025-09-29 23:25:05,481 - INFO - [round 3] pick 1/5: CCOC(=O)C(CCc1ccccc1)NC(C)C(=O)N1Cc2cc(OC)c(OC)cc2CC1C(=O)O | UCB=1.412 | f=0.6158
2025-09-29 23:25:05,485 - INFO - [round 3] pick 2/5: Cn1c(=O)[nH]c2ncc(-c3cccc(C(=O)NCC(Cc4ccccc4)C(=O)O)c3)cc21 | UCB=1.404 | f=0.6046
2025-09-29 23:25:05,488 - INFO - [round 3] pick 3/5: CCCCOC(=O)NC(C(=O)NO)C1CCN(c2ccc(OCc3cc(C)nc4ccccc34)cc2)C1=O | UCB=1.391 | f=0.6376
2025-09-29 23:25:05,492 - INFO - [round 3] pick 4/5: COc1ccc2cc(CN(CCc3ccccc3)Cc3nnnn3CC3CCCO3)c(O)nc2c1 | UCB=1.383 | f=0.6624
2025-09-29 23:25:05,497 - INFO - [round 3] pick 5/5: CCOC(=O)c1[nH]c2ccc(OC)cc2c1NC(=O)C=Cc1ccc2c(c1)OCO2 | UCB=1.35 | f=0.5398
2025-09-29 23:25:05,501 - INFO - Round 3 done in 16.69s; train size=30
2025-09-29 23:25:05,501 - INFO - 
--- Trial 1, sqrt_beta=1.0, Round 4 (train size=30) ---
f1 shape: (5,)
2025-09-29 23:25:25,264 - INFO - [round 4] pick 1/5: CCN1CCCC1CN(Cc1cc2cc(OC)ccc2nc1O)C(=O)NCc1ccccc1 | UCB=1.434 | f=0.5463
2025-09-29 23:25:25,270 - INFO - [round 4] pick 2/5: CCCCOc1cc(C=CC(=O)O)ccc1OC(=O)CCc1ccccc1 | UCB=1.424 | f=0.3837
2025-09-29 23:25:25,275 - INFO - [round 4] pick 3/5: CC(=O)c1cc2c(cc1N(C(=O)Cn1nnc3ccccc31)C(C(=O)NCCC(C)C)c1cccnc1)OCO2 | UCB=1.392 | f=0.5865
2025-09-29 23:25:25,280 - INFO - [round 4] pick 4/5: COC(=O)c1c(Cc2ccc(C(=O)NC3CCC(O)CC3)cc2)c(=O)c2cccnc2n1-c1ccccc1 | UCB=1.403 | f=0.61
2025-09-29 23:25:25,286 - INFO - [round 4] pick 5/5: COc1cc(OC)c(S(=O)(=O)N2c3ccccc3CCC2C)cc1NC(=O)NCC(=O)O | UCB=1.395 | f=0.5664
2025-09-29 23:25:25,292 - INFO - Round 4 done in 19.79s; train size=35
2025-09-29 23:25:25,292 - INFO - 
--- Trial 1, sqrt_beta=1.0, Round 5 (train size=35) ---
f1 shape: (5,)
2025-09-29 23:25:47,415 - INFO - [round 5] pick 1/5: COc1ccc(-c2cc(C(=O)OCC(=O)NC3CC3)c3ccccc3n2)cc1OC | UCB=1.424 | f=0.5988
2025-09-29 23:25:47,421 - INFO - [round 5] pick 2/5: CCC1(CC)C(=O)N(C(=O)NCc2ccccc2)C1Oc1ccc2cc(C(=O)O)ccc2c1 | UCB=1.422 | f=0.5765
2025-09-29 23:25:47,428 - INFO - [round 5] pick 3/5: COc1cc(C(=O)NC(Cc2ccccc2)C(O)CN(CCc2ccc3c(c2)OCO3)C(=O)C2CCN(C(C)=O)CC2)cc(OC)c1OCc1ccccc1 | UCB=1.419 | f=0.5497
2025-09-29 23:25:47,435 - INFO - [round 5] pick 4/5: CCCCOC(=O)N1CC2(CC(C(=O)NCC(NS(=O)(=O)c3c(C)cc(C)cc3C)C(=O)O)=NO2)CC1CNc1nc2ccccc2[nH]1 | UCB=1.381 | f=0.5765
2025-09-29 23:25:47,442 - INFO - [round 5] pick 5/5: COc1ccc2cc(C(c3nnnn3CC3CCCO3)N3CCc4ccccc43)c(=O)[nH]c2c1 | UCB=1.379 | f=0.6348
2025-09-29 23:25:47,450 - INFO - Round 5 done in 22.16s; train size=40
2025-09-29 23:25:47,450 - INFO - 
--- Trial 1, sqrt_beta=1.0, Round 6 (train size=40) ---
f1 shape: (5,)
2025-09-29 23:26:13,306 - INFO - [round 6] pick 1/5: CCOC(=O)c1c(-c2cc3ccc(OC)cc3oc2=O)nn(-c2ccccc2)c1C(=O)OCC | UCB=1.428 | f=0.5313
2025-09-29 23:26:13,314 - INFO - [round 6] pick 2/5: COC(=O)c1cc2c(CCc3ccccc3)c(C(=O)NC3CCCCC3)[nH]c2cc1C | UCB=1.422 | f=0.2844
2025-09-29 23:26:13,323 - INFO - [round 6] pick 3/5: Cc1cc(O)cc(C)c1CC(N)C(=O)N1Cc2ccccc2CC1C(=O)NC(CCCCN)C(=O)c1nc2ccccc2[nH]1 | UCB=1.413 | f=0.6293
2025-09-29 23:26:13,332 - INFO - [round 6] pick 4/5: CCCOc1ccccc1C(=O)NC1(OC)C(=O)N2C(C(=O)OCc3ccc(C(=O)O)cc3)=C(CSc3nnnn3C)COC21 | UCB=1.406 | f=0.5822
2025-09-29 23:26:13,341 - INFO - [round 6] pick 5/5: COc1ccc(CC2CCOCC2)c(Nc2nc3ccccc3nc2NS(=O)(=O)c2cccnc2)c1 | UCB=1.392 | f=0.5797
2025-09-29 23:26:13,351 - INFO - Round 6 done in 25.90s; train size=45
2025-09-29 23:26:13,351 - INFO - 
--- Trial 1, sqrt_beta=1.0, Round 7 (train size=45) ---
f1 shape: (5,)
2025-09-29 23:26:41,571 - INFO - [round 7] pick 1/5: COc1ccc(NC(=O)C2Cc3ccc(OCC(=O)NO)cc3CN2C(=O)C(N)Cc2ccccc2)cc1 | UCB=1.434 | f=0.6184
2025-09-29 23:26:41,582 - INFO - [round 7] pick 2/5: COc1ccc(S(=O)(=O)NCCSC2c3ccccc3COc3ccc(C(=O)O)cc32)cc1OC | UCB=1.427 | f=0.629
2025-09-29 23:26:41,593 - INFO - [round 7] pick 3/5: O=C(O)CC1CCC(=O)N(CC(=O)NCC2CCC(Nc3nc4ccccc4[nH]3)CC2)c2ccccc21 | UCB=1.404 | f=0.6846
2025-09-29 23:26:41,604 - INFO - [round 7] pick 4/5: CCCCn1cnc2c(c1=O)c1nc3ccccc3nc1n2Cc1ccc2c(c1)OCO2 | UCB=1.383 | f=0.5347
2025-09-29 23:26:41,616 - INFO - [round 7] pick 5/5: C=CC1CC1(NC(=O)C1CC(Oc2cc(-c3ccccc3)nc3cc(OC)ccc23)CN1C(=O)C(CC(C)C)NC(=O)OC(C)(C)C)C(=O)O | UCB=1.41 | f=0.4691
2025-09-29 23:26:41,628 - INFO - Round 7 done in 28.28s; train size=50
2025-09-29 23:26:41,628 - INFO - 
--- Trial 1, sqrt_beta=1.0, Round 8 (train size=50) ---
f1 shape: (5,)
2025-09-29 23:27:12,909 - INFO - [round 8] pick 1/5: CCCCCC1(C(Oc2nc(C)cc(C)n2)C(=O)O)NCC(=O)N(Cc2ccc(OC)cc2)c2ccccc21 | UCB=1.434 | f=0.6318
2025-09-29 23:27:12,922 - INFO - [round 8] pick 2/5: COc1cc2ccc(S(=O)(=O)NC(CCCN=C(N)N)C(=O)N3CCC(c4ccccc4)CC3C(=O)O)cc2cc1OC | UCB=1.429 | f=0.6616
2025-09-29 23:27:12,935 - INFO - [round 8] pick 3/5: CCOc1ccc(NC(=O)CSc2nc3ccccc3c(=O)n2CCCC(=O)NCC2CCCO2)cc1 | UCB=1.422 | f=0.6146
2025-09-29 23:27:12,949 - INFO - [round 8] pick 4/5: COc1ccc(-c2cccc(CNc3nc4ccccc4[nH]3)c2)cc1S(=O)(=O)NC(CC(=O)O)c1ccccc1 | UCB=1.427 | f=0.4402
2025-09-29 23:27:12,963 - INFO - [round 8] pick 5/5: O=C(Cn1nnc(-c2ccc3c(c2)OCO3)n1)Nc1ccccc1C(=O)O | UCB=1.398 | f=0.5269
2025-09-29 23:27:12,977 - INFO - Round 8 done in 31.35s; train size=55
2025-09-29 23:27:12,977 - INFO - 
--- Trial 1, sqrt_beta=1.0, Round 9 (train size=55) ---
f1 shape: (5,)
2025-09-29 23:27:46,397 - INFO - [round 9] pick 1/5: CNC(C)C(=O)NC1C(=O)N(Cc2c(OC)ccc3cc(C(=O)O)ccc23)c2ccccc2OC12CCOCC2 | UCB=1.433 | f=0.6435
2025-09-29 23:27:46,412 - INFO - [round 9] pick 2/5: COc1ccc(S(=O)(=O)Nc2nc(NCCCCC(=O)NO)c3ncn(Cc4ccccc4)c3n2)cc1 | UCB=1.426 | f=0.5772
2025-09-29 23:27:46,428 - INFO - [round 9] pick 3/5: NC(=O)C1CCCN1C(=O)C(CCCN=c1c(O)c(O)c1=O)NC(=O)OCC1c2ccccc2-c2ccccc21 | UCB=1.409 | f=0.6361
2025-09-29 23:27:46,444 - INFO - [round 9] pick 4/5: CCCCN(C)C(=O)n1cc(C(=O)NC(Cc2cc(F)cc(F)c2)C(O)C2Cc3ccccc3CN2)c2cccnc21 | UCB=1.41 | f=0.5964
2025-09-29 23:27:46,462 - INFO - [round 9] pick 5/5: COc1ccc(C)cc1-n1nnnc1SCC(O)=C(C#N)c1nc2ccccc2[nH]1 | UCB=1.391 | f=0.4863
2025-09-29 23:27:46,480 - INFO - Round 9 done in 33.50s; train size=60
2025-09-29 23:27:46,480 - INFO - 
--- Trial 1, sqrt_beta=1.0, Round 10 (train size=60) ---
f1 shape: (5,)
2025-09-29 23:28:22,421 - INFO - [round 10] pick 1/5: CNC(=O)C(Cc1ccc(OC)cc1)NC(=O)C1(NC(CCN2C(=O)c3cc4ccccc4cc3C2=O)C(=O)O)CCCCC1 | UCB=1.433 | f=0.6669
2025-09-29 23:28:22,440 - INFO - [round 10] pick 2/5: Cc1ccc2[nH]c(CNC(=O)c3ccc4c(c3)CN(Cc3ccccc3)C(=O)C(CC(=O)O)N4)nc2n1 | UCB=1.432 | f=0.6039
2025-09-29 23:28:22,459 - INFO - [round 10] pick 3/5: COc1cc(O)c(S(=O)(=O)N2c3ccccc3Oc3ccccc32)cc1NC(=O)C1C(C)C1C(=O)O | UCB=1.427 | f=0.5509
2025-09-29 23:28:22,479 - INFO - [round 10] pick 4/5: CCN(CC)CCCOc1ccc2nc(-c3ccccc3)n(CC(=O)NCC3CC3)c(=O)c2c1 | UCB=1.418 | f=0.4967
2025-09-29 23:28:22,499 - INFO - [round 10] pick 5/5: CCC(c1nc2ccccc2[nH]1)N(C(=O)Cc1cc(OC)cc(OC)c1)c1ccc(N2CCOCC2)cc1 | UCB=1.424 | f=0.4296
2025-09-29 23:28:22,520 - INFO - Round 10 done in 36.04s; train size=65
2025-09-29 23:28:22,520 - INFO - 
--- Trial 1, sqrt_beta=1.0, Round 11 (train size=65) ---
f1 shape: (5,)
2025-09-29 23:29:02,309 - INFO - [round 11] pick 1/5: COc1ccc(OC)c(NC(=O)CSC2=Nc3ccccc3C3=NC(CC(=O)NCc4ccc5c(c4)OCO5)C(=O)N23)c1 | UCB=1.435 | f=0.5671
2025-09-29 23:29:02,331 - INFO - [round 11] pick 2/5: CCC(C)C(NC(=O)C(Cc1ccccc1)n1c(=O)[nH]c2ccccc2c1=O)C(=O)NCC1CCC(C(=O)O)CC1 | UCB=1.424 | f=0.604
2025-09-29 23:29:02,353 - INFO - [round 11] pick 3/5: CC(=O)N1CCCC1c1cc2[nH]c(-c3ccccn3)nc2cc1Oc1ccc(C(N)=O)cc1 | UCB=1.421 | f=0.6282
2025-09-29 23:29:02,376 - INFO - [round 11] pick 4/5: O=C(CN1CC(CO)=CCC(NC(=O)c2ccc3ccccc3c2)C1=O)NC1CC(=O)OC1O | UCB=1.42 | f=0.6612
2025-09-29 23:29:02,400 - INFO - [round 11] pick 5/5: COc1cc2c(cc1OC)C(c1ccccc1)N(CCCCCCc1ccc(O)c(C=NO)n1)CC2 | UCB=1.401 | f=0.5536
2025-09-29 23:29:02,425 - INFO - Round 11 done in 39.91s; train size=70
2025-09-29 23:29:02,425 - INFO - 
--- Trial 1, sqrt_beta=1.0, Round 12 (train size=70) ---
f1 shape: (5,)
2025-09-29 23:29:44,398 - INFO - [round 12] pick 1/5: CNC(=O)C(Cc1ccc2ccccc2c1)N1CCC(=O)N(Cc2cccc(O)c2)C(CC(C)C)C1=O | UCB=1.441 | f=0.7058
2025-09-29 23:29:44,423 - INFO - [round 12] pick 2/5: O=C(NCC(NS(=O)(=O)c1ccccc1)C(=O)O)c1ccc2c(c1)C(=O)N(CCC1CCNCC1)C2 | UCB=1.431 | f=0.622
2025-09-29 23:29:44,449 - INFO - [round 12] pick 3/5: COCCCNC(=O)CNC(=O)c1nn(-c2ccc(OC)cc2OC)c(=O)c2ccccc12 | UCB=1.425 | f=0.5735
2025-09-29 23:29:44,476 - INFO - [round 12] pick 4/5: CCOC(=O)C1C(c2cc3ccccc3nc2Cl)NC(c2cc3ccccc3nc2Cl)C(C(=O)OCC)S1(=O)=O | UCB=1.418 | f=0.4761
2025-09-29 23:29:44,503 - INFO - [round 12] pick 5/5: CCCCc1c(Cc2ccc(-c3ccccc3-c3nc(=O)o[nH]3)cc2)c(=O)n(C2CCC(O)CC2)c2ncnn12 | UCB=1.403 | f=0.6432
2025-09-29 23:29:44,531 - INFO - Round 12 done in 42.11s; train size=75
2025-09-29 23:29:44,531 - INFO - 
--- Trial 1, sqrt_beta=1.0, Round 13 (train size=75) ---
f1 shape: (5,)
2025-09-29 23:30:31,087 - INFO - [round 13] pick 1/5: CC(C)(N)CC(=O)NC1CCc2ccccc2N(Cc2ccc(-c3ccccc3C(=O)NCCCO)cc2)C1=O | UCB=1.451 | f=0.6946
2025-09-29 23:30:31,116 - INFO - [round 13] pick 2/5: COc1cc(N(CC2CC2)c2ccc3ccccc3c2)cnc1C(=O)C1CC1C(=O)O | UCB=1.44 | f=0.5114
2025-09-29 23:30:31,146 - INFO - [round 13] pick 3/5: CC(C)CC(NC(=O)COc1ccc(O)cc1)C(=O)NC(CC1CCNC1=O)C(=O)c1nc2ccccc2s1 | UCB=1.443 | f=0.5963
2025-09-29 23:30:31,177 - INFO - [round 13] pick 4/5: C=CCN1C(=O)C2(C(C(=O)c3ccc4c(c3)OCCO4)=C(O)C(=O)N2CCCOC)c2ccccc21 | UCB=1.425 | f=0.6319
2025-09-29 23:30:31,208 - INFO - [round 13] pick 5/5: O=C1C(=O)N(Cc2nnnn2Cc2ccccc2)c2ccc(S(=O)(=O)N3CCCC3CF)cc21 | UCB=1.421 | f=0.5963
2025-09-29 23:30:31,240 - INFO - Round 13 done in 46.71s; train size=80
2025-09-29 23:30:31,241 - INFO - 
--- Trial 1, sqrt_beta=1.0, Round 14 (train size=80) ---
f1 shape: (5,)
2025-09-29 23:31:19,357 - INFO - [round 14] pick 1/5: N=C(N)c1ccc(CNC(=O)CN2C(=O)C(NS(=O)(=O)c3ccc4c(c3)CCO4)CCc3ccccc32)cc1 | UCB=1.452 | f=0.6064
2025-09-29 23:31:19,390 - INFO - [round 14] pick 2/5: O=C(O)CCCC(=O)N1CCc2ccccc2C1CN1C(=O)c2ccccc2C1=O | UCB=1.45 | f=0.6864
2025-09-29 23:31:19,424 - INFO - [round 14] pick 3/5: COc1cc(C=C2SC(=Nc3ccccc3)N(C(C)C(=O)NC(Cc3ccc(O)cc3)C(N)=O)C2=O)cc(OC)c1O | UCB=1.438 | f=0.5515
2025-09-29 23:31:19,459 - INFO - [round 14] pick 4/5: Cn1c(=O)n(C2CCC(OCCO)CC2)c2c3nc(-c4cnc5ccccc5c4)ccc3ncc21 | UCB=1.415 | f=0.6503
2025-09-29 23:31:19,495 - INFO - [round 14] pick 5/5: CCCCNC(=O)N1Cc2n[nH]c(NC(=O)C(C)c3ccc4ccccc4c3)c2C1 | UCB=1.425 | f=0.6078
2025-09-29 23:31:19,532 - INFO - Round 14 done in 48.29s; train size=85
2025-09-29 23:31:19,532 - INFO - 
--- Trial 1, sqrt_beta=1.0, Round 15 (train size=85) ---
f1 shape: (5,)
2025-09-29 23:32:11,102 - INFO - [round 15] pick 1/5: COc1ccc2c(c1)CCC1CN(CCCCNC(=O)c3ccc4ccccc4c3)CCN21 | UCB=1.45 | f=0.02384
2025-09-29 23:32:11,141 - INFO - [round 15] pick 2/5: CCC(=O)C1(O)C(=O)N2C(=C3C(=O)OCCC31)N(Cc1ccccc1)C(C)=C(C(=O)OC)C2c1ccccc1 | UCB=1.448 | f=0.611
2025-09-29 23:32:11,181 - INFO - [round 15] pick 3/5: CCCCc1nc(SC)c(C(=O)O)n1Cc1ccc(-c2ccccc2S(=O)(=O)NC(=O)OCC(C)C)cc1 | UCB=1.446 | f=0.4319
2025-09-29 23:32:11,222 - INFO - [round 15] pick 4/5: O=C(NC1Cc2ccccc2N(Cc2n[nH]c(-c3ncc[nH]3)n2)C1=O)c1cc2cc(Cl)ccc2[nH]1 | UCB=1.414 | f=0.5577
2025-09-29 23:32:11,263 - INFO - [round 15] pick 5/5: N=C(N)NCCCC(NC(=O)C1CCCN1C(=O)CNC(=O)CNC(=O)c1ccc2c(c1)C(=O)C(=O)c1ccccc1-2)C(=O)NCC(=O)O | UCB=1.42 | f=0.5962
2025-09-29 23:32:11,306 - INFO - Round 15 done in 51.77s; train size=90
2025-09-29 23:32:11,306 - INFO - 
--- Trial 1, sqrt_beta=1.0, Round 16 (train size=90) ---
f1 shape: (5,)
2025-09-29 23:33:08,289 - INFO - [round 16] pick 1/5: CSCCC(C(=O)NCC(=O)O)N1C(=O)c2cc(NC(C)=O)ccc2NC(=O)C1c1ccccc1 | UCB=1.454 | f=0.5993
2025-09-29 23:33:08,338 - INFO - [round 16] pick 2/5: CCn1cc(C(=O)N2N=C(c3cc4ccccc4o3)CC2c2ccccc2C(=O)O)c(=O)c2ccc(C)nc21 | UCB=1.441 | f=0.4664
2025-09-29 23:33:08,385 - INFO - [round 16] pick 3/5: CC(=O)OCC1=C(C(=O)O)N2C(=O)C(NC(=O)CCON=C3c4ccccc4-c4ccccc43)C2SC1 | UCB=1.45 | f=0.6099
2025-09-29 23:33:08,433 - INFO - [round 16] pick 4/5: O=S(=O)(c1ccccc1)N(CCO)Cc1cc2cc3c(cc2nc1O)OCCO3 | UCB=1.415 | f=0.618
2025-09-29 23:33:08,481 - INFO - [round 16] pick 5/5: C=CCc1cccc(CC(NC(=O)c2cc(-c3ccccn3)c(=O)n(CC=C)c2)C(O)CNC2CC3(CCC3)Oc3ccc(CC)cc32)c1 | UCB=1.414 | f=0.3189
2025-09-29 23:33:08,529 - INFO - Round 16 done in 57.22s; train size=95
2025-09-29 23:33:08,529 - INFO - 
--- Trial 1, sqrt_beta=1.0, Round 17 (train size=95) ---
f1 shape: (5,)
2025-09-29 23:34:07,473 - INFO - [round 17] pick 1/5: COc1ccc(S(=O)(=O)N2Cc3ccccc3CC2C(=O)NC(CCC(=O)O)C(=O)O)cc1OC | UCB=1.448 | f=0.6158
2025-09-29 23:34:07,523 - INFO - [round 17] pick 2/5: CC(C)CN(C(=O)c1ccc2c(c1)OCCO2)c1c(N)n(Cc2ccccc2)c(=O)[nH]c1=O | UCB=1.446 | f=0.5622
2025-09-29 23:34:07,573 - INFO - [round 17] pick 3/5: COc1ccc2cc(CCN3C(=O)c4ccccc4C3=O)c(O)nc2c1 | UCB=1.446 | f=0.5136
2025-09-29 23:34:07,625 - INFO - [round 17] pick 4/5: N=C(N)N1CCCC(NC(=O)CNC(=O)C(CCNC(=O)c2cnnc3ccccc23)NS(=O)(=O)Cc2ccccc2)C1O | UCB=1.431 | f=0.6058
2025-09-29 23:34:07,678 - INFO - [round 17] pick 5/5: O=C(O)CCC(=O)N1c2ccccc2N=C2CC(c3ccc(F)cc3)CC(O)=C2C1c1ccc([N+](=O)[O-])o1 | UCB=1.426 | f=0.3773
2025-09-29 23:34:07,732 - INFO - Round 17 done in 59.20s; train size=100
2025-09-29 23:34:07,732 - INFO - 
--- Trial 1, sqrt_beta=1.0, Round 18 (train size=100) ---
f1 shape: (5,)
2025-09-29 23:35:12,772 - INFO - [round 18] pick 1/5: O=C(Nc1ccc(CC(NC(=O)C2CCC(=O)N2Cc2ccccc2)C(=O)O)cc1)c1cc(F)c(F)cc1F | UCB=1.444 | f=0.6434
2025-09-29 23:35:12,828 - INFO - [round 18] pick 2/5: CNC(C)C(O)=NC1C(=O)N(Cc2c(OC)cnc3ccccc23)c2ccccc2N(C(=O)CS(C)(=O)=O)C1C | UCB=1.441 | f=0.5571
2025-09-29 23:35:12,885 - INFO - [round 18] pick 3/5: NC(=O)c1nsc(C(=O)N(c2ccccc2)C(C(=O)NCC2CCCO2)c2ccc3ncccc3c2)c1N | UCB=1.435 | f=0.6243
2025-09-29 23:35:12,944 - INFO - [round 18] pick 4/5: CCCCSc1nc(O)c(C2OC(=O)c3c2ccc(OC)c3OC)c(=O)n1-c1ccccc1 | UCB=1.417 | f=0.5715
2025-09-29 23:35:13,006 - INFO - [round 18] pick 5/5: CC(=O)NC1=CC(=O)c2ccc(-c3[nH]c(C(=O)OCCOP(=O)(O)O)cc4c5ccccc5nc3-4)nc2C1=O | UCB=1.421 | f=0.5359
2025-09-29 23:35:13,068 - INFO - Round 18 done in 65.34s; train size=105
2025-09-29 23:35:13,068 - INFO - 
--- Trial 1, sqrt_beta=1.0, Round 19 (train size=105) ---
f1 shape: (5,)
2025-09-29 23:36:22,537 - INFO - [round 19] pick 1/5: NC(Cc1ccccc1)C(=O)NC1CCC(=O)N(CC(=O)Nc2cccc(Cl)c2)C1=O | UCB=1.445 | f=0.6123
2025-09-29 23:36:22,604 - INFO - [round 19] pick 2/5: CCC(C(=O)NC(CC(=O)O)C(=O)CSCc1ccccc1)n1ccnc(Nc2ccc3sc(C)nc3c2)c1=O | UCB=1.442 | f=0.5908
2025-09-29 23:36:22,672 - INFO - [round 19] pick 3/5: CC(C)(C)NC(=O)C1CCCN1CC(O)C1Cc2ccc(cc2)OCCCOc2cc3ccccc3cc2C(=O)NC(CC(N)=O)C(=O)N1 | UCB=1.421 | f=0.6469
2025-09-29 23:36:22,742 - INFO - [round 19] pick 4/5: COc1cc2c(cc1OC)C(=O)N1C=C(c3ccc4ncccc4c3)CC1C(S(=O)(=O)O)N2 | UCB=1.406 | f=0.5715
2025-09-29 23:36:22,815 - INFO - [round 19] pick 5/5: O=c1c(C2=NS(=O)(=O)c3ccccc3N2)c(O)c2ccccc2n1NCC1CC1 | UCB=1.42 | f=0.5893
2025-09-29 23:36:22,886 - INFO - Round 19 done in 69.82s; train size=110
2025-09-29 23:36:22,886 - INFO - 
--- Trial 1, sqrt_beta=1.0, Round 20 (train size=110) ---
f1 shape: (5,)
2025-09-29 23:37:34,822 - INFO - [round 20] pick 1/5: CSCCC(NC(=O)CN1C(=O)C(N(C)C(=O)C(N)CS)N=C(c2ccccc2)c2ccccc21)C(=O)O | UCB=1.444 | f=0.6369
2025-09-29 23:37:34,893 - INFO - [round 20] pick 2/5: CCC1(c2ccccc2)C(=O)NC(=O)N(C2CCOc3ccc(Cl)cc3C2=O)C1=O | UCB=1.434 | f=0.5873
2025-09-29 23:37:34,965 - INFO - [round 20] pick 3/5: COc1cc(C(CC(=O)Nc2cccc(C(C)=O)c2)N2Cc3ccccc3C2=O)cc(OC)c1OC | UCB=1.44 | f=0.5446
2025-09-29 23:37:35,039 - INFO - [round 20] pick 4/5: NC1CCC=CCCC(C(=O)NCc2ccccc2CC(=O)O)NC(=O)C(Cc2ccc(O)cc2)NC1=O | UCB=1.424 | f=0.6388
2025-09-29 23:37:35,113 - INFO - [round 20] pick 5/5: O=S(=O)(CCCOc1ccc2[nH]c3nc(O)nc-3cc2c1)N1CCN(c2nc3ccccc3o2)CC1 | UCB=1.4 | f=0.654
2025-09-29 23:37:35,191 - INFO - Round 20 done in 72.30s; train size=115
2025-09-29 23:37:35,191 - INFO - 
--- Trial 1, sqrt_beta=1.0, Round 21 (train size=115) ---
f1 shape: (5,)
2025-09-29 23:38:52,167 - INFO - [round 21] pick 1/5: O=C(O)CCNC(=O)c1nc(-c2cccnc2)c2c(=O)n(Cc3ccccc3)ccc2c1O | UCB=1.441 | f=0.5936
2025-09-29 23:38:52,245 - INFO - [round 21] pick 2/5: CCC(C)C(NC(=O)C1Cc2c([nH]c3ccccc23)C2c3ccccc3C(=O)N12)C(=O)N1CCCC1C(=O)O | UCB=1.437 | f=0.6091
2025-09-29 23:38:52,325 - INFO - [round 21] pick 3/5: O=C1C2CC=CCC2C(=O)N1c1ccc(OCC(O)Cn2nnc3ccccc32)cc1 | UCB=1.424 | f=0.6371
2025-09-29 23:38:52,407 - INFO - [round 21] pick 4/5: Cc1noc(C)c1NC(=O)N(C)CC1Oc2ccc(NS(=O)(=O)c3ccccc3)cc2C(=O)N(C(C)CO)CC1C | UCB=1.436 | f=0.6041
2025-09-29 23:38:52,489 - INFO - [round 21] pick 5/5: CCn1ncc2cc3nc(c21)CCCOC(O)C(c1ccccc1)NC(=O)N3 | UCB=1.417 | f=0.6001
2025-09-29 23:38:52,574 - INFO - Round 21 done in 77.38s; train size=120
2025-09-29 23:38:52,574 - INFO - 
--- Trial 1, sqrt_beta=1.0, Round 22 (train size=120) ---
f1 shape: (5,)
2025-09-29 23:40:13,612 - INFO - [round 22] pick 1/5: CCC(Nc1c(Nc2cccc(C(=O)N3CCC(CO)C3)c2O)c(=O)c1=O)c1ccccc1 | UCB=1.443 | f=0.6305
2025-09-29 23:40:13,698 - INFO - [round 22] pick 2/5: N=C(N)c1csc(CNC(=O)CN2C(=O)c3ccccc3C(CC(=O)O)c3ccccc32)c1 | UCB=1.44 | f=0.6355
2025-09-29 23:40:13,786 - INFO - [round 22] pick 3/5: CC(=NO)C(=O)NC(C(=O)N1CCC2Oc3ccc(cc3)C=CNC(=O)C(Cc3ccccc3)NC(=O)C21)C(C)C | UCB=1.438 | f=0.6231
2025-09-29 23:40:13,875 - INFO - [round 22] pick 4/5: CN(C)CCCn1c(NC(=O)c2ccc3cc4n(c3n2)CCCNC4=O)nc2ccccc21 | UCB=1.427 | f=0.5951
2025-09-29 23:40:13,966 - INFO - [round 22] pick 5/5: COc1c(C)c2c(c(O)c1CCNS(=O)(=O)CS(=O)(=O)NCC1OC(n3cnc4c(N)nc(-c5ccccc5)nc43)C(O)C1O)C(=O)OC2 | UCB=1.399 | f=0.5333
2025-09-29 23:40:14,061 - INFO - Round 22 done in 81.49s; train size=125
2025-09-29 23:40:14,061 - INFO - 
--- Trial 1, sqrt_beta=1.0, Round 23 (train size=125) ---
f1 shape: (5,)
2025-09-29 23:41:43,293 - INFO - [round 23] pick 1/5: Cc1nc(-c2ccc(N3C(=O)C(=O)C(C(=O)C(C)C)C3c3ccccc3OCCO)cc2)no1 | UCB=1.442 | f=0.5983
2025-09-29 23:41:43,389 - INFO - [round 23] pick 2/5: CNC(=O)NC(=N)NCCCC1NC(=O)C(Cc2ccccc2)NC(=O)CC(C(=O)O)NC(=O)CC(C(=O)O)NC(=O)C(Cc2ccccc2)N(C)C1=O | UCB=1.438 | f=0.5812
2025-09-29 23:41:43,485 - INFO - [round 23] pick 3/5: O=S(=O)(c1ccccc1)N1CCC(c2nc(O)c3nnn(Cc4cccc(Cl)c4)c3n2)CC1 | UCB=1.432 | f=0.5951
2025-09-29 23:41:43,583 - INFO - [round 23] pick 4/5: Cc1cccc(NC(=O)CNC(=O)CN2C(=O)NC3(CCc4ccccc43)C2=O)c1C | UCB=1.437 | f=0.5984
2025-09-29 23:41:43,682 - INFO - [round 23] pick 5/5: Nc1nc(OCc2ccccc2)c2ncn(C3CC(OC(=O)CCC(NC(=O)c4ccc(NCc5cnc6nc(N)[nH]c(=O)c6n5)cc4)C(=O)O)C(CO)O3)c2n1 | UCB=1.425 | f=0.5901
2025-09-29 23:41:43,785 - INFO - Round 23 done in 89.72s; train size=130
2025-09-29 23:41:43,785 - INFO - 
--- Trial 1, sqrt_beta=1.0, Round 24 (train size=130) ---
f1 shape: (5,)
2025-09-29 23:43:12,865 - INFO - [round 24] pick 1/5: NC(=O)C(=O)c1c(C2CC2)c(Cc2ccccc2-c2ccccc2)n2cccc(OCCCC(=O)O)c12 | UCB=1.443 | f=0.562
2025-09-29 23:43:12,968 - INFO - [round 24] pick 2/5: CC(C)(C)c1cc(CC2NC(=O)C(NC(=O)C(N)Cc3ccccc3)CCCCNC(=O)CNC2=O)ccc1O | UCB=1.443 | f=0.6342
2025-09-29 23:43:13,072 - INFO - [round 24] pick 3/5: O=c1[nH]c(=O)n(C2CC(O)C(CO)O2)cc1-c1cn(-c2ccc(Oc3ccccc3)cc2)nn1 | UCB=1.44 | f=0.6056
2025-09-29 23:43:13,178 - INFO - [round 24] pick 4/5: CC(C)C(NC(=O)C1CCCN1C(=O)C(NC(=O)Cn1ncc(=O)n(CC(=O)O)c1=O)C(C)C)C(=O)c1nc2ccccc2o1 | UCB=1.418 | f=0.5391
2025-09-29 23:43:13,286 - INFO - [round 24] pick 5/5: CCCN1C(=O)COc2ccc(-c3nnc(O)c4ccccc34)cc21 | UCB=1.425 | f=0.4413
2025-09-29 23:43:13,398 - INFO - Round 24 done in 89.61s; train size=135
2025-09-29 23:43:13,398 - INFO - 
--- Trial 1, sqrt_beta=1.0, Round 25 (train size=135) ---
f1 shape: (5,)
2025-09-29 23:44:44,519 - INFO - [round 25] pick 1/5: COc1ccc(CC(=O)Nc2nc3n(n2)C(c2ccccc2)CC(=O)N3)cc1OC | UCB=1.444 | f=0.5476
2025-09-29 23:44:44,630 - INFO - [round 25] pick 2/5: CC1NC(=O)C(CC2(O)c3ccccc3N3C(=O)C(C(C)C)NC32)n2c1nc1ccccc1c2=O | UCB=1.44 | f=0.5545
2025-09-29 23:44:44,742 - INFO - [round 25] pick 3/5: CCN1C(C(=O)NC(Cc2ccccc2)C(=O)C(=O)NCCNS(=O)(=O)c2ccc(Cl)c(Cl)c2)Cc2cc3c(cc2S1(=O)=O)OCCO3 | UCB=1.43 | f=0.5815
2025-09-29 23:44:44,856 - INFO - [round 25] pick 4/5: Cn1ccnc1SC1=C(C(=O)O)N2C(=O)C(NC(=O)C(N)c3ccccc3)C2CC1 | UCB=1.436 | f=0.5649
2025-09-29 23:44:44,972 - INFO - [round 25] pick 5/5: O=Cc1ccc2c(c1)c1c3c(c4c(c1n2CCCO)Cc1ccccc1-4)C(=O)NC3 | UCB=1.408 | f=0.3378
2025-09-29 23:44:45,089 - INFO - Round 25 done in 91.69s; train size=140
2025-09-29 23:44:45,089 - INFO - 
--- Trial 1, sqrt_beta=1.0, Round 26 (train size=140) ---
f1 shape: (5,)
2025-09-29 23:46:23,471 - INFO - [round 26] pick 1/5: CC(C)(O)C(=O)NC(Cc1ccc(-c2ccccc2)cc1)C(=O)N1CCCC1c1nc2cc(F)c(F)cc2[nH]1 | UCB=1.443 | f=0.6109
2025-09-29 23:46:23,591 - INFO - [round 26] pick 2/5: CCCCC(C)CC1C(=O)OC(C)C(NC(=O)c2cccc(NC=O)c2O)C(=O)OC(C)C1OC(=O)c1ccccc1 | UCB=1.436 | f=0.5826
2025-09-29 23:46:23,715 - INFO - [round 26] pick 3/5: O=C1NC(CS)C(=O)N(Cc2ccc3ccccc3n2)C1Cc1ccc([N+](=O)[O-])cc1 | UCB=1.432 | f=0.63
2025-09-29 23:46:23,839 - INFO - [round 26] pick 4/5: O=C(O)COc1ccc(Cl)cc1C1c2scnc2CCN1C(=O)OCc1nc2ccccc2o1 | UCB=1.433 | f=0.5484
2025-09-29 23:46:23,966 - INFO - [round 26] pick 5/5: O=C(O)c1cc(NC(=O)c2ccc3c(c2)C(=O)N(CC2CCCO2)C3=O)cc(C(=O)O)c1 | UCB=1.41 | f=0.6105
2025-09-29 23:46:24,094 - INFO - Round 26 done in 99.00s; train size=145
2025-09-29 23:46:24,094 - INFO - 
--- Trial 1, sqrt_beta=1.0, Round 27 (train size=145) ---
f1 shape: (5,)
2025-09-29 23:48:02,913 - INFO - [round 27] pick 1/5: NCCCCC1C(=O)NC(Cc2ccccc2)C(=O)NC(CC(=O)O)C(=O)N1C(=O)C(N)Cc1ccc(O)cc1 | UCB=1.444 | f=0.6286
2025-09-29 23:48:03,052 - INFO - [round 27] pick 2/5: Cc1cccn2c(=O)c3cc(S(=O)(=O)c4ccccc4)c(=N)n(CC4CCCO4)c3nc12 | UCB=1.439 | f=0.6006
2025-09-29 23:48:03,189 - INFO - [round 27] pick 3/5: CC(C)OC(=O)C(C)NP(=O)(OCC1OC(n2cnc3c(=O)[nH]c(N)nc32)C(C)(O)C1O)Oc1cccc2ccccc12 | UCB=1.427 | f=0.5409
2025-09-29 23:48:03,322 - INFO - [round 27] pick 4/5: CC(C)(C)OC(=O)CC1CC=CCC(CC(=O)NCCO)C(=O)NCC(c2ccccc2)OC1=O | UCB=1.429 | f=0.6023
2025-09-29 23:48:03,458 - INFO - [round 27] pick 5/5: Cn1c(Cc2nc3cc(C(N)=O)ccc3[nH]2)nc2ccc(C(=O)NC(CP(=O)(O)O)C(=O)O)cc21 | UCB=1.407 | f=0.5251
2025-09-29 23:48:03,596 - INFO - Round 27 done in 99.50s; train size=150
2025-09-29 23:48:03,596 - INFO - 
--- Trial 1, sqrt_beta=1.0, Round 28 (train size=150) ---
f1 shape: (5,)
2025-09-29 23:49:49,201 - INFO - [round 28] pick 1/5: O=C1NC(=O)C(CC(=O)N2CCN(c3cccc(CNC(=O)c4nc5ccccc5c(=O)[nH]4)c3)CC2)N1 | UCB=1.445 | f=0.605
2025-09-29 23:49:49,343 - INFO - [round 28] pick 2/5: CCN1C(=O)N(CC(=O)NC(CC(=O)O)c2ccccc2)C(=O)C1(C)c1ccc(C(=N)N)cc1 | UCB=1.441 | f=0.6335
2025-09-29 23:49:49,485 - INFO - [round 28] pick 3/5: CC1=NC(C)=C(C(=O)OCCN2C(=O)c3ccccc3S2(=O)=O)C(c2cccc([N+](=O)[O-])c2)C1=C(O)OCC1CCCCO1 | UCB=1.439 | f=0.6248
2025-09-29 23:49:49,629 - INFO - [round 28] pick 4/5: CC(C)Oc1cc(Nc2ncc(-c3ccc4ccccc4n3)c(NC3CC(CO)C(O)C3O)n2)ccn1 | UCB=1.411 | f=0.5863
2025-09-29 23:49:49,776 - INFO - [round 28] pick 5/5: CSCC1N=C(C2=C(O)C=CC2)C(C(C)C2C(=O)N(C)c3ccccc32)NC1=O | UCB=1.415 | f=0.5133
2025-09-29 23:49:49,926 - INFO - Round 28 done in 106.33s; train size=155
2025-09-29 23:49:49,926 - INFO - 
--- Trial 1, sqrt_beta=1.0, Round 29 (train size=155) ---
f1 shape: (5,)
2025-09-29 23:51:36,679 - INFO - [round 29] pick 1/5: Nc1ccc(CNC(=O)NCC(=O)N2CCOC(CN3C(=O)c4ccccc4C3=O)C2)cc1 | UCB=1.445 | f=0.64
2025-09-29 23:51:36,830 - INFO - [round 29] pick 2/5: CC1(C)SSCC(NC(=O)C2Cc3ccc(O)cc3CN2)C(=O)NC(Cc2ccccc2)C(=O)NC1C(=O)O | UCB=1.443 | f=0.5597
2025-09-29 23:51:36,984 - INFO - [round 29] pick 3/5: CC(C)Cn1c(=O)n(C)c(=O)c2nc(S(=O)(=O)CCCO)c(Cc3cccc4ccccc34)nc21 | UCB=1.427 | f=0.6066
2025-09-29 23:51:37,193 - INFO - [round 29] pick 4/5: O=c1cc(C(CC2CC2)CC2CC2)oc(O)c1C(c1cccc(NS(=O)(=O)c2ccccc2)c1)C1CC1 | UCB=1.436 | f=0.2601
2025-09-29 23:51:37,351 - INFO - [round 29] pick 5/5: CC(=O)NC1C(O)CC(Oc2ccc(-n3cc(COC(=O)Nc4ccccc4[N+](=O)[O-])nn3)cc2C(F)F)(C(=O)O)OC1C(O)C(O)CO | UCB=1.416 | f=0.5615
2025-09-29 23:51:37,510 - INFO - Round 29 done in 107.58s; train size=160
2025-09-29 23:51:37,510 - INFO - 
--- Trial 1, sqrt_beta=1.0, Round 30 (train size=160) ---
f1 shape: (5,)
2025-09-29 23:53:27,439 - INFO - [round 30] pick 1/5: CN(C(=O)CSc1nc2cc(C(=O)O)ccc2c(=O)n1Cc1ccccc1)C1CCS(=O)(=O)C1 | UCB=1.446 | f=0.6166
2025-09-29 23:53:27,602 - INFO - [round 30] pick 2/5: CSCCC(NCc1cccc(NC(=O)CC2COc3ncccc3O2)c1-c1ccccc1C)C(=O)O | UCB=1.438 | f=0.614
2025-09-29 23:53:27,767 - INFO - [round 30] pick 3/5: CC1(C)SC2C(NC(=O)C(NC(=O)c3ccc(-c4ccc(S(=O)(=O)N(CCO)CCO)cc4)[nH]c3=O)c3ccc(O)cc3)C(=O)N2C1C(=O)O | UCB=1.422 | f=0.5868
2025-09-29 23:53:27,934 - INFO - [round 30] pick 4/5: COc1ccccc1C1NC(C)(C(=O)N2CCCC2C(=O)NCC2OC(n3ccc(=O)[nH]c3=O)C(O)C2O)C2C(=O)NC(=O)C12 | UCB=1.42 | f=0.5956
2025-09-29 23:53:28,103 - INFO - [round 30] pick 5/5: Cc1nc(-c2ccccc2O)cc(N2CC(c3nc4ccccc4n3C)C2)n1 | UCB=1.423 | f=0.2529
2025-09-29 23:53:28,275 - INFO - Round 30 done in 110.77s; train size=165
2025-09-29 23:53:28,276 - INFO - 
--- Trial 1, sqrt_beta=1.0, Round 31 (train size=165) ---
f1 shape: (5,)
2025-09-29 23:55:26,666 - INFO - [round 31] pick 1/5: CN(Cc1ccccc1)S(=O)(=O)NC(CNC(=O)CC1CC(c2ccc(C(=N)N)cc2)=NO1)C(=O)O | UCB=1.447 | f=0.5811
2025-09-29 23:55:26,838 - INFO - [round 31] pick 2/5: Cc1ccc(C(=O)COC(=O)c2ccccc2N2C(=O)C3C4CCC(C4)C3C2=O)cc1C | UCB=1.438 | f=0.5275
2025-09-29 23:55:27,012 - INFO - [round 31] pick 3/5: CCc1cn(C2OC(CNC(=O)C3c4ccccc4Oc4c(OC)cccc43)C(O)C2F)c(=O)[nH]c1=O | UCB=1.434 | f=0.5757
2025-09-29 23:55:27,187 - INFO - [round 31] pick 4/5: O=C(CCCCCC(NC(=O)c1ccc2ccccc2n1)C(=O)Nc1cccc2cccnc12)NO | UCB=1.431 | f=0.6565
2025-09-29 23:55:27,530 - INFO - [round 31] pick 5/5: O=c1nc(OCC2COCCO2)cc2n1CCc1cc(CCC(O)c3cccnc3)ccc1-2 | UCB=1.392 | f=0.6685
2025-09-29 23:55:27,711 - INFO - Round 31 done in 119.44s; train size=170
2025-09-29 23:55:27,712 - INFO - 
--- Trial 1, sqrt_beta=1.0, Round 32 (train size=170) ---
f1 shape: (5,)
2025-09-29 23:57:32,245 - INFO - [round 32] pick 1/5: C=C1C(O)C(CO)OC1n1ccc(NC(=O)OC(C)C(NC(=O)C(N)Cc2ccccc2)C(=O)O)nc1=O | UCB=1.448 | f=0.5183
2025-09-29 23:57:32,428 - INFO - [round 32] pick 2/5: O=C(Cc1ccc(-n2c(=O)c3ccccc3n(Cc3cccc([N+](=O)[O-])c3)c2=O)cc1)NCC1CCCO1 | UCB=1.443 | f=0.6189
2025-09-29 23:57:32,612 - INFO - [round 32] pick 3/5: CC(C)(C)OC(=O)Nc1cnccc1C(=O)NC1N=C(c2ccccc2)c2cc(N)cc3c2N(CC3)C1=O | UCB=1.437 | f=0.5726
2025-09-29 23:57:32,799 - INFO - [round 32] pick 4/5: N=C(N)NCCCC1NC(=O)c2ccccc2SSc2ccccc2NC(=O)C(CC(=O)O)NC(=O)CNC1=O | UCB=1.426 | f=0.5858
2025-09-29 23:57:32,990 - INFO - [round 32] pick 5/5: COc1ccc2nccc(C(O)CN3CCC(NCc4cc5cccnc5[nH]4)CC3)c2n1 | UCB=1.399 | f=0.7052
2025-09-29 23:57:33,182 - INFO - Round 32 done in 125.47s; train size=175
2025-09-29 23:57:33,182 - INFO - 
--- Trial 1, sqrt_beta=1.0, Round 33 (train size=175) ---
f1 shape: (5,)
2025-09-29 23:59:38,839 - INFO - [round 33] pick 1/5: Cc1nc(N)ccc1CNC(=O)CN1C(=O)C(NCC(=O)O)CSc2ccccc21 | UCB=1.444 | f=0.5764
2025-09-29 23:59:39,034 - INFO - [round 33] pick 2/5: CCOCC1COc2cc(C(O)C3CCCN(Cc4ccccc4)C3=O)ccc2O1 | UCB=1.439 | f=0.3058
2025-09-29 23:59:39,230 - INFO - [round 33] pick 3/5: CCCC(=O)N1CCC(N2C(=O)NC(=O)C2Cc2ccc(OS(=O)(=O)c3cccc4cnccc34)cc2)CC1 | UCB=1.43 | f=0.6593
2025-09-29 23:59:39,428 - INFO - [round 33] pick 4/5: COc1ccccc1NC(=O)C(Cc1nc2ccc([N+](=O)[O-])cc2nc1O)=NNC(=O)C[N+](C)(C)C | UCB=1.427 | f=0.534
2025-09-29 23:59:39,628 - INFO - [round 33] pick 5/5: O=c1[nH]c(=O)n(C2OC(CO)C(O)C2O)c2nc(-c3ccc(-c4ccccc4)cc3)cnc12 | UCB=1.429 | f=0.5472
2025-09-29 23:59:39,832 - INFO - Round 33 done in 126.65s; train size=180
2025-09-29 23:59:39,832 - INFO - 
--- Trial 1, sqrt_beta=1.0, Round 34 (train size=180) ---
f1 shape: (5,)
2025-09-30 00:01:47,257 - INFO - [round 34] pick 1/5: Cc1cnc(NCc2ccc3c(n2)NCCC3)c(=O)n1CC(=O)NC(CC(=O)O)c1cccnc1 | UCB=1.443 | f=0.5668
2025-09-30 00:01:47,463 - INFO - [round 34] pick 2/5: COc1ccc(CN2C(=O)C(CC(=O)NCc3cccc4ccccc34)CC(C(=O)N(C)C)=C2C)cc1 | UCB=1.442 | f=0.5142
2025-09-30 00:01:47,670 - INFO - [round 34] pick 3/5: CCOc1ccccc1NC(=O)C1CCN(S(=O)(=O)c2ccc3[nH]c(=O)ccc3c2)CC1 | UCB=1.436 | f=0.6539
2025-09-30 00:01:47,880 - INFO - [round 34] pick 4/5: COC(=O)C1C(=O)C(C(=O)OC)C(c2ccccn2)N(CCCO)C1c1ccccn1 | UCB=1.427 | f=0.5778
2025-09-30 00:01:48,094 - INFO - [round 34] pick 5/5: NC(=O)CCC1NC(=O)C(CO)NC(=O)c2cc([N+](=O)[O-])cc(I)c2NCCC(C(N)=O)NC(=O)C(Cc2ccc(O)cc2)NC1=O | UCB=1.392 | f=0.557
2025-09-30 00:01:48,312 - INFO - Round 34 done in 128.48s; train size=185
2025-09-30 00:01:48,312 - INFO - 
--- Trial 1, sqrt_beta=1.0, Round 35 (train size=185) ---
f1 shape: (5,)
2025-09-30 00:03:57,977 - INFO - [round 35] pick 1/5: CCCCC(Sc1nc2ccccc2c(=O)n1-c1ccnc(Cl)c1)C(=O)N1CCC(C(N)=O)CC1 | UCB=1.446 | f=0.6613
2025-09-30 00:03:58,195 - INFO - [round 35] pick 2/5: CCOc1ccc(NC(=O)CN2C(=O)C(=C3SC(=S)C(CCS(=O)(=O)O)C3=O)c3ccccc32)cc1 | UCB=1.441 | f=0.5735
2025-09-30 00:03:58,415 - INFO - [round 35] pick 3/5: CC1CN(C(C)CO)C(=O)c2cccc(NC(=O)c3ccncc3)c2OC1CN(C)Cc1ccc(C(=O)O)cc1 | UCB=1.438 | f=0.6654
2025-09-30 00:03:58,637 - INFO - [round 35] pick 4/5: CC1(C)CN(Cc2ccc3cc4c(cc3n2)CC2(C4)C(=O)Nc3ncccc32)C(Cc2ccccc2)C(=O)N1 | UCB=1.429 | f=0.6284
2025-09-30 00:03:58,861 - INFO - [round 35] pick 5/5: CCCC(NC(=O)C1CC2CN1C(=O)C(C1CCCCC1)NC(=O)Cc1cccc(c1)OCCCO2)C(=O)C(=O)NCC(=O)NC(CO)c1ccccc1 | UCB=1.417 | f=0.6098
2025-09-30 00:03:59,089 - INFO - Round 35 done in 130.78s; train size=190
2025-09-30 00:03:59,089 - INFO - 
--- Trial 1, sqrt_beta=1.0, Round 36 (train size=190) ---
f1 shape: (5,)
2025-09-30 00:06:11,843 - INFO - [round 36] pick 1/5: CCOC(=O)C1CCN(C(=O)c2cc(CN3C(=O)c4ccccc4C3=O)ccc2OCC)CC1 | UCB=1.444 | f=0.617
2025-09-30 00:06:12,081 - INFO - [round 36] pick 2/5: O=C(CN1CC=CCC(NC(=O)c2nccc3ccccc23)C1=O)NC1CC(=O)OC1O | UCB=1.44 | f=0.6276
2025-09-30 00:06:12,323 - INFO - [round 36] pick 3/5: CC1(C)C(=O)C(Cl)=C1NC(Cc1ccc(-n2c(-c3cccnc3)nc3cccnc32)cc1)C(=O)O | UCB=1.431 | f=0.5986
2025-09-30 00:06:12,560 - INFO - [round 36] pick 4/5: O=C(c1ccccc1)C1Cc2ccc(cc2)OCCCCC(C(=O)NO)C(CCCc2cc(Br)cc(Br)c2)C(=O)N1 | UCB=1.441 | f=0.2463
2025-09-30 00:06:12,794 - INFO - [round 36] pick 5/5: CN(Cc1cnc2nc(N)nc(N)c2n1)c1ccc2c(c1)CN(C(CCC(=O)O)C(=O)O)C2=O | UCB=1.403 | f=0.584
2025-09-30 00:06:13,031 - INFO - Round 36 done in 133.94s; train size=195
2025-09-30 00:06:13,031 - INFO - 
--- Trial 1, sqrt_beta=1.0, Round 37 (train size=195) ---
f1 shape: (5,)
2025-09-30 00:08:26,936 - INFO - [round 37] pick 1/5: Cc1cn(CC(CC(=O)O)NC(=O)OCc2ccccc2)c(=O)nc1N1CCC(CNc2ncccn2)CC1 | UCB=1.446 | f=0.6081
2025-09-30 00:08:27,178 - INFO - [round 37] pick 2/5: COC(=O)NC(=O)CC1C(=O)N(Cc2nc3cc(C(F)(F)F)ccc3s2)C(=O)c2ccccc21 | UCB=1.439 | f=0.548
2025-09-30 00:08:27,423 - INFO - [round 37] pick 3/5: CC(C)CCn1c(=O)c(C2=NS(=O)(=O)c3cc(OCC(N)=O)ccc3N2)c(O)c2cccnc21 | UCB=1.43 | f=0.5519
2025-09-30 00:08:27,673 - INFO - [round 37] pick 4/5: CC1(CC(=O)Nc2ccccc2C(=O)O)CC(c2cccc(Cl)c2)C(c2ccc(Cl)cc2)N(C(CS(=O)(=O)C(C)(C)C)C2CC2)C1=O | UCB=1.435 | f=0.06087
2025-09-30 00:08:27,925 - INFO - [round 37] pick 5/5: CCCC(=O)Nc1ccc(CC(N)C(=O)NC2C(CO)OC(n3cnc4c(N(C)C)ncnc43)C2O)cc1 | UCB=1.416 | f=0.5726
2025-09-30 00:08:28,178 - INFO - Round 37 done in 135.15s; train size=200
2025-09-30 00:08:28,178 - INFO - 
--- Trial 1, sqrt_beta=1.0, Round 38 (train size=200) ---
f1 shape: (5,)
2025-09-30 00:10:48,649 - INFO - [round 38] pick 1/5: NC(=O)COc1ccccc1C=C1SC(=O)N(CC(=O)N2CCc3ccccc3C2)C1=O | UCB=1.442 | f=0.607
2025-09-30 00:10:48,906 - INFO - [round 38] pick 2/5: CCNC(=O)c1cc2c(c(-c3cccc(-c4cncnc4)c3)n1)C(CCO)N(C(C)=O)C2 | UCB=1.433 | f=0.6286
2025-09-30 00:10:49,165 - INFO - [round 38] pick 3/5: CC1(C(=O)N(CCCC(=O)O)Cc2ccc3cn[nH]c3c2)CCN1C(=O)Cc1csc2ccccc12 | UCB=1.439 | f=0.6788
2025-09-30 00:10:49,429 - INFO - [round 38] pick 4/5: COc1cccc2cc(C(=O)NC(CC(C)C)C(=O)NC3CCC(C)N(C(=O)Nc4ccncc4)CC3=O)oc12 | UCB=1.436 | f=0.6021
2025-09-30 00:10:49,701 - INFO - [round 38] pick 5/5: CCc1c2nc(-c3cc(S(=O)(=O)N4CCN(CC)CC4)cnc3OCCOC)[nH]c(=O)c2nn1Cc1ccccn1 | UCB=1.413 | f=0.5379
2025-09-30 00:10:49,982 - INFO - Round 38 done in 141.80s; train size=205
2025-09-30 00:10:49,982 - INFO - 
--- Trial 1, sqrt_beta=1.0, Round 39 (train size=205) ---
f1 shape: (5,)
2025-09-30 00:13:19,864 - INFO - [round 39] pick 1/5: Cc1cc(CC(CC(=O)N2CCC(N3Cc4ccccc4NC3=O)CC2)c2ccc(CO)cn2)cc2cn[nH]c12 | UCB=1.447 | f=0.6764
2025-09-30 00:13:20,176 - INFO - [round 39] pick 2/5: CC(C)Cn1c(N)c(C(=O)COC(=O)c2ccc3ccccc3n2)c(=O)n(C)c1=O | UCB=1.44 | f=0.5204
2025-09-30 00:13:20,455 - INFO - [round 39] pick 3/5: COc1ccncc1-c1ccc2[nH]nc(C(=O)NCC3CCN(Cc4ccc(C(=O)O)o4)CC3)c2c1 | UCB=1.438 | f=0.6681
2025-09-30 00:13:20,730 - INFO - [round 39] pick 4/5: CNC(Cc1ccccc1)C(=O)N1CCCC1C(=O)NC(CCCN=C(N)N)C(=O)C1=NC(=O)C2C=CC=CC2=N1 | UCB=1.426 | f=0.6145
2025-09-30 00:13:21,007 - INFO - [round 39] pick 5/5: CN(CCc1cnn(-c2nccc3c(=O)[nH]cnc23)c1)Cc1ccc(S(C)(=O)=O)cc1 | UCB=1.423 | f=0.5945
2025-09-30 00:13:21,286 - INFO - Round 39 done in 151.30s; train size=210
