2025-10-16 19:33:43,183 - INFO - 
--- Round 0 | trial=8 | sqrt_beta=1.0000 (beta=1.0000) | rho=0.80 | train size=10 ---
2025-10-16 19:33:54,397 - INFO - [round 0] pick 1/5: Cc1nc2ccc(NC(=O)c3ccco3)cc2nc1C | UCB=1.149 | mu=0.2158 | std=0.9332 | f=0.4065
2025-10-16 19:33:54,398 - INFO - [round 0] pick 2/5: CCC(Nc1cccc(OC)c1)C(=O)NCc1ccc2[nH]c(=O)[nH]c2c1 | UCB=1.14 | mu=0.2164 | std=0.9234 | f=0.4454
2025-10-16 19:33:54,399 - INFO - [round 0] pick 3/5: Cc1cc(Nc2ccc(Cl)cc2Cl)n2ncnc2n1 | UCB=1.138 | mu=0.194 | std=0.9437 | f=0.3862
2025-10-16 19:33:54,400 - INFO - [round 0] pick 4/5: Cn1c(SCC(=O)c2cccs2)nnc1-c1ccco1 | UCB=1.135 | mu=0.1927 | std=0.9419 | f=0.3796
2025-10-16 19:33:54,401 - INFO - [round 0] pick 5/5: NCCc1c[nH]c2ccc(N)cc12 | UCB=1.11 | mu=0.1394 | std=0.9709 | f=0.1486
2025-10-16 19:33:54,402 - INFO - Round 0 done in 11.22s; train size=15
2025-10-16 19:33:54,402 - INFO - 
--- Round 1 | trial=8 | sqrt_beta=1.0000 (beta=1.0000) | rho=0.80 | train size=15 ---
2025-10-16 19:34:07,808 - INFO - [round 1] pick 1/5: COc1cccc(C(=O)Nc2cc(C)cc(C)n2)c1 | UCB=1.194 | mu=0.286 | std=0.9082 | f=0.1615
2025-10-16 19:34:07,809 - INFO - [round 1] pick 2/5: Cc1ccc(NC(=O)CSc2nnc(CNC(=O)c3ccco3)o2)cc1Cl | UCB=1.188 | mu=0.2784 | std=0.9099 | f=0.4507
2025-10-16 19:34:07,811 - INFO - [round 1] pick 3/5: CC(C)N(Cc1nc(-c2ccc(Cl)cc2)no1)C(=O)c1cccs1 | UCB=1.176 | mu=0.2497 | std=0.9267 | f=0.4
2025-10-16 19:34:07,812 - INFO - [round 1] pick 4/5: Cn1c(=O)c2nc(-c3ccco3)[nH]c2n(C)c1=S | UCB=1.156 | mu=0.2079 | std=0.9478 | f=0.366
2025-10-16 19:34:07,814 - INFO - [round 1] pick 5/5: CC(Nc1c(-c2ccc(F)cc2F)c(Cl)nc2ncnn12)C(F)(F)F | UCB=1.149 | mu=0.2089 | std=0.9401 | f=0.3397
2025-10-16 19:34:07,816 - INFO - Round 1 done in 13.41s; train size=20
2025-10-16 19:34:07,816 - INFO - 
--- Round 2 | trial=8 | sqrt_beta=1.0000 (beta=1.0000) | rho=0.80 | train size=20 ---
2025-10-16 19:34:24,241 - INFO - [round 2] pick 1/5: O=C(Cn1nc(-c2ccco2)ccc1=O)Nc1ccc(Cl)c(Cl)c1 | UCB=1.213 | mu=0.3097 | std=0.9035 | f=0.4115
2025-10-16 19:34:24,243 - INFO - [round 2] pick 2/5: Cc1nc2nc(C(=O)NCc3ncco3)cn2c(-c2ccc(Cl)cc2Cl)c1CN | UCB=1.208 | mu=0.2872 | std=0.9206 | f=0.1551
2025-10-16 19:34:24,246 - INFO - [round 2] pick 3/5: Cc1nc2cc(NC(=O)CSc3nnc(C)s3)ccc2[nH]1 | UCB=1.197 | mu=0.2754 | std=0.9214 | f=0.4013
2025-10-16 19:34:24,248 - INFO - [round 2] pick 4/5: COCC(NC(=O)NCc1ccc(C)c(F)c1)c1ccco1 | UCB=1.199 | mu=0.2824 | std=0.9167 | f=0.1552
2025-10-16 19:34:24,251 - INFO - [round 2] pick 5/5: Cn1c(=O)nc2[nH]nc(-c3cccs3)nc-2c1=O | UCB=1.171 | mu=0.224 | std=0.9468 | f=0.3643
2025-10-16 19:34:24,254 - INFO - Round 2 done in 16.44s; train size=25
2025-10-16 19:34:24,254 - INFO - 
--- Round 3 | trial=8 | sqrt_beta=1.0000 (beta=1.0000) | rho=0.80 | train size=25 ---
2025-10-16 19:34:44,047 - INFO - [round 3] pick 1/5: O=C(CSc1nccc(-c2cccs2)n1)Nc1ccc(F)c(Cl)c1 | UCB=1.223 | mu=0.3354 | std=0.8878 | f=0.3984
2025-10-16 19:34:44,050 - INFO - [round 3] pick 2/5: Cc1[nH]c2nc(CNc3cccc(Cl)c3)nn2c(=O)c1C | UCB=1.205 | mu=0.2854 | std=0.9201 | f=0.4273
2025-10-16 19:34:44,053 - INFO - [round 3] pick 3/5: Cc1noc(C)c1CSc1nnc(-c2ccco2)o1 | UCB=1.188 | mu=0.2646 | std=0.9234 | f=0.3581
2025-10-16 19:34:44,057 - INFO - [round 3] pick 4/5: CC(C)c1nc2cc(NC(=O)Cn3ccc(=O)[nH]c3=O)ccc2o1 | UCB=1.212 | mu=0.2983 | std=0.9132 | f=0.4016
2025-10-16 19:34:44,061 - INFO - [round 3] pick 5/5: CN1C(=O)C(=Cc2ccc(OC(=O)c3ccco3)cc2)SC1=S | UCB=1.188 | mu=0.2667 | std=0.9212 | f=0.4049
2025-10-16 19:34:44,065 - INFO - Round 3 done in 19.81s; train size=30
2025-10-16 19:34:44,065 - INFO - 
--- Round 4 | trial=8 | sqrt_beta=1.0000 (beta=1.0000) | rho=0.80 | train size=30 ---
2025-10-16 19:35:06,000 - INFO - [round 4] pick 1/5: COc1ccc(NC(=O)CSc2nc(-c3ccco3)nc3cc(=O)[nH]n23)cc1 | UCB=1.236 | mu=0.3624 | std=0.8738 | f=0.148
2025-10-16 19:35:06,004 - INFO - [round 4] pick 2/5: CCn1c(=O)c2sccc2n(CC(=O)Nc2cccc(Cl)c2)c1=O | UCB=1.231 | mu=0.3311 | std=0.8995 | f=0.436
2025-10-16 19:35:06,009 - INFO - [round 4] pick 3/5: Cc1noc(-c2cc3cc(Cl)ccc3[nH]2)n1 | UCB=1.208 | mu=0.2939 | std=0.9143 | f=0.4005
2025-10-16 19:35:06,014 - INFO - [round 4] pick 4/5: O=c1[nH]c(=S)[nH]c2nc(-c3ccc(F)cc3)nn12 | UCB=1.204 | mu=0.2678 | std=0.936 | f=0.3504
2025-10-16 19:35:06,019 - INFO - [round 4] pick 5/5: CCC(Nc1nc(C)nc2onc(C)c12)c1cccs1 | UCB=1.194 | mu=0.2616 | std=0.9323 | f=0.3812
2025-10-16 19:35:06,025 - INFO - Round 4 done in 21.96s; train size=35
2025-10-16 19:35:06,025 - INFO - 
--- Round 5 | trial=8 | sqrt_beta=1.0000 (beta=1.0000) | rho=0.80 | train size=35 ---
2025-10-16 19:35:31,264 - INFO - [round 5] pick 1/5: CN1C(=O)C(C)(c2cccc(NC(=O)c3ccc(Cl)cn3)c2)N=C1N | UCB=1.228 | mu=0.3285 | std=0.8994 | f=0.4212
2025-10-16 19:35:31,270 - INFO - [round 5] pick 2/5: CC(O)(c1nc2cc(Cl)c(Cl)cc2[nH]1)c1cccs1 | UCB=1.222 | mu=0.2944 | std=0.9272 | f=0.3879
2025-10-16 19:35:31,276 - INFO - [round 5] pick 3/5: Cc1nnc(NC(=O)Cn2nc(C)c3ccccc3c2=O)s1 | UCB=1.219 | mu=0.3119 | std=0.9074 | f=0.4568
2025-10-16 19:35:31,283 - INFO - [round 5] pick 4/5: CCc1nc(CNc2ccc(F)c(F)c2)no1 | UCB=1.2 | mu=0.2691 | std=0.9305 | f=0.1306
2025-10-16 19:35:31,290 - INFO - [round 5] pick 5/5: Cc1[nH]nc2c1c(=O)[nH]c1cccc(Cl)c12 | UCB=1.214 | mu=0.2794 | std=0.9344 | f=0.4428
2025-10-16 19:35:31,297 - INFO - Round 5 done in 25.27s; train size=40
2025-10-16 19:35:31,297 - INFO - 
--- Round 6 | trial=8 | sqrt_beta=1.0000 (beta=1.0000) | rho=0.80 | train size=40 ---
2025-10-16 19:35:59,149 - INFO - [round 6] pick 1/5: Cc1cc(C)c2c(=O)n(CC(=O)Nc3cccc(F)c3)sc2n1 | UCB=1.242 | mu=0.3619 | std=0.8806 | f=0.4183
2025-10-16 19:35:59,157 - INFO - [round 6] pick 2/5: CC(C)c1ncc2c(=O)[nH]c3cc(Cl)ccc3n12 | UCB=1.236 | mu=0.3229 | std=0.9127 | f=0.4064
2025-10-16 19:35:59,165 - INFO - [round 6] pick 3/5: O=C(O)c1nc2ccsc2c2[nH]c3c(Cl)cccc3c12 | UCB=1.237 | mu=0.3158 | std=0.9214 | f=0.1586
2025-10-16 19:35:59,173 - INFO - [round 6] pick 4/5: Cc1nn(-c2ccc(-c3nnc(S)o3)cc2)c(=O)n1N | UCB=1.22 | mu=0.2922 | std=0.9282 | f=0.3698
2025-10-16 19:35:59,182 - INFO - [round 6] pick 5/5: Cc1nnc(NC(=O)c2sccc2S(=O)(=O)Nc2onc(C)c2Cl)s1 | UCB=1.215 | mu=0.2943 | std=0.9211 | f=0.375
2025-10-16 19:35:59,191 - INFO - Round 6 done in 27.89s; train size=45
2025-10-16 19:35:59,191 - INFO - 
--- Round 7 | trial=8 | sqrt_beta=1.0000 (beta=1.0000) | rho=0.80 | train size=45 ---
2025-10-16 19:36:30,049 - INFO - [round 7] pick 1/5: Cc1cc(=O)oc(C)c1C(=O)Nc1cccnc1Cl | UCB=1.246 | mu=0.3379 | std=0.9077 | f=0.1622
2025-10-16 19:36:30,059 - INFO - [round 7] pick 2/5: CCN(Cc1nc2c(cnn2C)c(=O)[nH]1)c1cccc(Cl)c1 | UCB=1.235 | mu=0.3298 | std=0.9054 | f=0.4336
2025-10-16 19:36:30,069 - INFO - [round 7] pick 3/5: Cc1nnc2sc(SCc3ccc([N+](=O)[O-])cc3)nn2c1=O | UCB=1.224 | mu=0.3016 | std=0.922 | f=0.3733
2025-10-16 19:36:30,080 - INFO - [round 7] pick 4/5: O=C1N=C(Nc2ccc(Cl)cc2)SC1=Cc1cccs1 | UCB=1.226 | mu=0.3164 | std=0.9093 | f=0.3667
2025-10-16 19:36:30,091 - INFO - [round 7] pick 5/5: Cc1c(Cl)c(C(F)(F)F)nn1CC(=O)Nc1cccc(C(F)(F)F)c1 | UCB=1.23 | mu=0.3286 | std=0.9016 | f=0.1483
2025-10-16 19:36:30,102 - INFO - Round 7 done in 30.91s; train size=50
2025-10-16 19:36:30,102 - INFO - 
--- Round 8 | trial=8 | sqrt_beta=1.0000 (beta=1.0000) | rho=0.80 | train size=50 ---
2025-10-16 19:37:03,141 - INFO - [round 8] pick 1/5: Cc1ccc(-n2c(C)nc3cc(Cl)ccc3c2=O)nc1 | UCB=1.237 | mu=0.3444 | std=0.8921 | f=0.3956
2025-10-16 19:37:03,153 - INFO - [round 8] pick 2/5: CC(C)c1nnc(NC(=O)CCN2C(=O)c3ccccc3C2=O)s1 | UCB=1.231 | mu=0.3271 | std=0.9038 | f=0.4472
2025-10-16 19:37:03,166 - INFO - [round 8] pick 3/5: Cn1c(=O)cc(NNc2ccc(Cl)c(Cl)c2)[nH]c1=O | UCB=1.233 | mu=0.3294 | std=0.9034 | f=0.1529
2025-10-16 19:37:03,178 - INFO - [round 8] pick 4/5: CSc1cc(-c2sc(-c3cccs3)nc2C)[nH]n1 | UCB=1.221 | mu=0.3102 | std=0.9109 | f=0.3763
2025-10-16 19:37:03,192 - INFO - [round 8] pick 5/5: Cc1ccc2[nH]c(=O)c(CN(Cc3cccs3)C(=O)c3ccco3)cc2c1 | UCB=1.227 | mu=0.3272 | std=0.9002 | f=0.1536
2025-10-16 19:37:03,205 - INFO - Round 8 done in 33.10s; train size=55
2025-10-16 19:37:03,205 - INFO - 
--- Round 9 | trial=8 | sqrt_beta=1.0000 (beta=1.0000) | rho=0.80 | train size=55 ---
2025-10-16 19:37:40,134 - INFO - [round 9] pick 1/5: CNc1nnc(Sc2cnn(-c3ccccc3)c(=O)c2Cl)s1 | UCB=1.24 | mu=0.3307 | std=0.9091 | f=0.4082
2025-10-16 19:37:40,148 - INFO - [round 9] pick 2/5: CC(C)Cc1ccc(C(C)c2nnc(Nc3cccc(Cl)c3)[nH]2)cc1 | UCB=1.236 | mu=0.3293 | std=0.9069 | f=0.3953
2025-10-16 19:37:40,163 - INFO - [round 9] pick 3/5: Cc1nc(-c2ccc3c(c2)CC(=O)N3C)cs1 | UCB=1.229 | mu=0.3085 | std=0.9202 | f=0.3831
2025-10-16 19:37:40,181 - INFO - [round 9] pick 4/5: CN(C)c1nc2c(c(=O)n(C)c(=O)n2C)n1CC(=O)c1cccs1 | UCB=1.219 | mu=0.3094 | std=0.9092 | f=0.393
2025-10-16 19:37:40,198 - INFO - [round 9] pick 5/5: Cc1nnc(N)nc1CC=CC(C)Sc1ccc(Cl)cc1 | UCB=1.226 | mu=0.301 | std=0.9246 | f=0.1437
2025-10-16 19:37:40,215 - INFO - Round 9 done in 37.01s; train size=60
2025-10-16 19:37:40,215 - INFO - 
--- Round 10 | trial=8 | sqrt_beta=1.0000 (beta=1.0000) | rho=0.80 | train size=60 ---
2025-10-16 19:38:18,977 - INFO - [round 10] pick 1/5: Cc1ccccc1N1CCn2c1nnc(-c1cccs1)c2=O | UCB=1.236 | mu=0.3321 | std=0.9034 | f=0.1452
2025-10-16 19:38:18,994 - INFO - [round 10] pick 2/5: CCc1nnc2c(NC(C)=O)nc3cc(Cl)ccc3n12 | UCB=1.235 | mu=0.3364 | std=0.8986 | f=0.4207
2025-10-16 19:38:19,012 - INFO - [round 10] pick 3/5: O=c1[nH]c2[nH]cnc2c(=O)n1Cc1cccc(Cl)c1 | UCB=1.232 | mu=0.333 | std=0.8995 | f=0.4119
2025-10-16 19:38:19,029 - INFO - [round 10] pick 4/5: Cc1nn(C)c(C)c1S(=O)(=O)N(CC(=O)Nc1nccs1)c1ccc(C(C)C)cc1 | UCB=1.229 | mu=0.3208 | std=0.9082 | f=0.3901
2025-10-16 19:38:19,048 - INFO - [round 10] pick 5/5: CC(C)C1SC(Nc2ccc3[nH]ncc3c2)=NC1=O | UCB=1.216 | mu=0.2923 | std=0.9232 | f=0.373
2025-10-16 19:38:19,067 - INFO - Round 10 done in 38.85s; train size=65
2025-10-16 19:38:19,067 - INFO - 
--- Round 11 | trial=8 | sqrt_beta=1.0000 (beta=1.0000) | rho=0.80 | train size=65 ---
2025-10-16 19:39:01,227 - INFO - [round 11] pick 1/5: CCc1nn2c(=O)c(S(=O)(=O)Nc3cccc(F)c3)c(C)nc2s1 | UCB=1.237 | mu=0.3508 | std=0.8861 | f=0.4032
2025-10-16 19:39:01,247 - INFO - [round 11] pick 2/5: CC(=O)N1N=C(c2nc(C(C)C)cs2)OC1c1cccc(Cl)c1Cl | UCB=1.234 | mu=0.3175 | std=0.9166 | f=0.4714
2025-10-16 19:39:01,267 - INFO - [round 11] pick 3/5: CCSc1nnc(NC(=S)Nc2ccnc3cc(Cl)ccc23)s1 | UCB=1.226 | mu=0.3244 | std=0.9019 | f=0.3795
2025-10-16 19:39:01,288 - INFO - [round 11] pick 4/5: Cc1ccc(-c2cnn3c(=O)[nH]c(=O)[nH]c23)cc1 | UCB=1.221 | mu=0.3208 | std=0.9 | f=0.3913
2025-10-16 19:39:01,310 - INFO - [round 11] pick 5/5: Cc1nn(C)c2sc3c(=O)[nH]cnc3c12 | UCB=1.213 | mu=0.2751 | std=0.938 | f=0.3349
2025-10-16 19:39:01,332 - INFO - Round 11 done in 42.26s; train size=70
2025-10-16 19:39:01,332 - INFO - 
--- Round 12 | trial=8 | sqrt_beta=1.0000 (beta=1.0000) | rho=0.80 | train size=70 ---
2025-10-16 19:39:45,076 - INFO - [round 12] pick 1/5: CC(=O)c1sc(Nc2ccc(C)c(Cl)c2)nc1C | UCB=1.245 | mu=0.3598 | std=0.8853 | f=0.1645
2025-10-16 19:39:45,099 - INFO - [round 12] pick 2/5: CC(C)(C)n1ncc2c(=O)n(Cc3cccc(Cl)c3Cl)cnc21 | UCB=1.243 | mu=0.3333 | std=0.9095 | f=0.4318
2025-10-16 19:39:45,123 - INFO - [round 12] pick 3/5: O=C(CC1SC(=O)NC1=O)Nc1nc(-c2ccc(I)cc2)cs1 | UCB=1.231 | mu=0.3156 | std=0.915 | f=0.4049
2025-10-16 19:39:45,147 - INFO - [round 12] pick 4/5: CC(C)n1nc(-c2cccc(S(N)(=O)=O)c2)c2c(N)ncnc21 | UCB=1.231 | mu=0.31 | std=0.9207 | f=0.3841
2025-10-16 19:39:45,172 - INFO - [round 12] pick 5/5: CCc1nnc(SCc2cccc(Cl)c2)c2cc3sccc3n12 | UCB=1.226 | mu=0.332 | std=0.8937 | f=0.1434
2025-10-16 19:39:45,197 - INFO - Round 12 done in 43.87s; train size=75
2025-10-16 19:39:45,197 - INFO - 
--- Round 13 | trial=8 | sqrt_beta=1.0000 (beta=1.0000) | rho=0.80 | train size=75 ---
2025-10-16 19:40:32,248 - INFO - [round 13] pick 1/5: Cc1cccc2cc3c(NC(=O)CC(C)C)nn(C)c3nc12 | UCB=1.247 | mu=0.3542 | std=0.8929 | f=0.4237
2025-10-16 19:40:32,275 - INFO - [round 13] pick 2/5: O=C(Cn1c(=O)ccn2nccc12)Nc1scc(Br)c1-c1ncn[nH]1 | UCB=1.237 | mu=0.3115 | std=0.9256 | f=0.1364
2025-10-16 19:40:32,302 - INFO - [round 13] pick 3/5: Cc1nnc(NS(=O)(=O)c2ccc(C3SC(=S)NC3=O)cc2)s1 | UCB=1.233 | mu=0.3363 | std=0.8969 | f=0.3946
2025-10-16 19:40:32,330 - INFO - [round 13] pick 4/5: CC(C)N(C)c1nc(-c2ccc(C(C)(C)O)nc2)cc2ncn(C)c(=O)c12 | UCB=1.237 | mu=0.3174 | std=0.9192 | f=0.3455
2025-10-16 19:40:32,359 - INFO - [round 13] pick 5/5: CCCn1c(=O)c2[nH]c(-c3cn[nH]c3)nc2n(CC)c1=O | UCB=1.216 | mu=0.2825 | std=0.9333 | f=0.378
2025-10-16 19:40:32,388 - INFO - Round 13 done in 47.19s; train size=80
2025-10-16 19:40:32,388 - INFO - 
--- Round 14 | trial=8 | sqrt_beta=1.0000 (beta=1.0000) | rho=0.80 | train size=80 ---
2025-10-16 19:41:21,410 - INFO - [round 14] pick 1/5: CC(C)NC(=O)c1cc(-c2ccc(S(C)(=O)=O)cc2)c2cnn(C)c2n1 | UCB=1.244 | mu=0.3611 | std=0.883 | f=0.3838
2025-10-16 19:41:21,440 - INFO - [round 14] pick 2/5: CCn1c2nc(=O)[nH]c(=O)c-2nc2ccccc21 | UCB=1.238 | mu=0.3384 | std=0.8998 | f=0.4556
2025-10-16 19:41:21,470 - INFO - [round 14] pick 3/5: CC(C)n1cnc2c(Nc3cccc(Br)c3)nc(I)nc21 | UCB=1.241 | mu=0.3335 | std=0.9076 | f=0.3521
2025-10-16 19:41:21,502 - INFO - [round 14] pick 4/5: Cc1c(Cl)cnc(NC(=O)COC(=O)c2ccc([N+](=O)[O-])s2)c1Cl | UCB=1.216 | mu=0.2922 | std=0.9234 | f=0.1742
2025-10-16 19:41:21,534 - INFO - [round 14] pick 5/5: CC(C)c1ccc(C=C2C(=O)NC(=S)NC2=O)cc1 | UCB=1.235 | mu=0.3257 | std=0.9092 | f=0.1481
2025-10-16 19:41:21,567 - INFO - Round 14 done in 49.18s; train size=85
2025-10-16 19:41:21,567 - INFO - 
--- Round 15 | trial=8 | sqrt_beta=1.0000 (beta=1.0000) | rho=0.80 | train size=85 ---
2025-10-16 19:42:15,472 - INFO - [round 15] pick 1/5: CCn1nc(-c2cccc(Cl)c2)nc2c(=O)n(C)c(=O)nc1-2 | UCB=1.245 | mu=0.382 | std=0.863 | f=0.4237
2025-10-16 19:42:15,506 - INFO - [round 15] pick 2/5: CCN(CC)S(=O)(=O)c1ccc(-c2nnc(SCC(=O)Nc3nc(C)cs3)o2)cc1 | UCB=1.232 | mu=0.3548 | std=0.8776 | f=0.4185
2025-10-16 19:42:15,540 - INFO - [round 15] pick 3/5: CN(C)c1nc2nc3ccccc3nc2c(=O)[nH]1 | UCB=1.239 | mu=0.3376 | std=0.9011 | f=0.4303
2025-10-16 19:42:15,576 - INFO - [round 15] pick 4/5: O=c1[nH]c2cncnc2n1-c1ccc2c(c1)OCO2 | UCB=1.22 | mu=0.2909 | std=0.9295 | f=0.1262
2025-10-16 19:42:15,612 - INFO - [round 15] pick 5/5: Cc1cc(NC(=O)C(C)C)n(-c2nc(C)c(C)c(=O)[nH]2)n1 | UCB=1.224 | mu=0.3086 | std=0.9151 | f=0.136
2025-10-16 19:42:15,648 - INFO - Round 15 done in 54.08s; train size=90
2025-10-16 19:42:15,648 - INFO - 
--- Round 16 | trial=8 | sqrt_beta=1.0000 (beta=1.0000) | rho=0.80 | train size=90 ---
2025-10-16 19:43:11,586 - INFO - [round 16] pick 1/5: CCN1c2cccnc2N(C)C(=O)c2ccc(C)nc21 | UCB=1.24 | mu=0.3377 | std=0.9021 | f=0.4207
2025-10-16 19:43:11,624 - INFO - [round 16] pick 2/5: CC(C)c1cc(O)n2nc(SCc3ccccc3Cl)nc2n1 | UCB=1.238 | mu=0.3373 | std=0.9005 | f=0.4453
2025-10-16 19:43:11,663 - INFO - [round 16] pick 3/5: CCN(CC)S(=O)(=O)c1ccc2c3c(cccc13)C(=O)S2 | UCB=1.234 | mu=0.3274 | std=0.9067 | f=0.417
2025-10-16 19:43:11,702 - INFO - [round 16] pick 4/5: CNC(=O)c1n[nH]c2c1C(c1cccc3nsnc13)CC(=O)N2 | UCB=1.212 | mu=0.2806 | std=0.9314 | f=0.1569
2025-10-16 19:43:11,743 - INFO - [round 16] pick 5/5: N#CCn1ncn(-c2nc(-c3ccsc3)cs2)c1=O | UCB=1.204 | mu=0.2635 | std=0.9405 | f=0.3015
2025-10-16 19:43:11,784 - INFO - Round 16 done in 56.14s; train size=95
2025-10-16 19:43:11,784 - INFO - 
--- Round 17 | trial=8 | sqrt_beta=1.0000 (beta=1.0000) | rho=0.80 | train size=95 ---
2025-10-16 19:44:11,026 - INFO - [round 17] pick 1/5: CCCn1c(=O)nc2oc3ccccc3cc-2c1=O | UCB=1.248 | mu=0.3537 | std=0.8943 | f=0.4493
2025-10-16 19:44:11,068 - INFO - [round 17] pick 2/5: CN(C)c1nc(Cl)nc2c1ncn2Cc1ccc(N)cc1 | UCB=1.244 | mu=0.339 | std=0.9046 | f=0.3906
2025-10-16 19:44:11,111 - INFO - [round 17] pick 3/5: Cc1nnc2ccc(-c3cccc(NS(C)(=O)=O)c3)nn12 | UCB=1.24 | mu=0.3524 | std=0.888 | f=0.378
2025-10-16 19:44:11,155 - INFO - [round 17] pick 4/5: CC(C)Sc1nc(Cc2c(F)cccc2Cl)cc(=O)[nH]1 | UCB=1.239 | mu=0.3485 | std=0.8904 | f=0.1645
2025-10-16 19:44:11,199 - INFO - [round 17] pick 5/5: Cn1nc(-c2cccc(-c3nn(C)c(=NCCO)s3)n2)sc1=NCCO | UCB=1.213 | mu=0.2669 | std=0.9461 | f=0.3679
2025-10-16 19:44:11,245 - INFO - Round 17 done in 59.46s; train size=100
2025-10-16 19:44:11,245 - INFO - 
--- Round 18 | trial=8 | sqrt_beta=1.0000 (beta=1.0000) | rho=0.80 | train size=100 ---
2025-10-16 19:45:12,409 - INFO - [round 18] pick 1/5: Cc1nn2c3ccccc3nc2n(C)c1=O | UCB=1.249 | mu=0.3755 | std=0.8738 | f=0.4295
2025-10-16 19:45:12,456 - INFO - [round 18] pick 2/5: CCn1c(-c2ccc(P(=O)(O)O)o2)nc2c(N)cccc21 | UCB=1.246 | mu=0.3345 | std=0.9112 | f=0.3922
2025-10-16 19:45:12,503 - INFO - [round 18] pick 3/5: CN(C)c1ncc2nc(-c3cccc(C#N)c3)c(=O)n(CCC#N)c2n1 | UCB=1.243 | mu=0.3376 | std=0.9058 | f=0.3693
2025-10-16 19:45:12,551 - INFO - [round 18] pick 4/5: CCCCC(=O)Nc1nnc(S(=O)(=O)N(C)Cc2ccc(Cl)cc2)s1 | UCB=1.22 | mu=0.3319 | std=0.8881 | f=0.1591
2025-10-16 19:45:12,600 - INFO - [round 18] pick 5/5: CC(C)(C)c1ccc(-c2cc3nc(SCc4[nH]c(=O)[nH]c(=O)c4Cl)[nH]c(=O)n3n2)cc1 | UCB=1.225 | mu=0.3148 | std=0.9106 | f=0.1415
2025-10-16 19:45:12,650 - INFO - Round 18 done in 61.41s; train size=105
2025-10-16 19:45:12,650 - INFO - 
--- Round 19 | trial=8 | sqrt_beta=1.0000 (beta=1.0000) | rho=0.80 | train size=105 ---
2025-10-16 19:46:16,161 - INFO - [round 19] pick 1/5: Cc1ncc2c(n1)C(=O)c1ccccc1-2 | UCB=1.256 | mu=0.366 | std=0.8903 | f=0.4337
2025-10-16 19:46:16,212 - INFO - [round 19] pick 2/5: CN(C)CCNC(=O)c1cccc2nc3ccc4cnn(C)c4c3nc12 | UCB=1.238 | mu=0.3356 | std=0.9023 | f=0.1479
2025-10-16 19:46:16,265 - INFO - [round 19] pick 3/5: CCCn1c(=S)sc2c1ncn1nc(-c3ccco3)nc21 | UCB=1.229 | mu=0.3284 | std=0.9009 | f=0.1332
2025-10-16 19:46:16,318 - INFO - [round 19] pick 4/5: Cn1c(N)c(S(=O)(=O)NCc2ccccc2Cl)c(=O)n(C)c1=O | UCB=1.233 | mu=0.346 | std=0.8869 | f=0.1772
2025-10-16 19:46:16,371 - INFO - [round 19] pick 5/5: Cc1ncc([N+](=O)[O-])n1Cc1nnc(-c2cccc(F)c2)o1 | UCB=1.238 | mu=0.3407 | std=0.8976 | f=0.3733
2025-10-16 19:46:16,427 - INFO - Round 19 done in 63.78s; train size=110
2025-10-16 19:46:16,427 - INFO - 
--- Round 20 | trial=8 | sqrt_beta=1.0000 (beta=1.0000) | rho=0.80 | train size=110 ---
2025-10-16 19:47:21,660 - INFO - [round 20] pick 1/5: Cc1c(-c2ccccc2)c(C#N)c2nnn(C)c(=O)n12 | UCB=1.243 | mu=0.349 | std=0.8943 | f=0.4207
2025-10-16 19:47:21,716 - INFO - [round 20] pick 2/5: Cc1[nH]cnc1Cn1cccc(-c2ccsc2)c1=O | UCB=1.238 | mu=0.3341 | std=0.9039 | f=0.3845
2025-10-16 19:47:21,773 - INFO - [round 20] pick 3/5: CCC(C)Nc1nc(C)nc2c1oc1ccccc12 | UCB=1.24 | mu=0.3476 | std=0.892 | f=0.4493
2025-10-16 19:47:21,831 - INFO - [round 20] pick 4/5: CC(C)=CCn1c2cc(=O)ccc-2nc2c(C(N)=O)cccc21 | UCB=1.23 | mu=0.3317 | std=0.8987 | f=0.43
2025-10-16 19:47:21,890 - INFO - [round 20] pick 5/5: CCN1C(=O)C(O)(Cc2nnn[nH]2)c2cc(Cl)ccc21 | UCB=1.207 | mu=0.2921 | std=0.9153 | f=0.3956
2025-10-16 19:47:21,950 - INFO - Round 20 done in 65.52s; train size=115
2025-10-16 19:47:21,950 - INFO - 
--- Round 21 | trial=8 | sqrt_beta=1.0000 (beta=1.0000) | rho=0.80 | train size=115 ---
2025-10-16 19:48:30,540 - INFO - [round 21] pick 1/5: CC(C)Cn1c(=O)c2ncn(C)c2c2ccccc21 | UCB=1.25 | mu=0.3696 | std=0.8802 | f=0.4264
2025-10-16 19:48:30,602 - INFO - [round 21] pick 2/5: Cc1nc2ccccc2cc1-c1csc(N)n1 | UCB=1.245 | mu=0.3632 | std=0.8821 | f=0.4214
2025-10-16 19:48:30,664 - INFO - [round 21] pick 3/5: CCn1nnnc1-c1cccc(NCc2nc(C)ccc2O)c1 | UCB=1.234 | mu=0.3426 | std=0.8914 | f=0.3914
2025-10-16 19:48:30,728 - INFO - [round 21] pick 4/5: C=C1C(C)=C(C#N)C(=O)N1c1cccc(Cl)c1 | UCB=1.231 | mu=0.3379 | std=0.8927 | f=0.1523
2025-10-16 19:48:30,792 - INFO - [round 21] pick 5/5: Cc1csc2nc3[nH]ncc3c(=O)n12 | UCB=1.211 | mu=0.2832 | std=0.9273 | f=0.3221
2025-10-16 19:48:30,857 - INFO - Round 21 done in 68.91s; train size=120
2025-10-16 19:48:30,857 - INFO - 
--- Round 22 | trial=8 | sqrt_beta=1.0000 (beta=1.0000) | rho=0.80 | train size=120 ---
2025-10-16 19:49:41,209 - INFO - [round 22] pick 1/5: CCC(=O)Nc1cccc(-c2nc3ccccc3c(=O)o2)c1 | UCB=1.251 | mu=0.3905 | std=0.8604 | f=0.4434
2025-10-16 19:49:41,276 - INFO - [round 22] pick 2/5: CN(C)c1ncnc2c1Cc1ccccc1C(=O)N2C | UCB=1.242 | mu=0.3539 | std=0.888 | f=0.4207
2025-10-16 19:49:41,343 - INFO - [round 22] pick 3/5: CCn1c(=O)c2cc(OC)ccc2n2c(S)nnc12 | UCB=1.238 | mu=0.3377 | std=0.9001 | f=0.4009
2025-10-16 19:49:41,411 - INFO - [round 22] pick 4/5: CC(N)c1csc(Nc2nncc3ccccc23)n1 | UCB=1.242 | mu=0.3446 | std=0.8977 | f=0.3845
2025-10-16 19:49:41,481 - INFO - [round 22] pick 5/5: CNc1nc(C)nc2c(Cc3ccco3)cnn12 | UCB=1.221 | mu=0.3147 | std=0.9066 | f=0.3627
2025-10-16 19:49:41,551 - INFO - Round 22 done in 70.69s; train size=125
2025-10-16 19:49:41,551 - INFO - 
--- Round 23 | trial=8 | sqrt_beta=1.0000 (beta=1.0000) | rho=0.80 | train size=125 ---
2025-10-16 19:50:54,745 - INFO - [round 23] pick 1/5: CC(C)(C)n1nnc(-c2coc3ccccc3c2=O)n1 | UCB=1.255 | mu=0.3608 | std=0.8937 | f=0.4082
2025-10-16 19:50:54,826 - INFO - [round 23] pick 2/5: CCn1c(=O)ccc2cnc(Nc3cccc(OC)c3)nc21 | UCB=1.246 | mu=0.3935 | std=0.8528 | f=0.4082
2025-10-16 19:50:54,901 - INFO - [round 23] pick 3/5: CCN1c2nc(-c3ccccc3)c(Cl)nc2C(N)=NS1(=O)=O | UCB=1.247 | mu=0.3574 | std=0.8892 | f=0.4588
2025-10-16 19:50:54,976 - INFO - [round 23] pick 4/5: Cc1ccc2c(n1)sc1c(S)nnnc12 | UCB=1.214 | mu=0.2921 | std=0.9216 | f=0.3333
2025-10-16 19:50:55,053 - INFO - [round 23] pick 5/5: CC(O)C1C(=O)N2C(C(=O)O)=C(Sc3nc(-c4cc[n+](CC(N)=O)cc4)cs3)C(C)C12 | UCB=1.21 | mu=0.281 | std=0.9289 | f=0.1496
2025-10-16 19:50:55,131 - INFO - Round 23 done in 73.58s; train size=130
2025-10-16 19:50:55,131 - INFO - 
--- Round 24 | trial=8 | sqrt_beta=1.0000 (beta=1.0000) | rho=0.80 | train size=130 ---
2025-10-16 19:52:10,584 - INFO - [round 24] pick 1/5: CCn1nnc(-c2ccc3c(c2)S(=O)(=O)c2ccccc2C3=O)n1 | UCB=1.256 | mu=0.3677 | std=0.8884 | f=0.1514
2025-10-16 19:52:10,662 - INFO - [round 24] pick 2/5: Cc1nn(C)c2nc3ccccc3c(N)c12 | UCB=1.255 | mu=0.3995 | std=0.8559 | f=0.4428
2025-10-16 19:52:10,741 - INFO - [round 24] pick 3/5: CC(C)c1n[nH]c2c(NCc3cccc(O)c3)ncnc12 | UCB=1.229 | mu=0.3291 | std=0.8997 | f=0.3764
2025-10-16 19:52:10,822 - INFO - [round 24] pick 4/5: CN(c1ccsc1)c1nc(=O)c2cccnc2s1 | UCB=1.232 | mu=0.3247 | std=0.9069 | f=0.3489
2025-10-16 19:52:10,903 - INFO - [round 24] pick 5/5: O=C(Nc1nn[nH]n1)c1cc(=O)n2c(n1)oc1ccccc12 | UCB=1.242 | mu=0.3445 | std=0.8975 | f=0.1539
2025-10-16 19:52:10,985 - INFO - Round 24 done in 75.85s; train size=135
2025-10-16 19:52:10,985 - INFO - 
--- Round 25 | trial=8 | sqrt_beta=1.0000 (beta=1.0000) | rho=0.80 | train size=135 ---
2025-10-16 19:53:31,518 - INFO - [round 25] pick 1/5: CCCn1c(C)nc2c(Nc3ccccc3)nc(C)nc21 | UCB=1.253 | mu=0.3887 | std=0.8647 | f=0.4492
2025-10-16 19:53:31,602 - INFO - [round 25] pick 2/5: CC(C)Cc1nn2cc(-c3cccc(Br)c3)nc2s1 | UCB=1.24 | mu=0.3503 | std=0.8897 | f=0.3596
2025-10-16 19:53:31,688 - INFO - [round 25] pick 3/5: Cc1[nH]c2ccccc2c1CC1NC(=O)N(C)C1=O | UCB=1.236 | mu=0.35 | std=0.8863 | f=0.4758
2025-10-16 19:53:31,775 - INFO - [round 25] pick 4/5: CCN(CC)c1nccc(-c2c[nH]c3cc(Cl)ccc23)n1 | UCB=1.233 | mu=0.3477 | std=0.8848 | f=0.4134
2025-10-16 19:53:31,864 - INFO - [round 25] pick 5/5: Cc1ccc(-c2nnc(-c3snnc3C)o2)s1 | UCB=1.208 | mu=0.2937 | std=0.9141 | f=0.3392
2025-10-16 19:53:31,954 - INFO - Round 25 done in 80.97s; train size=140
2025-10-16 19:53:31,954 - INFO - 
--- Round 26 | trial=8 | sqrt_beta=1.0000 (beta=1.0000) | rho=0.80 | train size=140 ---
2025-10-16 19:54:53,892 - INFO - [round 26] pick 1/5: CCC1CN2C(=O)N(C)c3[nH]c(-c4ccccc4)nc3C2=N1 | UCB=1.255 | mu=0.3747 | std=0.8804 | f=0.1631
2025-10-16 19:54:53,982 - INFO - [round 26] pick 2/5: CN(C)CC(=O)Nc1cnc2c(c1)nc(O)c1ccccc12 | UCB=1.251 | mu=0.3814 | std=0.8701 | f=0.4336
2025-10-16 19:54:54,074 - INFO - [round 26] pick 3/5: CCc1ccc2c(c1)c1nnc(NN)nc1n2C | UCB=1.242 | mu=0.3487 | std=0.8929 | f=0.378
2025-10-16 19:54:54,166 - INFO - [round 26] pick 4/5: Cc1cn(Cc2coc(-c3ccc(F)cc3)n2)c(C)n1 | UCB=1.238 | mu=0.3535 | std=0.884 | f=0.3682
2025-10-16 19:54:54,261 - INFO - [round 26] pick 5/5: CC1c2c[nH]c3cccc(c23)SC1c1nnn[nH]1 | UCB=1.211 | mu=0.2849 | std=0.9261 | f=0.1378
2025-10-16 19:54:54,357 - INFO - Round 26 done in 82.40s; train size=145
2025-10-16 19:54:54,357 - INFO - 
--- Round 27 | trial=8 | sqrt_beta=1.0000 (beta=1.0000) | rho=0.80 | train size=145 ---
2025-10-16 19:56:17,440 - INFO - [round 27] pick 1/5: Cc1c(-c2cnc(N)s2)c2ccccc2n1C | UCB=1.255 | mu=0.3868 | std=0.8685 | f=0.4364
2025-10-16 19:56:17,538 - INFO - [round 27] pick 2/5: CC(C)Nc1nc(NCc2ccco2)c2cccc(Cl)c2n1 | UCB=1.245 | mu=0.3707 | std=0.8747 | f=0.4201
2025-10-16 19:56:17,637 - INFO - [round 27] pick 3/5: CCn1c(S)nnc1CCc1nc2ccccc2[nH]1 | UCB=1.233 | mu=0.3447 | std=0.8879 | f=0.435
2025-10-16 19:56:17,738 - INFO - [round 27] pick 4/5: Cc1nc(N)nc2c1cc(Br)c(=O)n2CC(C)(C)O | UCB=1.219 | mu=0.2998 | std=0.9188 | f=0.1295
2025-10-16 19:56:17,840 - INFO - [round 27] pick 5/5: CC(C)(C)CC(=O)Nc1cccc(-c2ccnc3c(C(=O)c4cccs4)cnn23)c1 | UCB=1.228 | mu=0.3558 | std=0.8724 | f=0.1534
2025-10-16 19:56:17,943 - INFO - Round 27 done in 83.59s; train size=150
2025-10-16 19:56:17,943 - INFO - 
--- Round 28 | trial=8 | sqrt_beta=1.0000 (beta=1.0000) | rho=0.80 | train size=150 ---
2025-10-16 19:57:43,001 - INFO - [round 28] pick 1/5: Cn1c(S)nnc1-c1sc2ccccc2c1Cl | UCB=1.255 | mu=0.3862 | std=0.8688 | f=0.4234
2025-10-16 19:57:43,105 - INFO - [round 28] pick 2/5: Cc1csc(CNCC(C)c2nc3ccccc3o2)n1 | UCB=1.247 | mu=0.3657 | std=0.8814 | f=0.417
2025-10-16 19:57:43,210 - INFO - [round 28] pick 3/5: CCC(C)N1C(=O)C(C)(C)c2cnc(Nc3ccc(S(C)(=O)=O)cc3)nc21 | UCB=1.23 | mu=0.3474 | std=0.8827 | f=0.3808
2025-10-16 19:57:43,315 - INFO - [round 28] pick 4/5: CN(C)c1ncnc2[nH]cc(-c3cccc(CO)c3)c12 | UCB=1.223 | mu=0.3332 | std=0.8894 | f=0.3812
2025-10-16 19:57:43,423 - INFO - [round 28] pick 5/5: CCn1c(-c2c(N)nn(C)c2C)nc2cnccc21 | UCB=1.226 | mu=0.3325 | std=0.8939 | f=0.3879
2025-10-16 19:57:43,531 - INFO - Round 28 done in 85.59s; train size=155
2025-10-16 19:57:43,531 - INFO - 
--- Round 29 | trial=8 | sqrt_beta=1.0000 (beta=1.0000) | rho=0.80 | train size=155 ---
2025-10-16 19:59:12,644 - INFO - [round 29] pick 1/5: CSc1nc2ccccc2c2c1ncn2CC(C)C | UCB=1.256 | mu=0.4034 | std=0.8526 | f=0.4119
2025-10-16 19:59:12,754 - INFO - [round 29] pick 2/5: CCn1c(Nc2ccccc2C)nc2ccsc2c1=O | UCB=1.249 | mu=0.3902 | std=0.8587 | f=0.4432
2025-10-16 19:59:12,866 - INFO - [round 29] pick 3/5: C=CCn1c(S)nnc1-c1ccc2[nH]c(C)c(C)c2c1 | UCB=1.223 | mu=0.3247 | std=0.8986 | f=0.3698
2025-10-16 19:59:12,980 - INFO - [round 29] pick 4/5: CC12C=CC(=O)C=C1c1cccc(O)c1C(=O)O2 | UCB=1.214 | mu=0.2906 | std=0.9239 | f=0.3797
2025-10-16 19:59:13,094 - INFO - [round 29] pick 5/5: Cn1cccc1-c1nc2cc(N=C=S)cc(Cl)c2o1 | UCB=1.22 | mu=0.3002 | std=0.9195 | f=0.373
2025-10-16 19:59:13,210 - INFO - Round 29 done in 89.68s; train size=160
2025-10-16 19:59:13,210 - INFO - 
--- Round 30 | trial=8 | sqrt_beta=1.0000 (beta=1.0000) | rho=0.80 | train size=160 ---
2025-10-16 20:00:47,008 - INFO - [round 30] pick 1/5: Cc1nc2c(ccc3[nH]c4ccccc4c32)s1 | UCB=1.254 | mu=0.3808 | std=0.8735 | f=0.1543
2025-10-16 20:00:47,131 - INFO - [round 30] pick 2/5: CCN(CC)c1nc2ccccc2nc1-n1nc(C)cc1C | UCB=1.248 | mu=0.3883 | std=0.8602 | f=0.4453
2025-10-16 20:00:47,252 - INFO - [round 30] pick 3/5: CCNc1nc2cccc(C)c2c(=O)o1 | UCB=1.24 | mu=0.3504 | std=0.8897 | f=0.1502
2025-10-16 20:00:47,375 - INFO - [round 30] pick 4/5: CC(C)Oc1snc2cc(-c3ccsc3)cnc12 | UCB=1.218 | mu=0.3087 | std=0.9097 | f=0.3348
2025-10-16 20:00:47,499 - INFO - [round 30] pick 5/5: Cn1cnnc1SCC(=O)N1c2ccccc2-c2c(ssc2=S)C1(C)C | UCB=1.224 | mu=0.3138 | std=0.9101 | f=0.1566
2025-10-16 20:00:47,623 - INFO - Round 30 done in 94.41s; train size=165
2025-10-16 20:00:47,623 - INFO - 
--- Round 31 | trial=8 | sqrt_beta=1.0000 (beta=1.0000) | rho=0.80 | train size=165 ---
2025-10-16 20:02:21,562 - INFO - [round 31] pick 1/5: CCC(C)Nc1nc2ccccc2n2c(C)nnc12 | UCB=1.243 | mu=0.4023 | std=0.8411 | f=0.4369
2025-10-16 20:02:21,687 - INFO - [round 31] pick 2/5: Cc1cc2c3sc(=O)ccc3ccc2n1C | UCB=1.23 | mu=0.341 | std=0.8893 | f=0.3885
2025-10-16 20:02:21,814 - INFO - [round 31] pick 3/5: CCn1nc(C)c2nc(C(C)C)nc(N(C)Cc3ccco3)c21 | UCB=1.233 | mu=0.3467 | std=0.8862 | f=0.3825
2025-10-16 20:02:21,941 - INFO - [round 31] pick 4/5: Clc1c(Cl)c2ncccc2c2cccnc12 | UCB=1.22 | mu=0.3166 | std=0.9033 | f=0.3867
2025-10-16 20:02:22,070 - INFO - [round 31] pick 5/5: O=S(=O)(c1c(Cl)nc2sccn12)n1ccc2ncc(O)cc21 | UCB=1.21 | mu=0.2898 | std=0.9201 | f=0.128
2025-10-16 20:02:22,201 - INFO - Round 31 done in 94.58s; train size=170
2025-10-16 20:02:22,201 - INFO - 
--- Round 32 | trial=8 | sqrt_beta=1.0000 (beta=1.0000) | rho=0.80 | train size=170 ---
2025-10-16 20:03:58,021 - INFO - [round 32] pick 1/5: CCn1nc(-c2ccccc2)c2c(C)nnc-2c1O | UCB=1.244 | mu=0.401 | std=0.8434 | f=0.4369
2025-10-16 20:03:58,153 - INFO - [round 32] pick 2/5: CC(C)c1nc2c(Cl)c3ncccc3cc2n(C)c1=O | UCB=1.237 | mu=0.3665 | std=0.87 | f=0.3974
2025-10-16 20:03:58,286 - INFO - [round 32] pick 3/5: CCN(CC)c1nc(Nc2ccc(F)cc2)c2cn[nH]c2n1 | UCB=1.23 | mu=0.358 | std=0.8721 | f=0.3841
2025-10-16 20:03:58,421 - INFO - [round 32] pick 4/5: CN(Cc1noc2c1CCCC2)C(=O)Cn1cnc2ccccc2c1=O | UCB=1.219 | mu=0.3135 | std=0.9051 | f=0.1553
2025-10-16 20:03:58,558 - INFO - [round 32] pick 5/5: Cc1nc2c(C=Cc3ccsc3)cccn2c1C | UCB=1.212 | mu=0.3043 | std=0.9079 | f=0.3627
2025-10-16 20:03:58,824 - INFO - Round 32 done in 96.62s; train size=175
2025-10-16 20:03:58,824 - INFO - 
--- Round 33 | trial=8 | sqrt_beta=1.0000 (beta=1.0000) | rho=0.80 | train size=175 ---
2025-10-16 20:05:41,763 - INFO - [round 33] pick 1/5: Cn1c(-c2cccc3ccccc23)nnc1[S+](C)O | UCB=1.244 | mu=0.3712 | std=0.8725 | f=0.3862
2025-10-16 20:05:41,904 - INFO - [round 33] pick 2/5: CCC(C)CNc1cc(-c2ccc3ncsc3c2)nc(C)n1 | UCB=1.235 | mu=0.3419 | std=0.8927 | f=0.3963
2025-10-16 20:05:42,047 - INFO - [round 33] pick 3/5: CCn1c(C)cc(=O)c2ccc(Cl)cc21 | UCB=1.235 | mu=0.3727 | std=0.8622 | f=0.1612
2025-10-16 20:05:42,317 - INFO - [round 33] pick 4/5: CC(C)Nc1nc2nonc2nc1Nc1ccccc1 | UCB=1.233 | mu=0.3564 | std=0.8768 | f=0.3796
2025-10-16 20:05:42,462 - INFO - [round 33] pick 5/5: Cn1c(=O)c2nc(CCc3ccncc3)[nH]c2n(C)c1=O | UCB=1.22 | mu=0.3382 | std=0.882 | f=0.403
2025-10-16 20:05:42,610 - INFO - Round 33 done in 103.79s; train size=180
2025-10-16 20:05:42,610 - INFO - 
--- Round 34 | trial=8 | sqrt_beta=1.0000 (beta=1.0000) | rho=0.80 | train size=180 ---
2025-10-16 20:07:28,827 - INFO - [round 34] pick 1/5: Cc1cc(-c2ccncc2)nc2c(C(C)C)cccc12 | UCB=1.244 | mu=0.3709 | std=0.8732 | f=0.3812
2025-10-16 20:07:28,975 - INFO - [round 34] pick 2/5: CCN(CC)c1ncnc2sc(Nc3ccccc3)nc12 | UCB=1.241 | mu=0.3865 | std=0.8541 | f=0.4117
2025-10-16 20:07:29,125 - INFO - [round 34] pick 3/5: Cn1cc2ccccc2c1-c1nc(F)nc(F)n1 | UCB=1.241 | mu=0.362 | std=0.879 | f=0.3913
2025-10-16 20:07:29,277 - INFO - [round 34] pick 4/5: CNc1ncc2c(n1)CN(CCc1ccc(C)cc1)C2=O | UCB=1.233 | mu=0.3455 | std=0.8879 | f=0.3889
2025-10-16 20:07:29,431 - INFO - [round 34] pick 5/5: CC#CCn1nnc2cc3c(=O)n(C(C)Cn4ncnn4)nnc3cc2c1=O | UCB=1.188 | mu=0.2453 | std=0.9425 | f=0.1196
2025-10-16 20:07:29,586 - INFO - Round 34 done in 106.98s; train size=185
2025-10-16 20:07:29,586 - INFO - 
--- Round 35 | trial=8 | sqrt_beta=1.0000 (beta=1.0000) | rho=0.80 | train size=185 ---
2025-10-16 20:09:14,187 - INFO - [round 35] pick 1/5: Cc1ccc2nc(-c3ccccn3)[nH]c2c1C | UCB=1.24 | mu=0.362 | std=0.8777 | f=0.4214
2025-10-16 20:09:14,344 - INFO - [round 35] pick 2/5: CCC(CO)Nc1nc(NCc2ccccc2)c2nc(Cl)n(C(C)C)c2n1 | UCB=1.234 | mu=0.362 | std=0.8719 | f=0.4419
2025-10-16 20:09:14,502 - INFO - [round 35] pick 3/5: COCc1cc(O)n2c(-c3ccc(C)cc3)nnc2n1 | UCB=1.234 | mu=0.3579 | std=0.876 | f=0.4065
2025-10-16 20:09:14,663 - INFO - [round 35] pick 4/5: N=C1SC(=Cc2ccco2)C(=O)N1c1nccs1 | UCB=1.196 | mu=0.2835 | std=0.9123 | f=0.3203
2025-10-16 20:09:14,825 - INFO - [round 35] pick 5/5: CCCCCCCCCCCCn1c2nc(=O)n(C)c(=O)c-2cc2ccccc21 | UCB=1.21 | mu=0.3053 | std=0.9048 | f=0.4303
2025-10-16 20:09:14,990 - INFO - Round 35 done in 105.40s; train size=190
2025-10-16 20:09:14,990 - INFO - 
--- Round 36 | trial=8 | sqrt_beta=1.0000 (beta=1.0000) | rho=0.80 | train size=190 ---
2025-10-16 20:11:03,758 - INFO - [round 36] pick 1/5: Cc1nc2c(=O)n(C)c(=O)[nH]c2n1Cc1ccccc1 | UCB=1.245 | mu=0.4111 | std=0.8338 | f=0.4573
2025-10-16 20:11:03,924 - INFO - [round 36] pick 2/5: Cc1cccc(CNC(Cc2ccsc2)c2nc(C)c(C)s2)n1 | UCB=1.239 | mu=0.3527 | std=0.8864 | f=0.3914
2025-10-16 20:11:04,091 - INFO - [round 36] pick 3/5: CCOc1ccc2nc3ncccc3c(O)c2c1 | UCB=1.232 | mu=0.3493 | std=0.8828 | f=0.4027
2025-10-16 20:11:04,278 - INFO - [round 36] pick 4/5: CSc1nc(NC(C)C)c2c(n1)Sc1nc3ccccc3n1N=C2 | UCB=1.232 | mu=0.3499 | std=0.8819 | f=0.1423
2025-10-16 20:11:04,459 - INFO - [round 36] pick 5/5: Cc1noc(-c2ccc[n+](C)c2)n1 | UCB=1.211 | mu=0.305 | std=0.9061 | f=0.1262
2025-10-16 20:11:04,632 - INFO - Round 36 done in 109.64s; train size=195
2025-10-16 20:11:04,632 - INFO - 
--- Round 37 | trial=8 | sqrt_beta=1.0000 (beta=1.0000) | rho=0.80 | train size=195 ---
2025-10-16 20:12:56,296 - INFO - [round 37] pick 1/5: COCCn1c(=O)c(C)nc2cnc(Nc3ccccc3)nc21 | UCB=1.246 | mu=0.416 | std=0.8298 | f=0.4603
2025-10-16 20:12:56,470 - INFO - [round 37] pick 2/5: CC(C)n1c(-c2ccc([N+](=O)[O-])cc2)nc(=O)c2ccccc21 | UCB=1.235 | mu=0.3775 | std=0.8577 | f=0.4066
2025-10-16 20:12:56,660 - INFO - [round 37] pick 3/5: CCN(C(=O)CSc1nnc(COc2cccc(C)c2)o1)c1nc(C)cs1 | UCB=1.224 | mu=0.3451 | std=0.8787 | f=0.4507
2025-10-16 20:12:56,841 - INFO - [round 37] pick 4/5: Cc1nccn1Cc1ccc(Cl)nc1 | UCB=1.215 | mu=0.3108 | std=0.9037 | f=0.1356
2025-10-16 20:12:57,022 - INFO - [round 37] pick 5/5: CCCc1nn(C)c2c(=O)[nH]c(-c3cnccn3)nc12 | UCB=1.216 | mu=0.3169 | std=0.8995 | f=0.3682
2025-10-16 20:12:57,203 - INFO - Round 37 done in 112.57s; train size=200
2025-10-16 20:12:57,203 - INFO - 
--- Round 38 | trial=8 | sqrt_beta=1.0000 (beta=1.0000) | rho=0.80 | train size=200 ---
2025-10-16 20:14:51,056 - INFO - [round 38] pick 1/5: CCN(CC)Cc1nc2c(c(C)nn2-c2ccccc2)c(=O)[nH]1 | UCB=1.246 | mu=0.3947 | std=0.8514 | f=0.4734
2025-10-16 20:14:51,239 - INFO - [round 38] pick 2/5: CCCc1cccc(Nc2nc(O)c3[nH]cnc3n2)c1 | UCB=1.237 | mu=0.3566 | std=0.8806 | f=0.3922
2025-10-16 20:14:51,424 - INFO - [round 38] pick 3/5: CNCc1ccc(-c2nn(C)c3ccccc23)o1 | UCB=1.231 | mu=0.3575 | std=0.8735 | f=0.4027
2025-10-16 20:14:51,611 - INFO - [round 38] pick 4/5: CC(C)CCN(CCCN)c1cccc2ccc(-c3nnc4ccccn34)nc12 | UCB=1.226 | mu=0.319 | std=0.9072 | f=0.154
2025-10-16 20:14:51,799 - INFO - [round 38] pick 5/5: Cc1ncc(Cn2c(C)c(CCO)sc2=O)c(N)n1 | UCB=1.202 | mu=0.2868 | std=0.915 | f=0.1334
2025-10-16 20:14:51,990 - INFO - Round 38 done in 114.79s; train size=205
2025-10-16 20:14:51,990 - INFO - 
--- Round 39 | trial=8 | sqrt_beta=1.0000 (beta=1.0000) | rho=0.80 | train size=205 ---
2025-10-16 20:16:45,701 - INFO - [round 39] pick 1/5: Cc1cc(Nc2nn(Cc3csc(C)n3)c(=O)c3ccccc23)n[nH]1 | UCB=1.245 | mu=0.3787 | std=0.866 | f=0.1531
2025-10-16 20:16:45,893 - INFO - [round 39] pick 2/5: CCn1c(=O)c2c(nc(CCCc3ccccc3)n2C)n(CC)c1=O | UCB=1.241 | mu=0.3863 | std=0.8549 | f=0.4635
2025-10-16 20:16:46,087 - INFO - [round 39] pick 3/5: CCc1cccc(-c2nc3cc(OC)ccc3[nH]2)n1 | UCB=1.238 | mu=0.3765 | std=0.8616 | f=0.4226
2025-10-16 20:16:46,282 - INFO - [round 39] pick 4/5: CCC(CC)Nc1c(C(=O)N(CC)CC)c2nnc(C(C)C)n2c2ncccc12 | UCB=1.21 | mu=0.3048 | std=0.905 | f=0.4037
2025-10-16 20:16:46,480 - INFO - [round 39] pick 5/5: Oc1[nH]c(Nc2ccc(I)cc2)nc2ncnc1-2 | UCB=1.213 | mu=0.3179 | std=0.8953 | f=0.3348
2025-10-16 20:16:46,680 - INFO - Round 39 done in 114.69s; train size=210
