2025-10-11 13:49:19,569 - INFO - 
--- Round 0 | trial=3 | sqrt_beta=0.7071 (beta=0.5000) | rho=0.80 | train size=10 ---
2025-10-11 13:49:31,543 - INFO - [round 0] pick 1/5: CC(C)(C)c1ccc(C2C(C(=O)c3ccc(F)cc3)=C(O)C(=O)N2c2nncs2)cc1 | UCB=0.848 | mu=0.2049 | std=0.9094 | f=0.1415
2025-10-11 13:49:31,544 - INFO - [round 0] pick 2/5: Cc1ccc(-c2cc(C(=O)NC(C)CO)cc(N3C(=O)OCC3C(C)C)c2)nc1 | UCB=0.8438 | mu=0.1892 | std=0.9258 | f=0.4037
2025-10-11 13:49:31,545 - INFO - [round 0] pick 3/5: Cc1cc(O)c(C2=NN(S(N)(=O)=O)C(c3ccc(N(C)C)cc3)C2)c(C)c1Cl | UCB=0.8416 | mu=0.1791 | std=0.9369 | f=0.4114
2025-10-11 13:49:31,546 - INFO - [round 0] pick 4/5: Cc1ccc(-c2cc(C(F)(F)F)n3nc(C(=O)N4CCN5CCCC5C4)cc3n2)cc1 | UCB=0.8313 | mu=0.1731 | std=0.9308 | f=0.006409
2025-10-11 13:49:31,547 - INFO - [round 0] pick 5/5: CC(C)COC(=O)COc1cc(Cl)c(Cl)cc1Cl | UCB=0.8069 | mu=0.1286 | std=0.9593 | f=0.007754
2025-10-11 13:49:31,548 - INFO - Round 0 done in 11.98s; train size=15
2025-10-11 13:49:31,548 - INFO - 
--- Round 1 | trial=3 | sqrt_beta=0.7071 (beta=0.5000) | rho=0.80 | train size=15 ---
2025-10-11 13:49:46,523 - INFO - [round 1] pick 1/5: COCCN1CC(=O)N(c2ccc(C)cc2C)C(c2ccc(N(C)C)cc2)C1=O | UCB=0.8725 | mu=0.2381 | std=0.8972 | f=0.4248
2025-10-11 13:49:46,524 - INFO - [round 1] pick 2/5: CC(Nc1ncc(F)c(N2C(=O)OCC2C(C)O)n1)c1ccc(S(=O)(=O)C(C)C)cc1 | UCB=0.8648 | mu=0.2547 | std=0.8628 | f=0.3548
2025-10-11 13:49:46,526 - INFO - [round 1] pick 3/5: CC(C)c1cc(NS(=O)(=O)c2cc(C3(O)CCC(=O)N3C)ccc2Cl)cc(C(C)C)c1O | UCB=0.852 | mu=0.182 | std=0.9475 | f=0.3753
2025-10-11 13:49:46,528 - INFO - [round 1] pick 4/5: Cc1nc(C)c(C(=O)C2=C(O)C(=O)N(CCN(C)C)C2c2ccco2)s1 | UCB=0.8439 | mu=0.1823 | std=0.9357 | f=0.429
2025-10-11 13:49:46,530 - INFO - [round 1] pick 5/5: Cc1cc(S(=O)(=O)NC(=C(C#N)C#N)[n+]2ccc(N(C)C)cc2)c([S-])cc1Cl | UCB=0.8422 | mu=0.1682 | std=0.9532 | f=0.1513
2025-10-11 13:49:46,532 - INFO - Round 1 done in 14.98s; train size=20
2025-10-11 13:49:46,532 - INFO - 
--- Round 2 | trial=3 | sqrt_beta=0.7071 (beta=0.5000) | rho=0.80 | train size=20 ---
2025-10-11 13:50:03,511 - INFO - [round 2] pick 1/5: COC(=O)c1[nH]c(C)c(C(=O)C2=C(O)C(=O)N(CCN(C)C)C2c2ccc(OC)cc2)c1C | UCB=0.899 | mu=0.2735 | std=0.8845 | f=0.4981
2025-10-11 13:50:03,514 - INFO - [round 2] pick 2/5: CN(C)c1ccc(C2CC(=O)OC3=C2C(=O)CC(C)(C)C3)cc1 | UCB=0.8964 | mu=0.2486 | std=0.9161 | f=0.3841
2025-10-11 13:50:03,516 - INFO - [round 2] pick 3/5: Cc1nc2ccccc2n1S(=O)(=O)c1c(C(C)C)cc(C(C)C)cc1C(C)C | UCB=0.8827 | mu=0.2261 | std=0.9285 | f=0.4114
2025-10-11 13:50:03,519 - INFO - [round 2] pick 4/5: CC(Nc1nccc(N2C(=O)OCC2C(C)O)n1)c1ccc(Cl)cc1Cl | UCB=0.8821 | mu=0.2548 | std=0.8872 | f=0.3823
2025-10-11 13:50:03,521 - INFO - [round 2] pick 5/5: Cc1cc(C)cc(N2C(=O)CC(n3nc(C)cc3C)C2=O)c1 | UCB=0.8798 | mu=0.2139 | std=0.9417 | f=0.3764
2025-10-11 13:50:03,524 - INFO - Round 2 done in 16.99s; train size=25
2025-10-11 13:50:03,524 - INFO - 
--- Round 3 | trial=3 | sqrt_beta=0.7071 (beta=0.5000) | rho=0.80 | train size=25 ---
2025-10-11 13:50:22,816 - INFO - [round 3] pick 1/5: COc1ccc(C(=O)C2=C(O)C(=O)N(CCCN(C)C)C2c2ccc(C)o2)cc1Cl | UCB=0.9331 | mu=0.3226 | std=0.8633 | f=0.4822
2025-10-11 13:50:22,819 - INFO - [round 3] pick 2/5: Cc1ccccc1S(=O)(=O)c1c(C)cc(C)n(C(C)C)c1=O | UCB=0.9304 | mu=0.2847 | std=0.9132 | f=0.1623
2025-10-11 13:50:22,823 - INFO - [round 3] pick 3/5: CN(C)c1ccc(C=Cc2nc3c(c(=O)n(C)c(=O)n3C)n2C)cc1 | UCB=0.9198 | mu=0.2673 | std=0.9227 | f=0.3644
2025-10-11 13:50:22,826 - INFO - [round 3] pick 4/5: COc1ccc(C2CCCN2S(=O)(=O)N(C)CC(C)C)cc1 | UCB=0.9117 | mu=0.2562 | std=0.927 | f=0.1385
2025-10-11 13:50:22,830 - INFO - [round 3] pick 5/5: CC(N=c1nc(N2C(=O)OCC2C(C)O)cc(Cl)[nH]1)c1ccc(C(F)F)cc1F | UCB=0.9003 | mu=0.2713 | std=0.8895 | f=0.3724
2025-10-11 13:50:22,835 - INFO - Round 3 done in 19.31s; train size=30
2025-10-11 13:50:22,835 - INFO - 
--- Round 4 | trial=3 | sqrt_beta=0.7071 (beta=0.5000) | rho=0.80 | train size=30 ---
2025-10-11 13:50:45,789 - INFO - [round 4] pick 1/5: CCN(CC)CCN1C(=O)C(O)=C(C(=O)c2cnn(-c3ccccc3)c2C)C1c1ccc(C)o1 | UCB=0.9399 | mu=0.3287 | std=0.8644 | f=0.1725
2025-10-11 13:50:45,794 - INFO - [round 4] pick 2/5: CN(C)c1ccc(C2(C)C(=O)Nc3cc(Cl)cc(Cl)c3C2=O)cc1 | UCB=0.929 | mu=0.2942 | std=0.8978 | f=0.4282
2025-10-11 13:50:45,799 - INFO - [round 4] pick 3/5: CCc1c(C)nc(O)c(N(C)C)c1C(=O)c1cccc(C)c1 | UCB=0.9256 | mu=0.2807 | std=0.912 | f=0.1616
2025-10-11 13:50:45,804 - INFO - [round 4] pick 4/5: CC(C)c1cc(C(C)C)c(S(=O)(=O)N2CCN(c3cc4c(cc3F)c(=O)c(C(=O)O)cn4C3CC3)CC2)c(C(C)C)c1 | UCB=0.8951 | mu=0.2548 | std=0.9056 | f=0.005925
2025-10-11 13:50:45,809 - INFO - [round 4] pick 5/5: CN(C)CCCN1C(=O)CSC1c1ccc(Cl)cc1 | UCB=0.9084 | mu=0.2566 | std=0.9218 | f=0.1475
2025-10-11 13:50:45,814 - INFO - Round 4 done in 22.98s; train size=35
2025-10-11 13:50:45,815 - INFO - 
--- Round 5 | trial=3 | sqrt_beta=0.7071 (beta=0.5000) | rho=0.80 | train size=35 ---
2025-10-11 13:51:10,160 - INFO - [round 5] pick 1/5: COC(=O)C1=C(C)NC(C)=C(C(=O)OC)C1c1ccc(N(C)C)cc1 | UCB=0.931 | mu=0.3114 | std=0.8763 | f=0.2242
2025-10-11 13:51:10,166 - INFO - [round 5] pick 2/5: CCOc1ccc(C(=O)C2=C(O)C(=O)N(CCN(C)C)C2c2cccc(OC)c2OC)cc1Cl | UCB=0.9304 | mu=0.3574 | std=0.8103 | f=0.5183
2025-10-11 13:51:10,173 - INFO - [round 5] pick 3/5: Cc1cc(C)n(CC2CC(=O)N(c3ccc(C)c(Cl)c3)C2=O)n1 | UCB=0.9124 | mu=0.2851 | std=0.8871 | f=0.4434
2025-10-11 13:51:10,179 - INFO - [round 5] pick 4/5: COc1ccc2cc(C(C)Nc3nccc(N4C(=O)OCC4C(C)C)n3)ccc2c1Br | UCB=0.9065 | mu=0.3071 | std=0.8476 | f=0.1332
2025-10-11 13:51:10,186 - INFO - [round 5] pick 5/5: CN(C)c1ccc2c(c1)C(=O)N(O)C2=O | UCB=0.9115 | mu=0.2609 | std=0.9201 | f=0.1356
2025-10-11 13:51:10,193 - INFO - Round 5 done in 24.38s; train size=40
2025-10-11 13:51:10,193 - INFO - 
--- Round 6 | trial=3 | sqrt_beta=0.7071 (beta=0.5000) | rho=0.80 | train size=40 ---
2025-10-11 13:51:38,384 - INFO - [round 6] pick 1/5: CN(C)CCCN1C(=O)C(O)=C(C(=O)c2ccc3c(c2)OCO3)C1c1cccnc1 | UCB=0.9211 | mu=0.3211 | std=0.8486 | f=0.1534
2025-10-11 13:51:38,392 - INFO - [round 6] pick 2/5: Nc1ccccc1SC1CC(=O)N(c2ccc(Cl)c(Cl)c2)C1=O | UCB=0.9189 | mu=0.2721 | std=0.9147 | f=0.4415
2025-10-11 13:51:38,400 - INFO - [round 6] pick 3/5: COc1ccc(Cl)c(Cn2c(NCC(C)O)nc3c2c(=O)n(C)c(=O)n3C)c1 | UCB=0.9104 | mu=0.2662 | std=0.9111 | f=0.4206
2025-10-11 13:51:38,409 - INFO - [round 6] pick 4/5: Cc1cc(-c2c(O)c3cc(-c4ccc(N(C)C)cc4)c(Cl)cc3[nH]c2=O)on1 | UCB=0.9162 | mu=0.2812 | std=0.898 | f=0.1456
2025-10-11 13:51:38,417 - INFO - [round 6] pick 5/5: COc1c(C)cnc(C2CC23C(=O)Nc2ccc(Cl)cc23)c1C | UCB=0.9034 | mu=0.2475 | std=0.9276 | f=0.1666
2025-10-11 13:51:38,427 - INFO - Round 6 done in 28.23s; train size=45
2025-10-11 13:51:38,427 - INFO - 
--- Round 7 | trial=3 | sqrt_beta=0.7071 (beta=0.5000) | rho=0.80 | train size=45 ---
2025-10-11 13:52:09,512 - INFO - [round 7] pick 1/5: COc1ccc(N2C(=O)CC(Sc3nc(C)cc(C)c3C#N)C2=O)cc1 | UCB=0.9362 | mu=0.3158 | std=0.8774 | f=0.405
2025-10-11 13:52:09,522 - INFO - [round 7] pick 2/5: O=C1C(Cl)=C(NCCO)C(=O)N1c1ccc(Cl)c(Cl)c1 | UCB=0.9315 | mu=0.2957 | std=0.8992 | f=0.1468
2025-10-11 13:52:09,532 - INFO - [round 7] pick 3/5: COc1cc(C2C(C(C)=O)=C(O)C(=O)N2CCc2ccc(OC)c(OC)c2)ccc1O | UCB=0.9175 | mu=0.2932 | std=0.883 | f=0.4472
2025-10-11 13:52:09,542 - INFO - [round 7] pick 4/5: Cn1c(=O)c2nc(CNCc3ccccc3Cl)[nH]c2n(C)c1=O | UCB=0.9136 | mu=0.2677 | std=0.9135 | f=0.4867
2025-10-11 13:52:09,553 - INFO - [round 7] pick 5/5: COC(=O)C1N2C(=O)C(NC(=O)c3c(-c4c(Cl)cccc4Cl)noc3C)C2SC1(C)C | UCB=0.9021 | mu=0.2394 | std=0.9372 | f=0.176
2025-10-11 13:52:09,564 - INFO - Round 7 done in 31.14s; train size=50
2025-10-11 13:52:09,564 - INFO - 
--- Round 8 | trial=3 | sqrt_beta=0.7071 (beta=0.5000) | rho=0.80 | train size=50 ---
2025-10-11 13:52:43,352 - INFO - [round 8] pick 1/5: Cc1ccc(CC2CC(=O)N(c3nc4ccccc4n3C)C2=O)cc1 | UCB=0.9396 | mu=0.312 | std=0.8876 | f=0.1578
2025-10-11 13:52:43,364 - INFO - [round 8] pick 2/5: COc1ccc(OC)c(C2C(C(C)=O)=C(O)C(=O)N2CCC(=O)O)c1 | UCB=0.9256 | mu=0.3151 | std=0.8633 | f=0.1807
2025-10-11 13:52:43,377 - INFO - [round 8] pick 3/5: COCc1cnc2c(c1SCc1c(F)cccc1Cl)c(=O)n(C)c(=O)n2C | UCB=0.9267 | mu=0.2884 | std=0.9028 | f=0.4666
2025-10-11 13:52:43,390 - INFO - [round 8] pick 4/5: COc1ccc(C2CC(=O)N2c2cc(OC)c(OC)c(OC)c2)cc1OC | UCB=0.921 | mu=0.2848 | std=0.8997 | f=0.4004
2025-10-11 13:52:43,403 - INFO - [round 8] pick 5/5: CC(C)c1nc2c(=O)n(C)c(=O)n(C)c2[nH]1 | UCB=0.9082 | mu=0.2699 | std=0.9027 | f=0.1174
2025-10-11 13:52:43,416 - INFO - Round 8 done in 33.85s; train size=55
2025-10-11 13:52:43,417 - INFO - 
--- Round 9 | trial=3 | sqrt_beta=0.7071 (beta=0.5000) | rho=0.80 | train size=55 ---
2025-10-11 13:53:19,630 - INFO - [round 9] pick 1/5: CCOc1c(C)cnc2c1c(=O)n(Cc1ccccc1Cl)c(=O)n2C | UCB=0.9567 | mu=0.3433 | std=0.8674 | f=0.5192
2025-10-11 13:53:19,645 - INFO - [round 9] pick 2/5: COc1ccc(C=C2C(=O)NN(c3ccc(Cl)c(Cl)c3)C2=O)cc1OC | UCB=0.9314 | mu=0.3118 | std=0.8762 | f=0.4272
2025-10-11 13:53:19,659 - INFO - [round 9] pick 3/5: COc1nc(N(C)C)ncc1-n1nc2c(c1C(C)C)C(c1ccc(C#N)c(F)c1)N(c1c[nH]c(=O)c(Cl)c1)C2=O | UCB=0.9218 | mu=0.27 | std=0.9218 | f=0.007028
2025-10-11 13:53:19,675 - INFO - [round 9] pick 4/5: Cc1c(O)nc(SC2CC(=O)N(c3ccccc3)C2=O)nc1O | UCB=0.9135 | mu=0.2981 | std=0.8703 | f=0.4183
2025-10-11 13:53:19,691 - INFO - [round 9] pick 5/5: CCCCN1c2cc(C)ccc2NC2=C(C(=O)CC(C)(C)C2)C1c1c(F)cccc1Cl | UCB=0.9218 | mu=0.2794 | std=0.9084 | f=0.1711
2025-10-11 13:53:19,707 - INFO - Round 9 done in 36.29s; train size=60
2025-10-11 13:53:19,707 - INFO - 
--- Round 10 | trial=3 | sqrt_beta=0.7071 (beta=0.5000) | rho=0.80 | train size=60 ---
2025-10-11 13:53:58,149 - INFO - [round 10] pick 1/5: COc1cccc(Oc2nc3c(c(=O)n(Cc4ccccc4Cl)c(=O)n3C)n2C)c1 | UCB=0.9638 | mu=0.3701 | std=0.8397 | f=0.1724
2025-10-11 13:53:58,166 - INFO - [round 10] pick 2/5: COc1ccc(C2CC(c3c(O)cc(C)c(Cl)c3C)=NO2)cc1OC | UCB=0.9282 | mu=0.3219 | std=0.8575 | f=0.4212
2025-10-11 13:53:58,184 - INFO - [round 10] pick 3/5: CCOc1ccc(N2C(=O)CC(Sc3nc(O)c(CC)c(O)n3)C2=O)cc1 | UCB=0.9281 | mu=0.3594 | std=0.8043 | f=0.4114
2025-10-11 13:53:58,202 - INFO - [round 10] pick 4/5: CC1(C)CC(=O)N(Nc2ccccc2Cl)C1=O | UCB=0.9224 | mu=0.2814 | std=0.9066 | f=0.1717
2025-10-11 13:53:58,221 - INFO - [round 10] pick 5/5: COc1cc(N2C(=O)C3C(C2=O)C2(Cl)C(Cl)=C(Cl)C3(Cl)C2(Cl)Cl)cc(OC)c1OC | UCB=0.909 | mu=0.2614 | std=0.9157 | f=0.1411
2025-10-11 13:53:58,240 - INFO - Round 10 done in 38.53s; train size=65
2025-10-11 13:53:58,240 - INFO - 
--- Round 11 | trial=3 | sqrt_beta=0.7071 (beta=0.5000) | rho=0.80 | train size=65 ---
2025-10-11 13:54:39,600 - INFO - [round 11] pick 1/5: COc1ccc(CCNS(=O)(=O)c2ccc3c(c2)c(=O)n(C)c(=O)n3C)cc1OC | UCB=0.9298 | mu=0.3158 | std=0.8683 | f=0.4007
2025-10-11 13:54:39,626 - INFO - [round 11] pick 2/5: O=c1cc(CNCc2ccccc2Cl)oc2ccc(O)c(O)c12 | UCB=0.9244 | mu=0.2958 | std=0.889 | f=0.4396
2025-10-11 13:54:39,652 - INFO - [round 11] pick 3/5: CCOc1ccccc1N1C(=O)CC(Sc2nccc(C)n2)C1=O | UCB=0.9233 | mu=0.3142 | std=0.8614 | f=0.4674
2025-10-11 13:54:39,674 - INFO - [round 11] pick 4/5: O=C1c2sc3nccn3c2C(=O)c2c(Cl)ccc(O)c21 | UCB=0.9118 | mu=0.2535 | std=0.9309 | f=0.1408
2025-10-11 13:54:39,696 - INFO - [round 11] pick 5/5: CCOCCSc1c(C)cnc2c1c(=O)n(C)c(=O)n2C | UCB=0.9139 | mu=0.2945 | std=0.8759 | f=0.1586
2025-10-11 13:54:39,718 - INFO - Round 11 done in 41.48s; train size=70
2025-10-11 13:54:39,718 - INFO - 
--- Round 12 | trial=3 | sqrt_beta=0.7071 (beta=0.5000) | rho=0.80 | train size=70 ---
2025-10-11 13:55:25,312 - INFO - [round 12] pick 1/5: COc1ccc2c(C)c(CC(=O)NCc3ccccc3Cl)c(=O)oc2c1OC | UCB=0.951 | mu=0.3389 | std=0.8656 | f=0.5201
2025-10-11 13:55:25,335 - INFO - [round 12] pick 2/5: CC(=O)Nc1ccc(N2C(=O)CC(Sc3nc(C)cc(C)n3)C2=O)cc1 | UCB=0.9362 | mu=0.3681 | std=0.8034 | f=0.405
2025-10-11 13:55:25,359 - INFO - [round 12] pick 3/5: CCOc1ccc(C=C2C(=O)NC(=S)NC2=O)cc1Cl | UCB=0.9187 | mu=0.2738 | std=0.912 | f=0.169
2025-10-11 13:55:25,383 - INFO - [round 12] pick 4/5: COc1cc(C2c3cc(O)c(OC)cc3CC(C)C2C)ccc1O | UCB=0.9169 | mu=0.2823 | std=0.8975 | f=0.4032
2025-10-11 13:55:25,408 - INFO - [round 12] pick 5/5: Nc1nc(SCc2ccccc2Cl)c2ncn(C3OC(CO)C(O)C3O)c2n1 | UCB=0.8998 | mu=0.2378 | std=0.9362 | f=0.1569
2025-10-11 13:55:25,434 - INFO - Round 12 done in 45.72s; train size=75
2025-10-11 13:55:25,434 - INFO - 
--- Round 13 | trial=3 | sqrt_beta=0.7071 (beta=0.5000) | rho=0.80 | train size=75 ---
2025-10-11 13:56:12,756 - INFO - [round 13] pick 1/5: COc1ccc(-c2nc(C[S+](O)CC(=O)NCc3ccccc3Cl)c(C)o2)cc1OC | UCB=0.9596 | mu=0.3636 | std=0.8429 | f=0.5019
2025-10-11 13:56:12,783 - INFO - [round 13] pick 2/5: COC(=O)c1c(N2C(=O)CC(Sc3ccccc3C(=O)O)C2=O)sc(C)c1C | UCB=0.9322 | mu=0.3136 | std=0.8748 | f=0.5143
2025-10-11 13:56:12,810 - INFO - [round 13] pick 3/5: CSc1ccc(C2c3c(oc4cc(C)cc(C)c4c3=O)C(=O)N2CCO)cc1 | UCB=0.9285 | mu=0.2938 | std=0.8976 | f=0.1456
2025-10-11 13:56:12,838 - INFO - [round 13] pick 4/5: COc1cc(C=NNc2cc(=O)n(C)c(=O)n2C)ccc1O | UCB=0.9218 | mu=0.2879 | std=0.8965 | f=0.1476
2025-10-11 13:56:12,868 - INFO - [round 13] pick 5/5: CCOc1cc(CNS(=O)(=O)c2ccc3c(c2)CC(=O)N3C)cc(OCC)c1OCC | UCB=0.9173 | mu=0.2736 | std=0.9104 | f=0.4356
2025-10-11 13:56:12,898 - INFO - Round 13 done in 47.46s; train size=80
2025-10-11 13:56:12,898 - INFO - 
--- Round 14 | trial=3 | sqrt_beta=0.7071 (beta=0.5000) | rho=0.80 | train size=80 ---
2025-10-11 13:57:01,600 - INFO - [round 14] pick 1/5: COc1ccc(C(Cc2ccccc2Cl)NCC(O)Cc2ccc(O)c(NS(C)(=O)=O)c2)cc1OC | UCB=0.968 | mu=0.3501 | std=0.8739 | f=0.4608
2025-10-11 13:57:01,630 - INFO - [round 14] pick 2/5: CCOC(=O)c1c(C)[nH]c(C(=O)NCc2ccccc2OC)c1C | UCB=0.9472 | mu=0.3231 | std=0.8826 | f=0.2213
2025-10-11 13:57:01,661 - INFO - [round 14] pick 3/5: Cc1ccc(N2C(=O)CC(c3ccccc3F)C3=C2COC3=O)cc1Cl | UCB=0.9326 | mu=0.316 | std=0.8719 | f=0.1685
2025-10-11 13:57:01,693 - INFO - [round 14] pick 4/5: COc1ccc(C2CC(=O)CC(c3ccco3)C23C(=O)OC(C)(C)OC3=O)cc1OC | UCB=0.9389 | mu=0.3085 | std=0.8916 | f=0.1453
2025-10-11 13:57:01,725 - INFO - [round 14] pick 5/5: COCC(=O)N(C)c1ccc(Cl)c(COc2cccn3c(Br)c(C)nc23)c1Cl | UCB=0.9217 | mu=0.2775 | std=0.9111 | f=0.4817
2025-10-11 13:57:01,759 - INFO - Round 14 done in 48.86s; train size=85
2025-10-11 13:57:01,759 - INFO - 
--- Round 15 | trial=3 | sqrt_beta=0.7071 (beta=0.5000) | rho=0.80 | train size=85 ---
2025-10-11 13:57:55,065 - INFO - [round 15] pick 1/5: CCN(C(=O)CN(c1cc(N(C)C)ccc1Cl)S(=O)(=O)c1ccc(OC)c(OC)c1)c1cc(C)n(C)n1 | UCB=0.9734 | mu=0.3555 | std=0.8739 | f=0.4427
2025-10-11 13:57:55,100 - INFO - [round 15] pick 2/5: Cn1c(N)c(S(=O)(=O)NCc2ccccc2Cl)c(=O)n(C)c1=O | UCB=0.9443 | mu=0.3585 | std=0.8284 | f=0.1772
2025-10-11 13:57:55,135 - INFO - [round 15] pick 3/5: COCCc1ccc(OCC(O)CN(C)Cc2c(C)nn(Cc3ccccc3Cl)c2C)cc1 | UCB=0.9417 | mu=0.3082 | std=0.8958 | f=0.4815
2025-10-11 13:57:55,170 - INFO - [round 15] pick 4/5: COc1cc2c(cc1OC)C(c1cccc(OC)c1OC)CC(=O)N2 | UCB=0.9273 | mu=0.3133 | std=0.8683 | f=0.4635
2025-10-11 13:57:55,207 - INFO - [round 15] pick 5/5: O=C(Cc1ccc(O)c(O)c1)NCc1ccc(Cl)cc1Cl | UCB=0.9299 | mu=0.2986 | std=0.8928 | f=0.1534
2025-10-11 13:57:55,244 - INFO - Round 15 done in 53.49s; train size=90
2025-10-11 13:57:55,244 - INFO - 
--- Round 16 | trial=3 | sqrt_beta=0.7071 (beta=0.5000) | rho=0.80 | train size=90 ---
2025-10-11 13:58:49,930 - INFO - [round 16] pick 1/5: COc1ccc(CCNCc2c(C(=O)O)c(C)n(Cc3c(F)cccc3Cl)c2C)cc1OC | UCB=0.9708 | mu=0.3705 | std=0.849 | f=0.4757
2025-10-11 13:58:49,968 - INFO - [round 16] pick 2/5: CCOc1ccccc1C1CC(=O)Nc2cc(OC)c(OC)c(OC)c21 | UCB=0.95 | mu=0.3576 | std=0.8378 | f=0.5208
2025-10-11 13:58:50,008 - INFO - [round 16] pick 3/5: Cc1noc(C)c1Cn1cc(N2C(=O)CN(CCc3ccccc3Cl)C2=O)cn1 | UCB=0.9434 | mu=0.3187 | std=0.8834 | f=0.1701
2025-10-11 13:58:50,048 - INFO - [round 16] pick 4/5: CNC(=O)c1ccc(C=CC(=O)NCC(=O)N(C)c2ccc(Cl)c(COc3cccc4c3nc(C)n4C)c2Cl)cc1 | UCB=0.9259 | mu=0.2932 | std=0.8947 | f=0.1588
2025-10-11 13:58:50,088 - INFO - [round 16] pick 5/5: COCc1cccc(C(O)c2nc(OC)cc(OC)n2)c1NS(=O)(=O)C(F)F | UCB=0.9244 | mu=0.2732 | std=0.9209 | f=0.1587
2025-10-11 13:58:50,130 - INFO - Round 16 done in 54.89s; train size=95
2025-10-11 13:58:50,130 - INFO - 
--- Round 17 | trial=3 | sqrt_beta=0.7071 (beta=0.5000) | rho=0.80 | train size=95 ---
2025-10-11 13:59:50,711 - INFO - [round 17] pick 1/5: COC(=O)Cc1c(C)c2ccc(O)c(CNCc3ccc(OC)c(OC)c3)c2oc1=O | UCB=0.9787 | mu=0.3859 | std=0.8384 | f=0.4554
2025-10-11 13:59:50,754 - INFO - [round 17] pick 2/5: CCOc1cc(C2NC(=O)NC(C)=C2C(C)=O)ccc1OCc1ccccc1Cl | UCB=0.9719 | mu=0.3681 | std=0.8539 | f=0.592
2025-10-11 13:59:50,798 - INFO - [round 17] pick 3/5: COc1cc(-c2cc3nc(NCCN(C)C)ccn3n2)cc(OC)c1OC | UCB=0.9474 | mu=0.3139 | std=0.896 | f=0.3878
2025-10-11 13:59:50,842 - INFO - [round 17] pick 4/5: COc1c(O)c2c3c(c1OC)CCN(C)C3Cc1ccccc1-2 | UCB=0.9367 | mu=0.2909 | std=0.9134 | f=0.1617
2025-10-11 13:59:50,888 - INFO - [round 17] pick 5/5: COc1ccccc1-n1cnc2sc(C)c(C)c2c1=O | UCB=0.9447 | mu=0.3159 | std=0.8894 | f=0.4573
2025-10-11 13:59:50,934 - INFO - Round 17 done in 60.80s; train size=100
2025-10-11 13:59:50,934 - INFO - 
--- Round 18 | trial=3 | sqrt_beta=0.7071 (beta=0.5000) | rho=0.80 | train size=100 ---
2025-10-11 14:00:51,015 - INFO - [round 18] pick 1/5: CCOc1ccc(CCNC(=O)C2CC(=O)N(CCc3ccc(OC)c(OC)c3)C2)cc1OCC | UCB=0.9858 | mu=0.3818 | std=0.8541 | f=0.4533
2025-10-11 14:00:51,062 - INFO - [round 18] pick 2/5: Cc1cc2c(C)n(Cc3ccccc3Cl)nc2c(C(=O)O)c1C | UCB=0.9707 | mu=0.3761 | std=0.8409 | f=0.5
2025-10-11 14:00:51,111 - INFO - [round 18] pick 3/5: COc1cc(C2C(C)=NN(C(C)=O)C2c2ccc(Cl)c(Cl)c2)cc(OC)c1OC | UCB=0.9726 | mu=0.3722 | std=0.8491 | f=0.4575
2025-10-11 14:00:51,160 - INFO - [round 18] pick 4/5: COc1ccccc1Oc1coc2c(CN(C)C)c(O)ccc2c1=O | UCB=0.9573 | mu=0.3343 | std=0.8811 | f=0.4417
2025-10-11 14:00:51,210 - INFO - [round 18] pick 5/5: O=c1[nH]c2c(O)ccc(C(O)CNCCSCCCNCCc3cccc(Cl)c3Cl)c2s1 | UCB=0.9086 | mu=0.2477 | std=0.9346 | f=0.3983
2025-10-11 14:00:51,261 - INFO - Round 18 done in 60.33s; train size=105
2025-10-11 14:00:51,261 - INFO - 
--- Round 19 | trial=3 | sqrt_beta=0.7071 (beta=0.5000) | rho=0.80 | train size=105 ---
2025-10-11 14:01:55,451 - INFO - [round 19] pick 1/5: CCn1nc(Cc2ccc(OC)c(OC)c2)c2ccccc2c1=O | UCB=0.9912 | mu=0.3959 | std=0.8418 | f=0.4674
2025-10-11 14:01:55,504 - INFO - [round 19] pick 2/5: CCOc1ccccc1-n1c(C)c2c(C)nnc(C)c2c1C | UCB=0.9624 | mu=0.3372 | std=0.8841 | f=0.4588
2025-10-11 14:01:55,559 - INFO - [round 19] pick 3/5: COc1ccc(COC(=O)C2=C(C)NC(=O)CC2c2cccc(Cl)c2Cl)cc1 | UCB=0.954 | mu=0.3358 | std=0.8743 | f=0.5898
2025-10-11 14:01:55,613 - INFO - [round 19] pick 4/5: COC(=O)C1C(CO)Cc2cc(OC)c(OC)c(OC)c2C1c1ccc(OCC=C(C)CCC=C(C)C)c(OC)c1 | UCB=0.9338 | mu=0.2969 | std=0.9008 | f=0.4244
2025-10-11 14:01:55,669 - INFO - [round 19] pick 5/5: CCOc1ccc(OCC)c(NC(=O)CN(C)S(=O)(=O)c2ccc3nc(C)sc3c2)c1 | UCB=0.9469 | mu=0.3173 | std=0.8903 | f=0.4456
2025-10-11 14:01:55,725 - INFO - Round 19 done in 64.46s; train size=110
2025-10-11 14:01:55,725 - INFO - 
--- Round 20 | trial=3 | sqrt_beta=0.7071 (beta=0.5000) | rho=0.80 | train size=110 ---
2025-10-11 14:03:02,141 - INFO - [round 20] pick 1/5: CCOc1ccc(C2NC(=O)Cc3cc(OC)c(OC)cc32)cc1 | UCB=1.001 | mu=0.4016 | std=0.848 | f=0.4674
2025-10-11 14:03:02,199 - INFO - [round 20] pick 2/5: Cc1nc(CN(C)C)n(-c2ccc(Cl)cc2C(=O)c2ccccc2Cl)c1CO | UCB=0.9789 | mu=0.3633 | std=0.8706 | f=0.4817
2025-10-11 14:03:02,257 - INFO - [round 20] pick 3/5: CCOC(O)=C1C(COCC(C)(C)O)=NC(C)=C(C(=O)OC)C1c1cccc(Cl)c1Cl | UCB=0.9632 | mu=0.3264 | std=0.9005 | f=0.2337
2025-10-11 14:03:02,316 - INFO - [round 20] pick 4/5: COc1cc(CCNC(C)COc2c(C)ccc(C)c2C)ccc1O | UCB=0.9665 | mu=0.3428 | std=0.882 | f=0.155
2025-10-11 14:03:02,377 - INFO - [round 20] pick 5/5: COCc1nc2nc(O)c3c(n2n1)NC(=O)CC3c1ccccc1Cl | UCB=0.9641 | mu=0.3356 | std=0.8888 | f=0.1932
2025-10-11 14:03:02,438 - INFO - Round 20 done in 66.71s; train size=115
2025-10-11 14:03:02,438 - INFO - 
--- Round 21 | trial=3 | sqrt_beta=0.7071 (beta=0.5000) | rho=0.80 | train size=115 ---
2025-10-11 14:04:10,680 - INFO - [round 21] pick 1/5: COc1ccc(COC(=O)C2=C(C)NC(=O)NC2c2ccc(OCc3ccccc3)c(OC)c2)cc1 | UCB=1.007 | mu=0.4252 | std=0.8228 | f=0.1966
2025-10-11 14:04:10,743 - INFO - [round 21] pick 2/5: COc1cc(NC(=O)C2CC(c3ccccc3Cl)=NO2)cc(OC)c1OC | UCB=0.9917 | mu=0.3894 | std=0.8517 | f=0.5041
2025-10-11 14:04:10,807 - INFO - [round 21] pick 3/5: CCOc1cc2c(cc1OCC)C(c1cccc(Cl)c1)=NNC(=O)C2 | UCB=0.9727 | mu=0.3474 | std=0.8842 | f=0.4508
2025-10-11 14:04:10,873 - INFO - [round 21] pick 4/5: COc1ccc(C)c2sc(N(CCCN(C)C)C(=O)c3ccccc3SC)nc12 | UCB=0.9764 | mu=0.3495 | std=0.8866 | f=0.4641
2025-10-11 14:04:10,939 - INFO - [round 21] pick 5/5: Cc1nn(Cc2ccc(NS(=O)(=O)c3ccc(Cl)c(Cl)c3)cc2)c(C)c1CC(=O)O | UCB=0.9534 | mu=0.3399 | std=0.8677 | f=0.4216
2025-10-11 14:04:11,006 - INFO - Round 21 done in 68.57s; train size=120
2025-10-11 14:04:11,006 - INFO - 
--- Round 22 | trial=3 | sqrt_beta=0.7071 (beta=0.5000) | rho=0.80 | train size=120 ---
2025-10-11 14:05:22,865 - INFO - [round 22] pick 1/5: COc1ccc(NC(=O)c2sc(=O)n(Cc3ccccc3C#N)c2C)cc1OC | UCB=1.004 | mu=0.4001 | std=0.8542 | f=0.4641
2025-10-11 14:05:22,935 - INFO - [round 22] pick 2/5: CCOc1cccc2cc(C(=O)N(Cc3ccc(Cl)c(Cl)c3)C(C)C)oc12 | UCB=0.9807 | mu=0.3617 | std=0.8755 | f=0.4648
2025-10-11 14:05:23,007 - INFO - [round 22] pick 3/5: CCCOc1cc2c(cc1OCCC)C(C=Cc1ccc(Cl)cc1Cl)=NC(C)C2 | UCB=0.9653 | mu=0.3253 | std=0.9051 | f=0.4523
2025-10-11 14:05:23,079 - INFO - [round 22] pick 4/5: Cc1ccc(SCCN(C)C)c2c(=O)c3ccccc3sc12 | UCB=0.9665 | mu=0.3418 | std=0.8835 | f=0.4453
2025-10-11 14:05:23,153 - INFO - [round 22] pick 5/5: COc1cc(-c2nnc(SCc3c(F)cccc3Cl)o2)cc(OC)c1OC | UCB=0.9735 | mu=0.3809 | std=0.838 | f=0.4419
2025-10-11 14:05:23,227 - INFO - Round 22 done in 72.22s; train size=125
2025-10-11 14:05:23,227 - INFO - 
--- Round 23 | trial=3 | sqrt_beta=0.7071 (beta=0.5000) | rho=0.80 | train size=125 ---
2025-10-11 14:06:36,827 - INFO - [round 23] pick 1/5: COc1cc2c(cc1OC)C(=O)C(Cc1cccc(CN(C)C)c1)C2 | UCB=1.01 | mu=0.4029 | std=0.8592 | f=0.4307
2025-10-11 14:06:36,902 - INFO - [round 23] pick 2/5: CCOc1ccc(C(C)NC(=O)c2ccccc2OCc2c(C)noc2C)cc1OCC | UCB=0.9937 | mu=0.386 | std=0.8594 | f=0.4869
2025-10-11 14:06:36,979 - INFO - [round 23] pick 3/5: CCOc1ccc(Nc2nc(C)c(C(=O)C=Cc3ccc(Cl)cc3Cl)s2)cc1 | UCB=0.9771 | mu=0.3608 | std=0.8716 | f=0.4369
2025-10-11 14:06:37,057 - INFO - [round 23] pick 4/5: COc1ccc(C(=O)CC2(O)C(=O)Nc3c(Cl)ccc(Cl)c32)c(OC)c1OC | UCB=0.9772 | mu=0.3593 | std=0.8738 | f=0.4836
2025-10-11 14:06:37,136 - INFO - [round 23] pick 5/5: CCOC(=O)c1nn(CC)c(=O)c2nn(-c3ccccc3Cl)c(C)c12 | UCB=0.9769 | mu=0.3646 | std=0.8658 | f=0.5826
2025-10-11 14:06:37,341 - INFO - Round 23 done in 74.11s; train size=130
2025-10-11 14:06:37,341 - INFO - 
--- Round 24 | trial=3 | sqrt_beta=0.7071 (beta=0.5000) | rho=0.80 | train size=130 ---
2025-10-11 14:07:56,725 - INFO - [round 24] pick 1/5: COc1cc(Cl)c(C)cc1NC(=O)c1cccc(OC)c1OC | UCB=1.016 | mu=0.4264 | std=0.8345 | f=0.1798
2025-10-11 14:07:56,807 - INFO - [round 24] pick 2/5: CCOc1ccccc1NC(=O)CSc1ccc(-c2sc(C)nc2C)nn1 | UCB=0.9995 | mu=0.3851 | std=0.8688 | f=0.4714
2025-10-11 14:07:56,889 - INFO - [round 24] pick 3/5: CN(C)Cc1cc(Cl)cc2c(=O)cc(-c3ccccc3Cl)oc12 | UCB=0.983 | mu=0.3724 | std=0.8635 | f=0.4529
2025-10-11 14:07:56,972 - INFO - [round 24] pick 4/5: COc1cc(CN(CC(C)C)C(C(=O)O)c2ccc(Cl)c(Cl)c2)ccc1OCCN1C(=O)CCC1=O | UCB=0.9827 | mu=0.3724 | std=0.8631 | f=0.4533
2025-10-11 14:07:57,056 - INFO - [round 24] pick 5/5: CCN(CC)C(=O)Cn1c(=O)cc(C)c2c(C)nn(-c3cccc(Cl)c3C)c21 | UCB=0.9779 | mu=0.3536 | std=0.883 | f=0.4836
2025-10-11 14:07:57,142 - INFO - Round 24 done in 79.80s; train size=135
2025-10-11 14:07:57,142 - INFO - 
--- Round 25 | trial=3 | sqrt_beta=0.7071 (beta=0.5000) | rho=0.80 | train size=135 ---
2025-10-11 14:09:17,275 - INFO - [round 25] pick 1/5: CCc1cc2cc(C(=O)Cc3ccc(OC)c(OC)c3)ccc2nc1C | UCB=1.009 | mu=0.4202 | std=0.8322 | f=0.4472
2025-10-11 14:09:17,364 - INFO - [round 25] pick 2/5: CCC(C(=O)Nc1cccc(Cl)c1C)n1nc(C)c2sc3ccccc3c2c1=O | UCB=1 | mu=0.3856 | std=0.8689 | f=0.1781
2025-10-11 14:09:17,454 - INFO - [round 25] pick 3/5: CCCc1cc(C(=O)N(C)CC(=O)Nc2ccc(OCC)c(OCC)c2)sc1C | UCB=0.9847 | mu=0.3657 | std=0.8754 | f=0.1788
2025-10-11 14:09:17,544 - INFO - [round 25] pick 4/5: O=c1[nH]nc2n1-c1ccc(OCc3c(Cl)cccc3Cl)cc1SC2 | UCB=0.9749 | mu=0.3379 | std=0.9009 | f=0.155
2025-10-11 14:09:17,635 - INFO - [round 25] pick 5/5: CC=CSc1nnc(COc2ccccc2C2=NOC(c3ccc(Cl)cc3Cl)C2)n1NC(C)=O | UCB=0.9767 | mu=0.3453 | std=0.8928 | f=0.1645
2025-10-11 14:09:17,729 - INFO - Round 25 done in 80.59s; train size=140
2025-10-11 14:09:17,729 - INFO - 
--- Round 26 | trial=3 | sqrt_beta=0.7071 (beta=0.5000) | rho=0.80 | train size=140 ---
2025-10-11 14:10:42,420 - INFO - [round 26] pick 1/5: COc1ccc(-c2cc(OC(=O)c3ccccc3Cl)c3c(C)oc(C)c3c(=O)c2)cc1OC | UCB=1.006 | mu=0.407 | std=0.8468 | f=0.1812
2025-10-11 14:10:42,514 - INFO - [round 26] pick 2/5: COc1ccc2c(c1C)CC(CCN(C)C)(c1ccc(Cl)cc1)OC2=O | UCB=0.9852 | mu=0.3646 | std=0.8776 | f=0.4272
2025-10-11 14:10:42,609 - INFO - [round 26] pick 3/5: CCN(CC)S(=O)(=O)c1ccc(N2CCCC2)c(N=Cc2c(C)nn(-c3ccccc3Cl)c2Cl)c1 | UCB=0.9729 | mu=0.3469 | std=0.8854 | f=0.164
2025-10-11 14:10:42,705 - INFO - [round 26] pick 4/5: CCOc1ccc(CCNC(=O)c2c(C)oc3ncn(C)c(=O)c23)cc1 | UCB=0.9695 | mu=0.3507 | std=0.8751 | f=0.4579
2025-10-11 14:10:42,803 - INFO - [round 26] pick 5/5: CCCCN(Cc1cc(OC)c(OC)c(OC)c1)c1ccc(OC)c(O)c1 | UCB=0.9752 | mu=0.3783 | std=0.8441 | f=0.1593
2025-10-11 14:10:42,901 - INFO - Round 26 done in 85.17s; train size=145
2025-10-11 14:10:42,901 - INFO - 
--- Round 27 | trial=3 | sqrt_beta=0.7071 (beta=0.5000) | rho=0.80 | train size=145 ---
2025-10-11 14:12:07,551 - INFO - [round 27] pick 1/5: CCOc1ccc(CNC(=O)Cn2nc(C)c3nn(-c4ccc(Cl)cc4)c(C)c3c2=O)cc1OC | UCB=0.9989 | mu=0.3963 | std=0.8522 | f=0.1673
2025-10-11 14:12:07,652 - INFO - [round 27] pick 2/5: COc1ccc2c(c1)OC(=Cc1ccc(OCCN(C)C)cc1Cl)C2=O | UCB=0.9854 | mu=0.367 | std=0.8746 | f=0.4472
2025-10-11 14:12:07,753 - INFO - [round 27] pick 3/5: COc1cc2c(cc1OC)C(=NN=C(N)N)C(Sc1nc3ccccc3s1)C2 | UCB=0.9686 | mu=0.3426 | std=0.8853 | f=0.1563
2025-10-11 14:12:07,856 - INFO - [round 27] pick 4/5: C#CCOc1ccc2c(=O)c3cccc(CC(=O)OC)c3oc2c1C | UCB=0.9747 | mu=0.3444 | std=0.8914 | f=0.4635
2025-10-11 14:12:07,961 - INFO - [round 27] pick 5/5: CCc1ccccc1Oc1cc(C)ncc1CN(C)C | UCB=0.9708 | mu=0.3524 | std=0.8745 | f=0.1682
2025-10-11 14:12:08,067 - INFO - Round 27 done in 85.17s; train size=150
2025-10-11 14:12:08,067 - INFO - 
--- Round 28 | trial=3 | sqrt_beta=0.7071 (beta=0.5000) | rho=0.80 | train size=150 ---
2025-10-11 14:13:35,315 - INFO - [round 28] pick 1/5: CCOC(=O)c1ccc(-c2cc3cccc(OC)c3oc2=O)nc1C | UCB=0.9949 | mu=0.3894 | std=0.8564 | f=0.517
2025-10-11 14:13:35,422 - INFO - [round 28] pick 2/5: COc1cc(OC)c(C=CC(=O)c2ccc(Cl)c(Cl)c2)c(OC)c1 | UCB=0.978 | mu=0.3807 | std=0.8448 | f=0.1693
2025-10-11 14:13:35,531 - INFO - [round 28] pick 3/5: CN(C)CCOc1ccc2oc3ccc(OCCN(C)C)cc3c(=O)c2c1 | UCB=0.9701 | mu=0.3459 | std=0.8827 | f=0.4206
2025-10-11 14:13:35,642 - INFO - [round 28] pick 4/5: C=CCN1C(=O)CN=C(c2ccccc2Cl)c2c(C)nn(CC)c21 | UCB=0.9576 | mu=0.3338 | std=0.8822 | f=0.4804
2025-10-11 14:13:35,754 - INFO - [round 28] pick 5/5: CCOc1ccc(NC(=O)CSc2nc3c(c(=O)n2C)SC(C)C3)cc1 | UCB=0.9631 | mu=0.3462 | std=0.8724 | f=0.4472
2025-10-11 14:13:35,868 - INFO - Round 28 done in 87.80s; train size=155
2025-10-11 14:13:35,868 - INFO - 
--- Round 29 | trial=3 | sqrt_beta=0.7071 (beta=0.5000) | rho=0.80 | train size=155 ---
2025-10-11 14:15:05,225 - INFO - [round 29] pick 1/5: CCOc1c(-c2occ(C)c2C(=O)OC)ccc2c(CC)cccc12 | UCB=1.003 | mu=0.3868 | std=0.8712 | f=0.5064
2025-10-11 14:15:05,340 - INFO - [round 29] pick 2/5: COc1ccc(C2Cc3c(OC)cccc3N(CCN(C)C)C(=O)C2OC(C)=O)cc1 | UCB=0.9873 | mu=0.386 | std=0.8504 | f=0.4456
2025-10-11 14:15:05,456 - INFO - [round 29] pick 3/5: Cc1nc2ccc(CN(C)C)cc2n2c(-c3ccccc3Cl)nnc12 | UCB=0.9767 | mu=0.3711 | std=0.8565 | f=0.1659
2025-10-11 14:15:05,574 - INFO - [round 29] pick 4/5: COc1cc2c(cc1OC)C(C(=O)Nc1ccc(F)c(Cl)c1)CC(=O)N2 | UCB=0.971 | mu=0.3802 | std=0.8356 | f=0.481
2025-10-11 14:15:05,693 - INFO - [round 29] pick 5/5: CCOC(=O)c1noc2nc(C)n(Cc3ccc([N+](=O)[O-])cc3)c(=O)c12 | UCB=0.969 | mu=0.3374 | std=0.8933 | f=0.481
2025-10-11 14:15:05,817 - INFO - Round 29 done in 89.95s; train size=160
2025-10-11 14:15:05,817 - INFO - 
--- Round 30 | trial=3 | sqrt_beta=0.7071 (beta=0.5000) | rho=0.80 | train size=160 ---
2025-10-11 14:16:38,250 - INFO - [round 30] pick 1/5: CCOc1ccc(C(=O)Cc2cc3cccc(OC)c3oc2=O)cc1 | UCB=0.9991 | mu=0.4252 | std=0.8117 | f=0.4616
2025-10-11 14:16:38,372 - INFO - [round 30] pick 2/5: CCOP(=O)(Nc1ccc2c(c1)Cc1c-2cc(Cl)c(NC(C)=O)c1Cl)OCC | UCB=0.9777 | mu=0.3407 | std=0.9009 | f=0.4714
2025-10-11 14:16:38,496 - INFO - [round 30] pick 3/5: COc1ccc(C2CC(c3cccs3)=NN2c2nc(C)c(C(C)=O)s2)cc1OC | UCB=0.9798 | mu=0.3811 | std=0.8468 | f=0.1551
2025-10-11 14:16:38,622 - INFO - [round 30] pick 4/5: CCOC(=O)c1c(CSc2ccc(CC)cc2)oc2ccc(O)c(CN(C)C)c12 | UCB=0.982 | mu=0.3624 | std=0.8762 | f=0.4741
2025-10-11 14:16:38,749 - INFO - [round 30] pick 5/5: Cc1sc2nc(SCC(=O)C(C)(C)C)n(Cc3ccco3)c(=O)c2c1C | UCB=0.9594 | mu=0.325 | std=0.8972 | f=0.4066
2025-10-11 14:16:38,878 - INFO - Round 30 done in 93.06s; train size=165
2025-10-11 14:16:38,878 - INFO - 
--- Round 31 | trial=3 | sqrt_beta=0.7071 (beta=0.5000) | rho=0.80 | train size=165 ---
2025-10-11 14:18:13,792 - INFO - [round 31] pick 1/5: CCOC(=O)c1cn(Cc2ccc(OC)cc2)c2c(OC)ccc(F)c2c1=O | UCB=1.002 | mu=0.4098 | std=0.8375 | f=0.5
2025-10-11 14:18:13,922 - INFO - [round 31] pick 2/5: CCC1(CC)CC(NC(=O)Nc2ccc3c(c2)N(C)C(=O)CC3)c2ccc(Cl)c(Cl)c2O1 | UCB=0.982 | mu=0.3463 | std=0.8991 | f=0.1621
2025-10-11 14:18:14,054 - INFO - [round 31] pick 3/5: CC(C)=CCOc1cc2oc3ccccc3c(=O)c2c(O)c1C | UCB=0.9742 | mu=0.3497 | std=0.8832 | f=0.4529
2025-10-11 14:18:14,188 - INFO - [round 31] pick 4/5: CCOc1ccccc1NC(=O)CCS(=O)(=O)c1cc2c(cc1Cl)NC(=O)CO2 | UCB=0.9757 | mu=0.3622 | std=0.8676 | f=0.504
2025-10-11 14:18:14,323 - INFO - [round 31] pick 5/5: CN(C)CCn1[nH]c2c3cc(N(C)C)ccc3nc3c([N+](=O)[O-])ccc1c32 | UCB=0.9548 | mu=0.3209 | std=0.8965 | f=0.139
2025-10-11 14:18:14,459 - INFO - Round 31 done in 95.58s; train size=170
2025-10-11 14:18:14,459 - INFO - 
--- Round 32 | trial=3 | sqrt_beta=0.7071 (beta=0.5000) | rho=0.80 | train size=170 ---
2025-10-11 14:19:54,291 - INFO - [round 32] pick 1/5: CCOC(=O)c1c2cccccc-2c2c(OCC)oc(=O)c(C#N)c12 | UCB=1.008 | mu=0.39 | std=0.8735 | f=0.5275
2025-10-11 14:19:54,429 - INFO - [round 32] pick 2/5: CCOP(=O)(Cc1ccc(NC(=O)C2Cc3cc(OC)c(OC)cc3C(=O)C(CC)S2)cc1)OCC | UCB=0.992 | mu=0.3891 | std=0.8527 | f=0.4518
2025-10-11 14:19:54,570 - INFO - [round 32] pick 3/5: CCS(=O)(=O)Nc1cc(-n2nc(C)n(Cc3ccccc3N(OC)C(=O)OC)c2=O)c(F)cc1Cl | UCB=0.9899 | mu=0.3721 | std=0.8738 | f=0.4964
2025-10-11 14:19:54,712 - INFO - [round 32] pick 4/5: COc1ccc(C2CC(=O)c3ccc(O)c(CC=C(C)C)c3O2)cc1 | UCB=0.9797 | mu=0.3668 | std=0.8668 | f=0.4082
2025-10-11 14:19:54,857 - INFO - [round 32] pick 5/5: CCCc1c(OCCCSc2ccc(CC(=O)O)cc2Cl)ccc2c(CC)coc12 | UCB=0.9754 | mu=0.3468 | std=0.889 | f=0.4472
2025-10-11 14:19:55,004 - INFO - Round 32 done in 100.54s; train size=175
2025-10-11 14:19:55,004 - INFO - 
--- Round 33 | trial=3 | sqrt_beta=0.7071 (beta=0.5000) | rho=0.80 | train size=175 ---
2025-10-11 14:21:36,159 - INFO - [round 33] pick 1/5: CCOC(=O)c1oc2cc(-c3ccccc3OC)cc(O)c2c1C | UCB=1.013 | mu=0.4224 | std=0.835 | f=0.5452
2025-10-11 14:21:36,307 - INFO - [round 33] pick 2/5: CCOc1cccc(F)c1C1CC(C)C(=O)N1Cc1ccc(OC(F)F)c(Cl)c1 | UCB=0.9899 | mu=0.3702 | std=0.8764 | f=0.4455
2025-10-11 14:21:36,455 - INFO - [round 33] pick 3/5: CCOc1ccc(NC(=O)CCSc2nc3c(c(CC)c2C#N)C(=O)CC(C)(C)C3)cc1 | UCB=0.982 | mu=0.3739 | std=0.86 | f=0.4309
2025-10-11 14:21:36,606 - INFO - [round 33] pick 4/5: COc1c2occc2c(OCC=C(C)C)c2ccc(=O)oc12 | UCB=0.9758 | mu=0.3423 | std=0.8959 | f=0.4219
2025-10-11 14:21:36,768 - INFO - [round 33] pick 5/5: CCOP(=O)(OCC)Oc1ccc2c(C)c(Cl)c(=O)oc2c1 | UCB=0.9848 | mu=0.3505 | std=0.897 | f=0.178
2025-10-11 14:21:36,925 - INFO - Round 33 done in 101.92s; train size=180
2025-10-11 14:21:36,925 - INFO - 
--- Round 34 | trial=3 | sqrt_beta=0.7071 (beta=0.5000) | rho=0.80 | train size=180 ---
2025-10-11 14:23:24,410 - INFO - [round 34] pick 1/5: CCOC(=O)CC1(c2ccc(OC)c(OC)c2)C(=O)c2ccccc2C1=O | UCB=1.014 | mu=0.4279 | std=0.8294 | f=0.5266
2025-10-11 14:23:24,565 - INFO - [round 34] pick 2/5: COCc1nc2oc3ccc(C)cc3c(=O)c2cc1C(=O)OC | UCB=0.9876 | mu=0.3662 | std=0.8788 | f=0.4978
2025-10-11 14:23:24,724 - INFO - [round 34] pick 3/5: CCOc1cc2[nH]c(=S)n(Cc3ccc(C(=O)NCCN(CC)CC)cc3)c(=O)c2cc1OCC | UCB=0.9837 | mu=0.3701 | std=0.8679 | f=0.4364
2025-10-11 14:23:24,884 - INFO - [round 34] pick 4/5: CCOc1ccc(CSc2nc(O)c(C)c(Cc3c(Cl)cccc3Cl)n2)cc1 | UCB=0.9728 | mu=0.3746 | std=0.8459 | f=0.4472
2025-10-11 14:23:25,045 - INFO - [round 34] pick 5/5: CCOc1c(C)c2c(c(O)c1CC=C(C)CCC(=O)O)C(=O)OC2 | UCB=0.9574 | mu=0.3064 | std=0.9207 | f=0.1575
2025-10-11 14:23:25,209 - INFO - Round 34 done in 108.28s; train size=185
2025-10-11 14:23:25,209 - INFO - 
--- Round 35 | trial=3 | sqrt_beta=0.7071 (beta=0.5000) | rho=0.80 | train size=185 ---
2025-10-11 14:25:15,576 - INFO - [round 35] pick 1/5: CCOc1cc(C(CS(C)(=O)=O)N2C(=O)c3ccccc3C2=O)ccc1OC | UCB=1.018 | mu=0.4287 | std=0.834 | f=0.4714
2025-10-11 14:25:15,740 - INFO - [round 35] pick 2/5: CCOC(=O)c1cc(O)c(OCc2cc(=O)oc3ccc(OC)cc23)c(O)c1 | UCB=0.9914 | mu=0.3776 | std=0.8681 | f=0.5
2025-10-11 14:25:15,906 - INFO - [round 35] pick 3/5: CCn1c(SCc2c(F)cccc2Cl)nc(=O)c2c(C(=O)OC)cc(C3CC3)nc21 | UCB=0.9818 | mu=0.3771 | std=0.8552 | f=0.1839
2025-10-11 14:25:16,074 - INFO - [round 35] pick 4/5: CCOc1ccc(-c2nc(CSCC(=O)NCCOC)c(C)o2)cc1 | UCB=0.9813 | mu=0.3693 | std=0.8655 | f=0.1777
2025-10-11 14:25:16,244 - INFO - [round 35] pick 5/5: Cc1ccc(CNCCOc2ccc(Cl)c3c2CC(=O)N3)cc1 | UCB=0.9699 | mu=0.3479 | std=0.8797 | f=0.4603
2025-10-11 14:25:16,416 - INFO - Round 35 done in 111.21s; train size=190
2025-10-11 14:25:16,417 - INFO - 
--- Round 36 | trial=3 | sqrt_beta=0.7071 (beta=0.5000) | rho=0.80 | train size=190 ---
2025-10-11 14:27:05,178 - INFO - [round 36] pick 1/5: COc1ccc(CCN(C)C(=O)c2cc(=O)c3ccccc3o2)cc1OC | UCB=1.013 | mu=0.4477 | std=0.7997 | f=0.4733
2025-10-11 14:27:05,353 - INFO - [round 36] pick 2/5: C#CCOc1c(Br)cc(C2C(C(=O)OC)=C(C)NC3=C2C(=O)c2ccccc23)cc1OCC | UCB=0.9909 | mu=0.3734 | std=0.8733 | f=0.2183
2025-10-11 14:27:05,529 - INFO - [round 36] pick 3/5: COc1ccc(C(=O)CC2(O)C(=O)N(C)c3c(Cl)ccc(Cl)c32)cc1 | UCB=0.9832 | mu=0.386 | std=0.8446 | f=0.4454
2025-10-11 14:27:05,707 - INFO - [round 36] pick 4/5: CCOC(=O)c1c(C)oc2nc(C)nc(NCCc3ccc(S(N)(=O)=O)cc3)c12 | UCB=0.9781 | mu=0.3688 | std=0.8617 | f=0.496
2025-10-11 14:27:05,886 - INFO - [round 36] pick 5/5: C=CCC1Oc2cccc(OCC)c2-c2ccc3c(c21)C(C)=CC(C)(C)N3 | UCB=0.9719 | mu=0.3347 | std=0.9012 | f=0.1587
2025-10-11 14:27:06,068 - INFO - Round 36 done in 109.65s; train size=195
2025-10-11 14:27:06,068 - INFO - 
--- Round 37 | trial=3 | sqrt_beta=0.7071 (beta=0.5000) | rho=0.80 | train size=195 ---
2025-10-11 14:29:00,384 - INFO - [round 37] pick 1/5: COc1cccc2oc3c(CC(=O)O)cccc3c(=O)c12 | UCB=1.012 | mu=0.4132 | std=0.8463 | f=0.4393
2025-10-11 14:29:00,567 - INFO - [round 37] pick 2/5: CCOc1ccc(OCC)c(NS(=O)(=O)c2cc(-c3cnc(C)o3)ccc2OC)c1 | UCB=0.9965 | mu=0.4034 | std=0.8387 | f=0.4389
2025-10-11 14:29:00,752 - INFO - [round 37] pick 3/5: CCOC(=O)c1c(C)[nH]c(C=C2C(=O)Nc3ccccc32)c1C | UCB=0.9778 | mu=0.3771 | std=0.8495 | f=0.5637
2025-10-11 14:29:00,939 - INFO - [round 37] pick 4/5: CCOC(=O)c1cc(S(N)(=O)=O)c(SSc2cc(Cl)c(C(=O)OCC)cc2S(N)(=O)=O)cc1Cl | UCB=0.9608 | mu=0.3163 | std=0.9116 | f=0.1826
2025-10-11 14:29:01,127 - INFO - [round 37] pick 5/5: CC(C)c1ccc(CC(C)(C)NCC(O)c2ccc(O)c3c2OCC(=O)N3)cc1 | UCB=0.9572 | mu=0.3255 | std=0.8933 | f=0.3821
2025-10-11 14:29:01,317 - INFO - Round 37 done in 115.25s; train size=200
2025-10-11 14:29:01,317 - INFO - 
--- Round 38 | trial=3 | sqrt_beta=0.7071 (beta=0.5000) | rho=0.80 | train size=200 ---
2025-10-11 14:30:59,529 - INFO - [round 38] pick 1/5: CCCOc1ccc(Cn2c(=O)oc3ccc(C)cc32)cc1OC | UCB=1.01 | mu=0.4152 | std=0.8414 | f=0.4564
2025-10-11 14:30:59,721 - INFO - [round 38] pick 2/5: CC(=O)CCc1ccc2c(c1C)C(=O)c1ccccc1C2=O | UCB=1 | mu=0.3875 | std=0.8663 | f=0.4704
2025-10-11 14:30:59,916 - INFO - [round 38] pick 3/5: CCOC(=O)c1cccc(NS(=O)(=O)c2cc3c(cc2C)NC(=O)CO3)c1 | UCB=0.9886 | mu=0.3892 | std=0.8477 | f=0.4959
2025-10-11 14:31:00,113 - INFO - [round 38] pick 4/5: CCOC(=O)C1=C(O[Si](C)(C)C(C)(C)C)C(=O)N(Cc2ccc(OC)cc2)C1 | UCB=0.9824 | mu=0.3711 | std=0.8645 | f=0.1824
2025-10-11 14:31:00,310 - INFO - [round 38] pick 5/5: CCCc1c2nccc(Cl)c2cc2c(=O)cc(C(=O)O)oc12 | UCB=0.9713 | mu=0.34 | std=0.8927 | f=0.4355
2025-10-11 14:31:00,510 - INFO - Round 38 done in 119.19s; train size=205
2025-10-11 14:31:00,510 - INFO - 
--- Round 39 | trial=3 | sqrt_beta=0.7071 (beta=0.5000) | rho=0.80 | train size=205 ---
2025-10-11 14:32:59,973 - INFO - [round 39] pick 1/5: CCOC(=O)c1oc2ccc(S(=O)(=O)n3nc(-c4ccccc4OC)cc3N)cc2c1C | UCB=1.005 | mu=0.4214 | std=0.825 | f=0.1902
2025-10-11 14:33:00,176 - INFO - [round 39] pick 2/5: CCOc1cc(C=C2SC(Nc3ccc(CC)cc3)=NC2=O)ccc1OCC(=O)O | UCB=1 | mu=0.3938 | std=0.8574 | f=0.4272
2025-10-11 14:33:00,381 - INFO - [round 39] pick 3/5: COC(=O)CCc1ccc2c(c1O)C(=O)c1c(O)cccc1C2 | UCB=0.9777 | mu=0.3497 | std=0.888 | f=0.4415
2025-10-11 14:33:00,586 - INFO - [round 39] pick 4/5: COCCCn1c(SCC(=O)N2CC(=O)Nc3ccccc32)nnc1-c1ccoc1C | UCB=0.9762 | mu=0.3429 | std=0.8956 | f=0.1798
2025-10-11 14:33:00,794 - INFO - [round 39] pick 5/5: Cc1c(C)c2ccc3occ(C)c3c2oc1=O | UCB=0.9561 | mu=0.3233 | std=0.8948 | f=0.3849
2025-10-11 14:33:01,004 - INFO - Round 39 done in 120.49s; train size=210
