2025-10-11 09:50:30,728 - INFO - 
--- Round 0 | trial=3 | sqrt_beta=0.7071 (beta=0.5000) | rho=0.75 | train size=10 ---
2025-10-11 09:50:42,745 - INFO - [round 0] pick 1/5: COCCNC(=O)C1CCN(S(=O)(=O)c2ccc3c(c2)CCCN3C(C)=O)CC1 | UCB=0.8288 | mu=0.1654 | std=0.9382 | f=0.1553
2025-10-11 09:50:42,746 - INFO - [round 0] pick 2/5: O=C(Nc1ccc(CN2CCOCC2)cc1)c1ccc(F)cc1 | UCB=0.8207 | mu=0.171 | std=0.9188 | f=0.2795
2025-10-11 09:50:42,747 - INFO - [round 0] pick 3/5: CC1=CC2Cc3[nH]c(=O)ccc3C3(C1)C2CCCN3C(=O)CN(C)CCCN(C)CC(=O)N1CCCC2C3C=C(C)CC21c1ccc(=O)[nH]c1C3 | UCB=0.8075 | mu=0.1617 | std=0.9132 | f=0.3699
2025-10-11 09:50:42,748 - INFO - [round 0] pick 4/5: COc1ccc(NC(=O)COC(=O)c2cc3c(s2)CCC3)cc1 | UCB=0.8196 | mu=0.1677 | std=0.9219 | f=0.3506
2025-10-11 09:50:42,749 - INFO - [round 0] pick 5/5: COC(=O)C1C(=O)OC(C)(C)C1C(C)C(=O)c1ccc(C)cc1C | UCB=0.7966 | mu=0.115 | std=0.9639 | f=0.1306
2025-10-11 09:50:42,750 - INFO - Round 0 done in 12.02s; train size=15
2025-10-11 09:50:42,751 - INFO - 
--- Round 1 | trial=3 | sqrt_beta=0.7071 (beta=0.5000) | rho=0.75 | train size=15 ---
2025-10-11 09:50:57,728 - INFO - [round 1] pick 1/5: CCc1cc(C(=O)c2ccc(OC)cc2)c(NC(=O)CN2CCCCC2)s1 | UCB=0.85 | mu=0.2073 | std=0.9089 | f=0.4066
2025-10-11 09:50:57,730 - INFO - [round 1] pick 2/5: O=C(NC1(C(=O)O)CCCCC1)c1cc2c(n(Cc3ccc(F)cc3)c1=O)CCCCCC2 | UCB=0.8431 | mu=0.1793 | std=0.9387 | f=0.3607
2025-10-11 09:50:57,731 - INFO - [round 1] pick 3/5: O=C(CN1C(=O)C2C3C=CC(C3)C2C1=O)Nc1ccc(F)cc1 | UCB=0.837 | mu=0.1781 | std=0.9317 | f=0.1196
2025-10-11 09:50:57,733 - INFO - [round 1] pick 4/5: Cc1ccc(C(=O)OC2CCC3(C)C(=CCC4C5CCC(=O)NC5(C)CCC43)C2)cc1 | UCB=0.8263 | mu=0.1533 | std=0.9518 | f=0.1314
2025-10-11 09:50:57,735 - INFO - [round 1] pick 5/5: CCCCN(C(=O)c1cc2c(s1)CCCC2)c1c(N)n(CCC)c(=O)[nH]c1=O | UCB=0.8207 | mu=0.1462 | std=0.954 | f=0.3937
2025-10-11 09:50:57,737 - INFO - Round 1 done in 14.99s; train size=20
2025-10-11 09:50:57,737 - INFO - 
--- Round 2 | trial=3 | sqrt_beta=0.7071 (beta=0.5000) | rho=0.75 | train size=20 ---
2025-10-11 09:51:15,076 - INFO - [round 2] pick 1/5: CCN(CC(=O)Nc1ccc(NC(C)=O)cc1)C(=O)c1cc2c(s1)CCCC2 | UCB=0.8937 | mu=0.2847 | std=0.8613 | f=0.4035
2025-10-11 09:51:15,078 - INFO - [round 2] pick 2/5: O=C(NCCCN1CCCCC1)c1ccc2c(=O)n(Cc3ccc(Cl)cc3)c(=O)[nH]c2c1 | UCB=0.8809 | mu=0.2366 | std=0.9111 | f=0.1255
2025-10-11 09:51:15,081 - INFO - [round 2] pick 3/5: COc1ccc(C(=O)NC(C(=O)NCC2(N3CCCCC3)CCCCC2)C(C)C)cc1 | UCB=0.8802 | mu=0.2388 | std=0.9071 | f=0.1513
2025-10-11 09:51:15,083 - INFO - [round 2] pick 4/5: CCCN1CCc2c(sc(NC(=O)Cc3ccc(F)cc3)c2C(N)=O)C1 | UCB=0.8792 | mu=0.2343 | std=0.912 | f=0.3659
2025-10-11 09:51:15,086 - INFO - [round 2] pick 5/5: CCCCn1c(N)c(N(CCOC)C(=O)CCC2CCCCC2)c(=O)[nH]c1=O | UCB=0.8554 | mu=0.2106 | std=0.9118 | f=0.1691
2025-10-11 09:51:15,089 - INFO - Round 2 done in 17.35s; train size=25
2025-10-11 09:51:15,089 - INFO - 
--- Round 3 | trial=3 | sqrt_beta=0.7071 (beta=0.5000) | rho=0.75 | train size=25 ---
2025-10-11 09:51:34,643 - INFO - [round 3] pick 1/5: CCOC(=O)c1c(NC(=O)c2ccc(Br)cc2)sc2c1CCCC2 | UCB=0.8974 | mu=0.2621 | std=0.8984 | f=0.41
2025-10-11 09:51:34,647 - INFO - [round 3] pick 2/5: COc1cc2c(cc1OC)CN(C(=O)CCC(=O)c1ccc(F)cc1)CC2 | UCB=0.8806 | mu=0.2413 | std=0.9041 | f=0.3371
2025-10-11 09:51:34,650 - INFO - [round 3] pick 3/5: NNC(=O)c1cc2c(s1)CCCCCC2 | UCB=0.8751 | mu=0.2373 | std=0.902 | f=0.1202
2025-10-11 09:51:34,654 - INFO - [round 3] pick 4/5: CC(=O)c1sc(NC(=O)NC2CCN(CC(=O)N(C)C)CC2CN2CCCC(Cc3ccc(F)cc3)C2)nc1C | UCB=0.8704 | mu=0.2186 | std=0.9217 | f=0.425
2025-10-11 09:51:34,658 - INFO - [round 3] pick 5/5: CCN(CC)C(=O)C1CC(N)CN1C(=O)c1cc2c([nH]c1=O)CCC2 | UCB=0.8624 | mu=0.1996 | std=0.9374 | f=0.1673
2025-10-11 09:51:34,662 - INFO - Round 3 done in 19.57s; train size=30
2025-10-11 09:51:34,662 - INFO - 
--- Round 4 | trial=3 | sqrt_beta=0.7071 (beta=0.5000) | rho=0.75 | train size=30 ---
2025-10-11 09:51:57,991 - INFO - [round 4] pick 1/5: CCOC(=O)c1c(NC(=O)c2ccc(F)cc2)sc2c1CCC(CC)C2 | UCB=0.9114 | mu=0.3467 | std=0.7987 | f=0.4247
2025-10-11 09:51:57,996 - INFO - [round 4] pick 2/5: CCN(C(=O)CN1CCN(c2ccc(F)cn2)CC1)c1nc2c(s1)CCCC2 | UCB=0.8922 | mu=0.2376 | std=0.9257 | f=0.3309
2025-10-11 09:51:58,001 - INFO - [round 4] pick 3/5: COC(=O)C(Cc1ccc(OCCOc2ccc3c(c2)CCCC3)cc1)C(=O)OC | UCB=0.8845 | mu=0.2372 | std=0.9153 | f=0.3821
2025-10-11 09:51:58,006 - INFO - [round 4] pick 4/5: N=C(N)c1ccc(OC(=O)c2ccc(CN3CCCC3C(=O)N(CCC(=O)O)CC(=O)O)s2)c(F)c1 | UCB=0.8835 | mu=0.2222 | std=0.9352 | f=0.3956
2025-10-11 09:51:58,012 - INFO - [round 4] pick 5/5: Cc1nc(NC(=O)CN2CCOCC2)sc1C(=O)N(C)C | UCB=0.8659 | mu=0.21 | std=0.9276 | f=0.1384
2025-10-11 09:51:58,018 - INFO - Round 4 done in 23.36s; train size=35
2025-10-11 09:51:58,018 - INFO - 
--- Round 5 | trial=3 | sqrt_beta=0.7071 (beta=0.5000) | rho=0.75 | train size=35 ---
2025-10-11 09:52:23,149 - INFO - [round 5] pick 1/5: CC(=O)c1cc(OCCc2ccc(F)cc2)c(=O)n2c1CCC2C(=O)N1CCCC1 | UCB=0.9212 | mu=0.2982 | std=0.881 | f=0.4052
2025-10-11 09:52:23,155 - INFO - [round 5] pick 2/5: CN(C)CCCN(C(=O)c1ccc2c(c1)CCCC2)c1nc2ccc(Br)cc2s1 | UCB=0.9109 | mu=0.2709 | std=0.9052 | f=0.1163
2025-10-11 09:52:23,162 - INFO - [round 5] pick 3/5: COc1ccc(NC(=O)CN(C)CC(=O)Nc2sc3c(c2C(N)=O)CCC3)cc1 | UCB=0.9142 | mu=0.3194 | std=0.8412 | f=0.378
2025-10-11 09:52:23,169 - INFO - [round 5] pick 4/5: CCCCCC(=O)c1ccc(N2C(=O)CCC2COCc2ccc(C(=O)O)s2)cc1 | UCB=0.9004 | mu=0.2527 | std=0.916 | f=0.3944
2025-10-11 09:52:23,178 - INFO - [round 5] pick 5/5: CCOC(=O)c1sc(NC(=O)CCN2CCN(CC)CC2)c(C(=O)OCC)c1C | UCB=0.8822 | mu=0.2243 | std=0.9304 | f=0.1717
2025-10-11 09:52:23,187 - INFO - Round 5 done in 25.17s; train size=40
2025-10-11 09:52:23,187 - INFO - 
--- Round 6 | trial=3 | sqrt_beta=0.7071 (beta=0.5000) | rho=0.75 | train size=40 ---
2025-10-11 09:52:52,379 - INFO - [round 6] pick 1/5: COc1ccc(C(=O)C=CC(=O)N(CC(=O)NC2CCCCC2)Cc2ccc(F)cc2)c(O)c1 | UCB=0.9209 | mu=0.2913 | std=0.8904 | f=0.4392
2025-10-11 09:52:52,387 - INFO - [round 6] pick 2/5: CCOC(=O)c1ccc(NC(=O)c2csc3c2CCCC3)cc1 | UCB=0.9161 | mu=0.3209 | std=0.8416 | f=0.4134
2025-10-11 09:52:52,396 - INFO - [round 6] pick 3/5: CN(C)C(=O)CCC(=O)N(C)CC1CCCN(CCc2ccc(F)cc2)C1 | UCB=0.9192 | mu=0.2891 | std=0.8911 | f=0.1466
2025-10-11 09:52:52,405 - INFO - [round 6] pick 4/5: CCc1ccc(-n2c(=O)c3c4c(sc3n(CC(=O)N3CCCCC3CC)c2=O)CCC4)cc1 | UCB=0.9117 | mu=0.2712 | std=0.9058 | f=0.1481
2025-10-11 09:52:52,414 - INFO - [round 6] pick 5/5: CC(Cc1ccc(C(=O)Oc2ccc(C(=N)N)c(F)c2)s1)C(=O)NC(CC(=O)O)C(=O)O | UCB=0.8965 | mu=0.257 | std=0.9045 | f=0.3821
2025-10-11 09:52:52,424 - INFO - Round 6 done in 29.24s; train size=45
2025-10-11 09:52:52,424 - INFO - 
--- Round 7 | trial=3 | sqrt_beta=0.7071 (beta=0.5000) | rho=0.75 | train size=45 ---
2025-10-11 09:53:24,457 - INFO - [round 7] pick 1/5: COc1ccc(N(CC(=O)O)C(C)=O)c2sc(NC(=O)c3ccc(F)cc3)nc12 | UCB=0.9368 | mu=0.3162 | std=0.8777 | f=0.1266
2025-10-11 09:53:24,468 - INFO - [round 7] pick 2/5: CCN(CC(=O)Nc1c(F)cccc1F)C(=O)c1csc2c1CCCC2 | UCB=0.9241 | mu=0.3142 | std=0.8626 | f=0.3659
2025-10-11 09:53:24,478 - INFO - [round 7] pick 3/5: CCOC(=O)c1ccc(-c2ccc(CC(C#N)NC(=O)C3NC4CCC3C4)c(F)c2)s1 | UCB=0.9093 | mu=0.2604 | std=0.9177 | f=0.4421
2025-10-11 09:53:24,490 - INFO - [round 7] pick 4/5: CCCCCCCCOc1ccc(C=CC(=O)c2ccc(C(=O)O)cc2OCC(=O)O)cc1 | UCB=0.9033 | mu=0.2529 | std=0.9198 | f=0.3511
2025-10-11 09:53:24,501 - INFO - [round 7] pick 5/5: Cc1c(C(=O)O)sc(S(=O)(=O)N2CCN(C(=O)Cc3ccc(F)cc3)CC2)c1C(=O)O | UCB=0.9208 | mu=0.2943 | std=0.8859 | f=0.3625
2025-10-11 09:53:24,513 - INFO - Round 7 done in 32.09s; train size=50
2025-10-11 09:53:24,513 - INFO - 
--- Round 8 | trial=3 | sqrt_beta=0.7071 (beta=0.5000) | rho=0.75 | train size=50 ---
2025-10-11 09:53:59,776 - INFO - [round 8] pick 1/5: CCOC(=O)c1cc(C#N)c(N2CC(C(=O)NS(=O)(=O)Cc3ccc(F)cc3)C2)nc1C | UCB=0.9267 | mu=0.2992 | std=0.8874 | f=0.3915
2025-10-11 09:53:59,789 - INFO - [round 8] pick 2/5: CCOc1cc(CC(=O)O)ccc1-c1ccc(F)c2c1CN(C(=O)OCC1CCCC1)CC2 | UCB=0.9257 | mu=0.2885 | std=0.9011 | f=0.4618
2025-10-11 09:53:59,802 - INFO - [round 8] pick 3/5: CSCCC(NC(=O)c1ccccc1)C(=O)OCC(=O)Nc1sc2c(c1C#N)CCCC2 | UCB=0.915 | mu=0.2816 | std=0.8957 | f=0.4472
2025-10-11 09:53:59,816 - INFO - [round 8] pick 4/5: COCCN(C(=O)c1snc(C(N)=O)c1N)C(C(=O)NC1CCCCC1)c1ccc(F)cc1 | UCB=0.926 | mu=0.3031 | std=0.8809 | f=0.4456
2025-10-11 09:53:59,830 - INFO - [round 8] pick 5/5: CCCCCCCN(CCc1ccc(OC(C)(CC)C(=O)O)cc1)C(=O)Nc1ccc(F)cc1F | UCB=0.9077 | mu=0.2662 | std=0.9072 | f=0.3571
2025-10-11 09:53:59,845 - INFO - Round 8 done in 35.33s; train size=55
2025-10-11 09:53:59,845 - INFO - 
--- Round 9 | trial=3 | sqrt_beta=0.7071 (beta=0.5000) | rho=0.75 | train size=55 ---
2025-10-11 09:54:37,233 - INFO - [round 9] pick 1/5: O=C(COC(=O)Cc1ccc(F)cc1)NC1CCCC1 | UCB=0.9475 | mu=0.3492 | std=0.8462 | f=0.1676
2025-10-11 09:54:37,249 - INFO - [round 9] pick 2/5: CCOC(=O)c1c(NC(=O)NC(Cc2ccccc2)C(=O)OC)sc2c1CCN(C(C)=O)C2 | UCB=0.9394 | mu=0.3182 | std=0.8785 | f=0.4456
2025-10-11 09:54:37,265 - INFO - [round 9] pick 3/5: CCOC(=O)c1ccc(OC(=O)C2CC=NN2C(=O)CC(N)Cc2cc(F)c(F)cc2F)cc1 | UCB=0.9343 | mu=0.2914 | std=0.9092 | f=0.4025
2025-10-11 09:54:37,281 - INFO - [round 9] pick 4/5: CCC#CCOc1cc(COCC2CC2)ccc1Sc1ccc(OCC(=O)O)c2c1CCCC2 | UCB=0.9247 | mu=0.2772 | std=0.9157 | f=0.3767
2025-10-11 09:54:37,299 - INFO - [round 9] pick 5/5: CCN(CC(=O)Nc1sc2c(c1C#N)CCCC2)CC(=O)NC1CCS(=O)(=O)C1 | UCB=0.9219 | mu=0.2963 | std=0.8846 | f=0.1513
2025-10-11 09:54:37,317 - INFO - Round 9 done in 37.47s; train size=60
2025-10-11 09:54:37,317 - INFO - 
--- Round 10 | trial=3 | sqrt_beta=0.7071 (beta=0.5000) | rho=0.75 | train size=60 ---
2025-10-11 09:55:17,148 - INFO - [round 10] pick 1/5: CCOC(=O)c1c(NC(=O)Nc2ccccc2)c(C(N)=O)c2n1CCCCC2 | UCB=0.9505 | mu=0.3241 | std=0.8859 | f=0.4472
2025-10-11 09:55:17,166 - INFO - [round 10] pick 2/5: CCC(NC(=O)c1ccc(C(=N)N2CCN(c3ccc(F)cc3)CC2)cc1F)C(C)(C)C(=O)N1CCC(CC(=O)O)CC1 | UCB=0.9441 | mu=0.31 | std=0.8969 | f=0.4157
2025-10-11 09:55:17,185 - INFO - [round 10] pick 3/5: Cc1c(C(=O)C(N)=O)c2c(OCC(=O)O)cc3c(c2n1Cc1cccc(F)c1)CCC3 | UCB=0.9451 | mu=0.3079 | std=0.9011 | f=0.1406
2025-10-11 09:55:17,204 - INFO - [round 10] pick 4/5: CCOC(=O)C(CCSC)NC(=O)C(Cc1cccc(N(CCCl)CCCl)c1)NC(=O)C(N)Cc1ccc(F)cc1 | UCB=0.9309 | mu=0.2859 | std=0.9122 | f=0.4134
2025-10-11 09:55:17,224 - INFO - [round 10] pick 5/5: CCOc1ccc(Cn2cc(F)c(=O)[nH]c2=O)cc1 | UCB=0.9237 | mu=0.2794 | std=0.9112 | f=0.2798
2025-10-11 09:55:17,245 - INFO - Round 10 done in 39.93s; train size=65
2025-10-11 09:55:17,245 - INFO - 
--- Round 11 | trial=3 | sqrt_beta=0.7071 (beta=0.5000) | rho=0.75 | train size=65 ---
2025-10-11 09:56:00,605 - INFO - [round 11] pick 1/5: CCOC(=O)C=CC(CC1CCNC1=O)NC(=O)C(Cc1ccc(F)cc1)NC(=O)C(NC(=O)c1cc(C)on1)C(C)(C)C | UCB=0.9512 | mu=0.313 | std=0.9026 | f=0.4132
2025-10-11 09:56:00,627 - INFO - [round 11] pick 2/5: CCCCCC(NC(=O)Cc1ccc(C(=O)O)c(OCC)c1)c1ccccc1N1CCCCC1 | UCB=0.9501 | mu=0.3246 | std=0.8846 | f=0.4568
2025-10-11 09:56:00,649 - INFO - [round 11] pick 3/5: CCOC(=O)C(Oc1ccc2c(c1)CN(C(=N)N)CC2)c1ccc(OC2CCOCC2)cc1 | UCB=0.9382 | mu=0.2948 | std=0.9098 | f=0.401
2025-10-11 09:56:00,672 - INFO - [round 11] pick 4/5: CCOC(=O)c1c(NC(=O)C2C3CCC(O3)C2C(=O)O)sc(C)c1-c1ccc(F)cc1 | UCB=0.9473 | mu=0.329 | std=0.8743 | f=0.4659
2025-10-11 09:56:00,696 - INFO - [round 11] pick 5/5: O=C(O)c1cc(F)c(CCNC(=O)C(CC(F)F)NC(=O)C2CC(c3ccccc3)CN2C(=O)CC2CCCC2)c(F)c1 | UCB=0.9295 | mu=0.2835 | std=0.9136 | f=0.4737
2025-10-11 09:56:00,720 - INFO - Round 11 done in 43.47s; train size=70
2025-10-11 09:56:00,720 - INFO - 
--- Round 12 | trial=3 | sqrt_beta=0.7071 (beta=0.5000) | rho=0.75 | train size=70 ---
2025-10-11 09:56:48,602 - INFO - [round 12] pick 1/5: CCOC(=O)C1CCCCC1NC(=O)C(Cc1ccccc1)c1csc2ccc(C(=N)N)cc12 | UCB=0.9731 | mu=0.3413 | std=0.8935 | f=0.168
2025-10-11 09:56:48,627 - INFO - [round 12] pick 2/5: CCC(=O)N1CCC(Cc2ccc(F)cc2)CC1CCCNC(=O)Nc1cc(C(C)=O)cc(C(C)=O)c1 | UCB=0.9672 | mu=0.3454 | std=0.8793 | f=0.4096
2025-10-11 09:56:48,652 - INFO - [round 12] pick 3/5: CCOc1ccc(C(CC(=O)O)NC(=O)C2CCCN2S(=O)(=O)c2cc(Cl)cc(Cl)c2)cc1 | UCB=0.9648 | mu=0.3317 | std=0.8953 | f=0.4272
2025-10-11 09:56:48,679 - INFO - [round 12] pick 4/5: CCCCCCC(NC(=O)c1ccc(C#N)cc1F)C(C)(C)C(=O)NC(Cc1ccccc1)C(=O)OCC | UCB=0.9708 | mu=0.3541 | std=0.8722 | f=0.4533
2025-10-11 09:56:48,706 - INFO - [round 12] pick 5/5: CC(O)C1C(=O)N2C(C(=O)OCOC(=O)C3CCCCC3)=C(SC3CNC(C(=O)Nc4cccc(C(=O)O)c4)C3)C(C)C12 | UCB=0.9373 | mu=0.2837 | std=0.9243 | f=0.1743
2025-10-11 09:56:48,734 - INFO - Round 12 done in 48.01s; train size=75
2025-10-11 09:56:48,734 - INFO - 
--- Round 13 | trial=3 | sqrt_beta=0.7071 (beta=0.5000) | rho=0.75 | train size=75 ---
2025-10-11 09:57:38,076 - INFO - [round 13] pick 1/5: CCOC(=O)CNC(=O)N1CCc2ccc(NC(=O)c3ccccc3Cl)cc2C1 | UCB=0.9675 | mu=0.3467 | std=0.878 | f=0.4098
2025-10-11 09:57:38,105 - INFO - [round 13] pick 2/5: CCCc1ccc(S(=O)(=O)NC(Cc2ccc(C(=N)NN)c(F)c2)C(=O)N(C)C2CCCC2)cc1 | UCB=0.9604 | mu=0.33 | std=0.8915 | f=0.4376
2025-10-11 09:57:38,135 - INFO - [round 13] pick 3/5: CCOC(=O)C(Cc1ccc(O)c([N+](=O)[O-])c1)NC(=O)C(Cc1ccc(O)c([N+](=O)[O-])c1)NC(=O)OC(C)(C)C | UCB=0.9595 | mu=0.3225 | std=0.9009 | f=0.432
2025-10-11 09:57:38,165 - INFO - [round 13] pick 4/5: CCCCCOC(=O)N1CCN(C(=O)C(CCC(=O)O)NC(=O)c2cc(OC3CCNCC3)cc(-c3ccccc3)n2)CC1 | UCB=0.951 | mu=0.313 | std=0.9023 | f=0.4486
2025-10-11 09:57:38,197 - INFO - [round 13] pick 5/5: CCOc1cc(NC(=O)N2CCC(O)(CC(CC)CC)CC2)cc(Oc2ccc(F)cc2)c1 | UCB=0.9588 | mu=0.3249 | std=0.8964 | f=0.3832
2025-10-11 09:57:38,229 - INFO - Round 13 done in 49.49s; train size=80
2025-10-11 09:57:38,229 - INFO - 
--- Round 14 | trial=3 | sqrt_beta=0.7071 (beta=0.5000) | rho=0.75 | train size=80 ---
2025-10-11 09:58:29,143 - INFO - [round 14] pick 1/5: CCOC(=O)N1CCN(C(=O)CCC(C(=O)NO)N(Cc2ccc3c(c2)OCO3)S(=O)(=O)c2ccc(OC)cc2)CC1 | UCB=0.9747 | mu=0.351 | std=0.882 | f=0.4257
2025-10-11 09:58:29,176 - INFO - [round 14] pick 2/5: O=C(O)CC(NC(=O)CCC(=O)Nc1ccc2c(c1)CNCC2)c1ccc(F)cc1 | UCB=0.9729 | mu=0.3541 | std=0.8752 | f=0.3724
2025-10-11 09:58:29,210 - INFO - [round 14] pick 3/5: CCCCC(Cc1ccc(OC)c(CNC(=O)c2ccc(C(F)(F)F)cc2F)c1)C(=O)O | UCB=0.9686 | mu=0.3371 | std=0.8931 | f=0.3697
2025-10-11 09:58:29,245 - INFO - [round 14] pick 4/5: CCOC(=O)C(Cc1ccc(NC(=O)c2c(Cl)cncc2Cl)cc1)NC(=O)C1CC(NC2CCC2)CN1S(=O)(=O)c1cccc(C#N)c1 | UCB=0.9699 | mu=0.3414 | std=0.8889 | f=0.1726
2025-10-11 09:58:29,280 - INFO - [round 14] pick 5/5: CCOC(=O)C(=O)CC(=O)C=Cc1cc(C(=O)c2ccccc2F)c[nH]1 | UCB=0.9513 | mu=0.3066 | std=0.9117 | f=0.3673
2025-10-11 09:58:29,316 - INFO - Round 14 done in 51.09s; train size=85
2025-10-11 09:58:29,316 - INFO - 
--- Round 15 | trial=3 | sqrt_beta=0.7071 (beta=0.5000) | rho=0.75 | train size=85 ---
2025-10-11 09:59:25,099 - INFO - [round 15] pick 1/5: CCOC(=O)N1CCN(S(=O)(=O)c2ccc(F)c(C(=O)Nc3ccccc3Br)c2)CC1 | UCB=0.9738 | mu=0.3695 | std=0.8546 | f=0.3821
2025-10-11 09:59:25,136 - INFO - [round 15] pick 2/5: CCCCc1ccc(CN2CCCCC(NC(=O)C(Cc3ccc(OP(=O)(O)O)cc3)NC(C)=O)C2=O)cc1 | UCB=0.9662 | mu=0.3432 | std=0.881 | f=0.4382
2025-10-11 09:59:25,174 - INFO - [round 15] pick 3/5: CCC(C)(C)C(=O)C(=O)N1CCSCC1C(=O)OC(CCc1ccc(OC)c(OC)c1)c1cccc(OCC(=O)O)c1 | UCB=0.9634 | mu=0.3251 | std=0.9027 | f=0.4108
2025-10-11 09:59:25,213 - INFO - [round 15] pick 4/5: CCC(NCCCCC(Nc1cc(C)c(F)c(C)c1)C(=O)NO)c1ccc(F)cc1 | UCB=0.9503 | mu=0.3116 | std=0.9032 | f=0.3405
2025-10-11 09:59:25,253 - INFO - [round 15] pick 5/5: CCCCCCCCCCCCCC(=O)OCC(=O)N1CCN(c2cc3c(cc2F)c(=O)c(C(=O)O)cn3C2CC2)CC1 | UCB=0.9446 | mu=0.296 | std=0.9172 | f=0.4132
2025-10-11 09:59:25,294 - INFO - Round 15 done in 55.98s; train size=90
2025-10-11 09:59:25,294 - INFO - 
--- Round 16 | trial=3 | sqrt_beta=0.7071 (beta=0.5000) | rho=0.75 | train size=90 ---
2025-10-11 10:00:22,428 - INFO - [round 16] pick 1/5: CCOC(=O)Oc1ccc(CC(NC(=O)OCc2ccccc2)C(=O)N2CCN(C(=O)OC(C)(C)C)CC2)cc1 | UCB=0.9753 | mu=0.3717 | std=0.8536 | f=0.4339
2025-10-11 10:00:22,470 - INFO - [round 16] pick 2/5: CCCCC(CN1CCC(COc2ccc(C(=O)c3ccc(Cl)cc3)c(Cl)c2)CC1)OC(N)=O | UCB=0.9735 | mu=0.3502 | std=0.8814 | f=0.3997
2025-10-11 10:00:22,512 - INFO - [round 16] pick 3/5: CCCC(O)C(CNCc1ccc(C)cc1C)NC(=O)CNC(=O)c1cc(C(F)(F)F)ccc1NC(=O)N1CCCC1 | UCB=0.9699 | mu=0.3368 | std=0.8955 | f=0.4371
2025-10-11 10:00:22,556 - INFO - [round 16] pick 4/5: COCC(NC(=O)c1ccc(Cl)s1)C(=O)Nc1ccc(N2CCOCC2=O)c(F)c1 | UCB=0.9623 | mu=0.3288 | std=0.8959 | f=0.351
2025-10-11 10:00:22,601 - INFO - [round 16] pick 5/5: CCCc1cc(C(=O)Cc2ccc(C(=O)OCC)o2)c(O)cc1O | UCB=0.9518 | mu=0.305 | std=0.9147 | f=0.4013
2025-10-11 10:00:22,646 - INFO - Round 16 done in 57.35s; train size=95
2025-10-11 10:00:22,647 - INFO - 
--- Round 17 | trial=3 | sqrt_beta=0.7071 (beta=0.5000) | rho=0.75 | train size=95 ---
2025-10-11 10:01:25,245 - INFO - [round 17] pick 1/5: CCOC(=O)C1CCCN(C(=O)CCC(=O)N(CC(C)(C)C)c2ccc(Cl)cc2C(O)c2cc(F)ccc2Cl)C1 | UCB=0.9797 | mu=0.3511 | std=0.8889 | f=0.4472
2025-10-11 10:01:25,293 - INFO - [round 17] pick 2/5: CCOc1ccc(CCNC(=O)COC(=O)c2ccc(F)c(S(=O)(=O)N3CCOCC3)c2)cc1OCC | UCB=0.9785 | mu=0.361 | std=0.8732 | f=0.389
2025-10-11 10:01:25,341 - INFO - [round 17] pick 3/5: CCCCCN(CCCCC)C(=O)C(CCC(=O)O)NC(=O)C(Cc1ccc(OP(=O)(O)O)cc1)NC(=O)C(F)(F)F | UCB=0.9677 | mu=0.3454 | std=0.88 | f=0.1459
2025-10-11 10:01:25,390 - INFO - [round 17] pick 4/5: CCCCOC(=O)Nc1cccc(NC(=O)NC(=O)N2CCN(C(=O)CN3C(=O)C(=O)c4cc([N+](=O)[O-])ccc43)CC2)c1 | UCB=0.9707 | mu=0.3334 | std=0.9013 | f=0.37
2025-10-11 10:01:25,440 - INFO - [round 17] pick 5/5: CSCCC(NC(=O)c1ccc(CN(C)CCC2CCCCC2)cc1-c1ccccc1C)C(=O)O | UCB=0.9685 | mu=0.3515 | std=0.8725 | f=0.4629
2025-10-11 10:01:25,490 - INFO - Round 17 done in 62.84s; train size=100
2025-10-11 10:01:25,490 - INFO - 
--- Round 18 | trial=3 | sqrt_beta=0.7071 (beta=0.5000) | rho=0.75 | train size=100 ---
2025-10-11 10:02:28,704 - INFO - [round 18] pick 1/5: CCCC(C)(O)c1ccccc1N1CCN(C(=O)C(Cc2ccc(Cl)cc2Cl)NC(=O)CCN)CC1 | UCB=0.9863 | mu=0.3632 | std=0.8811 | f=0.3942
2025-10-11 10:02:28,757 - INFO - [round 18] pick 2/5: COc1cccc(C(=O)NC(CCC2CCCCC2)C(=O)NC(CC(=O)OCc2ccccc2)CN2CCc3cc(F)ccc32)c1 | UCB=0.9777 | mu=0.3596 | std=0.8741 | f=0.1616
2025-10-11 10:02:28,810 - INFO - [round 18] pick 3/5: CCOC(=O)NC1CCc2ccc(OCCNC(=O)OC(C)(C)C)cc2C1Cc1ccc(Cl)c(Cl)c1 | UCB=0.9765 | mu=0.3445 | std=0.8937 | f=0.3942
2025-10-11 10:02:28,864 - INFO - [round 18] pick 4/5: O=C(OCC(=O)N1CCN(C(=O)c2ccco2)CC1)c1cc(F)c(F)cc1Cl | UCB=0.9703 | mu=0.3377 | std=0.8946 | f=0.3589
2025-10-11 10:02:28,920 - INFO - [round 18] pick 5/5: CCCCC(OC(=O)CCl)c1ccccc1C(=O)Oc1ccc(C=CC(=O)OCCO[N+](=O)[O-])cc1OC | UCB=0.9655 | mu=0.327 | std=0.903 | f=0.3569
2025-10-11 10:02:28,976 - INFO - Round 18 done in 63.49s; train size=105
2025-10-11 10:02:28,976 - INFO - 
--- Round 19 | trial=3 | sqrt_beta=0.7071 (beta=0.5000) | rho=0.75 | train size=105 ---
2025-10-11 10:03:36,159 - INFO - [round 19] pick 1/5: CCOC(=O)c1cnc(N2CCN(C(=O)NCc3ccc(OC)cc3)CC2)c(Cl)c1 | UCB=0.9823 | mu=0.3832 | std=0.8473 | f=0.3944
2025-10-11 10:03:36,217 - INFO - [round 19] pick 2/5: CCCCCCNC(=O)Oc1ccccc1-c1ccc(C(C)C(=O)O)cc1F | UCB=0.9791 | mu=0.3644 | std=0.8694 | f=0.3823
2025-10-11 10:03:36,275 - INFO - [round 19] pick 3/5: CCCCc1ccc2c(c1)C(NCC(O)C(Cc1cc(F)cc(F)c1)NC(C)=O)CCC2 | UCB=0.9681 | mu=0.3308 | std=0.9012 | f=0.3766
2025-10-11 10:03:36,335 - INFO - [round 19] pick 4/5: COc1ccc2c(c1)cc(C(=O)NC(CCSC)C(=O)N1CCCC1C(=O)O)n2C | UCB=0.9686 | mu=0.3379 | std=0.892 | f=0.5121
2025-10-11 10:03:36,395 - INFO - [round 19] pick 5/5: CCOC(=O)CCCOc1ccc(C(=O)C=Cc2cc(C(C)(C)C)c3oc(=O)c(C(=O)OCC)cc3c2)cc1 | UCB=0.9629 | mu=0.3376 | std=0.8844 | f=0.1341
2025-10-11 10:03:36,456 - INFO - Round 19 done in 67.48s; train size=110
2025-10-11 10:03:36,456 - INFO - 
--- Round 20 | trial=3 | sqrt_beta=0.7071 (beta=0.5000) | rho=0.75 | train size=110 ---
2025-10-11 10:04:45,928 - INFO - [round 20] pick 1/5: NCc1ccc(Cl)cc1CNC(=O)C1CCCN1C(=O)C(CCc1ccc(O)cc1)NCC(=O)O | UCB=0.9909 | mu=0.3681 | std=0.8808 | f=0.4361
2025-10-11 10:04:45,991 - INFO - [round 20] pick 2/5: CCCCn1c2ccccc2c2cc(C(=O)NC(CCSC)C(=O)OCC)ncc21 | UCB=0.9803 | mu=0.3639 | std=0.8716 | f=0.1683
2025-10-11 10:04:46,055 - INFO - [round 20] pick 3/5: COc1ccc(OC)c(C(=O)NC(CC(N)=O)c2ccc(N3CCC(N4CCCC4)CC3)c([N+](=O)[O-])c2)c1 | UCB=0.9686 | mu=0.3442 | std=0.883 | f=0.3948
2025-10-11 10:04:46,120 - INFO - [round 20] pick 4/5: CCOC(=O)c1c(C)[nH]c(C)c1C(=O)COC(=O)C1CCCN1S(=O)(=O)c1ccccc1F | UCB=0.9717 | mu=0.3505 | std=0.8785 | f=0.4489
2025-10-11 10:04:46,190 - INFO - [round 20] pick 5/5: CCCC(NC(=O)Cc1cc(F)cc(F)c1)C(=O)Nc1cn(C(C)(C)CNCC2CCOCC2)cn1 | UCB=0.9546 | mu=0.311 | std=0.9102 | f=0.441
2025-10-11 10:04:46,260 - INFO - Round 20 done in 69.80s; train size=115
2025-10-11 10:04:46,260 - INFO - 
--- Round 21 | trial=3 | sqrt_beta=0.7071 (beta=0.5000) | rho=0.75 | train size=115 ---
2025-10-11 10:05:57,251 - INFO - [round 21] pick 1/5: COc1ccc(CC(NC(=O)c2ccccc2)C(=O)CCC(=O)N2CCCC2C(=O)O)cc1OC | UCB=0.9921 | mu=0.4012 | std=0.8355 | f=0.4646
2025-10-11 10:05:57,320 - INFO - [round 21] pick 2/5: Cc1cc(C)cc(NC(=O)Cc2ccc(OC3(C(=O)NC(CO)C(=O)O)CCCC3)cc2)c1 | UCB=0.9899 | mu=0.3721 | std=0.8737 | f=0.4256
2025-10-11 10:05:57,390 - INFO - [round 21] pick 3/5: CCC1CCN(C(=O)C(CCCN=C(N)N)NS(=O)(=O)c2ccc3ccc(O)cc3c2)CC1 | UCB=0.9769 | mu=0.34 | std=0.9007 | f=0.4256
2025-10-11 10:05:57,461 - INFO - [round 21] pick 4/5: CCOC(=O)C1=CCCCC1S(=O)(=O)Cc1ccc(Cl)cc1F | UCB=0.9608 | mu=0.3275 | std=0.8957 | f=0.1495
2025-10-11 10:05:57,533 - INFO - [round 21] pick 5/5: CCCN=c1[nH]ccc(N2CCC(Oc3ccc(C(C)C(O)=NC4COC4)cc3)C2)c1F | UCB=0.9542 | mu=0.3029 | std=0.9211 | f=0.3859
2025-10-11 10:05:57,606 - INFO - Round 21 done in 71.35s; train size=120
2025-10-11 10:05:57,606 - INFO - 
--- Round 22 | trial=3 | sqrt_beta=0.7071 (beta=0.5000) | rho=0.75 | train size=120 ---
2025-10-11 10:07:12,150 - INFO - [round 22] pick 1/5: CCNC(=O)C1CCCN1C(=O)C(Cc1ccc2ccccc2c1)NC(C)=O | UCB=1.001 | mu=0.4025 | std=0.8459 | f=0.4579
2025-10-11 10:07:12,225 - INFO - [round 22] pick 2/5: COc1ccc(CCCCOC(=O)C2CCCCN2C(=O)C(=O)c2cc(OC)c(OC)c(OC)c2)cc1 | UCB=0.9859 | mu=0.3768 | std=0.8614 | f=0.4364
2025-10-11 10:07:12,301 - INFO - [round 22] pick 3/5: Cc1ccc(N(C(=O)OCC2CCC(COCC(=O)O)CC2)c2cccc(F)c2)cc1F | UCB=0.9721 | mu=0.341 | std=0.8926 | f=0.3978
2025-10-11 10:07:12,378 - INFO - [round 22] pick 4/5: CCCC(CCC)C(=O)N1CCN(c2cc3c(cc2F)c(=O)c(C(=O)O)cn3C2CC2)CC1 | UCB=0.9676 | mu=0.3978 | std=0.8059 | f=0.4767
2025-10-11 10:07:12,456 - INFO - [round 22] pick 5/5: CCN(CCc1ccc(Cl)c(Cl)c1)C(=O)CNC(=O)C(CCCN=C(N)N)NC(=O)C(Cc1ccc(O)cc1)N=C(N)N | UCB=0.9576 | mu=0.3268 | std=0.8921 | f=0.344
2025-10-11 10:07:12,536 - INFO - Round 22 done in 74.93s; train size=125
2025-10-11 10:07:12,536 - INFO - 
--- Round 23 | trial=3 | sqrt_beta=0.7071 (beta=0.5000) | rho=0.75 | train size=125 ---
2025-10-11 10:08:29,313 - INFO - [round 23] pick 1/5: CCOc1ccc(NC(=O)N2CCC(NC(=O)C(Cc3ccccc3OC)NC(C)=O)CC2)cc1 | UCB=0.9936 | mu=0.3935 | std=0.8487 | f=0.4441
2025-10-11 10:08:29,395 - INFO - [round 23] pick 2/5: CCCCCc1ccc(-c2cc3cn(C4CC(O)C(COC(=O)C(NC(=O)C5CCCN5C(=O)C(N)CC(N)=O)C(C)C)O4)c(=O)nc3o2)cc1 | UCB=0.9831 | mu=0.3492 | std=0.8965 | f=0.1714
2025-10-11 10:08:29,479 - INFO - [round 23] pick 3/5: CCC(=O)c1cc(F)c(N2CCN(C(=O)Cc3ccccc3)CC2)cc1C | UCB=0.9848 | mu=0.3929 | std=0.8371 | f=0.3495
2025-10-11 10:08:29,564 - INFO - [round 23] pick 4/5: CCC(N=C(O)c1cc(C(=O)N2CCCC2C)n2c1COC(C)(C)C2)c1ccc(C#N)cc1 | UCB=0.9661 | mu=0.3182 | std=0.9163 | f=0.3846
2025-10-11 10:08:29,650 - INFO - [round 23] pick 5/5: C#CCN(Cc1ccc2nc[nH]c(=O)c2c1)c1ccc(C(=O)NC(CCC(=O)O)C(=O)O)c(F)c1 | UCB=0.9578 | mu=0.3269 | std=0.8922 | f=0.1274
2025-10-11 10:08:29,861 - INFO - Round 23 done in 77.33s; train size=130
2025-10-11 10:08:29,861 - INFO - 
--- Round 24 | trial=3 | sqrt_beta=0.7071 (beta=0.5000) | rho=0.75 | train size=130 ---
2025-10-11 10:09:52,498 - INFO - [round 24] pick 1/5: CC(=O)NC(Cc1ccc(F)c(F)c1)C(=O)NC1CCN(S(=O)(=O)c2ccc(C)cc2)CC1 | UCB=0.9852 | mu=0.3965 | std=0.8327 | f=0.3859
2025-10-11 10:09:52,587 - INFO - [round 24] pick 2/5: CCOC(=O)C(CCc1ccccc1)NC(C)C(=O)N1Cc2cc(OC)c(OC)cc2CC1C(=O)O | UCB=0.9765 | mu=0.3823 | std=0.8403 | f=0.5886
2025-10-11 10:09:52,677 - INFO - [round 24] pick 3/5: O=C(O)c1ccccc1C(=O)N1CCC(CN2CCC(Oc3ccc(CO)c(Cl)c3)CC2)CC1 | UCB=0.973 | mu=0.3504 | std=0.8804 | f=0.378
2025-10-11 10:09:52,768 - INFO - [round 24] pick 4/5: CCCCC(C(=O)N1CCCC1C(=O)Nc1ccc(F)c[n+]1[O-])N(O)C=O | UCB=0.958 | mu=0.3231 | std=0.898 | f=0.172
2025-10-11 10:09:52,861 - INFO - [round 24] pick 5/5: CCC(C)C(C(=O)N1CCN(C(=O)OC(C)(C)C)CC1)n1cc(C(Cc2ccc(O)cc2)NC(=O)OC(C)(C)C)nn1 | UCB=0.9609 | mu=0.3371 | std=0.8822 | f=0.4134
2025-10-11 10:09:52,955 - INFO - Round 24 done in 83.09s; train size=135
2025-10-11 10:09:52,955 - INFO - 
--- Round 25 | trial=3 | sqrt_beta=0.7071 (beta=0.5000) | rho=0.75 | train size=135 ---
2025-10-11 10:11:16,408 - INFO - [round 25] pick 1/5: CCOC(=O)N1CCC(NC(=O)C(CCc2ccccc2)NC(CCNS(=O)(=O)c2ccc(OC)cc2)C(=O)O)CC1 | UCB=0.9926 | mu=0.4112 | std=0.8223 | f=0.4767
2025-10-11 10:11:16,504 - INFO - [round 25] pick 2/5: CCC(=O)N(c1ccccc1)C1CCN(C(=O)C(N)C(C)c2c(C)cc(O)cc2C)CC1 | UCB=0.9864 | mu=0.3617 | std=0.8834 | f=0.4216
2025-10-11 10:11:16,600 - INFO - [round 25] pick 3/5: CCCc1c(OCCCCCOc2cc3c(cc2C(C)=O)CCC(C(=O)O)O3)ccc(C(C)=O)c1OC | UCB=0.9697 | mu=0.3358 | std=0.8965 | f=0.4096
2025-10-11 10:11:16,697 - INFO - [round 25] pick 4/5: CCNC(=O)NC(C)c1ccc(OC2CCN(c3ncnc(OCC4CC4)c3F)C2)cc1 | UCB=0.967 | mu=0.3437 | std=0.8814 | f=0.3964
2025-10-11 10:11:16,796 - INFO - [round 25] pick 5/5: CCC(CC)(c1ccc(OCC(=O)C(C)(C)C)c(C)c1)c1ccc(C(=O)NC(C)C(=O)O)n1C | UCB=0.9714 | mu=0.3383 | std=0.8954 | f=0.4287
2025-10-11 10:11:16,897 - INFO - Round 25 done in 83.94s; train size=140
2025-10-11 10:11:16,897 - INFO - 
--- Round 26 | trial=3 | sqrt_beta=0.7071 (beta=0.5000) | rho=0.75 | train size=140 ---
2025-10-11 10:12:44,934 - INFO - [round 26] pick 1/5: CCOC(=O)C(CCc1ccccc1)NC(C)C(=O)N1C(C(=O)O)CC2CCCCC21 | UCB=0.9975 | mu=0.4223 | std=0.8135 | f=0.3116
2025-10-11 10:12:45,036 - INFO - [round 26] pick 2/5: CCOC(=O)N1CCN(C(=O)CSc2ccc(-c3ccc(OC)c(OC)c3)nn2)CC1 | UCB=0.9807 | mu=0.3749 | std=0.8567 | f=0.3901
2025-10-11 10:12:45,140 - INFO - [round 26] pick 3/5: CC(N=C(O)CC(=N)O)c1ccc(CN2Cc3ccc(OCC4CC4)cc3C(F)C2)cc1 | UCB=0.9688 | mu=0.3409 | std=0.888 | f=0.3766
2025-10-11 10:12:45,245 - INFO - [round 26] pick 4/5: CCCc1cc(C)c(NC(=O)Nc2cc(-c3ccc(F)c(F)c3)ccc2C(=O)NC(C(=O)O)C(C)OC(C)(C)C)c(C)c1 | UCB=0.9645 | mu=0.3349 | std=0.8905 | f=0.1378
2025-10-11 10:12:45,351 - INFO - [round 26] pick 5/5: CCCCc1cc(=O)oc2cc(C)cc(OCC(=O)N3CCC(C(=O)O)CC3)c12 | UCB=0.9756 | mu=0.3474 | std=0.8885 | f=0.4543
2025-10-11 10:12:45,459 - INFO - Round 26 done in 88.56s; train size=145
2025-10-11 10:12:45,459 - INFO - 
--- Round 27 | trial=3 | sqrt_beta=0.7071 (beta=0.5000) | rho=0.75 | train size=145 ---
2025-10-11 10:14:13,801 - INFO - [round 27] pick 1/5: CCC(=O)Nc1cc(C)c(C(=O)N2CCC(N(C)CCc3ccccc3)CC2)c(OC)c1 | UCB=0.9958 | mu=0.3994 | std=0.8435 | f=0.4082
2025-10-11 10:14:13,912 - INFO - [round 27] pick 2/5: CCOC(=O)C1CCN(c2ncnc(Oc3ccc(C(=O)CC(=O)OC)cc3)c2[N+](=O)[O-])CC1 | UCB=0.9749 | mu=0.3569 | std=0.874 | f=0.4309
2025-10-11 10:14:14,024 - INFO - [round 27] pick 3/5: CCC(N=C(O)c1cc(C(=O)NCC2CC2)n2c1COCC2)c1ccccc1Cl | UCB=0.9762 | mu=0.3517 | std=0.8832 | f=0.3989
2025-10-11 10:14:14,137 - INFO - [round 27] pick 4/5: COc1ccc(C(C)C(CS)C(=O)NC(Cc2ccc(O)cc2)C(=O)O)cc1OC | UCB=0.9716 | mu=0.3709 | std=0.8495 | f=0.3766
2025-10-11 10:14:14,251 - INFO - [round 27] pick 5/5: CCOC(=O)N1CCN(C(=O)C(CCCCO)NC(=O)c2cc(OCC(=O)N3CCCC3C(=O)NC3CCC3)n(-c3ccccc3)n2)CC1 | UCB=0.971 | mu=0.3672 | std=0.8539 | f=0.4625
2025-10-11 10:14:14,367 - INFO - Round 27 done in 88.91s; train size=150
2025-10-11 10:14:14,368 - INFO - 
--- Round 28 | trial=3 | sqrt_beta=0.7071 (beta=0.5000) | rho=0.75 | train size=150 ---
2025-10-11 10:15:45,760 - INFO - [round 28] pick 1/5: COc1cc(C(=O)NCC2CCN(C(=O)CCCCC(c3ccccc3)C3CCN(C)CC3)C2)cc(OC)c1OC | UCB=0.993 | mu=0.3792 | std=0.868 | f=0.4006
2025-10-11 10:15:45,878 - INFO - [round 28] pick 2/5: CCCc1cc(=O)oc2c(C)c(OCC(=O)N3CCCC3C(=O)O)ccc12 | UCB=0.9787 | mu=0.3762 | std=0.852 | f=0.4763
2025-10-11 10:15:45,997 - INFO - [round 28] pick 3/5: CCOC(=O)C(CC(C)C)NC(=O)C1CCn2c(C(=O)c3ccccc3)ccc21 | UCB=0.9813 | mu=0.3751 | std=0.8573 | f=0.5164
2025-10-11 10:15:46,118 - INFO - [round 28] pick 4/5: COc1ccc(CN(CC2CCC(C(=O)O)CC2)C(S)=Nc2cc(C)cc(C)c2)cc1 | UCB=0.9786 | mu=0.363 | std=0.8706 | f=0.3915
2025-10-11 10:15:46,241 - INFO - [round 28] pick 5/5: CCCCCCCCNC(=O)N1CCC(Nc2ccc(CCNCC(O)COc3ccc(O)c(NS(C)(=O)=O)c3)cc2)CC1 | UCB=0.9688 | mu=0.3489 | std=0.8767 | f=0.3735
2025-10-11 10:15:46,365 - INFO - Round 28 done in 92.00s; train size=155
2025-10-11 10:15:46,365 - INFO - 
--- Round 29 | trial=3 | sqrt_beta=0.7071 (beta=0.5000) | rho=0.75 | train size=155 ---
2025-10-11 10:17:19,860 - INFO - [round 29] pick 1/5: CCOC(=O)C1CCCN(C(=O)c2cc(S(=O)(=O)Nc3ccccc3OC)ccc2C)C1 | UCB=0.9962 | mu=0.3987 | std=0.8451 | f=0.4303
2025-10-11 10:17:19,989 - INFO - [round 29] pick 2/5: CCCCc1cc(=O)oc2cc(OCC(=O)N3CCC(C(=O)O)(c4ccccc4)CC3)ccc12 | UCB=0.9903 | mu=0.3916 | std=0.8468 | f=0.139
2025-10-11 10:17:20,119 - INFO - [round 29] pick 3/5: COCCOc1ccc(F)cc1CCN1CCC(CC(=O)NC(c2ccc(F)cc2)C(C)C)CC1 | UCB=0.9821 | mu=0.3683 | std=0.8681 | f=0.3855
2025-10-11 10:17:20,251 - INFO - [round 29] pick 4/5: CSCCC(NC(=O)OC(C)(C)C)C(=O)N1CCC(C(=O)NC(C)C(=O)NC(C)c2ccccc2)CC1 | UCB=0.9763 | mu=0.367 | std=0.8617 | f=0.1725
2025-10-11 10:17:20,383 - INFO - [round 29] pick 5/5: CCOC(=O)C1=C(C)NC(=S)NC1c1cc(OC(C)=O)ccc1OC(C)=O | UCB=0.9527 | mu=0.3113 | std=0.9071 | f=0.1434
2025-10-11 10:17:20,515 - INFO - Round 29 done in 94.15s; train size=160
2025-10-11 10:17:20,515 - INFO - 
--- Round 30 | trial=3 | sqrt_beta=0.7071 (beta=0.5000) | rho=0.75 | train size=160 ---
2025-10-11 10:18:57,209 - INFO - [round 30] pick 1/5: CCOC(=O)C(CC(=O)N1CCC(Cn2c(C)nc3cnccc32)CC1)c1ccc(N)cc1 | UCB=0.9874 | mu=0.3631 | std=0.8829 | f=0.1627
2025-10-11 10:18:57,343 - INFO - [round 30] pick 2/5: CCc1ccc(NS(=O)(=O)c2ccccc2NCCC2CCCN2C)c(C(=O)O)c1OC | UCB=0.9778 | mu=0.3546 | std=0.8813 | f=0.4097
2025-10-11 10:18:57,478 - INFO - [round 30] pick 3/5: CCC(Nc1cc(C)cc(CN2CCC(C(=O)O)C2)c1)c1ccc(Cl)c(C)c1 | UCB=0.9776 | mu=0.351 | std=0.8861 | f=0.3937
2025-10-11 10:18:57,615 - INFO - [round 30] pick 4/5: CC(Cc1ccc(O)cc1)(NC(=O)C1CCCN1C(=O)CCCc1ccc(O)cc1)C(=O)NCC(=O)N1CCCC1C(=O)O | UCB=0.9693 | mu=0.3545 | std=0.8695 | f=0.4361
2025-10-11 10:18:57,754 - INFO - [round 30] pick 5/5: CCOC(=O)c1cc(NC(=O)c2ccsc2)ccc1OCC(O)CNC(C)(C)C | UCB=0.9599 | mu=0.3347 | std=0.8841 | f=0.3907
2025-10-11 10:18:57,894 - INFO - Round 30 done in 97.38s; train size=165
2025-10-11 10:18:57,894 - INFO - 
--- Round 31 | trial=3 | sqrt_beta=0.7071 (beta=0.5000) | rho=0.75 | train size=165 ---
2025-10-11 10:20:36,749 - INFO - [round 31] pick 1/5: CCOC(=O)N1CCN(C(=O)c2ccccc2NC(=O)COc2ccccc2C)CC1 | UCB=0.9853 | mu=0.4086 | std=0.8157 | f=0.4216
2025-10-11 10:20:36,892 - INFO - [round 31] pick 2/5: CCN1CCCC1CNC(=O)c1c(O)c(CCF)cc(OC)c1OC | UCB=0.9736 | mu=0.3315 | std=0.908 | f=0.1502
2025-10-11 10:20:37,036 - INFO - [round 31] pick 3/5: CC(C)(C)C(=O)NCc1ccc(NC(=O)N(CC(O)c2ccc(Br)c(Br)c2)C2CCC2)cc1 | UCB=0.972 | mu=0.3502 | std=0.8794 | f=0.3873
2025-10-11 10:20:37,181 - INFO - [round 31] pick 4/5: NCCCCC(NC(=O)C(N)Cc1ccsc1)C(=O)N1CCCC1C(=O)O | UCB=0.9578 | mu=0.3419 | std=0.871 | f=0.1871
2025-10-11 10:20:37,327 - INFO - [round 31] pick 5/5: COCC(C)CN=C(O)N1CCn2c(c(C(=N)O)c(-c3ccc(OC)cc3)c2C2CC2)C1 | UCB=0.9676 | mu=0.3337 | std=0.8966 | f=0.3887
2025-10-11 10:20:37,476 - INFO - Round 31 done in 99.58s; train size=170
2025-10-11 10:20:37,477 - INFO - 
--- Round 32 | trial=3 | sqrt_beta=0.7071 (beta=0.5000) | rho=0.75 | train size=170 ---
2025-10-11 10:22:21,274 - INFO - [round 32] pick 1/5: CC(C)CC(NC(=O)c1cc2ccccc2s1)C(=O)NC1CCN(Cc2ccc(OCC3CCCN3C)c(Cl)c2)C1 | UCB=0.9811 | mu=0.3618 | std=0.8758 | f=0.1571
2025-10-11 10:22:21,424 - INFO - [round 32] pick 2/5: CCOc1cccc(-c2ccc(C3CCN(S(=O)(=O)C(C)(C)C(=O)NO)CC3)cc2C)c1 | UCB=0.9768 | mu=0.3567 | std=0.877 | f=0.4007
2025-10-11 10:22:21,576 - INFO - [round 32] pick 3/5: O=C(c1ccccc1F)c1ccc(F)cc1C=COCCN1CCCC(C(=O)O)C1 | UCB=0.9758 | mu=0.3602 | std=0.8706 | f=0.3835
2025-10-11 10:22:21,730 - INFO - [round 32] pick 4/5: CCOC(=O)N1CCC(N=c2c(O)c(O)c2=NCCCN(CC)Cc2ccccc2)CC1 | UCB=0.9675 | mu=0.3467 | std=0.878 | f=0.4068
2025-10-11 10:22:21,886 - INFO - [round 32] pick 5/5: CCC(NC(=O)N1CC(=O)NCC(Cc2cc(Cl)ccc2OC)C1=O)C(=O)NC(C)C(=O)O | UCB=0.9587 | mu=0.3291 | std=0.8904 | f=0.1694
2025-10-11 10:22:22,043 - INFO - Round 32 done in 104.57s; train size=175
2025-10-11 10:22:22,043 - INFO - 
--- Round 33 | trial=3 | sqrt_beta=0.7071 (beta=0.5000) | rho=0.75 | train size=175 ---
2025-10-11 10:24:06,994 - INFO - [round 33] pick 1/5: CCOC(=O)C1CCN(C(=O)c2ccc(NS(=O)(=O)c3ccc(F)cc3C)cc2)CC1 | UCB=0.9798 | mu=0.3994 | std=0.8209 | f=0.4248
2025-10-11 10:24:07,153 - INFO - [round 33] pick 2/5: COc1ccc2c(c1)CCC1C(NC(=O)NC(Cc3ccccc3)C(=O)O)=C(C(=O)O)SC21 | UCB=0.9706 | mu=0.3681 | std=0.852 | f=0.3936
2025-10-11 10:24:07,315 - INFO - [round 33] pick 3/5: CCOC(=O)N1CCN(C(=O)C(CCC(=O)O)NC(=O)c2cc(OCC(=O)N3CCCC3C(=O)NCC(F)(F)F)c3ccccc3n2)CC1 | UCB=0.9692 | mu=0.4074 | std=0.7945 | f=0.4511
2025-10-11 10:24:07,479 - INFO - [round 33] pick 4/5: CCCc1cnc(C)nc1N1CCC(Cc2ccc(CO)cc2)C1 | UCB=0.9536 | mu=0.3177 | std=0.8993 | f=0.3333
2025-10-11 10:24:07,644 - INFO - [round 33] pick 5/5: CCOc1cc(C=NN2CCN(N=Cc3ccc(O)c(OCC)c3)CC2)ccc1O | UCB=0.9521 | mu=0.3041 | std=0.9164 | f=0.3129
2025-10-11 10:24:07,811 - INFO - Round 33 done in 105.77s; train size=180
2025-10-11 10:24:07,811 - INFO - 
--- Round 34 | trial=3 | sqrt_beta=0.7071 (beta=0.5000) | rho=0.75 | train size=180 ---
2025-10-11 10:25:59,378 - INFO - [round 34] pick 1/5: COc1ccc(C(=O)c2ccc3n2CCCC3C(=O)O)cc1 | UCB=0.9784 | mu=0.3901 | std=0.8319 | f=0.3956
2025-10-11 10:25:59,547 - INFO - [round 34] pick 2/5: CCOC(=O)C1CCN(C(c2cccc(F)c2)c2c(O)cc(C)n(CCOC)c2=O)CC1 | UCB=0.974 | mu=0.362 | std=0.8654 | f=0.4303
2025-10-11 10:25:59,719 - INFO - [round 34] pick 3/5: CCCCCCCN(C(=O)Nc1ccccc1C)C1Cc2ccc(SC(C)(C)C(=O)O)cc2C1 | UCB=0.97 | mu=0.3579 | std=0.8656 | f=0.3701
2025-10-11 10:25:59,892 - INFO - [round 34] pick 4/5: CCOC(=O)N1CCC(NC(=O)c2cnn(-c3ccc(C)cc3C)c2C2CCN(C(=O)OC(C)(C)C)CC2)CC1 | UCB=0.9672 | mu=0.3563 | std=0.864 | f=0.4354
2025-10-11 10:26:00,067 - INFO - [round 34] pick 5/5: CCOc1ccccc1OCCNCC(O)COc1cccc2c1CC(O)C(O)C2 | UCB=0.9486 | mu=0.3022 | std=0.9142 | f=0.3129
2025-10-11 10:26:00,245 - INFO - Round 34 done in 112.43s; train size=185
2025-10-11 10:26:00,245 - INFO - 
--- Round 35 | trial=3 | sqrt_beta=0.7071 (beta=0.5000) | rho=0.75 | train size=185 ---
2025-10-11 10:27:54,939 - INFO - [round 35] pick 1/5: CCOC(=O)N1CCC(N2Cc3cccc(C(=O)O)c3C2=O)CC1 | UCB=0.9818 | mu=0.3746 | std=0.8587 | f=0.173
2025-10-11 10:27:55,117 - INFO - [round 35] pick 2/5: CC(C)(C)OC(=O)N1Cc2cc(OCC(=O)NO)ccc2CC1C(=O)Nc1ccc(F)cc1 | UCB=0.9763 | mu=0.3811 | std=0.8418 | f=0.3859
2025-10-11 10:27:55,297 - INFO - [round 35] pick 3/5: CCCc1cc(C(=O)NC(Cc2ccccc2)C(O)CNC2CCOCC2)c(F)c(N2CCCCS2(=O)=O)c1 | UCB=0.9672 | mu=0.3525 | std=0.8694 | f=0.4082
2025-10-11 10:27:55,480 - INFO - [round 35] pick 4/5: CCON=C(c1ccc(Br)cc1)C1CCN(C(CC)CCNC(=O)c2c(C)cc[n+]([O-])c2C)CC1 | UCB=0.965 | mu=0.3361 | std=0.8893 | f=0.4167
2025-10-11 10:27:55,664 - INFO - [round 35] pick 5/5: COC(=O)C(Cc1ccc(O)c(O)c1)NC(=O)Cc1ccc(O)c(O)c1 | UCB=0.9549 | mu=0.339 | std=0.8711 | f=0.3437
2025-10-11 10:27:55,850 - INFO - Round 35 done in 115.61s; train size=190
2025-10-11 10:27:55,851 - INFO - 
--- Round 36 | trial=3 | sqrt_beta=0.7071 (beta=0.5000) | rho=0.75 | train size=190 ---
2025-10-11 10:29:49,165 - INFO - [round 36] pick 1/5: CCOC(=O)c1cc(-c2ccc(OC)cc2)n(CCC(=O)NC2CCC(C)CC2)c1C | UCB=0.9815 | mu=0.3819 | std=0.848 | f=0.454
2025-10-11 10:29:49,354 - INFO - [round 36] pick 2/5: CC(=O)c1ccc(N2CCN(C(=O)CN3CCC(C(=O)Nc4ccc(O)c(F)c4)C3)CC2)cc1 | UCB=0.9742 | mu=0.3743 | std=0.8484 | f=0.3793
2025-10-11 10:29:49,544 - INFO - [round 36] pick 3/5: COc1cc2ccc(S(=O)(=O)NC(CCCN=C(N)N)C(=O)N3CCC(c4ccccc4)CC3C(=O)O)cc2cc1OC | UCB=0.9717 | mu=0.3901 | std=0.8225 | f=0.165
2025-10-11 10:29:49,737 - INFO - [round 36] pick 4/5: CC(C)(C)CC(c1ccc(CC(=O)O)cc1-c1ccc(C(F)(F)F)cc1)N1CCC(C(F)(F)F)CC1 | UCB=0.9727 | mu=0.3399 | std=0.8949 | f=0.3571
2025-10-11 10:29:49,931 - INFO - [round 36] pick 5/5: CCCN(CCC)C(=O)c1cc(C)cc(C(=O)NC(Cc2cc(F)cc(F)c2)C(O)C2CC(OC(C)C)CCN2)c1 | UCB=0.9502 | mu=0.3185 | std=0.8934 | f=0.4237
2025-10-11 10:29:50,133 - INFO - Round 36 done in 114.28s; train size=195
2025-10-11 10:29:50,133 - INFO - 
--- Round 37 | trial=3 | sqrt_beta=0.7071 (beta=0.5000) | rho=0.75 | train size=195 ---
2025-10-11 10:31:48,723 - INFO - [round 37] pick 1/5: COc1ccc(CN(C(=O)Nc2cc(C)ccc2C)C2CCN(C(C)=O)CC2)cc1 | UCB=0.9771 | mu=0.3989 | std=0.8176 | f=0.3849
2025-10-11 10:31:48,922 - INFO - [round 37] pick 2/5: CCOc1ccc(C(C)=O)cc1COC(=O)c1cc([N+](=O)[O-])ccc1N1CCOCC1 | UCB=0.9756 | mu=0.3707 | std=0.8555 | f=0.3807
2025-10-11 10:31:49,124 - INFO - [round 37] pick 3/5: CCOC(=O)C=CC(=O)Nc1ccccc1CCN1CCC23CCCCC2C1Cc1ccc(O)cc13 | UCB=0.971 | mu=0.3428 | std=0.8884 | f=0.4549
2025-10-11 10:31:49,327 - INFO - [round 37] pick 4/5: CCCC(NC1CCc2cc(F)cc(F)c2C1)C(=O)Nc1cn(C(C)(C)CNCC(F)(F)F)cn1 | UCB=0.9406 | mu=0.3229 | std=0.8736 | f=0.3997
2025-10-11 10:31:49,532 - INFO - [round 37] pick 5/5: CCCCCCCCC(=O)N1CCCC1C(=O)NC(Cc1ccc(O)cc1)C(N)=O | UCB=0.9606 | mu=0.3866 | std=0.8117 | f=0.169
2025-10-11 10:31:49,740 - INFO - Round 37 done in 119.61s; train size=200
2025-10-11 10:31:49,740 - INFO - 
--- Round 38 | trial=3 | sqrt_beta=0.7071 (beta=0.5000) | rho=0.75 | train size=200 ---
2025-10-11 10:33:52,884 - INFO - [round 38] pick 1/5: CCc1nc2c(cc1NC(=O)c1ccccc1)c(OCC(F)(F)F)c(C(=O)NC1CCN(C(=O)CO)CC1)n2C | UCB=0.9754 | mu=0.3611 | std=0.8688 | f=0.1502
2025-10-11 10:33:53,093 - INFO - [round 38] pick 2/5: CCCN(CCC)C1CCc2cc(CN(C(C)=O)c3ccc(OC)cc3)ccc2C1 | UCB=0.9707 | mu=0.3593 | std=0.8645 | f=0.3612
2025-10-11 10:33:53,304 - INFO - [round 38] pick 3/5: Cc1ccccc1OCC(=O)OCC(=O)c1cc(C)n(C2CC2)c1C | UCB=0.971 | mu=0.3582 | std=0.8667 | f=0.3963
2025-10-11 10:33:53,518 - INFO - [round 38] pick 4/5: CCc1cc(CN2CCC(C(O)=NC(C)(C)C)CC2)cc(N=C(O)c2cncc(C)c2)c1 | UCB=0.9558 | mu=0.3147 | std=0.9067 | f=0.356
2025-10-11 10:33:53,733 - INFO - [round 38] pick 5/5: COC(=O)C(Cc1ccc(OP(=O)(Oc2ccc(CC(NC(C)=O)C(=O)OC)cc2)C2CCCN2C(=O)C2CCCN2)cc1)NC(C)=O | UCB=0.9565 | mu=0.3436 | std=0.8668 | f=0.4301
2025-10-11 10:33:53,950 - INFO - Round 38 done in 124.21s; train size=205
2025-10-11 10:33:53,950 - INFO - 
--- Round 39 | trial=3 | sqrt_beta=0.7071 (beta=0.5000) | rho=0.75 | train size=205 ---
2025-10-11 10:35:57,924 - INFO - [round 39] pick 1/5: CCC1CN(C(=O)N2CCC(C(=O)NCc3ccc(OC)cc3OC)CC2)c2cc(C)ccc2O1 | UCB=0.9753 | mu=0.3687 | std=0.8578 | f=0.4054
2025-10-11 10:35:58,147 - INFO - [round 39] pick 2/5: O=C(CCc1ccc(F)cc1)c1cc(F)ccc1OCC(O)CC1CCCC1 | UCB=0.9686 | mu=0.3748 | std=0.8398 | f=0.3907
2025-10-11 10:35:58,372 - INFO - [round 39] pick 3/5: CCOC(=O)c1cc(C2CCN(c3ccccc3)C2=O)c(C(=O)C=C(C)O)[nH]1 | UCB=0.9588 | mu=0.3443 | std=0.869 | f=0.4272
2025-10-11 10:35:58,596 - INFO - [round 39] pick 4/5: CCOP(=O)(OCC)C(CNc1ccc(NC(=S)NC(=O)C2(C)CCCC3(C)c4ccc(C(C)C)cc4CCC23)cc1)P(=O)(OCC)OCC | UCB=0.9465 | mu=0.2976 | std=0.9177 | f=0.3933
2025-10-11 10:35:58,821 - INFO - [round 39] pick 5/5: COC(=O)c1ccccc1N1CCN(C(=O)NC(Cc2cc(C)c3[nH]ncc3c2)C(=O)N2CCC(N3CCCCC3)CC2)CC1 | UCB=0.9577 | mu=0.3424 | std=0.8703 | f=0.148
2025-10-11 10:35:59,049 - INFO - Round 39 done in 125.10s; train size=210
