2025-10-15 22:11:06,826 - INFO - 
--- Round 0 | trial=8 | sqrt_beta=1.0000 (beta=1.0000) | rho=0.50 | train size=10 ---
2025-10-15 22:11:18,070 - INFO - [round 0] pick 1/5: Cc1nc2ccc(NC(=O)c3ccco3)cc2nc1C | UCB=1.149 | mu=0.2158 | std=0.9332 | f=0.4065
2025-10-15 22:11:18,071 - INFO - [round 0] pick 2/5: CCC(Nc1cccc(OC)c1)C(=O)NCc1ccc2[nH]c(=O)[nH]c2c1 | UCB=1.14 | mu=0.2164 | std=0.9234 | f=0.4454
2025-10-15 22:11:18,072 - INFO - [round 0] pick 3/5: Cc1cc(Nc2ccc(Cl)cc2Cl)n2ncnc2n1 | UCB=1.138 | mu=0.194 | std=0.9437 | f=0.3862
2025-10-15 22:11:18,073 - INFO - [round 0] pick 4/5: Cn1c(SCC(=O)c2cccs2)nnc1-c1ccco1 | UCB=1.135 | mu=0.1927 | std=0.9419 | f=0.3796
2025-10-15 22:11:18,074 - INFO - [round 0] pick 5/5: NCCc1c[nH]c2ccc(N)cc12 | UCB=1.11 | mu=0.1394 | std=0.9709 | f=0.1486
2025-10-15 22:11:18,075 - INFO - Round 0 done in 11.25s; train size=15
2025-10-15 22:11:18,075 - INFO - 
--- Round 1 | trial=8 | sqrt_beta=1.0000 (beta=1.0000) | rho=0.50 | train size=15 ---
2025-10-15 22:11:32,099 - INFO - [round 1] pick 1/5: COc1cccc(C(=O)Nc2cc(C)cc(C)n2)c1 | UCB=1.194 | mu=0.286 | std=0.9082 | f=0.1615
2025-10-15 22:11:32,100 - INFO - [round 1] pick 2/5: Cc1ccc(NC(=O)CSc2nnc(CNC(=O)c3ccco3)o2)cc1Cl | UCB=1.188 | mu=0.2784 | std=0.9099 | f=0.4507
2025-10-15 22:11:32,102 - INFO - [round 1] pick 3/5: CC(C)N(Cc1nc(-c2ccc(Cl)cc2)no1)C(=O)c1cccs1 | UCB=1.176 | mu=0.2497 | std=0.9267 | f=0.4
2025-10-15 22:11:32,104 - INFO - [round 1] pick 4/5: Cn1c(=O)c2nc(-c3ccco3)[nH]c2n(C)c1=S | UCB=1.156 | mu=0.2079 | std=0.9478 | f=0.366
2025-10-15 22:11:32,105 - INFO - [round 1] pick 5/5: CC(Nc1c(-c2ccc(F)cc2F)c(Cl)nc2ncnn12)C(F)(F)F | UCB=1.149 | mu=0.2089 | std=0.9401 | f=0.3397
2025-10-15 22:11:32,107 - INFO - Round 1 done in 14.03s; train size=20
2025-10-15 22:11:32,107 - INFO - 
--- Round 2 | trial=8 | sqrt_beta=1.0000 (beta=1.0000) | rho=0.50 | train size=20 ---
2025-10-15 22:11:49,582 - INFO - [round 2] pick 1/5: O=C(Cn1nc(-c2ccco2)ccc1=O)Nc1ccc(Cl)c(Cl)c1 | UCB=1.213 | mu=0.3097 | std=0.9035 | f=0.4115
2025-10-15 22:11:49,585 - INFO - [round 2] pick 2/5: Cc1nc2nc(C(=O)NCc3ncco3)cn2c(-c2ccc(Cl)cc2Cl)c1CN | UCB=1.208 | mu=0.2872 | std=0.9206 | f=0.1551
2025-10-15 22:11:49,587 - INFO - [round 2] pick 3/5: Cc1nc2cc(NC(=O)CSc3nnc(C)s3)ccc2[nH]1 | UCB=1.197 | mu=0.2754 | std=0.9214 | f=0.4013
2025-10-15 22:11:49,590 - INFO - [round 2] pick 4/5: COCC(NC(=O)NCc1ccc(C)c(F)c1)c1ccco1 | UCB=1.199 | mu=0.2824 | std=0.9167 | f=0.1552
2025-10-15 22:11:49,592 - INFO - [round 2] pick 5/5: Cn1c(=O)nc2[nH]nc(-c3cccs3)nc-2c1=O | UCB=1.171 | mu=0.224 | std=0.9468 | f=0.3643
2025-10-15 22:11:49,595 - INFO - Round 2 done in 17.49s; train size=25
2025-10-15 22:11:49,595 - INFO - 
--- Round 3 | trial=8 | sqrt_beta=1.0000 (beta=1.0000) | rho=0.50 | train size=25 ---
2025-10-15 22:12:09,518 - INFO - [round 3] pick 1/5: O=C(CSc1nccc(-c2cccs2)n1)Nc1ccc(F)c(Cl)c1 | UCB=1.223 | mu=0.3354 | std=0.8878 | f=0.3984
2025-10-15 22:12:09,521 - INFO - [round 3] pick 2/5: Cc1[nH]c2nc(CNc3cccc(Cl)c3)nn2c(=O)c1C | UCB=1.205 | mu=0.2854 | std=0.9201 | f=0.4273
2025-10-15 22:12:09,525 - INFO - [round 3] pick 3/5: Cc1noc(C)c1CSc1nnc(-c2ccco2)o1 | UCB=1.188 | mu=0.2646 | std=0.9234 | f=0.3581
2025-10-15 22:12:09,528 - INFO - [round 3] pick 4/5: CC(C)c1nc2cc(NC(=O)Cn3ccc(=O)[nH]c3=O)ccc2o1 | UCB=1.212 | mu=0.2983 | std=0.9132 | f=0.4016
2025-10-15 22:12:09,532 - INFO - [round 3] pick 5/5: CN1C(=O)C(=Cc2ccc(OC(=O)c3ccco3)cc2)SC1=S | UCB=1.188 | mu=0.2667 | std=0.9212 | f=0.4049
2025-10-15 22:12:09,536 - INFO - Round 3 done in 19.94s; train size=30
2025-10-15 22:12:09,537 - INFO - 
--- Round 4 | trial=8 | sqrt_beta=1.0000 (beta=1.0000) | rho=0.50 | train size=30 ---
2025-10-15 22:12:32,142 - INFO - [round 4] pick 1/5: COc1ccc(NC(=O)CSc2nc(-c3ccco3)nc3cc(=O)[nH]n23)cc1 | UCB=1.236 | mu=0.3624 | std=0.8738 | f=0.148
2025-10-15 22:12:32,147 - INFO - [round 4] pick 2/5: CCn1c(=O)c2sccc2n(CC(=O)Nc2cccc(Cl)c2)c1=O | UCB=1.231 | mu=0.3311 | std=0.8995 | f=0.436
2025-10-15 22:12:32,151 - INFO - [round 4] pick 3/5: Cc1noc(-c2cc3cc(Cl)ccc3[nH]2)n1 | UCB=1.208 | mu=0.2939 | std=0.9143 | f=0.4005
2025-10-15 22:12:32,157 - INFO - [round 4] pick 4/5: O=c1[nH]c(=S)[nH]c2nc(-c3ccc(F)cc3)nn12 | UCB=1.204 | mu=0.2678 | std=0.936 | f=0.3504
2025-10-15 22:12:32,162 - INFO - [round 4] pick 5/5: CCC(Nc1nc(C)nc2onc(C)c12)c1cccs1 | UCB=1.194 | mu=0.2616 | std=0.9323 | f=0.3812
2025-10-15 22:12:32,168 - INFO - Round 4 done in 22.63s; train size=35
2025-10-15 22:12:32,168 - INFO - 
--- Round 5 | trial=8 | sqrt_beta=1.0000 (beta=1.0000) | rho=0.50 | train size=35 ---
2025-10-15 22:12:57,068 - INFO - [round 5] pick 1/5: CN1C(=O)C(C)(c2cccc(NC(=O)c3ccc(Cl)cn3)c2)N=C1N | UCB=1.228 | mu=0.3285 | std=0.8994 | f=0.4212
2025-10-15 22:12:57,074 - INFO - [round 5] pick 2/5: CC(O)(c1nc2cc(Cl)c(Cl)cc2[nH]1)c1cccs1 | UCB=1.222 | mu=0.2944 | std=0.9272 | f=0.3879
2025-10-15 22:12:57,080 - INFO - [round 5] pick 3/5: Cc1nnc(NC(=O)Cn2nc(C)c3ccccc3c2=O)s1 | UCB=1.219 | mu=0.3119 | std=0.9074 | f=0.4568
2025-10-15 22:12:57,087 - INFO - [round 5] pick 4/5: CCc1nc(CNc2ccc(F)c(F)c2)no1 | UCB=1.2 | mu=0.2691 | std=0.9305 | f=0.1306
2025-10-15 22:12:57,094 - INFO - [round 5] pick 5/5: Cc1[nH]nc2c1c(=O)[nH]c1cccc(Cl)c12 | UCB=1.214 | mu=0.2794 | std=0.9344 | f=0.4428
2025-10-15 22:12:57,101 - INFO - Round 5 done in 24.93s; train size=40
2025-10-15 22:12:57,101 - INFO - 
--- Round 6 | trial=8 | sqrt_beta=1.0000 (beta=1.0000) | rho=0.50 | train size=40 ---
2025-10-15 22:13:25,179 - INFO - [round 6] pick 1/5: Cc1cc(C)c2c(=O)n(CC(=O)Nc3cccc(F)c3)sc2n1 | UCB=1.242 | mu=0.3619 | std=0.8806 | f=0.4183
2025-10-15 22:13:25,188 - INFO - [round 6] pick 2/5: CC(C)c1ncc2c(=O)[nH]c3cc(Cl)ccc3n12 | UCB=1.236 | mu=0.3229 | std=0.9127 | f=0.4064
2025-10-15 22:13:25,196 - INFO - [round 6] pick 3/5: O=C(O)c1nc2ccsc2c2[nH]c3c(Cl)cccc3c12 | UCB=1.237 | mu=0.3158 | std=0.9214 | f=0.1586
2025-10-15 22:13:25,205 - INFO - [round 6] pick 4/5: Cc1nn(-c2ccc(-c3nnc(S)o3)cc2)c(=O)n1N | UCB=1.22 | mu=0.2922 | std=0.9282 | f=0.3698
2025-10-15 22:13:25,214 - INFO - [round 6] pick 5/5: Cc1nnc(NC(=O)c2sccc2S(=O)(=O)Nc2onc(C)c2Cl)s1 | UCB=1.215 | mu=0.2943 | std=0.9211 | f=0.375
2025-10-15 22:13:25,223 - INFO - Round 6 done in 28.12s; train size=45
2025-10-15 22:13:25,223 - INFO - 
--- Round 7 | trial=8 | sqrt_beta=1.0000 (beta=1.0000) | rho=0.50 | train size=45 ---
2025-10-15 22:13:55,785 - INFO - [round 7] pick 1/5: Cc1cc(=O)oc(C)c1C(=O)Nc1cccnc1Cl | UCB=1.246 | mu=0.3379 | std=0.9077 | f=0.1622
2025-10-15 22:13:55,795 - INFO - [round 7] pick 2/5: CCN(Cc1nc2c(cnn2C)c(=O)[nH]1)c1cccc(Cl)c1 | UCB=1.235 | mu=0.3298 | std=0.9054 | f=0.4336
2025-10-15 22:13:55,805 - INFO - [round 7] pick 3/5: Cc1nnc2sc(SCc3ccc([N+](=O)[O-])cc3)nn2c1=O | UCB=1.224 | mu=0.3016 | std=0.922 | f=0.3733
2025-10-15 22:13:55,816 - INFO - [round 7] pick 4/5: O=C1N=C(Nc2ccc(Cl)cc2)SC1=Cc1cccs1 | UCB=1.226 | mu=0.3164 | std=0.9093 | f=0.3667
2025-10-15 22:13:55,827 - INFO - [round 7] pick 5/5: Cc1c(Cl)c(C(F)(F)F)nn1CC(=O)Nc1cccc(C(F)(F)F)c1 | UCB=1.23 | mu=0.3286 | std=0.9016 | f=0.1483
2025-10-15 22:13:55,838 - INFO - Round 7 done in 30.61s; train size=50
2025-10-15 22:13:55,838 - INFO - 
--- Round 8 | trial=8 | sqrt_beta=1.0000 (beta=1.0000) | rho=0.50 | train size=50 ---
2025-10-15 22:14:30,415 - INFO - [round 8] pick 1/5: Cc1ccc(-n2c(C)nc3cc(Cl)ccc3c2=O)nc1 | UCB=1.237 | mu=0.3444 | std=0.8921 | f=0.3956
2025-10-15 22:14:30,427 - INFO - [round 8] pick 2/5: CC(C)c1nnc(NC(=O)CCN2C(=O)c3ccccc3C2=O)s1 | UCB=1.231 | mu=0.3271 | std=0.9038 | f=0.4472
2025-10-15 22:14:30,440 - INFO - [round 8] pick 3/5: Cn1c(=O)cc(NNc2ccc(Cl)c(Cl)c2)[nH]c1=O | UCB=1.233 | mu=0.3294 | std=0.9034 | f=0.1529
2025-10-15 22:14:30,453 - INFO - [round 8] pick 4/5: CSc1cc(-c2sc(-c3cccs3)nc2C)[nH]n1 | UCB=1.221 | mu=0.3102 | std=0.9109 | f=0.3763
2025-10-15 22:14:30,466 - INFO - [round 8] pick 5/5: Cc1ccc2[nH]c(=O)c(CN(Cc3cccs3)C(=O)c3ccco3)cc2c1 | UCB=1.227 | mu=0.3272 | std=0.9002 | f=0.1536
2025-10-15 22:14:30,480 - INFO - Round 8 done in 34.64s; train size=55
2025-10-15 22:14:30,480 - INFO - 
--- Round 9 | trial=8 | sqrt_beta=1.0000 (beta=1.0000) | rho=0.50 | train size=55 ---
2025-10-15 22:15:06,617 - INFO - [round 9] pick 1/5: CNc1nnc(Sc2cnn(-c3ccccc3)c(=O)c2Cl)s1 | UCB=1.24 | mu=0.3307 | std=0.9091 | f=0.4082
2025-10-15 22:15:06,631 - INFO - [round 9] pick 2/5: CC(C)Cc1ccc(C(C)c2nnc(Nc3cccc(Cl)c3)[nH]2)cc1 | UCB=1.236 | mu=0.3293 | std=0.9069 | f=0.3953
2025-10-15 22:15:06,646 - INFO - [round 9] pick 3/5: Cc1nc(-c2ccc3c(c2)CC(=O)N3C)cs1 | UCB=1.229 | mu=0.3085 | std=0.9202 | f=0.3831
2025-10-15 22:15:06,661 - INFO - [round 9] pick 4/5: CN(C)c1nc2c(c(=O)n(C)c(=O)n2C)n1CC(=O)c1cccs1 | UCB=1.219 | mu=0.3094 | std=0.9092 | f=0.393
2025-10-15 22:15:06,677 - INFO - [round 9] pick 5/5: Cc1nnc(N)nc1CC=CC(C)Sc1ccc(Cl)cc1 | UCB=1.226 | mu=0.301 | std=0.9246 | f=0.1437
2025-10-15 22:15:06,694 - INFO - Round 9 done in 36.21s; train size=60
2025-10-15 22:15:06,694 - INFO - 
--- Round 10 | trial=8 | sqrt_beta=1.0000 (beta=1.0000) | rho=0.50 | train size=60 ---
2025-10-15 22:15:46,586 - INFO - [round 10] pick 1/5: Cc1ccccc1N1CCn2c1nnc(-c1cccs1)c2=O | UCB=1.236 | mu=0.3321 | std=0.9034 | f=0.1452
2025-10-15 22:15:46,603 - INFO - [round 10] pick 2/5: CCc1nnc2c(NC(C)=O)nc3cc(Cl)ccc3n12 | UCB=1.235 | mu=0.3364 | std=0.8986 | f=0.4207
2025-10-15 22:15:46,620 - INFO - [round 10] pick 3/5: O=c1[nH]c2[nH]cnc2c(=O)n1Cc1cccc(Cl)c1 | UCB=1.232 | mu=0.333 | std=0.8995 | f=0.4119
2025-10-15 22:15:46,638 - INFO - [round 10] pick 4/5: Cc1nn(C)c(C)c1S(=O)(=O)N(CC(=O)Nc1nccs1)c1ccc(C(C)C)cc1 | UCB=1.229 | mu=0.3208 | std=0.9082 | f=0.3901
2025-10-15 22:15:46,657 - INFO - [round 10] pick 5/5: CC(C)C1SC(Nc2ccc3[nH]ncc3c2)=NC1=O | UCB=1.216 | mu=0.2923 | std=0.9232 | f=0.373
2025-10-15 22:15:46,676 - INFO - Round 10 done in 39.98s; train size=65
2025-10-15 22:15:46,676 - INFO - 
--- Round 11 | trial=8 | sqrt_beta=1.0000 (beta=1.0000) | rho=0.50 | train size=65 ---
2025-10-15 22:16:27,634 - INFO - [round 11] pick 1/5: CCc1nn2c(=O)c(S(=O)(=O)Nc3cccc(F)c3)c(C)nc2s1 | UCB=1.237 | mu=0.3508 | std=0.8861 | f=0.4032
2025-10-15 22:16:27,655 - INFO - [round 11] pick 2/5: CC(=O)N1N=C(c2nc(C(C)C)cs2)OC1c1cccc(Cl)c1Cl | UCB=1.234 | mu=0.3175 | std=0.9166 | f=0.4714
2025-10-15 22:16:27,675 - INFO - [round 11] pick 3/5: CCSc1nnc(NC(=S)Nc2ccnc3cc(Cl)ccc23)s1 | UCB=1.226 | mu=0.3244 | std=0.9019 | f=0.3795
2025-10-15 22:16:27,696 - INFO - [round 11] pick 4/5: Cc1ccc(-c2cnn3c(=O)[nH]c(=O)[nH]c23)cc1 | UCB=1.221 | mu=0.3208 | std=0.9 | f=0.3913
2025-10-15 22:16:27,718 - INFO - [round 11] pick 5/5: Cc1nn(C)c2sc3c(=O)[nH]cnc3c12 | UCB=1.213 | mu=0.2751 | std=0.938 | f=0.3349
2025-10-15 22:16:27,740 - INFO - Round 11 done in 41.06s; train size=70
2025-10-15 22:16:27,740 - INFO - 
--- Round 12 | trial=8 | sqrt_beta=1.0000 (beta=1.0000) | rho=0.50 | train size=70 ---
2025-10-15 22:17:12,763 - INFO - [round 12] pick 1/5: CC(=O)c1sc(Nc2ccc(C)c(Cl)c2)nc1C | UCB=1.245 | mu=0.3598 | std=0.8853 | f=0.1645
2025-10-15 22:17:12,786 - INFO - [round 12] pick 2/5: CC(C)(C)n1ncc2c(=O)n(Cc3cccc(Cl)c3Cl)cnc21 | UCB=1.243 | mu=0.3333 | std=0.9095 | f=0.4318
2025-10-15 22:17:12,810 - INFO - [round 12] pick 3/5: O=C(CC1SC(=O)NC1=O)Nc1nc(-c2ccc(I)cc2)cs1 | UCB=1.231 | mu=0.3156 | std=0.915 | f=0.4049
2025-10-15 22:17:12,834 - INFO - [round 12] pick 4/5: CC(C)n1nc(-c2cccc(S(N)(=O)=O)c2)c2c(N)ncnc21 | UCB=1.231 | mu=0.31 | std=0.9207 | f=0.3841
2025-10-15 22:17:12,859 - INFO - [round 12] pick 5/5: CCc1nnc(SCc2cccc(Cl)c2)c2cc3sccc3n12 | UCB=1.226 | mu=0.332 | std=0.8937 | f=0.1434
2025-10-15 22:17:12,885 - INFO - Round 12 done in 45.14s; train size=75
2025-10-15 22:17:12,885 - INFO - 
--- Round 13 | trial=8 | sqrt_beta=1.0000 (beta=1.0000) | rho=0.50 | train size=75 ---
2025-10-15 22:17:59,116 - INFO - [round 13] pick 1/5: Cc1cccc2cc3c(NC(=O)CC(C)C)nn(C)c3nc12 | UCB=1.247 | mu=0.3542 | std=0.8929 | f=0.4237
2025-10-15 22:17:59,143 - INFO - [round 13] pick 2/5: O=C(Cn1c(=O)ccn2nccc12)Nc1scc(Br)c1-c1ncn[nH]1 | UCB=1.237 | mu=0.3115 | std=0.9256 | f=0.1364
2025-10-15 22:17:59,170 - INFO - [round 13] pick 3/5: Cc1nnc(NS(=O)(=O)c2ccc(C3SC(=S)NC3=O)cc2)s1 | UCB=1.233 | mu=0.3363 | std=0.8969 | f=0.3946
2025-10-15 22:17:59,198 - INFO - [round 13] pick 4/5: CC(C)N(C)c1nc(-c2ccc(C(C)(C)O)nc2)cc2ncn(C)c(=O)c12 | UCB=1.237 | mu=0.3174 | std=0.9192 | f=0.3455
2025-10-15 22:17:59,226 - INFO - [round 13] pick 5/5: CCCn1c(=O)c2[nH]c(-c3cn[nH]c3)nc2n(CC)c1=O | UCB=1.216 | mu=0.2825 | std=0.9333 | f=0.378
2025-10-15 22:17:59,255 - INFO - Round 13 done in 46.37s; train size=80
2025-10-15 22:17:59,255 - INFO - 
--- Round 14 | trial=8 | sqrt_beta=1.0000 (beta=1.0000) | rho=0.50 | train size=80 ---
2025-10-15 22:18:49,820 - INFO - [round 14] pick 1/5: CC(C)NC(=O)c1cc(-c2ccc(S(C)(=O)=O)cc2)c2cnn(C)c2n1 | UCB=1.244 | mu=0.3611 | std=0.883 | f=0.3838
2025-10-15 22:18:49,850 - INFO - [round 14] pick 2/5: CCn1c2nc(=O)[nH]c(=O)c-2nc2ccccc21 | UCB=1.238 | mu=0.3384 | std=0.8998 | f=0.4556
2025-10-15 22:18:49,881 - INFO - [round 14] pick 3/5: CC(C)n1cnc2c(Nc3cccc(Br)c3)nc(I)nc21 | UCB=1.241 | mu=0.3335 | std=0.9076 | f=0.3521
2025-10-15 22:18:49,912 - INFO - [round 14] pick 4/5: Cc1c(Cl)cnc(NC(=O)COC(=O)c2ccc([N+](=O)[O-])s2)c1Cl | UCB=1.216 | mu=0.2922 | std=0.9234 | f=0.1742
2025-10-15 22:18:49,944 - INFO - [round 14] pick 5/5: CC(C)c1ccc(C=C2C(=O)NC(=S)NC2=O)cc1 | UCB=1.235 | mu=0.3257 | std=0.9092 | f=0.1481
2025-10-15 22:18:49,977 - INFO - Round 14 done in 50.72s; train size=85
2025-10-15 22:18:49,977 - INFO - 
--- Round 15 | trial=8 | sqrt_beta=1.0000 (beta=1.0000) | rho=0.50 | train size=85 ---
2025-10-15 22:19:41,802 - INFO - [round 15] pick 1/5: CCn1nc(-c2cccc(Cl)c2)nc2c(=O)n(C)c(=O)nc1-2 | UCB=1.245 | mu=0.382 | std=0.863 | f=0.4237
2025-10-15 22:19:41,836 - INFO - [round 15] pick 2/5: CCN(CC)S(=O)(=O)c1ccc(-c2nnc(SCC(=O)Nc3nc(C)cs3)o2)cc1 | UCB=1.232 | mu=0.3548 | std=0.8776 | f=0.4185
2025-10-15 22:19:41,871 - INFO - [round 15] pick 3/5: CN(C)c1nc2nc3ccccc3nc2c(=O)[nH]1 | UCB=1.239 | mu=0.3376 | std=0.9011 | f=0.4303
2025-10-15 22:19:41,906 - INFO - [round 15] pick 4/5: O=c1[nH]c2cncnc2n1-c1ccc2c(c1)OCO2 | UCB=1.22 | mu=0.2909 | std=0.9295 | f=0.1262
2025-10-15 22:19:41,942 - INFO - [round 15] pick 5/5: Cc1cc(NC(=O)C(C)C)n(-c2nc(C)c(C)c(=O)[nH]2)n1 | UCB=1.224 | mu=0.3086 | std=0.9151 | f=0.136
2025-10-15 22:19:41,978 - INFO - Round 15 done in 52.00s; train size=90
2025-10-15 22:19:41,978 - INFO - 
--- Round 16 | trial=8 | sqrt_beta=1.0000 (beta=1.0000) | rho=0.50 | train size=90 ---
2025-10-15 22:20:38,732 - INFO - [round 16] pick 1/5: CCN1c2cccnc2N(C)C(=O)c2ccc(C)nc21 | UCB=1.24 | mu=0.3377 | std=0.9021 | f=0.4207
2025-10-15 22:20:38,770 - INFO - [round 16] pick 2/5: CC(C)c1cc(O)n2nc(SCc3ccccc3Cl)nc2n1 | UCB=1.238 | mu=0.3373 | std=0.9005 | f=0.4453
2025-10-15 22:20:38,809 - INFO - [round 16] pick 3/5: CCN(CC)S(=O)(=O)c1ccc2c3c(cccc13)C(=O)S2 | UCB=1.234 | mu=0.3274 | std=0.9067 | f=0.417
2025-10-15 22:20:38,848 - INFO - [round 16] pick 4/5: CNC(=O)c1n[nH]c2c1C(c1cccc3nsnc13)CC(=O)N2 | UCB=1.212 | mu=0.2806 | std=0.9314 | f=0.1569
2025-10-15 22:20:38,889 - INFO - [round 16] pick 5/5: N#CCn1ncn(-c2nc(-c3ccsc3)cs2)c1=O | UCB=1.204 | mu=0.2635 | std=0.9405 | f=0.3015
2025-10-15 22:20:38,930 - INFO - Round 16 done in 56.95s; train size=95
2025-10-15 22:20:38,930 - INFO - 
--- Round 17 | trial=8 | sqrt_beta=1.0000 (beta=1.0000) | rho=0.50 | train size=95 ---
2025-10-15 22:21:38,454 - INFO - [round 17] pick 1/5: CCCn1c(=O)nc2oc3ccccc3cc-2c1=O | UCB=1.248 | mu=0.3537 | std=0.8943 | f=0.4493
2025-10-15 22:21:38,497 - INFO - [round 17] pick 2/5: CN(C)c1nc(Cl)nc2c1ncn2Cc1ccc(N)cc1 | UCB=1.244 | mu=0.339 | std=0.9046 | f=0.3906
2025-10-15 22:21:38,540 - INFO - [round 17] pick 3/5: Cc1nnc2ccc(-c3cccc(NS(C)(=O)=O)c3)nn12 | UCB=1.24 | mu=0.3524 | std=0.888 | f=0.378
2025-10-15 22:21:38,583 - INFO - [round 17] pick 4/5: CC(C)Sc1nc(Cc2c(F)cccc2Cl)cc(=O)[nH]1 | UCB=1.239 | mu=0.3485 | std=0.8904 | f=0.1645
2025-10-15 22:21:38,628 - INFO - [round 17] pick 5/5: Cn1nc(-c2cccc(-c3nn(C)c(=NCCO)s3)n2)sc1=NCCO | UCB=1.213 | mu=0.2669 | std=0.9461 | f=0.3679
2025-10-15 22:21:38,674 - INFO - Round 17 done in 59.74s; train size=100
2025-10-15 22:21:38,674 - INFO - 
--- Round 18 | trial=8 | sqrt_beta=1.0000 (beta=1.0000) | rho=0.50 | train size=100 ---
2025-10-15 22:22:41,364 - INFO - [round 18] pick 1/5: Cc1nn2c3ccccc3nc2n(C)c1=O | UCB=1.249 | mu=0.3755 | std=0.8738 | f=0.4295
2025-10-15 22:22:41,411 - INFO - [round 18] pick 2/5: CCn1c(-c2ccc(P(=O)(O)O)o2)nc2c(N)cccc21 | UCB=1.246 | mu=0.3345 | std=0.9112 | f=0.3922
2025-10-15 22:22:41,458 - INFO - [round 18] pick 3/5: CN(C)c1ncc2nc(-c3cccc(C#N)c3)c(=O)n(CCC#N)c2n1 | UCB=1.243 | mu=0.3376 | std=0.9058 | f=0.3693
2025-10-15 22:22:41,507 - INFO - [round 18] pick 4/5: CCCCC(=O)Nc1nnc(S(=O)(=O)N(C)Cc2ccc(Cl)cc2)s1 | UCB=1.22 | mu=0.3319 | std=0.8881 | f=0.1591
2025-10-15 22:22:41,555 - INFO - [round 18] pick 5/5: CC(C)(C)c1ccc(-c2cc3nc(SCc4[nH]c(=O)[nH]c(=O)c4Cl)[nH]c(=O)n3n2)cc1 | UCB=1.225 | mu=0.3148 | std=0.9106 | f=0.1415
2025-10-15 22:22:41,605 - INFO - Round 18 done in 62.93s; train size=105
2025-10-15 22:22:41,606 - INFO - 
--- Round 19 | trial=8 | sqrt_beta=1.0000 (beta=1.0000) | rho=0.50 | train size=105 ---
2025-10-15 22:23:44,085 - INFO - [round 19] pick 1/5: Cc1ncc2c(n1)C(=O)c1ccccc1-2 | UCB=1.256 | mu=0.366 | std=0.8903 | f=0.4337
2025-10-15 22:23:44,137 - INFO - [round 19] pick 2/5: CN(C)CCNC(=O)c1cccc2nc3ccc4cnn(C)c4c3nc12 | UCB=1.238 | mu=0.3356 | std=0.9023 | f=0.1479
2025-10-15 22:23:44,194 - INFO - [round 19] pick 3/5: CCCn1c(=S)sc2c1ncn1nc(-c3ccco3)nc21 | UCB=1.229 | mu=0.3284 | std=0.9009 | f=0.1332
2025-10-15 22:23:44,248 - INFO - [round 19] pick 4/5: Cn1c(N)c(S(=O)(=O)NCc2ccccc2Cl)c(=O)n(C)c1=O | UCB=1.233 | mu=0.346 | std=0.8869 | f=0.1772
2025-10-15 22:23:44,303 - INFO - [round 19] pick 5/5: Cc1ncc([N+](=O)[O-])n1Cc1nnc(-c2cccc(F)c2)o1 | UCB=1.238 | mu=0.3407 | std=0.8976 | f=0.3733
2025-10-15 22:23:44,357 - INFO - Round 19 done in 62.75s; train size=110
2025-10-15 22:23:44,357 - INFO - 
--- Round 20 | trial=8 | sqrt_beta=1.0000 (beta=1.0000) | rho=0.50 | train size=110 ---
2025-10-15 22:24:52,380 - INFO - [round 20] pick 1/5: Cc1c(-c2ccccc2)c(C#N)c2nnn(C)c(=O)n12 | UCB=1.243 | mu=0.349 | std=0.8943 | f=0.4207
2025-10-15 22:24:52,436 - INFO - [round 20] pick 2/5: Cc1[nH]cnc1Cn1cccc(-c2ccsc2)c1=O | UCB=1.238 | mu=0.3341 | std=0.9039 | f=0.3845
2025-10-15 22:24:52,494 - INFO - [round 20] pick 3/5: CCC(C)Nc1nc(C)nc2c1oc1ccccc12 | UCB=1.24 | mu=0.3476 | std=0.892 | f=0.4493
2025-10-15 22:24:52,552 - INFO - [round 20] pick 4/5: CC(C)=CCn1c2cc(=O)ccc-2nc2c(C(N)=O)cccc21 | UCB=1.23 | mu=0.3317 | std=0.8987 | f=0.43
2025-10-15 22:24:52,611 - INFO - [round 20] pick 5/5: CCN1C(=O)C(O)(Cc2nnn[nH]2)c2cc(Cl)ccc21 | UCB=1.207 | mu=0.2921 | std=0.9153 | f=0.3956
2025-10-15 22:24:52,671 - INFO - Round 20 done in 68.31s; train size=115
2025-10-15 22:24:52,671 - INFO - 
--- Round 21 | trial=8 | sqrt_beta=1.0000 (beta=1.0000) | rho=0.50 | train size=115 ---
2025-10-15 22:26:00,310 - INFO - [round 21] pick 1/5: CC(C)Cn1c(=O)c2ncn(C)c2c2ccccc21 | UCB=1.25 | mu=0.3696 | std=0.8802 | f=0.4264
2025-10-15 22:26:00,372 - INFO - [round 21] pick 2/5: Cc1nc2ccccc2cc1-c1csc(N)n1 | UCB=1.245 | mu=0.3632 | std=0.8821 | f=0.4214
2025-10-15 22:26:00,434 - INFO - [round 21] pick 3/5: CCn1nnnc1-c1cccc(NCc2nc(C)ccc2O)c1 | UCB=1.234 | mu=0.3426 | std=0.8914 | f=0.3914
2025-10-15 22:26:00,498 - INFO - [round 21] pick 4/5: C=C1C(C)=C(C#N)C(=O)N1c1cccc(Cl)c1 | UCB=1.231 | mu=0.3379 | std=0.8927 | f=0.1523
2025-10-15 22:26:00,562 - INFO - [round 21] pick 5/5: Cc1csc2nc3[nH]ncc3c(=O)n12 | UCB=1.211 | mu=0.2832 | std=0.9273 | f=0.3221
2025-10-15 22:26:00,627 - INFO - Round 21 done in 67.96s; train size=120
2025-10-15 22:26:00,627 - INFO - 
--- Round 22 | trial=8 | sqrt_beta=1.0000 (beta=1.0000) | rho=0.50 | train size=120 ---
2025-10-15 22:27:10,723 - INFO - [round 22] pick 1/5: CCC(=O)Nc1cccc(-c2nc3ccccc3c(=O)o2)c1 | UCB=1.251 | mu=0.3905 | std=0.8604 | f=0.4434
2025-10-15 22:27:10,790 - INFO - [round 22] pick 2/5: CN(C)c1ncnc2c1Cc1ccccc1C(=O)N2C | UCB=1.242 | mu=0.3539 | std=0.888 | f=0.4207
2025-10-15 22:27:10,858 - INFO - [round 22] pick 3/5: CCn1c(=O)c2cc(OC)ccc2n2c(S)nnc12 | UCB=1.238 | mu=0.3377 | std=0.9001 | f=0.4009
2025-10-15 22:27:10,926 - INFO - [round 22] pick 4/5: CC(N)c1csc(Nc2nncc3ccccc23)n1 | UCB=1.242 | mu=0.3446 | std=0.8977 | f=0.3845
2025-10-15 22:27:10,996 - INFO - [round 22] pick 5/5: CNc1nc(C)nc2c(Cc3ccco3)cnn12 | UCB=1.221 | mu=0.3147 | std=0.9066 | f=0.3627
2025-10-15 22:27:11,067 - INFO - Round 22 done in 70.44s; train size=125
2025-10-15 22:27:11,067 - INFO - 
--- Round 23 | trial=8 | sqrt_beta=1.0000 (beta=1.0000) | rho=0.50 | train size=125 ---
2025-10-15 22:28:26,435 - INFO - [round 23] pick 1/5: CC(C)(C)n1nnc(-c2coc3ccccc3c2=O)n1 | UCB=1.255 | mu=0.3608 | std=0.8937 | f=0.4082
2025-10-15 22:28:26,508 - INFO - [round 23] pick 2/5: CCn1c(=O)ccc2cnc(Nc3cccc(OC)c3)nc21 | UCB=1.246 | mu=0.3935 | std=0.8528 | f=0.4082
2025-10-15 22:28:26,581 - INFO - [round 23] pick 3/5: CCN1c2nc(-c3ccccc3)c(Cl)nc2C(N)=NS1(=O)=O | UCB=1.247 | mu=0.3574 | std=0.8892 | f=0.4588
2025-10-15 22:28:26,655 - INFO - [round 23] pick 4/5: Cc1ccc2c(n1)sc1c(S)nnnc12 | UCB=1.214 | mu=0.2921 | std=0.9216 | f=0.3333
2025-10-15 22:28:26,731 - INFO - [round 23] pick 5/5: CC(O)C1C(=O)N2C(C(=O)O)=C(Sc3nc(-c4cc[n+](CC(N)=O)cc4)cs3)C(C)C12 | UCB=1.21 | mu=0.281 | std=0.9289 | f=0.1496
2025-10-15 22:28:26,808 - INFO - Round 23 done in 75.74s; train size=130
2025-10-15 22:28:26,808 - INFO - 
--- Round 24 | trial=8 | sqrt_beta=1.0000 (beta=1.0000) | rho=0.50 | train size=130 ---
2025-10-15 22:29:43,187 - INFO - [round 24] pick 1/5: CCn1nnc(-c2ccc3c(c2)S(=O)(=O)c2ccccc2C3=O)n1 | UCB=1.256 | mu=0.3677 | std=0.8884 | f=0.1514
2025-10-15 22:29:43,265 - INFO - [round 24] pick 2/5: Cc1nn(C)c2nc3ccccc3c(N)c12 | UCB=1.255 | mu=0.3995 | std=0.8559 | f=0.4428
2025-10-15 22:29:43,344 - INFO - [round 24] pick 3/5: CC(C)c1n[nH]c2c(NCc3cccc(O)c3)ncnc12 | UCB=1.229 | mu=0.3291 | std=0.8997 | f=0.3764
2025-10-15 22:29:43,425 - INFO - [round 24] pick 4/5: CN(c1ccsc1)c1nc(=O)c2cccnc2s1 | UCB=1.232 | mu=0.3247 | std=0.9069 | f=0.3489
2025-10-15 22:29:43,506 - INFO - [round 24] pick 5/5: O=C(Nc1nn[nH]n1)c1cc(=O)n2c(n1)oc1ccccc12 | UCB=1.242 | mu=0.3445 | std=0.8975 | f=0.1539
2025-10-15 22:29:43,589 - INFO - Round 24 done in 76.78s; train size=135
2025-10-15 22:29:43,589 - INFO - 
--- Round 25 | trial=8 | sqrt_beta=1.0000 (beta=1.0000) | rho=0.50 | train size=135 ---
2025-10-15 22:31:02,368 - INFO - [round 25] pick 1/5: CCCn1c(C)nc2c(Nc3ccccc3)nc(C)nc21 | UCB=1.253 | mu=0.3887 | std=0.8647 | f=0.4492
2025-10-15 22:31:02,453 - INFO - [round 25] pick 2/5: CC(C)Cc1nn2cc(-c3cccc(Br)c3)nc2s1 | UCB=1.24 | mu=0.3503 | std=0.8897 | f=0.3596
2025-10-15 22:31:02,538 - INFO - [round 25] pick 3/5: Cc1[nH]c2ccccc2c1CC1NC(=O)N(C)C1=O | UCB=1.236 | mu=0.35 | std=0.8863 | f=0.4758
2025-10-15 22:31:02,624 - INFO - [round 25] pick 4/5: CCN(CC)c1nccc(-c2c[nH]c3cc(Cl)ccc23)n1 | UCB=1.233 | mu=0.3477 | std=0.8848 | f=0.4134
2025-10-15 22:31:02,712 - INFO - [round 25] pick 5/5: Cc1ccc(-c2nnc(-c3snnc3C)o2)s1 | UCB=1.208 | mu=0.2937 | std=0.9141 | f=0.3392
2025-10-15 22:31:02,801 - INFO - Round 25 done in 79.21s; train size=140
2025-10-15 22:31:02,801 - INFO - 
--- Round 26 | trial=8 | sqrt_beta=1.0000 (beta=1.0000) | rho=0.50 | train size=140 ---
2025-10-15 22:32:26,469 - INFO - [round 26] pick 1/5: CCC1CN2C(=O)N(C)c3[nH]c(-c4ccccc4)nc3C2=N1 | UCB=1.255 | mu=0.3747 | std=0.8804 | f=0.1631
2025-10-15 22:32:26,560 - INFO - [round 26] pick 2/5: CN(C)CC(=O)Nc1cnc2c(c1)nc(O)c1ccccc12 | UCB=1.251 | mu=0.3814 | std=0.8701 | f=0.4336
2025-10-15 22:32:26,652 - INFO - [round 26] pick 3/5: CCc1ccc2c(c1)c1nnc(NN)nc1n2C | UCB=1.242 | mu=0.3487 | std=0.8929 | f=0.378
2025-10-15 22:32:26,745 - INFO - [round 26] pick 4/5: Cc1cn(Cc2coc(-c3ccc(F)cc3)n2)c(C)n1 | UCB=1.238 | mu=0.3535 | std=0.884 | f=0.3682
2025-10-15 22:32:26,839 - INFO - [round 26] pick 5/5: CC1c2c[nH]c3cccc(c23)SC1c1nnn[nH]1 | UCB=1.211 | mu=0.2849 | std=0.9261 | f=0.1378
2025-10-15 22:32:26,934 - INFO - Round 26 done in 84.13s; train size=145
2025-10-15 22:32:26,934 - INFO - 
--- Round 27 | trial=8 | sqrt_beta=1.0000 (beta=1.0000) | rho=0.50 | train size=145 ---
2025-10-15 22:33:50,595 - INFO - [round 27] pick 1/5: Cc1c(-c2cnc(N)s2)c2ccccc2n1C | UCB=1.255 | mu=0.3868 | std=0.8685 | f=0.4364
2025-10-15 22:33:50,692 - INFO - [round 27] pick 2/5: CC(C)Nc1nc(NCc2ccco2)c2cccc(Cl)c2n1 | UCB=1.245 | mu=0.3707 | std=0.8747 | f=0.4201
2025-10-15 22:33:50,790 - INFO - [round 27] pick 3/5: CCn1c(S)nnc1CCc1nc2ccccc2[nH]1 | UCB=1.233 | mu=0.3447 | std=0.8879 | f=0.435
2025-10-15 22:33:50,889 - INFO - [round 27] pick 4/5: Cc1nc(N)nc2c1cc(Br)c(=O)n2CC(C)(C)O | UCB=1.219 | mu=0.2998 | std=0.9188 | f=0.1295
2025-10-15 22:33:50,990 - INFO - [round 27] pick 5/5: CC(C)(C)CC(=O)Nc1cccc(-c2ccnc3c(C(=O)c4cccs4)cnn23)c1 | UCB=1.228 | mu=0.3558 | std=0.8724 | f=0.1534
2025-10-15 22:33:51,092 - INFO - Round 27 done in 84.16s; train size=150
2025-10-15 22:33:51,092 - INFO - 
--- Round 28 | trial=8 | sqrt_beta=1.0000 (beta=1.0000) | rho=0.50 | train size=150 ---
2025-10-15 22:35:19,140 - INFO - [round 28] pick 1/5: Cn1c(S)nnc1-c1sc2ccccc2c1Cl | UCB=1.255 | mu=0.3862 | std=0.8688 | f=0.4234
2025-10-15 22:35:19,243 - INFO - [round 28] pick 2/5: Cc1csc(CNCC(C)c2nc3ccccc3o2)n1 | UCB=1.247 | mu=0.3657 | std=0.8814 | f=0.417
2025-10-15 22:35:19,348 - INFO - [round 28] pick 3/5: CCC(C)N1C(=O)C(C)(C)c2cnc(Nc3ccc(S(C)(=O)=O)cc3)nc21 | UCB=1.23 | mu=0.3474 | std=0.8827 | f=0.3808
2025-10-15 22:35:19,454 - INFO - [round 28] pick 4/5: CN(C)c1ncnc2[nH]cc(-c3cccc(CO)c3)c12 | UCB=1.223 | mu=0.3332 | std=0.8894 | f=0.3812
2025-10-15 22:35:19,561 - INFO - [round 28] pick 5/5: CCn1c(-c2c(N)nn(C)c2C)nc2cnccc21 | UCB=1.226 | mu=0.3325 | std=0.8939 | f=0.3879
2025-10-15 22:35:19,670 - INFO - Round 28 done in 88.58s; train size=155
2025-10-15 22:35:19,670 - INFO - 
--- Round 29 | trial=8 | sqrt_beta=1.0000 (beta=1.0000) | rho=0.50 | train size=155 ---
2025-10-15 22:36:48,211 - INFO - [round 29] pick 1/5: CSc1nc2ccccc2c2c1ncn2CC(C)C | UCB=1.256 | mu=0.4034 | std=0.8526 | f=0.4119
2025-10-15 22:36:48,321 - INFO - [round 29] pick 2/5: Cc1nc2c(ccc3[nH]c4ccccc4c32)s1 | UCB=1.253 | mu=0.3784 | std=0.8743 | f=0.1543
2025-10-15 22:36:48,434 - INFO - [round 29] pick 3/5: CNc1ncc2c(n1)CN(CCc1ccc(C)cc1)C2=O | UCB=1.235 | mu=0.3452 | std=0.8897 | f=0.3889
2025-10-15 22:36:48,547 - INFO - [round 29] pick 4/5: Cn1cccc1-c1nc2cc(N=C=S)cc(Cl)c2o1 | UCB=1.22 | mu=0.3002 | std=0.9195 | f=0.373
2025-10-15 22:36:48,662 - INFO - [round 29] pick 5/5: CCn1nnc2cc(C(N)=O)ccc2c1=O | UCB=1.216 | mu=0.3147 | std=0.9015 | f=0.1487
2025-10-15 22:36:48,778 - INFO - Round 29 done in 89.11s; train size=160
2025-10-15 22:36:48,778 - INFO - 
--- Round 30 | trial=8 | sqrt_beta=1.0000 (beta=1.0000) | rho=0.50 | train size=160 ---
2025-10-15 22:38:20,105 - INFO - [round 30] pick 1/5: CCN(CC)c1nc2ccccc2nc1-n1nc(C)cc1C | UCB=1.249 | mu=0.3891 | std=0.8604 | f=0.4453
2025-10-15 22:38:20,224 - INFO - [round 30] pick 2/5: Cn1c(-c2cccc3ccccc23)nnc1[S+](C)O | UCB=1.241 | mu=0.3656 | std=0.8751 | f=0.3862
2025-10-15 22:38:20,343 - INFO - [round 30] pick 3/5: CCC(C)CNc1cc(-c2ccc3ncsc3c2)nc(C)n1 | UCB=1.237 | mu=0.3422 | std=0.8945 | f=0.3963
2025-10-15 22:38:20,463 - INFO - [round 30] pick 4/5: CC12C=CC(=O)C=C1c1cccc(O)c1C(=O)O2 | UCB=1.215 | mu=0.2917 | std=0.9238 | f=0.3797
2025-10-15 22:38:20,586 - INFO - [round 30] pick 5/5: Cc1nccn1Cc1ccc(Cl)nc1 | UCB=1.218 | mu=0.31 | std=0.9077 | f=0.1356
2025-10-15 22:38:20,709 - INFO - Round 30 done in 91.93s; train size=165
2025-10-15 22:38:20,709 - INFO - 
--- Round 31 | trial=8 | sqrt_beta=1.0000 (beta=1.0000) | rho=0.50 | train size=165 ---
2025-10-15 22:39:53,532 - INFO - [round 31] pick 1/5: CCC(C)Nc1nc2ccccc2n2c(C)nnc12 | UCB=1.246 | mu=0.4054 | std=0.8411 | f=0.4369
2025-10-15 22:39:53,657 - INFO - [round 31] pick 2/5: CCOc1cnc(-c2c(-c3ccccc3Cl)noc2C)o1 | UCB=1.239 | mu=0.351 | std=0.888 | f=0.4954
2025-10-15 22:39:53,784 - INFO - [round 31] pick 3/5: Cc1cc2c3sc(=O)ccc3ccc2n1C | UCB=1.23 | mu=0.3411 | std=0.8888 | f=0.3885
2025-10-15 22:39:53,912 - INFO - [round 31] pick 4/5: CCn1nc(C)c2nc(C(C)C)nc(N(C)Cc3ccco3)c21 | UCB=1.229 | mu=0.3431 | std=0.8857 | f=0.3825
2025-10-15 22:39:54,042 - INFO - [round 31] pick 5/5: CC1(C)C(=O)Nc2cc3[nH]c(S)nc3cc21 | UCB=1.193 | mu=0.2657 | std=0.9271 | f=0.3469
2025-10-15 22:39:54,173 - INFO - Round 31 done in 93.46s; train size=170
2025-10-15 22:39:54,173 - INFO - 
--- Round 32 | trial=8 | sqrt_beta=1.0000 (beta=1.0000) | rho=0.50 | train size=170 ---
2025-10-15 22:41:31,091 - INFO - [round 32] pick 1/5: CCn1c(Nc2ccccc2C)nc2ccsc2c1=O | UCB=1.248 | mu=0.3906 | std=0.8576 | f=0.4432
2025-10-15 22:41:31,225 - INFO - [round 32] pick 2/5: CC(C)Cc1nn(-c2ccccc2)cc1-c1nnc(S)o1 | UCB=1.245 | mu=0.3779 | std=0.8667 | f=0.3889
2025-10-15 22:41:31,360 - INFO - [round 32] pick 3/5: CCOc1cccc(=O)c2c(C)n(C)c(C)c12 | UCB=1.238 | mu=0.3396 | std=0.8986 | f=0.1669
2025-10-15 22:41:31,498 - INFO - [round 32] pick 4/5: CC(C)Oc1snc2cc(-c3ccsc3)cnc12 | UCB=1.221 | mu=0.3124 | std=0.9088 | f=0.3348
2025-10-15 22:41:31,636 - INFO - [round 32] pick 5/5: CCN(CC)c1nc(Nc2ccc(F)cc2)c2cn[nH]c2n1 | UCB=1.229 | mu=0.3571 | std=0.872 | f=0.3841
2025-10-15 22:41:31,906 - INFO - Round 32 done in 97.73s; train size=175
2025-10-15 22:41:31,907 - INFO - 
--- Round 33 | trial=8 | sqrt_beta=1.0000 (beta=1.0000) | rho=0.50 | train size=175 ---
2025-10-15 22:43:15,155 - INFO - [round 33] pick 1/5: CCc1nnc(NC(=O)c2cc(C)nc3ccccc23)s1 | UCB=1.25 | mu=0.4165 | std=0.8333 | f=0.4609
2025-10-15 22:43:15,295 - INFO - [round 33] pick 2/5: CC(C)Nc1nc2nonc2nc1Nc1ccccc1 | UCB=1.24 | mu=0.3646 | std=0.8751 | f=0.3796
2025-10-15 22:43:15,564 - INFO - [round 33] pick 3/5: CCN(CC)CCNc1ncc2cc(-c3c(Cl)cccc3Cl)c(=O)n(C)c2n1 | UCB=1.229 | mu=0.3453 | std=0.8841 | f=0.4489
2025-10-15 22:43:15,708 - INFO - [round 33] pick 4/5: CN(C)c1ccc(-c2nc(-c3ccc(I)cc3)no2)cc1 | UCB=1.223 | mu=0.337 | std=0.8861 | f=0.3374
2025-10-15 22:43:15,854 - INFO - [round 33] pick 5/5: CC(C)c1csc(-c2nn(CN3CCOCC3)c(=S)n2N=Cc2ccccc2Cl)n1 | UCB=1.225 | mu=0.3143 | std=0.9103 | f=0.1491
2025-10-15 22:43:16,001 - INFO - Round 33 done in 104.09s; train size=180
2025-10-15 22:43:16,001 - INFO - 
--- Round 34 | trial=8 | sqrt_beta=1.0000 (beta=1.0000) | rho=0.50 | train size=180 ---
2025-10-15 22:45:02,465 - INFO - [round 34] pick 1/5: COCCn1c(=O)c(C)nc2cnc(Nc3ccccc3)nc21 | UCB=1.246 | mu=0.4107 | std=0.8353 | f=0.4603
2025-10-15 22:45:02,613 - INFO - [round 34] pick 2/5: CNCc1ccc(-c2nn(C)c3ccccc23)o1 | UCB=1.24 | mu=0.3645 | std=0.8751 | f=0.4027
2025-10-15 22:45:02,765 - INFO - [round 34] pick 3/5: Cc1cc(S)nc2c3c(ccc12)OC(C)(C)C=C3 | UCB=1.226 | mu=0.3135 | std=0.9124 | f=0.3797
2025-10-15 22:45:02,917 - INFO - [round 34] pick 4/5: CC(C)CN(NC(=O)c1nc2ccccc2s1)c1nc(C#N)ncc1Cl | UCB=1.242 | mu=0.3606 | std=0.8816 | f=0.4472
2025-10-15 22:45:03,071 - INFO - [round 34] pick 5/5: O=[N+]([O-])c1ccc2cc(-c3nnc(O)o3)c(O)nc2c1 | UCB=1.209 | mu=0.302 | std=0.9067 | f=0.3291
2025-10-15 22:45:03,227 - INFO - Round 34 done in 107.23s; train size=185
2025-10-15 22:45:03,227 - INFO - 
--- Round 35 | trial=8 | sqrt_beta=1.0000 (beta=1.0000) | rho=0.50 | train size=185 ---
2025-10-15 22:46:48,765 - INFO - [round 35] pick 1/5: CCC(C)NC(=O)c1nc(-c2ccccc2Cl)c2ccccc2n1 | UCB=1.246 | mu=0.4049 | std=0.8411 | f=0.4783
2025-10-15 22:46:48,923 - INFO - [round 35] pick 2/5: Cc1cccc(Nc2ncnc3c2cnn3C)c1C | UCB=1.233 | mu=0.3614 | std=0.8713 | f=0.3862
2025-10-15 22:46:49,082 - INFO - [round 35] pick 3/5: CCCCCCCCCCCCn1c2nc(=O)n(C)c(=O)c-2cc2ccccc21 | UCB=1.222 | mu=0.318 | std=0.904 | f=0.4303
2025-10-15 22:46:49,243 - INFO - [round 35] pick 4/5: CC1(C)OC(=O)Nc2ccc(-c3cnc(C#N)o3)cc21 | UCB=1.212 | mu=0.3009 | std=0.9109 | f=0.3828
2025-10-15 22:46:49,406 - INFO - [round 35] pick 5/5: Cc1noc(NCc2cn(C)nc2-c2ccncc2)n1 | UCB=1.228 | mu=0.3252 | std=0.903 | f=0.3536
2025-10-15 22:46:49,571 - INFO - Round 35 done in 106.34s; train size=190
2025-10-15 22:46:49,571 - INFO - 
--- Round 36 | trial=8 | sqrt_beta=1.0000 (beta=1.0000) | rho=0.50 | train size=190 ---
2025-10-15 22:48:38,752 - INFO - [round 36] pick 1/5: Cc1cc(-c2nc3c(cnc4ccccc43)[nH]2)on1 | UCB=1.247 | mu=0.3864 | std=0.8608 | f=0.1502
2025-10-15 22:48:38,918 - INFO - [round 36] pick 2/5: CCn1c(=O)c2c(nc(CCCc3ccccc3)n2C)n(CC)c1=O | UCB=1.238 | mu=0.3697 | std=0.8681 | f=0.4635
2025-10-15 22:48:39,085 - INFO - [round 36] pick 3/5: CCC(C)NC(=O)c1nc(-c2ccccc2C#N)cnc1N | UCB=1.244 | mu=0.3734 | std=0.8708 | f=0.1645
2025-10-15 22:48:39,256 - INFO - [round 36] pick 4/5: CCCSc1nc(O)c2cnn(-c3ccc(C)cc3)c2n1 | UCB=1.238 | mu=0.3538 | std=0.8838 | f=0.3889
2025-10-15 22:48:39,427 - INFO - [round 36] pick 5/5: CC1=Cc2c(cc(C)oc2=O)OC1c1ccco1 | UCB=1.211 | mu=0.2997 | std=0.9113 | f=0.3913
2025-10-15 22:48:39,600 - INFO - Round 36 done in 110.03s; train size=195
2025-10-15 22:48:39,600 - INFO - 
--- Round 37 | trial=8 | sqrt_beta=1.0000 (beta=1.0000) | rho=0.50 | train size=195 ---
2025-10-15 22:50:28,334 - INFO - [round 37] pick 1/5: CNc1ccccc1-c1nc2ccccc2n(C)c1=O | UCB=1.248 | mu=0.4129 | std=0.8353 | f=0.4065
2025-10-15 22:50:28,508 - INFO - [round 37] pick 2/5: CCC(CO)Nc1nc(NCc2ccccc2)c2nc(Cl)n(C(C)C)c2n1 | UCB=1.242 | mu=0.3751 | std=0.8665 | f=0.4419
2025-10-15 22:50:28,685 - INFO - [round 37] pick 3/5: CCN(C(=O)CSc1nnc(COc2cccc(C)c2)o1)c1nc(C)cs1 | UCB=1.23 | mu=0.351 | std=0.8785 | f=0.4507
2025-10-15 22:50:28,865 - INFO - [round 37] pick 4/5: CC1(C)C=Cc2c(c(O)cc3ccc(=O)oc23)O1 | UCB=1.22 | mu=0.3224 | std=0.8979 | f=0.366
2025-10-15 22:50:29,045 - INFO - [round 37] pick 5/5: CCc1nc2cc(Cl)c(Cl)cc2nc1CC | UCB=1.21 | mu=0.3071 | std=0.9025 | f=0.1436
2025-10-15 22:50:29,228 - INFO - Round 37 done in 109.63s; train size=200
2025-10-15 22:50:29,228 - INFO - 
--- Round 38 | trial=8 | sqrt_beta=1.0000 (beta=1.0000) | rho=0.50 | train size=200 ---
2025-10-15 22:52:25,049 - INFO - [round 38] pick 1/5: CCn1nc(-c2ccccc2)c2c(C)nnc-2c1O | UCB=1.247 | mu=0.4088 | std=0.8382 | f=0.4369
2025-10-15 22:52:25,239 - INFO - [round 38] pick 2/5: CCN(CC)CCCNc1c2ccccc2nc2sc(SC)nc12 | UCB=1.24 | mu=0.3691 | std=0.8712 | f=0.4435
2025-10-15 22:52:25,426 - INFO - [round 38] pick 3/5: CC(C)c1nc2c(Cl)c3ncccc3cc2n(C)c1=O | UCB=1.232 | mu=0.3606 | std=0.8716 | f=0.3974
2025-10-15 22:52:25,614 - INFO - [round 38] pick 4/5: COC1OC(=O)c2ccc3c(c21)C(=O)C=CC3(C)C | UCB=1.213 | mu=0.298 | std=0.9148 | f=0.4284
2025-10-15 22:52:25,803 - INFO - [round 38] pick 5/5: CCc1cc(CNC(=O)CCc2nnc(Cc3cccc(C)c3)o2)on1 | UCB=1.228 | mu=0.3322 | std=0.8956 | f=0.433
2025-10-15 22:52:25,995 - INFO - Round 38 done in 116.77s; train size=205
2025-10-15 22:52:25,995 - INFO - 
--- Round 39 | trial=8 | sqrt_beta=1.0000 (beta=1.0000) | rho=0.50 | train size=205 ---
2025-10-15 22:54:22,041 - INFO - [round 39] pick 1/5: CC1(C)CC(=O)c2c(nc3ccccc3c2O)C1 | UCB=1.252 | mu=0.3832 | std=0.869 | f=0.4194
2025-10-15 22:54:22,235 - INFO - [round 39] pick 2/5: CCN(CC)CCCOc1ccc(-c2nn(C(C)C)c(=O)c3ccsc23)cc1 | UCB=1.242 | mu=0.3556 | std=0.8862 | f=0.4159
2025-10-15 22:54:22,431 - INFO - [round 39] pick 3/5: CCc1nnc(CN(C)Cc2nc(-c3ccccc3Cl)oc2C)o1 | UCB=1.247 | mu=0.3786 | std=0.8688 | f=0.4892
2025-10-15 22:54:22,627 - INFO - [round 39] pick 4/5: Cc1cccc(CNC(Cc2ccsc2)c2nc(C)c(C)s2)n1 | UCB=1.239 | mu=0.3513 | std=0.8875 | f=0.3914
2025-10-15 22:54:22,826 - INFO - [round 39] pick 5/5: Cc1ccc2c(CSc3nnnn3C)cc(=O)oc2c1 | UCB=1.235 | mu=0.3465 | std=0.8882 | f=0.3812
2025-10-15 22:54:23,026 - INFO - Round 39 done in 117.03s; train size=210
