2025-10-12 23:21:44,490 - INFO - 
--- Round 0 | trial=5 | sqrt_beta=1.4142 (beta=2.0000) | rho=0.55 | train size=10 ---
2025-10-12 23:21:56,018 - INFO - [round 0] pick 1/5: CCN(CC)CCOCC=Cc1ccccc1 | UCB=1.514 | mu=0.1614 | std=0.9567 | f=0.008191
2025-10-12 23:21:56,019 - INFO - [round 0] pick 2/5: Cc1nc(Nc2ccc(Cl)cc2)c2oc3ccccc3c2n1 | UCB=1.506 | mu=0.1678 | std=0.9463 | f=0.1496
2025-10-12 23:21:56,019 - INFO - [round 0] pick 3/5: CCOC(=O)c1sc(NC(=O)C(C)N(CC)CC)nc1C | UCB=1.493 | mu=0.1105 | std=0.9779 | f=0.008375
2025-10-12 23:21:56,020 - INFO - [round 0] pick 4/5: O=C1NC(NCCO)=NC1=Cc1c[nH]c2ncccc12 | UCB=1.492 | mu=0.1267 | std=0.9656 | f=0.3796
2025-10-12 23:21:56,022 - INFO - [round 0] pick 5/5: CCCCCCCCCCCCCCCCOP(=O)(O)Oc1ccc(C=Cc2ccc(OP(=O)(O)OCCCCCCCCCCCCCCCC)cc2)cc1 | UCB=1.482 | mu=0.08989 | std=0.9847 | f=0.12
2025-10-12 23:21:56,023 - INFO - Round 0 done in 11.53s; train size=15
2025-10-12 23:21:56,023 - INFO - 
--- Round 1 | trial=5 | sqrt_beta=1.4142 (beta=2.0000) | rho=0.55 | train size=15 ---
2025-10-12 23:22:10,583 - INFO - [round 1] pick 1/5: OCCNc1ccnc2cc(Cl)ccc12 | UCB=1.506 | mu=0.1733 | std=0.942 | f=0.1337
2025-10-12 23:22:10,584 - INFO - [round 1] pick 2/5: N#CCCN(CCC#N)c1ccc(C=C2N=C(c3ccccc3)N(c3ccccn3)C2=O)cc1 | UCB=1.498 | mu=0.1563 | std=0.9485 | f=0.1354
2025-10-12 23:22:10,586 - INFO - [round 1] pick 3/5: CC(=O)Nc1nc(O)c2nc(-c3c[nH]c4cccc(Br)c34)[nH]c2n1 | UCB=1.492 | mu=0.132 | std=0.9617 | f=0.1385
2025-10-12 23:22:10,588 - INFO - [round 1] pick 4/5: CCn1c(C)nnc1SCCNc1nc(C)nc2c1cnn2C | UCB=1.486 | mu=0.1251 | std=0.9625 | f=0.3437
2025-10-12 23:22:10,589 - INFO - [round 1] pick 5/5: O=C1NC(=NN=CC(O)C(O)C(O)C(O)CO)NC1=Cc1ccco1 | UCB=1.48 | mu=0.09165 | std=0.9817 | f=0.115
2025-10-12 23:22:10,591 - INFO - Round 1 done in 14.57s; train size=20
2025-10-12 23:22:10,591 - INFO - 
--- Round 2 | trial=5 | sqrt_beta=1.4142 (beta=2.0000) | rho=0.55 | train size=20 ---
2025-10-12 23:22:27,612 - INFO - [round 2] pick 1/5: CCCCNc1nc(SCCCC)nc2ncccc12 | UCB=1.509 | mu=0.1791 | std=0.9407 | f=0.1349
2025-10-12 23:22:27,614 - INFO - [round 2] pick 2/5: O=[N+]([O-])c1c(O)nc(C=Cc2ccc(O)cc2)nc1O | UCB=1.494 | mu=0.145 | std=0.9538 | f=0.1216
2025-10-12 23:22:27,617 - INFO - [round 2] pick 3/5: Cc1cc(C=C2SC(=S)NC2=O)c(C)n1C | UCB=1.489 | mu=0.1119 | std=0.9734 | f=0.1337
2025-10-12 23:22:27,619 - INFO - [round 2] pick 4/5: Cn1cc(-c2ccc3nnc(Sc4ccc5ncc(NCCO)cc5c4)n3c2)cn1 | UCB=1.497 | mu=0.1623 | std=0.9437 | f=0.005792
2025-10-12 23:22:27,622 - INFO - [round 2] pick 5/5: Cc1nc(S)c2cnn(C3OC(CO)C(O)C3O)c2n1 | UCB=1.491 | mu=0.1176 | std=0.9708 | f=0.2705
2025-10-12 23:22:27,625 - INFO - Round 2 done in 17.03s; train size=25
2025-10-12 23:22:27,625 - INFO - 
--- Round 3 | trial=5 | sqrt_beta=1.4142 (beta=2.0000) | rho=0.55 | train size=25 ---
2025-10-12 23:22:47,252 - INFO - [round 3] pick 1/5: CCOC(=O)CSc1nc2ccccc2c2nc(C)nn12 | UCB=1.504 | mu=0.2027 | std=0.92 | f=0.5068
2025-10-12 23:22:47,256 - INFO - [round 3] pick 2/5: C=CCc1c(O)nc(C)nc1NCCO | UCB=1.493 | mu=0.1644 | std=0.9395 | f=0.005263
2025-10-12 23:22:47,259 - INFO - [round 3] pick 3/5: COC1C(OP(=O)(NCCn2ccnc2)OCC2OC(n3ccc(N)nc3=O)C(O)C2O)C(COP(=O)(O)O)OC1n1cnc2c(=O)[nH]c(N)nc21 | UCB=1.483 | mu=0.1149 | std=0.9675 | f=4.396e-05
2025-10-12 23:22:47,262 - INFO - [round 3] pick 4/5: OC1=NC(=Cc2cnn3c(=NC4CC4)[nH]c(=NCC(F)F)[nH]c23)C(O)=N1 | UCB=1.476 | mu=0.1026 | std=0.9712 | f=0.09832
2025-10-12 23:22:47,266 - INFO - [round 3] pick 5/5: CCC(C)C=CC=CC=CC(=O)C=C(O)C1=C2C=C(CC(O)CO)C(=CNCCCCC(NC(C)=O)C(=O)O)C(=O)C2(C)OC1=O | UCB=1.474 | mu=0.09044 | std=0.9785 | f=0.1253
2025-10-12 23:22:47,271 - INFO - Round 3 done in 19.65s; train size=30
2025-10-12 23:22:47,271 - INFO - 
--- Round 4 | trial=5 | sqrt_beta=1.4142 (beta=2.0000) | rho=0.55 | train size=30 ---
2025-10-12 23:23:10,007 - INFO - [round 4] pick 1/5: Cc1nn(C)c2nc3ccccc3c(N)c12 | UCB=1.528 | mu=0.2346 | std=0.9146 | f=0.4428
2025-10-12 23:23:10,012 - INFO - [round 4] pick 2/5: CCOC(=O)CSC1=NC(=Cc2ccc(-n3cncn3)cc2)C(=O)N1 | UCB=1.512 | mu=0.2104 | std=0.9205 | f=0.449
2025-10-12 23:23:10,017 - INFO - [round 4] pick 3/5: CCOC(=O)Nc1c(C#N)[n+]([O-])c2cc(Cl)c(Cl)cc2[n+]1[O-] | UCB=1.492 | mu=0.1258 | std=0.9661 | f=0.1572
2025-10-12 23:23:10,022 - INFO - [round 4] pick 4/5: NCCCNCCCCNCCCNCCCNCCCNC(=O)Cc1c[nH]c2ccccc12 | UCB=1.484 | mu=0.1104 | std=0.9711 | f=0.1457
2025-10-12 23:23:10,027 - INFO - [round 4] pick 5/5: CCn1nc(N2CCCC2)nc1C=Cc1nc2c(C)ncc(C)n2n1 | UCB=1.49 | mu=0.1374 | std=0.9566 | f=0.1137
2025-10-12 23:23:10,032 - INFO - Round 4 done in 22.76s; train size=35
2025-10-12 23:23:10,032 - INFO - 
--- Round 5 | trial=5 | sqrt_beta=1.4142 (beta=2.0000) | rho=0.55 | train size=35 ---
2025-10-12 23:23:34,838 - INFO - [round 5] pick 1/5: CCOC(=O)Cc1csc(SCn2nnc3ccccc3c2=O)n1 | UCB=1.551 | mu=0.2719 | std=0.9044 | f=0.4871
2025-10-12 23:23:34,844 - INFO - [round 5] pick 2/5: Nc1nc2n[nH]cc2c2nc(-c3ccco3)nn12 | UCB=1.519 | mu=0.1795 | std=0.947 | f=0.1278
2025-10-12 23:23:34,850 - INFO - [round 5] pick 3/5: Cn1cnc2c(cnn2C)c1=N | UCB=1.505 | mu=0.1496 | std=0.9582 | f=0.0959
2025-10-12 23:23:34,857 - INFO - [round 5] pick 4/5: CC(C)OC(=O)CSc1nnc2n1C(C)(C)Cc1ccccc1-2 | UCB=1.531 | mu=0.2024 | std=0.9394 | f=0.43
2025-10-12 23:23:34,864 - INFO - [round 5] pick 5/5: CCN1C(=S)NC2C(=C1C)C(=O)Nc1cccc(F)c12 | UCB=1.506 | mu=0.1651 | std=0.9483 | f=0.435
2025-10-12 23:23:34,871 - INFO - Round 5 done in 24.84s; train size=40
2025-10-12 23:23:34,871 - INFO - 
--- Round 6 | trial=5 | sqrt_beta=1.4142 (beta=2.0000) | rho=0.55 | train size=40 ---
2025-10-12 23:24:02,099 - INFO - [round 6] pick 1/5: CCOC(=O)C(C)Sc1nnc2cc(C)c3ccccc3n12 | UCB=1.578 | mu=0.3064 | std=0.8995 | f=0.5022
2025-10-12 23:24:02,107 - INFO - [round 6] pick 2/5: O=c1c2ccccc2nc2n1CCS2(=O)=O | UCB=1.56 | mu=0.2595 | std=0.9195 | f=0.3885
2025-10-12 23:24:02,115 - INFO - [round 6] pick 3/5: CCn1c(SCC(=O)OC)nc2sc3c(c2c1=O)CC(C)(C)OC3 | UCB=1.534 | mu=0.1961 | std=0.946 | f=0.3914
2025-10-12 23:24:02,123 - INFO - [round 6] pick 4/5: CCc1cccc2c1NC(=O)C2=O | UCB=1.543 | mu=0.2165 | std=0.938 | f=0.1601
2025-10-12 23:24:02,132 - INFO - [round 6] pick 5/5: CCOC(O)=C1C(C)=Nc2ncnn2C1c1cc(Br)ccc1F | UCB=1.545 | mu=0.2181 | std=0.938 | f=0.4529
2025-10-12 23:24:02,141 - INFO - Round 6 done in 27.27s; train size=45
2025-10-12 23:24:02,141 - INFO - 
--- Round 7 | trial=5 | sqrt_beta=1.4142 (beta=2.0000) | rho=0.55 | train size=45 ---
2025-10-12 23:24:32,685 - INFO - [round 7] pick 1/5: CCOC(=O)Cn1c2ccccc2c2nc(C)sc21 | UCB=1.608 | mu=0.3663 | std=0.8782 | f=0.5214
2025-10-12 23:24:32,694 - INFO - [round 7] pick 2/5: CSc1ccccc1-n1nnnc1SCC(=O)O | UCB=1.581 | mu=0.2675 | std=0.9287 | f=0.1488
2025-10-12 23:24:32,704 - INFO - [round 7] pick 3/5: CCN1C(=O)NC(c2cc(Br)ccc2OC)C(C(=O)OC)=C1C | UCB=1.568 | mu=0.2651 | std=0.921 | f=0.2012
2025-10-12 23:24:32,715 - INFO - [round 7] pick 4/5: CCC1(O)C(=O)OCc2c1cc1n(c2=O)Cc2c-1nc1ccccc1c2CN(C(C)C)C(C)C | UCB=1.568 | mu=0.2552 | std=0.9282 | f=0.007401
2025-10-12 23:24:32,725 - INFO - [round 7] pick 5/5: N#CCSc1nnc(-c2ccc(F)cc2)n1N | UCB=1.539 | mu=0.203 | std=0.9446 | f=0.1199
2025-10-12 23:24:32,737 - INFO - Round 7 done in 30.60s; train size=50
2025-10-12 23:24:32,737 - INFO - 
--- Round 8 | trial=5 | sqrt_beta=1.4142 (beta=2.0000) | rho=0.55 | train size=50 ---
2025-10-12 23:25:06,171 - INFO - [round 8] pick 1/5: CCOC(=O)CSc1nnc(Cn2c(=O)sc3ccccc32)n1C | UCB=1.591 | mu=0.3646 | std=0.8674 | f=0.5
2025-10-12 23:25:06,183 - INFO - [round 8] pick 2/5: CCC(C)n1c(=S)[nH]c2ccccc2c1=O | UCB=1.57 | mu=0.2894 | std=0.9053 | f=0.1637
2025-10-12 23:25:06,195 - INFO - [round 8] pick 3/5: CCOC(=O)Cn1cnc2c(Br)c(Br)c(Br)c(Br)c21 | UCB=1.563 | mu=0.2318 | std=0.941 | f=0.1488
2025-10-12 23:25:06,208 - INFO - [round 8] pick 4/5: CCSC1=C(C#N)C(c2cccs2)C(=C(O)OC)C(C)=N1 | UCB=1.553 | mu=0.2204 | std=0.9422 | f=0.1623
2025-10-12 23:25:06,221 - INFO - [round 8] pick 5/5: FC(F)(F)c1nc(OCc2cn(CCC(F)(F)C(F)(F)C(F)(F)C(F)(F)C(F)(F)C(F)(F)F)nn2)c2ccccc2n1 | UCB=1.521 | mu=0.172 | std=0.9542 | f=0.3461
2025-10-12 23:25:06,235 - INFO - Round 8 done in 33.50s; train size=55
2025-10-12 23:25:06,235 - INFO - 
--- Round 9 | trial=5 | sqrt_beta=1.4142 (beta=2.0000) | rho=0.55 | train size=55 ---
2025-10-12 23:25:42,576 - INFO - [round 9] pick 1/5: CCOC(=O)CCCn1c2ccccc2c2nc3nonc3nc21 | UCB=1.595 | mu=0.3552 | std=0.8767 | f=0.1824
2025-10-12 23:25:42,590 - INFO - [round 9] pick 2/5: CCn1c(SCC(=O)Nc2ccccc2F)nc2c(c1=O)SC(C)C2 | UCB=1.577 | mu=0.3049 | std=0.8998 | f=0.4635
2025-10-12 23:25:42,605 - INFO - [round 9] pick 3/5: CC1=NC=CC(c2c(C)sc3ccccc23)N1 | UCB=1.557 | mu=0.2512 | std=0.9232 | f=0.4344
2025-10-12 23:25:42,620 - INFO - [round 9] pick 4/5: COC(=O)CSc1nnc(S)s1 | UCB=1.52 | mu=0.181 | std=0.9471 | f=0.005792
2025-10-12 23:25:42,636 - INFO - [round 9] pick 5/5: Cc1nn(-c2ncccn2)c2c1C(=O)CC(C)(C)C2Br | UCB=1.53 | mu=0.1917 | std=0.9463 | f=0.3581
2025-10-12 23:25:42,652 - INFO - Round 9 done in 36.42s; train size=60
2025-10-12 23:25:42,652 - INFO - 
--- Round 10 | trial=5 | sqrt_beta=1.4142 (beta=2.0000) | rho=0.55 | train size=60 ---
2025-10-12 23:26:20,711 - INFO - [round 10] pick 1/5: CCN1C(=O)CC(n2c(C)nc3ccccc32)C1=O | UCB=1.594 | mu=0.3317 | std=0.8927 | f=0.4636
2025-10-12 23:26:20,728 - INFO - [round 10] pick 2/5: CCOC(=O)CSc1ncnc2c1cnn2-c1ccc(C)cc1C | UCB=1.58 | mu=0.3309 | std=0.8832 | f=0.4674
2025-10-12 23:26:20,746 - INFO - [round 10] pick 3/5: Nc1nnc(Cn2nnc(-c3ccccc3F)n2)s1 | UCB=1.561 | mu=0.2503 | std=0.9269 | f=0.3845
2025-10-12 23:26:20,764 - INFO - [round 10] pick 4/5: CC1=CC23C(=O)C(C=C(CO)C(O)C2(O)C1OC(=O)c1ccccc1Br)C1C(CC3C)C1(C)C | UCB=1.544 | mu=0.2077 | std=0.9451 | f=0.007987
2025-10-12 23:26:20,782 - INFO - [round 10] pick 5/5: c1ccc2c3nnc(c2c1)SCCSCCCSCCS3 | UCB=1.528 | mu=0.1779 | std=0.9544 | f=0.3333
2025-10-12 23:26:20,801 - INFO - Round 10 done in 38.15s; train size=65
2025-10-12 23:26:20,801 - INFO - 
--- Round 11 | trial=5 | sqrt_beta=1.4142 (beta=2.0000) | rho=0.55 | train size=65 ---
2025-10-12 23:27:03,343 - INFO - [round 11] pick 1/5: Cc1nnc(NC(=O)Cn2nc(C)c3ccccc3c2=O)s1 | UCB=1.601 | mu=0.3487 | std=0.8854 | f=0.4568
2025-10-12 23:27:03,363 - INFO - [round 11] pick 2/5: CCC1Cc2c(C)nc3ncnn3c2N1Cc1ccccc1F | UCB=1.596 | mu=0.3131 | std=0.9075 | f=0.1611
2025-10-12 23:27:03,384 - INFO - [round 11] pick 3/5: O=C(CSc1nnc2n(C3CCCCC3)c(=O)c3ccccc3n12)OC1CCCCC1 | UCB=1.572 | mu=0.2737 | std=0.9181 | f=0.00711
2025-10-12 23:27:03,405 - INFO - [round 11] pick 4/5: Cc1ccc(-c2csc(N=C(N)N)n2)c(C)c1 | UCB=1.552 | mu=0.2234 | std=0.9398 | f=0.1416
2025-10-12 23:27:03,427 - INFO - [round 11] pick 5/5: CCOC(=O)CC1C(=O)NCCN1C(=O)c1c(F)cccc1F | UCB=1.559 | mu=0.2531 | std=0.9236 | f=0.1757
2025-10-12 23:27:03,449 - INFO - Round 11 done in 42.65s; train size=70
2025-10-12 23:27:03,449 - INFO - 
--- Round 12 | trial=5 | sqrt_beta=1.4142 (beta=2.0000) | rho=0.55 | train size=70 ---
2025-10-12 23:27:48,277 - INFO - [round 12] pick 1/5: Cc1cc(C)n(-c2nc3ccccc3s2)n1 | UCB=1.588 | mu=0.3389 | std=0.8833 | f=0.414
2025-10-12 23:27:48,300 - INFO - [round 12] pick 2/5: CCOC(=O)C1=C(C)NC(=O)NC1c1cnc(SC)n1Cc1ccccc1 | UCB=1.572 | mu=0.3081 | std=0.8939 | f=0.595
2025-10-12 23:27:48,324 - INFO - [round 12] pick 3/5: CCc1nnc(NC(=O)CSc2nnc(-c3cccnc3)n2C)s1 | UCB=1.558 | mu=0.2844 | std=0.9003 | f=0.3868
2025-10-12 23:27:48,348 - INFO - [round 12] pick 4/5: CCn1c(O)c(N=NC2=NC(=O)CS2)c2cc(C)ccc21 | UCB=1.554 | mu=0.245 | std=0.9256 | f=0.378
2025-10-12 23:27:48,373 - INFO - [round 12] pick 5/5: Cc1nnsc1C1=NNC2SC(c3ccccc3OC(F)(F)F)=NN12 | UCB=1.555 | mu=0.2351 | std=0.933 | f=0.1496
2025-10-12 23:27:48,398 - INFO - Round 12 done in 44.95s; train size=75
2025-10-12 23:27:48,398 - INFO - 
--- Round 13 | trial=5 | sqrt_beta=1.4142 (beta=2.0000) | rho=0.55 | train size=75 ---
2025-10-12 23:28:35,944 - INFO - [round 13] pick 1/5: CCOC(=O)c1cc2c(C)nn(-c3ccccc3)c2s1 | UCB=1.608 | mu=0.38 | std=0.8686 | f=0.5255
2025-10-12 23:28:35,971 - INFO - [round 13] pick 2/5: CCSc1ccnc(C[S+]([O-])c2nc3ccccc3n2CSC)c1C | UCB=1.587 | mu=0.3062 | std=0.906 | f=0.4399
2025-10-12 23:28:35,998 - INFO - [round 13] pick 3/5: CNC(=O)c1n[nH]c2c1C(c1cccc3nsnc13)CC(=O)N2 | UCB=1.546 | mu=0.2192 | std=0.9385 | f=0.1569
2025-10-12 23:28:36,026 - INFO - [round 13] pick 4/5: CCOC(=O)Cc1csc2nc3sc(C)c(C)c3c(=O)n12 | UCB=1.565 | mu=0.2766 | std=0.9108 | f=0.4412
2025-10-12 23:28:36,055 - INFO - [round 13] pick 5/5: NC1=Nc2ccccc2Sc2nncn21 | UCB=1.55 | mu=0.2364 | std=0.9285 | f=0.3762
2025-10-12 23:28:36,084 - INFO - Round 13 done in 47.69s; train size=80
2025-10-12 23:28:36,084 - INFO - 
--- Round 14 | trial=5 | sqrt_beta=1.4142 (beta=2.0000) | rho=0.55 | train size=80 ---
2025-10-12 23:29:26,832 - INFO - [round 14] pick 1/5: Cc1sc2ncn(CCc3ccccc3)c(=O)c2c1C | UCB=1.614 | mu=0.3684 | std=0.8811 | f=0.4432
2025-10-12 23:29:26,862 - INFO - [round 14] pick 2/5: CCOC(=O)C1=C(C)Nc2ccnn2C1c1cccc(Cl)c1Cl | UCB=1.597 | mu=0.3251 | std=0.8996 | f=0.6293
2025-10-12 23:29:26,893 - INFO - [round 14] pick 3/5: CCC(C)Nc1nc2ccccc2n2c(C)nnc12 | UCB=1.594 | mu=0.3582 | std=0.8737 | f=0.4369
2025-10-12 23:29:26,924 - INFO - [round 14] pick 4/5: CSC1=NS(=O)(=O)c2c(C)nn(C)c2S1 | UCB=1.536 | mu=0.1899 | std=0.9517 | f=0.1125
2025-10-12 23:29:26,957 - INFO - [round 14] pick 5/5: CCOC(=O)CSc1nc2c(sc3ccc([N+](=O)[O-])cc32)c(=O)n1Cc1ccco1 | UCB=1.577 | mu=0.3209 | std=0.8883 | f=0.1609
2025-10-12 23:29:26,990 - INFO - Round 14 done in 50.91s; train size=85
2025-10-12 23:29:26,990 - INFO - 
--- Round 15 | trial=5 | sqrt_beta=1.4142 (beta=2.0000) | rho=0.55 | train size=85 ---
2025-10-12 23:30:21,579 - INFO - [round 15] pick 1/5: CCOC(=O)c1c(N)sc(-c2ccccc2Cl)c1C | UCB=1.628 | mu=0.3931 | std=0.8732 | f=0.2245
2025-10-12 23:30:21,613 - INFO - [round 15] pick 2/5: CCn1c(Nc2ccccc2C)nc2ccsc2c1=O | UCB=1.613 | mu=0.3601 | std=0.8857 | f=0.4432
2025-10-12 23:30:21,648 - INFO - [round 15] pick 3/5: CCOc1cc(C2C(C(C)=O)=C(C)Nc3ncnn32)ccc1O | UCB=1.597 | mu=0.3222 | std=0.9017 | f=0.5089
2025-10-12 23:30:21,684 - INFO - [round 15] pick 4/5: ClC(Cl)(Cl)c1nc2ccccc2n2nncc12 | UCB=1.569 | mu=0.2884 | std=0.9057 | f=0.3693
2025-10-12 23:30:21,720 - INFO - [round 15] pick 5/5: CSC(=S)n1ccnc1C | UCB=1.521 | mu=0.1547 | std=0.9662 | f=0.00492
2025-10-12 23:30:21,757 - INFO - Round 15 done in 54.77s; train size=90
2025-10-12 23:30:21,757 - INFO - 
--- Round 16 | trial=5 | sqrt_beta=1.4142 (beta=2.0000) | rho=0.55 | train size=90 ---
2025-10-12 23:31:17,409 - INFO - [round 16] pick 1/5: CCOC(=O)Cc1c(C)nc2c(-c3ccccc3)cnn2c1O | UCB=1.618 | mu=0.4028 | std=0.8594 | f=0.5066
2025-10-12 23:31:17,447 - INFO - [round 16] pick 2/5: CCn1ncnc1C1=C(C)Nc2ccnn2C1c1ccc(Cl)c(Cl)c1 | UCB=1.603 | mu=0.3467 | std=0.8884 | f=0.1618
2025-10-12 23:31:17,486 - INFO - [round 16] pick 3/5: CCSC1=NCC(=O)N1c1c(C)cccc1C | UCB=1.586 | mu=0.3005 | std=0.9088 | f=0.1516
2025-10-12 23:31:17,526 - INFO - [round 16] pick 4/5: c1ccc2c(c1)nc(-c1cscn1)n2CCCc1nnn[nH]1 | UCB=1.583 | mu=0.3082 | std=0.9015 | f=0.144
2025-10-12 23:31:17,566 - INFO - [round 16] pick 5/5: CC1=C(C(=O)OCC(C)C)C(c2ccsc2)NC(=O)N1 | UCB=1.56 | mu=0.2805 | std=0.9045 | f=0.1865
2025-10-12 23:31:17,608 - INFO - Round 16 done in 55.85s; train size=95
2025-10-12 23:31:17,608 - INFO - 
--- Round 17 | trial=5 | sqrt_beta=1.4142 (beta=2.0000) | rho=0.55 | train size=95 ---
2025-10-12 23:32:14,988 - INFO - [round 17] pick 1/5: CCCc1c(C(=O)OCC)nnc2c(-c3ccccc3)c(C)nn12 | UCB=1.619 | mu=0.4126 | std=0.8533 | f=0.5428
2025-10-12 23:32:15,031 - INFO - [round 17] pick 2/5: CCOc1cnn(-c2cccc(F)c2)c(=O)c1Cl | UCB=1.589 | mu=0.3099 | std=0.9044 | f=0.159
2025-10-12 23:32:15,074 - INFO - [round 17] pick 3/5: CCOC(=O)C1=C(C)Nc2nc(SCc3ccc(C(=O)O)cc3)nn2C1c1cccs1 | UCB=1.6 | mu=0.3458 | std=0.8866 | f=0.2012
2025-10-12 23:32:15,117 - INFO - [round 17] pick 4/5: CC1CC2=Nc3ccccc3NC(C)C2=C(O)O1 | UCB=1.555 | mu=0.2422 | std=0.9284 | f=0.4175
2025-10-12 23:32:15,162 - INFO - [round 17] pick 5/5: Cc1cc(C)c2c(-n3cccc3)c(NC(=O)OC(C)C)sc2n1 | UCB=1.573 | mu=0.2774 | std=0.9161 | f=0.4066
2025-10-12 23:32:15,207 - INFO - Round 17 done in 57.60s; train size=100
2025-10-12 23:32:15,208 - INFO - 
--- Round 18 | trial=5 | sqrt_beta=1.4142 (beta=2.0000) | rho=0.55 | train size=100 ---
2025-10-12 23:33:15,836 - INFO - [round 18] pick 1/5: CCOC(=O)Nc1cc2c(c(N)n1)N=C(Cc1ccccc1)C(C)N2 | UCB=1.626 | mu=0.3824 | std=0.8795 | f=0.5147
2025-10-12 23:33:15,883 - INFO - [round 18] pick 2/5: CSc1nnc(C)c(=O)n1COC(=O)COc1ccccc1C | UCB=1.604 | mu=0.3652 | std=0.876 | f=0.1831
2025-10-12 23:33:15,931 - INFO - [round 18] pick 3/5: Cc1c(-c2cnc(N)s2)c2ccccc2n1C | UCB=1.598 | mu=0.3643 | std=0.8722 | f=0.4364
2025-10-12 23:33:15,979 - INFO - [round 18] pick 4/5: CC1=C(C(=O)N2CCOCC2)C(c2ccccc2F)C2=C(O)CC(C)(C)CC2=N1 | UCB=1.577 | mu=0.2781 | std=0.9188 | f=0.1707
2025-10-12 23:33:16,028 - INFO - [round 18] pick 5/5: CCC1=Nc2c(C)nn(CC)c2C2=NC(C)CN12 | UCB=1.53 | mu=0.1978 | std=0.9419 | f=0.3377
2025-10-12 23:33:16,078 - INFO - Round 18 done in 60.87s; train size=105
2025-10-12 23:33:16,079 - INFO - 
--- Round 19 | trial=5 | sqrt_beta=1.4142 (beta=2.0000) | rho=0.55 | train size=105 ---
2025-10-12 23:34:19,662 - INFO - [round 19] pick 1/5: CCOC(=O)c1cnc2c(c(C)nn2C)c1Nc1ccccc1 | UCB=1.623 | mu=0.4276 | std=0.8454 | f=0.5285
2025-10-12 23:34:19,713 - INFO - [round 19] pick 2/5: CCCOC1Sc2nnc(C)n2N=C1c1ccccc1 | UCB=1.613 | mu=0.3584 | std=0.8868 | f=0.4532
2025-10-12 23:34:19,766 - INFO - [round 19] pick 3/5: Cn1cc(C2CC(=O)N=C(N)N2)c2ccccc21 | UCB=1.587 | mu=0.3359 | std=0.8844 | f=0.443
2025-10-12 23:34:19,818 - INFO - [round 19] pick 4/5: CCOc1nc2sc(C)c(C)c2c(=O)o1 | UCB=1.545 | mu=0.2763 | std=0.8971 | f=0.1404
2025-10-12 23:34:19,872 - INFO - [round 19] pick 5/5: O=C(Nc1sc2c(c1-c1nc3ccccc3s1)CCNC2)C(F)F | UCB=1.551 | mu=0.2483 | std=0.9211 | f=0.1466
2025-10-12 23:34:19,927 - INFO - Round 19 done in 63.85s; train size=110
2025-10-12 23:34:19,927 - INFO - 
--- Round 20 | trial=5 | sqrt_beta=1.4142 (beta=2.0000) | rho=0.55 | train size=110 ---
2025-10-12 23:35:26,165 - INFO - [round 20] pick 1/5: CCOC(=O)NC1=NC(c2ccccc2)CN1C | UCB=1.629 | mu=0.3882 | std=0.8775 | f=0.1767
2025-10-12 23:35:26,221 - INFO - [round 20] pick 2/5: CC1=CNC2C(N)=Nc3cc(-c4ccccc4)sc3N12 | UCB=1.605 | mu=0.3365 | std=0.8967 | f=0.1579
2025-10-12 23:35:26,278 - INFO - [round 20] pick 3/5: CCOc1ccc2c3ccnc(C)c3n(CC)c2c1 | UCB=1.59 | mu=0.3265 | std=0.8937 | f=0.4369
2025-10-12 23:35:26,336 - INFO - [round 20] pick 4/5: CC(=O)N1N=C(c2nc(C(C)C)cs2)OC1c1cccc(Cl)c1Cl | UCB=1.567 | mu=0.2773 | std=0.9118 | f=0.4714
2025-10-12 23:35:26,395 - INFO - [round 20] pick 5/5: O=C(O)C=Cc1nnc2c3ccccc3cnn12 | UCB=1.573 | mu=0.3017 | std=0.8991 | f=0.3896
2025-10-12 23:35:26,455 - INFO - Round 20 done in 66.53s; train size=115
2025-10-12 23:35:26,455 - INFO - 
--- Round 21 | trial=5 | sqrt_beta=1.4142 (beta=2.0000) | rho=0.55 | train size=115 ---
2025-10-12 23:36:36,777 - INFO - [round 21] pick 1/5: CCOC(=O)c1ccccc1Nc1cc(C)nc2nc(C)nn12 | UCB=1.62 | mu=0.4078 | std=0.8572 | f=0.5285
2025-10-12 23:36:36,839 - INFO - [round 21] pick 2/5: CCn1c2ccccc2c2cc[n+](Cc3ccccc3)cc21 | UCB=1.577 | mu=0.3031 | std=0.9005 | f=0.1446
2025-10-12 23:36:36,901 - INFO - [round 21] pick 3/5: CC1=C2C(=O)Nc3ccccc3C2NC(=O)N1C | UCB=1.586 | mu=0.3506 | std=0.8736 | f=0.5074
2025-10-12 23:36:36,964 - INFO - [round 21] pick 4/5: CCOP(=O)(OCC)C(OC(C)=O)c1cc2cc(C)ccc2n2nnnc12 | UCB=1.578 | mu=0.2822 | std=0.9164 | f=0.4543
2025-10-12 23:36:37,028 - INFO - [round 21] pick 5/5: CCCc1nnc2c3c4c(sc3ncn12)CCCC4 | UCB=1.523 | mu=0.1928 | std=0.9406 | f=0.1105
2025-10-12 23:36:37,093 - INFO - Round 21 done in 70.64s; train size=120
2025-10-12 23:36:37,093 - INFO - 
--- Round 22 | trial=5 | sqrt_beta=1.4142 (beta=2.0000) | rho=0.55 | train size=120 ---
2025-10-12 23:37:47,374 - INFO - [round 22] pick 1/5: CCOC(=O)c1cnc(-n2cc(C)cn2)nc1Nc1ccccc1OCC | UCB=1.617 | mu=0.395 | std=0.8637 | f=0.5222
2025-10-12 23:37:47,441 - INFO - [round 22] pick 2/5: Cc1nc2nnnn2c2c1C(=O)Nc1ccccc1N2 | UCB=1.594 | mu=0.3259 | std=0.8968 | f=0.1579
2025-10-12 23:37:47,509 - INFO - [round 22] pick 3/5: CCCc1c[nH]c(C2Cc3ccccc3N2C(C)=O)n1 | UCB=1.595 | mu=0.324 | std=0.899 | f=0.4671
2025-10-12 23:37:47,577 - INFO - [round 22] pick 4/5: CCOC(O)=C1C(COCc2nnn(C)n2)=NC(C)=C(C(=O)OC)C1c1cccc(Cl)c1Cl | UCB=1.589 | mu=0.3223 | std=0.896 | f=0.614
2025-10-12 23:37:47,647 - INFO - [round 22] pick 5/5: CC(=O)Nc1cc(C)c(-c2nnc3n2N=C(C)CS3)s1 | UCB=1.552 | mu=0.2432 | std=0.9255 | f=0.343
2025-10-12 23:37:47,718 - INFO - Round 22 done in 70.63s; train size=125
2025-10-12 23:37:47,719 - INFO - 
--- Round 23 | trial=5 | sqrt_beta=1.4142 (beta=2.0000) | rho=0.55 | train size=125 ---
2025-10-12 23:39:01,125 - INFO - [round 23] pick 1/5: CCOC(=O)C1=C(C)N=C(C)C(=C(O)OCC)C1c1nc2ccccc2[nH]1 | UCB=1.637 | mu=0.418 | std=0.862 | f=0.5875
2025-10-12 23:39:01,198 - INFO - [round 23] pick 2/5: CCc1c(C(=O)Nc2ncn(Cc3cccc(C)c3)n2)csc1C | UCB=1.608 | mu=0.3405 | std=0.896 | f=0.4342
2025-10-12 23:39:01,272 - INFO - [round 23] pick 3/5: CC(C)(C)n1nnc(-c2coc3ccccc3c2=O)n1 | UCB=1.595 | mu=0.3363 | std=0.8903 | f=0.4082
2025-10-12 23:39:01,346 - INFO - [round 23] pick 4/5: CC1(C)NC(N)=NC(=N)N1OCc1cccc(Cl)c1Cl | UCB=1.561 | mu=0.2586 | std=0.9208 | f=0.1653
2025-10-12 23:39:01,422 - INFO - [round 23] pick 5/5: CCOC(=O)C1Nc2ccc(C)cc2C2C=CCC12 | UCB=1.577 | mu=0.2802 | std=0.917 | f=0.4736
2025-10-12 23:39:01,499 - INFO - Round 23 done in 73.78s; train size=130
2025-10-12 23:39:01,499 - INFO - 
--- Round 24 | trial=5 | sqrt_beta=1.4142 (beta=2.0000) | rho=0.55 | train size=130 ---
2025-10-12 23:40:19,135 - INFO - [round 24] pick 1/5: CCOC(=O)C1=C(C)NC(C)=C(C(=O)OCC)C1c1ccccc1I | UCB=1.644 | mu=0.4353 | std=0.855 | f=0.2669
2025-10-12 23:40:19,215 - INFO - [round 24] pick 2/5: CCc1nnc(NC(=O)c2cc(C)nc3ccccc23)s1 | UCB=1.62 | mu=0.4433 | std=0.8317 | f=0.4609
2025-10-12 23:40:19,294 - INFO - [round 24] pick 3/5: CCOC(=O)C(Cc1cncn1CC)Nc1nc2cc(C(C)C)ccc2o1 | UCB=1.604 | mu=0.3218 | std=0.907 | f=0.4419
2025-10-12 23:40:19,375 - INFO - [round 24] pick 4/5: CC1=C(C(=O)O)N2C(=O)C(=Cc3ccccn3)C2S(=O)(=O)C1C | UCB=1.578 | mu=0.278 | std=0.919 | f=0.4219
2025-10-12 23:40:19,458 - INFO - [round 24] pick 5/5: CCOCC1CN(Cc2cccnc2)Cc2nn(C)cc21 | UCB=1.566 | mu=0.2541 | std=0.9277 | f=0.4117
2025-10-12 23:40:19,541 - INFO - Round 24 done in 78.04s; train size=135
2025-10-12 23:40:19,541 - INFO - 
--- Round 25 | trial=5 | sqrt_beta=1.4142 (beta=2.0000) | rho=0.55 | train size=135 ---
2025-10-12 23:41:38,529 - INFO - [round 25] pick 1/5: CCOC(=O)c1cc(-c2ccccc2C)nn1Cc1cc(CC)no1 | UCB=1.632 | mu=0.4069 | std=0.8663 | f=0.5357
2025-10-12 23:41:38,614 - INFO - [round 25] pick 2/5: CCOCc1cnc2n1CCN(C(=O)c1cn(C)c3ccccc13)C2C | UCB=1.622 | mu=0.3695 | std=0.8854 | f=0.1794
2025-10-12 23:41:38,699 - INFO - [round 25] pick 3/5: CCS(=O)(=O)c1nc2ccccn2c1S(=O)(=O)NC(=O)Nc1nc(C)cc(C)n1 | UCB=1.598 | mu=0.3043 | std=0.9147 | f=0.4264
2025-10-12 23:41:38,787 - INFO - [round 25] pick 4/5: CC1=Nc2c(c(=O)[nH]n2C(C)C)C(c2ccc3nccnc3c2)S1 | UCB=1.578 | mu=0.2807 | std=0.9175 | f=0.1429
2025-10-12 23:41:38,875 - INFO - [round 25] pick 5/5: CCOC(=O)c1nc(N)nc2nn(CC(C)(C)C)cc12 | UCB=1.584 | mu=0.2974 | std=0.9099 | f=0.1607
2025-10-12 23:41:38,964 - INFO - Round 25 done in 79.42s; train size=140
2025-10-12 23:41:38,964 - INFO - 
--- Round 26 | trial=5 | sqrt_beta=1.4142 (beta=2.0000) | rho=0.55 | train size=140 ---
2025-10-12 23:43:00,257 - INFO - [round 26] pick 1/5: CCOC(=O)c1cc(-c2ccncc2)nc2c1c(C)nn2C | UCB=1.626 | mu=0.4339 | std=0.8431 | f=0.491
2025-10-12 23:43:00,348 - INFO - [round 26] pick 2/5: CCOC(O)=C1C(C)=NC(C)=C(C(=O)OCCN2C(=O)c3ccccc3S2(=O)=O)C1c1cccc(Cl)c1Cl | UCB=1.62 | mu=0.427 | std=0.8434 | f=0.2147
2025-10-12 23:43:00,441 - INFO - [round 26] pick 3/5: CCc1ncc(C(=O)N(C)CC2Cc3ccccc3O2)cn1 | UCB=1.596 | mu=0.3156 | std=0.9053 | f=0.4434
2025-10-12 23:43:00,535 - INFO - [round 26] pick 4/5: CCOP(=O)(CCn1cc(Cn2cnc3cc(C)c(C)cc32)nn1)OCC | UCB=1.58 | mu=0.2838 | std=0.9164 | f=0.4098
2025-10-12 23:43:00,630 - INFO - [round 26] pick 5/5: Cc1nc2ccccn2c1C(=O)NN=Cc1no[n+]([O-])c1C | UCB=1.586 | mu=0.2871 | std=0.9183 | f=0.3979
2025-10-12 23:43:00,727 - INFO - Round 26 done in 81.76s; train size=145
2025-10-12 23:43:00,727 - INFO - 
--- Round 27 | trial=5 | sqrt_beta=1.4142 (beta=2.0000) | rho=0.55 | train size=145 ---
2025-10-12 23:44:24,492 - INFO - [round 27] pick 1/5: CCn1ncc(C2=NOC(C(=O)Nc3ccccc3C(=O)OC)C2)c1C | UCB=1.623 | mu=0.3713 | std=0.8849 | f=0.5311
2025-10-12 23:44:24,590 - INFO - [round 27] pick 2/5: CCOC(=O)C=Cc1cccc(OCc2nc(C)c(C)nc2C)c1 | UCB=1.612 | mu=0.3493 | std=0.8927 | f=0.1847
2025-10-12 23:44:24,690 - INFO - [round 27] pick 3/5: CCc1nn2c(=O)cc(Cn3cnc4ccccc43)nc2s1 | UCB=1.603 | mu=0.371 | std=0.871 | f=0.1539
2025-10-12 23:44:24,790 - INFO - [round 27] pick 4/5: CCNc1nn2ccccc2c1C=C(C#N)C(=O)OCC | UCB=1.611 | mu=0.3233 | std=0.9103 | f=0.1703
2025-10-12 23:44:24,891 - INFO - [round 27] pick 5/5: CC(Cc1nnn(-c2cc(C)on2)n1)=NO | UCB=1.547 | mu=0.2076 | std=0.9473 | f=0.1038
2025-10-12 23:44:24,994 - INFO - Round 27 done in 84.27s; train size=150
2025-10-12 23:44:24,995 - INFO - 
--- Round 28 | trial=5 | sqrt_beta=1.4142 (beta=2.0000) | rho=0.55 | train size=150 ---
2025-10-12 23:45:51,766 - INFO - [round 28] pick 1/5: CCn1nc(C)c(C=NNC(=O)c2c[nH]c3ccccc23)c1C | UCB=1.624 | mu=0.3951 | std=0.8692 | f=0.4734
2025-10-12 23:45:51,871 - INFO - [round 28] pick 2/5: CCOC(=O)c1c2c(c(C)n1Cc1ccccc1)-c1oncc1CC2 | UCB=1.623 | mu=0.4102 | std=0.8575 | f=0.1886
2025-10-12 23:45:51,977 - INFO - [round 28] pick 3/5: CCN(CC)C(=O)c1nn(C)c2nc(OCc3ccccn3)cnc12 | UCB=1.609 | mu=0.344 | std=0.8944 | f=0.4508
2025-10-12 23:45:52,085 - INFO - [round 28] pick 4/5: Cc1cccc(-c2nnc3c([n+]2[O-])C(C)(C)OC3(C)C)c1 | UCB=1.573 | mu=0.2611 | std=0.9274 | f=0.3682
2025-10-12 23:45:52,193 - INFO - [round 28] pick 5/5: Cn1cncc1-c1cc2cc3c(cc2o1)OC(C(C)(C)O)C3 | UCB=1.56 | mu=0.2318 | std=0.9391 | f=0.1231
2025-10-12 23:45:52,302 - INFO - Round 28 done in 87.31s; train size=155
2025-10-12 23:45:52,302 - INFO - 
--- Round 29 | trial=5 | sqrt_beta=1.4142 (beta=2.0000) | rho=0.55 | train size=155 ---
2025-10-12 23:47:20,589 - INFO - [round 29] pick 1/5: CCn1nc(NC(C)=O)c2cc3cccc(C)c3nc21 | UCB=1.625 | mu=0.3934 | std=0.871 | f=0.4452
2025-10-12 23:47:20,701 - INFO - [round 29] pick 2/5: CCOC(O)=C1C(COCCn2ccnn2)=NC(C)=C(C(=O)OC)C1c1ccccc1Cl | UCB=1.612 | mu=0.4705 | std=0.8069 | f=0.7008
2025-10-12 23:47:20,814 - INFO - [round 29] pick 3/5: CC1=NN(C(=O)Oc2ccccc2)C(C)N=N1 | UCB=1.604 | mu=0.3384 | std=0.8948 | f=0.1606
2025-10-12 23:47:20,929 - INFO - [round 29] pick 4/5: CN(C)c1ncnc2[nH]cc(-c3cnn(C)c3)c12 | UCB=1.56 | mu=0.2485 | std=0.9271 | f=0.3362
2025-10-12 23:47:21,045 - INFO - [round 29] pick 5/5: CCC(CC)NC(=O)c1cnn(C)c1NS(=O)(=O)c1ccc(C)cc1 | UCB=1.591 | mu=0.3056 | std=0.9087 | f=0.1514
2025-10-12 23:47:21,162 - INFO - Round 29 done in 88.86s; train size=160
2025-10-12 23:47:21,162 - INFO - 
--- Round 30 | trial=5 | sqrt_beta=1.4142 (beta=2.0000) | rho=0.55 | train size=160 ---
2025-10-12 23:48:52,756 - INFO - [round 30] pick 1/5: Cc1ccc2[nH]c(C(=O)NCCCn3ccnn3)c(C)c2c1 | UCB=1.617 | mu=0.3462 | std=0.8985 | f=0.4201
2025-10-12 23:48:52,875 - INFO - [round 30] pick 2/5: CCn1c(=S)sc2c(NC(=O)Nc3ccccc3OC)ncnc21 | UCB=1.616 | mu=0.3654 | std=0.8843 | f=0.4564
2025-10-12 23:48:52,995 - INFO - [round 30] pick 3/5: CCCN1C(S)=NC(C)=C(C(=O)OCC)C1c1cccc([N+](=O)[O-])c1 | UCB=1.61 | mu=0.3697 | std=0.8768 | f=0.1997
2025-10-12 23:48:53,116 - INFO - [round 30] pick 4/5: C=CCN1Cc2ccccc2C2Cc3nc(N)ncc3CC21 | UCB=1.571 | mu=0.2692 | std=0.9203 | f=0.1496
2025-10-12 23:48:53,243 - INFO - [round 30] pick 5/5: Cc1cc(-c2nnn(C)n2)cc(C)c1OCCCCCc1cccnc1 | UCB=1.592 | mu=0.3183 | std=0.9004 | f=0.4114
2025-10-12 23:48:53,368 - INFO - Round 30 done in 92.21s; train size=165
2025-10-12 23:48:53,368 - INFO - 
--- Round 31 | trial=5 | sqrt_beta=1.4142 (beta=2.0000) | rho=0.55 | train size=165 ---
2025-10-12 23:50:27,110 - INFO - [round 31] pick 1/5: CCCCOc1c(C(=O)c2ccccc2C)c[nH]c2nncc1-2 | UCB=1.621 | mu=0.3691 | std=0.8853 | f=0.5044
2025-10-12 23:50:27,237 - INFO - [round 31] pick 2/5: CCn1nc(C)cc1C(=O)NCc1cccnc1N(C)C | UCB=1.611 | mu=0.3462 | std=0.8943 | f=0.1534
2025-10-12 23:50:27,365 - INFO - [round 31] pick 3/5: CCOC(=O)Cn1cc(COCc2c(-c3ccc(OC)cc3)nc3sc(C)nn23)nn1 | UCB=1.6 | mu=0.3373 | std=0.8927 | f=0.1832
2025-10-12 23:50:27,495 - INFO - [round 31] pick 4/5: C[N+](C)(C)C1=NNC2=Nc3ccccc3SC2=C1 | UCB=1.588 | mu=0.3189 | std=0.8974 | f=0.4175
2025-10-12 23:50:27,626 - INFO - [round 31] pick 5/5: CCOC(=O)c1cc(CC)cc(CCn2cnc3c2NC=NCC3O)c1 | UCB=1.586 | mu=0.2977 | std=0.9111 | f=0.4666
2025-10-12 23:50:27,758 - INFO - Round 31 done in 94.39s; train size=170
2025-10-12 23:50:27,758 - INFO - 
--- Round 32 | trial=5 | sqrt_beta=1.4142 (beta=2.0000) | rho=0.55 | train size=170 ---
2025-10-12 23:52:07,986 - INFO - [round 32] pick 1/5: Cc1nn(C)c2ncc(C(=O)c3ccccc3O)cc12 | UCB=1.623 | mu=0.4167 | std=0.8532 | f=0.4452
2025-10-12 23:52:08,121 - INFO - [round 32] pick 2/5: CCC(=NNc1ccccc1C)c1cnnc(SC)n1 | UCB=1.612 | mu=0.3608 | std=0.8848 | f=0.1586
2025-10-12 23:52:08,259 - INFO - [round 32] pick 3/5: CCOC(=O)c1c[nH]c2c(ccn3ccnc23)c1=O | UCB=1.6 | mu=0.3389 | std=0.8915 | f=0.4736
2025-10-12 23:52:08,396 - INFO - [round 32] pick 4/5: CCc1cc(CNC(=O)CCc2nnc(Cc3cccc(C)c3)o2)on1 | UCB=1.599 | mu=0.33 | std=0.8976 | f=0.433
2025-10-12 23:52:08,534 - INFO - [round 32] pick 5/5: COCCCn1ncn(-c2nc3c(s2)C(C)Sc2sccc2-3)c1=O | UCB=1.547 | mu=0.222 | std=0.9368 | f=0.1466
2025-10-12 23:52:08,674 - INFO - Round 32 done in 100.92s; train size=175
2025-10-12 23:52:08,675 - INFO - 
--- Round 33 | trial=5 | sqrt_beta=1.4142 (beta=2.0000) | rho=0.55 | train size=175 ---
2025-10-12 23:53:49,927 - INFO - [round 33] pick 1/5: CCOC(=O)c1cnn2c1nc(O)c1ccccc12 | UCB=1.614 | mu=0.4573 | std=0.8181 | f=0.5095
2025-10-12 23:53:50,069 - INFO - [round 33] pick 2/5: CCNC(=O)Nc1cc2[nH]nc(-c3ccnc(C)c3)c2cn1 | UCB=1.605 | mu=0.3244 | std=0.9055 | f=0.4082
2025-10-12 23:53:50,213 - INFO - [round 33] pick 3/5: COc1cc2c(cc1OC)C(C)=[N+]([O-])C(c1ccccn1)N2 | UCB=1.588 | mu=0.3021 | std=0.9094 | f=0.4453
2025-10-12 23:53:50,357 - INFO - [round 33] pick 4/5: Cc1ccc2oc(=O)n(CCCCn3cc(CCCCCC4SCC5NC(=O)NC54)nn3)c2c1 | UCB=1.55 | mu=0.2284 | std=0.9344 | f=0.006923
2025-10-12 23:53:50,505 - INFO - [round 33] pick 5/5: CC(=O)CC1c2ccccc2N=C(n2ccnc2)N1C(C)C | UCB=1.591 | mu=0.3218 | std=0.8978 | f=0.4453
2025-10-12 23:53:50,653 - INFO - Round 33 done in 101.98s; train size=180
2025-10-12 23:53:50,654 - INFO - 
--- Round 34 | trial=5 | sqrt_beta=1.4142 (beta=2.0000) | rho=0.55 | train size=180 ---
2025-10-12 23:55:33,577 - INFO - [round 34] pick 1/5: CC(=O)n1ccc(-c2cc3ccccc3nc2C)n1 | UCB=1.615 | mu=0.3928 | std=0.8641 | f=0.4369
2025-10-12 23:55:33,730 - INFO - [round 34] pick 2/5: C=C(COC)C(=O)Nc1cccc(-c2ncnc3[nH]cc(C(=O)OCC)c23)c1 | UCB=1.608 | mu=0.3551 | std=0.8857 | f=0.518
2025-10-12 23:55:33,884 - INFO - [round 34] pick 3/5: CCOc1ncnc2c1ncn2CC1CC(CO)c2ccccc21 | UCB=1.603 | mu=0.3268 | std=0.9022 | f=0.1665
2025-10-12 23:55:34,040 - INFO - [round 34] pick 4/5: COC(=O)Nc1ncc(-c2ccnn2-c2cc(C)cc(C)c2)s1 | UCB=1.608 | mu=0.3399 | std=0.8967 | f=0.4166
2025-10-12 23:55:34,198 - INFO - [round 34] pick 5/5: CCCCOn1c(C)c(C(C)=O)c2c3no[n+]([O-])c3ccc21 | UCB=1.579 | mu=0.2858 | std=0.9145 | f=0.4472
2025-10-12 23:55:34,359 - INFO - Round 34 done in 103.71s; train size=185
2025-10-12 23:55:34,359 - INFO - 
--- Round 35 | trial=5 | sqrt_beta=1.4142 (beta=2.0000) | rho=0.55 | train size=185 ---
2025-10-12 23:57:20,579 - INFO - [round 35] pick 1/5: CCOC(=O)c1cccc(Nc2cc(C)nc(C)n2)c1 | UCB=1.622 | mu=0.4199 | std=0.8501 | f=0.1857
2025-10-12 23:57:20,740 - INFO - [round 35] pick 2/5: COc1cnc(C(C)=O)c2[nH]c3ccccc3c12 | UCB=1.615 | mu=0.3949 | std=0.863 | f=0.4804
2025-10-12 23:57:20,902 - INFO - [round 35] pick 3/5: CCc1nnc2n1-c1cccnc1N(CC)c1ncccc1-2 | UCB=1.598 | mu=0.3227 | std=0.9014 | f=0.1452
2025-10-12 23:57:21,066 - INFO - [round 35] pick 4/5: CCOCC1COc2cc3c(=S)c(C(=O)OCC)c[nH]c3cc2O1 | UCB=1.592 | mu=0.306 | std=0.909 | f=0.4892
2025-10-12 23:57:21,232 - INFO - [round 35] pick 5/5: O=C(O)c1cnn2cc(-c3[nH]ncc3[N+](=O)[O-])cnc12 | UCB=1.551 | mu=0.2346 | std=0.9311 | f=0.343
2025-10-12 23:57:21,399 - INFO - Round 35 done in 107.04s; train size=190
2025-10-12 23:57:21,399 - INFO - 
--- Round 36 | trial=5 | sqrt_beta=1.4142 (beta=2.0000) | rho=0.55 | train size=190 ---
2025-10-12 23:59:10,584 - INFO - [round 36] pick 1/5: CCCCOC1Cc2c(C(C)=O)c(O)c3ccccc3c2O1 | UCB=1.614 | mu=0.3683 | std=0.8806 | f=0.5022
2025-10-12 23:59:10,753 - INFO - [round 36] pick 2/5: CCOC(=O)c1sc2ncn(N=Cc3cccnc3)c(=O)c2c1C | UCB=1.609 | mu=0.3766 | std=0.8713 | f=0.4783
2025-10-12 23:59:10,923 - INFO - [round 36] pick 3/5: CCOc1ccccc1NC(=O)Cn1nnc(-c2ccc(OCC)c(OCC)c2)n1 | UCB=1.604 | mu=0.3656 | std=0.8756 | f=0.4846
2025-10-12 23:59:11,095 - INFO - [round 36] pick 4/5: c1cc(-c2cn[nH]c2)c2cc[nH]c2n1 | UCB=1.565 | mu=0.2639 | std=0.9199 | f=0.3191
2025-10-12 23:59:11,269 - INFO - [round 36] pick 5/5: Cc1nc(C(=O)N(C)C)nn1-c1cc(Cl)cc(Cl)c1 | UCB=1.573 | mu=0.2797 | std=0.9145 | f=0.144
2025-10-12 23:59:11,444 - INFO - Round 36 done in 110.05s; train size=195
2025-10-12 23:59:11,444 - INFO - 
--- Round 37 | trial=5 | sqrt_beta=1.4142 (beta=2.0000) | rho=0.55 | train size=195 ---
2025-10-13 00:01:04,855 - INFO - [round 37] pick 1/5: COc1c(C)c(CC(=O)O)c(OC)c2ccccc12 | UCB=1.616 | mu=0.3863 | std=0.8695 | f=0.1893
2025-10-13 00:01:05,034 - INFO - [round 37] pick 2/5: CCCC(C)S(=O)(=O)Nc1cccc(C(=O)c2c[nH]c3ncncc23)c1F | UCB=1.612 | mu=0.3444 | std=0.8962 | f=0.4222
2025-10-13 00:01:05,216 - INFO - [round 37] pick 3/5: Cc1ccc2c(c1)SC(C(=O)Nc1nnc(-c3ccccn3)[nH]1)C2 | UCB=1.602 | mu=0.334 | std=0.8965 | f=0.1543
2025-10-13 00:01:05,397 - INFO - [round 37] pick 4/5: CCOC(=O)c1cn2nc(OP(=S)(OCC)OCC)cc2nc1C | UCB=1.581 | mu=0.3227 | std=0.8895 | f=0.1693
2025-10-13 00:01:05,581 - INFO - [round 37] pick 5/5: CC1(C)N=C(N)N=C(N)N1OCC1COc2ccccc2O1 | UCB=1.569 | mu=0.2854 | std=0.9078 | f=0.41
2025-10-13 00:01:05,766 - INFO - Round 37 done in 114.32s; train size=200
2025-10-13 00:01:05,766 - INFO - 
--- Round 38 | trial=5 | sqrt_beta=1.4142 (beta=2.0000) | rho=0.55 | train size=200 ---
2025-10-13 00:03:01,672 - INFO - [round 38] pick 1/5: CCCNc1c(C(=O)OCCC)cnc2c1cnn2CC(Cl)c1ccccc1 | UCB=1.613 | mu=0.3752 | std=0.875 | f=0.486
2025-10-13 00:03:01,859 - INFO - [round 38] pick 2/5: CCOc1ccnc(C[S+]([O-])c2nc3ccccc3[nH]2)c1C | UCB=1.606 | mu=0.4018 | std=0.8514 | f=0.4663
2025-10-13 00:03:02,048 - INFO - [round 38] pick 3/5: CCc1cc(C(=O)Nc2nn[nH]n2)c(O)c(C(C)=NOC)c1 | UCB=1.577 | mu=0.2798 | std=0.9174 | f=0.147
2025-10-13 00:03:02,239 - INFO - [round 38] pick 4/5: Cc1cc2c(cc1C)C(C(=O)Nc1cnccn1)SCC2=O | UCB=1.584 | mu=0.3086 | std=0.9017 | f=0.3979
2025-10-13 00:03:02,431 - INFO - [round 38] pick 5/5: CC(=O)C1=COCC2C1CC1c3c(c4ccccc4n3C)CC2N1C | UCB=1.568 | mu=0.2907 | std=0.9034 | f=0.007653
2025-10-13 00:03:02,626 - INFO - Round 38 done in 116.86s; train size=205
2025-10-13 00:03:02,626 - INFO - 
--- Round 39 | trial=5 | sqrt_beta=1.4142 (beta=2.0000) | rho=0.55 | train size=205 ---
2025-10-13 00:04:58,077 - INFO - [round 39] pick 1/5: CCOc1ccccc1NC(=O)CSc1nnc2[nH]c(=O)cc(C)n12 | UCB=1.613 | mu=0.4386 | std=0.8301 | f=0.4937
2025-10-13 00:04:58,274 - INFO - [round 39] pick 2/5: CCn1ncc(C(=O)NCCc2nc(-c3ccncc3)n[nH]2)c1C | UCB=1.609 | mu=0.3644 | std=0.8801 | f=0.4212
2025-10-13 00:04:58,472 - INFO - [round 39] pick 3/5: CCOC(=O)C(C(=O)OCC)C1N=C(N)N=C2Oc3ccccc3N21 | UCB=1.605 | mu=0.3525 | std=0.8859 | f=0.5275
2025-10-13 00:04:58,674 - INFO - [round 39] pick 4/5: CCC#CC(O)=Nc1cccc(-c2cnc3[nH]cc(C)c3c2)c1 | UCB=1.593 | mu=0.3086 | std=0.9082 | f=0.4032
2025-10-13 00:04:58,878 - INFO - [round 39] pick 5/5: O=c1[nH]c2cncnc2n1-c1ccc2c(c1)OCO2 | UCB=1.577 | mu=0.2725 | std=0.9223 | f=0.1262
2025-10-13 00:04:59,082 - INFO - Round 39 done in 116.46s; train size=210
