['COc1ccccc1CN1CC2(C1)C(c1ccccc1)C(CO)N2Cc1ccccc1',
 'CC1(F)C(O)C(COP(=O)(O)OP(=O)(O)OP(=O)(O)O)OC1n1cc(-c2ncon2)c2c(N)ncnc21',
 'COc1ccc(-c2cccc(=O)n2-c2cc(OC)c(OC)c(OC)c2)cc1OC',
 'CCC1CCCN(C(=O)CN2CN(c3ccccc3)C3(CCN(C(=O)c4ccc(C(C)(C)C)cc4)CC3)C2=O)C1',
 'CC(=O)N1CCC(c2cccnc2OC2CCN(c3cccc(C)n3)CC2)CC1',
 'O=C(NC(Cc1ccccc1)C(=O)Oc1ccc([N+](=O)[O-])cc1)OCc1ccccc1',
 'COCCn1ccc2c(OCC(=O)Nc3cccc(C(F)(F)F)c3)cccc2c1=O',
 'Cc1ccc(C2=C(c3nn[nH]n3)C(O)=NC(c3ccc(OCCC4CC4)cc3)(C(F)(F)F)C2)cc1',
 'O=C(O)c1cccc(OC(F)(F)F)c1',
 'CC(C)N(C)CCCNC(=O)c1cnc(-c2ccccc2)nc1']
f1 shape: (10,)
2025-09-15 15:28:39,684 - INFO - Initial Y: [0.005544289155300006, 0.4586275908154881, 0.23017257121594875, 0.20588461590461715, 0.12068098265833258, 0.608263275337113, 0.28172544235897085, 0.41950136286123657, 0.018898094934121163, 0.10621372000808707]
CUDA backend failed to initialize: Found cuDNN version 8500, but JAX was built against version 8906, which is newer. The copy of cuDNN that is installed must be at least as new as the version against which JAX was built. (Set TF_CPP_MIN_LOG_LEVEL=0 and rerun for more info.)
2025-09-15 15:29:06,883 - INFO - 
--- Iter 0 (train size=10) ---
2025-09-15 15:29:14,970 - INFO - eta_t=0.2500 | novelty mean=0.8190, std=0.0499 | UCB range=(0.3160, 0.6241) | novelty_z range=(-14.219,3.628)
2025-09-15 15:29:14,970 - INFO - Selected C=C=C → UCB+nov = 1.223
f1 shape: (1,)
2025-09-15 15:29:14,971 - INFO -   True f = 0
2025-09-15 15:29:14,987 - INFO - Iter time: 8.10s
2025-09-15 15:29:14,987 - INFO - 
--- Iter 1 (train size=11) ---
2025-09-15 15:29:23,501 - INFO - eta_t=0.1768 | novelty mean=0.8190, std=0.0499 | UCB range=(0.3188, 0.6241) | novelty_z range=(-14.222,3.515)
2025-09-15 15:29:23,501 - INFO - Selected ClC1(Cl)C2(Cl)C3(Cl)C4(Cl)C(Cl)(Cl)C5(Cl)C3(Cl)C1(Cl)C5(Cl)C24Cl → UCB+nov = 0.9402
f1 shape: (1,)
2025-09-15 15:29:23,503 - INFO -   True f = 0
2025-09-15 15:29:23,519 - INFO - Iter time: 8.53s
2025-09-15 15:29:23,519 - INFO - 
--- Iter 2 (train size=12) ---
2025-09-15 15:29:32,664 - INFO - eta_t=0.1443 | novelty mean=0.8190, std=0.0499 | UCB range=(0.3204, 0.6240) | novelty_z range=(-14.225,3.348)
2025-09-15 15:29:32,664 - INFO - Selected ClC(Br)Br → UCB+nov = 0.8036
f1 shape: (1,)
2025-09-15 15:29:32,665 - INFO -   True f = 0
2025-09-15 15:29:32,681 - INFO - Iter time: 9.16s
2025-09-15 15:29:32,681 - INFO - 
--- Iter 3 (train size=13) ---
2025-09-15 15:29:41,821 - INFO - eta_t=0.1250 | novelty mean=0.8190, std=0.0499 | UCB range=(0.3200, 0.6240) | novelty_z range=(-14.229,3.246)
2025-09-15 15:29:41,821 - INFO - Selected O=CC=O → UCB+nov = 0.7395
f1 shape: (1,)
2025-09-15 15:29:41,822 - INFO -   True f = 0.0007694
2025-09-15 15:29:41,838 - INFO - Iter time: 9.16s
2025-09-15 15:29:41,838 - INFO - 
--- Iter 4 (train size=14) ---
2025-09-15 15:29:51,698 - INFO - eta_t=0.1118 | novelty mean=0.8189, std=0.0498 | UCB range=(0.3200, 0.6239) | novelty_z range=(-14.237,3.224)
2025-09-15 15:29:51,698 - INFO - Selected S=C(S)[N-]C[N-]C(=S)S → UCB+nov = 0.6883
f1 shape: (1,)
2025-09-15 15:29:51,699 - INFO -   True f = 0.000235
2025-09-15 15:29:51,716 - INFO - Iter time: 9.88s
2025-09-15 15:29:51,716 - INFO - 
--- Iter 5 (train size=15) ---
2025-09-15 15:30:02,384 - INFO - eta_t=0.1021 | novelty mean=0.8189, std=0.0498 | UCB range=(0.3194, 0.6239) | novelty_z range=(-14.242,3.226)
2025-09-15 15:30:02,384 - INFO - Selected [O-][Cl+]O → UCB+nov = 0.6513
f1 shape: (1,)
2025-09-15 15:30:02,385 - INFO -   True f = 0
2025-09-15 15:30:02,401 - INFO - Iter time: 10.69s
2025-09-15 15:30:02,401 - INFO - 
--- Iter 6 (train size=16) ---
2025-09-15 15:30:13,133 - INFO - eta_t=0.0945 | novelty mean=0.8189, std=0.0498 | UCB range=(0.3194, 0.6239) | novelty_z range=(-14.243,3.071)
2025-09-15 15:30:13,133 - INFO - Selected O=S1(=O)NCNc2c(Cl)sc(Cl)c21 → UCB+nov = 0.6266
f1 shape: (1,)
2025-09-15 15:30:13,135 - INFO -   True f = 0.04732
2025-09-15 15:30:13,153 - INFO - Iter time: 10.75s
2025-09-15 15:30:13,153 - INFO - 
--- Iter 7 (train size=17) ---
2025-09-15 15:30:24,438 - INFO - eta_t=0.0884 | novelty mean=0.8189, std=0.0497 | UCB range=(0.3194, 0.6238) | novelty_z range=(-14.272,3.079)
2025-09-15 15:30:24,438 - INFO - Selected CCCCCCCCCCCCCCCCCCS(=O)(=O)CC(COP(=O)([O-])OCC[N+](C)(C)C)OCC → UCB+nov = 0.6079
f1 shape: (1,)
2025-09-15 15:30:24,441 - INFO -   True f = 0.1796
2025-09-15 15:30:24,457 - INFO - Iter time: 11.30s
2025-09-15 15:30:24,457 - INFO - 
--- Iter 8 (train size=18) ---
2025-09-15 15:30:36,982 - INFO - eta_t=0.0833 | novelty mean=0.8172, std=0.0498 | UCB range=(0.3192, 0.6245) | novelty_z range=(-14.209,3.015)
2025-09-15 15:30:36,982 - INFO - Selected CC(=O)OCC1(OC2OC(CNC(=O)N(C)N=O)C(OC(C)=O)C(OC(C)=O)C2OC(C)=O)OC(CNC(=O)N(C)N=O)C(OC(C)=O)C1OC(C)=O → UCB+nov = 0.5888
f1 shape: (1,)
2025-09-15 15:30:36,985 - INFO -   True f = 0.3918
2025-09-15 15:30:37,001 - INFO - Iter time: 12.54s
2025-09-15 15:30:37,001 - INFO - 
--- Iter 9 (train size=19) ---
2025-09-15 15:30:49,675 - INFO - eta_t=0.0791 | novelty mean=0.8169, std=0.0496 | UCB range=(0.3199, 0.6317) | novelty_z range=(-14.268,3.016)
2025-09-15 15:30:49,675 - INFO - Selected CC(=O)c1c(O)c(C)c(O)c2c1OC1=CC(O)=C(C(C)=NC(CCC(=O)O)C(=O)O)C(=O)C12C → UCB+nov = 0.5931
f1 shape: (1,)
2025-09-15 15:30:49,677 - INFO -   True f = 0.5356
2025-09-15 15:30:49,694 - INFO - Iter time: 12.69s
2025-09-15 15:30:49,694 - INFO - 
--- Iter 10 (train size=20) ---
2025-09-15 15:31:03,590 - INFO - eta_t=0.0754 | novelty mean=0.8164, std=0.0491 | UCB range=(0.3179, 0.6470) | novelty_z range=(-14.403,3.057)
2025-09-15 15:31:03,590 - INFO - Selected C=C1C(O)CC2C(C(=O)O)=COC(OC3OC(COC(=O)C=Cc4ccc(O)c(O)c4)C(O)C(O)C3OC(=O)c3ccc(O)cc3)C12 → UCB+nov = 0.6064
f1 shape: (1,)
2025-09-15 15:31:03,593 - INFO -   True f = 0.5747
2025-09-15 15:31:03,611 - INFO - Iter time: 13.92s
2025-09-15 15:31:03,611 - INFO - 
--- Iter 11 (train size=21) ---
2025-09-15 15:31:17,894 - INFO - eta_t=0.0722 | novelty mean=0.8159, std=0.0489 | UCB range=(0.3155, 0.6613) | novelty_z range=(-14.449,3.079)
2025-09-15 15:31:17,894 - INFO - Selected CCOC(=O)c1sc(N)nc1-c1ccc(P(=O)(NC(CC)C(=O)OCC)NC(CC)C(=O)OCC)o1 → UCB+nov = 0.6143
f1 shape: (1,)
2025-09-15 15:31:17,896 - INFO -   True f = 0.4719
2025-09-15 15:31:17,915 - INFO - Iter time: 14.30s
2025-09-15 15:31:17,915 - INFO - 
--- Iter 12 (train size=22) ---
2025-09-15 15:31:33,295 - INFO - eta_t=0.0693 | novelty mean=0.8155, std=0.0486 | UCB range=(0.3137, 0.6710) | novelty_z range=(-14.521,3.103)
2025-09-15 15:31:33,295 - INFO - Selected COC1C=CC=C(C)C(=O)NC2=CC(=O)C(NCCF)=C(CC(C)CC(OC)C(OC(=O)CN)C(C)C=C(C)C1OC(N)=O)C2=O → UCB+nov = 0.6243
f1 shape: (1,)
2025-09-15 15:31:33,298 - INFO -   True f = 0.5339
2025-09-15 15:31:33,313 - INFO - Iter time: 15.40s
2025-09-15 15:31:33,314 - INFO - 
--- Iter 13 (train size=23) ---
2025-09-15 15:31:49,511 - INFO - eta_t=0.0668 | novelty mean=0.8153, std=0.0487 | UCB range=(0.3139, 0.6764) | novelty_z range=(-14.484,3.100)
2025-09-15 15:31:49,511 - INFO - Selected COC(=O)C(Cc1ccc(O)cc1)NP(=O)(OCCSC(=O)C(C)(C)C)OCC1OC(n2cc(C)c(=O)[nH]c2=O)CC1N=[N+]=[N-] → UCB+nov = 0.6446
f1 shape: (1,)
2025-09-15 15:31:49,514 - INFO -   True f = 0.559
2025-09-15 15:31:49,529 - INFO - Iter time: 16.22s
2025-09-15 15:31:49,529 - INFO - 
--- Iter 14 (train size=24) ---
2025-09-15 15:32:06,851 - INFO - eta_t=0.0645 | novelty mean=0.8150, std=0.0488 | UCB range=(0.3136, 0.6905) | novelty_z range=(-14.468,3.106)
2025-09-15 15:32:06,851 - INFO - Selected C=CCONC(=O)OC1C(O)C(Oc2ccc3c(=O)c(C(=O)OCC)c(O)oc3c2C)OC(C)(C)C1OC → UCB+nov = 0.652
f1 shape: (1,)
2025-09-15 15:32:06,854 - INFO -   True f = 0.4998
2025-09-15 15:32:06,870 - INFO - Iter time: 17.34s
2025-09-15 15:32:06,870 - INFO - 
--- Iter 15 (train size=25) ---
2025-09-15 15:32:23,910 - INFO - eta_t=0.0625 | novelty mean=0.8147, std=0.0486 | UCB range=(0.3126, 0.6937) | novelty_z range=(-14.512,3.121)
2025-09-15 15:32:23,910 - INFO - Selected CCOC(=O)c1c(-c2ccc(OC)cc2)nc(=O)n(Cc2ccc(C(=O)C=C(O)C(=O)OC(C)C)cc2)c1C(C)C → UCB+nov = 0.6488
f1 shape: (1,)
2025-09-15 15:32:23,913 - INFO -   True f = 0.4919
2025-09-15 15:32:23,929 - INFO - Iter time: 17.06s
2025-09-15 15:32:23,929 - INFO - 
--- Iter 16 (train size=26) ---
2025-09-15 15:32:42,801 - INFO - eta_t=0.0606 | novelty mean=0.8131, std=0.0489 | UCB range=(0.3113, 0.7021) | novelty_z range=(-14.396,3.137)
2025-09-15 15:32:42,801 - INFO - Selected NC(=O)OCC1=C(COC(N)=O)C(=O)c2c(O)ccc(O)c2C1=O → UCB+nov = 0.6521
f1 shape: (1,)
2025-09-15 15:32:42,803 - INFO -   True f = 0.4637
2025-09-15 15:32:42,821 - INFO - Iter time: 18.89s
2025-09-15 15:32:42,821 - INFO - 
--- Iter 17 (train size=27) ---
2025-09-15 15:33:01,328 - INFO - eta_t=0.0589 | novelty mean=0.8129, std=0.0488 | UCB range=(0.3098, 0.7098) | novelty_z range=(-14.424,3.148)
2025-09-15 15:33:01,328 - INFO - Selected COc1cccc2c1C(=O)c1c(O)c3c(c(O)c1C2=O)CC(O)(C(C)=O)CC3OC1CC(NC(=O)C(CC(C)C)NC(=O)C(C)N)C(O)C(C)O1 → UCB+nov = 0.6612
f1 shape: (1,)
2025-09-15 15:33:01,331 - INFO -   True f = 0.5524
2025-09-15 15:33:01,347 - INFO - Iter time: 18.53s
2025-09-15 15:33:01,347 - INFO - 
--- Iter 18 (train size=28) ---
2025-09-15 15:33:21,531 - INFO - eta_t=0.0574 | novelty mean=0.8127, std=0.0489 | UCB range=(0.3088, 0.7168) | novelty_z range=(-14.372,3.142)
2025-09-15 15:33:21,531 - INFO - Selected CC(=O)OCC1=CC2C(=O)C3(C=C(C)C(OC(=O)c4ccccc4NC(=O)c4ccccc4N)C3(O)C1OC(C)=O)C(C)CC1C2C1(C)C → UCB+nov = 0.6683
f1 shape: (1,)
2025-09-15 15:33:21,534 - INFO -   True f = 0.524
2025-09-15 15:33:21,551 - INFO - Iter time: 20.20s
2025-09-15 15:33:21,551 - INFO - 
--- Iter 19 (train size=29) ---
2025-09-15 15:33:41,911 - INFO - eta_t=0.0559 | novelty mean=0.8125, std=0.0489 | UCB range=(0.3080, 0.7226) | novelty_z range=(-14.363,3.144)
2025-09-15 15:33:41,912 - INFO - Selected CCCCCCCCOc1ccc(NC(=O)C(CCCNC(=O)OC(C)(C)C)NC(=O)C2(O)CC(O)C(O)C(OC(=O)CCc3ccc(O)c(O)c3)C2)cc1 → UCB+nov = 0.6734
f1 shape: (1,)
2025-09-15 15:33:41,914 - INFO -   True f = 0.651
2025-09-15 15:33:41,932 - INFO - Iter time: 20.38s
2025-09-15 15:33:41,932 - INFO - 
--- Iter 20 (train size=30) ---
2025-09-15 15:34:03,251 - INFO - eta_t=0.0546 | novelty mean=0.8120, std=0.0489 | UCB range=(0.3078, 0.7850) | novelty_z range=(-14.376,3.159)
2025-09-15 15:34:03,251 - INFO - Selected CCCC(=O)Oc1ccc(NC(C)=C2C(=O)OC(=O)C(C(C)=O)=C2O)cc1 → UCB+nov = 0.6885
f1 shape: (1,)
2025-09-15 15:34:03,253 - INFO -   True f = 0.5034
2025-09-15 15:34:03,271 - INFO - Iter time: 21.34s
2025-09-15 15:34:03,272 - INFO - 
--- Iter 21 (train size=31) ---
2025-09-15 15:34:25,350 - INFO - eta_t=0.0533 | novelty mean=0.8111, std=0.0487 | UCB range=(0.3067, 0.7858) | novelty_z range=(-14.412,3.190)
2025-09-15 15:34:25,351 - INFO - Selected CC(=O)OC1c2cc(C)cc(O)c2C(=O)c2c(O)cc(OC3OC(C)C(O)C(OC(C)=O)C3OC(C)=O)cc21 → UCB+nov = 0.6869
f1 shape: (1,)
2025-09-15 15:34:25,353 - INFO -   True f = 0.489
2025-09-15 15:34:25,372 - INFO - Iter time: 22.10s
2025-09-15 15:34:25,372 - INFO - 
--- Iter 22 (train size=32) ---
2025-09-15 15:34:48,304 - INFO - eta_t=0.0521 | novelty mean=0.8110, std=0.0487 | UCB range=(0.3064, 0.7861) | novelty_z range=(-14.403,3.190)
2025-09-15 15:34:48,304 - INFO - Selected CC(=O)OCC1OC(OCCCOc2cc(O)c3c(=O)c(-c4ccc(O)cc4)coc3c2)C=CC1OC(C)=O → UCB+nov = 0.692
f1 shape: (1,)
2025-09-15 15:34:48,306 - INFO -   True f = 0.6426
2025-09-15 15:34:48,324 - INFO - Iter time: 22.95s
2025-09-15 15:34:48,324 - INFO - 
--- Iter 23 (train size=33) ---
2025-09-15 15:35:12,113 - INFO - eta_t=0.0510 | novelty mean=0.8109, std=0.0488 | UCB range=(0.3048, 0.7874) | novelty_z range=(-14.382,3.190)
2025-09-15 15:35:12,113 - INFO - Selected CC(=O)OCC1OC(n2c(SCc3ccc([N+](=O)[O-])cc3)nc3ccccc32)C(OC(C)=O)C(OC(C)=O)C1OC(C)=O → UCB+nov = 0.6999
f1 shape: (1,)
2025-09-15 15:35:12,116 - INFO -   True f = 0.5152
2025-09-15 15:35:12,134 - INFO - Iter time: 23.81s
2025-09-15 15:35:12,134 - INFO - 
--- Iter 24 (train size=34) ---
2025-09-15 15:35:36,182 - INFO - eta_t=0.0500 | novelty mean=0.8107, std=0.0490 | UCB range=(0.3047, 0.7870) | novelty_z range=(-14.322,3.181)
2025-09-15 15:35:36,182 - INFO - Selected CCOC(=O)C(C)NP(=O)(OCC1OC(O)C(NC(C)=O)C(O)C1O)Oc1ccc(OC)cc1 → UCB+nov = 0.7025
f1 shape: (1,)
2025-09-15 15:35:36,184 - INFO -   True f = 0.4964
2025-09-15 15:35:36,202 - INFO - Iter time: 24.07s
2025-09-15 15:35:36,202 - INFO - 
--- Iter 25 (train size=35) ---
2025-09-15 15:36:00,838 - INFO - eta_t=0.0490 | novelty mean=0.8105, std=0.0489 | UCB range=(0.3043, 0.7875) | novelty_z range=(-14.322,3.186)
2025-09-15 15:36:00,839 - INFO - Selected CCOC(=O)C(Cc1ccc(O)c([N+](=O)[O-])c1)NC(=O)C(Cc1ccc(O)c([N+](=O)[O-])c1)NC(=O)OC(C)(C)C → UCB+nov = 0.7045
f1 shape: (1,)
2025-09-15 15:36:00,841 - INFO -   True f = 0.5553
2025-09-15 15:36:00,861 - INFO - Iter time: 24.66s
2025-09-15 15:36:00,861 - INFO - 
--- Iter 26 (train size=36) ---
2025-09-15 15:36:26,433 - INFO - eta_t=0.0481 | novelty mean=0.8102, std=0.0489 | UCB range=(0.3046, 0.7892) | novelty_z range=(-14.314,3.191)
2025-09-15 15:36:26,434 - INFO - Selected CC1c2ccc(NC(=O)C(N)Cc3ccc(O)cc3)c(O)c2C(=O)C2=C(O)C3(O)C(O)=C(C(N)=O)C(=O)C(N(C)C)C3C(O)C21 → UCB+nov = 0.7031
f1 shape: (1,)
2025-09-15 15:36:26,436 - INFO -   True f = 0.5416
2025-09-15 15:36:26,457 - INFO - Iter time: 25.60s
2025-09-15 15:36:26,457 - INFO - 
--- Iter 27 (train size=37) ---
2025-09-15 15:36:53,442 - INFO - eta_t=0.0472 | novelty mean=0.8101, std=0.0490 | UCB range=(0.3043, 0.7891) | novelty_z range=(-14.298,3.190)
2025-09-15 15:36:53,442 - INFO - Selected CCOC(=O)C1=C(N)OC2=C(C(=O)CC(C)(C)C2)C1c1cn(C2CC(OC(C)=O)C(COC(C)=O)O2)c(=O)[nH]c1=O → UCB+nov = 0.7021
f1 shape: (1,)
2025-09-15 15:36:53,444 - INFO -   True f = 0.4774
2025-09-15 15:36:53,465 - INFO - Iter time: 27.01s
2025-09-15 15:36:53,465 - INFO - 
--- Iter 28 (train size=38) ---
2025-09-15 15:37:20,552 - INFO - eta_t=0.0464 | novelty mean=0.8100, std=0.0490 | UCB range=(0.3043, 0.7891) | novelty_z range=(-14.308,3.195)
2025-09-15 15:37:20,552 - INFO - Selected CC(C)(C)OC(=O)c1ccccc1C(=O)c1ccc(OCCCOC(=O)NC(Cc2cc(I)c(O)c(I)c2)C(=O)OC(C)(C)C)cc1 → UCB+nov = 0.7011
f1 shape: (1,)
2025-09-15 15:37:20,555 - INFO -   True f = 0.1086
2025-09-15 15:37:20,575 - INFO - Iter time: 27.11s
2025-09-15 15:37:20,575 - INFO - 
--- Iter 29 (train size=39) ---
2025-09-15 15:37:48,021 - INFO - eta_t=0.0456 | novelty mean=0.8099, std=0.0490 | UCB range=(0.3041, 0.7796) | novelty_z range=(-14.301,3.196)
2025-09-15 15:37:48,022 - INFO - Selected COC1C(O)C(n2ccc(=O)[nH]c2=O)OC1C(OC1OC(C(=O)NCCc2ccc(O)cc2)=CC(O)C1O)C(N)=O → UCB+nov = 0.7033
f1 shape: (1,)
2025-09-15 15:37:48,024 - INFO -   True f = 0.5164
2025-09-15 15:37:48,045 - INFO - Iter time: 27.47s
2025-09-15 15:37:48,045 - INFO - 
--- Iter 30 (train size=40) ---
2025-09-15 15:38:17,177 - INFO - eta_t=0.0449 | novelty mean=0.8097, std=0.0491 | UCB range=(0.3038, 0.7790) | novelty_z range=(-14.270,3.193)
2025-09-15 15:38:17,177 - INFO - Selected CCCCCc1ccc(-c2cc3cn(C4CC(O)C(COC(=O)C(NC(=O)C5CCCN5C(=O)C(N)CC(N)=O)C(C)C)O4)c(=O)nc3o2)cc1 → UCB+nov = 0.6942
f1 shape: (1,)
2025-09-15 15:38:17,180 - INFO -   True f = 0.6117
2025-09-15 15:38:17,202 - INFO - Iter time: 29.16s
2025-09-15 15:38:17,202 - INFO - 
--- Iter 31 (train size=41) ---
2025-09-15 15:38:46,516 - INFO - eta_t=0.0442 | novelty mean=0.8095, std=0.0490 | UCB range=(0.3033, 0.7853) | novelty_z range=(-14.287,3.203)
2025-09-15 15:38:46,517 - INFO - Selected CCCC(N)C(=O)OC1CCC2(C)C(CC(OC(C)=O)C3(C)Oc4cc(-c5cccnc5)oc(=O)c4C(O)C23)C1(C)COC(C)=O → UCB+nov = 0.6974
f1 shape: (1,)
2025-09-15 15:38:46,519 - INFO -   True f = 0.5576
2025-09-15 15:38:46,540 - INFO - Iter time: 29.34s
2025-09-15 15:38:46,540 - INFO - 
--- Iter 32 (train size=42) ---
2025-09-15 15:39:16,806 - INFO - eta_t=0.0435 | novelty mean=0.8091, std=0.0489 | UCB range=(0.3028, 0.7869) | novelty_z range=(-14.304,3.217)
2025-09-15 15:39:16,806 - INFO - Selected CC1(COC(=O)Cc2ccc(O)c(O)c2)C(C(=O)O)N2C(=O)C(=CC(=O)O)C2S1(=O)=O → UCB+nov = 0.6993
f1 shape: (1,)
2025-09-15 15:39:16,808 - INFO -   True f = 0.5636
2025-09-15 15:39:16,829 - INFO - Iter time: 30.29s
2025-09-15 15:39:16,829 - INFO - 
--- Iter 33 (train size=43) ---
2025-09-15 15:39:48,978 - INFO - eta_t=0.0429 | novelty mean=0.8090, std=0.0489 | UCB range=(0.3016, 0.7908) | novelty_z range=(-14.314,3.221)
2025-09-15 15:39:48,978 - INFO - Selected C=C(CCC12OC(C(=O)O)C(O)(C(=O)O)C(C(=O)O)(O1)C(OC(=O)CC)C2O)C(OC(C)=O)C(C)Cc1ccccc1 → UCB+nov = 0.7055
f1 shape: (1,)
2025-09-15 15:39:48,981 - INFO -   True f = 0.5542
2025-09-15 15:39:49,004 - INFO - Iter time: 32.17s
2025-09-15 15:39:49,004 - INFO - 
--- Iter 34 (train size=44) ---
2025-09-15 15:40:20,657 - INFO - eta_t=0.0423 | novelty mean=0.8089, std=0.0493 | UCB range=(0.3012, 0.7933) | novelty_z range=(-14.180,3.194)
2025-09-15 15:40:20,657 - INFO - Selected CC(=O)NC1C(O)CC(Oc2ccc(-n3cc(COC(=O)Nc4ccccc4[N+](=O)[O-])nn3)cc2C(F)F)(C(=O)O)OC1C(O)C(O)CO → UCB+nov = 0.7133
f1 shape: (1,)
2025-09-15 15:40:20,660 - INFO -   True f = 0.5615
2025-09-15 15:40:20,682 - INFO - Iter time: 31.68s
2025-09-15 15:40:20,682 - INFO - 
--- Iter 35 (train size=45) ---
2025-09-15 15:40:53,456 - INFO - eta_t=0.0417 | novelty mean=0.8088, std=0.0494 | UCB range=(0.3021, 0.7948) | novelty_z range=(-14.158,3.191)
2025-09-15 15:40:53,456 - INFO - Selected CC(=O)NC(Cc1ccc(O)cc1)C(=O)NC(C(=O)NC(C)C(=O)NC1CC(=O)OC1O)C(C)C → UCB+nov = 0.7144
f1 shape: (1,)
2025-09-15 15:40:53,458 - INFO -   True f = 0.4883
2025-09-15 15:40:53,480 - INFO - Iter time: 32.80s
2025-09-15 15:40:53,481 - INFO - 
--- Iter 36 (train size=46) ---
2025-09-15 15:41:26,151 - INFO - eta_t=0.0411 | novelty mean=0.8085, std=0.0496 | UCB range=(0.3020, 0.7947) | novelty_z range=(-14.083,3.182)
2025-09-15 15:41:26,151 - INFO - Selected C=C(C(=O)OC1CC(C)=C(O)CCC(CO)=CC2OC(=O)C(=C)C21)C(O)COC(C)=O → UCB+nov = 0.7134
f1 shape: (1,)
2025-09-15 15:41:26,153 - INFO -   True f = 0.526
2025-09-15 15:41:26,176 - INFO - Iter time: 32.70s
2025-09-15 15:41:26,176 - INFO - 
--- Iter 37 (train size=47) ---
2025-09-15 15:42:01,596 - INFO - eta_t=0.0406 | novelty mean=0.8084, std=0.0495 | UCB range=(0.3018, 0.7951) | novelty_z range=(-14.105,3.189)
2025-09-15 15:42:01,596 - INFO - Selected COC(=O)C12OCC34C(CC5=C(C)C(=O)C(O)=CC5(C)C3C(O)C1O)OC(=O)C(OC(=O)CC(C)C)C24 → UCB+nov = 0.7199
f1 shape: (1,)
2025-09-15 15:42:01,598 - INFO -   True f = 0.514
2025-09-15 15:42:01,622 - INFO - Iter time: 35.45s
2025-09-15 15:42:01,622 - INFO - 
--- Iter 38 (train size=48) ---
2025-09-15 15:42:36,149 - INFO - eta_t=0.0400 | novelty mean=0.8083, std=0.0495 | UCB range=(0.3016, 0.7970) | novelty_z range=(-14.117,3.195)
2025-09-15 15:42:36,149 - INFO - Selected Cc1oc(=O)oc1COC(=O)c1cccc(NC(=O)C2CC(SC3=C(C(=O)O)N4C(=O)C(C(C)O)C4C3C)CN2)c1 → UCB+nov = 0.7203
f1 shape: (1,)
2025-09-15 15:42:36,152 - INFO -   True f = 0.5567
2025-09-15 15:42:36,176 - INFO - Iter time: 34.55s
2025-09-15 15:42:36,176 - INFO - 
--- Iter 39 (train size=49) ---
2025-09-15 15:43:11,977 - INFO - eta_t=0.0395 | novelty mean=0.8082, std=0.0495 | UCB range=(0.3005, 0.7990) | novelty_z range=(-14.105,3.194)
2025-09-15 15:43:11,977 - INFO - Selected COC(=O)CNC(=O)CON=C1C=CC=CC2OC2CC(C)OC(=O)c2c(O)cc(O)c(Cl)c2C1 → UCB+nov = 0.725
f1 shape: (1,)
2025-09-15 15:43:11,979 - INFO -   True f = 0.5577
2025-09-15 15:43:12,004 - INFO - Iter time: 35.83s
2025-09-15 15:43:12,004 - INFO - 
--- Iter 40 (train size=50) ---
2025-09-15 15:43:49,378 - INFO - eta_t=0.0390 | novelty mean=0.8081, std=0.0495 | UCB range=(0.3009, 0.8035) | novelty_z range=(-14.104,3.196)
2025-09-15 15:43:49,379 - INFO - Selected CCOC(=O)c1c(NC(=O)C2C3CCC(O3)C2C(=O)O)sc(C)c1-c1ccc(F)cc1 → UCB+nov = 0.7267
f1 shape: (1,)
2025-09-15 15:43:49,381 - INFO -   True f = 0.5537
2025-09-15 15:43:49,406 - INFO - Iter time: 37.40s
2025-09-15 15:43:49,406 - INFO - 
--- Iter 41 (train size=51) ---
2025-09-15 15:44:25,870 - INFO - eta_t=0.0386 | novelty mean=0.8076, std=0.0494 | UCB range=(0.3011, 0.8058) | novelty_z range=(-14.131,3.214)
2025-09-15 15:44:25,870 - INFO - Selected CC(C)=CCc1c(O)cc(O)c2c1OC13C(=CC4C(=O)C1(CC=C(C)C)OCC3C4COC(=O)Cc1ccccc1)C2=O → UCB+nov = 0.7241
f1 shape: (1,)
2025-09-15 15:44:25,872 - INFO -   True f = 0.4896
2025-09-15 15:44:25,898 - INFO - Iter time: 36.49s
2025-09-15 15:44:25,898 - INFO - 
--- Iter 42 (train size=52) ---
2025-09-15 15:45:03,904 - INFO - eta_t=0.0381 | novelty mean=0.8075, std=0.0494 | UCB range=(0.3009, 0.8075) | novelty_z range=(-14.116,3.214)
2025-09-15 15:45:03,904 - INFO - Selected C=C1C2CCC3(C=CC(=O)C(C)(CCC(=O)Nc4c(O)ccc(C(=O)O)c4O)C3C2)C1O → UCB+nov = 0.7245
f1 shape: (1,)
2025-09-15 15:45:03,907 - INFO -   True f = 0.6469
2025-09-15 15:45:03,934 - INFO - Iter time: 38.04s
2025-09-15 15:45:03,934 - INFO - 
--- Iter 43 (train size=53) ---
2025-09-15 15:45:42,489 - INFO - eta_t=0.0377 | novelty mean=0.8074, std=0.0494 | UCB range=(0.2993, 0.8110) | novelty_z range=(-14.135,3.220)
2025-09-15 15:45:42,489 - INFO - Selected CCNC(=O)c1noc(-c2cc(C(C)C)c(O)cc2O)c1NC(=O)C1CCC(C(=O)OC)C1 → UCB+nov = 0.7333
f1 shape: (1,)
2025-09-15 15:45:42,492 - INFO -   True f = 0.541
2025-09-15 15:45:42,518 - INFO - Iter time: 38.58s
2025-09-15 15:45:42,519 - INFO - 
--- Iter 44 (train size=54) ---
2025-09-15 15:46:22,115 - INFO - eta_t=0.0373 | novelty mean=0.8073, std=0.0493 | UCB range=(0.2990, 0.8112) | novelty_z range=(-14.161,3.230)
2025-09-15 15:46:22,115 - INFO - Selected COC(=O)C1(C)CCCC2(C)C(CCc3ccc4c(OC(C)=O)ccc(OC(C)=O)c4c3)=C(C)C(O)CC12 → UCB+nov = 0.7331
f1 shape: (1,)
2025-09-15 15:46:22,118 - INFO -   True f = 0.3991
2025-09-15 15:46:22,144 - INFO - Iter time: 39.63s
2025-09-15 15:46:22,145 - INFO - 
--- Iter 45 (train size=55) ---
2025-09-15 15:47:01,682 - INFO - eta_t=0.0369 | novelty mean=0.8071, std=0.0492 | UCB range=(0.2993, 0.8115) | novelty_z range=(-14.176,3.237)
2025-09-15 15:47:01,682 - INFO - Selected COc1ccc([N+](=O)[O-])cc1NC(=O)C(C)OC(=O)CN1C(=O)C2CC=CCC2C1=O → UCB+nov = 0.7302
f1 shape: (1,)
2025-09-15 15:47:01,685 - INFO -   True f = 0.5626
2025-09-15 15:47:01,712 - INFO - Iter time: 39.57s
2025-09-15 15:47:01,712 - INFO - 
--- Iter 46 (train size=56) ---
2025-09-15 15:47:43,578 - INFO - eta_t=0.0365 | novelty mean=0.8068, std=0.0492 | UCB range=(0.2985, 0.8126) | novelty_z range=(-14.158,3.241)
2025-09-15 15:47:43,578 - INFO - Selected CC1(C)SC2C(NC(=O)C(NC(=O)c3ccc(-c4ccc(S(=O)(=O)N(CCO)CCO)cc4)[nH]c3=O)c3ccc(O)cc3)C(=O)N2C1C(=O)O → UCB+nov = 0.7325
f1 shape: (1,)
2025-09-15 15:47:43,581 - INFO -   True f = 0.5868
2025-09-15 15:47:43,610 - INFO - Iter time: 41.90s
2025-09-15 15:47:43,610 - INFO - 
--- Iter 47 (train size=57) ---
2025-09-15 15:48:25,131 - INFO - eta_t=0.0361 | novelty mean=0.8067, std=0.0492 | UCB range=(0.2980, 0.8172) | novelty_z range=(-14.159,3.244)
2025-09-15 15:48:25,131 - INFO - Selected CC1CN(C(C)CO)C(=O)c2cccc(NC(=O)C3CC3)c2OC1CN(C)Cc1ccc(C(=O)O)cc1 → UCB+nov = 0.7365
f1 shape: (1,)
2025-09-15 15:48:25,134 - INFO -   True f = 0.6452
2025-09-15 15:48:25,162 - INFO - Iter time: 41.55s
2025-09-15 15:48:25,162 - INFO - 
--- Iter 48 (train size=58) ---
2025-09-15 15:49:07,858 - INFO - eta_t=0.0357 | novelty mean=0.8059, std=0.0497 | UCB range=(0.2964, 0.8205) | novelty_z range=(-13.998,3.226)
2025-09-15 15:49:07,858 - INFO - Selected C=C1C(O)C(CO)OC1n1ccc(NC(=O)OC(C)C(NC(=O)C(N)Cc2ccccc2)C(=O)O)nc1=O → UCB+nov = 0.7417
f1 shape: (1,)
2025-09-15 15:49:07,860 - INFO -   True f = 0.5183
2025-09-15 15:49:07,889 - INFO - Iter time: 42.73s
2025-09-15 15:49:07,889 - INFO - 
--- Iter 49 (train size=59) ---
2025-09-15 15:49:50,559 - INFO - eta_t=0.0354 | novelty mean=0.8058, std=0.0498 | UCB range=(0.2963, 0.8214) | novelty_z range=(-13.980,3.225)
2025-09-15 15:49:50,559 - INFO - Selected CC(=O)OCC1=C(C(=O)O)N2C(=O)C(NC(=O)C(NC(=O)C3CCC(C(=O)O)O3)c3ccccc3)C2SC1 → UCB+nov = 0.742
f1 shape: (1,)
2025-09-15 15:49:50,561 - INFO -   True f = 0.5642
2025-09-15 15:49:50,591 - INFO - Iter time: 42.70s
2025-09-15 15:49:50,592 - INFO - 
--- Iter 50 (train size=60) ---
2025-09-15 15:50:35,299 - INFO - eta_t=0.0350 | novelty mean=0.8056, std=0.0499 | UCB range=(0.2959, 0.8240) | novelty_z range=(-13.943,3.220)
2025-09-15 15:50:35,299 - INFO - Selected COC(=O)C1CC(OC(=O)c2ccc([N+](=O)[O-])cc2)C(=O)C2C1(C)CCC1C(=O)OC(c3ccoc3)CC12C → UCB+nov = 0.7395
f1 shape: (1,)
2025-09-15 15:50:35,302 - INFO -   True f = 0.5789
2025-09-15 15:50:35,332 - INFO - Iter time: 44.74s
2025-09-15 15:50:35,332 - INFO - 
--- Iter 51 (train size=61) ---
2025-09-15 15:51:19,443 - INFO - eta_t=0.0347 | novelty mean=0.8055, std=0.0502 | UCB range=(0.2956, 0.8235) | novelty_z range=(-13.865,3.206)
2025-09-15 15:51:19,443 - INFO - Selected CC(=O)NC(C(=O)OC(C)C1C(=O)N2C(C(=O)OCc3ccc([N+](=O)[O-])cc3)=CSC12)C(C)C → UCB+nov = 0.7424
f1 shape: (1,)
2025-09-15 15:51:19,445 - INFO -   True f = 0.5068
2025-09-15 15:51:19,477 - INFO - Iter time: 44.14s
2025-09-15 15:51:19,477 - INFO - 
--- Iter 52 (train size=62) ---
2025-09-15 15:52:04,019 - INFO - eta_t=0.0343 | novelty mean=0.8054, std=0.0502 | UCB range=(0.2956, 0.8234) | novelty_z range=(-13.863,3.207)
2025-09-15 15:52:04,019 - INFO - Selected CCCCCC1C(=O)OC(C)C(NC(=O)c2cccc(NC=O)c2O)C(=O)OC(C)C1OC(=O)CC(C)C → UCB+nov = 0.7418
f1 shape: (1,)
2025-09-15 15:52:04,022 - INFO -   True f = 0.5448
2025-09-15 15:52:04,052 - INFO - Iter time: 44.58s
2025-09-15 15:52:04,052 - INFO - 
--- Iter 53 (train size=63) ---
2025-09-15 15:52:51,278 - INFO - eta_t=0.0340 | novelty mean=0.8054, std=0.0502 | UCB range=(0.2954, 0.8235) | novelty_z range=(-13.858,3.207)
2025-09-15 15:52:51,278 - INFO - Selected CCOC(=O)C1C2COc3ccc(Cl)cc3C2NC1(C)C(=O)Nc1cc(C)ccc1C(=O)OC → UCB+nov = 0.7404
f1 shape: (1,)
2025-09-15 15:52:51,280 - INFO -   True f = 0.5423
2025-09-15 15:52:51,312 - INFO - Iter time: 47.26s
2025-09-15 15:52:51,312 - INFO - 
--- Iter 54 (train size=64) ---
2025-09-15 15:53:38,904 - INFO - eta_t=0.0337 | novelty mean=0.8050, std=0.0501 | UCB range=(0.2956, 0.8244) | novelty_z range=(-13.888,3.222)
2025-09-15 15:53:38,904 - INFO - Selected CN(CC1Cc2c(O)nc(N)nc2NC1=O)c1ccc(C(=O)NC(CCC(=O)O)C(=O)O)cc1 → UCB+nov = 0.7407
f1 shape: (1,)
2025-09-15 15:53:38,907 - INFO -   True f = 0.5726
2025-09-15 15:53:38,938 - INFO - Iter time: 47.63s
2025-09-15 15:53:38,938 - INFO - 
--- Iter 55 (train size=65) ---
2025-09-15 15:54:25,933 - INFO - eta_t=0.0334 | novelty mean=0.8047, std=0.0503 | UCB range=(0.2949, 0.8310) | novelty_z range=(-13.822,3.215)
2025-09-15 15:54:25,933 - INFO - Selected Cc1cc(C)cc(NC(=O)Cc2ccc(OC3(C(=O)NC(CO)C(=O)O)CCCC3)cc2)c1 → UCB+nov = 0.7452
f1 shape: (1,)
2025-09-15 15:54:25,936 - INFO -   True f = 0.6503
2025-09-15 15:54:25,969 - INFO - Iter time: 47.03s
2025-09-15 15:54:25,969 - INFO - 
--- Iter 56 (train size=66) ---
2025-09-15 15:55:14,652 - INFO - eta_t=0.0331 | novelty mean=0.8042, std=0.0503 | UCB range=(0.2933, 0.8403) | novelty_z range=(-13.815,3.227)
2025-09-15 15:55:14,652 - INFO - Selected COc1cc(CCOc2cc(O)c3c(=O)cc(C(=O)O)oc3c2)ccc1NC(=O)C(=O)O → UCB+nov = 0.751
f1 shape: (1,)
2025-09-15 15:55:14,654 - INFO -   True f = 0.5731
2025-09-15 15:55:14,687 - INFO - Iter time: 48.72s
2025-09-15 15:55:14,687 - INFO - 
--- Iter 57 (train size=67) ---
2025-09-15 15:56:03,436 - INFO - eta_t=0.0328 | novelty mean=0.8040, std=0.0503 | UCB range=(0.2927, 0.8417) | novelty_z range=(-13.813,3.231)
2025-09-15 15:56:03,436 - INFO - Selected Cc1cc(=O)oc2c3c(cc(OCC(=O)NCCC(=O)NC(C)C(=O)O)c12)OC(C)(C)CC3 → UCB+nov = 0.7514
f1 shape: (1,)
2025-09-15 15:56:03,438 - INFO -   True f = 0.5554
2025-09-15 15:56:03,473 - INFO - Iter time: 48.79s
2025-09-15 15:56:03,473 - INFO - 
--- Iter 58 (train size=68) ---
2025-09-15 15:56:53,660 - INFO - eta_t=0.0325 | novelty mean=0.8038, std=0.0503 | UCB range=(0.2923, 0.8436) | novelty_z range=(-13.801,3.231)
2025-09-15 15:56:53,660 - INFO - Selected Cc1cc(NC(=O)CSCC(=O)N(c2ccc(F)cc2)C(C(=O)NC2CCCCC2)c2ccc(O)c(O)c2)no1 → UCB+nov = 0.7516
f1 shape: (1,)
2025-09-15 15:56:53,662 - INFO -   True f = 0.6546
2025-09-15 15:56:53,697 - INFO - Iter time: 50.22s
2025-09-15 15:56:53,697 - INFO - 
--- Iter 59 (train size=69) ---
2025-09-15 15:57:43,618 - INFO - eta_t=0.0323 | novelty mean=0.8030, std=0.0503 | UCB range=(0.2929, 0.8432) | novelty_z range=(-13.781,3.247)
2025-09-15 15:57:43,618 - INFO - Selected CCCCC(C(=O)Nc1ccc2c(C)c(CC(=O)O)c(=O)oc2c1)n1cc(C(C)(NC(=O)c2ccsc2)C2CCC(C)CC2)nn1 → UCB+nov = 0.7589
f1 shape: (1,)
2025-09-15 15:57:43,621 - INFO -   True f = 0.2753
2025-09-15 15:57:43,656 - INFO - Iter time: 49.96s
2025-09-15 15:57:43,656 - INFO - 
--- Iter 60 (train size=70) ---
2025-09-15 15:58:34,857 - INFO - eta_t=0.0320 | novelty mean=0.8029, std=0.0503 | UCB range=(0.2924, 0.8427) | novelty_z range=(-13.787,3.250)
2025-09-15 15:58:34,857 - INFO - Selected COC(=O)C(Cc1ccc(O)c(O)c1)OC(=O)C=Cc1ccc(O)c2c1C(C(=O)OC)C(c1ccc(O)c(O)c1)O2 → UCB+nov = 0.756
f1 shape: (1,)
2025-09-15 15:58:34,860 - INFO -   True f = 0.578
2025-09-15 15:58:34,896 - INFO - Iter time: 51.24s
2025-09-15 15:58:34,896 - INFO - 
--- Iter 61 (train size=71) ---
2025-09-15 15:59:26,601 - INFO - eta_t=0.0318 | novelty mean=0.8029, std=0.0503 | UCB range=(0.2922, 0.8420) | novelty_z range=(-13.781,3.250)
2025-09-15 15:59:26,601 - INFO - Selected CS(=O)(=O)NC(COC(=O)c1cc(O)c(C(=O)c2c(O)cccc2C(=O)O)c(O)c1)Cc1ccc(O)cc1 → UCB+nov = 0.7562
f1 shape: (1,)
2025-09-15 15:59:26,603 - INFO -   True f = 0.5824
2025-09-15 15:59:26,640 - INFO - Iter time: 51.74s
2025-09-15 15:59:26,640 - INFO - 
--- Iter 62 (train size=72) ---
2025-09-15 16:00:19,118 - INFO - eta_t=0.0315 | novelty mean=0.8026, std=0.0504 | UCB range=(0.2916, 0.8457) | novelty_z range=(-13.747,3.249)
2025-09-15 16:00:19,118 - INFO - Selected COc1ccc(-c2cc(=O)oc3c(C)c(OCC(=O)NC(Cc4ccc(O)cc4)C(=O)O)ccc23)cc1 → UCB+nov = 0.7601
f1 shape: (1,)
2025-09-15 16:00:19,121 - INFO -   True f = 0.6006
2025-09-15 16:00:19,159 - INFO - Iter time: 52.52s
2025-09-15 16:00:19,159 - INFO - 
--- Iter 63 (train size=73) ---
2025-09-15 16:01:12,457 - INFO - eta_t=0.0312 | novelty mean=0.8016, std=0.0508 | UCB range=(0.2912, 0.8505) | novelty_z range=(-13.618,3.242)
2025-09-15 16:01:12,457 - INFO - Selected O=C(CCc1cc(C(=O)c2ccc(OC3CCCC3)cc2O)ccc1OCc1ccc2c(O)noc2c1)OC1OC(C(=O)O)C(O)C(O)C1O → UCB+nov = 0.7592
f1 shape: (1,)
2025-09-15 16:01:12,460 - INFO -   True f = 0.6555
2025-09-15 16:01:12,498 - INFO - Iter time: 53.34s
2025-09-15 16:01:12,499 - INFO - 
--- Iter 64 (train size=74) ---
2025-09-15 16:02:06,153 - INFO - eta_t=0.0310 | novelty mean=0.8016, std=0.0508 | UCB range=(0.2907, 0.8494) | novelty_z range=(-13.618,3.243)
2025-09-15 16:02:06,153 - INFO - Selected O=C(Cc1ccc(F)cc1)OC1C(Oc2c(-c3ccc(O)c(O)c3)oc3cc(O)cc(O)c3c2=O)OC(CO)C(O)C1OC(=O)Cc1ccc(F)cc1 → UCB+nov = 0.7704
f1 shape: (1,)
2025-09-15 16:02:06,156 - INFO -   True f = 0.5412
2025-09-15 16:02:06,195 - INFO - Iter time: 53.70s
2025-09-15 16:02:06,195 - INFO - 
--- Iter 65 (train size=75) ---
2025-09-15 16:03:01,584 - INFO - eta_t=0.0308 | novelty mean=0.8015, std=0.0509 | UCB range=(0.2911, 0.8490) | novelty_z range=(-13.594,3.239)
2025-09-15 16:03:01,584 - INFO - Selected COc1cc(O)c(C(=O)CCc2ccc(O)cc2)c(OC2OC(CO)C(O)C(=O)C2O)c1 → UCB+nov = 0.766
f1 shape: (1,)
2025-09-15 16:03:01,586 - INFO -   True f = 0.6055
2025-09-15 16:03:01,625 - INFO - Iter time: 55.43s
2025-09-15 16:03:01,625 - INFO - 
--- Iter 66 (train size=76) ---
2025-09-15 16:03:58,728 - INFO - eta_t=0.0305 | novelty mean=0.8014, std=0.0510 | UCB range=(0.2907, 0.8513) | novelty_z range=(-13.576,3.238)
2025-09-15 16:03:58,729 - INFO - Selected COc1cc(O)c2c(=O)c(OC3OC(COC(=O)CC(C)(O)CC(=O)O)C(O)C(O)C3O)c(-c3ccc(O)cc3)oc2c1 → UCB+nov = 0.7735
f1 shape: (1,)
2025-09-15 16:03:58,731 - INFO -   True f = 0.567
2025-09-15 16:03:58,771 - INFO - Iter time: 57.15s
2025-09-15 16:03:58,771 - INFO - 
--- Iter 67 (train size=77) ---
2025-09-15 16:04:55,646 - INFO - eta_t=0.0303 | novelty mean=0.8013, std=0.0511 | UCB range=(0.2906, 0.8511) | novelty_z range=(-13.537,3.230)
2025-09-15 16:04:55,647 - INFO - Selected O=C(O)CCC(NC(=O)CC1OC(COCCCc2ccc(Oc3ccc(Oc4ccccc4)cc3)cc2)C(O)C(O)C1O)C(=O)O → UCB+nov = 0.7634
f1 shape: (1,)
2025-09-15 16:04:55,651 - INFO -   True f = 0.6732
2025-09-15 16:04:55,697 - INFO - Iter time: 56.93s
2025-09-15 16:04:55,697 - INFO - 
--- Iter 68 (train size=78) ---
2025-09-15 16:05:53,534 - INFO - eta_t=0.0301 | novelty mean=0.8012, std=0.0512 | UCB range=(0.2901, 0.8549) | novelty_z range=(-13.512,3.227)
2025-09-15 16:05:53,534 - INFO - Selected CCCCc1ccc(CN2CCCCC(NC(=O)C(Cc3ccc(OP(=O)(O)O)cc3)NC(C)=O)C2=O)cc1 → UCB+nov = 0.77
f1 shape: (1,)
2025-09-15 16:05:53,537 - INFO -   True f = 0.6609
2025-09-15 16:05:53,578 - INFO - Iter time: 57.88s
2025-09-15 16:05:53,578 - INFO - 
--- Iter 69 (train size=79) ---
2025-09-15 16:06:52,228 - INFO - eta_t=0.0299 | novelty mean=0.8009, std=0.0513 | UCB range=(0.2896, 0.8578) | novelty_z range=(-13.473,3.225)
2025-09-15 16:06:52,228 - INFO - Selected COc1ccc(S(=O)(=O)N(Cc2ccc3c(c2)OCO3)C(CCC(=O)OC2CCCCC2)C(=O)O)cc1 → UCB+nov = 0.773
f1 shape: (1,)
2025-09-15 16:06:52,231 - INFO -   True f = 0.6339
2025-09-15 16:06:52,278 - INFO - Iter time: 58.70s
2025-09-15 16:06:52,278 - INFO - 
--- Iter 70 (train size=80) ---
2025-09-15 16:07:50,483 - INFO - eta_t=0.0297 | novelty mean=0.7999, std=0.0515 | UCB range=(0.2890, 0.8585) | novelty_z range=(-13.416,3.236)
2025-09-15 16:07:50,483 - INFO - Selected NCc1ccc(Cl)cc1CNC(=O)C1CCCN1C(=O)C(CCc1ccc(O)cc1)NCC(=O)O → UCB+nov = 0.7723
f1 shape: (1,)
2025-09-15 16:07:50,485 - INFO -   True f = 0.6583
2025-09-15 16:07:50,528 - INFO - Iter time: 58.25s
2025-09-15 16:07:50,528 - INFO - 
--- Iter 71 (train size=81) ---
2025-09-15 16:08:50,898 - INFO - eta_t=0.0295 | novelty mean=0.7996, std=0.0515 | UCB range=(0.2897, 0.8637) | novelty_z range=(-13.403,3.240)
2025-09-15 16:08:50,899 - INFO - Selected N=C(N)N1CCCC(NC(=O)C2CC3CCC(O)CC3N2C(=O)C(Cc2ccc(O)cc2)NC(=O)C(O)Cc2ccc(OS(=O)(=O)O)cc2)C1O → UCB+nov = 0.781
f1 shape: (1,)
2025-09-15 16:08:50,901 - INFO -   True f = 0.6159
2025-09-15 16:08:50,946 - INFO - Iter time: 60.42s
2025-09-15 16:08:50,946 - INFO - 
--- Iter 72 (train size=82) ---
2025-09-15 16:09:52,180 - INFO - eta_t=0.0293 | novelty mean=0.7996, std=0.0515 | UCB range=(0.2896, 0.8667) | novelty_z range=(-13.401,3.240)
2025-09-15 16:09:52,180 - INFO - Selected O=C(O)C(O)CN(CC1CCCC1)C(=O)NC(Cc1ccc(O)cc1)C(=O)O → UCB+nov = 0.7795
f1 shape: (1,)
2025-09-15 16:09:52,182 - INFO -   True f = 0.6439
2025-09-15 16:09:52,227 - INFO - Iter time: 61.28s
2025-09-15 16:09:52,227 - INFO - 
--- Iter 73 (train size=83) ---
2025-09-15 16:10:54,102 - INFO - eta_t=0.0291 | novelty mean=0.7994, std=0.0515 | UCB range=(0.2892, 0.8760) | novelty_z range=(-13.406,3.178)
2025-09-15 16:10:54,102 - INFO - Selected CNC(Cc1ccc(O)cc1)C(=O)NC1CSSC(C)(C)C(C(=O)O)NC(=O)C(Cc2ccccc2)NC1=O → UCB+nov = 0.7813
f1 shape: (1,)
2025-09-15 16:10:54,105 - INFO -   True f = 0.5482
2025-09-15 16:10:54,149 - INFO - Iter time: 61.92s
2025-09-15 16:10:54,149 - INFO - 
--- Iter 74 (train size=84) ---
2025-09-15 16:11:57,036 - INFO - eta_t=0.0289 | novelty mean=0.7993, std=0.0515 | UCB range=(0.2892, 0.8761) | novelty_z range=(-13.382,3.176)
2025-09-15 16:11:57,036 - INFO - Selected CN(C)S(=O)(=O)c1ccc(CNC(=O)c2nc(-c3ccc(F)cc3)n(CCC(O)CC(O)CC(=O)O)c2C2CC2)cc1 → UCB+nov = 0.781
f1 shape: (1,)
2025-09-15 16:11:57,039 - INFO -   True f = 0.6585
2025-09-15 16:11:57,085 - INFO - Iter time: 62.94s
2025-09-15 16:11:57,085 - INFO - 
--- Iter 75 (train size=85) ---
2025-09-15 16:13:02,200 - INFO - eta_t=0.0287 | novelty mean=0.7988, std=0.0517 | UCB range=(0.2896, 0.8748) | novelty_z range=(-13.343,3.179)
2025-09-15 16:13:02,200 - INFO - Selected COc1cccc(-c2ccc(CCC(=O)NC(CCC(=O)O)C(=O)NC(CCC(=O)O)C(N)=O)cc2)c1 → UCB+nov = 0.7838
f1 shape: (1,)
2025-09-15 16:13:02,202 - INFO -   True f = 0.6483
2025-09-15 16:13:02,250 - INFO - Iter time: 65.16s
2025-09-15 16:13:02,250 - INFO - 
--- Iter 76 (train size=86) ---
2025-09-15 16:14:07,559 - INFO - eta_t=0.0285 | novelty mean=0.7986, std=0.0518 | UCB range=(0.2887, 0.8747) | novelty_z range=(-13.289,3.171)
2025-09-15 16:14:07,560 - INFO - Selected COC1C(C(CC(N)=O)NC(=O)C(C(C)C)N(CCc2ccc(Br)cc2)C(=O)Nc2ccc(Cl)cc2)OC2OC(C)(C)OC21 → UCB+nov = 0.7884
f1 shape: (1,)
2025-09-15 16:14:07,562 - INFO -   True f = 0.5155
2025-09-15 16:14:07,612 - INFO - Iter time: 65.36s
2025-09-15 16:14:07,612 - INFO - 
--- Iter 77 (train size=87) ---
2025-09-15 16:15:13,228 - INFO - eta_t=0.0283 | novelty mean=0.7985, std=0.0519 | UCB range=(0.2888, 0.8747) | novelty_z range=(-13.284,3.172)
2025-09-15 16:15:13,229 - INFO - Selected COc1ccc(S(=O)(=O)N2Cc3ccccc3CC2C(=O)NC(CCC(=O)O)C(=O)O)cc1OC → UCB+nov = 0.7877
f1 shape: (1,)
2025-09-15 16:15:13,231 - INFO -   True f = 0.6158
2025-09-15 16:15:13,278 - INFO - Iter time: 65.67s
2025-09-15 16:15:13,278 - INFO - 
--- Iter 78 (train size=88) ---
2025-09-15 16:16:20,934 - INFO - eta_t=0.0281 | novelty mean=0.7979, std=0.0520 | UCB range=(0.2886, 0.8762) | novelty_z range=(-13.233,3.174)
2025-09-15 16:16:20,934 - INFO - Selected COC(=O)c1c(O)cccc1OCCCCNC(=O)C(Cc1ccc(NC(=O)C(=O)O)cc1)NC(C)=O → UCB+nov = 0.7878
f1 shape: (1,)
2025-09-15 16:16:20,936 - INFO -   True f = 0.6523
2025-09-15 16:16:20,987 - INFO - Iter time: 67.71s
2025-09-15 16:16:20,987 - INFO - 
--- Iter 79 (train size=89) ---
2025-09-15 16:17:28,764 - INFO - eta_t=0.0280 | novelty mean=0.7978, std=0.0521 | UCB range=(0.2881, 0.8783) | novelty_z range=(-13.218,3.173)
2025-09-15 16:17:28,764 - INFO - Selected O=CC(CC(=O)O)NC(=O)c1ccc(CNS(=O)(=O)c2ccc(O)c(C(=O)O)c2)cc1 → UCB+nov = 0.7911
f1 shape: (1,)
2025-09-15 16:17:28,766 - INFO -   True f = 0.5749
2025-09-15 16:17:28,816 - INFO - Iter time: 67.83s
2025-09-15 16:17:28,816 - INFO - 
--- Iter 80 (train size=90) ---
2025-09-15 16:18:35,289 - INFO - eta_t=0.0278 | novelty mean=0.7975, std=0.0522 | UCB range=(0.2881, 0.8784) | novelty_z range=(-13.184,3.172)
2025-09-15 16:18:35,290 - INFO - Selected NCCCCC(NC(=O)c1ccc(N)c(NC(=O)C(N)Cc2ccc(O)cc2)c1)C(=O)O → UCB+nov = 0.792
f1 shape: (1,)
2025-09-15 16:18:35,292 - INFO -   True f = 0.6107
2025-09-15 16:18:35,344 - INFO - Iter time: 66.53s
2025-09-15 16:18:35,344 - INFO - 
--- Iter 81 (train size=91) ---
2025-09-15 16:19:44,737 - INFO - eta_t=0.0276 | novelty mean=0.7974, std=0.0522 | UCB range=(0.2880, 0.8798) | novelty_z range=(-13.168,3.170)
2025-09-15 16:19:44,738 - INFO - Selected O=C(O)CCC(NC(=O)Nc1ccc(COC(=O)Nc2ccc(N(CCF)CCF)cc2)cc1)C(=O)O → UCB+nov = 0.7912
f1 shape: (1,)
2025-09-15 16:19:44,740 - INFO -   True f = 0.6152
2025-09-15 16:19:44,793 - INFO - Iter time: 69.45s
2025-09-15 16:19:44,794 - INFO - 
--- Iter 82 (train size=92) ---
2025-09-15 16:20:54,251 - INFO - eta_t=0.0274 | novelty mean=0.7973, std=0.0522 | UCB range=(0.2886, 0.8808) | novelty_z range=(-13.163,3.171)
2025-09-15 16:20:54,252 - INFO - Selected C=CC[N+]1(Cc2cccc(O)c2)CCCC(NC(=O)C(Cc2ccc(O)cc2)NC(=O)Nc2ccc(C(=O)OC(C)C)cc2)C1 → UCB+nov = 0.7939
f1 shape: (1,)
2025-09-15 16:20:54,254 - INFO -   True f = 0.5872
2025-09-15 16:20:54,307 - INFO - Iter time: 69.51s
2025-09-15 16:20:54,307 - INFO - 
--- Iter 83 (train size=93) ---
2025-09-15 16:22:03,993 - INFO - eta_t=0.0273 | novelty mean=0.7972, std=0.0523 | UCB range=(0.2884, 0.8811) | novelty_z range=(-13.150,3.169)
2025-09-15 16:22:03,993 - INFO - Selected O=C(O)CCC(NC(=O)c1cc(CNc2ccc(C=C3SC(=S)NC3=O)cc2)ccc1O)C(=O)O → UCB+nov = 0.793
f1 shape: (1,)
2025-09-15 16:22:03,996 - INFO -   True f = 0.6122
2025-09-15 16:22:04,049 - INFO - Iter time: 69.74s
2025-09-15 16:22:04,050 - INFO - 
--- Iter 84 (train size=94) ---
2025-09-15 16:23:14,402 - INFO - eta_t=0.0271 | novelty mean=0.7971, std=0.0523 | UCB range=(0.2883, 0.8815) | novelty_z range=(-13.144,3.171)
2025-09-15 16:23:14,402 - INFO - Selected COc1ccc2c(c1)CCC1C(NC(=O)NC(Cc3ccccc3)C(=O)O)=C(C(=O)O)SC21 → UCB+nov = 0.7918
f1 shape: (1,)
2025-09-15 16:23:14,404 - INFO -   True f = 0.6006
2025-09-15 16:23:14,459 - INFO - Iter time: 70.41s
2025-09-15 16:23:14,459 - INFO - 
--- Iter 85 (train size=95) ---
2025-09-15 16:24:27,971 - INFO - eta_t=0.0270 | novelty mean=0.7968, std=0.0524 | UCB range=(0.2881, 0.8829) | novelty_z range=(-13.122,3.173)
2025-09-15 16:24:27,971 - INFO - Selected O=C(Oc1ccc(CC(NC(=O)C2CCCN2S(=O)(=O)c2cc(Cl)cc(Cl)c2)C(=O)O)cc1)C1CCCC1 → UCB+nov = 0.7926
f1 shape: (1,)
2025-09-15 16:24:27,973 - INFO -   True f = 0.6458
2025-09-15 16:24:28,030 - INFO - Iter time: 73.57s
2025-09-15 16:24:28,030 - INFO - 
--- Iter 86 (train size=96) ---
2025-09-15 16:25:41,254 - INFO - eta_t=0.0268 | novelty mean=0.7965, std=0.0525 | UCB range=(0.2893, 0.8869) | novelty_z range=(-13.089,3.173)
2025-09-15 16:25:41,254 - INFO - Selected COC(=O)C1CCN(S(=O)(=O)c2ccc(OCc3ccc(F)cc3)cc2)C(C(=O)NO)C1 → UCB+nov = 0.7927
f1 shape: (1,)
2025-09-15 16:25:41,256 - INFO -   True f = 0.5931
2025-09-15 16:25:41,313 - INFO - Iter time: 73.28s
2025-09-15 16:25:41,313 - INFO - 
--- Iter 87 (train size=97) ---
2025-09-15 16:26:53,374 - INFO - eta_t=0.0267 | novelty mean=0.7958, std=0.0529 | UCB range=(0.2892, 0.8867) | novelty_z range=(-12.982,3.162)
2025-09-15 16:26:53,374 - INFO - Selected CC(C)CC1C(=O)NC(C(=O)c2ccc(CO)cc2)Cc2ccc(cc2)OCCCCC1C(=O)NO → UCB+nov = 0.7923
f1 shape: (1,)
2025-09-15 16:26:53,376 - INFO -   True f = 0.6552
2025-09-15 16:26:53,433 - INFO - Iter time: 72.12s
2025-09-15 16:26:53,433 - INFO - 
--- Iter 88 (train size=98) ---
2025-09-15 16:28:08,478 - INFO - eta_t=0.0265 | novelty mean=0.7957, std=0.0529 | UCB range=(0.2889, 0.8869) | novelty_z range=(-12.971,3.161)
2025-09-15 16:28:08,479 - INFO - Selected COc1ccc2[nH]cc(CCNC(=O)C(CCC(=O)O)NC(=O)C(Cc3ccc(OP(=O)(O)O)cc3)NC(C)=O)c2c1 → UCB+nov = 0.7913
f1 shape: (1,)
2025-09-15 16:28:08,481 - INFO -   True f = 0.6292
2025-09-15 16:28:08,540 - INFO - Iter time: 75.11s
2025-09-15 16:28:08,540 - INFO - 
--- Iter 89 (train size=99) ---
2025-09-15 16:29:23,269 - INFO - eta_t=0.0264 | novelty mean=0.7956, std=0.0530 | UCB range=(0.2888, 0.8868) | novelty_z range=(-12.948,3.158)
2025-09-15 16:29:23,269 - INFO - Selected O=C(CCc1ccc(F)cc1)NC(Cc1ccc(O)cc1)C(=O)NCC(=O)NC(Cc1ccc(O)cc1)C(=O)OCCCl → UCB+nov = 0.7913
f1 shape: (1,)
2025-09-15 16:29:23,272 - INFO -   True f = 0.5981
2025-09-15 16:29:23,333 - INFO - Iter time: 74.79s
2025-09-15 16:29:23,333 - INFO - 
--- Iter 90 (train size=100) ---
2025-09-15 16:30:39,114 - INFO - eta_t=0.0262 | novelty mean=0.7956, std=0.0531 | UCB range=(0.2891, 0.8874) | novelty_z range=(-12.924,3.154)
2025-09-15 16:30:39,114 - INFO - Selected Cc1cc(C(=O)NC(Cc2ccc(F)cc2)C(=O)NC(CC2CCCNC2=O)C(O)C#N)no1 → UCB+nov = 0.7914
f1 shape: (1,)
2025-09-15 16:30:39,116 - INFO -   True f = 0.5651
2025-09-15 16:30:39,176 - INFO - Iter time: 75.84s
2025-09-15 16:30:39,176 - INFO - 
--- Iter 91 (train size=101) ---
2025-09-15 16:31:58,422 - INFO - eta_t=0.0261 | novelty mean=0.7955, std=0.0531 | UCB range=(0.2892, 0.8881) | novelty_z range=(-12.927,3.150)
2025-09-15 16:31:58,423 - INFO - Selected NC(=O)CC(NC(=O)Cc1ccc(Cl)cc1)c1ccc(NCC2CC2)c([N+](=O)[O-])c1 → UCB+nov = 0.7914
f1 shape: (1,)
2025-09-15 16:31:58,425 - INFO -   True f = 0.6056
2025-09-15 16:31:58,485 - INFO - Iter time: 79.31s
2025-09-15 16:31:58,486 - INFO - 
--- Iter 92 (train size=102) ---
2025-09-15 16:33:15,701 - INFO - eta_t=0.0259 | novelty mean=0.7950, std=0.0531 | UCB range=(0.2891, 0.8876) | novelty_z range=(-12.912,3.157)
2025-09-15 16:33:15,701 - INFO - Selected COc1ccc(CCNC(=O)COC(=O)c2cc(S(=O)(=O)N3CCCC3)ccc2O)cc1 → UCB+nov = 0.7928
f1 shape: (1,)
2025-09-15 16:33:15,704 - INFO -   True f = 0.6293
2025-09-15 16:33:15,765 - INFO - Iter time: 77.28s
2025-09-15 16:33:15,766 - INFO - 
--- Iter 93 (train size=103) ---
2025-09-15 16:34:35,200 - INFO - eta_t=0.0258 | novelty mean=0.7939, std=0.0538 | UCB range=(0.2889, 0.8872) | novelty_z range=(-12.720,3.137)
2025-09-15 16:34:35,200 - INFO - Selected COC(=O)C(Cc1ccc(O)c(O)c1)NC(=O)CCc1ccc(O)c(O)c1 → UCB+nov = 0.7965
f1 shape: (1,)
2025-09-15 16:34:35,202 - INFO -   True f = 0.6057
2025-09-15 16:34:35,265 - INFO - Iter time: 79.50s
2025-09-15 16:34:35,265 - INFO - 
--- Iter 94 (train size=104) ---
2025-09-15 16:35:54,562 - INFO - eta_t=0.0256 | novelty mean=0.7937, std=0.0539 | UCB range=(0.2888, 0.8872) | novelty_z range=(-12.690,3.133)
2025-09-15 16:35:54,562 - INFO - Selected CS(=O)(=O)NCCC1(C(=O)NC(Cc2ccc(NC(=O)c3c(Cl)cccc3Cl)cc2)C(=O)O)CCCC1 → UCB+nov = 0.7964
f1 shape: (1,)
2025-09-15 16:35:54,565 - INFO -   True f = 0.6512
2025-09-15 16:35:54,630 - INFO - Iter time: 79.36s
2025-09-15 16:35:54,630 - INFO - 
--- Iter 95 (train size=105) ---
2025-09-15 16:37:15,585 - INFO - eta_t=0.0255 | novelty mean=0.7935, std=0.0541 | UCB range=(0.2887, 0.8898) | novelty_z range=(-12.643,3.126)
2025-09-15 16:37:15,585 - INFO - Selected NS(=O)(=O)c1ccc(C(=O)NCC(=O)NC(Cc2ccc(F)cc2)C(=O)O)cc1 → UCB+nov = 0.7981
f1 shape: (1,)
2025-09-15 16:37:15,587 - INFO -   True f = 0.544
2025-09-15 16:37:15,653 - INFO - Iter time: 81.02s
2025-09-15 16:37:15,653 - INFO - 
--- Iter 96 (train size=106) ---
2025-09-15 16:38:38,519 - INFO - eta_t=0.0254 | novelty mean=0.7930, std=0.0545 | UCB range=(0.2885, 0.8874) | novelty_z range=(-12.536,3.111)
2025-09-15 16:38:38,520 - INFO - Selected O=C(O)C(Cc1ccc(OCCOc2ccc3c(c2)NCCC3)cc1)C(=O)O → UCB+nov = 0.7966
f1 shape: (1,)
2025-09-15 16:38:38,522 - INFO -   True f = 0.6063
2025-09-15 16:38:38,589 - INFO - Iter time: 82.94s
2025-09-15 16:38:38,589 - INFO - 
--- Iter 97 (train size=107) ---
2025-09-15 16:39:59,085 - INFO - eta_t=0.0253 | novelty mean=0.7929, std=0.0545 | UCB range=(0.2878, 0.8880) | novelty_z range=(-12.529,3.112)
2025-09-15 16:39:59,085 - INFO - Selected CNC(=O)C(Cc1ccc(OC)cc1)NC(=O)C1(NC(CCN2C(=O)c3cc4ccccc4cc3C2=O)C(=O)O)CCCCC1 → UCB+nov = 0.7947
f1 shape: (1,)
2025-09-15 16:39:59,088 - INFO -   True f = 0.6669
2025-09-15 16:39:59,155 - INFO - Iter time: 80.57s
2025-09-15 16:39:59,155 - INFO - 
--- Iter 98 (train size=108) ---
2025-09-15 16:41:22,485 - INFO - eta_t=0.0251 | novelty mean=0.7927, std=0.0545 | UCB range=(0.2876, 0.8889) | novelty_z range=(-12.523,3.115)
2025-09-15 16:41:22,486 - INFO - Selected COc1ccc(C(=O)C=CC(=O)N(CC(=O)NC2CCCCC2)Cc2ccc(F)cc2)c(O)c1 → UCB+nov = 0.7969
f1 shape: (1,)
2025-09-15 16:41:22,488 - INFO -   True f = 0.691
2025-09-15 16:41:22,556 - INFO - Iter time: 83.40s
2025-09-15 16:41:22,556 - INFO - 
--- Iter 99 (train size=109) ---
2025-09-15 16:42:46,182 - INFO - eta_t=0.0250 | novelty mean=0.7925, std=0.0547 | UCB range=(0.2879, 0.8877) | novelty_z range=(-12.493,3.113)
2025-09-15 16:42:46,182 - INFO - Selected O=C(O)CCNC(=O)C(CC1CCCCC1)NC(=O)C(CCCc1ccc(Cl)cc1)CC(=O)NO → UCB+nov = 0.7974
f1 shape: (1,)
2025-09-15 16:42:46,184 - INFO -   True f = 0.5791
2025-09-15 16:42:46,255 - INFO - Iter time: 83.70s
2025-09-15 16:42:46,255 - INFO - 
--- Iter 100 (train size=110) ---
2025-09-15 16:44:11,204 - INFO - eta_t=0.0249 | novelty mean=0.7923, std=0.0547 | UCB range=(0.2879, 0.8876) | novelty_z range=(-12.479,3.112)
2025-09-15 16:44:11,204 - INFO - Selected CC(=O)c1cc(CNC(=O)c2ccc(OP(=O)(O)O)cc2)ccc1OCC1CCCCC1 → UCB+nov = 0.7978
f1 shape: (1,)
2025-09-15 16:44:11,206 - INFO -   True f = 0.6641
2025-09-15 16:44:11,278 - INFO - Iter time: 85.02s
2025-09-15 16:44:11,278 - INFO - 
--- Iter 101 (train size=111) ---
2025-09-15 16:45:38,520 - INFO - eta_t=0.0248 | novelty mean=0.7921, std=0.0548 | UCB range=(0.2874, 0.8862) | novelty_z range=(-12.464,3.114)
2025-09-15 16:45:38,520 - INFO - Selected O=C(NC(Cc1ccc(O)cc1)C(=O)O)c1cc2[nH]c(-c3cccc(F)c3)c(C3CCCCC3)c(=O)n2n1 → UCB+nov = 0.801
f1 shape: (1,)
2025-09-15 16:45:38,522 - INFO -   True f = 0.6364
2025-09-15 16:45:38,594 - INFO - Iter time: 87.32s
2025-09-15 16:45:38,594 - INFO - 
--- Iter 102 (train size=112) ---
2025-09-15 16:47:08,678 - INFO - eta_t=0.0246 | novelty mean=0.7918, std=0.0547 | UCB range=(0.2875, 0.8884) | novelty_z range=(-12.481,3.124)
2025-09-15 16:47:08,678 - INFO - Selected CSc1cccc(NC(=O)N(Cc2ccc(C(=O)NCC(O)C(=O)O)cc2)c2ccc(C3CCCCC3)cc2)c1 → UCB+nov = 0.7976
f1 shape: (1,)
2025-09-15 16:47:08,681 - INFO -   True f = 0.3741
2025-09-15 16:47:08,761 - INFO - Iter time: 90.17s
2025-09-15 16:47:08,761 - INFO - 
--- Iter 103 (train size=113) ---
2025-09-15 16:48:35,660 - INFO - eta_t=0.0245 | novelty mean=0.7917, std=0.0547 | UCB range=(0.2886, 0.8922) | novelty_z range=(-12.459,3.122)
2025-09-15 16:48:35,660 - INFO - Selected COc1cccc(OC)c1-c1ccc(CC(NC(=O)C2(C)CCCO2)C(=O)O)cc1 → UCB+nov = 0.799
f1 shape: (1,)
2025-09-15 16:48:35,663 - INFO -   True f = 0.6287
2025-09-15 16:48:35,740 - INFO - Iter time: 86.98s
2025-09-15 16:48:35,740 - INFO - 
--- Iter 104 (train size=114) ---
2025-09-15 16:50:08,330 - INFO - eta_t=0.0244 | novelty mean=0.7916, std=0.0549 | UCB range=(0.2883, 0.8930) | novelty_z range=(-12.433,3.119)
2025-09-15 16:50:08,331 - INFO - Selected CC(N)c1nc(C(=O)N2CCCC2C(=O)NC(Cc2ccc(O)cc2)C(=O)O)co1 → UCB+nov = 0.8014
f1 shape: (1,)
2025-09-15 16:50:08,333 - INFO -   True f = 0.6027
2025-09-15 16:50:08,412 - INFO - Iter time: 92.67s
2025-09-15 16:50:08,412 - INFO - 
--- Iter 105 (train size=115) ---
2025-09-15 16:51:38,657 - INFO - eta_t=0.0243 | novelty mean=0.7915, std=0.0549 | UCB range=(0.2883, 0.8912) | novelty_z range=(-12.432,3.120)
2025-09-15 16:51:38,657 - INFO - Selected COc1ccc(CNC(=O)N2C(=O)c3c(cc(O)c4c3OC3=CC(O)=C(C(C)=O)C(=O)C34C)OC2OC)cc1 → UCB+nov = 0.7985
f1 shape: (1,)
2025-09-15 16:51:38,660 - INFO -   True f = 0.545
2025-09-15 16:51:38,740 - INFO - Iter time: 90.33s
2025-09-15 16:51:38,740 - INFO - 
--- Iter 106 (train size=116) ---
2025-09-15 16:53:08,886 - INFO - eta_t=0.0242 | novelty mean=0.7915, std=0.0548 | UCB range=(0.2883, 0.8912) | novelty_z range=(-12.432,3.121)
2025-09-15 16:53:08,886 - INFO - Selected CC(Cc1ccc(C(=O)Oc2ccc(C(=N)N)c(F)c2)s1)C(=O)NC(CC(=O)O)C(=O)O → UCB+nov = 0.7983
f1 shape: (1,)
2025-09-15 16:53:08,889 - INFO -   True f = 0.555
2025-09-15 16:53:08,969 - INFO - Iter time: 90.23s
2025-09-15 16:53:08,969 - INFO - 
--- Iter 107 (train size=117) ---
2025-09-15 16:54:43,255 - INFO - eta_t=0.0241 | novelty mean=0.7914, std=0.0549 | UCB range=(0.2884, 0.8915) | novelty_z range=(-12.424,3.119)
2025-09-15 16:54:43,255 - INFO - Selected Cc1cn(CC2CC(N=[N+]=[N-])C(COC(=O)C(=O)NC(Cc3ccc(O)cc3)C(=O)O)O2)c(=O)[nH]c1=O → UCB+nov = 0.7986
f1 shape: (1,)
2025-09-15 16:54:43,257 - INFO -   True f = 0.5594
2025-09-15 16:54:43,339 - INFO - Iter time: 94.37s
2025-09-15 16:54:43,339 - INFO - 
--- Iter 108 (train size=118) ---
2025-09-15 16:56:16,861 - INFO - eta_t=0.0239 | novelty mean=0.7914, std=0.0549 | UCB range=(0.2885, 0.8638) | novelty_z range=(-12.426,3.120)
2025-09-15 16:56:16,861 - INFO - Selected CCCc1ccc(S(=O)(=O)NC(Cc2ccc(C(=N)NN)c(F)c2)C(=O)N(C)C2CCCC2)cc1 → UCB+nov = 0.7977
f1 shape: (1,)
2025-09-15 16:56:16,863 - INFO -   True f = 0.631
2025-09-15 16:56:16,946 - INFO - Iter time: 93.61s
2025-09-15 16:56:16,946 - INFO - 
--- Iter 109 (train size=119) ---
2025-09-15 16:57:51,509 - INFO - eta_t=0.0238 | novelty mean=0.7913, std=0.0549 | UCB range=(0.2889, 0.8642) | novelty_z range=(-12.418,3.121)
2025-09-15 16:57:51,510 - INFO - Selected CNC(=O)C1Cc2ccc(NS(=O)(=O)O)cc2CN1C(=O)CCc1ccc(OC)cc1 → UCB+nov = 0.797
f1 shape: (1,)
2025-09-15 16:57:51,512 - INFO -   True f = 0.5998
2025-09-15 16:57:51,597 - INFO - Iter time: 94.65s
2025-09-15 16:57:51,597 - INFO - 
--- Iter 110 (train size=120) ---
2025-09-15 16:59:29,048 - INFO - eta_t=0.0237 | novelty mean=0.7912, std=0.0549 | UCB range=(0.2889, 0.8643) | novelty_z range=(-12.408,3.121)
2025-09-15 16:59:29,048 - INFO - Selected COc1ccc(CC(=O)Nc2ccc3c(c2)C(=O)N(CCC(=O)O)C3=O)cc1 → UCB+nov = 0.7968
f1 shape: (1,)
2025-09-15 16:59:29,051 - INFO -   True f = 0.5961
2025-09-15 16:59:29,136 - INFO - Iter time: 97.54s
2025-09-15 16:59:29,136 - INFO - 
--- Iter 111 (train size=121) ---
2025-09-15 17:01:05,603 - INFO - eta_t=0.0236 | novelty mean=0.7906, std=0.0552 | UCB range=(0.2888, 0.8641) | novelty_z range=(-12.328,3.115)
2025-09-15 17:01:05,603 - INFO - Selected CC(C)CC(NC(=O)COc1ccc(O)cc1)C(=O)NC(CC1CCNC1=O)C(=O)c1nc2ccccc2s1 → UCB+nov = 0.7973
f1 shape: (1,)
2025-09-15 17:01:05,606 - INFO -   True f = 0.5963
2025-09-15 17:01:05,693 - INFO - Iter time: 96.56s
2025-09-15 17:01:05,693 - INFO - 
--- Iter 112 (train size=122) ---
2025-09-15 17:02:45,662 - INFO - eta_t=0.0235 | novelty mean=0.7904, std=0.0553 | UCB range=(0.2885, 0.8662) | novelty_z range=(-12.309,3.114)
2025-09-15 17:02:45,662 - INFO - Selected COc1ccc(CN(CC(=O)NCC2CCCO2)C(=O)CNS(=O)(=O)c2ccc(C)cc2)cc1 → UCB+nov = 0.7976
f1 shape: (1,)
2025-09-15 17:02:45,664 - INFO -   True f = 0.613
2025-09-15 17:02:45,753 - INFO - Iter time: 100.06s
2025-09-15 17:02:45,753 - INFO - 
--- Iter 113 (train size=123) ---
2025-09-15 17:04:23,214 - INFO - eta_t=0.0234 | novelty mean=0.7899, std=0.0557 | UCB range=(0.2883, 0.8671) | novelty_z range=(-12.214,3.100)
2025-09-15 17:04:23,214 - INFO - Selected NC(=O)C1CCCN1C(=O)C(Cc1ccc([N+](=O)[O-])cc1)NC(=O)CNC(=O)C(CS(=O)(=O)O)NC(=O)C(N)Cc1ccc(O)cc1 → UCB+nov = 0.799
f1 shape: (1,)
2025-09-15 17:04:23,217 - INFO -   True f = 0.5837
2025-09-15 17:04:23,306 - INFO - Iter time: 97.55s
2025-09-15 17:04:23,306 - INFO - 
--- Iter 114 (train size=124) ---
2025-09-15 17:06:03,785 - INFO - eta_t=0.0233 | novelty mean=0.7899, std=0.0558 | UCB range=(0.2883, 0.8632) | novelty_z range=(-12.198,3.097)
2025-09-15 17:06:03,786 - INFO - Selected COC(=O)c1cccc(-c2ccc(CC(NC(=O)OC3CCOC3)C(O)CN(CC(C)C)S(=O)(=O)c3ccc(OC)cc3)cc2)c1 → UCB+nov = 0.7985
f1 shape: (1,)
2025-09-15 17:06:03,788 - INFO -   True f = 0.6497
2025-09-15 17:06:03,878 - INFO - Iter time: 100.57s
2025-09-15 17:06:03,879 - INFO - 
--- Iter 115 (train size=125) ---
2025-09-15 17:07:47,103 - INFO - eta_t=0.0232 | novelty mean=0.7898, std=0.0559 | UCB range=(0.2880, 0.8656) | novelty_z range=(-12.162,3.090)
2025-09-15 17:07:47,103 - INFO - Selected COc1ccc(CC(NC(=O)C(C)NC(=O)C2=C(C)c3ccccc3C2)C(=O)NC(CC2CCCCC2)C(=O)C2(C)CO2)cc1 → UCB+nov = 0.8009
f1 shape: (1,)
2025-09-15 17:07:47,106 - INFO -   True f = 0.5987
2025-09-15 17:07:47,198 - INFO - Iter time: 103.32s
2025-09-15 17:07:47,198 - INFO - 
--- Iter 116 (train size=126) ---
2025-09-15 17:09:30,180 - INFO - eta_t=0.0231 | novelty mean=0.7897, std=0.0560 | UCB range=(0.2880, 0.8657) | novelty_z range=(-12.149,3.088)
2025-09-15 17:09:30,180 - INFO - Selected COC(=O)c1ccc(COC(=O)CSCC(=O)Nc2ccc(C)cc2C)cc1 → UCB+nov = 0.7989
f1 shape: (1,)
2025-09-15 17:09:30,182 - INFO -   True f = 0.5203
2025-09-15 17:09:30,279 - INFO - Iter time: 103.08s
2025-09-15 17:09:30,280 - INFO - 
--- Iter 117 (train size=127) ---
2025-09-15 17:11:14,671 - INFO - eta_t=0.0230 | novelty mean=0.7893, std=0.0561 | UCB range=(0.2881, 0.8654) | novelty_z range=(-12.118,3.090)
2025-09-15 17:11:14,671 - INFO - Selected O=C(O)C(Cc1ccc(OCc2c(Cl)cccc2Cl)cc1)NC(=O)C1OCOC1C(=O)N1CCOCC1 → UCB+nov = 0.7982
f1 shape: (1,)
2025-09-15 17:11:14,674 - INFO -   True f = 0.5985
2025-09-15 17:11:14,768 - INFO - Iter time: 104.49s
2025-09-15 17:11:14,769 - INFO - 
--- Iter 118 (train size=128) ---
2025-09-15 17:13:00,161 - INFO - eta_t=0.0229 | novelty mean=0.7890, std=0.0560 | UCB range=(0.2881, 0.8652) | novelty_z range=(-12.140,3.102)
2025-09-15 17:13:00,162 - INFO - Selected O=C(O)C(=O)NC(Cc1ccc(OC(=O)c2cc3ccccc3s2)cc1)C(=O)O → UCB+nov = 0.7981
f1 shape: (1,)
2025-09-15 17:13:00,164 - INFO -   True f = 0.5738
2025-09-15 17:13:00,259 - INFO - Iter time: 105.49s
2025-09-15 17:13:00,259 - INFO - 
--- Iter 119 (train size=129) ---
2025-09-15 17:14:43,726 - INFO - eta_t=0.0228 | novelty mean=0.7888, std=0.0560 | UCB range=(0.2881, 0.8653) | novelty_z range=(-12.138,3.106)
2025-09-15 17:14:43,726 - INFO - Selected CC(C(=O)O)c1ccc(CC2CCCC2=O)cc1-c1ccc(O)cc1 → UCB+nov = 0.7979
f1 shape: (1,)
2025-09-15 17:14:43,728 - INFO -   True f = 0.4818
2025-09-15 17:14:43,827 - INFO - Iter time: 103.57s
2025-09-15 17:14:43,827 - INFO - 
--- Iter 120 (train size=130) ---
2025-09-15 17:16:33,501 - INFO - eta_t=0.0227 | novelty mean=0.7886, std=0.0559 | UCB range=(0.2885, 0.8643) | novelty_z range=(-12.143,3.113)
2025-09-15 17:16:33,501 - INFO - Selected COc1ccc(C(=O)COC(=O)CCNS(=O)(=O)c2ccc(NC(C)=O)cc2)c(OC)c1 → UCB+nov = 0.7975
f1 shape: (1,)
2025-09-15 17:16:33,503 - INFO -   True f = 0.5665
2025-09-15 17:16:33,602 - INFO - Iter time: 109.77s
2025-09-15 17:16:33,602 - INFO - 
--- Iter 121 (train size=131) ---
2025-09-15 17:18:22,346 - INFO - eta_t=0.0226 | novelty mean=0.7882, std=0.0562 | UCB range=(0.2884, 0.8643) | novelty_z range=(-12.077,3.104)
2025-09-15 17:18:22,346 - INFO - Selected CCOc1ccc(CC(NC(=O)c2cccc(N)c2Cl)C(O)C(=O)N2CCC(C)(C)C2C(=O)NCc2c(C)cccc2C)cc1 → UCB+nov = 0.7972
f1 shape: (1,)
2025-09-15 17:18:22,348 - INFO -   True f = 0.5948
2025-09-15 17:18:22,449 - INFO - Iter time: 108.85s
2025-09-15 17:18:22,449 - INFO - 
--- Iter 122 (train size=132) ---
2025-09-15 17:20:11,189 - INFO - eta_t=0.0225 | novelty mean=0.7881, std=0.0562 | UCB range=(0.2882, 0.8669) | novelty_z range=(-12.076,3.105)
2025-09-15 17:20:11,189 - INFO - Selected CCN(CC)c1ncc(N(CC)S(=O)(=O)c2ccc(Cl)cc2)c(NC(Cc2ccc(OC(=O)N3CCCC3)cc2)C(=O)O)n1 → UCB+nov = 0.7991
f1 shape: (1,)
2025-09-15 17:20:11,191 - INFO -   True f = 0.5462
2025-09-15 17:20:11,295 - INFO - Iter time: 108.85s
2025-09-15 17:20:11,295 - INFO - 
--- Iter 123 (train size=133) ---
2025-09-15 17:22:04,286 - INFO - eta_t=0.0225 | novelty mean=0.7880, std=0.0562 | UCB range=(0.2882, 0.8670) | novelty_z range=(-12.071,3.107)
2025-09-15 17:22:04,286 - INFO - Selected CC1CC(C(=O)NC(CO)CCCNC(=N)N)N(C(=O)C(CCc2ccc(O)cc2)NC(=O)C(O)Cc2ccc(O)cc2)C1 → UCB+nov = 0.7983
f1 shape: (1,)
2025-09-15 17:22:04,288 - INFO -   True f = 0.6563
2025-09-15 17:22:04,392 - INFO - Iter time: 113.10s
2025-09-15 17:22:04,392 - INFO - 
--- Iter 124 (train size=134) ---
2025-09-15 17:23:58,786 - INFO - eta_t=0.0224 | novelty mean=0.7880, std=0.0562 | UCB range=(0.2882, 0.8748) | novelty_z range=(-12.070,3.108)
2025-09-15 17:23:58,786 - INFO - Selected CCOC(=O)N1CCC(NC(=O)C(CCc2ccccc2)NC(CCNS(=O)(=O)c2ccc(OC)cc2)C(=O)O)CC1 → UCB+nov = 0.7993
f1 shape: (1,)
2025-09-15 17:23:58,789 - INFO -   True f = 0.6362
2025-09-15 17:23:58,895 - INFO - Iter time: 114.50s
2025-09-15 17:23:58,895 - INFO - 
--- Iter 125 (train size=135) ---
2025-09-15 17:25:52,564 - INFO - eta_t=0.0223 | novelty mean=0.7877, std=0.0564 | UCB range=(0.2882, 0.8733) | novelty_z range=(-12.031,3.103)
2025-09-15 17:25:52,564 - INFO - Selected COc1ccc(C(CC(=O)O)NS(=O)(=O)c2ccc3c(c2)N(C(C)=O)CC(C)O3)cc1 → UCB+nov = 0.7969
f1 shape: (1,)
2025-09-15 17:25:52,566 - INFO -   True f = 0.5931
2025-09-15 17:25:52,674 - INFO - Iter time: 113.78s
2025-09-15 17:25:52,674 - INFO - 
--- Iter 126 (train size=136) ---
2025-09-15 17:27:48,611 - INFO - eta_t=0.0222 | novelty mean=0.7876, std=0.0564 | UCB range=(0.2881, 0.8728) | novelty_z range=(-12.022,3.103)
2025-09-15 17:27:48,611 - INFO - Selected CC(=O)Nc1ccc(OP(=O)(Oc2ccc(NC(C)=O)cc2)C2CCCN2C(=O)C(N)CCCCN)cc1 → UCB+nov = 0.7962
f1 shape: (1,)
2025-09-15 17:27:48,614 - INFO -   True f = 0.6334
2025-09-15 17:27:48,723 - INFO - Iter time: 116.05s
2025-09-15 17:27:48,723 - INFO - 
--- Iter 127 (train size=137) ---
2025-09-15 17:29:45,441 - INFO - eta_t=0.0221 | novelty mean=0.7876, std=0.0564 | UCB range=(0.2878, 0.8750) | novelty_z range=(-12.018,3.103)
2025-09-15 17:29:45,441 - INFO - Selected CC(C)CC(NC(=O)C=Cc1ccc(OP(=O)(O)O)cc1)C(=O)N1CCCC1C(=O)NC(COCc1ccccc1)COC(N)=O → UCB+nov = 0.7999
f1 shape: (1,)
2025-09-15 17:29:45,444 - INFO -   True f = 0.6259
2025-09-15 17:29:45,555 - INFO - Iter time: 116.83s
2025-09-15 17:29:45,555 - INFO - 
--- Iter 128 (train size=138) ---
2025-09-15 17:31:42,566 - INFO - eta_t=0.0220 | novelty mean=0.7875, std=0.0565 | UCB range=(0.2879, 0.8819) | novelty_z range=(-11.994,3.098)
2025-09-15 17:31:42,567 - INFO - Selected CC(C)CC(NC(=O)C(O)Cc1ccc(O)cc1)C(=O)N1CCCC1C(=O)NCc1ccc(C#N)cc1 → UCB+nov = 0.8022
f1 shape: (1,)
2025-09-15 17:31:42,569 - INFO -   True f = 0.6497
2025-09-15 17:31:42,681 - INFO - Iter time: 117.13s
2025-09-15 17:31:42,681 - INFO - 
--- Iter 129 (train size=139) ---
2025-09-15 17:33:40,708 - INFO - eta_t=0.0219 | novelty mean=0.7875, std=0.0565 | UCB range=(0.2879, 0.8729) | novelty_z range=(-11.993,3.099)
2025-09-15 17:33:40,708 - INFO - Selected O=C(O)C(Cc1ccc(-c2ccccc2)cc1)NC(=O)C(NCP(=O)(O)O)C1CCCCC1 → UCB+nov = 0.7987
f1 shape: (1,)
2025-09-15 17:33:40,710 - INFO -   True f = 0.6725
2025-09-15 17:33:40,821 - INFO - Iter time: 118.14s
2025-09-15 17:33:40,821 - INFO - 
--- Iter 130 (train size=140) ---
2025-09-15 17:35:40,053 - INFO - eta_t=0.0218 | novelty mean=0.7872, std=0.0567 | UCB range=(0.2878, 0.8759) | novelty_z range=(-11.950,3.095)
2025-09-15 17:35:40,053 - INFO - Selected COc1ccc(CNC(=O)Cn2nnc(-c3ccc(NC(=O)C4CCCCC4)cc3)n2)cc1 → UCB+nov = 0.8028
f1 shape: (1,)
2025-09-15 17:35:40,055 - INFO -   True f = 0.6327
2025-09-15 17:35:40,182 - INFO - Iter time: 119.36s
2025-09-15 17:35:40,182 - INFO - 
--- Iter 131 (train size=141) ---
2025-09-15 17:37:39,092 - INFO - eta_t=0.0218 | novelty mean=0.7868, std=0.0569 | UCB range=(0.2875, 0.8756) | novelty_z range=(-11.905,3.091)
2025-09-15 17:37:39,092 - INFO - Selected CS(=O)(=O)Oc1ccc(-c2ccc(CC(C#N)NC(=O)C3NC4CCC3C4)cc2)cc1 → UCB+nov = 0.8019
f1 shape: (1,)
2025-09-15 17:37:39,094 - INFO -   True f = 0.5914
2025-09-15 17:37:39,211 - INFO - Iter time: 119.03s
2025-09-15 17:37:39,211 - INFO - 
--- Iter 132 (train size=142) ---
2025-09-15 17:39:38,706 - INFO - eta_t=0.0217 | novelty mean=0.7866, std=0.0571 | UCB range=(0.2873, 0.8751) | novelty_z range=(-11.864,3.084)
2025-09-15 17:39:38,707 - INFO - Selected COc1ccc(CNC(=O)CCC(NS(=O)(=O)c2ccc(-c3ccccc3)cc2)C(=O)O)cc1 → UCB+nov = 0.8024
f1 shape: (1,)
2025-09-15 17:39:38,709 - INFO -   True f = 0.6241
2025-09-15 17:39:38,826 - INFO - Iter time: 119.61s
2025-09-15 17:39:38,826 - INFO - 
--- Iter 133 (train size=143) ---
2025-09-15 17:41:40,838 - INFO - eta_t=0.0216 | novelty mean=0.7855, std=0.0581 | UCB range=(0.2872, 0.8744) | novelty_z range=(-11.644,3.050)
2025-09-15 17:41:40,838 - INFO - Selected COc1ccc(N2CC(C(=O)NC(CC(C)C)C(=O)NC3CCCC3)CC2=O)cc1 → UCB+nov = 0.8025
f1 shape: (1,)
2025-09-15 17:41:40,840 - INFO -   True f = 0.587
2025-09-15 17:41:40,961 - INFO - Iter time: 122.13s
2025-09-15 17:41:40,961 - INFO - 
--- Iter 134 (train size=144) ---
2025-09-15 17:43:47,036 - INFO - eta_t=0.0215 | novelty mean=0.7853, std=0.0581 | UCB range=(0.2872, 0.8742) | novelty_z range=(-11.630,3.053)
2025-09-15 17:43:47,036 - INFO - Selected COc1ccc(NC(=O)Nc2ccc(-c3ccc(C(=O)C4CCCC4C(=O)O)cc3)cc2F)cc1 → UCB+nov = 0.8019
f1 shape: (1,)
2025-09-15 17:43:47,038 - INFO -   True f = 0.363
2025-09-15 17:43:47,158 - INFO - Iter time: 126.20s
2025-09-15 17:43:47,158 - INFO - 
--- Iter 135 (train size=145) ---
2025-09-15 17:45:48,510 - INFO - eta_t=0.0214 | novelty mean=0.7849, std=0.0583 | UCB range=(0.2869, 0.8749) | novelty_z range=(-11.587,3.049)
2025-09-15 17:45:48,510 - INFO - Selected CC(=Cc1csc(C(Cc2ccc(OCc3ccccc3)cc2)NC(=O)C2CCCCC2)n1)C=C(C)C(=O)O → UCB+nov = 0.8006
f1 shape: (1,)
2025-09-15 17:45:48,513 - INFO -   True f = 0.1337
2025-09-15 17:45:48,634 - INFO - Iter time: 121.48s
2025-09-15 17:45:48,634 - INFO - 
--- Iter 136 (train size=146) ---
2025-09-15 17:47:54,253 - INFO - eta_t=0.0214 | novelty mean=0.7848, std=0.0584 | UCB range=(0.2873, 0.8784) | novelty_z range=(-11.572,3.047)
2025-09-15 17:47:54,253 - INFO - Selected CC(=O)N1CCc2ccc(S(=O)(=O)NC(CC(C)C)C(=O)NCc3ccc(Cl)cc3)cc21 → UCB+nov = 0.8046
f1 shape: (1,)
2025-09-15 17:47:54,255 - INFO -   True f = 0.5347
2025-09-15 17:47:54,379 - INFO - Iter time: 125.74s
2025-09-15 17:47:54,379 - INFO - 
--- Iter 137 (train size=147) ---
2025-09-15 17:49:59,202 - INFO - eta_t=0.0213 | novelty mean=0.7846, std=0.0584 | UCB range=(0.2873, 0.8785) | novelty_z range=(-11.559,3.047)
2025-09-15 17:49:59,202 - INFO - Selected CCC(C)C(N)C(=O)NC(Cc1ccc(O)cc1)C(=O)NC(Cc1ccc(O)cc1)P(=O)(O)O → UCB+nov = 0.8024
f1 shape: (1,)
2025-09-15 17:49:59,205 - INFO -   True f = 0.5747
2025-09-15 17:49:59,328 - INFO - Iter time: 124.95s
2025-09-15 17:49:59,328 - INFO - 
--- Iter 138 (train size=148) ---
2025-09-15 17:52:04,968 - INFO - eta_t=0.0212 | novelty mean=0.7846, std=0.0584 | UCB range=(0.2873, 0.8685) | novelty_z range=(-11.554,3.047)
2025-09-15 17:52:04,969 - INFO - Selected CNC(=O)C1C2C=CC3(O2)C1C(=O)N(C1CC1)C3C(=O)NCc1ccc(OC)cc1 → UCB+nov = 0.8022
f1 shape: (1,)
2025-09-15 17:52:04,971 - INFO -   True f = 0.5912
2025-09-15 17:52:05,097 - INFO - Iter time: 125.77s
2025-09-15 17:52:05,097 - INFO - 
--- Iter 139 (train size=149) ---
2025-09-15 17:54:14,899 - INFO - eta_t=0.0211 | novelty mean=0.7846, std=0.0584 | UCB range=(0.2873, 0.8691) | novelty_z range=(-11.554,3.047)
2025-09-15 17:54:14,900 - INFO - Selected COc1ccc(-c2coc3cc(OC(=O)C(N)CCC(=O)O)cc(O)c3c2=O)cc1 → UCB+nov = 0.8016
f1 shape: (1,)
2025-09-15 17:54:14,902 - INFO -   True f = 0.597
2025-09-15 17:54:15,027 - INFO - Iter time: 129.93s
2025-09-15 17:54:15,028 - INFO - 
--- Iter 140 (train size=150) ---
2025-09-15 17:56:26,876 - INFO - eta_t=0.0211 | novelty mean=0.7845, std=0.0585 | UCB range=(0.2873, 0.8690) | novelty_z range=(-11.545,3.047)
2025-09-15 17:56:26,876 - INFO - Selected CC(=O)NC(Cc1ccc(F)c(F)c1)C(=O)NC1CCN(S(=O)(=O)c2ccc(C)cc2)CC1 → UCB+nov = 0.8018
f1 shape: (1,)
2025-09-15 17:56:26,878 - INFO -   True f = 0.636
2025-09-15 17:56:27,008 - INFO - Iter time: 131.98s
2025-09-15 17:56:27,008 - INFO - 
--- Iter 141 (train size=151) ---
2025-09-15 17:58:39,558 - INFO - eta_t=0.0210 | novelty mean=0.7841, std=0.0586 | UCB range=(0.2881, 0.8687) | novelty_z range=(-11.512,3.047)
2025-09-15 17:58:39,558 - INFO - Selected CCC(NC(=O)C1CC(S(=O)(=O)c2ccc(F)cc2Cl)CN1C(=O)C1(c2ccc(Cl)cc2)CC1)C(=O)C(=O)NC1CC1 → UCB+nov = 0.8022
f1 shape: (1,)
2025-09-15 17:58:39,561 - INFO -   True f = 0.594
2025-09-15 17:58:39,693 - INFO - Iter time: 132.68s
2025-09-15 17:58:39,693 - INFO - 
--- Iter 142 (train size=152) ---
2025-09-15 18:00:51,416 - INFO - eta_t=0.0209 | novelty mean=0.7840, std=0.0587 | UCB range=(0.2882, 0.8678) | novelty_z range=(-11.492,3.043)
2025-09-15 18:00:51,416 - INFO - Selected COc1ccc(OC)c(S(=O)(=O)NC2CCCCN(CC(=O)NCc3ccc(C(=N)N)cc3)C2=O)c1 → UCB+nov = 0.8026
f1 shape: (1,)
2025-09-15 18:00:51,419 - INFO -   True f = 0.6404
2025-09-15 18:00:51,552 - INFO - Iter time: 131.86s
2025-09-15 18:00:51,552 - INFO - 
--- Iter 143 (train size=153) ---
2025-09-15 18:03:04,126 - INFO - eta_t=0.0208 | novelty mean=0.7839, std=0.0587 | UCB range=(0.2881, 0.8678) | novelty_z range=(-11.485,3.044)
2025-09-15 18:03:04,126 - INFO - Selected N=C(N)c1ccc(CC(=O)NC2CCN(C(CC(=O)O)C(=O)NC(CC34CC5CC(CC(C5)C3)C4)C(=O)O)C2=O)cc1 → UCB+nov = 0.8059
f1 shape: (1,)
2025-09-15 18:03:04,129 - INFO -   True f = 0.5945
2025-09-15 18:03:04,266 - INFO - Iter time: 132.71s
2025-09-15 18:03:04,266 - INFO - 
--- Iter 144 (train size=154) ---
2025-09-15 18:05:18,485 - INFO - eta_t=0.0208 | novelty mean=0.7837, std=0.0586 | UCB range=(0.2881, 0.8684) | novelty_z range=(-11.502,3.053)
2025-09-15 18:05:18,485 - INFO - Selected COc1ccc(CNC(=O)C(=O)NCC2OCCN2C(=O)c2ccc(OC)cc2)cc1 → UCB+nov = 0.8043
f1 shape: (1,)
2025-09-15 18:05:18,487 - INFO -   True f = 0.6148
2025-09-15 18:05:18,625 - INFO - Iter time: 134.36s
2025-09-15 18:05:18,625 - INFO - 
--- Iter 145 (train size=155) ---
2025-09-15 18:07:31,414 - INFO - eta_t=0.0207 | novelty mean=0.7836, std=0.0587 | UCB range=(0.2881, 0.8688) | novelty_z range=(-11.479,3.049)
2025-09-15 18:07:31,415 - INFO - Selected COc1ccc(S(=O)(=O)NC(=O)C2=C(O)C3Oc4c(O)ccc5c4C34CCN(CC3CC3)C(C5)C4(O)C2)cc1 → UCB+nov = 0.801
f1 shape: (1,)
2025-09-15 18:07:31,417 - INFO -   True f = 0.648
2025-09-15 18:07:31,558 - INFO - Iter time: 132.93s
2025-09-15 18:07:31,559 - INFO - 
--- Iter 146 (train size=156) ---
2025-09-15 18:09:47,270 - INFO - eta_t=0.0206 | novelty mean=0.7834, std=0.0589 | UCB range=(0.2877, 0.8726) | novelty_z range=(-11.446,3.044)
2025-09-15 18:09:47,270 - INFO - Selected CCC(NC(=O)Cc1c(C)c2ccc(OC)c(C)c2oc1=O)C(=O)NC(Cc1ccc(Cl)cc1)C(=O)O → UCB+nov = 0.7988
f1 shape: (1,)
2025-09-15 18:09:47,272 - INFO -   True f = 0.5808
2025-09-15 18:09:47,413 - INFO - Iter time: 135.85s
2025-09-15 18:09:47,413 - INFO - 
--- Iter 147 (train size=157) ---
2025-09-15 18:12:09,159 - INFO - eta_t=0.0205 | novelty mean=0.7833, std=0.0589 | UCB range=(0.2877, 0.8725) | novelty_z range=(-11.445,3.046)
2025-09-15 18:12:09,159 - INFO - Selected CCC(NC(=O)C1CCCN1C(=O)C(NC(=O)C(CCCCN)NC(=O)c1cc(O)ccc1O)C(C)CC)C(=O)O → UCB+nov = 0.7982
f1 shape: (1,)
2025-09-15 18:12:09,162 - INFO -   True f = 0.5911
2025-09-15 18:12:09,305 - INFO - Iter time: 141.89s
2025-09-15 18:12:09,305 - INFO - 
--- Iter 148 (train size=158) ---
2025-09-15 18:14:26,762 - INFO - eta_t=0.0205 | novelty mean=0.7833, std=0.0590 | UCB range=(0.2877, 0.8719) | novelty_z range=(-11.425,3.042)
2025-09-15 18:14:26,762 - INFO - Selected NC(=O)C1CCCN1C(=O)C(CCCN=c1c(O)c(O)c1=O)NC(=O)OCC1c2ccccc2-c2ccccc21 → UCB+nov = 0.7989
f1 shape: (1,)
2025-09-15 18:14:26,764 - INFO -   True f = 0.6361
2025-09-15 18:14:26,907 - INFO - Iter time: 137.60s
2025-09-15 18:14:26,907 - INFO - 
--- Iter 149 (train size=159) ---
2025-09-15 18:16:43,922 - INFO - eta_t=0.0204 | novelty mean=0.7832, std=0.0590 | UCB range=(0.2875, 0.8704) | novelty_z range=(-11.421,3.043)
2025-09-15 18:16:43,923 - INFO - Selected CC(=O)c1cc(NC(=O)NCCCC2CC(Cc3ccc(F)cc3)CCN2C(=N)N)cc(C(C)=O)c1 → UCB+nov = 0.8003
f1 shape: (1,)
2025-09-15 18:16:43,925 - INFO -   True f = 0.6724
2025-09-15 18:16:44,070 - INFO - Iter time: 137.16s
2025-09-15 18:16:44,070 - INFO - 
--- Iter 150 (train size=160) ---
2025-09-15 18:19:06,129 - INFO - eta_t=0.0203 | novelty mean=0.7831, std=0.0590 | UCB range=(0.2879, 0.8689) | novelty_z range=(-11.407,3.040)
2025-09-15 18:19:06,130 - INFO - Selected COC(=O)CCCNCC1CCN(C(=O)Nc2ccc(COC(C)=O)cc2)C1 → UCB+nov = 0.8038
f1 shape: (1,)
2025-09-15 18:19:06,132 - INFO -   True f = 0.6193
2025-09-15 18:19:06,288 - INFO - Iter time: 142.22s
2025-09-15 18:19:06,288 - INFO - 
--- Iter 151 (train size=161) ---
2025-09-15 18:21:27,831 - INFO - eta_t=0.0203 | novelty mean=0.7831, std=0.0590 | UCB range=(0.2877, 0.8737) | novelty_z range=(-11.409,3.042)
2025-09-15 18:21:27,832 - INFO - Selected COc1ccc(NC(=O)N2CCN(C(=O)C(Cc3ccc(F)cc3)NC(C)=O)CC2)cc1 → UCB+nov = 0.81
f1 shape: (1,)
2025-09-15 18:21:27,834 - INFO -   True f = 0.6641
2025-09-15 18:21:27,981 - INFO - Iter time: 141.69s
2025-09-15 18:21:27,981 - INFO - 
--- Iter 152 (train size=162) ---
2025-09-15 18:23:49,534 - INFO - eta_t=0.0202 | novelty mean=0.7826, std=0.0592 | UCB range=(0.2881, 0.8734) | novelty_z range=(-11.365,3.040)
2025-09-15 18:23:49,534 - INFO - Selected CCCC1C(=O)N(C(Cc2ccc3ccccc3c2)C(=O)NC)CCN1C(=O)C(Cc1ccc(F)cc1)NC(=O)C1CCCCN1 → UCB+nov = 0.8048
f1 shape: (1,)
2025-09-15 18:23:49,537 - INFO -   True f = 0.6621
2025-09-15 18:23:49,689 - INFO - Iter time: 141.71s
2025-09-15 18:23:49,689 - INFO - 
--- Iter 153 (train size=163) ---
2025-09-15 18:26:13,750 - INFO - eta_t=0.0201 | novelty mean=0.7825, std=0.0593 | UCB range=(0.2883, 0.8725) | novelty_z range=(-11.355,3.039)
2025-09-15 18:26:13,750 - INFO - Selected COc1cccc(CNCC(O)C(Cc2cc(F)cc(F)c2)NC(=O)C(C)N2CCC(CC3CC3)(NC(C)=O)C2=O)c1 → UCB+nov = 0.8066
f1 shape: (1,)
2025-09-15 18:26:13,753 - INFO -   True f = 0.6191
2025-09-15 18:26:13,913 - INFO - Iter time: 144.22s
2025-09-15 18:26:13,914 - INFO - 
--- Iter 154 (train size=164) ---
2025-09-15 18:28:41,407 - INFO - eta_t=0.0201 | novelty mean=0.7824, std=0.0593 | UCB range=(0.2888, 0.8711) | novelty_z range=(-11.346,3.038)
2025-09-15 18:28:41,408 - INFO - Selected O=C(O)CC(NC(=O)CCC(=O)Nc1ccc2c(c1)CNCC2)c1ccc(F)cc1 → UCB+nov = 0.8069
f1 shape: (1,)
2025-09-15 18:28:41,410 - INFO -   True f = 0.6172
2025-09-15 18:28:41,565 - INFO - Iter time: 147.65s
2025-09-15 18:28:41,566 - INFO - 
--- Iter 155 (train size=165) ---
2025-09-15 18:31:09,951 - INFO - eta_t=0.0200 | novelty mean=0.7824, std=0.0593 | UCB range=(0.2888, 0.8724) | novelty_z range=(-11.343,3.039)
2025-09-15 18:31:09,951 - INFO - Selected CC1C(=O)N2CCCc3cc(NC(=O)C(=O)NCCc4ccc(F)cc4)cc1c32 → UCB+nov = 0.8073
f1 shape: (1,)
2025-09-15 18:31:09,953 - INFO -   True f = 0.4635
2025-09-15 18:31:10,108 - INFO - Iter time: 148.54s
2025-09-15 18:31:10,108 - INFO - 
--- Iter 156 (train size=166) ---
2025-09-15 18:33:42,284 - INFO - eta_t=0.0200 | novelty mean=0.7823, std=0.0593 | UCB range=(0.2885, 0.8713) | novelty_z range=(-11.339,3.040)
2025-09-15 18:33:42,284 - INFO - Selected COc1ccccc1-c1ccc(CC(CC(=O)O)NC(=O)CCC(=O)O)cc1 → UCB+nov = 0.8068
f1 shape: (1,)
2025-09-15 18:33:42,286 - INFO -   True f = 0.639
2025-09-15 18:33:42,447 - INFO - Iter time: 152.34s
2025-09-15 18:33:42,447 - INFO - 
--- Iter 157 (train size=167) ---
2025-09-15 18:36:10,384 - INFO - eta_t=0.0199 | novelty mean=0.7820, std=0.0594 | UCB range=(0.2885, 0.8725) | novelty_z range=(-11.328,3.042)
2025-09-15 18:36:10,384 - INFO - Selected CCOC(=O)C=CC(CCC(N)=O)NC(=O)C(CC(=O)C(NC(=O)SC1CCCC1)C(C)C)Cc1ccc(F)cc1 → UCB+nov = 0.805
f1 shape: (1,)
2025-09-15 18:36:10,387 - INFO -   True f = 0.569
2025-09-15 18:36:10,549 - INFO - Iter time: 148.10s
2025-09-15 18:36:10,549 - INFO - 
--- Iter 158 (train size=168) ---
2025-09-15 18:38:42,841 - INFO - eta_t=0.0198 | novelty mean=0.7820, std=0.0594 | UCB range=(0.2886, 0.8729) | novelty_z range=(-11.326,3.042)
2025-09-15 18:38:42,841 - INFO - Selected COC(=O)C(Cc1ccc(OP(=O)(Oc2ccc(CC(NC(C)=O)C(=O)OC)cc2)C2CCCN2C(=O)C2CCCN2)cc1)NC(C)=O → UCB+nov = 0.8047
f1 shape: (1,)
2025-09-15 18:38:42,844 - INFO -   True f = 0.611
2025-09-15 18:38:43,009 - INFO - Iter time: 152.46s
2025-09-15 18:38:43,009 - INFO - 
--- Iter 159 (train size=169) ---
2025-09-15 18:41:17,171 - INFO - eta_t=0.0198 | novelty mean=0.7820, std=0.0594 | UCB range=(0.2886, 0.8725) | novelty_z range=(-11.326,3.042)
2025-09-15 18:41:17,172 - INFO - Selected NCCCC(NC(=O)CCc1ccc(O)cc1)C(=O)N1CCCC1C(=O)O → UCB+nov = 0.803
f1 shape: (1,)
2025-09-15 18:41:17,173 - INFO -   True f = 0.6277
2025-09-15 18:41:17,341 - INFO - Iter time: 154.33s
2025-09-15 18:41:17,341 - INFO - 
--- Iter 160 (train size=170) ---
2025-09-15 18:43:48,749 - INFO - eta_t=0.0197 | novelty mean=0.7820, std=0.0594 | UCB range=(0.2886, 0.8682) | novelty_z range=(-11.319,3.041)
2025-09-15 18:43:48,749 - INFO - Selected COc1ccc(CC(=O)NC(=N)NC(CC2CCCCC2)C(=O)NCc2ccc(-c3nnn[nH]3)cc2)cc1OC → UCB+nov = 0.8029
f1 shape: (1,)
2025-09-15 18:43:48,752 - INFO -   True f = 0.6104
2025-09-15 18:43:48,921 - INFO - Iter time: 151.58s
2025-09-15 18:43:48,921 - INFO - 
--- Iter 161 (train size=171) ---
2025-09-15 18:46:21,189 - INFO - eta_t=0.0196 | novelty mean=0.7819, std=0.0594 | UCB range=(0.2885, 0.8684) | novelty_z range=(-11.316,3.041)
2025-09-15 18:46:21,189 - INFO - Selected COc1cc(NC(=O)CCC(NC(=O)CCC(C)C2CCC3C4C(O)CC5CC(O)CCC5(C)C4CCC23C)C(=O)O)cc(OC)c1 → UCB+nov = 0.8034
f1 shape: (1,)
2025-09-15 18:46:21,192 - INFO -   True f = 0.4204
2025-09-15 18:46:21,361 - INFO - Iter time: 152.44s
2025-09-15 18:46:21,361 - INFO - 
--- Iter 162 (train size=172) ---
2025-09-15 18:48:53,869 - INFO - eta_t=0.0196 | novelty mean=0.7816, std=0.0593 | UCB range=(0.2885, 0.8688) | novelty_z range=(-11.331,3.053)
2025-09-15 18:48:53,869 - INFO - Selected Cc1cccc(NC(=O)COC(=O)CCc2ccc(S(=O)(=O)N3CCOCC3)cc2)c1C → UCB+nov = 0.8025
f1 shape: (1,)
2025-09-15 18:48:53,871 - INFO -   True f = 0.6215
2025-09-15 18:48:54,041 - INFO - Iter time: 152.68s
2025-09-15 18:48:54,041 - INFO - 
--- Iter 163 (train size=173) ---
2025-09-15 18:51:30,386 - INFO - eta_t=0.0195 | novelty mean=0.7810, std=0.0596 | UCB range=(0.2883, 0.8678) | novelty_z range=(-11.262,3.047)
2025-09-15 18:51:30,386 - INFO - Selected CNC(=O)C(Cc1ccc(OC)cc1)NC(=O)C1(CC(=O)NO)Cc2ccccc21 → UCB+nov = 0.8025
f1 shape: (1,)
2025-09-15 18:51:30,388 - INFO -   True f = 0.582
2025-09-15 18:51:30,568 - INFO - Iter time: 156.53s
2025-09-15 18:51:30,568 - INFO - 
--- Iter 164 (train size=174) ---
2025-09-15 18:54:12,380 - INFO - eta_t=0.0195 | novelty mean=0.7809, std=0.0596 | UCB range=(0.2883, 0.8672) | novelty_z range=(-11.259,3.047)
2025-09-15 18:54:12,381 - INFO - Selected NC(N)=NCCCC(NC(=O)C(N)Cc1ccc(O)cc1)C(=O)NC1CSSCC(C(=O)O)NC(=O)C2CCCN2C(=O)C(CCC(=O)O)NC1=O → UCB+nov = 0.8024
f1 shape: (1,)
2025-09-15 18:54:12,383 - INFO -   True f = 0.5412
2025-09-15 18:54:12,560 - INFO - Iter time: 161.99s
2025-09-15 18:54:12,560 - INFO - 
--- Iter 165 (train size=175) ---
2025-09-15 18:56:49,743 - INFO - eta_t=0.0194 | novelty mean=0.7809, std=0.0596 | UCB range=(0.2883, 0.8672) | novelty_z range=(-11.259,3.048)
2025-09-15 18:56:49,743 - INFO - Selected COc1cccc2cc(C(=O)NC(CC(C)C)C(=O)NC3CCC(C)N(C(=O)Nc4ccncc4)CC3=O)oc12 → UCB+nov = 0.802
f1 shape: (1,)
2025-09-15 18:56:49,746 - INFO -   True f = 0.6021
2025-09-15 18:56:49,925 - INFO - Iter time: 157.37s
2025-09-15 18:56:49,926 - INFO - 
--- Iter 166 (train size=176) ---
2025-09-15 18:59:28,983 - INFO - eta_t=0.0193 | novelty mean=0.7809, std=0.0596 | UCB range=(0.2881, 0.8691) | novelty_z range=(-11.259,3.049)
2025-09-15 18:59:28,983 - INFO - Selected Cc1ccccc1NC(=O)Nc1ccc(CC(=O)N2CCOCC2C(=O)NCCCCC(=O)O)cc1 → UCB+nov = 0.8016
f1 shape: (1,)
2025-09-15 18:59:28,985 - INFO -   True f = 0.657
2025-09-15 18:59:29,167 - INFO - Iter time: 159.24s
2025-09-15 18:59:29,167 - INFO - 
--- Iter 167 (train size=177) ---
2025-09-15 19:02:10,479 - INFO - eta_t=0.0193 | novelty mean=0.7808, std=0.0597 | UCB range=(0.2879, 0.8711) | novelty_z range=(-11.248,3.047)
2025-09-15 19:02:10,480 - INFO - Selected COC(=O)C(CCCCNC(=O)Nc1ccc(OC)cc1)NC(=O)CCc1nc2ccccc2c(=O)[nH]1 → UCB+nov = 0.8066
f1 shape: (1,)
2025-09-15 19:02:10,482 - INFO -   True f = 0.6214
2025-09-15 19:02:10,667 - INFO - Iter time: 161.50s
2025-09-15 19:02:10,667 - INFO - 
--- Iter 168 (train size=178) ---
2025-09-15 19:04:52,602 - INFO - eta_t=0.0192 | novelty mean=0.7805, std=0.0597 | UCB range=(0.2878, 0.8699) | novelty_z range=(-11.233,3.049)
2025-09-15 19:04:52,602 - INFO - Selected COc1ccc(S(=O)(=O)N2CCCC2C(=O)NCC(=O)Nc2cccc(Cl)c2C)cc1 → UCB+nov = 0.8066
f1 shape: (1,)
2025-09-15 19:04:52,604 - INFO -   True f = 0.6166
2025-09-15 19:04:52,789 - INFO - Iter time: 162.12s
2025-09-15 19:04:52,789 - INFO - 
--- Iter 169 (train size=179) ---
2025-09-15 19:07:37,614 - INFO - eta_t=0.0192 | novelty mean=0.7803, std=0.0598 | UCB range=(0.2877, 0.8689) | novelty_z range=(-11.213,3.047)
2025-09-15 19:07:37,615 - INFO - Selected O=C(CCCCNC1=NCCN1)Nc1ccc(CC(NC(=O)C2CCCN2S(=O)(=O)c2ccccc2)C(=O)O)cc1 → UCB+nov = 0.8072
f1 shape: (1,)
2025-09-15 19:07:37,617 - INFO -   True f = 0.658
2025-09-15 19:07:37,802 - INFO - Iter time: 165.01s
2025-09-15 19:07:37,802 - INFO - 
--- Iter 170 (train size=180) ---
2025-09-15 19:10:17,662 - INFO - eta_t=0.0191 | novelty mean=0.7803, std=0.0598 | UCB range=(0.2877, 0.8698) | novelty_z range=(-11.210,3.047)
2025-09-15 19:10:17,663 - INFO - Selected CCCCCCNC(=O)Nc1ccc(S(=O)(=O)N2CCC(CNCC(O)COc3ccc(O)cc3)CC2)cc1 → UCB+nov = 0.8089
f1 shape: (1,)
2025-09-15 19:10:17,665 - INFO -   True f = 0.7142
2025-09-15 19:10:17,856 - INFO - Iter time: 160.05s
2025-09-15 19:10:17,857 - INFO - 
--- Iter 171 (train size=181) ---
2025-09-15 19:13:04,760 - INFO - eta_t=0.0191 | novelty mean=0.7802, std=0.0599 | UCB range=(0.2867, 0.8728) | novelty_z range=(-11.201,3.047)
2025-09-15 19:13:04,760 - INFO - Selected COc1ccc(S(=O)(=O)N2CCC(C(=O)NCCC(=O)NCCc3cccc(F)c3)CC2)cc1 → UCB+nov = 0.8166
f1 shape: (1,)
2025-09-15 19:13:04,762 - INFO -   True f = 0.6393
2025-09-15 19:13:04,953 - INFO - Iter time: 167.10s
2025-09-15 19:13:04,953 - INFO - 
--- Iter 172 (train size=182) ---
2025-09-15 19:15:51,743 - INFO - eta_t=0.0190 | novelty mean=0.7800, std=0.0600 | UCB range=(0.2868, 0.8727) | novelty_z range=(-11.173,3.043)
2025-09-15 19:15:51,743 - INFO - Selected CC(Cc1ccc(O)cc1)(NC(=O)C1CCCN1C(=O)CCCc1ccc(O)cc1)C(=O)NCCCN → UCB+nov = 0.813
f1 shape: (1,)
2025-09-15 19:15:51,746 - INFO -   True f = 0.6896
2025-09-15 19:15:51,936 - INFO - Iter time: 166.98s
2025-09-15 19:15:51,936 - INFO - 
--- Iter 173 (train size=183) ---
2025-09-15 19:18:36,743 - INFO - eta_t=0.0190 | novelty mean=0.7800, std=0.0600 | UCB range=(0.2874, 0.8732) | novelty_z range=(-11.170,3.043)
2025-09-15 19:18:36,743 - INFO - Selected CCCC(=O)NC(Cc1ccc(OP(=O)(O)O)cc1)C(=O)NCCCN1CCCNC1=O → UCB+nov = 0.8116
f1 shape: (1,)
2025-09-15 19:18:36,745 - INFO -   True f = 0.6101
2025-09-15 19:18:36,939 - INFO - Iter time: 165.00s
2025-09-15 19:18:36,939 - INFO - 
--- Iter 174 (train size=184) ---
2025-09-15 19:21:25,699 - INFO - eta_t=0.0189 | novelty mean=0.7800, std=0.0600 | UCB range=(0.2874, 0.8723) | novelty_z range=(-11.171,3.044)
2025-09-15 19:21:25,699 - INFO - Selected Cc1ccc(S(=O)(=O)N2CCC(C(=O)OCC(=O)NC(C)c3ccc(F)cc3)CC2)cc1C → UCB+nov = 0.809
f1 shape: (1,)
2025-09-15 19:21:25,702 - INFO -   True f = 0.6297
2025-09-15 19:21:25,903 - INFO - Iter time: 168.96s
2025-09-15 19:21:25,903 - INFO - 
--- Iter 175 (train size=185) ---
2025-09-15 19:24:13,588 - INFO - eta_t=0.0188 | novelty mean=0.7798, std=0.0601 | UCB range=(0.2874, 0.8725) | novelty_z range=(-11.149,3.042)
2025-09-15 19:24:13,588 - INFO - Selected CNC(=O)CCCC1CCN(C(=O)C(Cc2cccc(C(=N)N)c2)NS(=O)(=O)c2cccc(-c3ccc(C(C)C)cc3)c2)CC1 → UCB+nov = 0.8095
f1 shape: (1,)
2025-09-15 19:24:13,591 - INFO -   True f = 0.6276
2025-09-15 19:24:13,791 - INFO - Iter time: 167.89s
2025-09-15 19:24:13,791 - INFO - 
--- Iter 176 (train size=186) ---
2025-09-15 19:27:03,683 - INFO - eta_t=0.0188 | novelty mean=0.7797, std=0.0602 | UCB range=(0.2870, 0.8729) | novelty_z range=(-11.139,3.041)
2025-09-15 19:27:03,683 - INFO - Selected O=C(O)CCCc1ccc(NC(=O)c2c(O)cccc2O)cc1 → UCB+nov = 0.8078
f1 shape: (1,)
2025-09-15 19:27:03,685 - INFO -   True f = 0.6213
2025-09-15 19:27:03,886 - INFO - Iter time: 170.10s
2025-09-15 19:27:03,886 - INFO - 
--- Iter 177 (train size=187) ---
2025-09-15 19:29:55,117 - INFO - eta_t=0.0187 | novelty mean=0.7795, std=0.0602 | UCB range=(0.2867, 0.8727) | novelty_z range=(-11.123,3.041)
2025-09-15 19:29:55,117 - INFO - Selected CCOC(=O)c1ccc(NC(=O)CC2C(=O)N(c3ccc(OC)cc3)C(=S)N2C2CC2)cc1 → UCB+nov = 0.8074
f1 shape: (1,)
2025-09-15 19:29:55,119 - INFO -   True f = 0.6271
2025-09-15 19:29:55,321 - INFO - Iter time: 171.43s
2025-09-15 19:29:55,321 - INFO - 
--- Iter 178 (train size=188) ---
2025-09-15 19:32:42,856 - INFO - eta_t=0.0187 | novelty mean=0.7792, std=0.0604 | UCB range=(0.2865, 0.8739) | novelty_z range=(-11.086,3.036)
2025-09-15 19:32:42,856 - INFO - Selected CCOC(=O)C(Cc1ccc(NC(=O)c2c(Cl)cncc2Cl)cc1)NC(=O)C1CC(NC2CCC2)CN1S(=O)(=O)c1cccc(C#N)c1 → UCB+nov = 0.8085
f1 shape: (1,)
2025-09-15 19:32:42,859 - INFO -   True f = 0.6194
2025-09-15 19:32:43,063 - INFO - Iter time: 167.74s
2025-09-15 19:32:43,064 - INFO - 
--- Iter 179 (train size=189) ---
2025-09-15 19:35:34,627 - INFO - eta_t=0.0186 | novelty mean=0.7792, std=0.0604 | UCB range=(0.2866, 0.8740) | novelty_z range=(-11.088,3.037)
2025-09-15 19:35:34,627 - INFO - Selected CCOC(=O)C1CN(S(=O)(=O)c2ccc(OC)cc2)c2cc(CC(=O)OC)ccc2O1 → UCB+nov = 0.8092
f1 shape: (1,)
2025-09-15 19:35:34,630 - INFO -   True f = 0.5818
2025-09-15 19:35:34,851 - INFO - Iter time: 171.79s
2025-09-15 19:35:34,851 - INFO - 
--- Iter 180 (train size=190) ---
2025-09-15 19:38:30,567 - INFO - eta_t=0.0186 | novelty mean=0.7792, std=0.0604 | UCB range=(0.2866, 0.8740) | novelty_z range=(-11.083,3.036)
2025-09-15 19:38:30,568 - INFO - Selected CCOC(=O)CCCCCC(=O)Nc1ccc2c(c1)C(=O)N(C(C)CO)CC(C)C(CN(C)C(=O)c1ccncc1)OCCCCC(C)O2 → UCB+nov = 0.8086
f1 shape: (1,)
2025-09-15 19:38:30,570 - INFO -   True f = 0.53
2025-09-15 19:38:30,780 - INFO - Iter time: 175.93s
2025-09-15 19:38:30,780 - INFO - 
--- Iter 181 (train size=191) ---
2025-09-15 19:41:25,523 - INFO - eta_t=0.0185 | novelty mean=0.7791, std=0.0605 | UCB range=(0.2866, 0.8730) | novelty_z range=(-11.068,3.033)
2025-09-15 19:41:25,524 - INFO - Selected COc1ccc(NC(=O)C2C(C(=O)NCCC(N)=O)C3CCC2C32CC2)cc1 → UCB+nov = 0.8084
f1 shape: (1,)
2025-09-15 19:41:25,526 - INFO -   True f = 0.5991
2025-09-15 19:41:25,736 - INFO - Iter time: 174.96s
2025-09-15 19:41:25,736 - INFO - 
--- Iter 182 (train size=192) ---
2025-09-15 19:44:18,623 - INFO - eta_t=0.0185 | novelty mean=0.7791, std=0.0605 | UCB range=(0.2865, 0.8728) | novelty_z range=(-11.062,3.032)
2025-09-15 19:44:18,623 - INFO - Selected COC(=O)CCNC(=O)c1cnc(NC(=O)C(CC2CCOCC2)c2ccc(S(=O)(=O)C3CC3)cc2)s1 → UCB+nov = 0.8084
f1 shape: (1,)
2025-09-15 19:44:18,625 - INFO -   True f = 0.6131
2025-09-15 19:44:18,837 - INFO - Iter time: 173.10s
2025-09-15 19:44:18,837 - INFO - 
--- Iter 183 (train size=193) ---
2025-09-15 19:47:17,783 - INFO - eta_t=0.0184 | novelty mean=0.7790, std=0.0606 | UCB range=(0.2864, 0.8725) | novelty_z range=(-11.054,3.031)
2025-09-15 19:47:17,783 - INFO - Selected CCc1ccc(C(C(=O)NC2CCCC2)N(CCOC)C(=O)CCC(=O)Nc2cc(C)on2)cc1 → UCB+nov = 0.8108
f1 shape: (1,)
2025-09-15 19:47:17,786 - INFO -   True f = 0.6383
2025-09-15 19:47:18,002 - INFO - Iter time: 179.16s
2025-09-15 19:47:18,002 - INFO - 
--- Iter 184 (train size=194) ---
2025-09-15 19:50:13,107 - INFO - eta_t=0.0184 | novelty mean=0.7790, std=0.0606 | UCB range=(0.2863, 0.8730) | novelty_z range=(-11.045,3.030)
2025-09-15 19:50:13,107 - INFO - Selected CC(Oc1ccc2ccc(=O)oc2c1)C(=O)NCC1CCC(C(=O)O)CC1 → UCB+nov = 0.8104
f1 shape: (1,)
2025-09-15 19:50:13,109 - INFO -   True f = 0.644
2025-09-15 19:50:13,329 - INFO - Iter time: 175.33s
2025-09-15 19:50:13,329 - INFO - 
--- Iter 185 (train size=195) ---
2025-09-15 19:53:15,300 - INFO - eta_t=0.0183 | novelty mean=0.7789, std=0.0606 | UCB range=(0.2855, 0.8733) | novelty_z range=(-11.042,3.031)
2025-09-15 19:53:15,301 - INFO - Selected CC(C)C1CCN(C(=O)C(CCCN=C(N)N)NS(=O)(=O)c2ccc3cc(Cl)ccc3c2)C(C(=O)O)C1 → UCB+nov = 0.8116
f1 shape: (1,)
2025-09-15 19:53:15,303 - INFO -   True f = 0.6484
2025-09-15 19:53:15,523 - INFO - Iter time: 182.19s
2025-09-15 19:53:15,523 - INFO - 
--- Iter 186 (train size=196) ---
2025-09-15 19:56:15,246 - INFO - eta_t=0.0183 | novelty mean=0.7789, std=0.0607 | UCB range=(0.2856, 0.8741) | novelty_z range=(-11.034,3.030)
2025-09-15 19:56:15,246 - INFO - Selected O=C(O)C(Cc1ccc2cc(OCCCN3CCNCC3)ccc2c1)NS(=O)(=O)c1ccc([N+](=O)[O-])cc1 → UCB+nov = 0.8136
f1 shape: (1,)
2025-09-15 19:56:15,249 - INFO -   True f = 0.6976
2025-09-15 19:56:15,470 - INFO - Iter time: 179.95s
2025-09-15 19:56:15,470 - INFO - 
--- Iter 187 (train size=197) ---
2025-09-15 19:59:14,717 - INFO - eta_t=0.0182 | novelty mean=0.7787, std=0.0607 | UCB range=(0.2847, 0.8748) | novelty_z range=(-11.029,3.031)
2025-09-15 19:59:14,717 - INFO - Selected COc1ccc(-c2ccc(S(=O)(=O)NC(C(=O)O)C3CCN(C(=O)OC(C)C)CC3)cc2)cc1 → UCB+nov = 0.8192
f1 shape: (1,)
2025-09-15 19:59:14,719 - INFO -   True f = 0.6199
2025-09-15 19:59:14,945 - INFO - Iter time: 179.47s
2025-09-15 19:59:14,945 - INFO - 
--- Iter 188 (train size=198) ---
2025-09-15 20:02:14,851 - INFO - eta_t=0.0182 | novelty mean=0.7787, std=0.0607 | UCB range=(0.2847, 0.8744) | novelty_z range=(-11.020,3.030)
2025-09-15 20:02:14,851 - INFO - Selected COc1ccc([N+](=O)[O-])cc1C(=O)Nc1ccc(OCC(=O)N2CCOCC2)cc1 → UCB+nov = 0.8167
f1 shape: (1,)
2025-09-15 20:02:14,853 - INFO -   True f = 0.6264
2025-09-15 20:02:15,087 - INFO - Iter time: 180.14s
2025-09-15 20:02:15,087 - INFO - 
--- Iter 189 (train size=199) ---
2025-09-15 20:05:17,589 - INFO - eta_t=0.0181 | novelty mean=0.7781, std=0.0609 | UCB range=(0.2844, 0.8742) | novelty_z range=(-10.973,3.028)
2025-09-15 20:05:17,589 - INFO - Selected COC(=O)Nc1ccc(S(=O)(=O)N2CCC(C(=O)NCc3ccc4c(c3)OCO4)CC2)cc1 → UCB+nov = 0.8147
f1 shape: (1,)
2025-09-15 20:05:17,591 - INFO -   True f = 0.6282
2025-09-15 20:05:17,819 - INFO - Iter time: 182.73s
2025-09-15 20:05:17,819 - INFO - 
--- Iter 190 (train size=200) ---
2025-09-15 20:08:17,621 - INFO - eta_t=0.0181 | novelty mean=0.7778, std=0.0612 | UCB range=(0.2844, 0.8743) | novelty_z range=(-10.917,3.020)
2025-09-15 20:08:17,621 - INFO - Selected CC(Cc1ccc2c(c1)OC(C(=O)OCC1CCC1)(C(=O)OCC1CCC1)O2)NCC(O)c1cccc(Cl)c1 → UCB+nov = 0.8143
f1 shape: (1,)
2025-09-15 20:08:17,624 - INFO -   True f = 0.5736
2025-09-15 20:08:17,854 - INFO - Iter time: 180.04s
2025-09-15 20:08:17,854 - INFO - 
--- Iter 191 (train size=201) ---
2025-09-15 20:11:22,894 - INFO - eta_t=0.0180 | novelty mean=0.7777, std=0.0613 | UCB range=(0.2843, 0.8752) | novelty_z range=(-10.905,3.018)
2025-09-15 20:11:22,894 - INFO - Selected Cc1ccc(NC(=O)CCC2CCCCC2)cc1C(=O)Nc1ccc(O)cc1 → UCB+nov = 0.8131
f1 shape: (1,)
2025-09-15 20:11:22,896 - INFO -   True f = 0.4154
2025-09-15 20:11:23,129 - INFO - Iter time: 185.28s
2025-09-15 20:11:23,130 - INFO - 
--- Iter 192 (train size=202) ---
2025-09-15 20:14:32,960 - INFO - eta_t=0.0180 | novelty mean=0.7776, std=0.0613 | UCB range=(0.2852, 0.8754) | novelty_z range=(-10.893,3.018)
2025-09-15 20:14:32,960 - INFO - Selected COc1ccc(CC(NC(=O)c2ccccc2)C(=O)CCC(=O)N2CCCC2C(=O)O)cc1OC → UCB+nov = 0.8149
f1 shape: (1,)
2025-09-15 20:14:32,963 - INFO -   True f = 0.6668
2025-09-15 20:14:33,199 - INFO - Iter time: 190.07s
2025-09-15 20:14:33,199 - INFO - 
--- Iter 193 (train size=203) ---
2025-09-15 20:17:37,596 - INFO - eta_t=0.0179 | novelty mean=0.7774, std=0.0614 | UCB range=(0.2849, 0.8750) | novelty_z range=(-10.876,3.017)
2025-09-15 20:17:37,597 - INFO - Selected COc1ccc(CCCCOC(=O)C2CCCCN2C(=O)C(=O)c2cc(OC)c(OC)c(OC)c2)cc1 → UCB+nov = 0.8143
f1 shape: (1,)
2025-09-15 20:17:37,599 - INFO -   True f = 0.6316
2025-09-15 20:17:37,837 - INFO - Iter time: 184.64s
2025-09-15 20:17:37,838 - INFO - 
--- Iter 194 (train size=204) ---
2025-09-15 20:20:48,243 - INFO - eta_t=0.0179 | novelty mean=0.7773, std=0.0615 | UCB range=(0.2849, 0.8750) | novelty_z range=(-10.864,3.015)
2025-09-15 20:20:48,244 - INFO - Selected COc1ccc(CN2C(=O)C(CC(=O)NC3CC3)CC(C(=O)N3CCOCC3)=C2C)cc1 → UCB+nov = 0.8149
f1 shape: (1,)
2025-09-15 20:20:48,246 - INFO -   True f = 0.6156
2025-09-15 20:20:48,487 - INFO - Iter time: 190.65s
2025-09-15 20:20:48,487 - INFO - 
--- Iter 195 (train size=205) ---
2025-09-15 20:23:59,900 - INFO - eta_t=0.0179 | novelty mean=0.7771, std=0.0615 | UCB range=(0.2850, 0.8767) | novelty_z range=(-10.857,3.018)
2025-09-15 20:23:59,900 - INFO - Selected CCC(C)C(NC(=O)C(O)Cc1ccc(O)cc1)C(=O)N1C(C(=O)NCCCCN=C(N)N)CC2CCC(OS(=O)(=O)O)CC21 → UCB+nov = 0.8126
f1 shape: (1,)
2025-09-15 20:23:59,903 - INFO -   True f = 0.582
2025-09-15 20:24:00,148 - INFO - Iter time: 191.66s
2025-09-15 20:24:00,148 - INFO - 
--- Iter 196 (train size=206) ---
2025-09-15 20:27:02,411 - INFO - eta_t=0.0178 | novelty mean=0.7771, std=0.0615 | UCB range=(0.2850, 0.8768) | novelty_z range=(-10.858,3.018)
2025-09-15 20:27:02,412 - INFO - Selected CCNC(=O)C1CCCN1C(=O)C(Cc1ccc2ccccc2c1)NC(C)=O → UCB+nov = 0.8126
f1 shape: (1,)
2025-09-15 20:27:02,414 - INFO -   True f = 0.5095
2025-09-15 20:27:02,655 - INFO - Iter time: 182.51s
2025-09-15 20:27:02,655 - INFO - 
--- Iter 197 (train size=207) ---
2025-09-15 20:30:13,830 - INFO - eta_t=0.0178 | novelty mean=0.7769, std=0.0615 | UCB range=(0.2852, 0.8774) | novelty_z range=(-10.842,3.018)
2025-09-15 20:30:13,830 - INFO - Selected COc1ccc(C(C(=O)NC2CCCC2)N(C(=O)c2snc(C(N)=O)c2N)c2ccc(OC)cc2)cc1 → UCB+nov = 0.8131
f1 shape: (1,)
2025-09-15 20:30:13,832 - INFO -   True f = 0.6184
2025-09-15 20:30:14,076 - INFO - Iter time: 191.42s
2025-09-15 20:30:14,076 - INFO - 
--- Iter 198 (train size=208) ---
2025-09-15 20:33:15,600 - INFO - eta_t=0.0177 | novelty mean=0.7768, std=0.0616 | UCB range=(0.2852, 0.8776) | novelty_z range=(-10.823,3.014)
2025-09-15 20:33:15,600 - INFO - Selected COc1ccc(CNC(=O)C2CCCN(S(=O)(=O)c3ccc4c(c3)CC(C)N4C(C)=O)C2)cc1 → UCB+nov = 0.8118
f1 shape: (1,)
2025-09-15 20:33:15,602 - INFO -   True f = 0.6431
2025-09-15 20:33:15,850 - INFO - Iter time: 181.77s
2025-09-15 20:33:15,850 - INFO - 
--- Iter 199 (train size=209) ---
2025-09-15 20:36:17,312 - INFO - eta_t=0.0177 | novelty mean=0.7767, std=0.0618 | UCB range=(0.2852, 0.8796) | novelty_z range=(-10.793,3.008)
2025-09-15 20:36:17,312 - INFO - Selected CCOC(=O)NC1CCc2ccc(OCCNS(=O)(=O)CC3CC3)cc2C1Cc1cccc(Cl)c1 → UCB+nov = 0.8119
f1 shape: (1,)
2025-09-15 20:36:17,314 - INFO -   True f = 0.6237
2025-09-15 20:36:17,555 - INFO - Iter time: 181.70s
