2025-10-17 21:07:58,333 - INFO - 
--- Round 0 | trial=9 | sqrt_beta=1.4142 (beta=2.0000) | rho=0.80 | train size=10 ---
2025-10-17 21:08:10,139 - INFO - [round 0] pick 1/5: Cc1cc(C)nc(Nc2cccc(C(F)(F)F)c2)n1 | UCB=1.537 | mu=0.2132 | std=0.9359 | f=0.1334
2025-10-17 21:08:10,140 - INFO - [round 0] pick 2/5: Cn1nc(-c2ccc(C(F)(F)F)cc2)cc1-c1nnc(SCc2ccc(C(F)(F)F)cc2)o1 | UCB=1.521 | mu=0.1814 | std=0.9475 | f=0.1106
2025-10-17 21:08:10,141 - INFO - [round 0] pick 3/5: C#CC12C=C(C#N)C(=O)C=C1c1ccccc1C2 | UCB=1.5 | mu=0.1286 | std=0.9699 | f=0.378
2025-10-17 21:08:10,142 - INFO - [round 0] pick 4/5: Cc1c(C(=O)OCCOC(C)C)[nH]c2c1C(=O)CC(C)(C)C2 | UCB=1.484 | mu=0.09769 | std=0.9805 | f=0.1572
2025-10-17 21:08:10,143 - INFO - [round 0] pick 5/5: CCOC(=O)NC(=O)C(C#N)=CNNc1ncc(C(F)(F)F)cc1Cl | UCB=1.504 | mu=0.1267 | std=0.9741 | f=0.007568
2025-10-17 21:08:10,144 - INFO - Round 0 done in 11.81s; train size=15
2025-10-17 21:08:10,144 - INFO - 
--- Round 1 | trial=9 | sqrt_beta=1.4142 (beta=2.0000) | rho=0.80 | train size=15 ---
2025-10-17 21:08:24,667 - INFO - [round 1] pick 1/5: O=C1C(=O)c2ccccc2C2=C1CC1(C=CC=C1)O2 | UCB=1.523 | mu=0.1818 | std=0.9486 | f=0.1462
2025-10-17 21:08:24,668 - INFO - [round 1] pick 2/5: CC1(C)Cc2ccc3ccccc3c2C=[N+]1[O-] | UCB=1.518 | mu=0.1774 | std=0.9478 | f=0.3831
2025-10-17 21:08:24,670 - INFO - [round 1] pick 3/5: CCc1c(C)sc(NC(=O)CSc2nc3c(c(C(F)(F)F)n2)CCc2ccccc2-3)c1C#N | UCB=1.503 | mu=0.1715 | std=0.9418 | f=0.1533
2025-10-17 21:08:24,671 - INFO - [round 1] pick 4/5: O=C(O)c1c(O)c2cc(Br)ccc2oc1=O | UCB=1.501 | mu=0.1315 | std=0.9684 | f=0.139
2025-10-17 21:08:24,673 - INFO - [round 1] pick 5/5: COc1ccc2c(ccn2CCCCCCCCCOC(=O)c2ccc([N+](C)(C)C)cc2)c1 | UCB=1.489 | mu=0.1398 | std=0.9543 | f=0.433
2025-10-17 21:08:24,675 - INFO - Round 1 done in 14.53s; train size=20
2025-10-17 21:08:24,675 - INFO - 
--- Round 2 | trial=9 | sqrt_beta=1.4142 (beta=2.0000) | rho=0.80 | train size=20 ---
2025-10-17 21:08:41,242 - INFO - [round 2] pick 1/5: COc1ccc(C(=O)n2c(C(C)(C)C)nc3ccccc32)cc1 | UCB=1.541 | mu=0.2309 | std=0.9265 | f=0.4415
2025-10-17 21:08:41,244 - INFO - [round 2] pick 2/5: CCCCCCCCCCCC[n+]1ccc2ccccc2c1 | UCB=1.521 | mu=0.1727 | std=0.9532 | f=0.1402
2025-10-17 21:08:41,246 - INFO - [round 2] pick 3/5: CN(C)N=C1CCCc2cc([N+](C)(C)C)ccc21 | UCB=1.507 | mu=0.1398 | std=0.9666 | f=0.1194
2025-10-17 21:08:41,249 - INFO - [round 2] pick 4/5: C=C(c1ccc(C(=O)OCCCOC(=O)c2ccc(C(=O)Nc3ccc4c(c3)C(C)(C)CCC4(C)C)cc2)cc1)c1cc2c(cc1C)C(C)(C)CCC2(C)C | UCB=1.506 | mu=0.1535 | std=0.9561 | f=4.883e-05
2025-10-17 21:08:41,252 - INFO - [round 2] pick 5/5: O=C1C=CC2(C=C1Cl)OCC(c1ccc(I)cc1)O2 | UCB=1.507 | mu=0.1557 | std=0.9558 | f=0.3459
2025-10-17 21:08:41,254 - INFO - Round 2 done in 16.58s; train size=25
2025-10-17 21:08:41,254 - INFO - 
--- Round 3 | trial=9 | sqrt_beta=1.4142 (beta=2.0000) | rho=0.80 | train size=25 ---
2025-10-17 21:08:59,962 - INFO - [round 3] pick 1/5: COC(=O)c1ccc2c(c1)N=Cc1ccccc1C2 | UCB=1.555 | mu=0.2604 | std=0.9157 | f=0.4714
2025-10-17 21:08:59,965 - INFO - [round 3] pick 2/5: COc1ccc(C2N(c3ccc(OC)cc3)C(=O)C2(C)C)cc1 | UCB=1.553 | mu=0.2552 | std=0.9177 | f=0.3946
2025-10-17 21:08:59,968 - INFO - [round 3] pick 3/5: O=c1[nH]c(S)nc2ccccc12 | UCB=1.533 | mu=0.2012 | std=0.9419 | f=0.151
2025-10-17 21:08:59,972 - INFO - [round 3] pick 4/5: C#Cn1ccnc1C#Cc1ccc(C(C)(C)C)cc1 | UCB=1.523 | mu=0.1723 | std=0.9552 | f=0.1173
2025-10-17 21:08:59,975 - INFO - [round 3] pick 5/5: N#CC1(C#N)CC(C=O)=C(N)C1(C#N)CC(=O)c1ccc(F)cc1 | UCB=1.516 | mu=0.1601 | std=0.9585 | f=0.1311
2025-10-17 21:08:59,979 - INFO - Round 3 done in 18.72s; train size=30
2025-10-17 21:08:59,979 - INFO - 
--- Round 4 | trial=9 | sqrt_beta=1.4142 (beta=2.0000) | rho=0.80 | train size=30 ---
2025-10-17 21:09:22,121 - INFO - [round 4] pick 1/5: COc1ccc(OC)c(NC(=O)C2Cc3ccccc3O2)c1 | UCB=1.573 | mu=0.2892 | std=0.9075 | f=0.4549
2025-10-17 21:09:22,126 - INFO - [round 4] pick 2/5: NC(=O)c1ccc(Cn2ccc3ccccc32)cc1 | UCB=1.554 | mu=0.282 | std=0.8997 | f=0.4101
2025-10-17 21:09:22,130 - INFO - [round 4] pick 3/5: COC1=CC2(C)C(=CC1=O)C=CCC2C | UCB=1.519 | mu=0.1602 | std=0.9608 | f=0.135
2025-10-17 21:09:22,135 - INFO - [round 4] pick 4/5: O=C1CN2Cc3cc(I)ccc3N=C2N1 | UCB=1.514 | mu=0.1617 | std=0.9562 | f=0.3486
2025-10-17 21:09:22,140 - INFO - [round 4] pick 5/5: CC1(C)OC2OC3COB(c4ccc(C=Nc5ccc(Cl)cc5)cc4)OC3C2O1 | UCB=1.517 | mu=0.1602 | std=0.9591 | f=0.005871
2025-10-17 21:09:22,145 - INFO - Round 4 done in 22.17s; train size=35
2025-10-17 21:09:22,145 - INFO - 
--- Round 5 | trial=9 | sqrt_beta=1.4142 (beta=2.0000) | rho=0.80 | train size=35 ---
2025-10-17 21:09:46,325 - INFO - [round 5] pick 1/5: COc1ccc2c(c1)NC(=O)CC(c1ccccc1)=N2 | UCB=1.58 | mu=0.3077 | std=0.9 | f=0.4412
2025-10-17 21:09:46,331 - INFO - [round 5] pick 2/5: NC(=O)c1ccc(Oc2ccc3c(c2)B(O)OC3)cc1 | UCB=1.573 | mu=0.2823 | std=0.9126 | f=0.3682
2025-10-17 21:09:46,336 - INFO - [round 5] pick 3/5: O=C(Cn1cc(I)cn1)N1CCc2ccccc2C1 | UCB=1.546 | mu=0.2246 | std=0.9346 | f=0.3845
2025-10-17 21:09:46,343 - INFO - [round 5] pick 4/5: CCn1ccc2cc(C(=NNC)c3ccc(OC)c(OC)c3OC)ccc21 | UCB=1.553 | mu=0.2459 | std=0.9243 | f=0.4098
2025-10-17 21:09:46,349 - INFO - [round 5] pick 5/5: COc1cc(N2N=C(C)CC2=O)nc(OC)n1 | UCB=1.52 | mu=0.1694 | std=0.9547 | f=0.1312
2025-10-17 21:09:46,356 - INFO - Round 5 done in 24.21s; train size=40
2025-10-17 21:09:46,356 - INFO - 
--- Round 6 | trial=9 | sqrt_beta=1.4142 (beta=2.0000) | rho=0.80 | train size=40 ---
2025-10-17 21:10:12,761 - INFO - [round 6] pick 1/5: COc1cccc(C(=O)Cn2c(=N)n(C)c3ccccc32)c1 | UCB=1.593 | mu=0.3286 | std=0.8939 | f=0.4453
2025-10-17 21:10:12,768 - INFO - [round 6] pick 2/5: O=c1c2cc([N+](=O)[O-])ccc2n2n1Cc1ccccc1C2 | UCB=1.59 | mu=0.302 | std=0.9109 | f=0.1431
2025-10-17 21:10:12,776 - INFO - [round 6] pick 3/5: COC(=O)c1ccc(C2NCCc3cc(OC)c(OC)cc32)cc1 | UCB=1.582 | mu=0.3011 | std=0.906 | f=0.4892
2025-10-17 21:10:12,784 - INFO - [round 6] pick 4/5: Ic1ccc(COc2ccc(I)cc2)cc1 | UCB=1.559 | mu=0.2609 | std=0.9177 | f=0.1265
2025-10-17 21:10:12,792 - INFO - [round 6] pick 5/5: Nc1nnnn1C(=O)c1cn2c(n1)COc1ccccc1-2 | UCB=1.548 | mu=0.2159 | std=0.9419 | f=0.147
2025-10-17 21:10:12,800 - INFO - Round 6 done in 26.44s; train size=45
2025-10-17 21:10:12,800 - INFO - 
--- Round 7 | trial=9 | sqrt_beta=1.4142 (beta=2.0000) | rho=0.80 | train size=45 ---
2025-10-17 21:10:43,178 - INFO - [round 7] pick 1/5: COc1cccc(OC)c1OC(=O)c1ccccc1 | UCB=1.6 | mu=0.3584 | std=0.8781 | f=0.1742
2025-10-17 21:10:43,187 - INFO - [round 7] pick 2/5: COc1ccc2c(c1)OC(C)CN(CCNC(=O)c1ccc(-n3cccn3)cc1)C2 | UCB=1.581 | mu=0.3013 | std=0.9051 | f=0.1448
2025-10-17 21:10:43,196 - INFO - [round 7] pick 3/5: O=C1Nc2ccccc2C12CC2c1ccc2cn[nH]c2c1 | UCB=1.562 | mu=0.2599 | std=0.9207 | f=0.007509
2025-10-17 21:10:43,206 - INFO - [round 7] pick 4/5: CC(=O)c1ccc2c(c1)[Si](C)(C)C[Si]2(C)C | UCB=1.542 | mu=0.2019 | std=0.9477 | f=0.1343
2025-10-17 21:10:43,216 - INFO - [round 7] pick 5/5: COC(=O)Cn1c(=N)sc2cc(OC(F)(F)F)ccc21 | UCB=1.54 | mu=0.2117 | std=0.9392 | f=0.1468
2025-10-17 21:10:43,227 - INFO - Round 7 done in 30.43s; train size=50
2025-10-17 21:10:43,227 - INFO - 
--- Round 8 | trial=9 | sqrt_beta=1.4142 (beta=2.0000) | rho=0.80 | train size=50 ---
2025-10-17 21:11:15,632 - INFO - [round 8] pick 1/5: COc1ccc(C(=O)NC2CCc3ccccc32)cc1Cl | UCB=1.571 | mu=0.3303 | std=0.8773 | f=0.4954
2025-10-17 21:11:15,644 - INFO - [round 8] pick 2/5: COc1ccc2c(=O)n(Cc3cc(OC)c(OC)c(OC)c3)ccc2c1 | UCB=1.556 | mu=0.2845 | std=0.8989 | f=0.4035
2025-10-17 21:11:15,655 - INFO - [round 8] pick 3/5: N=C(NO)N1N=C(c2ccccc2O)CC1c1ccc(O)cc1 | UCB=1.543 | mu=0.2397 | std=0.9219 | f=0.3688
2025-10-17 21:11:15,667 - INFO - [round 8] pick 4/5: CCCS(=O)(=O)c1c(S(=O)(=O)CCC)c2ccc(C(N)=O)cn2c1C(=O)OC | UCB=1.522 | mu=0.1865 | std=0.9442 | f=0.1832
2025-10-17 21:11:15,680 - INFO - [round 8] pick 5/5: CC(C)(C)c1cc(I)c2c(c1)CNC(=O)O2 | UCB=1.505 | mu=0.1616 | std=0.9497 | f=0.1226
2025-10-17 21:11:15,692 - INFO - Round 8 done in 32.47s; train size=55
2025-10-17 21:11:15,692 - INFO - 
--- Round 9 | trial=9 | sqrt_beta=1.4142 (beta=2.0000) | rho=0.80 | train size=55 ---
2025-10-17 21:11:50,974 - INFO - [round 9] pick 1/5: COc1ccc(OC)c(C=CC(=O)N2CCCc3ccccc32)c1 | UCB=1.581 | mu=0.3502 | std=0.8703 | f=0.4324
2025-10-17 21:11:50,988 - INFO - [round 9] pick 2/5: COC(=O)c1ccc(=O)n(Cc2ccc3c(c2)OCO3)c1 | UCB=1.566 | mu=0.2814 | std=0.9083 | f=0.4374
2025-10-17 21:11:51,002 - INFO - [round 9] pick 3/5: CNC(C)C(O)=NC(C(=O)N1Cc2ccccc2C1C(O)=Nc1cccc2c1ccn2C)C(C)C | UCB=1.553 | mu=0.2359 | std=0.931 | f=0.1507
2025-10-17 21:11:51,016 - INFO - [round 9] pick 4/5: N=C(N)c1ccc2[nH]c(-c3cc(N)cc(Cl)c3)cc2c1 | UCB=1.533 | mu=0.1943 | std=0.9468 | f=0.3828
2025-10-17 21:11:51,031 - INFO - [round 9] pick 5/5: COc1ccc(C2=NN(C(=O)c3cc(OC)c(OC)c(OC)c3)C(c3cc(OC)c(OC)c(OC)c3)C2)c2c1C=CC(C)(C)O2 | UCB=1.535 | mu=0.2148 | std=0.9337 | f=0.006565
2025-10-17 21:11:51,046 - INFO - Round 9 done in 35.35s; train size=60
2025-10-17 21:11:51,046 - INFO - 
--- Round 10 | trial=9 | sqrt_beta=1.4142 (beta=2.0000) | rho=0.80 | train size=60 ---
2025-10-17 21:12:29,557 - INFO - [round 10] pick 1/5: COc1ccc2cc(C(=O)NO)ccc2c1 | UCB=1.598 | mu=0.3468 | std=0.885 | f=0.1429
2025-10-17 21:12:29,574 - INFO - [round 10] pick 2/5: O=C(CCN1CCc2ccccc21)c1ccc2c(c1)OCCO2 | UCB=1.575 | mu=0.3077 | std=0.8962 | f=0.1472
2025-10-17 21:12:29,590 - INFO - [round 10] pick 3/5: COc1ccc(Cn2cc(C[N+](C)(C)C)c3ccccc32)cc1O | UCB=1.576 | mu=0.3159 | std=0.8909 | f=0.436
2025-10-17 21:12:29,608 - INFO - [round 10] pick 4/5: CONC(=N)Nc1ccc2c(c1)Cc1cc(NC(=N)NOC)ccc1-2 | UCB=1.554 | mu=0.2288 | std=0.937 | f=0.3838
2025-10-17 21:12:29,625 - INFO - [round 10] pick 5/5: F[B-]1(F)n2cccc2C=C2C=CC=[N+]21 | UCB=1.507 | mu=0.1368 | std=0.9688 | f=0.2709
2025-10-17 21:12:29,644 - INFO - Round 10 done in 38.60s; train size=65
2025-10-17 21:12:29,644 - INFO - 
--- Round 11 | trial=9 | sqrt_beta=1.4142 (beta=2.0000) | rho=0.80 | train size=65 ---
2025-10-17 21:13:10,668 - INFO - [round 11] pick 1/5: COc1ccc(Cn2c3c(cc(OC(C)=O)c2=O)Cc2ccccc2-3)cc1 | UCB=1.585 | mu=0.3628 | std=0.8641 | f=0.1658
2025-10-17 21:13:10,687 - INFO - [round 11] pick 2/5: COC(=N)N1CCc2ccc3sc4ccccc4c3c2C1 | UCB=1.574 | mu=0.2899 | std=0.9083 | f=0.1559
2025-10-17 21:13:10,706 - INFO - [round 11] pick 3/5: COc1cccc(Cn2cnc3ncnc(Cl)c32)c1 | UCB=1.567 | mu=0.26 | std=0.9243 | f=0.3974
2025-10-17 21:13:10,726 - INFO - [round 11] pick 4/5: Oc1cc2c(cc1O)C(C=Cc1ccccc1)NCC2 | UCB=1.552 | mu=0.2454 | std=0.9236 | f=0.3922
2025-10-17 21:13:10,747 - INFO - [round 11] pick 5/5: N=C(N)Nc1ccc(OCCCCCOc2ccc(NC(=N)N)c(Cl)c2)cc1Cl | UCB=1.54 | mu=0.2102 | std=0.9401 | f=0.1595
2025-10-17 21:13:10,768 - INFO - Round 11 done in 41.12s; train size=70
2025-10-17 21:13:10,768 - INFO - 
--- Round 12 | trial=9 | sqrt_beta=1.4142 (beta=2.0000) | rho=0.80 | train size=70 ---
2025-10-17 21:13:54,715 - INFO - [round 12] pick 1/5: COc1ccc(C=CC(=O)c2ccc(O)cc2)cc1Br | UCB=1.575 | mu=0.3199 | std=0.8874 | f=0.1408
2025-10-17 21:13:54,737 - INFO - [round 12] pick 2/5: COc1cc(C=NCC2OCCc3ccccc32)cc(OC)c1 | UCB=1.574 | mu=0.3021 | std=0.8997 | f=0.4472
2025-10-17 21:13:54,759 - INFO - [round 12] pick 3/5: Clc1ccc2c(c1)nc(C(Cl)(Cl)Cl)c1cccn12 | UCB=1.555 | mu=0.2318 | std=0.9356 | f=0.352
2025-10-17 21:13:54,782 - INFO - [round 12] pick 4/5: FC(F)Oc1cc(-c2cnn(Cc3cn[nH]c3)c2)ccc1Cl | UCB=1.55 | mu=0.2183 | std=0.9416 | f=0.3718
2025-10-17 21:13:54,806 - INFO - [round 12] pick 5/5: C[N+](C)(C)[N-]P(=O)(N[N+](C)(C)C)Oc1ccccc1 | UCB=1.524 | mu=0.1869 | std=0.9456 | f=0.006954
2025-10-17 21:13:54,830 - INFO - Round 12 done in 44.06s; train size=75
2025-10-17 21:13:54,830 - INFO - 
--- Round 13 | trial=9 | sqrt_beta=1.4142 (beta=2.0000) | rho=0.80 | train size=75 ---
2025-10-17 21:14:41,395 - INFO - [round 13] pick 1/5: CN1Cc2ccccc2C(c2ccc(Cl)c(O)c2)C1 | UCB=1.579 | mu=0.3357 | std=0.879 | f=0.4493
2025-10-17 21:14:41,420 - INFO - [round 13] pick 2/5: COc1cccc(Cn2cc3c(c2)-c2oncc2CC3)c1 | UCB=1.575 | mu=0.3084 | std=0.896 | f=0.1373
2025-10-17 21:14:41,445 - INFO - [round 13] pick 3/5: Clc1ccc2ccn(CC3=NCCN3)c2c1 | UCB=1.567 | mu=0.265 | std=0.9204 | f=0.3568
2025-10-17 21:14:41,472 - INFO - [round 13] pick 4/5: COc1cc(OC)cc(C(C#N)=Cc2cc3ccccc3o2)c1 | UCB=1.57 | mu=0.309 | std=0.8919 | f=0.4264
2025-10-17 21:14:41,499 - INFO - [round 13] pick 5/5: COC1=CN2C(=CC(CCN)=C1)C1=CC=CCC13CCCC=C23 | UCB=1.536 | mu=0.1797 | std=0.9588 | f=0.1346
2025-10-17 21:14:41,526 - INFO - Round 13 done in 46.70s; train size=80
2025-10-17 21:14:41,526 - INFO - 
--- Round 14 | trial=9 | sqrt_beta=1.4142 (beta=2.0000) | rho=0.80 | train size=80 ---
2025-10-17 21:15:29,663 - INFO - [round 14] pick 1/5: COc1ccccc1CCOC(=S)Nc1ccc(Cl)c(Cl)c1 | UCB=1.579 | mu=0.3145 | std=0.8942 | f=0.1806
2025-10-17 21:15:29,692 - INFO - [round 14] pick 2/5: COc1ccc2c(c1)C1CNC2Cc2ccc(Cl)cc21 | UCB=1.575 | mu=0.2992 | std=0.9022 | f=0.007638
2025-10-17 21:15:29,722 - INFO - [round 14] pick 3/5: Brc1ncoc1-c1cn(CC2CO2)c2ccccc12 | UCB=1.563 | mu=0.2672 | std=0.9163 | f=0.1414
2025-10-17 21:15:29,752 - INFO - [round 14] pick 4/5: Oc1ccc(-n2cccc2)cc1C(O)O | UCB=1.549 | mu=0.2279 | std=0.9344 | f=0.1174
2025-10-17 21:15:29,782 - INFO - [round 14] pick 5/5: CCOC(=O)c1cc(CC)cc(CCn2cnc3c2NC=NCC3O)c1 | UCB=1.533 | mu=0.1979 | std=0.9441 | f=0.4666
2025-10-17 21:15:29,814 - INFO - Round 14 done in 48.29s; train size=85
2025-10-17 21:15:29,814 - INFO - 
--- Round 15 | trial=9 | sqrt_beta=1.4142 (beta=2.0000) | rho=0.80 | train size=85 ---
2025-10-17 21:16:22,604 - INFO - [round 15] pick 1/5: COc1cc(OC)cc(C(=O)n2nnc3ccccc32)c1 | UCB=1.573 | mu=0.3825 | std=0.842 | f=0.4492
2025-10-17 21:16:22,637 - INFO - [round 15] pick 2/5: CCc1c(C2CC2)ncn1Cc1cccc(-c2ccccc2)c1 | UCB=1.559 | mu=0.2998 | std=0.8906 | f=0.1477
2025-10-17 21:16:22,670 - INFO - [round 15] pick 3/5: CCOC(=O)C1=CN(Cc2ccco2)S(=O)(=O)N(CC)C1c1ccc(F)c(Cl)c1 | UCB=1.555 | mu=0.2487 | std=0.924 | f=0.506
2025-10-17 21:16:22,703 - INFO - [round 15] pick 4/5: OC(=NC1CCC(O)CC1)c1cnn2ccc(=NC3CCc4ccccc43)[nH]c12 | UCB=1.541 | mu=0.2262 | std=0.93 | f=0.006874
2025-10-17 21:16:22,737 - INFO - [round 15] pick 5/5: CC(N)Cn1ccc2cc(F)c(F)cc21 | UCB=1.532 | mu=0.2085 | std=0.9359 | f=0.1238
2025-10-17 21:16:22,773 - INFO - Round 15 done in 52.96s; train size=90
2025-10-17 21:16:22,773 - INFO - 
--- Round 16 | trial=9 | sqrt_beta=1.4142 (beta=2.0000) | rho=0.80 | train size=90 ---
2025-10-17 21:17:18,519 - INFO - [round 16] pick 1/5: CCOC(=O)c1ccc(-c2nn(CC)c3ccccc23)cc1 | UCB=1.577 | mu=0.3734 | std=0.851 | f=0.5111
2025-10-17 21:17:18,556 - INFO - [round 16] pick 2/5: CCOc1ccc(C2C(C(=O)OC)=CNC=C2C(=O)OC)cc1Cl | UCB=1.572 | mu=0.2839 | std=0.9108 | f=0.2173
2025-10-17 21:17:18,593 - INFO - [round 16] pick 3/5: Clc1nc(Nc2cc(-c3ccco3)[nH]n2)c2cccn2n1 | UCB=1.548 | mu=0.2347 | std=0.9288 | f=0.1373
2025-10-17 21:17:18,630 - INFO - [round 16] pick 4/5: COc1cc(CN2C(S)=NC(C)(C)CC2(C)O)cc(OC)c1 | UCB=1.528 | mu=0.2345 | std=0.9147 | f=0.1246
2025-10-17 21:17:18,669 - INFO - [round 16] pick 5/5: O=C(Nc1nccs1)c1cc(F)cc(Oc2cncnc2)c1 | UCB=1.54 | mu=0.2096 | std=0.9407 | f=0.3187
2025-10-17 21:17:18,708 - INFO - Round 16 done in 55.94s; train size=95
2025-10-17 21:17:18,708 - INFO - 
--- Round 17 | trial=9 | sqrt_beta=1.4142 (beta=2.0000) | rho=0.80 | train size=95 ---
2025-10-17 21:18:17,780 - INFO - [round 17] pick 1/5: CCOC(=O)c1cc2c3cc(C#N)ccc3ncn2c1 | UCB=1.585 | mu=0.3109 | std=0.9007 | f=0.4552
2025-10-17 21:18:17,821 - INFO - [round 17] pick 2/5: COC1=CC(c2cc3ccccc3n2C(=O)OC(C)(C)C)=NC1=Cc1ccc[nH]1 | UCB=1.562 | mu=0.2862 | std=0.9019 | f=0.1627
2025-10-17 21:18:17,862 - INFO - [round 17] pick 3/5: O=C(NCCCNCc1cc(Cl)cc(Cl)c1)Nc1ccccc1O | UCB=1.555 | mu=0.2559 | std=0.9183 | f=0.1638
2025-10-17 21:18:17,904 - INFO - [round 17] pick 4/5: COc1ccc(C2OC(c3ccncc3)=NN2C)cc1F | UCB=1.558 | mu=0.2757 | std=0.9066 | f=0.3636
2025-10-17 21:18:17,947 - INFO - [round 17] pick 5/5: CCC1=Nc2c(C)nn(CC)c2C2=NC(C)CN12 | UCB=1.499 | mu=0.143 | std=0.9589 | f=0.3377
2025-10-17 21:18:17,991 - INFO - Round 17 done in 59.28s; train size=100
2025-10-17 21:18:17,991 - INFO - 
--- Round 18 | trial=9 | sqrt_beta=1.4142 (beta=2.0000) | rho=0.80 | train size=100 ---
2025-10-17 21:19:16,949 - INFO - [round 18] pick 1/5: CCOC(=O)c1cc(-c2ccccc2C)nn1Cc1cc(CC)no1 | UCB=1.581 | mu=0.3181 | std=0.8928 | f=0.5357
2025-10-17 21:19:16,994 - INFO - [round 18] pick 2/5: CCc1ccc(CNc2ccc3c(c2)ncn3CC)cc1 | UCB=1.566 | mu=0.2976 | std=0.8966 | f=0.3748
2025-10-17 21:19:17,040 - INFO - [round 18] pick 3/5: CC1=CC2=NCC(C(=O)c3ccc(C#N)cc3)CN2C=C1 | UCB=1.552 | mu=0.2576 | std=0.9155 | f=0.3636
2025-10-17 21:19:17,086 - INFO - [round 18] pick 4/5: O=C(OC1Cc2c(O)cc(O)cc2OC1c1ccc(O)c(O)c1)c1cc(F)cc(F)c1 | UCB=1.535 | mu=0.2143 | std=0.9337 | f=0.1296
2025-10-17 21:19:17,133 - INFO - [round 18] pick 5/5: Cn1c(=O)c2c(ncn2CCOC(=O)c2cccnc2)n(C)c1=O | UCB=1.563 | mu=0.2571 | std=0.9234 | f=0.436
2025-10-17 21:19:17,182 - INFO - Round 18 done in 59.19s; train size=105
2025-10-17 21:19:17,182 - INFO - 
--- Round 19 | trial=9 | sqrt_beta=1.4142 (beta=2.0000) | rho=0.80 | train size=105 ---
2025-10-17 21:20:20,795 - INFO - [round 19] pick 1/5: CCOC(=O)c1ncn2c1Cc1cncnc1-c1ccccc1-2 | UCB=1.593 | mu=0.3301 | std=0.8927 | f=0.1807
2025-10-17 21:20:20,846 - INFO - [round 19] pick 2/5: CCOC(=O)c1ccc(NS(=O)(=O)c2cc3c(cc2C)n(C)c(=O)c(=O)n3C)cc1 | UCB=1.592 | mu=0.3309 | std=0.8914 | f=0.4641
2025-10-17 21:20:20,896 - INFO - [round 19] pick 3/5: CCc1cn(CCN)c(CC)c1Oc1ccc(C#N)cc1 | UCB=1.56 | mu=0.2709 | std=0.9115 | f=0.1616
2025-10-17 21:20:20,948 - INFO - [round 19] pick 4/5: COC(=O)c1cncn1Cc1cccnc1 | UCB=1.571 | mu=0.2847 | std=0.9095 | f=0.1523
2025-10-17 21:20:21,000 - INFO - [round 19] pick 5/5: CCn1nc2oc(=O)cc(C)c2c1C | UCB=1.536 | mu=0.2097 | std=0.9381 | f=0.1313
2025-10-17 21:20:21,053 - INFO - Round 19 done in 63.87s; train size=110
2025-10-17 21:20:21,053 - INFO - 
--- Round 20 | trial=9 | sqrt_beta=1.4142 (beta=2.0000) | rho=0.80 | train size=110 ---
2025-10-17 21:21:26,566 - INFO - [round 20] pick 1/5: COC(=O)c1ccc(C)c(NC(=O)Cn2cnc3ccccc3c2=O)c1 | UCB=1.586 | mu=0.3584 | std=0.8678 | f=0.5104
2025-10-17 21:21:26,621 - INFO - [round 20] pick 2/5: CCOC(=O)C1=NCN2c3ccc(CC)cc3C(=O)N(C)CC12 | UCB=1.578 | mu=0.2996 | std=0.9037 | f=0.4867
2025-10-17 21:21:26,676 - INFO - [round 20] pick 3/5: CC(=Cc1noc(Cn2cnc3ncn(C)c3c2=O)n1)c1ccc(Cl)cc1 | UCB=1.574 | mu=0.2735 | std=0.9197 | f=0.138
2025-10-17 21:21:26,731 - INFO - [round 20] pick 4/5: N=C(N)c1cccc(-c2c[nH]cn2)c1 | UCB=1.537 | mu=0.2314 | std=0.9234 | f=0.1301
2025-10-17 21:21:26,788 - INFO - [round 20] pick 5/5: CCOP(=O)(CCn1cc(Cn2cnc3cc(C)c(C)cc32)nn1)OCC | UCB=1.556 | mu=0.2414 | std=0.9294 | f=0.4098
2025-10-17 21:21:26,846 - INFO - Round 20 done in 65.79s; train size=115
2025-10-17 21:21:26,846 - INFO - 
--- Round 21 | trial=9 | sqrt_beta=1.4142 (beta=2.0000) | rho=0.80 | train size=115 ---
2025-10-17 21:22:33,424 - INFO - [round 21] pick 1/5: CCOC(=O)c1ccc2nc(C)cc(Nc3ccc(C)c(Cl)c3)c2c1 | UCB=1.594 | mu=0.3666 | std=0.8681 | f=0.5064
2025-10-17 21:22:33,484 - INFO - [round 21] pick 2/5: CCN(CC)C(=O)c1ccc2c(c1)N(C)C(=O)c1cccnc1N2CC | UCB=1.587 | mu=0.3061 | std=0.9055 | f=0.4382
2025-10-17 21:22:33,546 - INFO - [round 21] pick 3/5: O=c1nc(C(F)(F)F)ccn1CC1CN1Cc1cnc2ccccc2c1 | UCB=1.561 | mu=0.2946 | std=0.8957 | f=0.1396
2025-10-17 21:22:33,608 - INFO - [round 21] pick 4/5: COC(=O)c1ccsc1-n1cc(C#N)c(=O)n(C)c1=O | UCB=1.545 | mu=0.2393 | std=0.9235 | f=0.1562
2025-10-17 21:22:33,671 - INFO - [round 21] pick 5/5: CCc1n[n+]([O-])c2cc3c(cc2[n+]1[O-])CN(C)CC3 | UCB=1.527 | mu=0.1879 | std=0.9471 | f=0.304
2025-10-17 21:22:33,737 - INFO - Round 21 done in 66.89s; train size=120
2025-10-17 21:22:33,737 - INFO - 
--- Round 22 | trial=9 | sqrt_beta=1.4142 (beta=2.0000) | rho=0.80 | train size=120 ---
2025-10-17 21:23:42,625 - INFO - [round 22] pick 1/5: CCN(CC)CCOC(=O)c1ccc2nc3ccc(OC)cc3c(=O)n2c1 | UCB=1.602 | mu=0.365 | std=0.8745 | f=0.4939
2025-10-17 21:23:42,691 - INFO - [round 22] pick 2/5: CCc1ccccc1OC(=O)c1ccc2c(c1)S(=O)(=O)NCN2C | UCB=1.593 | mu=0.3438 | std=0.8834 | f=0.4694
2025-10-17 21:23:42,757 - INFO - [round 22] pick 3/5: Cc1cc(C)cc(NC(=O)CCn2cnc3cc(C)c(C)cc32)c1 | UCB=1.573 | mu=0.3114 | std=0.8922 | f=0.3899
2025-10-17 21:23:42,951 - INFO - [round 22] pick 4/5: CCOC(=O)c1nc2nc(C)c(Cl)c(O)n2n1 | UCB=1.552 | mu=0.245 | std=0.9243 | f=0.1669
2025-10-17 21:23:43,019 - INFO - [round 22] pick 5/5: CN(C(=N)Nc1cc([S+](C)[O-])ccc1Cl)c1cccc([S+](C)[O-])c1 | UCB=1.557 | mu=0.2513 | std=0.9235 | f=0.1446
2025-10-17 21:23:43,088 - INFO - Round 22 done in 69.35s; train size=125
2025-10-17 21:23:43,088 - INFO - 
--- Round 23 | trial=9 | sqrt_beta=1.4142 (beta=2.0000) | rho=0.80 | train size=125 ---
2025-10-17 21:24:58,062 - INFO - [round 23] pick 1/5: CCN(CC)S(=O)(=O)c1cc(C(=O)OCC(=O)NC2CCCc3ccccc32)ccc1C | UCB=1.606 | mu=0.3814 | std=0.8656 | f=0.5169
2025-10-17 21:24:58,132 - INFO - [round 23] pick 2/5: CC(C)Oc1cc2c(cc1NC(=O)c1ccncc1)n(C)c(=O)n2C | UCB=1.581 | mu=0.3122 | std=0.8974 | f=0.3984
2025-10-17 21:24:58,203 - INFO - [round 23] pick 3/5: CCN1C(=Cc2cccc[n+]2C)C=Cc2cc(C)ccc21 | UCB=1.571 | mu=0.2725 | std=0.9183 | f=0.4134
2025-10-17 21:24:58,276 - INFO - [round 23] pick 4/5: CCOC(=O)Cn1cc(CN(c2cc(OC)cc(OC)c2)c2ccc3ncc(-c4cnn(C)c4)nc3c2)nn1 | UCB=1.566 | mu=0.2763 | std=0.9122 | f=0.007798
2025-10-17 21:24:58,350 - INFO - [round 23] pick 5/5: CCc1cc(N=[N+]=[N-])cc(CC)c1NC1=NCCN1 | UCB=1.53 | mu=0.1976 | std=0.9424 | f=0.1221
2025-10-17 21:24:58,424 - INFO - Round 23 done in 75.34s; train size=130
2025-10-17 21:24:58,424 - INFO - 
--- Round 24 | trial=9 | sqrt_beta=1.4142 (beta=2.0000) | rho=0.80 | train size=130 ---
2025-10-17 21:26:14,080 - INFO - [round 24] pick 1/5: CCOC(=O)c1ccc2c(c1)N(Cc1cc(C)ccc1C)C(=O)c1ccccc1S2(=O)=O | UCB=1.609 | mu=0.3849 | std=0.8653 | f=0.1832
2025-10-17 21:26:14,159 - INFO - [round 24] pick 2/5: COC(=O)Nc1nc2cc(C(=O)c3cccs3)ccc2n1C | UCB=1.58 | mu=0.3191 | std=0.8918 | f=0.4453
2025-10-17 21:26:14,236 - INFO - [round 24] pick 3/5: Cc1[nH]c2ccc(C(=O)OCCN(C)C)cc2c1C | UCB=1.588 | mu=0.3211 | std=0.896 | f=0.1759
2025-10-17 21:26:14,315 - INFO - [round 24] pick 4/5: CCN1CN(CC)C(c2ccc(Cl)c(Cl)c2)C1c1ccc(Cl)c(Cl)c1 | UCB=1.556 | mu=0.2666 | std=0.9116 | f=0.4099
2025-10-17 21:26:14,394 - INFO - [round 24] pick 5/5: CCC=C1N=C2C(=O)N(C)C(=O)N=C2N(C)N1 | UCB=1.526 | mu=0.1877 | std=0.9466 | f=0.1265
2025-10-17 21:26:14,496 - INFO - Round 24 done in 76.07s; train size=135
2025-10-17 21:26:14,496 - INFO - 
--- Round 25 | trial=9 | sqrt_beta=1.4142 (beta=2.0000) | rho=0.80 | train size=135 ---
2025-10-17 21:27:33,818 - INFO - [round 25] pick 1/5: CCc1cccc(NC(=O)COC(=O)c2cn(CC)c3nc(C)ccc3c2=O)c1 | UCB=1.602 | mu=0.3583 | std=0.8795 | f=0.4841
2025-10-17 21:27:33,900 - INFO - [round 25] pick 2/5: Cn1c(CCc2ccccn2)nc2cc(C(=O)O)ccc21 | UCB=1.59 | mu=0.3458 | std=0.8795 | f=0.4134
2025-10-17 21:27:33,984 - INFO - [round 25] pick 3/5: Cc1ccc(C2c3cc(O)c(Cl)cc3CCN2C)cc1 | UCB=1.57 | mu=0.3291 | std=0.8777 | f=0.4207
2025-10-17 21:27:34,068 - INFO - [round 25] pick 4/5: CCN(CC)CCn1c(=N)n(CCN(CC)CC)c2ccccc21 | UCB=1.535 | mu=0.2228 | std=0.9279 | f=0.152
2025-10-17 21:27:34,154 - INFO - [round 25] pick 5/5: COC(=O)c1ccc2c(c1)S(=O)(=O)N=C(NCc1ccco1)S2 | UCB=1.576 | mu=0.3171 | std=0.8903 | f=0.4396
2025-10-17 21:27:34,241 - INFO - Round 25 done in 79.75s; train size=140
2025-10-17 21:27:34,241 - INFO - 
--- Round 26 | trial=9 | sqrt_beta=1.4142 (beta=2.0000) | rho=0.80 | train size=140 ---
2025-10-17 21:28:56,660 - INFO - [round 26] pick 1/5: CCOC(=O)c1nn(C(=O)c2cccc(C)c2)c2ccc(N)cc12 | UCB=1.605 | mu=0.3752 | std=0.8695 | f=0.5238
2025-10-17 21:28:56,749 - INFO - [round 26] pick 2/5: CCCC(CCC)N1CCn2c(=O)n(-c3ccc(C(=O)OC)cc3)c3nc(C)cc1c32 | UCB=1.595 | mu=0.3296 | std=0.8948 | f=0.1741
2025-10-17 21:28:56,838 - INFO - [round 26] pick 3/5: O=C(CSC1=Nc2ccccc2C2CC=NN12)Nc1ccc(F)cc1Cl | UCB=1.569 | mu=0.2924 | std=0.9026 | f=0.1671
2025-10-17 21:28:56,928 - INFO - [round 26] pick 4/5: Cc1cc2nc(C=Cc3cc[n+](C)cc3)[nH]c2cc1C | UCB=1.552 | mu=0.2524 | std=0.9189 | f=0.3812
2025-10-17 21:28:57,020 - INFO - [round 26] pick 5/5: CN1CCc2ccc(NCc3cccs3)cc2C1=O | UCB=1.566 | mu=0.2916 | std=0.9011 | f=0.3581
2025-10-17 21:28:57,113 - INFO - Round 26 done in 82.87s; train size=145
2025-10-17 21:28:57,113 - INFO - 
--- Round 27 | trial=9 | sqrt_beta=1.4142 (beta=2.0000) | rho=0.80 | train size=145 ---
2025-10-17 21:30:19,885 - INFO - [round 27] pick 1/5: CCOc1ncccc1C(=O)OCC(=O)c1ccc(C)c(C)c1 | UCB=1.614 | mu=0.3778 | std=0.8742 | f=0.1913
2025-10-17 21:30:19,980 - INFO - [round 27] pick 2/5: CCc1ccc2cc3c(NC(=O)c4ccco4)nn(C)c3nc2c1 | UCB=1.596 | mu=0.3398 | std=0.8885 | f=0.1466
2025-10-17 21:30:20,077 - INFO - [round 27] pick 3/5: CCn1c2ccccc2c2ccc(C=CC3=[N+]([O-])C(OCCO)C(C)(C)C3)cc21 | UCB=1.571 | mu=0.2962 | std=0.9018 | f=0.1627
2025-10-17 21:30:20,176 - INFO - [round 27] pick 4/5: Nc1cc(NS(=O)(=O)c2cccs2)cc(-c2csc(=O)[nH]2)c1 | UCB=1.546 | mu=0.2429 | std=0.9214 | f=0.3607
2025-10-17 21:30:20,277 - INFO - [round 27] pick 5/5: Cc1nn(C)c(Cl)c1C1CCCN1C(=O)c1ccc2nncn2c1 | UCB=1.554 | mu=0.245 | std=0.9254 | f=0.1472
2025-10-17 21:30:20,377 - INFO - Round 27 done in 83.26s; train size=150
2025-10-17 21:30:20,377 - INFO - 
--- Round 28 | trial=9 | sqrt_beta=1.4142 (beta=2.0000) | rho=0.80 | train size=150 ---
2025-10-17 21:31:47,252 - INFO - [round 28] pick 1/5: CCOC(=O)c1cccc(NC(=O)c2ccc3nc(C(C)C)oc3c2)c1 | UCB=1.596 | mu=0.3837 | std=0.8575 | f=0.5
2025-10-17 21:31:47,355 - INFO - [round 28] pick 2/5: CCN(CC)S(=O)(=O)c1ccc2c(c1)N(Cc1ccncc1)C(=O)CS2 | UCB=1.582 | mu=0.3096 | std=0.8995 | f=0.3808
2025-10-17 21:31:47,459 - INFO - [round 28] pick 3/5: COc1ccc2c(c1)c1c(C)c3c[n+](C)ccc3c(C)c1n2C | UCB=1.551 | mu=0.2726 | std=0.9039 | f=0.1407
2025-10-17 21:31:47,564 - INFO - [round 28] pick 4/5: Cc1cc(N)nc2cc(N)ccc12 | UCB=1.551 | mu=0.2549 | std=0.9161 | f=0.1383
2025-10-17 21:31:47,671 - INFO - [round 28] pick 5/5: CN1C(=O)C(C(=O)c2cc([N+](=O)[O-])cc([N+](=O)[O-])c2)C(=O)N(C)C1=O | UCB=1.53 | mu=0.2034 | std=0.938 | f=0.1311
2025-10-17 21:31:47,777 - INFO - Round 28 done in 87.40s; train size=155
2025-10-17 21:31:47,777 - INFO - 
--- Round 29 | trial=9 | sqrt_beta=1.4142 (beta=2.0000) | rho=0.80 | train size=155 ---
2025-10-17 21:33:14,887 - INFO - [round 29] pick 1/5: CCOC(=O)c1ccc(NC(=O)Cc2noc3ccc(C)cc23)cc1 | UCB=1.593 | mu=0.4063 | std=0.8394 | f=0.5042
2025-10-17 21:33:14,995 - INFO - [round 29] pick 2/5: Cn1nnc2cc(C(=O)NS(=O)(=O)c3cccc(C#N)c3)ccc21 | UCB=1.582 | mu=0.3313 | std=0.8846 | f=0.3659
2025-10-17 21:33:15,108 - INFO - [round 29] pick 3/5: COc1ccc(CC2c3c(C)cccc3CCN2C)cc1OC | UCB=1.561 | mu=0.3303 | std=0.8705 | f=0.4282
2025-10-17 21:33:15,228 - INFO - [round 29] pick 4/5: CCOC(=O)c1[nH]nc2c1C(=O)N(CC)C2=O | UCB=1.542 | mu=0.2651 | std=0.9031 | f=0.1669
2025-10-17 21:33:15,347 - INFO - [round 29] pick 5/5: CC(C)N1CC(=Cc2ccsc2)C(=O)C(=Cc2ccsc2)C1 | UCB=1.534 | mu=0.2077 | std=0.9378 | f=0.3333
2025-10-17 21:33:15,462 - INFO - Round 29 done in 87.68s; train size=160
2025-10-17 21:33:15,463 - INFO - 
--- Round 30 | trial=9 | sqrt_beta=1.4142 (beta=2.0000) | rho=0.80 | train size=160 ---
2025-10-17 21:34:46,027 - INFO - [round 30] pick 1/5: O=C(COC(=O)c1ccc2c(=O)n3c(nc2c1)CCC3)Nc1ccc(OC(F)F)cc1 | UCB=1.593 | mu=0.352 | std=0.8776 | f=0.1481
2025-10-17 21:34:46,143 - INFO - [round 30] pick 2/5: CCOC(=O)C1=CCN(S(=O)(=O)c2ccccc2C)C1c1cccc(Br)c1 | UCB=1.59 | mu=0.3594 | std=0.8702 | f=0.5062
2025-10-17 21:34:46,260 - INFO - [round 30] pick 3/5: CC(=O)c1cccc(NC(=O)Nc2cc3sccc3n2C)c1 | UCB=1.59 | mu=0.3464 | std=0.8793 | f=0.41
2025-10-17 21:34:46,378 - INFO - [round 30] pick 4/5: CCOC(=O)C(Cc1cncn1CC)Nc1nc2cc(C(C)C)ccc2o1 | UCB=1.568 | mu=0.2875 | std=0.9051 | f=0.4419
2025-10-17 21:34:46,498 - INFO - [round 30] pick 5/5: O=S(=O)(CS(=O)(=O)Oc1cc(Cl)cc(Cl)c1)Oc1cc(Cl)cc(Cl)c1 | UCB=1.53 | mu=0.2074 | std=0.9352 | f=0.1346
2025-10-17 21:34:46,620 - INFO - Round 30 done in 91.16s; train size=165
2025-10-17 21:34:46,620 - INFO - 
--- Round 31 | trial=9 | sqrt_beta=1.4142 (beta=2.0000) | rho=0.80 | train size=165 ---
2025-10-17 21:36:18,678 - INFO - [round 31] pick 1/5: CCOC(=O)c1cc(S(=O)(=O)Nc2cccc(OC)c2)cn1C | UCB=1.594 | mu=0.3786 | std=0.8594 | f=0.1839
2025-10-17 21:36:18,801 - INFO - [round 31] pick 2/5: Cc1ccc(OP2(=S)OCc3ccccc3O2)c(C(C)C)c1 | UCB=1.582 | mu=0.3173 | std=0.8944 | f=0.41
2025-10-17 21:36:18,926 - INFO - [round 31] pick 3/5: Cc1nc2cc(C(=O)N3CC(C(=O)O)C(c4ccncc4)C3)ccc2[nH]1 | UCB=1.566 | mu=0.2952 | std=0.8987 | f=0.1479
2025-10-17 21:36:19,051 - INFO - [round 31] pick 4/5: CCc1ccc2nc(N(CCN(C)C)C(=O)C=Cc3cccs3)sc2c1 | UCB=1.563 | mu=0.2764 | std=0.9097 | f=0.413
2025-10-17 21:36:19,178 - INFO - [round 31] pick 5/5: Nc1ncnc2c1ncn2CCOCP1(=O)OCCC(c2cccc(Br)c2)O1 | UCB=1.543 | mu=0.23 | std=0.9283 | f=0.144
2025-10-17 21:36:19,307 - INFO - Round 31 done in 92.69s; train size=170
2025-10-17 21:36:19,307 - INFO - 
--- Round 32 | trial=9 | sqrt_beta=1.4142 (beta=2.0000) | rho=0.80 | train size=170 ---
2025-10-17 21:37:55,451 - INFO - [round 32] pick 1/5: Cc1ccc2nc(O)c(COC(=O)c3cccs3)cc2c1 | UCB=1.588 | mu=0.3384 | std=0.8835 | f=0.4492
2025-10-17 21:37:55,582 - INFO - [round 32] pick 2/5: CCOc1ccc(CCNC(=O)C2Cc3ccccc3N2C(=O)CC)cc1OCC | UCB=1.574 | mu=0.3262 | std=0.8822 | f=0.5058
2025-10-17 21:37:55,714 - INFO - [round 32] pick 3/5: Cc1cc2c(s1)CN(C)CC2c1ccc(Br)cc1 | UCB=1.559 | mu=0.2985 | std=0.8916 | f=0.378
2025-10-17 21:37:55,848 - INFO - [round 32] pick 4/5: CCC(Sc1nncn2c1cc1occc12)C(=O)Nc1ccc(C)c(Cl)c1 | UCB=1.57 | mu=0.2998 | std=0.8984 | f=0.1541
2025-10-17 21:37:55,983 - INFO - [round 32] pick 5/5: CC(C)Oc1snc2cc(-c3ccsc3)cnc12 | UCB=1.546 | mu=0.2312 | std=0.9293 | f=0.3348
2025-10-17 21:37:56,121 - INFO - Round 32 done in 96.81s; train size=175
2025-10-17 21:37:56,121 - INFO - 
--- Round 33 | trial=9 | sqrt_beta=1.4142 (beta=2.0000) | rho=0.80 | train size=175 ---
2025-10-17 21:39:39,148 - INFO - [round 33] pick 1/5: CCOC(=O)c1cc2c(C)nn(-c3ccccc3)c2s1 | UCB=1.592 | mu=0.3757 | std=0.86 | f=0.5255
2025-10-17 21:39:39,286 - INFO - [round 33] pick 2/5: Cc1cccc(NC(=O)ON=C(N)c2ccc3nonc3c2)c1 | UCB=1.585 | mu=0.3307 | std=0.8871 | f=0.4032
2025-10-17 21:39:39,427 - INFO - [round 33] pick 3/5: C=CCc1ccc(O)c(-c2ccc(OC(C)C)c(CC=C)c2)c1 | UCB=1.568 | mu=0.2831 | std=0.9085 | f=0.1362
2025-10-17 21:39:39,569 - INFO - [round 33] pick 4/5: CCN(CC)CCCNC(=O)Cn1c(-c2cccs2)cc2cc(Cl)ccc21 | UCB=1.577 | mu=0.317 | std=0.8913 | f=0.4297
2025-10-17 21:39:39,713 - INFO - [round 33] pick 5/5: COC(=O)c1ccc(C2C(C(=O)OCC(C)C)=C(C)N=C3SCCC(=O)N32)cc1 | UCB=1.578 | mu=0.3323 | std=0.8809 | f=0.5258
2025-10-17 21:39:39,858 - INFO - Round 33 done in 103.74s; train size=180
2025-10-17 21:39:39,858 - INFO - 
--- Round 34 | trial=9 | sqrt_beta=1.4142 (beta=2.0000) | rho=0.80 | train size=180 ---
2025-10-17 21:41:22,487 - INFO - [round 34] pick 1/5: CCOC(=O)c1ccc(N=c2sc(C(=O)OC)cc(=O)n2Cc2ccco2)cc1 | UCB=1.6 | mu=0.403 | std=0.8465 | f=0.5313
2025-10-17 21:41:22,635 - INFO - [round 34] pick 2/5: Cc1ccccc1C1CC(c2cccs2)=NN1S(C)(=O)=O | UCB=1.597 | mu=0.3446 | std=0.8858 | f=0.4393
2025-10-17 21:41:22,786 - INFO - [round 34] pick 3/5: Cc1ccc2c(c1)COc1c3ccc(C(=O)NC(C)C)cc3nn1-2 | UCB=1.594 | mu=0.3424 | std=0.8847 | f=0.1429
2025-10-17 21:41:22,938 - INFO - [round 34] pick 4/5: CCCN1C(S)=NC(C)=C(C(=O)OCC)C1c1cccc([N+](=O)[O-])c1 | UCB=1.586 | mu=0.3403 | std=0.8812 | f=0.1997
2025-10-17 21:41:23,092 - INFO - [round 34] pick 5/5: Cc1ccsc1-c1cncc(-c2sccc2C)c1 | UCB=1.574 | mu=0.2836 | std=0.9126 | f=0.3627
2025-10-17 21:41:23,246 - INFO - Round 34 done in 103.39s; train size=185
2025-10-17 21:41:23,246 - INFO - 
--- Round 35 | trial=9 | sqrt_beta=1.4142 (beta=2.0000) | rho=0.80 | train size=185 ---
2025-10-17 21:43:06,361 - INFO - [round 35] pick 1/5: CCOC(=O)c1oc2ccccc2c1NC(=O)c1cccs1 | UCB=1.604 | mu=0.3951 | std=0.8546 | f=0.5222
2025-10-17 21:43:06,517 - INFO - [round 35] pick 2/5: Cc1ccc(N=Nc2nc3ccccc3n2C)c(C)c1 | UCB=1.585 | mu=0.3618 | std=0.8648 | f=0.4189
2025-10-17 21:43:06,674 - INFO - [round 35] pick 3/5: CCN(CC)S(=O)(=O)c1ccc(C(=O)OCn2c(SC)nnc(C)c2=O)cc1 | UCB=1.579 | mu=0.3556 | std=0.865 | f=0.1665
2025-10-17 21:43:06,834 - INFO - [round 35] pick 4/5: COc1ccc(C2SCC(=O)Nc3ccsc32)cc1OC | UCB=1.566 | mu=0.3102 | std=0.8879 | f=0.4255
2025-10-17 21:43:07,147 - INFO - [round 35] pick 5/5: NCc1ccc(-c2ccc(-c3cccs3)s2)s1 | UCB=1.575 | mu=0.2817 | std=0.9144 | f=0.366
2025-10-17 21:43:07,312 - INFO - Round 35 done in 104.07s; train size=190
2025-10-17 21:43:07,312 - INFO - 
--- Round 36 | trial=9 | sqrt_beta=1.4142 (beta=2.0000) | rho=0.80 | train size=190 ---
2025-10-17 21:44:58,188 - INFO - [round 36] pick 1/5: CCn1c(Nc2ccccc2C)nc2ccsc2c1=O | UCB=1.605 | mu=0.3657 | std=0.8765 | f=0.4432
2025-10-17 21:44:58,351 - INFO - [round 36] pick 2/5: CCOC(=O)CC1C(C(=O)OCC)=C(N)Oc2ccc(-c3ccccn3)cc21 | UCB=1.598 | mu=0.3529 | std=0.8804 | f=0.5774
2025-10-17 21:44:58,518 - INFO - [round 36] pick 3/5: CC(=NN=C1SCC(=O)N1Cc1cccc(Cl)c1)c1cccs1 | UCB=1.593 | mu=0.335 | std=0.8895 | f=0.3914
2025-10-17 21:44:58,685 - INFO - [round 36] pick 4/5: CCOC(=O)c1ccc(C2CC2c2ccc3c(c2)C2CCC3C2)cc1 | UCB=1.582 | mu=0.3431 | std=0.8761 | f=0.008191
2025-10-17 21:44:58,855 - INFO - [round 36] pick 5/5: COCCn1cc(-c2cccs2)nc1CCc1cn2c(C)cc(C)nc2n1 | UCB=1.562 | mu=0.2709 | std=0.9127 | f=0.1536
2025-10-17 21:44:59,026 - INFO - Round 36 done in 111.71s; train size=195
2025-10-17 21:44:59,026 - INFO - 
--- Round 37 | trial=9 | sqrt_beta=1.4142 (beta=2.0000) | rho=0.80 | train size=195 ---
2025-10-17 21:46:49,835 - INFO - [round 37] pick 1/5: CCOC(=O)c1cc(OCc2csc(-c3ccccc3)n2)cc(C(=O)OCC)c1 | UCB=1.614 | mu=0.3921 | std=0.864 | f=0.5581
2025-10-17 21:46:50,007 - INFO - [round 37] pick 2/5: COc1ccc(C2=NS(=O)(=O)N(C)C(C(=O)NCc3cccs3)=C2)cc1OC | UCB=1.609 | mu=0.3798 | std=0.8695 | f=0.428
2025-10-17 21:46:50,183 - INFO - [round 37] pick 3/5: Cc1ccc2c(c1)Oc1ccccc1S2 | UCB=1.585 | mu=0.3404 | std=0.8802 | f=0.4043
2025-10-17 21:46:50,360 - INFO - [round 37] pick 4/5: CCOC(=O)c1c(C)csc1NC(=O)CC1SC(=N)NC1=O | UCB=1.56 | mu=0.2694 | std=0.9122 | f=0.1823
2025-10-17 21:46:50,538 - INFO - [round 37] pick 5/5: O=C1CSC(c2c(Cl)cccc2Cl)N1c1ccccn1 | UCB=1.574 | mu=0.3024 | std=0.8992 | f=0.4189
2025-10-17 21:46:50,719 - INFO - Round 37 done in 111.69s; train size=200
2025-10-17 21:46:50,719 - INFO - 
--- Round 38 | trial=9 | sqrt_beta=1.4142 (beta=2.0000) | rho=0.80 | train size=200 ---
2025-10-17 21:48:41,779 - INFO - [round 38] pick 1/5: CC(=O)N(C(C)=O)c1ccc(-c2nc3ccccc3s2)cc1C | UCB=1.614 | mu=0.3814 | std=0.8716 | f=0.4755
2025-10-17 21:48:41,961 - INFO - [round 38] pick 2/5: CCOC(=O)c1sc2c(C(=O)OCC)n3ccccc3c2c1N | UCB=1.604 | mu=0.3535 | std=0.8844 | f=0.5637
2025-10-17 21:48:42,145 - INFO - [round 38] pick 3/5: CCCC1C(=O)Oc2ccc(C(=O)c3cccs3)cc21 | UCB=1.599 | mu=0.3831 | std=0.8601 | f=0.4432
2025-10-17 21:48:42,331 - INFO - [round 38] pick 4/5: COc1cc2ncnc(NCc3ccccn3)c2cc1OC | UCB=1.573 | mu=0.3249 | std=0.8826 | f=0.4066
2025-10-17 21:48:42,518 - INFO - [round 38] pick 5/5: O=C1CSC(=NN=CC=CC=Cc2cccs2)N1c1ccccc1 | UCB=1.558 | mu=0.2719 | std=0.9093 | f=0.3358
2025-10-17 21:48:42,709 - INFO - Round 38 done in 111.99s; train size=205
2025-10-17 21:48:42,709 - INFO - 
--- Round 39 | trial=9 | sqrt_beta=1.4142 (beta=2.0000) | rho=0.80 | train size=205 ---
2025-10-17 21:50:35,367 - INFO - [round 39] pick 1/5: CCOC(=O)C1=C(C)NC(C)=C(C(=O)OCC)C1c1ccc(-c2ccccc2)s1 | UCB=1.629 | mu=0.4254 | std=0.8511 | f=0.6507
2025-10-17 21:50:35,561 - INFO - [round 39] pick 2/5: CC(C)c1ccccc1NC(=O)c1ccc2ncsc2c1 | UCB=1.606 | mu=0.3882 | std=0.8613 | f=0.4134
2025-10-17 21:50:35,756 - INFO - [round 39] pick 3/5: CCN(CC)c1ccc2c(c1)OC(N)=C(C#N)C2c1ccsc1 | UCB=1.584 | mu=0.2999 | std=0.9082 | f=0.4166
2025-10-17 21:50:36,081 - INFO - [round 39] pick 4/5: COC(=O)c1sccc1-c1ccc(C=NOC(=O)c2cccs2)o1 | UCB=1.608 | mu=0.3529 | std=0.8874 | f=0.4655
2025-10-17 21:50:36,278 - INFO - [round 39] pick 5/5: Cc1ccc(S(=O)(=O)N2C=Cc3cc(C)sc3B2O)c(Cl)c1 | UCB=1.577 | mu=0.2917 | std=0.9089 | f=0.4134
2025-10-17 21:50:36,477 - INFO - Round 39 done in 113.77s; train size=210
