2025-10-12 09:49:22,922 - INFO - 
--- Round 0 | trial=4 | sqrt_beta=2.2361 (beta=5.0000) | rho=0.70 | train size=10 ---
2025-10-12 09:49:33,975 - INFO - [round 0] pick 1/5: O=[N+]([O-])c1cnc2nc(O)c(O)nc2c1 | UCB=2.322 | mu=0.149 | std=0.972 | f=0.09921
2025-10-12 09:49:33,976 - INFO - [round 0] pick 2/5: COc1cc(C2Oc3c(OC)cc(CCCO)cc3C2CO)ccc1OC1OC(C)C(O)C(OC)C1O | UCB=2.313 | mu=0.1447 | std=0.9696 | f=0.1477
2025-10-12 09:49:33,977 - INFO - [round 0] pick 3/5: N=C(N)c1cc(-c2ccnc(C(=N)N)c2)ccn1 | UCB=2.313 | mu=0.1368 | std=0.9735 | f=0.1242
2025-10-12 09:49:33,978 - INFO - [round 0] pick 4/5: CCOC(=O)C(=O)Nc1cc(C(=O)OC)c(Cl)c(NC(=O)C(=O)OCC)c1Cl | UCB=2.303 | mu=0.1295 | std=0.9721 | f=0.00912
2025-10-12 09:49:33,979 - INFO - [round 0] pick 5/5: CC(C)C1NC(=O)c2coc(n2)-c2coc(n2)-c2coc(n2)C(CCCN)NC(=O)c2coc(n2)-c2coc(n2)-c2coc1n2 | UCB=2.295 | mu=0.0891 | std=0.9867 | f=3.881e-08
2025-10-12 09:49:33,981 - INFO - Round 0 done in 11.06s; train size=15
2025-10-12 09:49:33,981 - INFO - 
--- Round 1 | trial=4 | sqrt_beta=2.2361 (beta=5.0000) | rho=0.70 | train size=15 ---
2025-10-12 09:49:48,181 - INFO - [round 1] pick 1/5: Clc1cccc(Nc2ncnc3cc4c(cc23)OCCOCCOCCO4)c1 | UCB=2.299 | mu=0.1612 | std=0.956 | f=0.1183
2025-10-12 09:49:48,182 - INFO - [round 1] pick 2/5: CC(C)OCCNCC(O)COc1ccccc1[N+](=O)[O-] | UCB=2.291 | mu=0.1285 | std=0.9672 | f=0.008082
2025-10-12 09:49:48,184 - INFO - [round 1] pick 3/5: CN(C)C=Nc1ccc2nonc2c1 | UCB=2.293 | mu=0.1101 | std=0.9764 | f=0.1125
2025-10-12 09:49:48,185 - INFO - [round 1] pick 4/5: Oc1cc(O)c(Oc2cc(O)cc(O)c2Oc2cc(O)cc(O)c2-c2c(O)cc(O)cc2O)c(O)c1 | UCB=2.282 | mu=0.09257 | std=0.979 | f=0.09982
2025-10-12 09:49:48,187 - INFO - [round 1] pick 5/5: Nc1ncnc2c1ncn2CCOCP(=O)(O)OCCOCCOCCOCCOCCOCCO | UCB=2.275 | mu=0.06507 | std=0.9885 | f=0.1146
2025-10-12 09:49:48,189 - INFO - Round 1 done in 14.21s; train size=20
2025-10-12 09:49:48,189 - INFO - 
--- Round 2 | trial=4 | sqrt_beta=2.2361 (beta=5.0000) | rho=0.70 | train size=20 ---
2025-10-12 09:50:04,758 - INFO - [round 2] pick 1/5: Nc1nc2ccc(S(=O)(=O)c3ccc4nc(N)sc4c3)cc2s1 | UCB=2.282 | mu=0.1496 | std=0.9538 | f=0.1264
2025-10-12 09:50:04,760 - INFO - [round 2] pick 2/5: C=C(C)C1Cc2c(cc(OC)c(OC)c2OC)O1 | UCB=2.275 | mu=0.1207 | std=0.9634 | f=0.1352
2025-10-12 09:50:04,763 - INFO - [round 2] pick 3/5: F[B-]1(F)n2cccc2C=C2C=CC=[N+]21 | UCB=2.275 | mu=0.07909 | std=0.9819 | f=0.2709
2025-10-12 09:50:04,765 - INFO - [round 2] pick 4/5: Clc1nc2c(I)c(I)c(I)c(I)c2[nH]1 | UCB=2.273 | mu=0.06315 | std=0.9883 | f=0.1077
2025-10-12 09:50:04,768 - INFO - [round 2] pick 5/5: c1cocn1 | UCB=2.267 | mu=0.04847 | std=0.992 | f=0.003363
2025-10-12 09:50:04,770 - INFO - Round 2 done in 16.58s; train size=25
2025-10-12 09:50:04,770 - INFO - 
--- Round 3 | trial=4 | sqrt_beta=2.2361 (beta=5.0000) | rho=0.70 | train size=25 ---
2025-10-12 09:50:23,513 - INFO - [round 3] pick 1/5: O=[N+]([O-])c1ccc(C2=NC(=S)NC(c3ccc(F)cc3)C2)cc1 | UCB=2.28 | mu=0.153 | std=0.9514 | f=0.3437
2025-10-12 09:50:23,516 - INFO - [round 3] pick 2/5: CC(C)(C)C1=CC(=CC=Cc2cc(C(C)(C)C)[s+]c(C(C)(C)C)c2)C=C(C(C)(C)C)O1 | UCB=2.277 | mu=0.08125 | std=0.982 | f=0.1102
2025-10-12 09:50:23,519 - INFO - [round 3] pick 3/5: COC1(OC)C2(Cl)C(Cl)=C(Cl)C1(Cl)C1C=CC=CC12 | UCB=2.274 | mu=0.08161 | std=0.9805 | f=0.3504
2025-10-12 09:50:23,522 - INFO - [round 3] pick 4/5: N#CCCC(CCC#N)(CCC#N)c1cc[n+](CCc2ccccn2)cc1 | UCB=2.275 | mu=0.09473 | std=0.9753 | f=0.1204
2025-10-12 09:50:23,526 - INFO - [round 3] pick 5/5: NNc1nnc(S)n1N | UCB=2.264 | mu=0.04706 | std=0.9913 | f=0.003205
2025-10-12 09:50:23,530 - INFO - Round 3 done in 18.76s; train size=30
2025-10-12 09:50:23,530 - INFO - 
--- Round 4 | trial=4 | sqrt_beta=2.2361 (beta=5.0000) | rho=0.70 | train size=30 ---
2025-10-12 09:50:44,999 - INFO - [round 4] pick 1/5: CC1(C)OB(c2ccc(-c3cccs3)cc2)OC1(C)C | UCB=2.293 | mu=0.148 | std=0.9592 | f=0.3291
2025-10-12 09:50:45,003 - INFO - [round 4] pick 2/5: N#Cc1cc([N+](=O)[O-])ccc1Oc1cc(Cl)c(Cl)cc1Cl | UCB=2.293 | mu=0.2017 | std=0.9351 | f=0.1402
2025-10-12 09:50:45,007 - INFO - [round 4] pick 3/5: O=C1C(Br)=CC2C3C=CC(Br)(C3=O)C12 | UCB=2.285 | mu=0.08585 | std=0.9837 | f=0.2914
2025-10-12 09:50:45,012 - INFO - [round 4] pick 4/5: Cc1[nH][n+](C)c(C)c1[N-][S+](O)(O)=C1C=CC2=NC(=NC3CCNCC3)C=CC2=C1 | UCB=2.283 | mu=0.1011 | std=0.9756 | f=0.1231
2025-10-12 09:50:45,016 - INFO - [round 4] pick 5/5: COC(CC(OC)OC)Cn1nnnc1C(Nc1ccc([Se][Se]c2ccc(NC(c3nnnn3CC(CC(OC)OC)OC)C(C)C)cc2)cc1)C(C)C | UCB=2.28 | mu=0.1044 | std=0.9728 | f=0.1229
2025-10-12 09:50:45,021 - INFO - Round 4 done in 21.49s; train size=35
2025-10-12 09:50:45,021 - INFO - 
--- Round 5 | trial=4 | sqrt_beta=2.2361 (beta=5.0000) | rho=0.70 | train size=35 ---
2025-10-12 09:51:09,376 - INFO - [round 5] pick 1/5: COC1=CC2(C)C(=CC1=O)C=CCC2C | UCB=2.304 | mu=0.1568 | std=0.9601 | f=0.135
2025-10-12 09:51:09,381 - INFO - [round 5] pick 2/5: O=C1C2C=CC=CC2C(c2cccc(F)c2)N1c1ccc2nc[nH]c2c1 | UCB=2.302 | mu=0.1863 | std=0.946 | f=0.006259
2025-10-12 09:51:09,387 - INFO - [round 5] pick 3/5: [O-][S+](c1ccsc1)c1ccsc1 | UCB=2.293 | mu=0.1258 | std=0.9692 | f=0.102
2025-10-12 09:51:09,393 - INFO - [round 5] pick 4/5: CCCCC[P+](CCCCC)(CCCCC)Cc1ccc(-c2ccc(C[P+](CCCCC)(CCCCC)CCCCC)cc2)cc1 | UCB=2.284 | mu=0.0989 | std=0.9773 | f=0.1129
2025-10-12 09:51:09,399 - INFO - [round 5] pick 5/5: COCC1=NOC2C1OC1OC(C)(C)OC12 | UCB=2.284 | mu=0.07815 | std=0.9865 | f=0.2822
2025-10-12 09:51:09,406 - INFO - Round 5 done in 24.38s; train size=40
2025-10-12 09:51:09,406 - INFO - 
--- Round 6 | trial=4 | sqrt_beta=2.2361 (beta=5.0000) | rho=0.70 | train size=40 ---
2025-10-12 09:51:35,596 - INFO - [round 6] pick 1/5: COC(OC)C1OC(C)(C)OC1Cc1cnc2ccccc2n1 | UCB=2.295 | mu=0.198 | std=0.9379 | f=0.4166
2025-10-12 09:51:35,603 - INFO - [round 6] pick 2/5: O=c1ccn(C2OC(COP(=O)(O)OP(=O)(O)OP(=O)(O)OP(=O)(O)Oc3cccc([N+](=O)[O-])c3)C(O)C2O)c(=O)[nH]1 | UCB=2.288 | mu=0.1353 | std=0.9626 | f=0.3343
2025-10-12 09:51:35,610 - INFO - [round 6] pick 3/5: ClC1=C(Cl)C2(Cl)C3C4CC(N=N4)C3C1(Cl)C2(Cl)Cl | UCB=2.279 | mu=0.1051 | std=0.9722 | f=0.07509
2025-10-12 09:51:35,618 - INFO - [round 6] pick 4/5: Cc1nc(Br)c(Br)c(C)c1Br | UCB=2.276 | mu=0.08864 | std=0.9782 | f=0.00526
2025-10-12 09:51:35,626 - INFO - [round 6] pick 5/5: NC1C(C(=O)O)=CC=CC1O | UCB=2.275 | mu=0.08689 | std=0.9785 | f=0.005579
2025-10-12 09:51:35,634 - INFO - Round 6 done in 26.23s; train size=45
2025-10-12 09:51:35,634 - INFO - 
--- Round 7 | trial=4 | sqrt_beta=2.2361 (beta=5.0000) | rho=0.70 | train size=45 ---
2025-10-12 09:52:04,620 - INFO - [round 7] pick 1/5: C=Cc1ccccc1C1(O)C=CC(OC)(OC)C=C1 | UCB=2.304 | mu=0.1897 | std=0.9457 | f=0.1427
2025-10-12 09:52:04,629 - INFO - [round 7] pick 2/5: CON=C1CC2C(C)(C)OC(=O)C=CC2(C)C2CCC3(C)C(c4ccoc4)OC(=O)C4OC43C12C | UCB=2.304 | mu=0.1541 | std=0.9614 | f=4.061e-05
2025-10-12 09:52:04,638 - INFO - [round 7] pick 3/5: CC=CC=CC(=O)OCC1OC2C(Oc3nc(=N)ccn32)C1OC(=O)C=CC=CC | UCB=2.295 | mu=0.1124 | std=0.9759 | f=0.3536
2025-10-12 09:52:04,647 - INFO - [round 7] pick 4/5: O=C(CN(Cc1ccc([N+](=O)[O-])cc1)S(=O)(=O)C(F)(F)C(F)(F)C(F)(F)C(F)(F)C(F)(F)C(F)(F)C(F)(F)C(F)(F)F)NO | UCB=2.28 | mu=0.1011 | std=0.9744 | f=0.005225
2025-10-12 09:52:04,657 - INFO - [round 7] pick 5/5: CC1COC2N=C(N[N+](=O)[O-])NC2O1 | UCB=2.278 | mu=0.08317 | std=0.9817 | f=0.07808
2025-10-12 09:52:04,667 - INFO - Round 7 done in 29.03s; train size=50
2025-10-12 09:52:04,667 - INFO - 
--- Round 8 | trial=4 | sqrt_beta=2.2361 (beta=5.0000) | rho=0.70 | train size=50 ---
2025-10-12 09:52:37,755 - INFO - [round 8] pick 1/5: CC(=O)OCC1OC(n2nncc2-c2ccc(S(N)(=O)=O)cc2)C(OC(C)=O)C(OC(C)=O)C1OC(C)=O | UCB=2.3 | mu=0.1878 | std=0.9447 | f=0.4016
2025-10-12 09:52:37,766 - INFO - [round 8] pick 2/5: CN1C(=S)SC([N+]([O-])=Cc2ccco2)C1(C)C | UCB=2.293 | mu=0.1444 | std=0.961 | f=0.1153
2025-10-12 09:52:37,777 - INFO - [round 8] pick 3/5: [O-][S+]1c2cc(Cl)ccc2C(OCc2ccsc2Cl)C1Cn1ccnc1 | UCB=2.292 | mu=0.1745 | std=0.947 | f=0.1406
2025-10-12 09:52:37,789 - INFO - [round 8] pick 4/5: COC(C)(CC1OC2C1OC1OC(C(Cl)(Cl)Cl)OC12)OC | UCB=2.28 | mu=0.1066 | std=0.9719 | f=0.2683
2025-10-12 09:52:37,801 - INFO - [round 8] pick 5/5: COCC(N)Cc1c[nH]cn1 | UCB=2.277 | mu=0.08853 | std=0.9785 | f=0.005851
2025-10-12 09:52:37,814 - INFO - Round 8 done in 33.15s; train size=55
2025-10-12 09:52:37,814 - INFO - 
--- Round 9 | trial=4 | sqrt_beta=2.2361 (beta=5.0000) | rho=0.70 | train size=55 ---
2025-10-12 09:53:12,869 - INFO - [round 9] pick 1/5: COC1=C(O)C2=C(O)C=C(c3ccc(OC)cc3)OC2=CC1OC1OC(O)C(O)C(O)C1O | UCB=2.309 | mu=0.2048 | std=0.9412 | f=0.1314
2025-10-12 09:53:12,882 - INFO - [round 9] pick 2/5: CC(C)(C)[Si](C)(C)OCC1OC(n2cnc3ncnc(O)c32)C(O[Si](C)(C)C(C)(C)C)C12OS(=O)(=O)C=C2N | UCB=2.3 | mu=0.1529 | std=0.9604 | f=0.1188
2025-10-12 09:53:12,896 - INFO - [round 9] pick 3/5: CC(C)=CCCC(C)=CC1ON=C(c2ccc3c(c2)OCO3)O1 | UCB=2.296 | mu=0.1634 | std=0.9538 | f=0.3673
2025-10-12 09:53:12,910 - INFO - [round 9] pick 4/5: COC(=O)OCC1OC(N2C(=O)NC(=O)C(I)C2N=[N+]=[N-])CC1OC(=O)OC | UCB=2.294 | mu=0.1478 | std=0.9597 | f=0.1427
2025-10-12 09:53:12,925 - INFO - [round 9] pick 5/5: c1ncn(C23C4C5C6C4C2C6C53)n1 | UCB=2.281 | mu=0.08273 | std=0.9831 | f=1.834e-08
2025-10-12 09:53:12,940 - INFO - Round 9 done in 35.13s; train size=60
2025-10-12 09:53:12,940 - INFO - 
--- Round 10 | trial=4 | sqrt_beta=2.2361 (beta=5.0000) | rho=0.70 | train size=60 ---
2025-10-12 09:53:50,239 - INFO - [round 10] pick 1/5: CC(=O)OC1C(C(=O)c2cnc3sc(C(=O)c4ccc(F)cc4)cn23)OC2OC(C)(C)OC21 | UCB=2.305 | mu=0.2353 | std=0.9256 | f=0.007086
2025-10-12 09:53:50,255 - INFO - [round 10] pick 2/5: COC1(OC)C(C=Cc2ccc(Cl)cc2)C(C#N)(C#N)C1(OC)OC | UCB=2.297 | mu=0.1872 | std=0.9437 | f=0.1385
2025-10-12 09:53:50,271 - INFO - [round 10] pick 3/5: Cc1cccc2c1OP(=O)(N(CCCl)CCCl)OC2C(Cl)(Cl)Cl | UCB=2.291 | mu=0.1365 | std=0.9636 | f=0.1508
2025-10-12 09:53:50,288 - INFO - [round 10] pick 4/5: C#CCOc1nc(OCC#C)nc(OCC#C)n1 | UCB=2.272 | mu=0.07082 | std=0.9844 | f=0.005037
2025-10-12 09:53:50,305 - INFO - [round 10] pick 5/5: CC(C)=CCCC(C)=CCCC(C)=CCCC(C)=CCCC(C)=CCCC(C)=CCCC(C)=CCCC(C)=CCc1cccc(OS(=O)(=O)O)c1 | UCB=2.28 | mu=0.1053 | std=0.9728 | f=0.00598
2025-10-12 09:53:50,323 - INFO - Round 10 done in 37.38s; train size=65
2025-10-12 09:53:50,323 - INFO - 
--- Round 11 | trial=4 | sqrt_beta=2.2361 (beta=5.0000) | rho=0.70 | train size=65 ---
2025-10-12 09:54:30,732 - INFO - [round 11] pick 1/5: C=CC1OC(c2ccc(C)cc2)=NC1S | UCB=2.294 | mu=0.1885 | std=0.9414 | f=0.1232
2025-10-12 09:54:30,751 - INFO - [round 11] pick 2/5: COc1cc2c[n+](C)c3c4cc(OC)c(OC)cc4c(OCC4OCC(Br)([N+](=O)[O-])CO4)cc3c2cc1OC | UCB=2.283 | mu=0.1798 | std=0.9408 | f=0.006357
2025-10-12 09:54:30,770 - INFO - [round 11] pick 3/5: NC(=S)NN=C1CC(n2nnnc2-c2ccccc2)C2COC1O2 | UCB=2.287 | mu=0.1618 | std=0.9505 | f=0.1286
2025-10-12 09:54:30,790 - INFO - [round 11] pick 4/5: CN(C=O)C1=C(N(C)C=O)C(N(C)C=O)=C(N(C)C=O)C(=O)C1=O | UCB=2.27 | mu=0.08208 | std=0.9785 | f=0.005369
2025-10-12 09:54:30,810 - INFO - [round 11] pick 5/5: CCC1OC1C | UCB=2.269 | mu=0.08462 | std=0.9767 | f=0.004391
2025-10-12 09:54:30,830 - INFO - Round 11 done in 40.51s; train size=70
2025-10-12 09:54:30,830 - INFO - 
--- Round 12 | trial=4 | sqrt_beta=2.2361 (beta=5.0000) | rho=0.70 | train size=70 ---
2025-10-12 09:55:14,281 - INFO - [round 12] pick 1/5: CC(S)=NCC1CC(c2ccc(-n3cccc3)c(F)c2)=NO1 | UCB=2.28 | mu=0.1874 | std=0.9358 | f=0.3592
2025-10-12 09:55:14,303 - INFO - [round 12] pick 2/5: CCOP(=O)(OCC)SCc1cccc(CSP(=O)(OCC)OCC)n1 | UCB=2.272 | mu=0.1262 | std=0.9595 | f=0.007623
2025-10-12 09:55:14,325 - INFO - [round 12] pick 3/5: OCc1ccc2cc1OCC#CC=CC#CCO2 | UCB=2.275 | mu=0.1128 | std=0.967 | f=0.1062
2025-10-12 09:55:14,347 - INFO - [round 12] pick 4/5: C=C1CC2CCC34CC5OC6C(OC7CCC(CC(=O)CC8C(CC9OC(CCC1O2)CC(C)C9=C)OC(CC(CN1CC1C)OC)C8OC)OC7C6O3)C5O4 | UCB=2.259 | mu=0.07149 | std=0.9783 | f=3.864e-29
2025-10-12 09:55:14,370 - INFO - [round 12] pick 5/5: C1=CSSC=CSS1 | UCB=2.256 | mu=0.04669 | std=0.9879 | f=0.003719
2025-10-12 09:55:14,394 - INFO - Round 12 done in 43.56s; train size=75
2025-10-12 09:55:14,394 - INFO - 
--- Round 13 | trial=4 | sqrt_beta=2.2361 (beta=5.0000) | rho=0.70 | train size=75 ---
2025-10-12 09:56:00,398 - INFO - [round 13] pick 1/5: CC(C)(C)OC(=O)C=Cn1cnc(-c2cccc(Cl)c2)n1 | UCB=2.277 | mu=0.1959 | std=0.9308 | f=0.1489
2025-10-12 09:56:00,423 - INFO - [round 13] pick 2/5: Nc1nc(N)c2ccn(C3OC(CO)C(O)C3F)c2n1 | UCB=2.27 | mu=0.1481 | std=0.9489 | f=0.2863
2025-10-12 09:56:00,449 - INFO - [round 13] pick 3/5: O=C1C=CC2(C=C1Br)CC(C(=O)NCCSSCCNC(=O)C1=NOC3(C=CC(=O)C(Br)=C3)C1)=NO2 | UCB=2.265 | mu=0.1066 | std=0.9654 | f=0.1305
2025-10-12 09:56:00,474 - INFO - [round 13] pick 4/5: CC(=NN=C(S)N(C)C)c1cccc[n+]1[O-] | UCB=2.269 | mu=0.1113 | std=0.9652 | f=0.006656
2025-10-12 09:56:00,501 - INFO - [round 13] pick 5/5: c1ccc(OCCOc2ccccc2Nc2c3ccccc3nc3ccccc23)c(Nc2c3ccccc3nc3ccccc23)c1 | UCB=2.263 | mu=0.1135 | std=0.9614 | f=4.569e-12
2025-10-12 09:56:00,527 - INFO - Round 13 done in 46.13s; train size=80
2025-10-12 09:56:00,527 - INFO - 
--- Round 14 | trial=4 | sqrt_beta=2.2361 (beta=5.0000) | rho=0.70 | train size=80 ---
2025-10-12 09:56:47,942 - INFO - [round 14] pick 1/5: CC1(C)N=C(N)N=C(N)N1OCC1COc2ccccc2O1 | UCB=2.276 | mu=0.1899 | std=0.933 | f=0.41
2025-10-12 09:56:47,970 - INFO - [round 14] pick 2/5: O=P(O)(O)C(Nc1ncc(Cl)cc1Cl)P(=O)(O)O | UCB=2.261 | mu=0.1077 | std=0.963 | f=0.005449
2025-10-12 09:56:47,999 - INFO - [round 14] pick 3/5: [N-]=[N+]=NCC1OC(OS(=O)(=O)O)C(OS(=O)(=O)O)C(OS(=O)(=O)O)C1OS(=O)(=O)O | UCB=2.257 | mu=0.08417 | std=0.9716 | f=0.003997
2025-10-12 09:56:48,028 - INFO - [round 14] pick 4/5: Nc1ccc(C=CC=CC=Cc2ccc(N)cc2)cc1 | UCB=2.267 | mu=0.1403 | std=0.9512 | f=0.1096
2025-10-12 09:56:48,058 - INFO - [round 14] pick 5/5: S=c1[nH]nc(Cc2n[nH]c(=S)s2)s1 | UCB=2.256 | mu=0.05941 | std=0.9821 | f=0.08671
2025-10-12 09:56:48,088 - INFO - Round 14 done in 47.56s; train size=85
2025-10-12 09:56:48,088 - INFO - 
--- Round 15 | trial=4 | sqrt_beta=2.2361 (beta=5.0000) | rho=0.70 | train size=85 ---
2025-10-12 09:57:37,957 - INFO - [round 15] pick 1/5: CC1OC2=C(c3cc(C#N)ccc3OC2(C)C)n2cccc21 | UCB=2.282 | mu=0.1933 | std=0.9342 | f=0.1373
2025-10-12 09:57:37,988 - INFO - [round 15] pick 2/5: OCC1CCC(c2ccc3c(c2)CCC3)=NO1 | UCB=2.278 | mu=0.1649 | std=0.945 | f=0.3079
2025-10-12 09:57:38,020 - INFO - [round 15] pick 3/5: NCCCOC(=O)OCC1OC(n2ccc(N)nc2=O)CS1 | UCB=2.266 | mu=0.1417 | std=0.9502 | f=0.1552
2025-10-12 09:57:38,052 - INFO - [round 15] pick 4/5: CC12CC(C)(OO1)OO2 | UCB=2.253 | mu=0.07037 | std=0.9761 | f=0.05203
2025-10-12 09:57:38,085 - INFO - [round 15] pick 5/5: ClC(Cl)(Cl)c1nc2ccccc2n2nncc12 | UCB=2.274 | mu=0.1815 | std=0.936 | f=0.3693
2025-10-12 09:57:38,119 - INFO - Round 15 done in 50.03s; train size=90
2025-10-12 09:57:38,119 - INFO - 
--- Round 16 | trial=4 | sqrt_beta=2.2361 (beta=5.0000) | rho=0.70 | train size=90 ---
2025-10-12 09:58:31,615 - INFO - [round 16] pick 1/5: N#CCC1=NN=C(c2ccc(Br)cc2)C(Br)O1 | UCB=2.284 | mu=0.1917 | std=0.9358 | f=0.1199
2025-10-12 09:58:31,651 - INFO - [round 16] pick 2/5: Cc1cn(C2C=CC(COP3(=O)Oc4ccccc4C(CCl)O3)O2)c(=O)[nH]c1=O | UCB=2.279 | mu=0.193 | std=0.9329 | f=0.1664
2025-10-12 09:58:31,687 - INFO - [round 16] pick 3/5: CSCC1CC(C2=CCCN(C)C2)=NO1 | UCB=2.269 | mu=0.1259 | std=0.9584 | f=0.09156
2025-10-12 09:58:31,723 - INFO - [round 16] pick 4/5: COc1cc(C=CC(=O)OCC2COC(=O)CCCCCCCCCCCCCCCCCCCCCCCCCCCCCO2)ccc1O | UCB=2.267 | mu=0.08859 | std=0.9741 | f=0.1155
2025-10-12 09:58:31,760 - INFO - [round 16] pick 5/5: FC(Cl)(Cl)Cl | UCB=2.248 | mu=0.05027 | std=0.9829 | f=1.331e-05
2025-10-12 09:58:31,798 - INFO - Round 16 done in 53.68s; train size=95
2025-10-12 09:58:31,798 - INFO - 
--- Round 17 | trial=4 | sqrt_beta=2.2361 (beta=5.0000) | rho=0.70 | train size=95 ---
2025-10-12 09:59:27,719 - INFO - [round 17] pick 1/5: COc1ccc(-c2cncc(COC3COc4nc([N+](=O)[O-])cn4C3)c2)cn1 | UCB=2.281 | mu=0.1991 | std=0.9312 | f=0.14
2025-10-12 09:59:27,758 - INFO - [round 17] pick 2/5: C[N+](C)(C)C1CC([N+](C)(C)C)C2c3ccccc3C21 | UCB=2.272 | mu=0.1499 | std=0.9492 | f=0.4045
2025-10-12 09:59:27,798 - INFO - [round 17] pick 3/5: Nc1n[nH]c2c1C(c1ccc(F)c(F)c1)c1c(N)n[nH]c1O2 | UCB=2.27 | mu=0.1386 | std=0.953 | f=0.128
2025-10-12 09:59:27,838 - INFO - [round 17] pick 4/5: [O-][n+]1onc2c1-c1nonc1CC2 | UCB=2.261 | mu=0.07975 | std=0.9753 | f=0.1898
2025-10-12 09:59:27,879 - INFO - [round 17] pick 5/5: C[n+]1ccn(CCCCCCCCCCn2cc[n+](C)c2)c1 | UCB=2.247 | mu=0.06671 | std=0.9751 | f=0.1016
2025-10-12 09:59:27,920 - INFO - Round 17 done in 56.12s; train size=100
2025-10-12 09:59:27,920 - INFO - 
--- Round 18 | trial=4 | sqrt_beta=2.2361 (beta=5.0000) | rho=0.70 | train size=100 ---
2025-10-12 10:00:25,379 - INFO - [round 18] pick 1/5: O=S1NC(CC2=Cc3ccccc3CC2)=NO1 | UCB=2.287 | mu=0.1931 | std=0.9366 | f=0.3931
2025-10-12 10:00:25,423 - INFO - [round 18] pick 2/5: Cc1ncc(-c2cnn(C)c2)c(OCC2CC2c2ccn(C)n2)n1 | UCB=2.277 | mu=0.1679 | std=0.9433 | f=0.1335
2025-10-12 10:00:25,467 - INFO - [round 18] pick 3/5: BrC1C2(SCCS2)C2CC(c3ccccc32)C12SCCS2 | UCB=2.28 | mu=0.148 | std=0.9535 | f=0.00637
2025-10-12 10:00:25,511 - INFO - [round 18] pick 4/5: COC=Cc1cc2c(cc1C(OC)OC)OCO2 | UCB=2.263 | mu=0.1634 | std=0.9389 | f=0.1237
2025-10-12 10:00:25,557 - INFO - [round 18] pick 5/5: N=C1N=C(S)C2N=CN(C3CC(O)C(CO)O3)C2=N1 | UCB=2.268 | mu=0.1338 | std=0.9543 | f=0.22
2025-10-12 10:00:25,604 - INFO - Round 18 done in 57.68s; train size=105
2025-10-12 10:00:25,604 - INFO - 
--- Round 19 | trial=4 | sqrt_beta=2.2361 (beta=5.0000) | rho=0.70 | train size=105 ---
2025-10-12 10:01:25,726 - INFO - [round 19] pick 1/5: C[N+](C)(C)C1=NNC2=Nc3ccccc3SC2=C1 | UCB=2.291 | mu=0.2072 | std=0.9319 | f=0.4175
2025-10-12 10:01:25,773 - INFO - [round 19] pick 2/5: CC=CC=CCN1Cc2cccc3nc(O)n(c23)CC1C | UCB=2.278 | mu=0.1601 | std=0.9471 | f=0.3374
2025-10-12 10:01:25,821 - INFO - [round 19] pick 3/5: OCC1C2COC3C2OC1C3n1cnc2c(Cl)ncnc21 | UCB=2.262 | mu=0.1494 | std=0.9449 | f=0.004838
2025-10-12 10:01:25,870 - INFO - [round 19] pick 4/5: COC1=C(S(N)(=O)=O)C2NS(=O)(=O)c3cnccc3N2C=C1 | UCB=2.273 | mu=0.1499 | std=0.9494 | f=0.3764
2025-10-12 10:01:25,920 - INFO - [round 19] pick 5/5: S=C(NNC(=S)NC1CC2C=CC1C2)NC1CC2C=CC1C2 | UCB=2.248 | mu=0.05654 | std=0.9802 | f=0.08408
2025-10-12 10:01:25,970 - INFO - Round 19 done in 60.37s; train size=110
2025-10-12 10:01:25,970 - INFO - 
--- Round 20 | trial=4 | sqrt_beta=2.2361 (beta=5.0000) | rho=0.70 | train size=110 ---
2025-10-12 10:02:30,915 - INFO - [round 20] pick 1/5: CCN1c2ccccc2N=C2C=CC(N)=CC21 | UCB=2.309 | mu=0.2479 | std=0.9218 | f=0.4214
2025-10-12 10:02:30,967 - INFO - [round 20] pick 2/5: COc1cccc2c1cnn2N=C1NCCN1 | UCB=2.294 | mu=0.1884 | std=0.9416 | f=0.366
2025-10-12 10:02:31,019 - INFO - [round 20] pick 3/5: CN1CC(C[N+](C)(C)C)OC1=O | UCB=2.265 | mu=0.1196 | std=0.9596 | f=0.004822
2025-10-12 10:02:31,072 - INFO - [round 20] pick 4/5: c1nncc2c1CC1CCC2N1 | UCB=2.27 | mu=0.1062 | std=0.9675 | f=0.257
2025-10-12 10:02:31,127 - INFO - [round 20] pick 5/5: CC(=O)NCCCCC(NC(=O)C(CCCCNC(=O)CNC(=O)CNC(=O)CSc1nc2ccccc2s1)NC(=O)C(CCCCNC(C)=O)NC(C)=O)C(N)=O | UCB=2.257 | mu=0.1008 | std=0.9641 | f=0.1316
2025-10-12 10:02:31,182 - INFO - Round 20 done in 65.21s; train size=115
2025-10-12 10:02:31,182 - INFO - 
--- Round 21 | trial=4 | sqrt_beta=2.2361 (beta=5.0000) | rho=0.70 | train size=115 ---
2025-10-12 10:03:36,079 - INFO - [round 21] pick 1/5: CC1CC2=Nc3ccccc3NC(C)C2=C(O)O1 | UCB=2.311 | mu=0.2605 | std=0.9171 | f=0.4175
2025-10-12 10:03:36,136 - INFO - [round 21] pick 2/5: NC1=Nc2c(Cl)cccc2CN1 | UCB=2.309 | mu=0.2182 | std=0.9351 | f=0.151
2025-10-12 10:03:36,200 - INFO - [round 21] pick 3/5: CCON=C1C=C(C#Cc2ccccn2)CCC1F | UCB=2.299 | mu=0.1916 | std=0.9423 | f=0.1414
2025-10-12 10:03:36,260 - INFO - [round 21] pick 4/5: C1=CC=C2NCCCN=C3C=CC=CC=C3NCCCN=C2C=C1 | UCB=2.274 | mu=0.115 | std=0.9656 | f=0.2535
2025-10-12 10:03:36,320 - INFO - [round 21] pick 5/5: O=C1NC(=O)C2C3C=CC(C12)C1C2C(=O)NC(=O)C2C31 | UCB=2.264 | mu=0.1092 | std=0.9639 | f=3.706e-05
2025-10-12 10:03:36,380 - INFO - Round 21 done in 65.20s; train size=120
2025-10-12 10:03:36,380 - INFO - 
--- Round 22 | trial=4 | sqrt_beta=2.2361 (beta=5.0000) | rho=0.70 | train size=120 ---
2025-10-12 10:04:45,085 - INFO - [round 22] pick 1/5: CC1CN(c2nc3ccccc3o2)CCN1 | UCB=2.306 | mu=0.2491 | std=0.9201 | f=0.3849
2025-10-12 10:04:45,147 - INFO - [round 22] pick 2/5: CCCc1ccc(C=C2N=C(c3ccc[nH]3)C=C2OC)[nH]1 | UCB=2.291 | mu=0.2054 | std=0.9325 | f=0.4237
2025-10-12 10:04:45,214 - INFO - [round 22] pick 3/5: CC(C)=NNC1=C2C(=S)NN=C2CC(C)(C)C1 | UCB=2.272 | mu=0.1193 | std=0.9626 | f=0.1034
2025-10-12 10:04:45,278 - INFO - [round 22] pick 4/5: c1cc(C2N=NN=N2)ccn1 | UCB=2.275 | mu=0.1323 | std=0.9583 | f=0.103
2025-10-12 10:04:45,343 - INFO - [round 22] pick 5/5: Cc1n[nH]c(C(OCC=CBr)C(O)C(O)C(OCC=CBr)C(=O)NC2c3ccccc3CC2O)n1 | UCB=2.29 | mu=0.1756 | std=0.9456 | f=0.4271
2025-10-12 10:04:45,408 - INFO - Round 22 done in 69.03s; train size=125
2025-10-12 10:04:45,408 - INFO - 
--- Round 23 | trial=4 | sqrt_beta=2.2361 (beta=5.0000) | rho=0.70 | train size=125 ---
2025-10-12 10:05:56,684 - INFO - [round 23] pick 1/5: CC1NC(NCC(F)F)=Nc2ccccc21 | UCB=2.32 | mu=0.2804 | std=0.9121 | f=0.158
2025-10-12 10:05:56,751 - INFO - [round 23] pick 2/5: COCC(C)(C)N=CN1Cc2cc3ccccc3nc2C1 | UCB=2.314 | mu=0.2709 | std=0.9137 | f=0.4134
2025-10-12 10:05:56,819 - INFO - [round 23] pick 3/5: CC1=CC2=NC(=O)C(=Cc3cccs3)C(=N)N2O1 | UCB=2.299 | mu=0.1893 | std=0.9435 | f=0.3643
2025-10-12 10:05:56,888 - INFO - [round 23] pick 4/5: CC1CNc2nc(N)nc(O)c2[S+]1[O-] | UCB=2.278 | mu=0.1434 | std=0.9545 | f=0.1006
2025-10-12 10:05:56,958 - INFO - [round 23] pick 5/5: COC1=NOC2(C1)CC1CCC(C2)N1 | UCB=2.266 | mu=0.1177 | std=0.9608 | f=0.2315
2025-10-12 10:05:57,029 - INFO - Round 23 done in 71.62s; train size=130
2025-10-12 10:05:57,029 - INFO - 
--- Round 24 | trial=4 | sqrt_beta=2.2361 (beta=5.0000) | rho=0.70 | train size=130 ---
2025-10-12 10:07:12,651 - INFO - [round 24] pick 1/5: COC1CCCc2nc3ccccc3c(N)c21 | UCB=2.316 | mu=0.2922 | std=0.905 | f=0.4344
2025-10-12 10:07:12,724 - INFO - [round 24] pick 2/5: Cn1cccc1C=Cc1cnc(C=Cc2cccn2C)cn1 | UCB=2.3 | mu=0.2102 | std=0.9344 | f=0.332
2025-10-12 10:07:12,798 - INFO - [round 24] pick 3/5: COCCN=c1[nH]c(=NC2CC2)n2ncc(C=C3N=C(O)N=C3O)c2[nH]1 | UCB=2.289 | mu=0.1594 | std=0.9526 | f=0.1222
2025-10-12 10:07:12,872 - INFO - [round 24] pick 4/5: C=CCn1c(-c2cccs2)n[nH]c1=S | UCB=2.29 | mu=0.1824 | std=0.9423 | f=0.1125
2025-10-12 10:07:12,947 - INFO - [round 24] pick 5/5: COC1=CC(C)=CC(C)C(O)C(C)CC(C)=CC=CC(OC)C(C(C)C(O)C(C)C(O)CC(O)C(C)C(O)C(C)C)OC1=O | UCB=2.272 | mu=0.1517 | std=0.9483 | f=0.005891
2025-10-12 10:07:13,024 - INFO - Round 24 done in 76.00s; train size=135
2025-10-12 10:07:13,024 - INFO - 
--- Round 25 | trial=4 | sqrt_beta=2.2361 (beta=5.0000) | rho=0.70 | train size=135 ---
2025-10-12 10:08:27,911 - INFO - [round 25] pick 1/5: Brc1c(N2CC(Br)C(Br)C2)cnc2ccccc12 | UCB=2.32 | mu=0.2891 | std=0.9081 | f=0.3643
2025-10-12 10:08:27,990 - INFO - [round 25] pick 2/5: COc1ccc(OC)c2c1C(C=NNC1=NCCN1)c1ccccc1C2C=NNC1=NCCN1 | UCB=2.308 | mu=0.2321 | std=0.9282 | f=0.007428
2025-10-12 10:08:28,070 - INFO - [round 25] pick 3/5: COc1ccc2[nH]c(=S)[nH]c2n1 | UCB=2.299 | mu=0.1974 | std=0.9397 | f=0.1281
2025-10-12 10:08:28,150 - INFO - [round 25] pick 4/5: CCN1CCN(S(=O)(=O)N2CCc3ccccc3C2)C2CS(=O)(=O)CC21 | UCB=2.292 | mu=0.1815 | std=0.9436 | f=0.1358
2025-10-12 10:08:28,232 - INFO - [round 25] pick 5/5: COc1noc2c1C[N+](C)(C)CC2 | UCB=2.277 | mu=0.138 | std=0.9568 | f=0.1015
2025-10-12 10:08:28,314 - INFO - Round 25 done in 75.29s; train size=140
2025-10-12 10:08:28,314 - INFO - 
--- Round 26 | trial=4 | sqrt_beta=2.2361 (beta=5.0000) | rho=0.70 | train size=140 ---
2025-10-12 10:09:48,853 - INFO - [round 26] pick 1/5: CC1(C)CN=C2c3ccccc3SC(=N)N2C1 | UCB=2.313 | mu=0.2586 | std=0.9187 | f=0.3831
2025-10-12 10:09:48,938 - INFO - [round 26] pick 2/5: O=C(C=CCC1CC=CC(=O)O1)CCc1c[nH]c2ccccc12 | UCB=2.306 | mu=0.2198 | std=0.9329 | f=0.436
2025-10-12 10:09:49,023 - INFO - [round 26] pick 3/5: CCOc1ccc2n[n+]([O-])c3c(I)cnn3c2c1 | UCB=2.293 | mu=0.1995 | std=0.9364 | f=0.378
2025-10-12 10:09:49,109 - INFO - [round 26] pick 4/5: FC(F)c1nc2ccccc2n1-c1nc(N2CC3CCC(C2)O3)nc(N2CC3CCC(C2)O3)n1 | UCB=2.29 | mu=0.1811 | std=0.9432 | f=3.668e-08
2025-10-12 10:09:49,197 - INFO - [round 26] pick 5/5: NCCC1CN=CN1 | UCB=2.255 | mu=0.07153 | std=0.9766 | f=0.005401
2025-10-12 10:09:49,285 - INFO - Round 26 done in 80.97s; train size=145
2025-10-12 10:09:49,286 - INFO - 
--- Round 27 | trial=4 | sqrt_beta=2.2361 (beta=5.0000) | rho=0.70 | train size=145 ---
2025-10-12 10:11:10,033 - INFO - [round 27] pick 1/5: CCCc1c[nH]c(C2Cc3ccccc3N2C(C)=O)n1 | UCB=2.319 | mu=0.3047 | std=0.901 | f=0.4671
2025-10-12 10:11:10,123 - INFO - [round 27] pick 2/5: COc1ccc2c(c1)SCc1cn[nH]c1-2 | UCB=2.307 | mu=0.235 | std=0.9264 | f=0.3762
2025-10-12 10:11:10,214 - INFO - [round 27] pick 3/5: C#CCSc1cnc2ccccc2c1[Se]CC#CCO | UCB=2.308 | mu=0.2428 | std=0.9234 | f=0.1396
2025-10-12 10:11:10,306 - INFO - [round 27] pick 4/5: O=C1C2CC=CCC2C(=O)N1n1cnnc1 | UCB=2.275 | mu=0.1459 | std=0.9524 | f=0.281
2025-10-12 10:11:10,399 - INFO - [round 27] pick 5/5: CCCCCC=CCC=CCC=CCC=CCCCC(=O)[n+]1ccccn1 | UCB=2.265 | mu=0.1052 | std=0.9657 | f=0.005974
2025-10-12 10:11:10,494 - INFO - Round 27 done in 81.21s; train size=150
2025-10-12 10:11:10,494 - INFO - 
--- Round 28 | trial=4 | sqrt_beta=2.2361 (beta=5.0000) | rho=0.70 | train size=150 ---
2025-10-12 10:12:36,540 - INFO - [round 28] pick 1/5: CN1C(=O)C2(Cn3nncc3CO2)c2ccccc21 | UCB=2.328 | mu=0.2783 | std=0.9166 | f=0.1366
2025-10-12 10:12:36,760 - INFO - [round 28] pick 2/5: COCCCN1Cc2ccccc2C1=N | UCB=2.323 | mu=0.2901 | std=0.9091 | f=0.1645
2025-10-12 10:12:36,859 - INFO - [round 28] pick 3/5: CC1c2c[nH]c3cccc(c23)SC1c1nnn[nH]1 | UCB=2.309 | mu=0.22 | std=0.9342 | f=0.1378
2025-10-12 10:12:36,957 - INFO - [round 28] pick 4/5: COC1=CN2C(=CC(CCN)=C1)C1=CC=CCC13CCCC=C23 | UCB=2.291 | mu=0.1668 | std=0.9498 | f=0.1346
2025-10-12 10:12:37,058 - INFO - [round 28] pick 5/5: c1cc2nsnc2c2c1CCNC2 | UCB=2.298 | mu=0.1904 | std=0.9425 | f=0.29
2025-10-12 10:12:37,159 - INFO - Round 28 done in 86.67s; train size=155
2025-10-12 10:12:37,159 - INFO - 
--- Round 29 | trial=4 | sqrt_beta=2.2361 (beta=5.0000) | rho=0.70 | train size=155 ---
2025-10-12 10:14:06,079 - INFO - [round 29] pick 1/5: CC(C)(C)n1ncc2c1NC(=O)CC2c1ccccc1 | UCB=2.314 | mu=0.287 | std=0.9064 | f=0.4452
2025-10-12 10:14:06,183 - INFO - [round 29] pick 2/5: ON=C(O)C=Cc1ccc2c(c1)NCN2CCC1=CCCC=N1 | UCB=2.297 | mu=0.187 | std=0.9436 | f=0.3282
2025-10-12 10:14:06,287 - INFO - [round 29] pick 3/5: O=C(OC1C#CCSCC#CC=C1)c1cnc2ccccc2n1 | UCB=2.306 | mu=0.2424 | std=0.9228 | f=0.3883
2025-10-12 10:14:06,396 - INFO - [round 29] pick 4/5: CCc1n[n+]([O-])c2ccc(OCCOC)cc2[n+]1[O-] | UCB=2.285 | mu=0.2067 | std=0.9295 | f=0.1522
2025-10-12 10:14:06,509 - INFO - [round 29] pick 5/5: CC1=CC2Cc3nc4[nH]ncc4c(N)c3C(C1)C2 | UCB=2.283 | mu=0.1809 | std=0.9401 | f=0.1232
2025-10-12 10:14:06,628 - INFO - Round 29 done in 89.47s; train size=160
2025-10-12 10:14:06,628 - INFO - 
--- Round 30 | trial=4 | sqrt_beta=2.2361 (beta=5.0000) | rho=0.70 | train size=160 ---
2025-10-12 10:15:39,017 - INFO - [round 30] pick 1/5: c1ccc2c(c1)Nc1ccncc1S2 | UCB=2.321 | mu=0.2946 | std=0.9061 | f=0.3941
2025-10-12 10:15:39,128 - INFO - [round 30] pick 2/5: O=C1CN2Cc3cc(I)ccc3N=C2N1 | UCB=2.315 | mu=0.227 | std=0.934 | f=0.3486
2025-10-12 10:15:39,239 - INFO - [round 30] pick 3/5: CCn1ncc(C2=NOC(C(=O)Nc3ccccc3C(=O)OC)C2)c1C | UCB=2.317 | mu=0.3079 | std=0.8984 | f=0.5311
2025-10-12 10:15:39,352 - INFO - [round 30] pick 4/5: C=CC(C)(C)N1CCC23c4c5ccc(O)c4OC2C(O)C=CC3C1C5 | UCB=2.291 | mu=0.1924 | std=0.9387 | f=0.005705
2025-10-12 10:15:39,466 - INFO - [round 30] pick 5/5: C1#Cc2ccccc2C#CCNCC1 | UCB=2.302 | mu=0.197 | std=0.9412 | f=0.1288
2025-10-12 10:15:39,581 - INFO - Round 30 done in 92.95s; train size=165
2025-10-12 10:15:39,581 - INFO - 
--- Round 31 | trial=4 | sqrt_beta=2.2361 (beta=5.0000) | rho=0.70 | train size=165 ---
2025-10-12 10:17:10,966 - INFO - [round 31] pick 1/5: O=C(O)c1cc2n(n1)C(C(=O)O)Nc1ccccc1-2 | UCB=2.331 | mu=0.2971 | std=0.9096 | f=0.4513
2025-10-12 10:17:11,084 - INFO - [round 31] pick 2/5: COc1cccc2c1C(=Cc1cccnc1)CC2 | UCB=2.312 | mu=0.2917 | std=0.9036 | f=0.3746
2025-10-12 10:17:11,204 - INFO - [round 31] pick 3/5: CC(N)Cn1ncc2ccc3oc(C(C)C)cc3c21 | UCB=2.309 | mu=0.2217 | std=0.9333 | f=0.3746
2025-10-12 10:17:11,325 - INFO - [round 31] pick 4/5: COC(=O)C1Cc2cncn2C(=O)N1 | UCB=2.293 | mu=0.195 | std=0.9383 | f=0.1363
2025-10-12 10:17:11,448 - INFO - [round 31] pick 5/5: Cc1nnsc1C1=NNC2SC(CCl)=NN12 | UCB=2.262 | mu=0.1094 | std=0.9626 | f=0.2975
2025-10-12 10:17:11,571 - INFO - Round 31 done in 91.99s; train size=170
2025-10-12 10:17:11,572 - INFO - 
--- Round 32 | trial=4 | sqrt_beta=2.2361 (beta=5.0000) | rho=0.70 | train size=170 ---
2025-10-12 10:18:45,103 - INFO - [round 32] pick 1/5: CCn1ncc2c1C(=O)NC1c3ccccc3C(=O)N21 | UCB=2.329 | mu=0.3273 | std=0.8952 | f=0.1762
2025-10-12 10:18:45,227 - INFO - [round 32] pick 2/5: Brc1cccc(C2CN3C=CSC3=N2)c1 | UCB=2.316 | mu=0.2336 | std=0.9311 | f=0.3162
2025-10-12 10:18:45,353 - INFO - [round 32] pick 3/5: O=C(OC1CC2COCC(C1)N2)c1cn(-c2cccnn2)c2ccccc12 | UCB=2.313 | mu=0.2564 | std=0.9198 | f=0.007197
2025-10-12 10:18:45,480 - INFO - [round 32] pick 4/5: CNC(C)C(O)=Nc1ccc2c(n1)CN(C(C)C)C(O)=N2 | UCB=2.29 | mu=0.1848 | std=0.9417 | f=0.1154
2025-10-12 10:18:45,609 - INFO - [round 32] pick 5/5: C[n+]1ccc2cc[nH]c2c1 | UCB=2.288 | mu=0.1699 | std=0.9472 | f=0.1187
2025-10-12 10:18:45,739 - INFO - Round 32 done in 94.17s; train size=175
2025-10-12 10:18:45,739 - INFO - 
--- Round 33 | trial=4 | sqrt_beta=2.2361 (beta=5.0000) | rho=0.70 | train size=175 ---
2025-10-12 10:20:23,757 - INFO - [round 33] pick 1/5: CC1=NC=CC(c2c(C)sc3ccccc23)N1 | UCB=2.317 | mu=0.2902 | std=0.9063 | f=0.4344
2025-10-12 10:20:23,889 - INFO - [round 33] pick 2/5: CCS(=O)(=O)Nc1cccc(C2=NN(S(=O)(=O)CC)C(c3cccs3)C2)c1 | UCB=2.316 | mu=0.2577 | std=0.9205 | f=0.3892
2025-10-12 10:20:24,024 - INFO - [round 33] pick 3/5: c1cn2ccc3cc4c(nc3c2n1)CCCC4 | UCB=2.293 | mu=0.2119 | std=0.9309 | f=0.1071
2025-10-12 10:20:24,161 - INFO - [round 33] pick 4/5: O=C(C=Cc1cccnc1)OC1CC(O)(C(=O)O)CC(O)C1O | UCB=2.271 | mu=0.1845 | std=0.9329 | f=0.1274
2025-10-12 10:20:24,299 - INFO - [round 33] pick 5/5: On1nnc2cc(Cc3nn[nH]n3)ccc21 | UCB=2.286 | mu=0.1866 | std=0.9389 | f=0.312
2025-10-12 10:20:24,438 - INFO - Round 33 done in 98.70s; train size=180
2025-10-12 10:20:24,439 - INFO - 
--- Round 34 | trial=4 | sqrt_beta=2.2361 (beta=5.0000) | rho=0.70 | train size=180 ---
2025-10-12 10:22:03,886 - INFO - [round 34] pick 1/5: CS(=O)(=O)Nc1cc2c3ccccc3nc-2c[nH]1 | UCB=2.324 | mu=0.3308 | std=0.8913 | f=0.4175
2025-10-12 10:22:04,026 - INFO - [round 34] pick 2/5: CC(=O)N1N=C(c2ccco2)CC1c1ccc(Cl)o1 | UCB=2.314 | mu=0.2695 | std=0.9145 | f=0.3991
2025-10-12 10:22:04,169 - INFO - [round 34] pick 3/5: COCC1c2c(cnn2C)CCN1Cc1ccsc1 | UCB=2.293 | mu=0.2181 | std=0.928 | f=0.3581
2025-10-12 10:22:04,312 - INFO - [round 34] pick 4/5: CC(=O)OCC(OC(C)=O)C(OC(C)=O)C(OC(C)=O)C(OC(C)=O)c1nc2c3cnn(-c4ncnc5sc6c(c45)-c4ccccc4CC6)c3ncn2n1 | UCB=2.286 | mu=0.1832 | std=0.9404 | f=4.369e-08
2025-10-12 10:22:04,458 - INFO - [round 34] pick 5/5: CSC1=NS(=O)(=O)c2c(C)nn(C)c2S1 | UCB=2.272 | mu=0.1377 | std=0.9546 | f=0.1125
2025-10-12 10:22:04,605 - INFO - Round 34 done in 100.17s; train size=185
2025-10-12 10:22:04,605 - INFO - 
--- Round 35 | trial=4 | sqrt_beta=2.2361 (beta=5.0000) | rho=0.70 | train size=185 ---
2025-10-12 10:23:45,761 - INFO - [round 35] pick 1/5: CNC(=S)N1N=C(c2ccc(OC)cc2)CC1c1ccc[nH]1 | UCB=2.325 | mu=0.3246 | std=0.8945 | f=0.3841
2025-10-12 10:23:45,910 - INFO - [round 35] pick 2/5: CN1C(=O)CSC1=Cc1nc2ccccc2[nH]1 | UCB=2.322 | mu=0.3232 | std=0.8939 | f=0.4082
2025-10-12 10:23:46,061 - INFO - [round 35] pick 3/5: c1coc(-c2nnc(CN(Cc3cccs3)CC3CCCO3)o2)c1 | UCB=2.302 | mu=0.2209 | std=0.9307 | f=0.1276
2025-10-12 10:23:46,213 - INFO - [round 35] pick 4/5: FC(F)(F)c1cc(Br)cc(NCc2cnc[nH]2)c1 | UCB=2.285 | mu=0.1672 | std=0.9471 | f=0.1076
2025-10-12 10:23:46,367 - INFO - [round 35] pick 5/5: NC1Cc2ccc(S(N)(=O)=O)cc2C1 | UCB=2.289 | mu=0.2089 | std=0.9302 | f=0.1256
2025-10-12 10:23:46,523 - INFO - Round 35 done in 101.92s; train size=190
2025-10-12 10:23:46,523 - INFO - 
--- Round 36 | trial=4 | sqrt_beta=2.2361 (beta=5.0000) | rho=0.70 | train size=190 ---
2025-10-12 10:25:29,736 - INFO - [round 36] pick 1/5: COC(=O)C(C)=Cc1cc(=O)[nH]nc1-c1ccccc1 | UCB=2.324 | mu=0.3236 | std=0.8947 | f=0.177
2025-10-12 10:25:29,894 - INFO - [round 36] pick 2/5: CCn1cc2c(Br)cccc2n1 | UCB=2.309 | mu=0.2656 | std=0.9137 | f=0.134
2025-10-12 10:25:30,054 - INFO - [round 36] pick 3/5: O=C1COc2ccc(C3=Nn4cnnc4SC3)cc2N1 | UCB=2.306 | mu=0.2314 | std=0.9276 | f=0.1295
2025-10-12 10:25:30,215 - INFO - [round 36] pick 4/5: Clc1ccc(OCC2C=CCN2)cn1 | UCB=2.305 | mu=0.2291 | std=0.9284 | f=0.135
2025-10-12 10:25:30,378 - INFO - [round 36] pick 5/5: CNP1(NC)=NP(NC)(NC)=NP(NC)(N2CC2)=N1 | UCB=2.242 | mu=0.05126 | std=0.9796 | f=0.05699
2025-10-12 10:25:30,541 - INFO - Round 36 done in 104.02s; train size=195
2025-10-12 10:25:30,541 - INFO - 
--- Round 37 | trial=4 | sqrt_beta=2.2361 (beta=5.0000) | rho=0.70 | train size=195 ---
2025-10-12 10:27:18,686 - INFO - [round 37] pick 1/5: COc1cccc(C2CC(c3cccs3)Nc3ncnn32)c1 | UCB=2.315 | mu=0.2989 | std=0.9018 | f=0.1357
2025-10-12 10:27:18,851 - INFO - [round 37] pick 2/5: CC1=NN(C(N)=S)C(=O)C1N=Nc1ccccc1C(=O)O | UCB=2.309 | mu=0.2745 | std=0.9097 | f=0.1675
2025-10-12 10:27:19,018 - INFO - [round 37] pick 3/5: Cn1cncc1-c1cc2cc3c(cc2o1)OC(C(C)(C)O)C3 | UCB=2.292 | mu=0.2261 | std=0.9238 | f=0.1231
2025-10-12 10:27:19,187 - INFO - [round 37] pick 4/5: CN(C)CCOC(=O)C1=CC2=C3CSCCC3=NC2C=C1 | UCB=2.279 | mu=0.1702 | std=0.9432 | f=0.4013
2025-10-12 10:27:19,358 - INFO - [round 37] pick 5/5: CC1(C)OCc2c(Nc3nsc4ccccc34)nc(-c3cn[nH]c3)nc21 | UCB=2.3 | mu=0.2421 | std=0.9201 | f=0.006897
2025-10-12 10:27:19,530 - INFO - Round 37 done in 108.99s; train size=200
2025-10-12 10:27:19,530 - INFO - 
--- Round 38 | trial=4 | sqrt_beta=2.2361 (beta=5.0000) | rho=0.70 | train size=200 ---
2025-10-12 10:29:08,186 - INFO - [round 38] pick 1/5: CCOC(=O)C1Nc2ccccc2Sn2c(Br)ccc21 | UCB=2.306 | mu=0.294 | std=0.8998 | f=0.4907
2025-10-12 10:29:08,360 - INFO - [round 38] pick 2/5: CCS(=O)(=O)c1ccc2c(c1)nc(CCC(C)C)n2CC1CC1 | UCB=2.294 | mu=0.235 | std=0.9206 | f=0.4082
2025-10-12 10:29:08,536 - INFO - [round 38] pick 3/5: COc1cc2ccnc3cc[nH]c(OC)c1-c23 | UCB=2.285 | mu=0.2231 | std=0.9222 | f=0.3949
2025-10-12 10:29:08,715 - INFO - [round 38] pick 4/5: NNC1=Nc2ccc(Cl)cc2C(=S)N2CSCC12 | UCB=2.288 | mu=0.2091 | std=0.9298 | f=0.3504
2025-10-12 10:29:08,896 - INFO - [round 38] pick 5/5: O=c1sc2c(s1)SSSSS2 | UCB=2.239 | mu=0.04274 | std=0.9823 | f=0.0718
2025-10-12 10:29:09,077 - INFO - Round 38 done in 109.55s; train size=205
2025-10-12 10:29:09,077 - INFO - 
--- Round 39 | trial=4 | sqrt_beta=2.2361 (beta=5.0000) | rho=0.70 | train size=205 ---
2025-10-12 10:31:00,856 - INFO - [round 39] pick 1/5: CCOC(=O)C1=C(Nc2ccccc2OC)N=CN2CCN=C12 | UCB=2.312 | mu=0.3025 | std=0.8988 | f=0.5153
2025-10-12 10:31:01,040 - INFO - [round 39] pick 2/5: CN(C)CCSc1nc2cccc3cccc([nH]1)c32 | UCB=2.307 | mu=0.2588 | std=0.9158 | f=0.4101
2025-10-12 10:31:01,225 - INFO - [round 39] pick 3/5: CS(=O)(=O)NCc1nc2cnc3[nH]ccc3c2n1C1CCCSC1 | UCB=2.297 | mu=0.2236 | std=0.9274 | f=0.1245
2025-10-12 10:31:01,411 - INFO - [round 39] pick 4/5: Cc1cc(C)c2c(c1)NS(=O)S2 | UCB=2.277 | mu=0.1524 | std=0.9502 | f=0.1226
2025-10-12 10:31:01,599 - INFO - [round 39] pick 5/5: CC(C)(C)n1cc2c(c1)SSc1cn(C(C)(C)C)cc1SS2 | UCB=2.267 | mu=0.1354 | std=0.9532 | f=0.2955
2025-10-12 10:31:01,789 - INFO - Round 39 done in 112.71s; train size=210
