2025-10-14 10:08:49,901 - INFO - 
--- Round 0 | trial=6 | sqrt_beta=0.7071 (beta=0.5000) | rho=0.70 | train size=10 ---
2025-10-14 10:09:00,843 - INFO - [round 0] pick 1/5: O=C(OCCCN1C(=O)c2ccccc2C1=O)c1ccco1 | UCB=0.8231 | mu=0.1748 | std=0.9167 | f=0.299
2025-10-14 10:09:00,844 - INFO - [round 0] pick 2/5: Cc1ccccc1C(=O)NC(C(=O)N1CCC(c2ccc(Cl)cc2)CC1)C(C)(C)C | UCB=0.8167 | mu=0.1648 | std=0.9219 | f=0.3863
2025-10-14 10:09:00,845 - INFO - [round 0] pick 3/5: COc1ccc(CNC(=O)NC(CC(C)C)C(=O)NO)cc1 | UCB=0.8082 | mu=0.1492 | std=0.9321 | f=0.1468
2025-10-14 10:09:00,846 - INFO - [round 0] pick 4/5: Cc1ccc(NC(=O)C2C(=O)N(C)C(=O)N(C)C2=O)cc1C | UCB=0.7951 | mu=0.1125 | std=0.9654 | f=0.1123
2025-10-14 10:09:00,847 - INFO - [round 0] pick 5/5: CC1=CC(C)(C)Nc2cc3c(cc21)-c1cccc(F)c1C3 | UCB=0.7828 | mu=0.09963 | std=0.9661 | f=0.1782
2025-10-14 10:09:00,849 - INFO - Round 0 done in 10.95s; train size=15
2025-10-14 10:09:00,849 - INFO - 
--- Round 1 | trial=6 | sqrt_beta=0.7071 (beta=0.5000) | rho=0.70 | train size=15 ---
2025-10-14 10:09:14,228 - INFO - [round 1] pick 1/5: Cc1ccccc1C(=O)Nc1sc2c(c1C(=O)NCc1ccco1)CCC(C(C)(C)C)C2 | UCB=0.8497 | mu=0.2033 | std=0.9142 | f=0.1222
2025-10-14 10:09:14,230 - INFO - [round 1] pick 2/5: O=C1CC(c2ccc(Cl)cc2)n2nc(N3C(=O)c4ccccc4C3=O)nc2N1 | UCB=0.8363 | mu=0.1853 | std=0.9206 | f=0.07483
2025-10-14 10:09:14,231 - INFO - [round 1] pick 3/5: Cc1c(CC(C)C)c(=O)on1C(=O)N1CCC(c2ccccc2)CC1 | UCB=0.8383 | mu=0.19 | std=0.917 | f=0.3825
2025-10-14 10:09:14,233 - INFO - [round 1] pick 4/5: CC(C)(C)c1ccc(C(=O)NC(=O)COC(=O)c2ccco2)cc1 | UCB=0.8352 | mu=0.1909 | std=0.9113 | f=0.3636
2025-10-14 10:09:14,235 - INFO - [round 1] pick 5/5: Cc1ccccc1C(=O)Oc1ccc(N(CCCl)CCCl)cc1 | UCB=0.8357 | mu=0.1849 | std=0.9205 | f=0.25
2025-10-14 10:09:14,237 - INFO - Round 1 done in 13.39s; train size=20
2025-10-14 10:09:14,237 - INFO - 
--- Round 2 | trial=6 | sqrt_beta=0.7071 (beta=0.5000) | rho=0.70 | train size=20 ---
2025-10-14 10:09:30,669 - INFO - [round 2] pick 1/5: CC(=O)NC(Cc1ccccc1C)C(=O)NC1CCN(C(=O)c2cccc(C)c2)CC1 | UCB=0.8601 | mu=0.2231 | std=0.901 | f=0.4232
2025-10-14 10:09:30,671 - INFO - [round 2] pick 2/5: Cc1c(N(C)C(=O)c2ccco2)c(=O)n(-c2ccccc2)n1C | UCB=0.8532 | mu=0.2177 | std=0.8987 | f=0.09233
2025-10-14 10:09:30,673 - INFO - [round 2] pick 3/5: CC(NC(=O)c1ccc(C(C)(C)C)cc1)C(c1cccs1)N1CCOCC1 | UCB=0.8501 | mu=0.2045 | std=0.913 | f=0.3371
2025-10-14 10:09:30,676 - INFO - [round 2] pick 4/5: COc1ccccc1C(=O)NC(=O)COC(=O)CN1C(=O)NC(C)(C)C1=O | UCB=0.8423 | mu=0.1889 | std=0.9241 | f=0.139
2025-10-14 10:09:30,678 - INFO - [round 2] pick 5/5: Fc1ccc(CCCN2CCC(c3ccc(F)cc3)CC2)cc1 | UCB=0.8268 | mu=0.1647 | std=0.9364 | f=0.2943
2025-10-14 10:09:30,681 - INFO - Round 2 done in 16.44s; train size=25
2025-10-14 10:09:30,681 - INFO - 
--- Round 3 | trial=6 | sqrt_beta=0.7071 (beta=0.5000) | rho=0.70 | train size=25 ---
2025-10-14 10:09:50,377 - INFO - [round 3] pick 1/5: CS(=O)(=O)Nc1cccc(C(=O)N2CCC(C(=O)c3ccc(F)cc3)CC2)c1 | UCB=0.8872 | mu=0.2503 | std=0.9008 | f=0.3589
2025-10-14 10:09:50,380 - INFO - [round 3] pick 2/5: CC(C)CC(C(=O)NC(Cc1ccc(OC(=O)c2ccccc2)cc1)C(=O)NC(C)(C)C)N1CCOCC1 | UCB=0.8769 | mu=0.2591 | std=0.8737 | f=0.4056
2025-10-14 10:09:50,383 - INFO - [round 3] pick 3/5: CCc1cc(C)c(-c2nnc(CCOC)[nH]2)cc1C(=O)N1CCC(c2ccc(C#N)cc2)CC1 | UCB=0.8602 | mu=0.2137 | std=0.9143 | f=0.1314
2025-10-14 10:09:50,387 - INFO - [round 3] pick 4/5: Cc1ccccc1CC(C)N | UCB=0.8338 | mu=0.1698 | std=0.9391 | f=0.08396
2025-10-14 10:09:50,391 - INFO - [round 3] pick 5/5: Cc1cccc(C2CCC(N3CCC(NC(=O)CNC(=O)c4cccc(C(F)(F)F)c4)CC3)CC2)c1 | UCB=0.8694 | mu=0.2138 | std=0.9271 | f=0.3616
2025-10-14 10:09:50,395 - INFO - Round 3 done in 19.71s; train size=30
2025-10-14 10:09:50,395 - INFO - 
--- Round 4 | trial=6 | sqrt_beta=0.7071 (beta=0.5000) | rho=0.70 | train size=30 ---
2025-10-14 10:10:13,360 - INFO - [round 4] pick 1/5: Cc1ccc(NC(=S)N2CCC(NC(=O)c3cccc(F)c3)CC2)cc1 | UCB=0.9031 | mu=0.2817 | std=0.8789 | f=0.3269
2025-10-14 10:10:13,364 - INFO - [round 4] pick 2/5: CC(C)CNC(=O)CN1CN(c2ccccc2)C2(CCN(C(=O)c3ccc(C(C)(C)C)cc3)CC2)C1=O | UCB=0.8968 | mu=0.2733 | std=0.8817 | f=0.3705
2025-10-14 10:10:13,369 - INFO - [round 4] pick 3/5: CC(=O)c1cccc(OC(=O)c2cc(S(=O)(=O)N3CCOCC3)ccc2N2CCCC2)c1 | UCB=0.879 | mu=0.2236 | std=0.9268 | f=0.3424
2025-10-14 10:10:13,374 - INFO - [round 4] pick 4/5: NC(=O)C1CCN(C(=O)NC(Cc2ccccc2)C(F)(F)F)CC1 | UCB=0.8831 | mu=0.2386 | std=0.9115 | f=0.1385
2025-10-14 10:10:13,379 - INFO - [round 4] pick 5/5: CC(C)CC(NC(=O)c1ccc2c(c1)OCO2)C(=O)NC1CCN(Cc2ccc(OCCCN(C)C)cc2)C1 | UCB=0.881 | mu=0.2382 | std=0.9091 | f=0.399
2025-10-14 10:10:13,384 - INFO - Round 4 done in 22.99s; train size=35
2025-10-14 10:10:13,384 - INFO - 
--- Round 5 | trial=6 | sqrt_beta=0.7071 (beta=0.5000) | rho=0.70 | train size=35 ---
2025-10-14 10:10:38,296 - INFO - [round 5] pick 1/5: Cc1cccc(C(=O)NC(C(=O)Nc2cccc(S(=O)(=O)N3CCCC3)c2)C(C)C)c1 | UCB=0.9204 | mu=0.3035 | std=0.8724 | f=0.393
2025-10-14 10:10:38,302 - INFO - [round 5] pick 2/5: O=C(c1ccc(CNc2c(N3CCOCC3)c(=O)c2=O)cc1)N1CCC(c2ccccc2)CC1 | UCB=0.9071 | mu=0.2945 | std=0.8664 | f=0.1186
2025-10-14 10:10:38,308 - INFO - [round 5] pick 3/5: CC(=O)NC(Cc1ccc(OP(=O)(O)O)cc1)C(=O)NC1CCCCN(Cc2ccc(C(C)(C)C)cc2)C1=O | UCB=0.908 | mu=0.2851 | std=0.8809 | f=0.4229
2025-10-14 10:10:38,314 - INFO - [round 5] pick 4/5: O=C(NCC(c1ccc2c(c1)OCO2)N1CCOCC1)c1ccc(F)cc1 | UCB=0.9013 | mu=0.2677 | std=0.8959 | f=0.2949
2025-10-14 10:10:38,321 - INFO - [round 5] pick 5/5: CC(C)CC(NC(=O)c1[nH]cnc1C(=O)NC1CCN(C(=O)OC(C)(C)C)CC1)C(=O)OC(C)(C)C | UCB=0.8641 | mu=0.2031 | std=0.9348 | f=0.1651
2025-10-14 10:10:38,328 - INFO - Round 5 done in 24.94s; train size=40
2025-10-14 10:10:38,329 - INFO - 
--- Round 6 | trial=6 | sqrt_beta=0.7071 (beta=0.5000) | rho=0.70 | train size=40 ---
2025-10-14 10:11:05,533 - INFO - [round 6] pick 1/5: CC(=O)NC(Cc1ccc(F)c(F)c1)C(=O)NC1CCN(S(=O)(=O)c2ccc(C)cc2)CC1 | UCB=0.9309 | mu=0.3277 | std=0.8531 | f=0.3859
2025-10-14 10:11:05,541 - INFO - [round 6] pick 2/5: CC(C)(C)c1ccc(C(=O)NNC(=O)c2cccc(Br)c2)cc1 | UCB=0.9077 | mu=0.3051 | std=0.8521 | f=0.284
2025-10-14 10:11:05,549 - INFO - [round 6] pick 3/5: CC(C)NC(=O)NC1c2ccccc2-c2ccc(OCCN3CCCCC3)cc21 | UCB=0.9032 | mu=0.2636 | std=0.9045 | f=0.3849
2025-10-14 10:11:05,557 - INFO - [round 6] pick 4/5: CC(C)CC(COCc1cccc(C(F)(F)F)c1)N1CCN(C(=O)c2cccc(C(F)(F)F)c2)CCC1=O | UCB=0.8953 | mu=0.2507 | std=0.9116 | f=0.3386
2025-10-14 10:11:05,566 - INFO - [round 6] pick 5/5: CSc1ccc(OP(=O)(Oc2ccc(SC)cc2)C(C)NC(=O)C2CCCN2C(=O)C(NC(=O)OC(C)(C)C)C(C)C)cc1 | UCB=0.891 | mu=0.241 | std=0.9192 | f=0.397
2025-10-14 10:11:05,576 - INFO - Round 6 done in 27.25s; train size=45
2025-10-14 10:11:05,576 - INFO - 
--- Round 7 | trial=6 | sqrt_beta=0.7071 (beta=0.5000) | rho=0.70 | train size=45 ---
2025-10-14 10:11:37,534 - INFO - [round 7] pick 1/5: CCN(c1ccc(NC(=O)COC(=O)c2ccc(S(=O)(=O)N3CCCC3)cc2)cc1)C(C)C | UCB=0.9343 | mu=0.3225 | std=0.8652 | f=0.4256
2025-10-14 10:11:37,544 - INFO - [round 7] pick 2/5: CC(=O)NC(C)Cc1ccc(C#Cc2cccc(C(=O)N3CCN(C(C)C)CC3)c2)cc1 | UCB=0.9291 | mu=0.308 | std=0.8783 | f=0.3658
2025-10-14 10:11:37,554 - INFO - [round 7] pick 3/5: CC(NC(=O)c1ccco1)C(=O)N1CCCN(CCCOc2ccc(-c3noc(C(C)NC(=O)OC(C)(C)C)n3)c(F)c2)CC1 | UCB=0.9135 | mu=0.273 | std=0.9058 | f=0.1528
2025-10-14 10:11:37,565 - INFO - [round 7] pick 4/5: CC(C)(C)c1ccc(Oc2cccc(C3SCC(=O)N3C(CO)C(=O)O)c2)cc1 | UCB=0.9052 | mu=0.276 | std=0.8898 | f=0.3321
2025-10-14 10:11:37,576 - INFO - [round 7] pick 5/5: CC(C)C(=O)NC1CCN(C(c2ccc(C(F)(F)F)cc2)c2cnccn2)CC1 | UCB=0.9028 | mu=0.2627 | std=0.9053 | f=0.3549
2025-10-14 10:11:37,587 - INFO - Round 7 done in 32.01s; train size=50
2025-10-14 10:11:37,587 - INFO - 
--- Round 8 | trial=6 | sqrt_beta=0.7071 (beta=0.5000) | rho=0.70 | train size=50 ---
2025-10-14 10:12:10,841 - INFO - [round 8] pick 1/5: CC(C)Oc1ccc(NC(=O)C2CC3CCC2N(S(=O)(=O)c2ccc(C(C)(C)C)cc2)C3)cc1 | UCB=0.9446 | mu=0.3231 | std=0.879 | f=0.4126
2025-10-14 10:12:10,854 - INFO - [round 8] pick 2/5: CC(NC(=O)Cc1ccc(C(=O)O)cc1)c1cccc(N2CCCCC2)c1 | UCB=0.9327 | mu=0.3123 | std=0.8773 | f=0.4066
2025-10-14 10:12:10,866 - INFO - [round 8] pick 3/5: CCC(=O)N1CCc2cc(S(=O)(=O)NC(C(=O)NC3CCCc4ccccc43)C(C)C)ccc21 | UCB=0.9262 | mu=0.2923 | std=0.8966 | f=0.4211
2025-10-14 10:12:10,879 - INFO - [round 8] pick 4/5: CC(C)C(CNc1ccc(OC(F)(F)F)cc1)NC(=O)C(CC(=O)N1CCOCC1)c1ccc(C(F)(F)F)cc1 | UCB=0.9322 | mu=0.3067 | std=0.8845 | f=0.3525
2025-10-14 10:12:10,893 - INFO - [round 8] pick 5/5: CC1(C)C2CC3OB(C(CCCCN)NC(=O)C4CCCN4C(=O)c4cccc(Cc5ccc6c(c5)OCO6)c4)OC3(C)C1C2 | UCB=0.889 | mu=0.2352 | std=0.9247 | f=0.4035
2025-10-14 10:12:10,907 - INFO - Round 8 done in 33.32s; train size=55
2025-10-14 10:12:10,907 - INFO - 
--- Round 9 | trial=6 | sqrt_beta=0.7071 (beta=0.5000) | rho=0.70 | train size=55 ---
2025-10-14 10:12:48,217 - INFO - [round 9] pick 1/5: CC(C)(C)c1ccc(-c2ccc(S(=O)(=O)N3CCCC3C(=O)NC(C#N)CC(N)=O)cc2)cc1 | UCB=0.9496 | mu=0.3405 | std=0.8613 | f=0.3832
2025-10-14 10:12:48,232 - INFO - [round 9] pick 2/5: CC(C)C(C)C(=O)N1CCC(Oc2ccc(NC(=O)N3Cc4ccccc4C3)cc2)CC1 | UCB=0.9414 | mu=0.3241 | std=0.873 | f=0.417
2025-10-14 10:12:48,247 - INFO - [round 9] pick 3/5: CCOC(=O)c1ccc(N2CCCCC2)c(NS(=O)(=O)c2cccc(C(F)(F)F)c2)c1 | UCB=0.9409 | mu=0.3244 | std=0.8718 | f=0.393
2025-10-14 10:12:48,263 - INFO - [round 9] pick 4/5: CC(C)Cc1ccc(CN2CCCC(NC(=O)c3cccc(-n4cnnc4)c3)C2)cc1 | UCB=0.9336 | mu=0.3072 | std=0.8859 | f=0.1305
2025-10-14 10:12:48,279 - INFO - [round 9] pick 5/5: CC(C)CC(O)C(=O)N(CCN1C2CCC1CC(c1cccc(C(N)=O)c1)C2)Cc1c(F)cccc1F | UCB=0.9214 | mu=0.2771 | std=0.9112 | f=0.4191
2025-10-14 10:12:48,296 - INFO - Round 9 done in 37.39s; train size=60
2025-10-14 10:12:48,296 - INFO - 
--- Round 10 | trial=6 | sqrt_beta=0.7071 (beta=0.5000) | rho=0.70 | train size=60 ---
2025-10-14 10:13:27,880 - INFO - [round 10] pick 1/5: CC(C)CN(c1ccc(F)cc1)S(=O)(=O)c1ccc(OC2CCN(S(C)(=O)=O)CC2)cc1 | UCB=0.9546 | mu=0.3402 | std=0.8689 | f=0.3573
2025-10-14 10:13:27,898 - INFO - [round 10] pick 2/5: CC(C)c1ccc(NC(=O)COC(=O)C2CCCN2C(=O)c2cccs2)cc1 | UCB=0.9485 | mu=0.3231 | std=0.8844 | f=0.4472
2025-10-14 10:13:27,916 - INFO - [round 10] pick 3/5: CC(C)NCc1ccc2c(c1)CCCC2NC(=O)CC1CCCCN1S(=O)(=O)c1cccc(C(F)(F)F)c1 | UCB=0.9419 | mu=0.3241 | std=0.8738 | f=0.4056
2025-10-14 10:13:27,935 - INFO - [round 10] pick 4/5: CC(C)C(NC(=O)c1ccc(Cl)cc1)C(=O)N1CCC(N)(c2ccc(Cl)cc2)C(C)(C)C1 | UCB=0.9312 | mu=0.3032 | std=0.8881 | f=0.3586
2025-10-14 10:13:27,954 - INFO - [round 10] pick 5/5: CC(OC(=O)c1ccc2c(c1)OCO2)C(=O)NC1CCCCC1 | UCB=0.9069 | mu=0.2675 | std=0.9042 | f=0.1652
2025-10-14 10:13:27,974 - INFO - Round 10 done in 39.68s; train size=65
2025-10-14 10:13:27,974 - INFO - 
--- Round 11 | trial=6 | sqrt_beta=0.7071 (beta=0.5000) | rho=0.70 | train size=65 ---
2025-10-14 10:14:10,178 - INFO - [round 11] pick 1/5: Cc1ccc(S(=O)(=O)N2CCC(C(=O)OCC(=O)NC(C)c3ccc(F)cc3)CC2)cc1C | UCB=0.9531 | mu=0.3607 | std=0.8379 | f=0.417
2025-10-14 10:14:10,199 - INFO - [round 11] pick 2/5: CC(=O)Nc1ccc(OP(=O)(Oc2ccc(NC(C)=O)cc2)C2CCCN2C(=O)C(N)CCCCN)cc1 | UCB=0.9481 | mu=0.3183 | std=0.8908 | f=0.415
2025-10-14 10:14:10,221 - INFO - [round 11] pick 3/5: CC(C)CC1(C(=O)NC(C)C)CC(C(=O)O)C(c2cccs2)N1C(=O)c1ccc(C(F)(F)F)cc1 | UCB=0.9428 | mu=0.3134 | std=0.8902 | f=0.4126
2025-10-14 10:14:10,243 - INFO - [round 11] pick 4/5: CC(C)c1ccc(NC(=O)C(CC(=O)c2cccc3c2CCCC3)N2CCN(C)CC2)cc1 | UCB=0.952 | mu=0.3278 | std=0.8828 | f=0.3922
2025-10-14 10:14:10,266 - INFO - [round 11] pick 5/5: CC(=O)NC(Cc1cc(F)cc(F)c1)C(O)CNC1(c2cccc(C(C)(C)C)c2)CCCN(O)C1 | UCB=0.9208 | mu=0.2751 | std=0.9131 | f=0.3476
2025-10-14 10:14:10,289 - INFO - Round 11 done in 42.32s; train size=70
2025-10-14 10:14:10,289 - INFO - 
--- Round 12 | trial=6 | sqrt_beta=0.7071 (beta=0.5000) | rho=0.70 | train size=70 ---
2025-10-14 10:14:54,715 - INFO - [round 12] pick 1/5: CC(C)c1ccc(CC(=O)N2CCC2(C)C(=O)NS(=O)(=O)c2ccc(F)cc2F)cc1 | UCB=0.9629 | mu=0.3427 | std=0.8772 | f=0.351
2025-10-14 10:14:54,740 - INFO - [round 12] pick 2/5: O=C(Nc1ccc(C(F)(F)F)cc1)NS(=O)(=O)c1ccc(OCCCCN2CCCCC2)cc1 | UCB=0.9554 | mu=0.3524 | std=0.8529 | f=0.3476
2025-10-14 10:14:54,764 - INFO - [round 12] pick 3/5: CC(=O)c1cccc(NC(=O)N2CCCC2C(=O)Nc2cc(C)ccc2C)c1 | UCB=0.9532 | mu=0.3397 | std=0.8677 | f=0.405
2025-10-14 10:14:54,790 - INFO - [round 12] pick 4/5: CC(C)CC(NC(=O)CN(C)C)c1cc(C(F)(F)F)ccc1N1CCN(C(=O)C2CN(C(C)C)CC2c2ccc(Cl)cc2)CC1 | UCB=0.9478 | mu=0.3206 | std=0.887 | f=0.3667
2025-10-14 10:14:54,816 - INFO - [round 12] pick 5/5: CCCC(C(=O)NNC(=O)C(CC(N)=O)CC(C)C)C(CC(C)C)C(=O)NC1CCCCN(Cc2cccc(Oc3ccccc3)c2)C1=O | UCB=0.9335 | mu=0.299 | std=0.8973 | f=0.4433
2025-10-14 10:14:54,843 - INFO - Round 12 done in 44.55s; train size=75
2025-10-14 10:14:54,843 - INFO - 
--- Round 13 | trial=6 | sqrt_beta=0.7071 (beta=0.5000) | rho=0.70 | train size=75 ---
2025-10-14 10:15:42,656 - INFO - [round 13] pick 1/5: CC(NC(=O)C1(NC(=O)c2cc(F)cc(C(F)(F)F)c2)CC1)c1ccc(C(=O)N2C(C)CCC2C)cc1 | UCB=0.962 | mu=0.34 | std=0.8797 | f=0.4138
2025-10-14 10:15:42,684 - INFO - [round 13] pick 2/5: CCC(C)NC(=O)Cc1ccc(NC(=O)N2CCCCc3ccccc32)cc1 | UCB=0.9575 | mu=0.3547 | std=0.8525 | f=0.4019
2025-10-14 10:15:42,713 - INFO - [round 13] pick 3/5: CC(C)C1CCN(C(=O)C(CCCN=C(N)N)NS(=O)(=O)c2ccc3cc(Cl)ccc3c2)C(C(=O)O)C1 | UCB=0.9501 | mu=0.3056 | std=0.9115 | f=0.4872
2025-10-14 10:15:42,742 - INFO - [round 13] pick 4/5: CCOC(=O)C1CCCN(C(=O)c2cccc(S(=O)(=O)N(C)c3ccc(OC)cc3)c2)C1 | UCB=0.9571 | mu=0.3467 | std=0.8632 | f=0.4201
2025-10-14 10:15:42,772 - INFO - [round 13] pick 5/5: C=C(C)C1CCC2C(CCC3(C)C(C(C)CCC(=O)Nc4ccc(F)cc4)CCC23)C1(C)CCC(=O)Nc1ccc(F)cc1 | UCB=0.9359 | mu=0.2916 | std=0.9112 | f=0.4021
2025-10-14 10:15:42,802 - INFO - Round 13 done in 47.96s; train size=80
2025-10-14 10:15:42,802 - INFO - 
--- Round 14 | trial=6 | sqrt_beta=0.7071 (beta=0.5000) | rho=0.70 | train size=80 ---
2025-10-14 10:16:34,453 - INFO - [round 14] pick 1/5: CC1CCCCN1C(=O)C(CCCN=C(N)N)NS(=O)(=O)c1cccc2c(N(C)C)cccc12 | UCB=0.9774 | mu=0.3528 | std=0.8832 | f=0.4423
2025-10-14 10:16:34,485 - INFO - [round 14] pick 2/5: CC(C)C(NC(=O)CN1CCC(NC(=O)c2ccc(C(=O)NS(=O)(=O)c3ccc(Cl)cc3)cc2)C1=O)C(=O)C(F)(F)F | UCB=0.9687 | mu=0.3491 | std=0.8763 | f=0.3589
2025-10-14 10:16:34,517 - INFO - [round 14] pick 3/5: CCOc1ccc(C(CC(=O)O)NC(=O)C2CCCN2S(=O)(=O)c2cc(Cl)cc(Cl)c2)cc1 | UCB=0.9706 | mu=0.3549 | std=0.8708 | f=0.4272
2025-10-14 10:16:34,551 - INFO - [round 14] pick 4/5: CC(C)C(CC(=O)C1Cc2ccc(C(N)=O)cc2CN1)CN1CCC(C)(c2cccc(O)c2)C(C)C1 | UCB=0.9588 | mu=0.3201 | std=0.9033 | f=0.3942
2025-10-14 10:16:34,585 - INFO - [round 14] pick 5/5: CC(C)Oc1ccc(NC(=O)N2CCCC2C(=O)N2CCC3C2C(C)C(=O)N3C(=O)C2CC2)cc1 | UCB=0.9541 | mu=0.3275 | std=0.8862 | f=0.1715
2025-10-14 10:16:34,620 - INFO - Round 14 done in 51.82s; train size=85
2025-10-14 10:16:34,620 - INFO - 
--- Round 15 | trial=6 | sqrt_beta=0.7071 (beta=0.5000) | rho=0.70 | train size=85 ---
2025-10-14 10:17:29,098 - INFO - [round 15] pick 1/5: CNC(=O)CCCC1CCN(C(=O)C(Cc2cccc(C(=N)N)c2)NS(=O)(=O)c2cccc(-c3ccc(C(C)C)cc3)c2)CC1 | UCB=0.9803 | mu=0.3602 | std=0.8771 | f=0.1497
2025-10-14 10:17:29,134 - INFO - [round 15] pick 2/5: CCC1(CC(=O)O)CC(c2cccc(Cl)c2)C(c2ccc(Cl)cc2)N(C(CS(=O)(=O)CCC(C)C)C2CC2)C1=O | UCB=0.9678 | mu=0.3368 | std=0.8924 | f=0.4201
2025-10-14 10:17:29,171 - INFO - [round 15] pick 3/5: CC1CCCCN1C(=O)c1ccc(C(=O)Nc2ccc(F)cc2)cc1 | UCB=0.9606 | mu=0.3698 | std=0.8355 | f=0.381
2025-10-14 10:17:29,208 - INFO - [round 15] pick 4/5: CCOC(=O)C=CC(CC(C)C)NC(=O)C(CC(C)C)NC(=O)C1Cc2ccccc2CN1C(=O)c1cccc(O)c1C | UCB=0.9541 | mu=0.3226 | std=0.8932 | f=0.4429
2025-10-14 10:17:29,246 - INFO - [round 15] pick 5/5: CCC(C)Oc1cc(N2CCC(Oc3ccc(C(C)NC(C)=O)cc3)C2)ccn1 | UCB=0.9566 | mu=0.3303 | std=0.8858 | f=0.3766
2025-10-14 10:17:29,286 - INFO - Round 15 done in 54.67s; train size=90
2025-10-14 10:17:29,286 - INFO - 
--- Round 16 | trial=6 | sqrt_beta=0.7071 (beta=0.5000) | rho=0.70 | train size=90 ---
2025-10-14 10:18:27,661 - INFO - [round 16] pick 1/5: CCOC(=O)C(CC(C)C)NC(=O)C1CCn2c(C(=O)c3ccccc3)ccc21 | UCB=0.9732 | mu=0.3645 | std=0.8609 | f=0.5164
2025-10-14 10:18:27,702 - INFO - [round 16] pick 2/5: CC(C)CCN(CCC(C)C)c1ccc(C(=O)N2CCc3ccc(O)cc3C2)cc1 | UCB=0.9673 | mu=0.3398 | std=0.8874 | f=0.3625
2025-10-14 10:18:27,743 - INFO - [round 16] pick 3/5: CCC(NC(=O)C1CC(S(=O)(=O)c2ccc(F)cc2Cl)CN1C(=O)C1(c2ccc(Cl)cc2)CC1)C(=O)C(=O)NC1CC1 | UCB=0.9666 | mu=0.3367 | std=0.8907 | f=0.4223
2025-10-14 10:18:27,786 - INFO - [round 16] pick 4/5: CCN(CC)C(=O)Nc1ccc(C(F)(F)F)cc1C(=O)NCC(=O)NC1CCCCC1CS(=O)(=O)c1ccc(SC)cc1 | UCB=0.9593 | mu=0.3303 | std=0.8896 | f=0.4344
2025-10-14 10:18:27,829 - INFO - [round 16] pick 5/5: CC(C)Nc1nc(C2CCCN2C(=O)C(O)C(O)C(=O)NC(C)c2ccc(-n3cccn3)cc2)cs1 | UCB=0.9459 | mu=0.3078 | std=0.9025 | f=0.1409
2025-10-14 10:18:27,873 - INFO - Round 16 done in 58.59s; train size=95
2025-10-14 10:18:27,873 - INFO - 
--- Round 17 | trial=6 | sqrt_beta=0.7071 (beta=0.5000) | rho=0.70 | train size=95 ---
2025-10-14 10:19:27,482 - INFO - [round 17] pick 1/5: CCS(=O)(=O)N1Cc2ccccc2CC1C(=O)OCC(=O)Nc1ccc(SC(F)F)cc1 | UCB=0.9764 | mu=0.3701 | std=0.8575 | f=0.378
2025-10-14 10:19:27,527 - INFO - [round 17] pick 2/5: CCOC(=O)C1CCCN(C(=O)CCC(=O)N(CC(C)(C)C)c2ccc(Cl)cc2C(O)c2cc(F)ccc2Cl)C1 | UCB=0.9647 | mu=0.3321 | std=0.8946 | f=0.4472
2025-10-14 10:19:27,573 - INFO - [round 17] pick 3/5: CC(=O)NC(C(=O)NC(C(=O)N1CC(OCc2cccc3ccccc23)CC1C(=O)NC1(C(=O)O)CC1C)C(C)C)C1CCCCC1 | UCB=0.962 | mu=0.3258 | std=0.8998 | f=0.4828
2025-10-14 10:19:27,621 - INFO - [round 17] pick 4/5: CCCS(=O)(=O)NCCOc1ccc2c(c1)C(C1(c3cccc(Cl)c3)CCC1)N(CCN)CC2 | UCB=0.952 | mu=0.3092 | std=0.909 | f=0.3476
2025-10-14 10:19:27,669 - INFO - [round 17] pick 5/5: CCN(CC)C(=O)c1ccc(N(c2cccc(SC)c2)C2CC3CCC(C2)N3C)cc1 | UCB=0.9497 | mu=0.3134 | std=0.8998 | f=0.3901
2025-10-14 10:19:27,718 - INFO - Round 17 done in 59.84s; train size=100
2025-10-14 10:19:27,718 - INFO - 
--- Round 18 | trial=6 | sqrt_beta=0.7071 (beta=0.5000) | rho=0.70 | train size=100 ---
2025-10-14 10:20:31,855 - INFO - [round 18] pick 1/5: CC(=O)NC(CS(=O)(=O)c1ccc(F)cc1)C(=O)NC(CSc1ccccc1)C(O)CN1CC2CCSC2CC1C(=O)NC(C)(C)C | UCB=0.9852 | mu=0.3578 | std=0.8872 | f=0.4351
2025-10-14 10:20:31,907 - INFO - [round 18] pick 2/5: CCNC(=O)C1CCCN1C(=O)C(Cc1ccc2ccccc2c1)NC(C)=O | UCB=0.9848 | mu=0.384 | std=0.8497 | f=0.4579
2025-10-14 10:20:31,958 - INFO - [round 18] pick 3/5: CN(C)CCOc1ccc(C(=O)N(CC(=O)Nc2cc(F)cc(F)c2)C2CCCCC2)cc1 | UCB=0.9677 | mu=0.3443 | std=0.8816 | f=0.4241
2025-10-14 10:20:32,011 - INFO - [round 18] pick 4/5: CC(C)c1cccc(C(C)C)c1OC(=O)NS(=O)(=O)N1CCc2ccccc21 | UCB=0.9644 | mu=0.3388 | std=0.8847 | f=0.3482
2025-10-14 10:20:32,066 - INFO - [round 18] pick 5/5: CCOP(=O)(OCC)C(CNc1ccc(NC(=S)NC(=O)C2(C)CCCC3(C)c4ccc(C(C)C)cc4CCC23)cc1)P(=O)(OCC)OCC | UCB=0.9503 | mu=0.3 | std=0.9196 | f=0.3933
2025-10-14 10:20:32,120 - INFO - Round 18 done in 64.40s; train size=105
2025-10-14 10:20:32,120 - INFO - 
--- Round 19 | trial=6 | sqrt_beta=0.7071 (beta=0.5000) | rho=0.70 | train size=105 ---
2025-10-14 10:21:37,372 - INFO - [round 19] pick 1/5: O=C(O)c1cc(F)c(CCNC(=O)C(CC(F)F)NC(=O)C2CC(c3ccccc3)CN2C(=O)CC2CCCC2)c(F)c1 | UCB=0.984 | mu=0.3549 | std=0.8897 | f=0.4737
2025-10-14 10:21:37,428 - INFO - [round 19] pick 2/5: CC(C)CC(CO)NC(=O)c1ccc(NC(=O)N2Cc3ccc(F)cc3C2)cc1 | UCB=0.976 | mu=0.3799 | std=0.8429 | f=0.3665
2025-10-14 10:21:37,485 - INFO - [round 19] pick 3/5: C=CCN(CC=C)C(=O)c1cccc(C(CCc2ccccc2)OC(=O)C2CCCCN2C(=O)C(=O)C(C)(C)CC)c1 | UCB=0.9807 | mu=0.35 | std=0.8919 | f=0.4357
2025-10-14 10:21:37,542 - INFO - [round 19] pick 4/5: CCC1CN2CCC1CC2C(O)c1cccc2ccc(OCCC(C)C)cc12 | UCB=0.9655 | mu=0.3296 | std=0.8994 | f=0.4347
2025-10-14 10:21:37,601 - INFO - [round 19] pick 5/5: CC(=O)N1c2ccc(S(=O)(=O)N3CCCC(C(=O)Nc4cccc(Cl)c4)C3)cc2CC1C | UCB=0.9743 | mu=0.3646 | std=0.8622 | f=0.378
2025-10-14 10:21:37,661 - INFO - Round 19 done in 65.54s; train size=110
2025-10-14 10:21:37,661 - INFO - 
--- Round 20 | trial=6 | sqrt_beta=0.7071 (beta=0.5000) | rho=0.70 | train size=110 ---
2025-10-14 10:22:45,281 - INFO - [round 20] pick 1/5: CCC(=O)N1CCC(Cc2ccc(F)cc2)CC1CCCNC(=O)Nc1cc(C(C)=O)cc(C(C)=O)c1 | UCB=0.9914 | mu=0.3669 | std=0.8832 | f=0.4096
2025-10-14 10:22:45,342 - INFO - [round 20] pick 2/5: CNC(C)C(=O)NC(C(=O)N1CCCC1C(=O)Nc1cccc2ccccc12)C1CCCCC1 | UCB=0.99 | mu=0.3967 | std=0.839 | f=0.4851
2025-10-14 10:22:45,404 - INFO - [round 20] pick 3/5: CCC(O)C1CCN(CCC(CN(C)C(=O)c2ccccc2)c2ccc(Cl)c(Cl)c2)CC1 | UCB=0.976 | mu=0.3511 | std=0.8837 | f=0.3873
2025-10-14 10:22:45,468 - INFO - [round 20] pick 4/5: CCOC(=O)CCCCCC(=O)Nc1ccc2c(c1)C(=O)N(C(C)CO)CC(C)C(CN(C)C(=O)c1ccncc1)OCCCCC(C)O2 | UCB=0.9729 | mu=0.3266 | std=0.914 | f=0.4652
2025-10-14 10:22:45,532 - INFO - [round 20] pick 5/5: Cc1c(F)cccc1COc1ccc(S(=O)(=O)N2CCCC(C)(O)C2C(=O)NO)cc1 | UCB=0.9607 | mu=0.342 | std=0.875 | f=0.3497
2025-10-14 10:22:45,598 - INFO - Round 20 done in 67.94s; train size=115
2025-10-14 10:22:45,598 - INFO - 
--- Round 21 | trial=6 | sqrt_beta=0.7071 (beta=0.5000) | rho=0.70 | train size=115 ---
2025-10-14 10:23:56,660 - INFO - [round 21] pick 1/5: CCC(C)C(NC(=O)C(CC1CCCCC1)NC(C)=O)C(=O)NC(Cc1ccc2ccccc2c1)C(O)C(O)CC(C)C | UCB=0.9944 | mu=0.3908 | std=0.8537 | f=0.4668
2025-10-14 10:23:56,728 - INFO - [round 21] pick 2/5: CCOC(=O)CCC(=O)Nc1ccccc1CCN1CCC23CCCCC2C1Cc1ccc(O)cc13 | UCB=0.9905 | mu=0.3562 | std=0.897 | f=0.4549
2025-10-14 10:23:56,797 - INFO - [round 21] pick 3/5: CC1CN(C(C)CO)S(=O)(=O)c2ccc(C#CC3CC3)cc2OC1CN(C)C(=O)c1cccc(F)c1 | UCB=0.9776 | mu=0.3427 | std=0.898 | f=0.3855
2025-10-14 10:23:56,866 - INFO - [round 21] pick 4/5: CN(C)c1cccc2c(S(=O)(=O)N3CCCC3C(=O)NC(CCC(N)=O)C(=O)NC(CCCNC(=N)N)C(N)=O)cccc12 | UCB=0.9853 | mu=0.3744 | std=0.8639 | f=0.4058
2025-10-14 10:23:56,937 - INFO - [round 21] pick 5/5: CCCCCCN(C(=O)Nc1ccc(SC(F)(F)F)cc1)C1Cc2ccc(SC(C)(C)C(=O)O)cc2C1 | UCB=0.9622 | mu=0.3243 | std=0.9021 | f=0.3616
2025-10-14 10:23:57,008 - INFO - Round 21 done in 71.41s; train size=120
2025-10-14 10:23:57,008 - INFO - 
--- Round 22 | trial=6 | sqrt_beta=0.7071 (beta=0.5000) | rho=0.70 | train size=120 ---
2025-10-14 10:25:11,469 - INFO - [round 22] pick 1/5: CC(C)CC(O)C(O)C(CC1CCCCC1)NC(=O)c1cc(NC(=O)CSc2ccccc2)ccc1CO | UCB=0.9923 | mu=0.3887 | std=0.8537 | f=0.432
2025-10-14 10:25:11,543 - INFO - [round 22] pick 2/5: NCc1ccc(Cl)cc1CNC(=O)C1CCCN1C(=O)C(CCc1ccc(O)cc1)NCC(=O)O | UCB=0.9876 | mu=0.3754 | std=0.8659 | f=0.4361
2025-10-14 10:25:11,617 - INFO - [round 22] pick 3/5: CCCC(=N)NCCCCCCNC(=O)C(CC(C)C)NC(=O)C1(c2ccccc2)CC1CN1CCC2(C)c3cc(O)ccc3CC1C2C | UCB=0.9917 | mu=0.3603 | std=0.893 | f=0.4094
2025-10-14 10:25:11,693 - INFO - [round 22] pick 4/5: COC(=O)c1cccc(NC(=O)NC2CC(C3CCCCC3)c3ccc(C)cc3N(CC(=O)NC(C)(C)C)C2=O)c1 | UCB=0.9878 | mu=0.369 | std=0.8751 | f=0.4659
2025-10-14 10:25:11,769 - INFO - [round 22] pick 5/5: CCOC(=O)C(C)=CC(C(C)C)N(C)C(=O)C(NC(=O)C(=Cc1ccc2ccccc2c1)NC(C)=O)C(C)(C)C | UCB=0.9697 | mu=0.336 | std=0.8963 | f=0.3755
2025-10-14 10:25:11,848 - INFO - Round 22 done in 74.84s; train size=125
2025-10-14 10:25:11,848 - INFO - 
--- Round 23 | trial=6 | sqrt_beta=0.7071 (beta=0.5000) | rho=0.70 | train size=125 ---
2025-10-14 10:26:29,363 - INFO - [round 23] pick 1/5: COc1cccc(CC(C)(C)NC(=O)C(CC2CCCCC2)NC(=O)C(NC(=O)C(N)CNC(=O)c2cc(O)ccc2O)C(C)C)c1 | UCB=1 | mu=0.3892 | std=0.8645 | f=0.4526
2025-10-14 10:26:29,444 - INFO - [round 23] pick 2/5: COC(=O)C12CC(CC(=O)NCCC(C)C)C(=O)N(Cc3cccc4ccccc34)C1=CC(C(C)C)OC2C1CC1 | UCB=0.9961 | mu=0.3703 | std=0.885 | f=0.4312
2025-10-14 10:26:29,525 - INFO - [round 23] pick 3/5: CCCN(CC(=O)Nc1ccccc1C)C(=O)c1ccc(Cl)c(S(=O)(=O)N2CCCC2)c1 | UCB=0.9897 | mu=0.3875 | std=0.8516 | f=0.3993
2025-10-14 10:26:29,607 - INFO - [round 23] pick 4/5: CC(C)(C)NC(=O)C1CC2CCCCC2CN1CC(O)COC(=O)Nc1ccc2[nH]ccc2c1 | UCB=0.9758 | mu=0.3409 | std=0.8979 | f=0.5242
2025-10-14 10:26:29,691 - INFO - [round 23] pick 5/5: O=C(O)CC(NC(=O)CCC(=O)Nc1ccc2c(c1)CNCC2)c1ccc(F)cc1 | UCB=0.9753 | mu=0.3548 | std=0.8776 | f=0.3724
2025-10-14 10:26:29,777 - INFO - Round 23 done in 77.93s; train size=130
2025-10-14 10:26:29,777 - INFO - 
--- Round 24 | trial=6 | sqrt_beta=0.7071 (beta=0.5000) | rho=0.70 | train size=130 ---
2025-10-14 10:27:49,280 - INFO - [round 24] pick 1/5: CCOC(=O)C(CCc1ccccc1)NC(C)C(=O)N1C(C(=O)O)CC2CCCCC21 | UCB=1.006 | mu=0.3899 | std=0.8709 | f=0.3116
2025-10-14 10:27:49,367 - INFO - [round 24] pick 2/5: CN(C(=O)c1ccc(NC(=O)Cc2cccc(NC(=O)C3CCCN(C(=O)C4CC4)C3)c2)cc1)C1CCCC1 | UCB=0.9952 | mu=0.3847 | std=0.8634 | f=0.4174
2025-10-14 10:27:49,455 - INFO - [round 24] pick 3/5: CC(C)N(CCO)CCN(C(=O)Nc1ccc(F)c(Cl)c1)C1CCC2(c3cccc(C#N)c3)CC2C1 | UCB=0.9817 | mu=0.343 | std=0.9033 | f=0.3627
2025-10-14 10:27:49,544 - INFO - [round 24] pick 4/5: CC(C)C1NC(=O)C=CCCCOc2ccc(cc2)CC(C(O)CN2CC3CCCCC3CC2C(=O)NC(C)(C)C)NC1=O | UCB=0.9908 | mu=0.365 | std=0.8851 | f=0.1696
2025-10-14 10:27:49,635 - INFO - [round 24] pick 5/5: CCn1c2ccccc2c2cc(NC(=O)C(CCCCN)NC(=O)C(CC(C)C)NC(=O)CNC(=O)C(NC(=O)C(O)C(O)C(O)C(O)CO)C(C)C)ccc21 | UCB=0.9671 | mu=0.33 | std=0.901 | f=0.1278
2025-10-14 10:27:49,728 - INFO - Round 24 done in 79.95s; train size=135
2025-10-14 10:27:49,728 - INFO - 
--- Round 25 | trial=6 | sqrt_beta=0.7071 (beta=0.5000) | rho=0.70 | train size=135 ---
2025-10-14 10:29:12,492 - INFO - [round 25] pick 1/5: COc1cccc(C(=O)CN2CCCCC2C(=O)NC(Cc2ccccc2)C(=O)NC(C=CI)C(C)C)c1 | UCB=0.9963 | mu=0.3995 | std=0.8439 | f=0.4592
2025-10-14 10:29:12,586 - INFO - [round 25] pick 2/5: CSCCC(NC(=O)c1ccc(CN(C)CCC2CCCCC2)cc1-c1ccccc1C)C(=O)O | UCB=0.9947 | mu=0.3836 | std=0.8642 | f=0.4629
2025-10-14 10:29:12,682 - INFO - [round 25] pick 3/5: CC1CN(C(C)CO)C(=O)c2cccc(NC(=O)Nc3ccc(C(F)(F)F)cc3)c2OC1CN(C)CC1CC1 | UCB=0.9807 | mu=0.3699 | std=0.8637 | f=0.3852
2025-10-14 10:29:12,778 - INFO - [round 25] pick 4/5: CCN(C(=O)COC(=O)Cc1cccc2ccccc12)C1CCS(=O)(=O)C1 | UCB=0.9779 | mu=0.3544 | std=0.8817 | f=0.3853
2025-10-14 10:29:12,876 - INFO - [round 25] pick 5/5: O=C(NCCCC(=O)N1CCCC1)C1C(C(=O)Nc2ccc(Br)cc2)C2C=CC1C21CC1 | UCB=0.9653 | mu=0.3231 | std=0.9082 | f=0.1534
2025-10-14 10:29:12,976 - INFO - Round 25 done in 83.25s; train size=140
2025-10-14 10:29:12,977 - INFO - 
--- Round 26 | trial=6 | sqrt_beta=0.7071 (beta=0.5000) | rho=0.70 | train size=140 ---
2025-10-14 10:30:39,992 - INFO - [round 26] pick 1/5: COc1ccc(NCCNC(=O)C(CC2CCCCC2)NC(=O)c2cccc(C)c2)cc1 | UCB=0.998 | mu=0.4209 | std=0.8161 | f=0.4456
2025-10-14 10:30:40,094 - INFO - [round 26] pick 2/5: CCC1CCCCN1CC(O)CNS(=O)(=O)c1cccc2ccccc12 | UCB=0.9847 | mu=0.3732 | std=0.8647 | f=0.4
2025-10-14 10:30:40,197 - INFO - [round 26] pick 3/5: CC(C)C(NC(=O)C1CCCN1C(=O)C(NC(=O)OCc1ccccc1)C(C)C)C(=O)c1nc2cc(C(=O)O)ccc2o1 | UCB=0.9817 | mu=0.3839 | std=0.8454 | f=0.1593
2025-10-14 10:30:40,301 - INFO - [round 26] pick 4/5: CCN(CC)C(=O)c1ccc(NC(=O)NC(C)(C)c2cccc(C(C)=NO)c2)cc1Cl | UCB=0.972 | mu=0.3452 | std=0.8865 | f=0.3393
2025-10-14 10:30:40,406 - INFO - [round 26] pick 5/5: CC(Cc1ccc2c(c1)OC(C(=O)OCC1CCC1)(C(=O)OCC1CCC1)O2)NCC(O)c1cccc(Cl)c1 | UCB=0.9847 | mu=0.3501 | std=0.8975 | f=0.4278
2025-10-14 10:30:40,513 - INFO - Round 26 done in 87.54s; train size=145
2025-10-14 10:30:40,513 - INFO - 
--- Round 27 | trial=6 | sqrt_beta=0.7071 (beta=0.5000) | rho=0.70 | train size=145 ---
2025-10-14 10:32:09,287 - INFO - [round 27] pick 1/5: COCCNC(=O)C(c1ccc(C)cc1)N(C(=O)CCC(=O)Nc1ccccn1)C1CCCCC1 | UCB=0.9933 | mu=0.3772 | std=0.8713 | f=0.4519
2025-10-14 10:32:09,396 - INFO - [round 27] pick 2/5: CCCCC(CN1CCC(COc2ccc(C(=O)c3ccc(Cl)cc3)c(Cl)c2)CC1)OC(N)=O | UCB=0.9859 | mu=0.3682 | std=0.8735 | f=0.3997
2025-10-14 10:32:09,506 - INFO - [round 27] pick 3/5: CCC(C)C(C=Cc1ccccc1)NC(=O)C1CCCCN1CC(=O)c1c(OC)cccc1OC | UCB=0.9908 | mu=0.3926 | std=0.846 | f=0.4441
2025-10-14 10:32:09,617 - INFO - [round 27] pick 4/5: CC1CN(C(C)CO)C(=O)Cc2cc(NC(=O)C3CCCCC3)ccc2OC1CN(C)S(=O)(=O)c1cccs1 | UCB=0.9792 | mu=0.3659 | std=0.8674 | f=0.4382
2025-10-14 10:32:09,730 - INFO - [round 27] pick 5/5: Cc1ccc(N(C(=O)OCC2CCC(COCC(=O)O)CC2)c2cccc(F)c2)cc1F | UCB=0.9804 | mu=0.3523 | std=0.8883 | f=0.3978
2025-10-14 10:32:09,845 - INFO - Round 27 done in 89.33s; train size=150
2025-10-14 10:32:09,845 - INFO - 
--- Round 28 | trial=6 | sqrt_beta=0.7071 (beta=0.5000) | rho=0.70 | train size=150 ---
2025-10-14 10:33:43,747 - INFO - [round 28] pick 1/5: COc1ccc(S(=O)(=O)C(CCCC(=O)N2CCCc3ccccc32)CC(=O)NO)cc1OC1CCCC1 | UCB=0.997 | mu=0.3841 | std=0.8667 | f=0.4397
2025-10-14 10:33:43,863 - INFO - [round 28] pick 2/5: CCN(C(=O)Cc1ccc(Cl)cc1)C1CCN(C(C)CC(NC(=O)C2CCC2)c2ccccc2)CC1 | UCB=0.9951 | mu=0.3923 | std=0.8524 | f=0.43
2025-10-14 10:33:43,981 - INFO - [round 28] pick 3/5: CCOC(=O)C(C)(C)Oc1ccc(N(CC2CCCC2)C(=O)Nc2nccs2)cc1 | UCB=0.9883 | mu=0.3633 | std=0.8839 | f=0.4677
2025-10-14 10:33:44,117 - INFO - [round 28] pick 4/5: C=C(C)CCN1C2CCC1CC(=C(c1ccc(C(=O)NCC)cc1)c1cccc(C(C)=O)c1)C2 | UCB=0.9886 | mu=0.3688 | std=0.8766 | f=0.4097
2025-10-14 10:33:44,247 - INFO - [round 28] pick 5/5: O=C(NCCNCC(O)COc1ccc(OCCOC2CCCC2)cc1)Nc1cccc(C(F)(F)F)c1 | UCB=0.9817 | mu=0.3581 | std=0.882 | f=0.3669
2025-10-14 10:33:44,370 - INFO - Round 28 done in 94.53s; train size=155
2025-10-14 10:33:44,370 - INFO - 
--- Round 29 | trial=6 | sqrt_beta=0.7071 (beta=0.5000) | rho=0.70 | train size=155 ---
2025-10-14 10:35:16,252 - INFO - [round 29] pick 1/5: COc1ccc(C(=O)c2cccc(C(C)CN3CCCCC3CC3CCCCC3)c2)cc1 | UCB=0.9996 | mu=0.3971 | std=0.8521 | f=0.414
2025-10-14 10:35:16,377 - INFO - [round 29] pick 2/5: CN(C)c1ccc(C(=O)NC(CSCCCC(=O)NO)C(=O)NC2CCCc3ccccc32)cc1 | UCB=0.9938 | mu=0.3896 | std=0.8546 | f=0.4054
2025-10-14 10:35:16,503 - INFO - [round 29] pick 3/5: CCOC(=O)CC(CN1CCc2cc(F)ccc21)NC(=O)C(CC1CCCCC1)Nc1nc2ccc(Cl)cc2o1 | UCB=0.9963 | mu=0.3727 | std=0.8819 | f=0.1677
2025-10-14 10:35:16,632 - INFO - [round 29] pick 4/5: CCC(C)(C)C(=O)C(=O)N1CCSCC1C(=O)OC(CCc1ccc(OC)c(OC)c1)c1cccc(OCC(=O)O)c1 | UCB=0.982 | mu=0.369 | std=0.867 | f=0.4108
2025-10-14 10:35:16,762 - INFO - [round 29] pick 5/5: CC1CCCCC1NC(=O)CN1c2cccc3cccc(c23)S1(=O)=O | UCB=0.9849 | mu=0.3516 | std=0.8957 | f=0.4166
2025-10-14 10:35:16,893 - INFO - Round 29 done in 92.52s; train size=160
2025-10-14 10:35:16,893 - INFO - 
--- Round 30 | trial=6 | sqrt_beta=0.7071 (beta=0.5000) | rho=0.70 | train size=160 ---
2025-10-14 10:36:56,329 - INFO - [round 30] pick 1/5: CC(C)(C)C(=O)CN1C(=O)N(CC(=O)Nc2cccc(CC(=O)O)c2)N=C(C2CCCCC2)c2ccccc21 | UCB=0.9997 | mu=0.3938 | std=0.8568 | f=0.4561
2025-10-14 10:36:56,462 - INFO - [round 30] pick 2/5: Cc1ccc(-c2cc(C(=O)NC(C)CO)cc(N(C)C(=O)C3CCCC3)c2)cc1 | UCB=0.9984 | mu=0.3852 | std=0.8671 | f=0.4437
2025-10-14 10:36:56,596 - INFO - [round 30] pick 3/5: CCC(N)C(=O)NC1CCCCC2CCC(C(=O)NC(c3ccccc3)c3ccc4ccccc4c3)N2C1=O | UCB=0.9946 | mu=0.3805 | std=0.8685 | f=0.1596
2025-10-14 10:36:56,732 - INFO - [round 30] pick 4/5: CCOc1cccc(CN(CC)CC2CCCN(CCc3cccc(OC)c3)C2)c1O | UCB=0.9683 | mu=0.3373 | std=0.8924 | f=0.3671
2025-10-14 10:36:56,869 - INFO - [round 30] pick 5/5: CCC(C)(C)NC(=O)CN(Cc1cccs1)C(=O)CNS(=O)(=O)c1ccc(F)cc1 | UCB=0.9637 | mu=0.3394 | std=0.8829 | f=0.3297
2025-10-14 10:36:57,008 - INFO - Round 30 done in 100.12s; train size=165
2025-10-14 10:36:57,009 - INFO - 
--- Round 31 | trial=6 | sqrt_beta=0.7071 (beta=0.5000) | rho=0.70 | train size=165 ---
2025-10-14 10:38:36,796 - INFO - [round 31] pick 1/5: CCOCC=Cc1cccc(N(Cc2ccc(C=CC(=O)OC(C)(C)C)cc2)C(=O)C2CCCCC2)c1 | UCB=0.9965 | mu=0.3788 | std=0.8735 | f=0.4257
2025-10-14 10:38:36,937 - INFO - [round 31] pick 2/5: Cc1cc(C)cc(NC(=O)Cc2ccc(OC3(C(=O)NC(CO)C(=O)O)CCCC3)cc2)c1 | UCB=0.9952 | mu=0.3815 | std=0.8679 | f=0.4256
2025-10-14 10:38:37,081 - INFO - [round 31] pick 3/5: COc1ccc(OCCCCCN(C)C2CCCCC2)c(C2Sc3ccccc3N2C(C)=O)c1 | UCB=0.9936 | mu=0.3769 | std=0.8722 | f=0.4068
2025-10-14 10:38:37,236 - INFO - [round 31] pick 4/5: CCN(CC)C(=O)C1CCCN(c2ccc([N+](=O)[O-])cc2C=NNC(=O)c2cccc([N+](=O)[O-])c2)C1 | UCB=0.9847 | mu=0.3536 | std=0.8924 | f=0.3843
2025-10-14 10:38:37,386 - INFO - [round 31] pick 5/5: CNC(C)C(=O)NC(C(=O)N1CCC2CCC(NC(=O)c3ccc(C)c4ccccc34)C21)C(C)(C)C | UCB=0.977 | mu=0.3641 | std=0.8668 | f=0.4535
2025-10-14 10:38:37,535 - INFO - Round 31 done in 100.53s; train size=170
2025-10-14 10:38:37,535 - INFO - 
--- Round 32 | trial=6 | sqrt_beta=0.7071 (beta=0.5000) | rho=0.70 | train size=170 ---
2025-10-14 10:40:18,379 - INFO - [round 32] pick 1/5: Cc1ccc(NC(=O)C[S+]([O-])CC(=O)N(c2ccccc2F)C(C)C(=O)NC2CCCC2)cc1 | UCB=0.999 | mu=0.4055 | std=0.8393 | f=0.4407
2025-10-14 10:40:18,529 - INFO - [round 32] pick 2/5: CCCCCC(NC(=O)Cc1ccc(C(=O)O)c(OCC)c1)c1ccccc1N1CCCCC1 | UCB=0.9972 | mu=0.4016 | std=0.8423 | f=0.4568
2025-10-14 10:40:18,680 - INFO - [round 32] pick 3/5: COc1cccc(NC(=O)C2CCCN2C(=O)C2Cc3ccccc3CN2C(=O)OC(C)(C)C)c1 | UCB=0.9972 | mu=0.4074 | std=0.834 | f=0.4167
2025-10-14 10:40:18,832 - INFO - [round 32] pick 4/5: O=C(O)COC1CCN(CCN(C(=O)c2cccc(Cl)c2)c2ccc(Cl)cc2)CC1 | UCB=0.9924 | mu=0.3918 | std=0.8494 | f=0.3835
2025-10-14 10:40:18,987 - INFO - [round 32] pick 5/5: CC(C)C(=O)NC(C(=O)N(CC(=O)NO)CC1CCCC1)C(C)(C)C | UCB=0.9546 | mu=0.322 | std=0.8946 | f=0.009698
2025-10-14 10:40:19,145 - INFO - Round 32 done in 101.61s; train size=175
2025-10-14 10:40:19,145 - INFO - 
--- Round 33 | trial=6 | sqrt_beta=0.7071 (beta=0.5000) | rho=0.70 | train size=175 ---
2025-10-14 10:42:06,565 - INFO - [round 33] pick 1/5: CC1CCC(C(=O)N(c2ccc(Oc3ccccc3C(F)(F)F)cc2C(=O)O)C(C)C)CC1 | UCB=0.997 | mu=0.3785 | std=0.8747 | f=0.3978
2025-10-14 10:42:06,724 - INFO - [round 33] pick 2/5: Cc1ccc(NC(=O)C(=Cc2cccc([N+](=O)[O-])c2)NC(=O)C2CCCCC2)cc1 | UCB=0.994 | mu=0.4003 | std=0.8397 | f=0.4052
2025-10-14 10:42:06,884 - INFO - [round 33] pick 3/5: COc1ccc(CCCCOC(=O)C2CCCCN2C(=O)C(=O)c2cc(OC)c(OC)c(OC)c2)cc1 | UCB=0.984 | mu=0.3724 | std=0.8649 | f=0.4364
2025-10-14 10:42:07,047 - INFO - [round 33] pick 4/5: CC(C)(CC1Cc2ccccc2C1)NCC(O)COc1cccc(C2CC3CC2C2C(C(=O)O)C32)c1 | UCB=0.9697 | mu=0.332 | std=0.9018 | f=0.3903
2025-10-14 10:42:07,217 - INFO - [round 33] pick 5/5: CCOC(=O)C(Cc1ccc(O)cc1)NC(=O)C1(NC(=O)C(SC(=O)c2ccccn2)C(C)C)CCCC1 | UCB=0.9842 | mu=0.3724 | std=0.8653 | f=0.4876
2025-10-14 10:42:07,383 - INFO - Round 33 done in 108.24s; train size=180
2025-10-14 10:42:07,383 - INFO - 
--- Round 34 | trial=6 | sqrt_beta=0.7071 (beta=0.5000) | rho=0.70 | train size=180 ---
2025-10-14 10:43:54,456 - INFO - [round 34] pick 1/5: COc1ccc(CC(NC(=O)c2ccccc2)C(=O)CCC(=O)N2CCCC2C(=O)O)cc1OC | UCB=0.9975 | mu=0.4145 | std=0.8244 | f=0.4646
2025-10-14 10:43:54,624 - INFO - [round 34] pick 2/5: CCC(C)(Oc1ccc(C2(c3ccc(OC(C)(CC)C(=O)O)cc3)CCCCC2)cc1)C(=O)O | UCB=0.9888 | mu=0.3661 | std=0.8806 | f=0.4025
2025-10-14 10:43:54,794 - INFO - [round 34] pick 3/5: CCN1CCC(N(Cc2cccc(OC)c2)C(=O)Nc2ccc(C)cc2Cl)CC1 | UCB=0.991 | mu=0.3853 | std=0.8567 | f=0.3766
2025-10-14 10:43:54,965 - INFO - [round 34] pick 4/5: O=C(CNC(=O)C1CCCCC1)NCC(=O)Nc1ccc(Oc2cccc(NC(=O)CNC(=O)CNC(=O)C3CCCCC3)c2)cc1 | UCB=0.9748 | mu=0.3537 | std=0.8784 | f=0.3884
2025-10-14 10:43:55,139 - INFO - [round 34] pick 5/5: CSCCC(NC(=O)C12CC3CC(CC(C3)C1)C2)C(=O)OCC(=O)c1ccc(C)cc1 | UCB=0.9659 | mu=0.3233 | std=0.9088 | f=0.181
2025-10-14 10:43:55,314 - INFO - Round 34 done in 107.93s; train size=185
2025-10-14 10:43:55,314 - INFO - 
--- Round 35 | trial=6 | sqrt_beta=0.7071 (beta=0.5000) | rho=0.70 | train size=185 ---
2025-10-14 10:45:44,990 - INFO - [round 35] pick 1/5: CCCC(=O)N(Cc1ccccc1)C(C(O)=NC1CCCCC1)c1c(C(=O)OCC)[nH]c2cc(Cl)ccc12 | UCB=0.9992 | mu=0.3883 | std=0.864 | f=0.1781
2025-10-14 10:45:45,168 - INFO - [round 35] pick 2/5: Cc1ccc(C)c(S(=O)(=O)N2CCCCC2CCNC(=O)C(=O)NCc2ccccn2)c1 | UCB=0.9877 | mu=0.3714 | std=0.8715 | f=0.4082
2025-10-14 10:45:45,348 - INFO - [round 35] pick 3/5: O=C(Nc1ccc(CC(NC(=O)C2(CCNC(=O)C(F)(F)F)CCCC2)C(=O)O)cc1)c1c(Cl)cccc1Cl | UCB=0.9846 | mu=0.376 | std=0.8607 | f=0.3852
2025-10-14 10:45:45,530 - INFO - [round 35] pick 4/5: COc1cccc(C2NC(c3cccc(OC)c3)C3CCCC2C32SC(NC(C)=O)=NN2C(C)=O)c1 | UCB=0.9764 | mu=0.3419 | std=0.8974 | f=0.3717
2025-10-14 10:45:45,713 - INFO - [round 35] pick 5/5: CC(C)N1CCC(Oc2ccc(OCc3ccccc3Cl)c(CN(C)C)c2)C1 | UCB=0.9762 | mu=0.3554 | std=0.8779 | f=0.3208
2025-10-14 10:45:45,898 - INFO - Round 35 done in 110.58s; train size=190
2025-10-14 10:45:45,898 - INFO - 
--- Round 36 | trial=6 | sqrt_beta=0.7071 (beta=0.5000) | rho=0.70 | train size=190 ---
2025-10-14 10:47:37,728 - INFO - [round 36] pick 1/5: Cc1ccc(NC(=O)CCC2CCCCC2)cc1C(=O)Nc1ccc(O)cc1 | UCB=0.9893 | mu=0.4082 | std=0.8219 | f=0.4239
2025-10-14 10:47:37,916 - INFO - [round 36] pick 2/5: COc1ccc(S(=O)(=O)N2Cc3ccccc3CC2C(=O)NC(CCC(=O)O)C(=O)O)cc1OC | UCB=0.9818 | mu=0.4005 | std=0.822 | f=0.4196
2025-10-14 10:47:38,106 - INFO - [round 36] pick 3/5: CC(=O)NCCCC(O)(c1cccc(F)c1-c1cccc(C)c1)C1CCCN(C(=O)C2CC(N)C(O)C2)C1 | UCB=0.9814 | mu=0.3534 | std=0.8881 | f=0.4056
2025-10-14 10:47:38,297 - INFO - [round 36] pick 4/5: CCC(NS(=O)(=O)CCCOCn1ccc(=O)[nH]c1=O)c1cccc(OC2CCCC2)c1 | UCB=0.9706 | mu=0.3363 | std=0.897 | f=0.4068
2025-10-14 10:47:38,490 - INFO - [round 36] pick 5/5: CC(C)c1cccc(C(C)C)c1NC(=O)NCC1(c2ccc(CC(C)(C)C)cc2)CCCC1 | UCB=0.9707 | mu=0.3542 | std=0.872 | f=0.3536
2025-10-14 10:47:38,685 - INFO - Round 36 done in 112.79s; train size=195
2025-10-14 10:47:38,686 - INFO - 
--- Round 37 | trial=6 | sqrt_beta=0.7071 (beta=0.5000) | rho=0.70 | train size=195 ---
2025-10-14 10:49:33,857 - INFO - [round 37] pick 1/5: CCCCNC(=O)c1cc(NC(=O)CN2CCCC2)ccc1Oc1ccc(OC)cc1 | UCB=0.988 | mu=0.3925 | std=0.8422 | f=0.3993
2025-10-14 10:49:34,054 - INFO - [round 37] pick 2/5: CC1CCCCC1OC(=O)NC(C)(Cc1c[nH]c2ccccc12)C(=O)NCC(NC(=O)CCC(=O)O)c1ccccc1 | UCB=0.9806 | mu=0.3624 | std=0.8744 | f=0.1624
2025-10-14 10:49:34,254 - INFO - [round 37] pick 3/5: CCN(C)C(=O)c1ccc(C2(c3cccc(O)c3)CCCN(CC3CC3)C2)cc1 | UCB=0.9846 | mu=0.3752 | std=0.8617 | f=0.3766
2025-10-14 10:49:34,455 - INFO - [round 37] pick 4/5: O=C(O)C1CCC(OCC2CC(F)CN2C(=O)Cc2ccc(NC(=O)N3CCc4ccccc43)c(Cl)c2)CC1 | UCB=0.9756 | mu=0.3575 | std=0.874 | f=0.4264
2025-10-14 10:49:34,661 - INFO - [round 37] pick 5/5: CCC(C)C(=O)OC1CC(C)C=C2C=CC(C)C(CCC3CC(CC(=O)NC)N(Cc4ccc(C(C)(C)O)cc4)C(=O)O3)C21 | UCB=0.961 | mu=0.314 | std=0.915 | f=0.1488
2025-10-14 10:49:34,868 - INFO - Round 37 done in 116.18s; train size=200
2025-10-14 10:49:34,868 - INFO - 
--- Round 38 | trial=6 | sqrt_beta=0.7071 (beta=0.5000) | rho=0.70 | train size=200 ---
2025-10-14 10:51:32,965 - INFO - [round 38] pick 1/5: O=C(c1ccccc1F)c1ccc(F)cc1C=COCCN1CCCC(C(=O)O)C1 | UCB=0.9848 | mu=0.3626 | std=0.8798 | f=0.3835
2025-10-14 10:51:33,174 - INFO - [round 38] pick 2/5: CN(C1CCCCC1)S(=O)(=O)c1ccc(NC(=S)NC(=O)c2cccs2)cc1 | UCB=0.9797 | mu=0.3829 | std=0.844 | f=0.3922
2025-10-14 10:51:33,384 - INFO - [round 38] pick 3/5: CCN(CC)c1ccc(NC(=O)C2(NC(=O)OCC(C)C)CCc3cccc(OC)c3C2)c(C)c1 | UCB=0.9719 | mu=0.345 | std=0.8866 | f=0.3882
2025-10-14 10:51:33,600 - INFO - [round 38] pick 4/5: CC(C)(C)NC(=O)C1CN(Cc2cccnc2)CCN1CC(O)CC(CC1CCCCC1)C(=O)NC1c2cccc(Cl)c2CC1O | UCB=0.9716 | mu=0.3508 | std=0.878 | f=0.4351
2025-10-14 10:51:33,817 - INFO - [round 38] pick 5/5: CSc1ccc2c(c1)N(CCC1CCCCN1C)c1ccccc1S2(=O)=O | UCB=0.9764 | mu=0.3481 | std=0.8885 | f=0.3482
2025-10-14 10:51:34,069 - INFO - Round 38 done in 119.20s; train size=205
2025-10-14 10:51:34,069 - INFO - 
--- Round 39 | trial=6 | sqrt_beta=0.7071 (beta=0.5000) | rho=0.70 | train size=205 ---
2025-10-14 10:53:37,369 - INFO - [round 39] pick 1/5: CCN(CC)S(=O)(=O)c1cc(C(=O)OCC(=O)NC2CCCc3ccccc32)ccc1C | UCB=0.9834 | mu=0.4062 | std=0.8163 | f=0.4201
2025-10-14 10:53:37,590 - INFO - [round 39] pick 2/5: O=C(O)CCC(NC(=O)c1ccc2ccccc2c1)C(=O)NN1CCC2(CCCCC2)CC1 | UCB=0.9816 | mu=0.3755 | std=0.8571 | f=0.4211
2025-10-14 10:53:37,815 - INFO - [round 39] pick 3/5: CC(=O)N1CCCC1C(=O)NCC1Cc2cc(-c3cccc(OC(F)(F)F)c3)ccc2O1 | UCB=0.9821 | mu=0.3683 | std=0.868 | f=0.3766
2025-10-14 10:53:38,040 - INFO - [round 39] pick 4/5: Cc1cccc(NC(=O)ON=C(C2CCCCC2)C(Cc2cccs2)C2CCCCC2)c1 | UCB=0.9749 | mu=0.3582 | std=0.8722 | f=0.3922
2025-10-14 10:53:38,265 - INFO - [round 39] pick 5/5: CCCCCCCCC(=O)Nc1ccc(S(=O)(=O)N2CCC(CNCC(O)c3ccc(O)c(NS(C)(=O)=O)c3)CC2)cc1 | UCB=0.9675 | mu=0.3534 | std=0.8685 | f=0.37
2025-10-14 10:53:38,493 - INFO - Round 39 done in 124.42s; train size=210
