2025-10-13 08:32:06,128 - INFO - 
--- Round 0 | trial=5 | sqrt_beta=0.7071 (beta=0.5000) | rho=0.70 | train size=10 ---
2025-10-13 08:32:17,512 - INFO - [round 0] pick 1/5: CCN(CC)CCCC(C)Nc1c(-c2ccc(OC)cc2)cnc2ccccc12 | UCB=0.8627 | mu=0.218 | std=0.9118 | f=0.4405
2025-10-13 08:32:17,513 - INFO - [round 0] pick 2/5: CCOC(=O)Nc1ccc(S(=O)(=O)Nc2cc(C)nc(C)n2)cc1 | UCB=0.8513 | mu=0.1967 | std=0.9258 | f=0.1693
2025-10-13 08:32:17,514 - INFO - [round 0] pick 3/5: Cc1cccc2c(C=Cc3ccc(N(C)C)cc3)ccnc12 | UCB=0.8541 | mu=0.2085 | std=0.913 | f=0.3718
2025-10-13 08:32:17,515 - INFO - [round 0] pick 4/5: Cc1nc(N2CCOCC2)c2nc(-c3ccccc3)n(C(C)CN(C)C)c2n1 | UCB=0.8415 | mu=0.2023 | std=0.9039 | f=0.1446
2025-10-13 08:32:17,517 - INFO - [round 0] pick 5/5: CCCCCCCCNC(=O)C=Cc1ccccc1 | UCB=0.8276 | mu=0.1469 | std=0.9626 | f=0.00774
2025-10-13 08:32:17,518 - INFO - Round 0 done in 11.39s; train size=15
2025-10-13 08:32:17,518 - INFO - 
--- Round 1 | trial=5 | sqrt_beta=0.7071 (beta=0.5000) | rho=0.70 | train size=15 ---
2025-10-13 08:32:31,146 - INFO - [round 1] pick 1/5: CCN(CC)CCCC(C)Nc1cc(C=Cc2ccc([N+](=O)[O-])cc2)nc2ccc(OC)cc12 | UCB=0.8957 | mu=0.2684 | std=0.8871 | f=0.3916
2025-10-13 08:32:31,148 - INFO - [round 1] pick 2/5: CN(C)c1ccc(C=Cc2ccnc3ccccc23)cc1Cl | UCB=0.8889 | mu=0.3118 | std=0.8162 | f=0.4201
2025-10-13 08:32:31,149 - INFO - [round 1] pick 3/5: CCN(CC)CCCNc1c2ccccc2nc2sc(SC)nc12 | UCB=0.8789 | mu=0.2386 | std=0.9056 | f=0.4435
2025-10-13 08:32:31,151 - INFO - [round 1] pick 4/5: COc1ccc(NC(=S)Nn2ccnc2-c2ccc(Cl)cc2)cc1 | UCB=0.8455 | mu=0.187 | std=0.9313 | f=0.363
2025-10-13 08:32:31,153 - INFO - [round 1] pick 5/5: CCCC(C)n1c(CC)nc2c(-c3ccc(O)nc3C)ccnc21 | UCB=0.8361 | mu=0.1732 | std=0.9375 | f=0.4016
2025-10-13 08:32:31,155 - INFO - Round 1 done in 13.64s; train size=20
2025-10-13 08:32:31,155 - INFO - 
--- Round 2 | trial=5 | sqrt_beta=0.7071 (beta=0.5000) | rho=0.70 | train size=20 ---
2025-10-13 08:32:47,617 - INFO - [round 2] pick 1/5: CCN(CC)CCCNc1ccnc2cc(OC)ccc12 | UCB=0.9286 | mu=0.3057 | std=0.881 | f=0.1521
2025-10-13 08:32:47,620 - INFO - [round 2] pick 2/5: CCOc1nc(-c2ccc(Cl)cc2)nc2ccccc12 | UCB=0.9196 | mu=0.2852 | std=0.8972 | f=0.4532
2025-10-13 08:32:47,622 - INFO - [round 2] pick 3/5: CCN(CC)CCCN(C(=O)Nc1ccc(C#N)cc1)c1nc(-c2ccc(F)cc2)cs1 | UCB=0.9059 | mu=0.2577 | std=0.9167 | f=0.3882
2025-10-13 08:32:47,625 - INFO - [round 2] pick 4/5: COc1ccc(C=Cc2nc3ccccc3c(=O)n2-c2ccc(C)cc2)cc1 | UCB=0.9104 | mu=0.2802 | std=0.8912 | f=0.148
2025-10-13 08:32:47,628 - INFO - [round 2] pick 5/5: CCCC(C)n1c(CC)nc2c(-c3ccc(Cl)cc3C)nccc21 | UCB=0.8945 | mu=0.2733 | std=0.8785 | f=0.4247
2025-10-13 08:32:47,631 - INFO - Round 2 done in 16.48s; train size=25
2025-10-13 08:32:47,631 - INFO - 
--- Round 3 | trial=5 | sqrt_beta=0.7071 (beta=0.5000) | rho=0.70 | train size=25 ---
2025-10-13 08:33:07,222 - INFO - [round 3] pick 1/5: CCCN(CCC)c1c(C)nc(-c2ccc(Cl)cc2)c2ccccc12 | UCB=0.9549 | mu=0.3337 | std=0.8784 | f=0.4724
2025-10-13 08:33:07,225 - INFO - [round 3] pick 2/5: CCN(CC)CCCC(C)NC(C)c1nc(N)nc(N)c1-c1ccc(Cl)cc1 | UCB=0.9488 | mu=0.3283 | std=0.8775 | f=0.1541
2025-10-13 08:33:07,229 - INFO - [round 3] pick 3/5: CN(C)c1ccnc(Nc2ccc(-c3nc4ccccc4s3)cc2)n1 | UCB=0.9251 | mu=0.2887 | std=0.9 | f=0.1358
2025-10-13 08:33:07,232 - INFO - [round 3] pick 4/5: CCOc1cc(C=Cc2ccc3cccc([N+](=O)[O-])c3n2)ccc1O | UCB=0.8853 | mu=0.2358 | std=0.9184 | f=0.3838
2025-10-13 08:33:07,236 - INFO - [round 3] pick 5/5: CCN(CC)CCC(C)COc1c(I)cc(Cl)c2cccnc12 | UCB=0.9074 | mu=0.2594 | std=0.9164 | f=0.1624
2025-10-13 08:33:07,240 - INFO - Round 3 done in 19.61s; train size=30
2025-10-13 08:33:07,240 - INFO - 
--- Round 4 | trial=5 | sqrt_beta=0.7071 (beta=0.5000) | rho=0.70 | train size=30 ---
2025-10-13 08:33:30,249 - INFO - [round 4] pick 1/5: CCN(CC)c1ccc(NC(=O)CSc2nc(O)c3ccccc3n2)cc1 | UCB=0.934 | mu=0.3153 | std=0.875 | f=0.4402
2025-10-13 08:33:30,254 - INFO - [round 4] pick 2/5: CC(C)n1c(-c2ccc([N+](=O)[O-])cc2)nc(=O)c2ccccc21 | UCB=0.9254 | mu=0.2919 | std=0.8959 | f=0.4066
2025-10-13 08:33:30,259 - INFO - [round 4] pick 3/5: CCCCN(CCCC)CC(O)c1cc(-c2ccc(Cl)cc2)nc(-c2ccc(Cl)c(Cl)c2)c1 | UCB=0.9062 | mu=0.2654 | std=0.9062 | f=0.3855
2025-10-13 08:33:30,264 - INFO - [round 4] pick 4/5: CCn1c(COc2ccc(Cl)cc2)nnc1SCc1ccc(C#N)cc1 | UCB=0.9017 | mu=0.2552 | std=0.9144 | f=0.4004
2025-10-13 08:33:30,269 - INFO - [round 4] pick 5/5: CCC(CC)Nc1nc(C)c(-c2ccc(Cl)cc2Cl)nc1OC | UCB=0.8838 | mu=0.2331 | std=0.9202 | f=0.1631
2025-10-13 08:33:30,275 - INFO - Round 4 done in 23.03s; train size=35
2025-10-13 08:33:30,275 - INFO - 
--- Round 5 | trial=5 | sqrt_beta=0.7071 (beta=0.5000) | rho=0.70 | train size=35 ---
2025-10-13 08:33:54,900 - INFO - [round 5] pick 1/5: CC(c1nc(O)c2ccccc2n1)N(C)CCOc1ccc(Cl)cc1 | UCB=0.9582 | mu=0.3651 | std=0.8388 | f=0.4399
2025-10-13 08:33:54,906 - INFO - [round 5] pick 2/5: CCN(CC)c1ccc(-c2oc3ccccc3c(=O)c2O)cc1 | UCB=0.9526 | mu=0.3399 | std=0.8666 | f=0.4282
2025-10-13 08:33:54,912 - INFO - [round 5] pick 3/5: C=CCn1c(Sc2ccc(C#N)c([N+](=O)[O-])c2)nnc1-c1ccc(Cl)cc1 | UCB=0.9173 | mu=0.2758 | std=0.9072 | f=0.3417
2025-10-13 08:33:54,919 - INFO - [round 5] pick 4/5: CCN(CC)CCCNCc1nccc2c3ccccc3n(Cc3ccc(F)cc3)c12 | UCB=0.935 | mu=0.3167 | std=0.8744 | f=0.147
2025-10-13 08:33:54,926 - INFO - [round 5] pick 5/5: NC(=O)CCSC(SCCC(=O)O)c1cccc(C=Cc2ccc3ccc(Cl)cc3n2)c1 | UCB=0.8986 | mu=0.2469 | std=0.9215 | f=0.4279
2025-10-13 08:33:54,933 - INFO - Round 5 done in 24.66s; train size=40
2025-10-13 08:33:54,933 - INFO - 
--- Round 6 | trial=5 | sqrt_beta=0.7071 (beta=0.5000) | rho=0.70 | train size=40 ---
2025-10-13 08:34:23,187 - INFO - [round 6] pick 1/5: CCCN(CCC)C(=O)C(=O)c1c(-c2ccc(Cl)cc2)[nH]c2ccccc12 | UCB=0.9666 | mu=0.3626 | std=0.8542 | f=0.5143
2025-10-13 08:34:23,195 - INFO - [round 6] pick 2/5: CCCOc1ccc(-c2cc(OCCC(C)C)c3ccccc3n2)cc1 | UCB=0.963 | mu=0.3596 | std=0.8532 | f=0.4648
2025-10-13 08:34:23,203 - INFO - [round 6] pick 3/5: Oc1ccccc1-c1nc(C=Cc2ccc(Cl)cc2)no1 | UCB=0.9492 | mu=0.3231 | std=0.8854 | f=0.3873
2025-10-13 08:34:23,212 - INFO - [round 6] pick 4/5: NC(=S)n1nc(-c2ccc([N+](=O)[O-])cc2)c(CCc2cccc(Cl)c2)c1O | UCB=0.9383 | mu=0.303 | std=0.8985 | f=0.3892
2025-10-13 08:34:23,220 - INFO - [round 6] pick 5/5: OCc1ccc2ccc3ccc(CO)nc3c2n1 | UCB=0.9116 | mu=0.2506 | std=0.9349 | f=0.3489
2025-10-13 08:34:23,230 - INFO - Round 6 done in 28.30s; train size=45
2025-10-13 08:34:23,230 - INFO - 
--- Round 7 | trial=5 | sqrt_beta=0.7071 (beta=0.5000) | rho=0.70 | train size=45 ---
2025-10-13 08:34:54,648 - INFO - [round 7] pick 1/5: CCCN(CCC)CCNC(=O)c1cc(Sc2ccc(Cl)cc2)nc2ccccc12 | UCB=0.981 | mu=0.3808 | std=0.8488 | f=0.4554
2025-10-13 08:34:54,658 - INFO - [round 7] pick 2/5: O=C(O)c1c(O)c(-c2ccc(Cl)cc2)nc2c(C(=O)O)cccc12 | UCB=0.9724 | mu=0.3508 | std=0.879 | f=0.4149
2025-10-13 08:34:54,668 - INFO - [round 7] pick 3/5: CCCC(C)Sc1nc(O)cc(Cc2cccc3ccccc23)n1 | UCB=0.9634 | mu=0.3308 | std=0.8946 | f=0.4212
2025-10-13 08:34:54,679 - INFO - [round 7] pick 4/5: OCCOCCOc1ccc(-c2nnc(-c3ccc(I)cc3)o2)cc1 | UCB=0.9325 | mu=0.2855 | std=0.915 | f=0.3922
2025-10-13 08:34:54,689 - INFO - [round 7] pick 5/5: Cc1cc(N(CCC#N)CCC#N)ccc1N=Nc1ccc([N+](=O)[O-])cc1 | UCB=0.9165 | mu=0.2597 | std=0.9288 | f=0.1343
2025-10-13 08:34:54,702 - INFO - Round 7 done in 31.47s; train size=50
2025-10-13 08:34:54,702 - INFO - 
--- Round 8 | trial=5 | sqrt_beta=0.7071 (beta=0.5000) | rho=0.70 | train size=50 ---
2025-10-13 08:35:29,133 - INFO - [round 8] pick 1/5: CC(C)CN(C)C(=O)c1nc(-c2ccc(Cl)cc2)c2ccccc2n1 | UCB=0.9837 | mu=0.42 | std=0.7972 | f=0.4527
2025-10-13 08:35:29,145 - INFO - [round 8] pick 2/5: CCOC(=O)CCCOc1ccc(-c2nc3c(ccc4ccccc43)o2)cc1 | UCB=0.9744 | mu=0.3638 | std=0.8634 | f=0.181
2025-10-13 08:35:29,158 - INFO - [round 8] pick 3/5: CCCC(C)N(c1cc(Cl)ccc1CO)S(=O)(=O)c1ccc(C#N)cc1 | UCB=0.9496 | mu=0.3141 | std=0.8987 | f=0.1496
2025-10-13 08:35:29,170 - INFO - [round 8] pick 4/5: Cc1ccc2ccc(-c3cccc(O)c3)cc2n1 | UCB=0.9584 | mu=0.3246 | std=0.8962 | f=0.3627
2025-10-13 08:35:29,184 - INFO - [round 8] pick 5/5: OCCSc1nncn1N=Cc1c[nH]c2ccccc12 | UCB=0.9016 | mu=0.2338 | std=0.9444 | f=0.378
2025-10-13 08:35:29,198 - INFO - Round 8 done in 34.50s; train size=55
2025-10-13 08:35:29,198 - INFO - 
--- Round 9 | trial=5 | sqrt_beta=0.7071 (beta=0.5000) | rho=0.70 | train size=55 ---
2025-10-13 08:36:05,246 - INFO - [round 9] pick 1/5: CN(C)CCNc1cc(-c2ccc(Cl)cc2)nc2ccccc12 | UCB=0.9854 | mu=0.4275 | std=0.789 | f=0.4264
2025-10-13 08:36:05,261 - INFO - [round 9] pick 2/5: CSc1ccc(Cc2nnc(O)c3ccccc23)cc1 | UCB=0.9717 | mu=0.3475 | std=0.8828 | f=0.3922
2025-10-13 08:36:05,275 - INFO - [round 9] pick 3/5: CCCCC(=O)N(c1ccc(C(=O)O)cc1)c1nc(-c2ccc(Cl)cc2)c(CC)s1 | UCB=0.9657 | mu=0.3594 | std=0.8574 | f=0.4489
2025-10-13 08:36:05,291 - INFO - [round 9] pick 4/5: OCC(O)COc1cccc2ccc(-c3nnc4ccccn34)nc12 | UCB=0.9351 | mu=0.287 | std=0.9166 | f=0.1358
2025-10-13 08:36:05,307 - INFO - [round 9] pick 5/5: ON=Cc1ccc(-c2ccc(O)cc2)c2occc12 | UCB=0.9382 | mu=0.2878 | std=0.9198 | f=0.3162
2025-10-13 08:36:05,323 - INFO - Round 9 done in 36.13s; train size=60
2025-10-13 08:36:05,323 - INFO - 
--- Round 10 | trial=5 | sqrt_beta=0.7071 (beta=0.5000) | rho=0.70 | train size=60 ---
2025-10-13 08:36:44,870 - INFO - [round 10] pick 1/5: Oc1nc(-c2ccc(Cl)cc2)c(O)c2ccccc12 | UCB=0.9836 | mu=0.4355 | std=0.7751 | f=0.3991
2025-10-13 08:36:44,888 - INFO - [round 10] pick 2/5: CCCN(CCC)c1nc(-c2ccccc2F)nc2ccccc12 | UCB=0.9614 | mu=0.3575 | std=0.854 | f=0.4324
2025-10-13 08:36:44,906 - INFO - [round 10] pick 3/5: CCn1c(CSc2ccc(NC(C)=O)cc2)nc2cc(C(=O)O)ccc21 | UCB=0.9434 | mu=0.3118 | std=0.8932 | f=0.4256
2025-10-13 08:36:44,924 - INFO - [round 10] pick 4/5: O=C(CSc1nnc(SCc2ccc(Cl)cc2)s1)NN=Cc1c[nH]c2ccccc12 | UCB=0.9593 | mu=0.3414 | std=0.8738 | f=0.1518
2025-10-13 08:36:44,943 - INFO - [round 10] pick 5/5: CCCCSc1ccc2nc(-c3ccc(OCCOCC)cc3)cn2n1 | UCB=0.9284 | mu=0.3014 | std=0.8867 | f=0.4206
2025-10-13 08:36:44,963 - INFO - Round 10 done in 39.64s; train size=65
2025-10-13 08:36:44,963 - INFO - 
--- Round 11 | trial=5 | sqrt_beta=0.7071 (beta=0.5000) | rho=0.70 | train size=65 ---
2025-10-13 08:37:25,692 - INFO - [round 11] pick 1/5: CCOc1ccc(-c2cc(C(=O)O)c3ccccc3n2)cc1 | UCB=0.9779 | mu=0.431 | std=0.7734 | f=0.4549
2025-10-13 08:37:25,712 - INFO - [round 11] pick 2/5: CCCN(CCC)C(=O)Cc1c(-c2ccc(Cl)cc2)nc2ccc(Br)cn12 | UCB=0.9777 | mu=0.3819 | std=0.8427 | f=0.4313
2025-10-13 08:37:25,733 - INFO - [round 11] pick 3/5: CCCCSc1nc(O)c2cnn(-c3ccc(Cl)cc3)c2n1 | UCB=0.9501 | mu=0.3199 | std=0.8912 | f=0.3963
2025-10-13 08:37:25,754 - INFO - [round 11] pick 4/5: CSc1nc(C=Cc2ccc(O)cc2)cc(C=Cc2ccc(O)cc2)n1 | UCB=0.9254 | mu=0.291 | std=0.8972 | f=0.3058
2025-10-13 08:37:25,776 - INFO - [round 11] pick 5/5: C=CCSCC1=CC(C)(C)Nc2ccc(-c3cccc(O)c3Cl)cc21 | UCB=0.9233 | mu=0.2667 | std=0.9287 | f=0.3968
2025-10-13 08:37:25,798 - INFO - Round 11 done in 40.84s; train size=70
2025-10-13 08:37:25,798 - INFO - 
--- Round 12 | trial=5 | sqrt_beta=0.7071 (beta=0.5000) | rho=0.70 | train size=70 ---
2025-10-13 08:38:11,088 - INFO - [round 12] pick 1/5: CCN(CC)C(=O)Cn1c(SCCOc2ccc(Cl)cc2)nc2ccccc21 | UCB=0.9779 | mu=0.382 | std=0.8428 | f=0.476
2025-10-13 08:38:11,112 - INFO - [round 12] pick 2/5: Nc1ccc(-c2nccc3nc(O)ccc23)cc1 | UCB=0.9649 | mu=0.3419 | std=0.8809 | f=0.3348
2025-10-13 08:38:11,135 - INFO - [round 12] pick 3/5: CCCn1nc(C(C)C)c(C(N)=O)c1Cc1ccc(-c2ccccc2C(=O)O)cc1 | UCB=0.9686 | mu=0.3482 | std=0.8775 | f=0.4804
2025-10-13 08:38:11,160 - INFO - [round 12] pick 4/5: CCCSc1cccc(Nc2nc(-c3cccc(Cl)c3)cs2)c1 | UCB=0.955 | mu=0.3158 | std=0.9039 | f=0.4016
2025-10-13 08:38:11,188 - INFO - [round 12] pick 5/5: CCCCN(C)Cc1c(C)nc2c(Cl)cccc2c1O | UCB=0.9344 | mu=0.2944 | std=0.9051 | f=0.1778
2025-10-13 08:38:11,215 - INFO - Round 12 done in 45.42s; train size=75
2025-10-13 08:38:11,215 - INFO - 
--- Round 13 | trial=5 | sqrt_beta=0.7071 (beta=0.5000) | rho=0.70 | train size=75 ---
2025-10-13 08:38:59,688 - INFO - [round 13] pick 1/5: CCOC(=O)c1ccc(-c2nn(CC)c3ccccc23)cc1 | UCB=0.9821 | mu=0.3823 | std=0.8482 | f=0.5111
2025-10-13 08:38:59,714 - INFO - [round 13] pick 2/5: CCCCC(C(=N)O)C(CC(C)C)C(O)=NC1N=C(c2ccc(Cl)cc2)c2ccccc2N(C)C1=O | UCB=0.9727 | mu=0.3477 | std=0.8839 | f=0.4533
2025-10-13 08:38:59,741 - INFO - [round 13] pick 3/5: CC(Sc1ccc(Oc2cnc3ccc(Cl)cc3n2)cc1)C(=O)O | UCB=0.9589 | mu=0.3316 | std=0.8872 | f=0.3883
2025-10-13 08:38:59,769 - INFO - [round 13] pick 4/5: CCCN(CCC)CCSc1n[nH]c2c3ccccc3nc-2n1 | UCB=0.9401 | mu=0.3284 | std=0.8651 | f=0.436
2025-10-13 08:38:59,798 - INFO - [round 13] pick 5/5: CC1(C)C=C(c2ccc(-c3nc4c(C(N)=O)cccc4[nH]3)cc2)C(C)(C)N1O | UCB=0.9543 | mu=0.3155 | std=0.9034 | f=0.1462
2025-10-13 08:38:59,827 - INFO - Round 13 done in 48.61s; train size=80
2025-10-13 08:38:59,827 - INFO - 
--- Round 14 | trial=5 | sqrt_beta=0.7071 (beta=0.5000) | rho=0.70 | train size=80 ---
2025-10-13 08:39:49,322 - INFO - [round 14] pick 1/5: CCCN(CC)c1nc2cc(C(=O)O)ccc2nc1-c1ccc(F)cc1 | UCB=0.9844 | mu=0.3823 | std=0.8515 | f=0.4035
2025-10-13 08:39:49,353 - INFO - [round 14] pick 2/5: CCC(C)(C)Cc1c[nH]c(CCc2ccc(-c3ccccc3O)cc2)n1 | UCB=0.9784 | mu=0.3604 | std=0.874 | f=0.4454
2025-10-13 08:39:49,384 - INFO - [round 14] pick 3/5: O=C(O)Cc1nn(CC(=O)Nc2ccc(Cl)cc2)c(=O)c2ccccc12 | UCB=0.9716 | mu=0.3703 | std=0.8505 | f=0.4579
2025-10-13 08:39:49,416 - INFO - [round 14] pick 4/5: C=CCn1c(SCCC)nc2ccccc2c1=O | UCB=0.9495 | mu=0.3298 | std=0.8764 | f=0.1583
2025-10-13 08:39:49,449 - INFO - [round 14] pick 5/5: CCN(CC)Cn1nc(-c2cccc(Cl)c2)n(-c2ccc(Br)cc2)c1=S | UCB=0.9697 | mu=0.3441 | std=0.8847 | f=0.4035
2025-10-13 08:39:49,482 - INFO - Round 14 done in 49.65s; train size=85
2025-10-13 08:39:49,482 - INFO - 
--- Round 15 | trial=5 | sqrt_beta=0.7071 (beta=0.5000) | rho=0.70 | train size=85 ---
2025-10-13 08:40:42,307 - INFO - [round 15] pick 1/5: CCCCC1=NC(Cl)=C(C(=O)OCC)C(C)N1Cc1ccc(-c2ccccc2C(=O)O)cc1 | UCB=0.9844 | mu=0.3954 | std=0.833 | f=0.566
2025-10-13 08:40:42,342 - INFO - [round 15] pick 2/5: Cc1ccccc1-c1nsc(SCC(=O)c2ccc(Cl)cc2)n1 | UCB=0.9798 | mu=0.3691 | std=0.8636 | f=0.4491
2025-10-13 08:40:42,377 - INFO - [round 15] pick 3/5: CCCN(CCC)CC(O)c1cc(-c2ccccc2)nc2ccccc12 | UCB=0.9648 | mu=0.3824 | std=0.8236 | f=0.4114
2025-10-13 08:40:42,412 - INFO - [round 15] pick 4/5: COCCNc1c(-c2ccc(O)cc2)nc2ccc(Cl)cn12 | UCB=0.962 | mu=0.3451 | std=0.8724 | f=0.4082
2025-10-13 08:40:42,448 - INFO - [round 15] pick 5/5: CC(C)NC(=N)c1ccc(-c2cn(-c3ccc(C(=N)NC(C)C)cc3O)nn2)cc1 | UCB=0.9434 | mu=0.2962 | std=0.9153 | f=0.3448
2025-10-13 08:40:42,486 - INFO - Round 15 done in 53.00s; train size=90
2025-10-13 08:40:42,486 - INFO - 
--- Round 16 | trial=5 | sqrt_beta=0.7071 (beta=0.5000) | rho=0.70 | train size=90 ---
2025-10-13 08:41:39,714 - INFO - [round 16] pick 1/5: CCCCc1nc(Cl)c(C(=O)O)n1Cc1ccc(-c2ccccc2C(=O)O)cc1 | UCB=1 | mu=0.4602 | std=0.7636 | f=0.4841
2025-10-13 08:41:39,752 - INFO - [round 16] pick 2/5: CCOC(=O)c1cc(-c2ccc(NC(=O)c3ccc(Cl)cc3)cc2)[nH]n1 | UCB=0.9846 | mu=0.3871 | std=0.8449 | f=0.4979
2025-10-13 08:41:39,791 - INFO - [round 16] pick 3/5: CCN(CC)CCN1C(=O)C(O)N=C(c2ccccc2)c2cc(Cl)ccc21 | UCB=0.9822 | mu=0.3738 | std=0.8604 | f=0.4629
2025-10-13 08:41:39,831 - INFO - [round 16] pick 4/5: CC(C)Oc1ccc(-c2nc(SCc3cccc(F)c3F)nc(O)c2C#N)cc1 | UCB=0.9438 | mu=0.3095 | std=0.8971 | f=0.3472
2025-10-13 08:41:39,872 - INFO - [round 16] pick 5/5: CSc1ccc(-c2cn3ccsc3n2)c(O)c1 | UCB=0.9157 | mu=0.2585 | std=0.9294 | f=0.3244
2025-10-13 08:41:39,913 - INFO - Round 16 done in 57.43s; train size=95
2025-10-13 08:41:39,913 - INFO - 
--- Round 17 | trial=5 | sqrt_beta=0.7071 (beta=0.5000) | rho=0.70 | train size=95 ---
2025-10-13 08:42:38,796 - INFO - [round 17] pick 1/5: CCSc1nnc2c(n1)OC(c1ccc(C(=O)O)cc1)N(C(C)=O)c1ccccc1-2 | UCB=0.9956 | mu=0.3722 | std=0.8816 | f=0.1645
2025-10-13 08:42:38,839 - INFO - [round 17] pick 2/5: CCOC(=O)Cc1cc(O)n2ncc(-c3ccc(Cl)cc3)c2n1 | UCB=0.9945 | mu=0.3862 | std=0.8604 | f=0.4623
2025-10-13 08:42:38,883 - INFO - [round 17] pick 3/5: CCCCc1nc(Cc2ccc(-c3ccccc3-c3nn[nH]n3)cc2)nn1CCCC | UCB=0.9911 | mu=0.3751 | std=0.8712 | f=0.1502
2025-10-13 08:42:38,927 - INFO - [round 17] pick 4/5: CC(CC(Cc1ccc(-c2cccc(Cl)c2)cc1)N=C(O)c1cc(C(=O)O)n[nH]1)C(=O)O | UCB=0.9772 | mu=0.3544 | std=0.8808 | f=0.4211
2025-10-13 08:42:38,972 - INFO - [round 17] pick 5/5: O=S1(=O)N=C(N(CCO)N=Cc2ccc(Cl)cc2)c2ccccc21 | UCB=0.9796 | mu=0.3603 | std=0.8759 | f=0.4115
2025-10-13 08:42:39,018 - INFO - Round 17 done in 59.10s; train size=100
2025-10-13 08:42:39,018 - INFO - 
--- Round 18 | trial=5 | sqrt_beta=0.7071 (beta=0.5000) | rho=0.70 | train size=100 ---
2025-10-13 08:43:39,179 - INFO - [round 18] pick 1/5: CCOC(=O)c1c(-c2ccc(Cl)cc2)cn2ccccc12 | UCB=1.001 | mu=0.4128 | std=0.832 | f=0.5068
2025-10-13 08:43:39,226 - INFO - [round 18] pick 2/5: CCN(CC)CCN(Cc1cc2ccc(C)cc2nc1O)C(=O)Nc1ccc(Cl)cc1 | UCB=0.9832 | mu=0.3856 | std=0.8452 | f=0.4341
2025-10-13 08:43:39,274 - INFO - [round 18] pick 3/5: CCOP(=O)(Cc1ccc(-c2nc3cccc(O)c3s2)cc1)OCC | UCB=0.9777 | mu=0.3551 | std=0.8805 | f=0.429
2025-10-13 08:43:39,323 - INFO - [round 18] pick 4/5: Oc1ccc(Cl)cc1-c1cc(-c2ccccc2)[nH]n1 | UCB=0.9808 | mu=0.373 | std=0.8595 | f=0.4101
2025-10-13 08:43:39,373 - INFO - [round 18] pick 5/5: O=C(CC(Sc1ccc(Br)cc1)C(=O)O)c1ccc(Br)cc1 | UCB=0.9408 | mu=0.3017 | std=0.9039 | f=0.1379
2025-10-13 08:43:39,424 - INFO - Round 18 done in 60.41s; train size=105
2025-10-13 08:43:39,424 - INFO - 
--- Round 19 | trial=5 | sqrt_beta=0.7071 (beta=0.5000) | rho=0.70 | train size=105 ---
2025-10-13 08:44:44,577 - INFO - [round 19] pick 1/5: O=C(O)c1cc(-c2ccc(Cl)cc2)n(-c2cccc(Cl)c2)n1 | UCB=1.001 | mu=0.4108 | std=0.835 | f=0.3857
2025-10-13 08:44:44,629 - INFO - [round 19] pick 2/5: CCOC(=O)C(=O)Nc1nc(-c2ccc(-c3ccccc3)cc2O)cs1 | UCB=0.9852 | mu=0.3792 | std=0.857 | f=0.4875
2025-10-13 08:44:44,682 - INFO - [round 19] pick 3/5: CCOC(=O)c1c(CCc2ccc(Cl)cc2)[nH]c2ccc(O)cc12 | UCB=0.9957 | mu=0.3901 | std=0.8564 | f=0.5
2025-10-13 08:44:44,735 - INFO - [round 19] pick 4/5: CCN(CC)CCSc1n[nH]c(-c2ccc(Cl)cc2)n1 | UCB=0.9663 | mu=0.3757 | std=0.8353 | f=0.1541
2025-10-13 08:44:44,790 - INFO - [round 19] pick 5/5: CCn1c2ccccc2c2ccc(C=CC3=[N+]([O-])C(OCCO)C(C)(C)C3)cc21 | UCB=0.9352 | mu=0.2948 | std=0.9057 | f=0.1627
2025-10-13 08:44:44,846 - INFO - Round 19 done in 65.42s; train size=110
2025-10-13 08:44:44,846 - INFO - 
--- Round 20 | trial=5 | sqrt_beta=0.7071 (beta=0.5000) | rho=0.70 | train size=110 ---
2025-10-13 08:45:49,689 - INFO - [round 20] pick 1/5: CCOC(=O)Nc1nc(-c2ccccc2)c(C(=O)c2ccc(Cl)cc2)s1 | UCB=1.007 | mu=0.435 | std=0.8096 | f=0.5083
2025-10-13 08:45:49,746 - INFO - [round 20] pick 2/5: CCOC(=O)c1c(CSc2cc(Cl)cc(Cl)c2)[nH]c2c1cc(O)c1ccccc12 | UCB=0.9803 | mu=0.3494 | std=0.8922 | f=0.1847
2025-10-13 08:45:49,804 - INFO - [round 20] pick 3/5: Oc1ccc(-c2cn3cc(Cl)ccc3n2)cc1 | UCB=0.9738 | mu=0.3848 | std=0.8329 | f=0.3392
2025-10-13 08:45:49,863 - INFO - [round 20] pick 4/5: CCOC(=O)c1cc(-c2ccccc2C)nn1Cc1cc(CC)no1 | UCB=0.9718 | mu=0.3441 | std=0.8878 | f=0.5357
2025-10-13 08:45:49,923 - INFO - [round 20] pick 5/5: CCCN(CCc1ccccc1)CCc1ccc(O)c2nc(O)ccc12 | UCB=0.9779 | mu=0.3649 | std=0.8669 | f=0.4114
2025-10-13 08:45:49,983 - INFO - Round 20 done in 65.14s; train size=115
2025-10-13 08:45:49,984 - INFO - 
--- Round 21 | trial=5 | sqrt_beta=0.7071 (beta=0.5000) | rho=0.70 | train size=115 ---
2025-10-13 08:47:00,549 - INFO - [round 21] pick 1/5: CCOC(=O)c1cc(-c2ccccc2)nn1CC1CC(c2ccc(Cl)cc2)=NO1 | UCB=1.025 | mu=0.4395 | std=0.8281 | f=0.1832
2025-10-13 08:47:00,611 - INFO - [round 21] pick 2/5: CCCc1ccc(C(O)c2nc(-c3ccccc3C)c[nH]2)cc1 | UCB=0.9949 | mu=0.3912 | std=0.8537 | f=0.4378
2025-10-13 08:47:00,674 - INFO - [round 21] pick 3/5: CCOC(=O)c1ccc(NC(=O)Nc2nc3ccc(Cl)cc3s2)cc1 | UCB=0.9926 | mu=0.3986 | std=0.8401 | f=0.4937
2025-10-13 08:47:00,738 - INFO - [round 21] pick 4/5: CC(C)c1ccccc1Cn1cc(-c2ccc(O)c(O)c2)nn1 | UCB=0.9708 | mu=0.3478 | std=0.881 | f=0.393
2025-10-13 08:47:00,803 - INFO - [round 21] pick 5/5: CCCN(CCC)C(=O)C1=Cc2ccc(C(O)=Nc3nccs3)cc2NC(=N)C1 | UCB=0.9312 | mu=0.2822 | std=0.9178 | f=0.4319
2025-10-13 08:47:00,869 - INFO - Round 21 done in 70.89s; train size=120
2025-10-13 08:47:00,869 - INFO - 
--- Round 22 | trial=5 | sqrt_beta=0.7071 (beta=0.5000) | rho=0.70 | train size=120 ---
2025-10-13 08:48:12,454 - INFO - [round 22] pick 1/5: CCc1nn(Cc2ccc(NC(=O)c3ccc(Cl)cc3Br)cc2)c(CC)c1CC(=O)O | UCB=0.9938 | mu=0.3874 | std=0.8575 | f=0.4456
2025-10-13 08:48:12,522 - INFO - [round 22] pick 2/5: CCOc1ccc(-c2cc(-c3ccccc3O)nc(=S)[nH]2)cc1 | UCB=0.9884 | mu=0.415 | std=0.8109 | f=0.4264
2025-10-13 08:48:12,591 - INFO - [round 22] pick 3/5: C#CCCOC(=O)c1cc(C(=O)c2ccc(Cl)cc2)n2c(C)cccc12 | UCB=0.9892 | mu=0.3777 | std=0.8648 | f=0.4896
2025-10-13 08:48:12,661 - INFO - [round 22] pick 4/5: CCOC(=O)C(C=Nc1nc(-c2ccc3ccccc3c2)cs1)=C(O)OCC | UCB=0.9869 | mu=0.3592 | std=0.8878 | f=0.476
2025-10-13 08:48:12,732 - INFO - [round 22] pick 5/5: CCCNc1ncc(-c2ccncc2-c2cccc(Cl)c2)s1 | UCB=0.9655 | mu=0.3394 | std=0.8854 | f=0.3946
2025-10-13 08:48:12,804 - INFO - Round 22 done in 71.93s; train size=125
2025-10-13 08:48:12,804 - INFO - 
--- Round 23 | trial=5 | sqrt_beta=0.7071 (beta=0.5000) | rho=0.70 | train size=125 ---
2025-10-13 08:49:26,831 - INFO - [round 23] pick 1/5: CCOC(=O)Cc1ccc(NC(=O)n2ncc3cc(Cl)ccc32)cc1 | UCB=1.003 | mu=0.4066 | std=0.8431 | f=0.4724
2025-10-13 08:49:26,905 - INFO - [round 23] pick 2/5: CCCOC(=O)c1ccc(Oc2c(C)n[nH]c2-c2ccc(O)cc2O)cc1 | UCB=0.9964 | mu=0.3744 | std=0.8796 | f=0.4629
2025-10-13 08:49:26,979 - INFO - [round 23] pick 3/5: CSCCC(NC(=O)c1ccc(NC(=O)Cc2csc(S)n2)cc1-c1ccccc1C)C(=O)O | UCB=0.9884 | mu=0.3589 | std=0.8903 | f=0.441
2025-10-13 08:49:27,055 - INFO - [round 23] pick 4/5: ON=Cc1ccc2noc(-c3ccc(Cl)cc3)c2c1 | UCB=0.9662 | mu=0.3647 | std=0.8506 | f=0.3444
2025-10-13 08:49:27,133 - INFO - [round 23] pick 5/5: CCOC(=O)c1c(CC)nc(-c2ccccc2)c(C(=O)OCC)c1C | UCB=0.9835 | mu=0.3759 | std=0.8593 | f=0.2182
2025-10-13 08:49:27,211 - INFO - Round 23 done in 74.41s; train size=130
2025-10-13 08:49:27,211 - INFO - 
--- Round 24 | trial=5 | sqrt_beta=0.7071 (beta=0.5000) | rho=0.70 | train size=130 ---
2025-10-13 08:50:44,460 - INFO - [round 24] pick 1/5: CCOC(=O)Cc1cccc(C(=O)c2ccc(Cl)cc2)c1N | UCB=1.004 | mu=0.4252 | std=0.8186 | f=0.1898
2025-10-13 08:50:44,545 - INFO - [round 24] pick 2/5: O=C(Nc1ccc(N(CCO)CCO)cc1)c1cnc2ccccc2c1O | UCB=0.9863 | mu=0.3911 | std=0.8418 | f=0.419
2025-10-13 08:50:44,634 - INFO - [round 24] pick 3/5: Cc1cc(O)ccc1-c1ccc2c(Cl)c(O)ccc2c1 | UCB=0.9831 | mu=0.3724 | std=0.8637 | f=0.3698
2025-10-13 08:50:44,719 - INFO - [round 24] pick 4/5: CCOc1ccc(-c2nc(-c3cccc(C(=O)O)n3)cs2)cc1OCC | UCB=0.9812 | mu=0.3601 | std=0.8783 | f=0.4347
2025-10-13 08:50:44,802 - INFO - [round 24] pick 5/5: CCc1nc(C)cn1Cc1coc(-c2ccccc2C)n1 | UCB=0.9524 | mu=0.3331 | std=0.8758 | f=0.4492
2025-10-13 08:50:44,888 - INFO - Round 24 done in 77.68s; train size=135
2025-10-13 08:50:44,888 - INFO - 
--- Round 25 | trial=5 | sqrt_beta=0.7071 (beta=0.5000) | rho=0.70 | train size=135 ---
2025-10-13 08:52:05,036 - INFO - [round 25] pick 1/5: CCOc1ccc(NC(=O)Nc2ccc(Cl)cc2)cc1-c1c(Br)cnn1C | UCB=1.004 | mu=0.403 | std=0.8498 | f=0.4206
2025-10-13 08:52:05,123 - INFO - [round 25] pick 2/5: Cc1ccccc1NC(=O)c1nnc(COc2ccc(CCC(=O)O)cc2)s1 | UCB=0.9927 | mu=0.3804 | std=0.8659 | f=0.476
2025-10-13 08:52:05,210 - INFO - [round 25] pick 3/5: CCN(CC)C(=O)c1cc(-c2ccccc2I)c2ccccc2n1 | UCB=0.9921 | mu=0.4008 | std=0.8362 | f=0.4454
2025-10-13 08:52:05,297 - INFO - [round 25] pick 4/5: CC(C)c1ccc(-c2csc(NC(=O)c3cccs3)c2C(=O)O)cc1 | UCB=0.9876 | mu=0.3645 | std=0.8812 | f=0.4082
2025-10-13 08:52:05,387 - INFO - [round 25] pick 5/5: CN(C)CCCN1c2ccc(O)cc2Sc2ccc(Cl)cc21 | UCB=0.9563 | mu=0.322 | std=0.897 | f=0.3979
2025-10-13 08:52:05,477 - INFO - Round 25 done in 80.59s; train size=140
2025-10-13 08:52:05,477 - INFO - 
--- Round 26 | trial=5 | sqrt_beta=0.7071 (beta=0.5000) | rho=0.70 | train size=140 ---
2025-10-13 08:53:29,689 - INFO - [round 26] pick 1/5: CCN(Cc1ccccc1)C(=O)Nc1cc(-c2ccc(Cl)cc2)sc1C(=O)O | UCB=1.005 | mu=0.4233 | std=0.8222 | f=0.4677
2025-10-13 08:53:29,782 - INFO - [round 26] pick 2/5: O=C(O)Cc1ccc(OCc2nc(-c3cccc(Cl)c3)no2)cc1 | UCB=1.003 | mu=0.4085 | std=0.841 | f=0.4212
2025-10-13 08:53:29,876 - INFO - [round 26] pick 3/5: Cc1ccccc1-c1ccc2ncn(C)c2c1CN | UCB=0.9812 | mu=0.3641 | std=0.8727 | f=0.4493
2025-10-13 08:53:29,971 - INFO - [round 26] pick 4/5: CCCOc1ccc(C=C(CC(=O)O)c2nc3ccccc3s2)cc1OCC | UCB=0.9952 | mu=0.3854 | std=0.8624 | f=0.496
2025-10-13 08:53:30,069 - INFO - [round 26] pick 5/5: Oc1c(-c2ccsc2)cnc2c(-c3ccsc3)cnn12 | UCB=0.9453 | mu=0.2913 | std=0.925 | f=0.1144
2025-10-13 08:53:30,166 - INFO - Round 26 done in 84.69s; train size=145
2025-10-13 08:53:30,166 - INFO - 
--- Round 27 | trial=5 | sqrt_beta=0.7071 (beta=0.5000) | rho=0.70 | train size=145 ---
2025-10-13 08:54:57,320 - INFO - [round 27] pick 1/5: CCCC(Nc1nc2ccccc2cc1C)c1ccc(C(=O)NCCC(=O)O)cc1 | UCB=1.002 | mu=0.3983 | std=0.8541 | f=0.4767
2025-10-13 08:54:57,419 - INFO - [round 27] pick 2/5: CCc1ccc(NC(=S)OCCN2C(=O)c3ccccc3C2=O)cc1 | UCB=1.002 | mu=0.3918 | std=0.8628 | f=0.4724
2025-10-13 08:54:57,520 - INFO - [round 27] pick 3/5: CC(C)Cc1cn(-c2cccc(C(=O)O)n2)c2cc(Cl)ccc12 | UCB=0.9915 | mu=0.3788 | std=0.8664 | f=0.4183
2025-10-13 08:54:57,622 - INFO - [round 27] pick 4/5: CCCC(=O)Nc1nc(-c2ccc(OCc3c(Cl)cccc3Cl)cc2)c(C(=O)OCC)s1 | UCB=0.9972 | mu=0.4002 | std=0.8443 | f=0.5427
2025-10-13 08:54:57,726 - INFO - [round 27] pick 5/5: C=CCc1ccc(O)c(-c2ccc(OC(C)C)c(CC=C)c2)c1 | UCB=0.9639 | mu=0.3262 | std=0.9019 | f=0.1362
2025-10-13 08:54:57,959 - INFO - Round 27 done in 87.79s; train size=150
2025-10-13 08:54:57,959 - INFO - 
--- Round 28 | trial=5 | sqrt_beta=0.7071 (beta=0.5000) | rho=0.70 | train size=150 ---
2025-10-13 08:56:28,456 - INFO - [round 28] pick 1/5: CCOC(=O)c1ccc(OCc2nc3ccccc3n(C)c2=O)cc1 | UCB=1.012 | mu=0.4456 | std=0.8012 | f=0.5357
2025-10-13 08:56:28,563 - INFO - [round 28] pick 2/5: CCCOc1cccc(NC(=O)c2c(-c3ccccc3Cl)noc2C)c1 | UCB=1.011 | mu=0.3981 | std=0.8674 | f=0.5083
2025-10-13 08:56:28,671 - INFO - [round 28] pick 3/5: CCCN(CCC)C(=O)Cc1c(-c2cccs2)[nH]c2ccc(Cl)cc12 | UCB=0.9842 | mu=0.3821 | std=0.8516 | f=0.4616
2025-10-13 08:56:28,781 - INFO - [round 28] pick 4/5: Cc1ccccc1-c1ccc(N2C(=O)C(SCCO)=C(SCCO)C2=O)cc1C | UCB=0.9819 | mu=0.3575 | std=0.8831 | f=0.4336
2025-10-13 08:56:28,891 - INFO - [round 28] pick 5/5: O=C(Cn1c[n+](CC(=O)c2ccc(Cl)cc2O)cn1)c1ccc(Cl)cc1O | UCB=0.97 | mu=0.3369 | std=0.8954 | f=0.4114
2025-10-13 08:56:29,003 - INFO - Round 28 done in 91.04s; train size=155
2025-10-13 08:56:29,003 - INFO - 
--- Round 29 | trial=5 | sqrt_beta=0.7071 (beta=0.5000) | rho=0.70 | train size=155 ---
2025-10-13 08:57:57,957 - INFO - [round 29] pick 1/5: CCC(CC)(CC(=O)Nc1cccc(OCc2ccc3cc(C)ccc3n2)c1)C(=O)O | UCB=1.018 | mu=0.4071 | std=0.8633 | f=0.4732
2025-10-13 08:57:58,070 - INFO - [round 29] pick 2/5: Cc1ccccc1-c1nc2cc(Cl)ccc2c(=O)o1 | UCB=1.007 | mu=0.4178 | std=0.8327 | f=0.4369
2025-10-13 08:57:58,185 - INFO - [round 29] pick 3/5: CCCOC(=O)c1ccc(N2C(=O)c3ccccc3C2=O)cc1 | UCB=1.012 | mu=0.441 | std=0.8072 | f=0.4956
2025-10-13 08:57:58,300 - INFO - [round 29] pick 4/5: CCc1ccc(NC(=O)c2cc3sc(Cl)cc3n2C)cc1 | UCB=0.993 | mu=0.3813 | std=0.8651 | f=0.4273
2025-10-13 08:57:58,416 - INFO - [round 29] pick 5/5: OCCOCCn1c(C(CO)Nc2nc(-c3ccccc3Br)cs2)nc2ccccc21 | UCB=0.977 | mu=0.3478 | std=0.8898 | f=0.147
2025-10-13 08:57:58,535 - INFO - Round 29 done in 89.53s; train size=160
2025-10-13 08:57:58,535 - INFO - 
--- Round 30 | trial=5 | sqrt_beta=0.7071 (beta=0.5000) | rho=0.70 | train size=160 ---
2025-10-13 08:59:30,662 - INFO - [round 30] pick 1/5: CCOC(=O)C1(Cc2ccc(OCc3cc(CC)nc4ccccc34)cc2)CC1C(=O)NO | UCB=1.013 | mu=0.4204 | std=0.8381 | f=0.19
2025-10-13 08:59:30,783 - INFO - [round 30] pick 2/5: Cn1c(C(=O)Nc2cccc(Cl)c2)cc2cc(O)ccc21 | UCB=1.004 | mu=0.4035 | std=0.849 | f=0.403
2025-10-13 08:59:30,905 - INFO - [round 30] pick 3/5: CCN(CC)c1ccc(C=c2sc3nnc(-c4ccccc4C)n3c2=O)cc1 | UCB=0.9922 | mu=0.3962 | std=0.8429 | f=0.1563
2025-10-13 08:59:31,028 - INFO - [round 30] pick 4/5: Cc1cc(=N)[nH]c(C)c1CN=C(O)c1cnn(Cc2ccc(Cl)cc2)c1 | UCB=0.9811 | mu=0.3551 | std=0.8853 | f=0.4035
2025-10-13 08:59:31,152 - INFO - [round 30] pick 5/5: CCCOC(=O)c1ccc([N+](=O)[O-])cc1NC(=O)c1ccccc1Cl | UCB=0.9986 | mu=0.3907 | std=0.8596 | f=0.1988
2025-10-13 08:59:31,281 - INFO - Round 30 done in 92.75s; train size=165
2025-10-13 08:59:31,281 - INFO - 
--- Round 31 | trial=5 | sqrt_beta=0.7071 (beta=0.5000) | rho=0.70 | train size=165 ---
2025-10-13 09:01:04,975 - INFO - [round 31] pick 1/5: Cc1nc2cc(NC(=O)c3ccc(Cl)cc3)ccc2n1C | UCB=1.01 | mu=0.4381 | std=0.8084 | f=0.4152
2025-10-13 09:01:05,102 - INFO - [round 31] pick 2/5: CCc1nn(CC(=O)O)c(CC)c1Cc1ccc2ccccc2c1 | UCB=1.01 | mu=0.4121 | std=0.845 | f=0.4674
2025-10-13 09:01:05,232 - INFO - [round 31] pick 3/5: CCOC(=O)c1cc(-c2cccc(OCc3cccc(C)c3)c2)on1 | UCB=0.9952 | mu=0.3829 | std=0.8659 | f=0.5126
2025-10-13 09:01:05,364 - INFO - [round 31] pick 4/5: CNCCSC1=Cc2ccccc2Sc2ccc(Cl)cc21 | UCB=0.985 | mu=0.3605 | std=0.8832 | f=0.4237
2025-10-13 09:01:05,496 - INFO - [round 31] pick 5/5: CCCCCCC(Oc1ccc2c(=O)c(-c3ccc(O)cc3)coc2c1)C(=O)OCC | UCB=0.9791 | mu=0.3668 | std=0.866 | f=0.4521
2025-10-13 09:01:05,632 - INFO - Round 31 done in 94.35s; train size=170
2025-10-13 09:01:05,632 - INFO - 
--- Round 32 | trial=5 | sqrt_beta=0.7071 (beta=0.5000) | rho=0.70 | train size=170 ---
2025-10-13 09:02:43,077 - INFO - [round 32] pick 1/5: CCOc1ccccc1NC(=O)Cn1c(-c2ccc(Cl)cc2)noc1=O | UCB=1.015 | mu=0.4336 | std=0.8226 | f=0.4771
2025-10-13 09:02:43,219 - INFO - [round 32] pick 2/5: CCCC1=NN(C(=O)Nc2cccc(C)c2)C(CCC)=NN1C(=O)Nc1cccc(C)c1 | UCB=0.994 | mu=0.3625 | std=0.8931 | f=0.4584
2025-10-13 09:02:43,357 - INFO - [round 32] pick 3/5: CC(C)c1ccc(NC(=O)c2snc3ccc(Cl)cc23)cc1 | UCB=1.001 | mu=0.411 | std=0.8347 | f=0.3979
2025-10-13 09:02:43,496 - INFO - [round 32] pick 4/5: COC(=O)N(CC(=O)O)Cc1cccc(OCc2coc(-c3ccc(F)cc3)n2)c1 | UCB=0.9992 | mu=0.3886 | std=0.8635 | f=0.4571
2025-10-13 09:02:43,636 - INFO - [round 32] pick 5/5: O=C(O)CCSCCCN1C(=O)c2cccc3cccc(c23)C1=O | UCB=0.977 | mu=0.3457 | std=0.8928 | f=0.4229
2025-10-13 09:02:43,778 - INFO - Round 32 done in 98.15s; train size=175
2025-10-13 09:02:43,778 - INFO - 
--- Round 33 | trial=5 | sqrt_beta=0.7071 (beta=0.5000) | rho=0.70 | train size=175 ---
2025-10-13 09:04:26,621 - INFO - [round 33] pick 1/5: CCOC(=O)c1ccc(NC(=O)Cc2noc3ccc(C)cc23)cc1 | UCB=1.009 | mu=0.4348 | std=0.8124 | f=0.5042
2025-10-13 09:04:26,765 - INFO - [round 33] pick 2/5: CCCN1C(=O)c2ccccc2C(C(=O)O)C1c1cccc(Cl)c1 | UCB=1.006 | mu=0.4016 | std=0.8544 | f=0.4913
2025-10-13 09:04:26,911 - INFO - [round 33] pick 3/5: Cc1cccc2sc(N(CCCN(C)C)C(=O)COc3ccc(Cl)cc3)nc12 | UCB=1 | mu=0.4032 | std=0.8444 | f=0.4575
2025-10-13 09:04:27,058 - INFO - [round 33] pick 4/5: CCCc1c(CCC(=O)O)cccc1OCCCOc1cc(O)c(-c2cc[nH]n2)cc1CC | UCB=0.979 | mu=0.345 | std=0.8967 | f=0.433
2025-10-13 09:04:27,333 - INFO - [round 33] pick 5/5: Cc1nc(O)c(C#N)cc1-c1ccc(-n2ccnc2)cc1 | UCB=0.9658 | mu=0.3411 | std=0.8835 | f=0.3374
2025-10-13 09:04:27,484 - INFO - Round 33 done in 103.71s; train size=180
2025-10-13 09:04:27,484 - INFO - 
--- Round 34 | trial=5 | sqrt_beta=0.7071 (beta=0.5000) | rho=0.70 | train size=180 ---
2025-10-13 09:06:15,058 - INFO - [round 34] pick 1/5: O=C(O)COc1ccccc1COc1ccc(Cl)cc1-c1ccno1 | UCB=1.012 | mu=0.4009 | std=0.8644 | f=0.4598
2025-10-13 09:06:15,210 - INFO - [round 34] pick 2/5: CCOc1cccc(-c2ccc(NC(=O)C(C)(N)CO)cc2)c1 | UCB=1.01 | mu=0.413 | std=0.8449 | f=0.1582
2025-10-13 09:06:15,365 - INFO - [round 34] pick 3/5: CCCN(CC(=O)Nc1ccccc1C)C(=O)Cc1coc2cc(C)ccc12 | UCB=1.005 | mu=0.4 | std=0.856 | f=0.498
2025-10-13 09:06:15,521 - INFO - [round 34] pick 4/5: CCCCC(C(=O)O)N1C(=O)c2cc(I)ccc2NC(=O)C1c1ccc(Cl)cc1 | UCB=0.9951 | mu=0.378 | std=0.8728 | f=0.4455
2025-10-13 09:06:15,679 - INFO - [round 34] pick 5/5: Cc1noc(C)c1Cn1cc(N=C(O)c2cccc(Cl)c2)cn1 | UCB=0.9794 | mu=0.3532 | std=0.8857 | f=0.4049
2025-10-13 09:06:15,839 - INFO - Round 34 done in 108.36s; train size=185
2025-10-13 09:06:15,839 - INFO - 
--- Round 35 | trial=5 | sqrt_beta=0.7071 (beta=0.5000) | rho=0.70 | train size=185 ---
2025-10-13 09:08:00,971 - INFO - [round 35] pick 1/5: Cc1ccccc1OCCC(=O)OCC(=O)Nc1ccc2[nH]c(O)nc2c1 | UCB=1.016 | mu=0.4033 | std=0.8662 | f=0.5121
2025-10-13 09:08:01,133 - INFO - [round 35] pick 2/5: O=C(O)Cc1csc2cc(OCc3cc(-c4ccc(Cl)cc4)on3)ccc12 | UCB=1.007 | mu=0.4099 | std=0.8437 | f=0.1456
2025-10-13 09:08:01,296 - INFO - [round 35] pick 3/5: CSCCC(NC(=O)c1cccc(C)c1)C(=O)OCN1C(=O)c2ccccc2C1=O | UCB=1.008 | mu=0.4106 | std=0.8444 | f=0.4785
2025-10-13 09:08:01,462 - INFO - [round 35] pick 4/5: CCCCN(Cc1cc2cc(Cl)ccc2nc1O)C(=O)c1ccccn1 | UCB=1.012 | mu=0.4105 | std=0.8501 | f=0.4561
2025-10-13 09:08:01,632 - INFO - [round 35] pick 5/5: CCCn1cc(C2=NS(=O)(=O)c3cc(I)ccc3N2)c2ccccc21 | UCB=0.9967 | mu=0.3726 | std=0.8825 | f=0.1618
2025-10-13 09:08:01,805 - INFO - Round 35 done in 105.97s; train size=190
2025-10-13 09:08:01,805 - INFO - 
--- Round 36 | trial=5 | sqrt_beta=0.7071 (beta=0.5000) | rho=0.70 | train size=190 ---
2025-10-13 09:09:52,882 - INFO - [round 36] pick 1/5: Cc1cccc(NC(=O)CN2C(=O)C(=O)c3ccccc32)c1 | UCB=1.017 | mu=0.4257 | std=0.8357 | f=0.4453
2025-10-13 09:09:53,052 - INFO - [round 36] pick 2/5: CCc1c(CC(N)=O)c2c(OCC(=O)O)cccc2n1Cc1cccc(Cl)c1 | UCB=1.016 | mu=0.4127 | std=0.853 | f=0.4899
2025-10-13 09:09:53,225 - INFO - [round 36] pick 3/5: Cc1cccc(C)c1OCC(=O)OCC(O)=C(C#N)c1nc2ccccc2[nH]1 | UCB=1.009 | mu=0.3846 | std=0.8826 | f=0.4779
2025-10-13 09:09:53,398 - INFO - [round 36] pick 4/5: CCCOc1ccc(-c2nonc2NC(=O)c2cccc(C)c2)cc1OCCC | UCB=1.01 | mu=0.4047 | std=0.8554 | f=0.4606
2025-10-13 09:09:53,573 - INFO - [round 36] pick 5/5: CC(O)c1cc(C(O)=NC(C)c2ccccc2F)ccc1-c1cn[nH]c1 | UCB=0.9793 | mu=0.3491 | std=0.8912 | f=0.3922
2025-10-13 09:09:53,750 - INFO - Round 36 done in 111.95s; train size=195
2025-10-13 09:09:53,750 - INFO - 
--- Round 37 | trial=5 | sqrt_beta=0.7071 (beta=0.5000) | rho=0.70 | train size=195 ---
2025-10-13 09:11:48,212 - INFO - [round 37] pick 1/5: Cc1ccc(OCC(=O)NCCc2nc3ccccc3[nH]2)c(C)c1 | UCB=1.018 | mu=0.4164 | std=0.8501 | f=0.4763
2025-10-13 09:11:48,391 - INFO - [round 37] pick 2/5: CCOC(=O)c1cccc(NC(=O)c2ccc3nc(C(C)C)oc3c2)c1 | UCB=1.017 | mu=0.4186 | std=0.8459 | f=0.5
2025-10-13 09:11:48,572 - INFO - [round 37] pick 3/5: CCCN(CCC)C(=O)Cc1c(-c2ccc(Cl)cc2)nc2c(NC(=O)CCC(=O)O)cccn12 | UCB=1.008 | mu=0.4512 | std=0.7878 | f=0.441
2025-10-13 09:11:48,755 - INFO - [round 37] pick 4/5: CC(=O)c1c(C)cc2cccc(OCc3cccc(Cl)c3)c2c1O | UCB=1.017 | mu=0.4176 | std=0.8479 | f=0.4583
2025-10-13 09:11:48,984 - INFO - [round 37] pick 5/5: CSCCN1C(=O)c2ccccc2Oc2nc(Cl)ccc21 | UCB=0.9891 | mu=0.3695 | std=0.8762 | f=0.4374
2025-10-13 09:11:49,173 - INFO - Round 37 done in 115.42s; train size=200
2025-10-13 09:11:49,173 - INFO - 
--- Round 38 | trial=5 | sqrt_beta=0.7071 (beta=0.5000) | rho=0.70 | train size=200 ---
2025-10-13 09:13:47,108 - INFO - [round 38] pick 1/5: Cc1ccc(C)c(C(=O)COC(=O)c2[nH]nc3ccccc23)c1 | UCB=1.022 | mu=0.4195 | std=0.8517 | f=0.5175
2025-10-13 09:13:47,297 - INFO - [round 38] pick 2/5: CCCCOC(=O)c1cccc(NC(=O)COc2ccc(Cl)cc2Cl)c1 | UCB=1.021 | mu=0.433 | std=0.8311 | f=0.1916
2025-10-13 09:13:47,488 - INFO - [round 38] pick 3/5: CCN1Cc2ccccc2C(=O)c2ccc(CC(=O)O)cc21 | UCB=1.011 | mu=0.4071 | std=0.8536 | f=0.4568
2025-10-13 09:13:47,680 - INFO - [round 38] pick 4/5: CSc1ccccc1OCc1cc(C(=O)N(C)Cc2ccc(C)o2)no1 | UCB=1.007 | mu=0.379 | std=0.8881 | f=0.4666
2025-10-13 09:13:47,874 - INFO - [round 38] pick 5/5: Cc1cccc2c1N=C(O)C(N=C(O)C(CCC(F)(F)F)C(CCC(F)(F)F)C(=N)O)N=C2c1cccc(Cl)c1 | UCB=0.9733 | mu=0.3371 | std=0.8998 | f=0.3953
2025-10-13 09:13:48,071 - INFO - Round 38 done in 118.90s; train size=205
2025-10-13 09:13:48,071 - INFO - 
--- Round 39 | trial=5 | sqrt_beta=0.7071 (beta=0.5000) | rho=0.70 | train size=205 ---
2025-10-13 09:15:47,787 - INFO - [round 39] pick 1/5: Cc1ccccc1OC(=O)n1c(=S)oc2cc(Cl)ccc21 | UCB=1.025 | mu=0.4181 | std=0.8583 | f=0.4629
2025-10-13 09:15:47,985 - INFO - [round 39] pick 2/5: Cc1nn(Cc2cccc(NC(=O)c3cccc(F)c3)c2)c(C)c1CC(=O)O | UCB=1.019 | mu=0.4225 | std=0.844 | f=0.4385
2025-10-13 09:15:48,190 - INFO - [round 39] pick 3/5: ON=C(CSc1nc2ccccc2[nH]1)c1ccc(O)c(Cl)c1 | UCB=1.009 | mu=0.3965 | std=0.8656 | f=0.4318
2025-10-13 09:15:48,394 - INFO - [round 39] pick 4/5: CCOC(O)=C1C(C)=NC(=S)NC1c1ccc(OC(=O)c2ccco2)cc1 | UCB=1.003 | mu=0.3716 | std=0.8932 | f=0.4939
2025-10-13 09:15:48,597 - INFO - [round 39] pick 5/5: CCCN(CCC)C(=O)Cn1c(SCc2cccc(Cl)c2)nc2ccncc21 | UCB=0.9975 | mu=0.4072 | std=0.8349 | f=0.4248
2025-10-13 09:15:48,803 - INFO - Round 39 done in 120.73s; train size=210
