2025-10-12 14:05:58,199 - INFO - 
--- Round 0 | trial=4 | sqrt_beta=3.1623 (beta=10.0000) | rho=0.75 | train size=10 ---
2025-10-12 14:06:09,764 - INFO - [round 0] pick 1/5: O=[N+]([O-])c1cnc2nc(O)c(O)nc2c1 | UCB=3.223 | mu=0.149 | std=0.972 | f=0.09921
2025-10-12 14:06:09,765 - INFO - [round 0] pick 2/5: CCCCCC(=O)Oc1cc2c(c(OC(C)=O)c1OC)C1OC(COC(C)=O)C(OC(C)=O)C(OC(C)=O)C1OC2=O | UCB=3.215 | mu=0.1052 | std=0.9833 | f=0.4058
2025-10-12 14:06:09,766 - INFO - [round 0] pick 3/5: COC1(OC)C2(Cl)C(Cl)=C(Cl)C1(Cl)C1C=CC=CC12 | UCB=3.211 | mu=0.08787 | std=0.9876 | f=0.3504
2025-10-12 14:06:09,767 - INFO - [round 0] pick 4/5: Brc1cc(Br)c2c(c1)Oc1c(Br)c(Br)c(Br)c(Br)c1O2 | UCB=3.21 | mu=0.08167 | std=0.9894 | f=0.255
2025-10-12 14:06:09,768 - INFO - [round 0] pick 5/5: Nc1ncccn1 | UCB=3.213 | mu=0.0767 | std=0.9918 | f=0.004703
2025-10-12 14:06:09,770 - INFO - Round 0 done in 11.57s; train size=15
2025-10-12 14:06:09,770 - INFO - 
--- Round 1 | trial=4 | sqrt_beta=3.1623 (beta=10.0000) | rho=0.75 | train size=15 ---
2025-10-12 14:06:24,041 - INFO - [round 1] pick 1/5: COC=Cc1cc2c(cc1C(OC)OC)OCO2 | UCB=3.237 | mu=0.1436 | std=0.9783 | f=0.1237
2025-10-12 14:06:24,042 - INFO - [round 1] pick 2/5: COc1cc(CCCOC2OC(CO)C(O)C(O)C2O)ccc1OC1OC(CO)C(O)C(O)C1O | UCB=3.237 | mu=0.1316 | std=0.9821 | f=0.3513
2025-10-12 14:06:24,044 - INFO - [round 1] pick 3/5: CCCCNc1c(Cl)c(Cl)c(C#N)c(Cl)c1C#N | UCB=3.228 | mu=0.1055 | std=0.9873 | f=0.00624
2025-10-12 14:06:24,045 - INFO - [round 1] pick 4/5: COC(=O)C1=C(C(=O)OC)C2(C(=O)OC)OC1(OC)C(C1(C(=O)OC)C(C(=O)OC)=C1C(=O)OC)=C2C(=O)OC | UCB=3.233 | mu=0.1431 | std=0.9771 | f=0.3803
2025-10-12 14:06:24,047 - INFO - [round 1] pick 5/5: COCC1=NOC2C1OC1OC(C)(C)OC12 | UCB=3.23 | mu=0.09623 | std=0.9909 | f=0.2822
2025-10-12 14:06:24,049 - INFO - Round 1 done in 14.28s; train size=20
2025-10-12 14:06:24,049 - INFO - 
--- Round 2 | trial=4 | sqrt_beta=3.1623 (beta=10.0000) | rho=0.75 | train size=20 ---
2025-10-12 14:06:40,872 - INFO - [round 2] pick 1/5: COC1=CC(C)=CC(C)C(O)C(C)CC(C)=CC=CC(OC)C(C(C)C(O)C(C)C2(OC)CC(OC)C(C)C(C(C)C)O2)OC1=O | UCB=3.249 | mu=0.1695 | std=0.9737 | f=0.116
2025-10-12 14:06:40,874 - INFO - [round 2] pick 2/5: CCC(=O)C(CCCCCCOc1ccc(OCCCCCCC(C(=O)CC)C(=O)CC)c(Cl)c1)C(=O)CC | UCB=3.237 | mu=0.1582 | std=0.9735 | f=0.007735
2025-10-12 14:06:40,876 - INFO - [round 2] pick 3/5: CC1(O)C(O)C(CSSCC2OC(n3cnc4c(N)ncnc43)C(C)(O)C2O)OC1n1cnc2c(N)ncnc21 | UCB=3.233 | mu=0.135 | std=0.9797 | f=3.753e-05
2025-10-12 14:06:40,879 - INFO - [round 2] pick 4/5: COC(=O)C1NC1C(=O)OC | UCB=3.231 | mu=0.1209 | std=0.9834 | f=0.007145
2025-10-12 14:06:40,881 - INFO - [round 2] pick 5/5: CC(=NNC(=N)N)c1cc(C(C)=NNC(=N)N)cc(C(C)=NNC(=N)N)c1 | UCB=3.228 | mu=0.1123 | std=0.9852 | f=0.005421
2025-10-12 14:06:40,884 - INFO - Round 2 done in 16.83s; train size=25
2025-10-12 14:06:40,884 - INFO - 
--- Round 3 | trial=4 | sqrt_beta=3.1623 (beta=10.0000) | rho=0.75 | train size=25 ---
2025-10-12 14:06:59,382 - INFO - [round 3] pick 1/5: COc1cc(-c2cc(OC)c(O)c3c2CCC(c2cc(OC)c(OC)c(OC)c2)O3)c2c(c1O)OC(c1cc(O)c(OC)c(OC)c1)CC2 | UCB=3.22 | mu=0.1778 | std=0.9622 | f=3.74e-05
2025-10-12 14:06:59,385 - INFO - [round 3] pick 2/5: [N-]=[N+]=NCC1OC(OS(=O)(=O)O)C(OS(=O)(=O)O)C(OS(=O)(=O)O)C1OS(=O)(=O)O | UCB=3.211 | mu=0.0894 | std=0.987 | f=0.003997
2025-10-12 14:06:59,388 - INFO - [round 3] pick 3/5: CC(=O)CCC1(Cc2ccc([N+](=O)[O-])cc2)C2(C)OOC1(C)OO2 | UCB=3.21 | mu=0.1647 | std=0.9629 | f=0.3795
2025-10-12 14:06:59,392 - INFO - [round 3] pick 4/5: O=C1NC(=O)C2C3C=CC(C12)C1C2C(=O)NC(=O)C2C31 | UCB=3.209 | mu=0.0935 | std=0.9853 | f=3.706e-05
2025-10-12 14:06:59,395 - INFO - [round 3] pick 5/5: C#CCOc1nc(OCC#C)nc(OCC#C)n1 | UCB=3.198 | mu=0.07164 | std=0.9887 | f=0.005037
2025-10-12 14:06:59,399 - INFO - Round 3 done in 18.51s; train size=30
2025-10-12 14:06:59,399 - INFO - 
--- Round 4 | trial=4 | sqrt_beta=3.1623 (beta=10.0000) | rho=0.75 | train size=30 ---
2025-10-12 14:07:20,728 - INFO - [round 4] pick 1/5: CC1(C)OB(c2ccc3c(cnn3COCC[Si](C)(C)C)c2)OC1(C)C | UCB=3.212 | mu=0.1563 | std=0.9662 | f=0.3721
2025-10-12 14:07:20,732 - INFO - [round 4] pick 2/5: CC(O[N+](=O)[O-])C1=CC(=C(Br)Br)OC1=O | UCB=3.207 | mu=0.1217 | std=0.9756 | f=0.005312
2025-10-12 14:07:20,736 - INFO - [round 4] pick 3/5: FC(F)(F)C1(C(F)(F)F)OC(Cl)(Cl)C(Cl)(Cl)O1 | UCB=3.196 | mu=0.05923 | std=0.992 | f=0.001693
2025-10-12 14:07:20,741 - INFO - [round 4] pick 4/5: [O-][S+](c1ccsc1)c1ccsc1 | UCB=3.2 | mu=0.1014 | std=0.9798 | f=0.102
2025-10-12 14:07:20,745 - INFO - [round 4] pick 5/5: C=CCC(CCC(C)=CC=CCCC=CC1CSC(C2CC2C)=N1)OCOC | UCB=3.194 | mu=0.07959 | std=0.985 | f=0.1109
2025-10-12 14:07:20,750 - INFO - Round 4 done in 21.35s; train size=35
2025-10-12 14:07:20,750 - INFO - 
--- Round 5 | trial=4 | sqrt_beta=3.1623 (beta=10.0000) | rho=0.75 | train size=35 ---
2025-10-12 14:07:44,764 - INFO - [round 5] pick 1/5: CC1(C)C(=CC=C(Cl)C=CC2=[N+](CCC[N+](C)(C)C)c3ccc(Cl)cc3C2(C)C)N(CCC[N+](C)(C)C)c2ccc(Cl)cc21 | UCB=3.211 | mu=0.1601 | std=0.9649 | f=0.1308
2025-10-12 14:07:44,770 - INFO - [round 5] pick 2/5: CC(C)(O)C(C)(C)OB(OC(C)(C)C(C)(C)O)c1ccncc1Br | UCB=3.207 | mu=0.1151 | std=0.9779 | f=0.00539
2025-10-12 14:07:44,775 - INFO - [round 5] pick 3/5: COCCOCCOCCOC(=O)CN1C(=O)C2(C)C=CC1OO2 | UCB=3.206 | mu=0.1577 | std=0.9639 | f=0.4115
2025-10-12 14:07:44,781 - INFO - [round 5] pick 4/5: CN(C)C=Nc1ccc2nonc2c1 | UCB=3.204 | mu=0.1407 | std=0.9687 | f=0.1125
2025-10-12 14:07:44,787 - INFO - [round 5] pick 5/5: C[P+](C)(C)C | UCB=3.187 | mu=0.04087 | std=0.9948 | f=2.332e-05
2025-10-12 14:07:44,794 - INFO - Round 5 done in 24.04s; train size=40
2025-10-12 14:07:44,794 - INFO - 
--- Round 6 | trial=4 | sqrt_beta=3.1623 (beta=10.0000) | rho=0.75 | train size=40 ---
2025-10-12 14:08:10,942 - INFO - [round 6] pick 1/5: COCCCN(CCCN)Cc1ccco1 | UCB=3.208 | mu=0.1413 | std=0.9698 | f=0.007335
2025-10-12 14:08:10,949 - INFO - [round 6] pick 2/5: O=C1C=CC23Oc4ccc(O)c5c4C(Oc4cccc1c42)(O3)C1OC1C5O | UCB=3.202 | mu=0.1626 | std=0.9611 | f=3.684e-08
2025-10-12 14:08:10,956 - INFO - [round 6] pick 3/5: COC(=O)CSC(=S)Nc1nnc(NC(=S)SCOC(C)=O)n1C(=S)SCC(=O)OC | UCB=3.195 | mu=0.1378 | std=0.9666 | f=0.006898
2025-10-12 14:08:10,963 - INFO - [round 6] pick 4/5: CC1(C)COC(C23C4C5C2C2C3C4C52I)=N1 | UCB=3.189 | mu=0.0901 | std=0.9801 | f=2.072e-08
2025-10-12 14:08:10,971 - INFO - [round 6] pick 5/5: CCOCCOCCOCCOc1c(Br)c(Br)c(OCCOCCOCCOCC)c(Br)c1Br | UCB=3.192 | mu=0.1394 | std=0.9654 | f=0.006433
2025-10-12 14:08:10,979 - INFO - Round 6 done in 26.19s; train size=45
2025-10-12 14:08:10,979 - INFO - 
--- Round 7 | trial=4 | sqrt_beta=3.1623 (beta=10.0000) | rho=0.75 | train size=45 ---
2025-10-12 14:08:39,884 - INFO - [round 7] pick 1/5: Cc1oc2c(C)c3oc(=O)c(CCC(=O)NCCCn4ccnc4)c(C)c3cc2c1C | UCB=3.188 | mu=0.1616 | std=0.9572 | f=0.1448
2025-10-12 14:08:39,893 - INFO - [round 7] pick 2/5: CC1CCC2C(C)C(OCCC#Cc3ccc(C#CCCOC4OC5OC6(C)CCC7C(C)CCC(C4C)C57OO6)cc3)OC3OC4(C)CCC1C32OO4 | UCB=3.185 | mu=0.1104 | std=0.9724 | f=4.779e-29
2025-10-12 14:08:39,902 - INFO - [round 7] pick 3/5: C1=CSSC=CSS1 | UCB=3.18 | mu=0.04581 | std=0.9912 | f=0.003719
2025-10-12 14:08:39,911 - INFO - [round 7] pick 4/5: O=S1(=O)OCCOS(=O)(=O)C1(F)Br | UCB=3.178 | mu=0.03862 | std=0.9928 | f=0.002492
2025-10-12 14:08:39,920 - INFO - [round 7] pick 5/5: O=COCCOC=O | UCB=3.174 | mu=0.04891 | std=0.9883 | f=3.404e-05
2025-10-12 14:08:39,930 - INFO - Round 7 done in 28.95s; train size=50
2025-10-12 14:08:39,930 - INFO - 
--- Round 8 | trial=4 | sqrt_beta=3.1623 (beta=10.0000) | rho=0.75 | train size=50 ---
2025-10-12 14:09:10,888 - INFO - [round 8] pick 1/5: CC=CC=CC(=O)OCC1OC2C(Oc3nc(=N)ccn32)C1OC(=O)C=CC=CC | UCB=3.182 | mu=0.1258 | std=0.9666 | f=0.3536
2025-10-12 14:09:10,899 - INFO - [round 8] pick 2/5: CC(C)C(NC(=O)C(CO)NC(=O)C(NC(=O)C(Cc1ccc(O)cc1)NC(=O)C(NC(=O)C(N)CO)C(C)O)C(C)O)C(=O)NC(CO)C(=O)O | UCB=3.181 | mu=0.1147 | std=0.9698 | f=0.0062
2025-10-12 14:09:10,909 - INFO - [round 8] pick 3/5: Clc1nc2c(I)c(I)c(I)c(I)c2[nH]1 | UCB=3.174 | mu=0.06092 | std=0.9843 | f=0.1077
2025-10-12 14:09:10,921 - INFO - [round 8] pick 4/5: CCN(CC)[N+]([O-])=NOc1cc(ON=[N+]([O-])N(C)C)c([N+](=O)[O-])cc1[N+](=O)[O-] | UCB=3.178 | mu=0.1249 | std=0.9656 | f=0.006305
2025-10-12 14:09:10,932 - INFO - [round 8] pick 5/5: O=c1sc2c(s1)SSSSS2 | UCB=3.168 | mu=0.03154 | std=0.9919 | f=0.0718
2025-10-12 14:09:10,944 - INFO - Round 8 done in 31.01s; train size=55
2025-10-12 14:09:10,944 - INFO - 
--- Round 9 | trial=4 | sqrt_beta=3.1623 (beta=10.0000) | rho=0.75 | train size=55 ---
2025-10-12 14:09:45,625 - INFO - [round 9] pick 1/5: COc1cc(C=CC(=O)OCC2COC(=O)CCCCCCCCCCCCCCCCCCCCCCCCCCCCCO2)ccc1O | UCB=3.181 | mu=0.08967 | std=0.9776 | f=0.1155
2025-10-12 14:09:45,638 - INFO - [round 9] pick 2/5: COCc1no[n+]([O-])c1C(N)=O | UCB=3.176 | mu=0.1139 | std=0.9683 | f=0.006136
2025-10-12 14:09:45,651 - INFO - [round 9] pick 3/5: CC(C)C1NC(=O)c2coc(n2)-c2coc(n2)-c2coc(n2)C(CCCN)NC(=O)c2coc(n2)-c2coc(n2)-c2coc1n2 | UCB=3.173 | mu=0.09209 | std=0.9743 | f=3.881e-08
2025-10-12 14:09:45,664 - INFO - [round 9] pick 4/5: F[B-]1(F)n2cccc2C=C2C=CC=[N+]21 | UCB=3.17 | mu=0.08272 | std=0.9762 | f=0.2709
2025-10-12 14:09:45,678 - INFO - [round 9] pick 5/5: CC1NC=CN1 | UCB=3.167 | mu=0.03668 | std=0.9899 | f=0.004341
2025-10-12 14:09:45,693 - INFO - Round 9 done in 34.75s; train size=60
2025-10-12 14:09:45,693 - INFO - 
--- Round 10 | trial=4 | sqrt_beta=3.1623 (beta=10.0000) | rho=0.75 | train size=60 ---
2025-10-12 14:10:21,619 - INFO - [round 10] pick 1/5: O=c1ccn(C2OC(COP(=O)(O)OP(=O)(O)OP(=O)(O)OP(=O)(O)Oc3cccc([N+](=O)[O-])c3)C(O)C2O)c(=O)[nH]1 | UCB=3.179 | mu=0.165 | std=0.9531 | f=0.3343
2025-10-12 14:10:21,634 - INFO - [round 10] pick 2/5: Fc1cc(F)c(F)c(S)c1F | UCB=3.173 | mu=0.07331 | std=0.9801 | f=0.004509
2025-10-12 14:10:21,650 - INFO - [round 10] pick 3/5: COc1ccccc1C1OCC(C)(C)CO1 | UCB=3.174 | mu=0.2063 | std=0.9386 | f=0.1629
2025-10-12 14:10:21,666 - INFO - [round 10] pick 4/5: C=C=C | UCB=3.159 | mu=-0.002515 | std=0.9997 | f=0
2025-10-12 14:10:21,682 - INFO - [round 10] pick 5/5: O=P(Cl)(Cl)Cl | UCB=3.158 | mu=0.01273 | std=0.9947 | f=1.893e-05
2025-10-12 14:10:21,699 - INFO - Round 10 done in 36.01s; train size=65
2025-10-12 14:10:21,699 - INFO - 
--- Round 11 | trial=4 | sqrt_beta=3.1623 (beta=10.0000) | rho=0.75 | train size=65 ---
2025-10-12 14:11:00,818 - INFO - [round 11] pick 1/5: Cc1cn(C2C=CC(COP3(=O)OCc4cc(CCC(=O)OCOC(=O)C(C)(C)C)ccc4O3)O2)c(=O)[nH]c1=O | UCB=3.177 | mu=0.1932 | std=0.9434 | f=0.1666
2025-10-12 14:11:00,835 - INFO - [round 11] pick 2/5: c1cc[n+](COC[n+]2ccccc2)cc1 | UCB=3.167 | mu=0.07568 | std=0.9776 | f=0.1099
2025-10-12 14:11:00,853 - INFO - [round 11] pick 3/5: [O-][Cl+]O | UCB=3.158 | mu=0.0003626 | std=0.9984 | f=0
2025-10-12 14:11:00,872 - INFO - [round 11] pick 4/5: C=CCSc1nc2cc(Cl)c(Cl)cc2n1C1OC(CO)C(O)C1O | UCB=3.169 | mu=0.1523 | std=0.9539 | f=0.3162
2025-10-12 14:11:00,890 - INFO - [round 11] pick 5/5: S=C(S)[N-]C[N-]C(=S)S | UCB=3.155 | mu=0.00431 | std=0.9964 | f=2.17e-05
2025-10-12 14:11:00,910 - INFO - Round 11 done in 39.21s; train size=70
2025-10-12 14:11:00,910 - INFO - 
--- Round 12 | trial=4 | sqrt_beta=3.1623 (beta=10.0000) | rho=0.75 | train size=70 ---
2025-10-12 14:11:43,259 - INFO - [round 12] pick 1/5: OCc1ccc2cc1OCC#CC=CC#CCO2 | UCB=3.175 | mu=0.1125 | std=0.9685 | f=0.1062
2025-10-12 14:11:43,279 - INFO - [round 12] pick 2/5: COc1ccc(C(=O)OCC2OC(n3cnc4c(=S)nc[nH]c43)C(OC(=O)c3ccc(OC)cc3)C2OC(=O)c2ccc(OC)cc2)cc1 | UCB=3.174 | mu=0.1927 | std=0.9429 | f=5.038e-05
2025-10-12 14:11:43,300 - INFO - [round 12] pick 3/5: C[n+]1ccn(CCF)c1C=NO | UCB=3.168 | mu=0.06641 | std=0.9807 | f=0.004399
2025-10-12 14:11:43,321 - INFO - [round 12] pick 4/5: O=C(Nn1cnnc1)C12CC3CC(CC(C3)C1)C2 | UCB=3.162 | mu=0.05036 | std=0.9841 | f=0.004029
2025-10-12 14:11:43,342 - INFO - [round 12] pick 5/5: ClC1(Cl)C2(Cl)C3(Cl)C4(Cl)C(Cl)(Cl)C5(Cl)C3(Cl)C1(Cl)C5(Cl)C24Cl | UCB=3.154 | mu=0.0243 | std=0.9896 | f=1.082e-05
2025-10-12 14:11:43,364 - INFO - Round 12 done in 42.45s; train size=75
2025-10-12 14:11:43,364 - INFO - 
--- Round 13 | trial=4 | sqrt_beta=3.1623 (beta=10.0000) | rho=0.75 | train size=75 ---
2025-10-12 14:12:26,426 - INFO - [round 13] pick 1/5: CC=CC=CC=CC1=CC2=CC(=O)C(C)(OC(=O)CC(C)O)C(=O)C23OC3O1 | UCB=3.167 | mu=0.1506 | std=0.9539 | f=0.3405
2025-10-12 14:12:26,449 - INFO - [round 13] pick 2/5: COc1nn2cc(-c3cc4c(Cl)cc(Cl)cc4o3)nc2s1 | UCB=3.166 | mu=0.1696 | std=0.9477 | f=0.1338
2025-10-12 14:12:26,473 - INFO - [round 13] pick 3/5: CCC=CCC=CCC=CCC=CCC=CCC=CCCC(=O)Nc1ccccc1 | UCB=3.162 | mu=0.09967 | std=0.9685 | f=0.006802
2025-10-12 14:12:26,497 - INFO - [round 13] pick 4/5: CC1COC2N=C(N[N+](=O)[O-])NC2O1 | UCB=3.155 | mu=0.07216 | std=0.9748 | f=0.07808
2025-10-12 14:12:26,521 - INFO - [round 13] pick 5/5: c1c2n[nH]c1CNCCN1CCNCc3cc(n[nH]3)CNCCN(CCNC2)CCNCc2cc([nH]n2)CNCC1 | UCB=3.156 | mu=0.03664 | std=0.9865 | f=2.831e-05
2025-10-12 14:12:26,547 - INFO - Round 13 done in 43.18s; train size=80
2025-10-12 14:12:26,547 - INFO - 
--- Round 14 | trial=4 | sqrt_beta=3.1623 (beta=10.0000) | rho=0.75 | train size=80 ---
2025-10-12 14:13:14,354 - INFO - [round 14] pick 1/5: C=C(C)C(=O)OC1CC2(C)OC(=CC2=O)C(=C)C(Cl)C2OC(=O)C(=C)C12 | UCB=3.165 | mu=0.1555 | std=0.9518 | f=0.3508
2025-10-12 14:13:14,380 - INFO - [round 14] pick 2/5: N#CCC1=NN=C(c2ccc(Br)cc2)C(Br)O1 | UCB=3.162 | mu=0.1314 | std=0.9584 | f=0.1199
2025-10-12 14:13:14,407 - INFO - [round 14] pick 3/5: CNC(N=C1N(C)C(C)(C)P(=O)(O)N1C)NC | UCB=3.151 | mu=0.05577 | std=0.9789 | f=0.003819
2025-10-12 14:13:14,434 - INFO - [round 14] pick 4/5: NS(=O)(=O)c1ccc(NS(=O)(=O)C(F)(F)C(F)(F)C(F)(F)C(F)(F)C(F)(F)C(F)(F)C(F)(F)C(F)(F)F)c(I)c1 | UCB=3.153 | mu=0.05622 | std=0.9792 | f=0.004758
2025-10-12 14:13:14,462 - INFO - [round 14] pick 5/5: C=CCCl | UCB=3.146 | mu=0.02008 | std=0.9886 | f=1.904e-05
2025-10-12 14:13:14,491 - INFO - Round 14 done in 47.94s; train size=85
2025-10-12 14:13:14,491 - INFO - 
--- Round 15 | trial=4 | sqrt_beta=3.1623 (beta=10.0000) | rho=0.75 | train size=85 ---
2025-10-12 14:14:03,538 - INFO - [round 15] pick 1/5: C=CC1OC2(CCC3=Cc4c(cnn4-c4ccc(F)cc4)CC32C)OC1C=C | UCB=3.166 | mu=0.1508 | std=0.9534 | f=0.005503
2025-10-12 14:14:03,567 - INFO - [round 15] pick 2/5: CN(C=O)C1=C(N(C)C=O)C(N(C)C=O)=C(N(C)C=O)C(=O)C1=O | UCB=3.159 | mu=0.08887 | std=0.9709 | f=0.005369
2025-10-12 14:14:03,597 - INFO - [round 15] pick 3/5: COC(C)(CC1OC2C1OC1OC(C(Cl)(Cl)Cl)OC12)OC | UCB=3.156 | mu=0.1096 | std=0.9635 | f=0.2683
2025-10-12 14:14:03,628 - INFO - [round 15] pick 4/5: NC(CCP(=O)(O)CCC1C=CC=CC1)C(=O)O | UCB=3.151 | mu=0.07952 | std=0.9713 | f=0.006476
2025-10-12 14:14:03,659 - INFO - [round 15] pick 5/5: S=c1cc(C2CC2)ss1 | UCB=3.15 | mu=0.04304 | std=0.9825 | f=0.07432
2025-10-12 14:14:03,691 - INFO - Round 15 done in 49.20s; train size=90
2025-10-12 14:14:03,691 - INFO - 
--- Round 16 | trial=4 | sqrt_beta=3.1623 (beta=10.0000) | rho=0.75 | train size=90 ---
2025-10-12 14:14:56,571 - INFO - [round 16] pick 1/5: CC(=O)c1[nH]ccc1OC1OC(C)C(OC2OC(C)C(O)C(OC3OC(C)C(O)C(O)C3O)C2O)C(O)C1OC1OC(C)C(O)C(O)C1O | UCB=3.157 | mu=0.132 | std=0.9566 | f=0.005274
2025-10-12 14:14:56,604 - INFO - [round 16] pick 2/5: ClC1C(Cl)C(Cl)C(Cl)C(Cl)C1Cl | UCB=3.151 | mu=0.04519 | std=0.9822 | f=0.002528
2025-10-12 14:14:56,637 - INFO - [round 16] pick 3/5: COC(=O)C=C(C)C=C(F)C=C(C)C=Cc1c(C)cc(OC)c(C)c1C | UCB=3.155 | mu=0.1463 | std=0.9515 | f=0.006868
2025-10-12 14:14:56,672 - INFO - [round 16] pick 4/5: CN=C1C(Cl)=C(O)OC1O | UCB=3.152 | mu=0.08292 | std=0.9704 | f=0.004946
2025-10-12 14:14:56,706 - INFO - [round 16] pick 5/5: O=C1C=CC2(C=C1Br)CC(C(=O)NCCSSCCNC(=O)C1=NOC3(C=CC(=O)C(Br)=C3)C1)=NO2 | UCB=3.148 | mu=0.1114 | std=0.9602 | f=0.1305
2025-10-12 14:14:56,742 - INFO - Round 16 done in 53.05s; train size=95
2025-10-12 14:14:56,742 - INFO - 
--- Round 17 | trial=4 | sqrt_beta=3.1623 (beta=10.0000) | rho=0.75 | train size=95 ---
2025-10-12 14:15:50,113 - INFO - [round 17] pick 1/5: O=C(CN1C(=O)C2C3CC(C(Br)C3Br)C2C1=O)OCC(=O)c1cccc([N+](=O)[O-])c1 | UCB=3.151 | mu=0.1873 | std=0.9371 | f=0.1474
2025-10-12 14:15:50,149 - INFO - [round 17] pick 2/5: CO[Si](CCCOCC1CO1)(OC)OC | UCB=3.149 | mu=0.117 | std=0.9588 | f=0.00672
2025-10-12 14:15:50,187 - INFO - [round 17] pick 3/5: NNc1nnc(-c2nnc(NN)o2)o1 | UCB=3.144 | mu=0.05213 | std=0.9776 | f=0.07773
2025-10-12 14:15:50,224 - INFO - [round 17] pick 4/5: ClC(Br)Br | UCB=3.137 | mu=-0.0007042 | std=0.9923 | f=1.347e-05
2025-10-12 14:15:50,262 - INFO - [round 17] pick 5/5: CC12CC(C#N)(C#N)C(C#N)(CO1)C(=N)O2 | UCB=3.14 | mu=0.04588 | std=0.9785 | f=0.1302
2025-10-12 14:15:50,301 - INFO - Round 17 done in 53.56s; train size=100
2025-10-12 14:15:50,301 - INFO - 
--- Round 18 | trial=4 | sqrt_beta=3.1623 (beta=10.0000) | rho=0.75 | train size=100 ---
2025-10-12 14:16:48,809 - INFO - [round 18] pick 1/5: C=C1C2=CC(=O)OC(C)(C)C2=CCC2(C)C1CC1(C)C(=O)OC3OC(C)C(=O)C2(C(=O)OC)C31 | UCB=3.149 | mu=0.1822 | std=0.9382 | f=0.00654
2025-10-12 14:16:48,850 - INFO - [round 18] pick 2/5: Cn1cnc([N+](=O)[O-])c1C[N+](C)(CCCl)CCCl | UCB=3.145 | mu=0.1008 | std=0.9626 | f=0.005689
2025-10-12 14:16:48,891 - INFO - [round 18] pick 3/5: CCCCCCCCCCCCCCCCCCCCCCCCCC(=O)NC(COC1OC(Cn2ccnn2)C(O)C(O)C1O)C(O)C(O)CCCCCCCCCCCCCC | UCB=3.142 | mu=0.05648 | std=0.9756 | f=0.08758
2025-10-12 14:16:48,933 - INFO - [round 18] pick 4/5: N#Cc1ccc2c(c1)nc(C(Cl)(Cl)Cl)c1cccn12 | UCB=3.145 | mu=0.1633 | std=0.9428 | f=0.3333
2025-10-12 14:16:48,975 - INFO - [round 18] pick 5/5: C1CN2CCO[SiH](O1)OCC2 | UCB=3.136 | mu=0.01375 | std=0.9872 | f=0
2025-10-12 14:16:49,019 - INFO - Round 18 done in 58.72s; train size=105
2025-10-12 14:16:49,019 - INFO - 
--- Round 19 | trial=4 | sqrt_beta=3.1623 (beta=10.0000) | rho=0.75 | train size=105 ---
2025-10-12 14:17:47,640 - INFO - [round 19] pick 1/5: [O-][S+]1c2cc(Cl)ccc2C(OCc2ccsc2Cl)C1Cn1ccnc1 | UCB=3.15 | mu=0.1743 | std=0.9409 | f=0.1406
2025-10-12 14:17:47,685 - INFO - [round 19] pick 2/5: CN1C(=O)n2c(nc3ccccc32)C(N=[N+]=[N-])(N=[N+]=[N-])C1=O | UCB=3.149 | mu=0.1448 | std=0.9501 | f=0.3873
2025-10-12 14:17:47,731 - INFO - [round 19] pick 3/5: CC12OOC(C)(OO1)C2CCC#N | UCB=3.136 | mu=0.09765 | std=0.9607 | f=0.07916
2025-10-12 14:17:47,777 - INFO - [round 19] pick 4/5: C=C(C(CC(O)C(C)(C)OC)OC(=O)C(C)=CC)C1C(OC(C)=O)C(OC(=O)C(C)=CC)C2(C)OC2C1OC(=O)C(C)=CC | UCB=3.133 | mu=0.1213 | std=0.9523 | f=0.1071
2025-10-12 14:17:47,824 - INFO - [round 19] pick 5/5: c1nc[nH]n1 | UCB=3.13 | mu=0.02657 | std=0.9814 | f=0.003363
2025-10-12 14:17:47,871 - INFO - Round 19 done in 58.85s; train size=110
2025-10-12 14:17:47,871 - INFO - 
--- Round 20 | trial=4 | sqrt_beta=3.1623 (beta=10.0000) | rho=0.75 | train size=110 ---
2025-10-12 14:18:51,514 - INFO - [round 20] pick 1/5: S=C=Nc1cccc(N=C=S)c1 | UCB=3.15 | mu=0.1071 | std=0.9622 | f=0.005441
2025-10-12 14:18:51,563 - INFO - [round 20] pick 2/5: CC#CCn1nnc2cc3c(=O)n(C(C)Cn4ncnn4)nnc3cc2c1=O | UCB=3.147 | mu=0.1152 | std=0.9587 | f=0.1196
2025-10-12 14:18:51,613 - INFO - [round 20] pick 3/5: C[N+]1(C)C2CC(OC(=O)C(O)(c3cccs3)C34OC3C=CS4)CC1C1OC12 | UCB=3.142 | mu=0.1305 | std=0.9524 | f=3.903e-05
2025-10-12 14:18:51,664 - INFO - [round 20] pick 4/5: c1ccc(OCCOc2ccccc2Nc2c3ccccc3nc3ccccc23)c(Nc2c3ccccc3nc3ccccc23)c1 | UCB=3.139 | mu=0.09706 | std=0.9619 | f=4.569e-12
2025-10-12 14:18:51,715 - INFO - [round 20] pick 5/5: CC(Cl)(C=CBr)C(Cl)C=CC(=CCl)C(Cl)Cl | UCB=3.123 | mu=0.02458 | std=0.9798 | f=1.993e-05
2025-10-12 14:18:51,768 - INFO - Round 20 done in 63.90s; train size=115
2025-10-12 14:18:51,768 - INFO - 
--- Round 21 | trial=4 | sqrt_beta=3.1623 (beta=10.0000) | rho=0.75 | train size=115 ---
2025-10-12 14:19:56,366 - INFO - [round 21] pick 1/5: COCC(C)Nc1cc(-c2ccoc2)nc(-n2cnc3ccncc32)n1 | UCB=3.141 | mu=0.1669 | std=0.9403 | f=0.1301
2025-10-12 14:19:56,420 - INFO - [round 21] pick 2/5: Nc1ccn(C2C[Se]C(CO)O2)c(=O)n1 | UCB=3.14 | mu=0.1141 | std=0.9568 | f=0.1052
2025-10-12 14:19:56,475 - INFO - [round 21] pick 3/5: [N-]=[N+]=NCC1=CC=C(CCl)SS1 | UCB=3.132 | mu=0.05664 | std=0.9726 | f=0.004752
2025-10-12 14:19:56,530 - INFO - [round 21] pick 4/5: CSC1=NS(=O)(=O)c2c(C)nn(C)c2S1 | UCB=3.136 | mu=0.07403 | std=0.9683 | f=0.1125
2025-10-12 14:19:56,586 - INFO - [round 21] pick 5/5: NS(N)(=O)=O | UCB=3.123 | mu=-0.002739 | std=0.9884 | f=2.332e-05
2025-10-12 14:19:56,643 - INFO - Round 21 done in 64.88s; train size=120
2025-10-12 14:19:56,643 - INFO - 
--- Round 22 | trial=4 | sqrt_beta=3.1623 (beta=10.0000) | rho=0.75 | train size=120 ---
2025-10-12 14:21:04,148 - INFO - [round 22] pick 1/5: S=c1cc(S)c2c(=S)sc3nc4ccccn4c(=S)c3c2s1 | UCB=3.137 | mu=0.1298 | std=0.9509 | f=0.1231
2025-10-12 14:21:04,207 - INFO - [round 22] pick 2/5: CCOP(=O)(OCC)SCc1cccc(CSP(=O)(OCC)OCC)n1 | UCB=3.134 | mu=0.1149 | std=0.9546 | f=0.007623
2025-10-12 14:21:04,266 - INFO - [round 22] pick 3/5: O=c1[nH]c(=O)c2[nH]c(=O)n(CC(O)C(O)C(O)CO)c2[nH]1 | UCB=3.128 | mu=0.06541 | std=0.9684 | f=0.1049
2025-10-12 14:21:04,326 - INFO - [round 22] pick 4/5: N=C(NN=Cc1ccco1)C(=N)NN=Cc1ccco1 | UCB=3.131 | mu=0.09841 | std=0.9591 | f=0.1149
2025-10-12 14:21:04,387 - INFO - [round 22] pick 5/5: CC(C)(C)[Si](C)(C)OCC1OC(N=[N+]=[N-])C(O[Si](C)(C)C(C)(C)C)C12OS(=O)(=O)C=C2N | UCB=3.125 | mu=0.09453 | std=0.9582 | f=0.1051
2025-10-12 14:21:04,448 - INFO - Round 22 done in 67.81s; train size=125
2025-10-12 14:21:04,448 - INFO - 
--- Round 23 | trial=4 | sqrt_beta=3.1623 (beta=10.0000) | rho=0.75 | train size=125 ---
2025-10-12 14:22:11,958 - INFO - [round 23] pick 1/5: Cc1cc(=O)oc2nc3occc3cc12 | UCB=3.134 | mu=0.1669 | std=0.9382 | f=0.3634
2025-10-12 14:22:12,021 - INFO - [round 23] pick 2/5: O=C(CC(CC(=O)Oc1c(Br)cc(Br)cc1C(=O)O)C(=O)Oc1c(Br)cc(Br)cc1C(=O)O)Oc1c(Br)cc(Br)cc1C(=O)O | UCB=3.131 | mu=0.1321 | std=0.9482 | f=0.3454
2025-10-12 14:22:12,085 - INFO - [round 23] pick 3/5: C[Si]1(C)N[Si](C)(C)N[Si](C)(C)N1 | UCB=3.115 | mu=0.004796 | std=0.9836 | f=0.003609
2025-10-12 14:22:12,149 - INFO - [round 23] pick 4/5: C=C1CC2CCC34CC5OC6C(OC7CCC(CC(=O)CC8C(CC9OC(CCC1O2)CC(C)C9=C)OC(CCN1CCOCC1)C8OC)OC7C6O3)C5O4 | UCB=3.117 | mu=0.04812 | std=0.9703 | f=3.538e-29
2025-10-12 14:22:12,220 - INFO - [round 23] pick 5/5: C#CCO | UCB=3.113 | mu=-0.0006105 | std=0.9847 | f=1.339e-05
2025-10-12 14:22:12,288 - INFO - Round 23 done in 67.84s; train size=130
2025-10-12 14:22:12,288 - INFO - 
--- Round 24 | trial=4 | sqrt_beta=3.1623 (beta=10.0000) | rho=0.75 | train size=130 ---
2025-10-12 14:23:24,544 - INFO - [round 24] pick 1/5: O=C1C=C(C=Cc2ccc(O)c(O)c2)OC12C(c1cc3oc(=O)c4cc(O)c(O)cc4c3c(=O)o1)=Cc1cc(O)c(O)cc12 | UCB=3.141 | mu=0.1144 | std=0.9571 | f=3.087e-08
2025-10-12 14:23:24,613 - INFO - [round 24] pick 2/5: Cc1cc2c(cc1C)[n+]([O-])c(C#N)c[n+]2[O-] | UCB=3.138 | mu=0.1098 | std=0.9577 | f=0.1169
2025-10-12 14:23:24,683 - INFO - [round 24] pick 3/5: O=C(O)C1=CSC2C(=Cc3cc4n(n3)CSC4)C(=O)N12 | UCB=3.135 | mu=0.1068 | std=0.9576 | f=0.1154
2025-10-12 14:23:24,753 - INFO - [round 24] pick 4/5: CC(C)=CCCC(C)=CCCC(C)=CCCC(C)=CCCC(C)=CCCC(C)=CCCC(C)=CCCC(C)=CCc1cccc(OS(=O)(=O)O)c1 | UCB=3.124 | mu=0.07585 | std=0.9638 | f=0.00598
2025-10-12 14:23:24,825 - INFO - [round 24] pick 5/5: CC1(OP(=O)(O)O)C(OP(=O)(O)O)C(O)C(O)C(O)C1OP(=O)(O)O | UCB=3.117 | mu=0.08866 | std=0.9578 | f=0.004218
2025-10-12 14:23:24,898 - INFO - Round 24 done in 72.61s; train size=135
2025-10-12 14:23:24,898 - INFO - 
--- Round 25 | trial=4 | sqrt_beta=3.1623 (beta=10.0000) | rho=0.75 | train size=135 ---
2025-10-12 14:24:37,773 - INFO - [round 25] pick 1/5: C=C1NNC(=O)N=C1Nc1ccc2cn[nH]c2c1 | UCB=3.135 | mu=0.1289 | std=0.9506 | f=0.3489
2025-10-12 14:24:37,847 - INFO - [round 25] pick 2/5: COCc1ccccc1C#CC#Cc1cc(C(=O)O)sc1C(=O)C#CC#CC(C)(C)C | UCB=3.133 | mu=0.1444 | std=0.9452 | f=0.1675
2025-10-12 14:24:37,922 - INFO - [round 25] pick 3/5: Cn1sccc1=N | UCB=3.124 | mu=0.06836 | std=0.9663 | f=0.004293
2025-10-12 14:24:37,997 - INFO - [round 25] pick 4/5: O=C1C(Br)=CC2C3C=CC(Br)(C3=O)C12 | UCB=3.129 | mu=0.1055 | std=0.9562 | f=0.2914
2025-10-12 14:24:38,075 - INFO - [round 25] pick 5/5: CCCC[n+]1cc([NH-])on1 | UCB=3.118 | mu=0.05282 | std=0.9694 | f=0.004895
2025-10-12 14:24:38,154 - INFO - Round 25 done in 73.26s; train size=140
2025-10-12 14:24:38,154 - INFO - 
--- Round 26 | trial=4 | sqrt_beta=3.1623 (beta=10.0000) | rho=0.75 | train size=140 ---
2025-10-12 14:25:53,651 - INFO - [round 26] pick 1/5: CC1(C)C(=O)Nc2cc3[nH]c(S)nc3cc21 | UCB=3.141 | mu=0.1653 | std=0.9409 | f=0.3469
2025-10-12 14:25:53,731 - INFO - [round 26] pick 2/5: Brc1cccc(C2OOC(c3cccc(Br)c3)OO2)c1 | UCB=3.135 | mu=0.1777 | std=0.935 | f=0.3264
2025-10-12 14:25:53,813 - INFO - [round 26] pick 3/5: C=CCOC1=CC2=C3c4ccc(OCC=C)cc4OCC3(OCC=C)CC2=CC1=O | UCB=3.137 | mu=0.1389 | std=0.9481 | f=0.1336
2025-10-12 14:25:53,897 - INFO - [round 26] pick 4/5: O=C1NC2NC(=O)N([N+](=O)[O-])C2N1 | UCB=3.12 | mu=0.08097 | std=0.9612 | f=0.08752
2025-10-12 14:25:53,982 - INFO - [round 26] pick 5/5: FS(F)(F)(F)(F)F | UCB=3.105 | mu=-0.01713 | std=0.9874 | f=0
2025-10-12 14:25:54,067 - INFO - Round 26 done in 75.91s; train size=145
2025-10-12 14:25:54,068 - INFO - 
--- Round 27 | trial=4 | sqrt_beta=3.1623 (beta=10.0000) | rho=0.75 | train size=145 ---
2025-10-12 14:27:12,921 - INFO - [round 27] pick 1/5: CSC1=NC(=O)C(=Cc2c[nH]c3cc(Br)ccc23)N1 | UCB=3.144 | mu=0.1771 | std=0.9381 | f=0.373
2025-10-12 14:27:13,006 - INFO - [round 27] pick 2/5: O=S(=O)(CS(=O)(=O)Oc1cc(Cl)cc(Cl)c1)Oc1cc(Cl)cc(Cl)c1 | UCB=3.141 | mu=0.1552 | std=0.9441 | f=0.1346
2025-10-12 14:27:13,092 - INFO - [round 27] pick 3/5: Nc1nc2c(c(=O)[nH]1)NC1C(N2)OC2COP(=O)(O)OC2C1(O)O | UCB=3.127 | mu=0.1061 | std=0.9554 | f=0.09534
2025-10-12 14:27:13,178 - INFO - [round 27] pick 4/5: C1=CC=C2NCCCN=C3C=CC=CC=C3NCCCN=C2C=C1 | UCB=3.13 | mu=0.05949 | std=0.9711 | f=0.2535
2025-10-12 14:27:13,266 - INFO - [round 27] pick 5/5: Cc1nc(C)c(COC(=O)c2cc(OCc3nc(C)c(C)nc3C)c(OCc3nc(C)c(C)nc3C)c(OCc3nc(C)c(C)nc3C)c2)nc1C | UCB=3.12 | mu=0.07411 | std=0.9632 | f=0.006558
2025-10-12 14:27:13,356 - INFO - Round 27 done in 79.29s; train size=150
2025-10-12 14:27:13,356 - INFO - 
--- Round 28 | trial=4 | sqrt_beta=3.1623 (beta=10.0000) | rho=0.75 | train size=150 ---
2025-10-12 14:28:35,379 - INFO - [round 28] pick 1/5: c1nc2cc3c(cc2[nH]1)C1CNCC3C1 | UCB=3.15 | mu=0.1254 | std=0.9564 | f=0.1099
2025-10-12 14:28:35,470 - INFO - [round 28] pick 2/5: O=c1ccc2ccc3occc3c2o1 | UCB=3.145 | mu=0.2124 | std=0.9273 | f=0.3365
2025-10-12 14:28:35,562 - INFO - [round 28] pick 3/5: C=C(Br)C(=O)Nc1cc(C(=O)Nc2cc(C(=O)Nc3cc(C(=O)Nc4cc(C(=O)NCCNC(=NC)NC)n(C)c4)n(C)c3)n(C)c2)n(C)c1 | UCB=3.129 | mu=0.1122 | std=0.9539 | f=0.1213
2025-10-12 14:28:35,655 - INFO - [round 28] pick 4/5: NC1=NC2c3c([nH]c(Br)c3Br)C(=O)N3CC(Cl)C(O)C23N1 | UCB=3.138 | mu=0.1184 | std=0.9549 | f=0.11
2025-10-12 14:28:35,749 - INFO - [round 28] pick 5/5: CSc1nc(C(Cl)(Cl)Cl)nc(C(Cl)(Cl)Cl)n1 | UCB=3.117 | mu=0.0801 | std=0.9603 | f=0.003853
2025-10-12 14:28:35,845 - INFO - Round 28 done in 82.49s; train size=155
2025-10-12 14:28:35,845 - INFO - 
--- Round 29 | trial=4 | sqrt_beta=3.1623 (beta=10.0000) | rho=0.75 | train size=155 ---
2025-10-12 14:29:58,019 - INFO - [round 29] pick 1/5: CC(C)(C)c1ocnc1C=c1[nH]c(=O)c(=Cc2ccoc2)[nH]c1=O | UCB=3.148 | mu=0.18 | std=0.9385 | f=0.3659
2025-10-12 14:29:58,116 - INFO - [round 29] pick 2/5: O=S1Nc2ccc(Br)cc2S1 | UCB=3.143 | mu=0.1482 | std=0.947 | f=0.1175
2025-10-12 14:29:58,214 - INFO - [round 29] pick 3/5: COC1=CN2C(=CC(CCN)=C1)C1=CC=CCC13CCCC=C23 | UCB=3.13 | mu=0.1088 | std=0.9552 | f=0.1346
2025-10-12 14:29:58,314 - INFO - [round 29] pick 4/5: C=CC1C2Cc3c(-c4nnn[nH]4)n[nH]c3C12 | UCB=3.12 | mu=0.05806 | std=0.9683 | f=0.08295
2025-10-12 14:29:58,415 - INFO - [round 29] pick 5/5: O=NN1CC=CC1 | UCB=3.112 | mu=0.02108 | std=0.9774 | f=0.003272
2025-10-12 14:29:58,517 - INFO - Round 29 done in 82.67s; train size=160
2025-10-12 14:29:58,517 - INFO - 
--- Round 30 | trial=4 | sqrt_beta=3.1623 (beta=10.0000) | rho=0.75 | train size=160 ---
2025-10-12 14:31:24,120 - INFO - [round 30] pick 1/5: COc1cc2ccnc3cc[nH]c(OC)c1-c23 | UCB=3.15 | mu=0.1795 | std=0.9394 | f=0.3949
2025-10-12 14:31:24,226 - INFO - [round 30] pick 2/5: CC=CC1C=Cc2c3c(c4oc(=O)cc(CC)c4c2O1)C(=O)CC(C)O3 | UCB=3.148 | mu=0.17 | std=0.9416 | f=0.1315
2025-10-12 14:31:24,334 - INFO - [round 30] pick 3/5: Nc1ccc(C=CC=CC=Cc2ccc(N)cc2)cc1 | UCB=3.135 | mu=0.1372 | std=0.948 | f=0.1096
2025-10-12 14:31:24,441 - INFO - [round 30] pick 4/5: O=C1NC(=O)C2(COC3(CCCC3)OC2)S1 | UCB=3.118 | mu=0.07632 | std=0.962 | f=0.2265
2025-10-12 14:31:24,549 - INFO - [round 30] pick 5/5: c1cocn1 | UCB=3.116 | mu=0.0719 | std=0.9627 | f=0.003363
2025-10-12 14:31:24,658 - INFO - Round 30 done in 86.14s; train size=165
2025-10-12 14:31:24,658 - INFO - 
--- Round 31 | trial=4 | sqrt_beta=3.1623 (beta=10.0000) | rho=0.75 | train size=165 ---
2025-10-12 14:32:51,651 - INFO - [round 31] pick 1/5: CCOC(=O)c1c[nH]c2c(ccn3ccnc23)c1=O | UCB=3.154 | mu=0.2029 | std=0.9332 | f=0.4736
2025-10-12 14:32:51,761 - INFO - [round 31] pick 2/5: Cc1[nH][n+](C)c(C)c1[N-][S+](O)(O)=C1C=CC2=NC(=NC3CCNCC3)C=CC2=C1 | UCB=3.142 | mu=0.1118 | std=0.9584 | f=0.1231
2025-10-12 14:32:51,872 - INFO - [round 31] pick 3/5: C=Cc1ccccc1C1(O)C=CC(OC)(OC)C=C1 | UCB=3.14 | mu=0.1811 | std=0.9355 | f=0.1427
2025-10-12 14:32:51,984 - INFO - [round 31] pick 4/5: C[S+]([O-])c1[nH]c2cc(Br)cc(Br)c2c1[S+](C)[O-] | UCB=3.139 | mu=0.1612 | std=0.9416 | f=0.1158
2025-10-12 14:32:52,096 - INFO - [round 31] pick 5/5: CC(C)C12OC1C1OC13C1(OC1C1OC14C1=C(CCC43C)C(=O)OC1)C2=O | UCB=3.122 | mu=0.1095 | std=0.9525 | f=3.673e-12
2025-10-12 14:32:52,211 - INFO - Round 31 done in 87.55s; train size=170
2025-10-12 14:32:52,211 - INFO - 
--- Round 32 | trial=4 | sqrt_beta=3.1623 (beta=10.0000) | rho=0.75 | train size=170 ---
2025-10-12 14:34:26,244 - INFO - [round 32] pick 1/5: O=C1C=C2SC3CC2(C=C1Br)C1=C(N3)C(=O)c2[nH]cc3ccnc1c23 | UCB=3.162 | mu=0.1836 | std=0.9418 | f=4.129e-05
2025-10-12 14:34:26,361 - INFO - [round 32] pick 2/5: CC(C)N(C)CCc1c[nH]c2cc3ooc3cc12 | UCB=3.147 | mu=0.167 | std=0.9423 | f=0.3504
2025-10-12 14:34:26,479 - INFO - [round 32] pick 3/5: O=C(NC=NO)c1cnn2c1n[n+]([O-])c1ccc(Cl)cc12 | UCB=3.139 | mu=0.1724 | std=0.938 | f=0.3651
2025-10-12 14:34:26,599 - INFO - [round 32] pick 4/5: C=C(Br)COc1noc2c1CNCC2 | UCB=3.12 | mu=0.0592 | std=0.968 | f=0.0928
2025-10-12 14:34:26,720 - INFO - [round 32] pick 5/5: CC#CC#CC=C1C=CC2(CCCCO2)O1 | UCB=3.112 | mu=0.06089 | std=0.9649 | f=0.06717
2025-10-12 14:34:26,842 - INFO - Round 32 done in 94.63s; train size=175
2025-10-12 14:34:26,842 - INFO - 
--- Round 33 | trial=4 | sqrt_beta=3.1623 (beta=10.0000) | rho=0.75 | train size=175 ---
2025-10-12 14:36:01,773 - INFO - [round 33] pick 1/5: COc1ccc(C2=NNC(=O)C2(C)C)c2ccnn12 | UCB=3.16 | mu=0.252 | std=0.9196 | f=0.4009
2025-10-12 14:36:01,898 - INFO - [round 33] pick 2/5: O=C(Nc1nc2cc3c(cc2[nH]1)OC(F)(F)O3)c1cccc(OC(F)F)c1 | UCB=3.156 | mu=0.2048 | std=0.9332 | f=0.1343
2025-10-12 14:36:02,024 - INFO - [round 33] pick 3/5: O=C1C=Cc2c(Cl)sc(Cl)c21 | UCB=3.139 | mu=0.1499 | std=0.9452 | f=0.1181
2025-10-12 14:36:02,151 - INFO - [round 33] pick 4/5: CSCCc1cc(O)[nH]n1 | UCB=3.118 | mu=0.08183 | std=0.9602 | f=0.004895
2025-10-12 14:36:02,280 - INFO - [round 33] pick 5/5: O=C(O)c1oc(C(=O)O)c(C(=O)O)c1C(=O)O | UCB=3.119 | mu=0.1144 | std=0.9502 | f=0.005522
2025-10-12 14:36:02,409 - INFO - Round 33 done in 95.57s; train size=180
2025-10-12 14:36:02,409 - INFO - 
--- Round 34 | trial=4 | sqrt_beta=3.1623 (beta=10.0000) | rho=0.75 | train size=180 ---
2025-10-12 14:37:37,870 - INFO - [round 34] pick 1/5: O=C1NC(=O)c2c1ccc1[nH]ccc21 | UCB=3.156 | mu=0.2378 | std=0.9227 | f=0.398
2025-10-12 14:37:38,001 - INFO - [round 34] pick 2/5: COc1cc2cc(C)[nH]c2cc1N=C(O)c1cnn2cccnc12 | UCB=3.15 | mu=0.2159 | std=0.928 | f=0.138
2025-10-12 14:37:38,136 - INFO - [round 34] pick 3/5: CC(C)(C)NC(=S)NNC=C1C=C(Br)C(=O)C(Br)=C1 | UCB=3.127 | mu=0.1207 | std=0.9507 | f=0.00564
2025-10-12 14:37:38,276 - INFO - [round 34] pick 4/5: FC(F)c1nc2ccccc2n1-c1nc(N2CC3CCC(C2)O3)nc(N2CC3CCC(C2)O3)n1 | UCB=3.123 | mu=0.1248 | std=0.9481 | f=3.668e-08
2025-10-12 14:37:38,413 - INFO - [round 34] pick 5/5: S=C1NCCN1 | UCB=3.102 | mu=0.01457 | std=0.9763 | f=0.0027
2025-10-12 14:37:38,552 - INFO - Round 34 done in 96.14s; train size=185
2025-10-12 14:37:38,552 - INFO - 
--- Round 35 | trial=4 | sqrt_beta=3.1623 (beta=10.0000) | rho=0.75 | train size=185 ---
2025-10-12 14:39:17,913 - INFO - [round 35] pick 1/5: O=C(Cn1c(=O)oc2ccc(Cl)cc21)Nc1ccon1 | UCB=3.155 | mu=0.2773 | std=0.9099 | f=0.3939
2025-10-12 14:39:18,051 - INFO - [round 35] pick 2/5: O=C1Nc2ccc3ncsc3c2C1=Cc1c[nH]cn1 | UCB=3.153 | mu=0.211 | std=0.9304 | f=0.1312
2025-10-12 14:39:18,191 - INFO - [round 35] pick 3/5: CCOc1c(C(C)C)cc2c(c1C(C)C)C=CC(C)(C)N2 | UCB=3.13 | mu=0.1606 | std=0.939 | f=0.136
2025-10-12 14:39:18,333 - INFO - [round 35] pick 4/5: COC1=CC2OC(=O)C(C(=O)NCCCNCCCCCCNCCCCCCCCNCCCCCCNCc3ccccc3OC)=CC2C=C1 | UCB=3.116 | mu=0.1134 | std=0.9496 | f=0.3808
2025-10-12 14:39:18,476 - INFO - [round 35] pick 5/5: C1C[N+]23CCC[N+]2(C1)CCC3 | UCB=3.092 | mu=-0.02026 | std=0.9841 | f=0
2025-10-12 14:39:18,621 - INFO - Round 35 done in 100.07s; train size=190
2025-10-12 14:39:18,621 - INFO - 
--- Round 36 | trial=4 | sqrt_beta=3.1623 (beta=10.0000) | rho=0.75 | train size=190 ---
2025-10-12 14:40:58,643 - INFO - [round 36] pick 1/5: CC1(C(=O)NCc2ccc(Cl)c(Cl)c2)Oc2cccnc2NC1=O | UCB=3.157 | mu=0.2654 | std=0.9144 | f=0.4472
2025-10-12 14:40:58,790 - INFO - [round 36] pick 2/5: COc1ccc2[nH]c(=S)[nH]c2n1 | UCB=3.138 | mu=0.1758 | std=0.9367 | f=0.1281
2025-10-12 14:40:58,938 - INFO - [round 36] pick 3/5: N#CCC[P+](CCC#N)(CCC#N)CCN1C(=O)c2ccccc2C1=O | UCB=3.137 | mu=0.1434 | std=0.9466 | f=0.1443
2025-10-12 14:40:59,088 - INFO - [round 36] pick 4/5: CCCCN(N=Nc1nonc1OC)c1nonc1OC | UCB=3.117 | mu=0.1126 | std=0.95 | f=0.1241
2025-10-12 14:40:59,239 - INFO - [round 36] pick 5/5: Brc1ccc2[nH]cc(C(c3ccc(C(c4c[nH]c5ccc(Br)cc45)c4c[nH]c5ccc(Br)cc45)nc3)c3c[nH]c4ccc(Br)cc34)c2c1 | UCB=3.112 | mu=0.09038 | std=0.9557 | f=5.855e-17
2025-10-12 14:40:59,393 - INFO - Round 36 done in 100.77s; train size=195
2025-10-12 14:40:59,393 - INFO - 
--- Round 37 | trial=4 | sqrt_beta=3.1623 (beta=10.0000) | rho=0.75 | train size=195 ---
2025-10-12 14:42:44,724 - INFO - [round 37] pick 1/5: CC(=O)NCC1OC(=O)N2c3ccc(-c4cncnc4)cc3OCC12 | UCB=3.161 | mu=0.2315 | std=0.9264 | f=0.1364
2025-10-12 14:42:44,879 - INFO - [round 37] pick 2/5: N#Cc1cc2c(cc1Cl)Sc1nccn1S2(=O)=O | UCB=3.15 | mu=0.1923 | std=0.9352 | f=0.352
2025-10-12 14:42:45,037 - INFO - [round 37] pick 3/5: C[n+]1ccc2cc[nH]c2c1 | UCB=3.132 | mu=0.1608 | std=0.9397 | f=0.1187
2025-10-12 14:42:45,195 - INFO - [round 37] pick 4/5: COC(=O)NC(=O)c1cn(CCCOC(=O)CCCCCCCCC(=O)OCCCn2cc(C(=O)NC(=O)OC)c(=O)[nH]c2=O)c(=O)[nH]c1=O | UCB=3.116 | mu=0.1583 | std=0.9352 | f=0.1424
2025-10-12 14:42:45,355 - INFO - [round 37] pick 5/5: CC(C)=NN=C1NC(=O)CS1 | UCB=3.109 | mu=0.06691 | std=0.962 | f=0.005207
2025-10-12 14:42:45,515 - INFO - Round 37 done in 106.12s; train size=200
2025-10-12 14:42:45,516 - INFO - 
--- Round 38 | trial=4 | sqrt_beta=3.1623 (beta=10.0000) | rho=0.75 | train size=200 ---
2025-10-12 14:44:32,944 - INFO - [round 38] pick 1/5: O=S1NC(Cc2ccc3ccc(Cl)cc3c2)=NO1 | UCB=3.154 | mu=0.2643 | std=0.9139 | f=0.3763
2025-10-12 14:44:33,107 - INFO - [round 38] pick 2/5: COC1C=CC(CNC(=O)c2cc3c(=O)n4cccc(C)c4nc3n2C)(OC)O1 | UCB=3.154 | mu=0.2599 | std=0.9153 | f=0.1595
2025-10-12 14:44:33,272 - INFO - [round 38] pick 3/5: N#Cc1cc(C2C3=C(CCC3=O)NC3=C2S(=O)(=O)CC3)ccn1 | UCB=3.136 | mu=0.1592 | std=0.9414 | f=0.1311
2025-10-12 14:44:33,438 - INFO - [round 38] pick 4/5: CC(C)=CCCC1(CO)OC1CCC1(CO)OC1CCc1ccoc1 | UCB=3.106 | mu=0.09731 | std=0.9515 | f=0.3103
2025-10-12 14:44:33,607 - INFO - [round 38] pick 5/5: N#CNC(=S)S | UCB=3.087 | mu=-0.002984 | std=0.9771 | f=1.294e-05
2025-10-12 14:44:33,776 - INFO - Round 38 done in 108.26s; train size=205
2025-10-12 14:44:33,777 - INFO - 
--- Round 39 | trial=4 | sqrt_beta=3.1623 (beta=10.0000) | rho=0.75 | train size=205 ---
2025-10-12 14:46:21,079 - INFO - [round 39] pick 1/5: Cc1ccc2c(=O)c(CSC(=S)N(CCCl)CCCl)coc2c1 | UCB=3.15 | mu=0.1977 | std=0.9337 | f=0.1496
2025-10-12 14:46:21,253 - INFO - [round 39] pick 2/5: CCCC1=C([O-])C2N=CC=CC2=[N+](c2ccccn2)C1=O | UCB=3.146 | mu=0.1985 | std=0.9321 | f=0.4013
2025-10-12 14:46:21,428 - INFO - [round 39] pick 3/5: N=C(N)NCc1cc(I)cc(I)c1 | UCB=3.13 | mu=0.1128 | std=0.954 | f=0.005414
2025-10-12 14:46:21,603 - INFO - [round 39] pick 4/5: CC(C)n1ncc2c1NC(=O)CC21C(=O)Nc2c(Cl)ccc(Cl)c21 | UCB=3.136 | mu=0.204 | std=0.9273 | f=0.1483
2025-10-12 14:46:21,779 - INFO - [round 39] pick 5/5: C=CCC1NS(=O)(=O)OCC1NC(=O)OCC(Cl)(Cl)Cl | UCB=3.097 | mu=0.07445 | std=0.9558 | f=0.005569
2025-10-12 14:46:21,957 - INFO - Round 39 done in 108.18s; train size=210
