2025-09-29 21:18:52,738 - INFO - 
--- Trial 1, eta0=0.05, Round 0 (train size=10) ---
2025-09-29 21:19:00,907 - INFO - [round 0] pick 1/5: CCOC(=O)c1c(N2CCOCC2)[nH]c(=O)c(C(c2c(O)c(C(=O)OCC)c(N3CCOCC3)[nH]c2=O)C(C)C)c1O | UCB+MI=0.4896 | f=0.4642
2025-09-29 21:19:00,925 - INFO - [round 0] pick 2/5: CC#CC1CN(S(=O)(=O)c2ccc(N)nc2)CCN1c1ccc(S(=O)(=O)NC)cn1 | UCB+MI=0.5502 | f=0.5347
2025-09-29 21:19:00,943 - INFO - [round 0] pick 3/5: COc1ccc(C(O)=Nc2ccc3c(c2)C2(CCOC(=N)N2)c2cc(OC)cc(F)c2O3)c(F)c1 | UCB+MI=0.5194 | f=0.5049
2025-09-29 21:19:00,960 - INFO - [round 0] pick 4/5: O=C(NN1C(=O)c2ccccc2C1=O)c1ccc(NC(=O)c2ccccc2C(=O)O)cc1 | UCB+MI=0.5553 | f=0.5276
2025-09-29 21:19:00,977 - INFO - [round 0] pick 5/5: CS(=O)(=O)C1CCC(N=C(O)c2cnc(-n3ccc4cc(C#N)cnc43)cc2NC2CCOCC2)CC1 | UCB+MI=0.5488 | f=0.6186
2025-09-29 21:19:00,994 - INFO - Round 0 done in 8.26s; train size=15
2025-09-29 21:19:00,994 - INFO - 
--- Trial 1, eta0=0.05, Round 1 (train size=15) ---
2025-09-29 21:19:11,459 - INFO - [round 1] pick 1/5: CC(C)(C)c1cc(N2CCC(=O)NC2=O)cc(C(=O)Nc2ccc(OS(C)(=O)=O)cc2)c1O | UCB+MI=0.6632 | f=0.5751
2025-09-29 21:19:11,476 - INFO - [round 1] pick 2/5: O=S(=O)(c1ccc(CN=C(O)N2Cc3ccncc3C2)nc1)c1ccc(N2CCOCC2)nc1 | UCB+MI=0.6552 | f=0.6143
2025-09-29 21:19:11,494 - INFO - [round 1] pick 3/5: O=C(O)CCc1cc(F)c(S(=O)(=O)N2CCN(S(=O)(=O)c3ccc4c(c3)OCCO4)CC2)cc1F | UCB+MI=0.6452 | f=0.5724
2025-09-29 21:19:11,512 - INFO - [round 1] pick 4/5: CC(=O)OC(C)(C)C(O)=NCCN=C(O)c1cnc(-n2ccc3cc(C#N)cnc32)cc1NC(C)C | UCB+MI=0.661 | f=0.5613
2025-09-29 21:19:11,530 - INFO - [round 1] pick 5/5: CC(C)CC(C(=O)N1CCOCC1)C(CN1C(=O)c2ccccc2C1=O)C(=O)NO | UCB+MI=0.6345 | f=0.6073
2025-09-29 21:19:11,549 - INFO - Round 1 done in 10.55s; train size=20
2025-09-29 21:19:11,549 - INFO - 
--- Trial 1, eta0=0.05, Round 2 (train size=20) ---
2025-09-29 21:19:24,985 - INFO - [round 2] pick 1/5: CCn1cc(C(=O)O)c(=O)c2cc(F)c(N3CCN(S(=O)(=O)c4ccc(NC(=O)OC)cc4)CC3)cc21 | UCB+MI=0.755 | f=0.6265
2025-09-29 21:19:25,005 - INFO - [round 2] pick 2/5: Cc1ccc(NC(=O)C(C)N2C(=O)c3ccccc3C2=O)cc1S(=O)(=O)N1CCOCC1 | UCB+MI=0.7976 | f=0.5565
2025-09-29 21:19:25,024 - INFO - [round 2] pick 3/5: CC(C)(O)C(F)CN=C(O)c1cnc(-n2ccc3cc(C#N)cnc32)cc1Nc1cccc(S(N)(=O)=O)c1 | UCB+MI=0.7473 | f=0.5538
2025-09-29 21:19:25,043 - INFO - [round 2] pick 4/5: COc1cnc(-c2ccc(N=C(O)Nc3ccc(N4CCOCC4=O)cc3)cc2F)nc1N1CCOCC1 | UCB+MI=0.7184 | f=0.6383
2025-09-29 21:19:25,063 - INFO - [round 2] pick 5/5: CC#CCOc1ccc(S(=O)(=O)CC2(C(=O)NO)CCN(S(=O)(=O)CCN3CCOCC3)CC2)cc1 | UCB+MI=0.6766 | f=0.5722
2025-09-29 21:19:25,083 - INFO - Round 2 done in 13.53s; train size=25
2025-09-29 21:19:25,083 - INFO - 
--- Trial 1, eta0=0.05, Round 3 (train size=25) ---
2025-09-29 21:19:40,908 - INFO - [round 3] pick 1/5: COc1ccc(NC(=O)CN2C(=O)COc3ccc(S(=O)(=O)N4CCOCC4)cc32)c(OC)c1 | UCB+MI=0.7962 | f=0.5921
2025-09-29 21:19:40,930 - INFO - [round 3] pick 2/5: Cc1cc(N2CCOCC2)ncc1C(=O)Nc1ccc2c(c1)-c1c(c(C(N)=O)nn1-c1ccc(F)cc1)CC2 | UCB+MI=0.7504 | f=0.6
2025-09-29 21:19:40,950 - INFO - [round 3] pick 3/5: CC(C)Oc1ccc(S(=O)(=O)N2CCN(c3cc(F)c(F)c(OCC(=O)O)c3)CC2)cn1 | UCB+MI=0.7532 | f=0.5724
2025-09-29 21:19:40,971 - INFO - [round 3] pick 4/5: CC#CCOc1ccc(S(=O)(=O)NC(CCN2C(=O)c3ccccc3C2=O)C(=O)NO)cc1 | UCB+MI=0.7439 | f=0.5526
2025-09-29 21:19:40,991 - INFO - [round 3] pick 5/5: CC(C)Nc1cc(-n2ncc3cc(C#N)cnc32)ncc1C(O)=NCCC1(O)CCOCC1 | UCB+MI=0.7453 | f=0.6062
2025-09-29 21:19:41,012 - INFO - Round 3 done in 15.93s; train size=30
2025-09-29 21:19:41,012 - INFO - 
--- Trial 1, eta0=0.05, Round 4 (train size=30) ---
2025-09-29 21:19:59,896 - INFO - [round 4] pick 1/5: CC(=O)c1ccc(S(=O)(=O)NCC2CN(c3ccc(N4CCOCC4)c(F)c3)C(=O)O2)cc1 | UCB+MI=0.786 | f=0.6018
2025-09-29 21:19:59,918 - INFO - [round 4] pick 2/5: COc1nc(NC(Cc2ccc(NC(=O)c3c(Cl)cncc3Cl)cc2)C(=O)O)nc(N2CCOCC2)n1 | UCB+MI=0.7552 | f=0.5928
2025-09-29 21:19:59,940 - INFO - [round 4] pick 3/5: CC(C)CCNC(=O)c1cnc2ccc(S(=O)(=O)N3CCC4(CC3)OCCO4)cc2c1O | UCB+MI=0.7398 | f=0.6417
2025-09-29 21:19:59,962 - INFO - [round 4] pick 4/5: CN1C(=O)N(c2cccc(C(F)(F)F)c2)C2=C(C(=O)CC2)C1c1ccc(C#N)cc1C(O)=NCCN1CCOCC1 | UCB+MI=0.7262 | f=0.6317
2025-09-29 21:19:59,985 - INFO - [round 4] pick 5/5: CC1CN(S(=O)(=O)c2ccc(NC(=O)CCN3C(=O)c4ccccc4C3=O)cc2)CC(C)O1 | UCB+MI=0.7751 | f=0.5807
2025-09-29 21:20:00,008 - INFO - Round 4 done in 19.00s; train size=35
2025-09-29 21:20:00,008 - INFO - 
--- Trial 1, eta0=0.05, Round 5 (train size=35) ---
2025-09-29 21:20:21,030 - INFO - [round 5] pick 1/5: COc1cccc(NS(=O)(=O)c2ccc3ncc(C(=O)NCCN4CCOCC4)c(O)c3c2)c1 | UCB+MI=0.8428 | f=0.6355
2025-09-29 21:20:21,054 - INFO - [round 5] pick 2/5: Cc1cc(C)c(C(=O)N2CCC(F)(c3ccc(C#N)cn3)CC2)cc1NC(=O)c1cnc(N2CCOCC2)nc1 | UCB+MI=0.7885 | f=0.6236
2025-09-29 21:20:21,077 - INFO - [round 5] pick 3/5: O=C(OCCN1C(=O)c2ccccc2C1=O)c1cc(S(=O)(=O)N2CCOCC2)ccc1F | UCB+MI=0.8815 | f=0.5742
2025-09-29 21:20:21,102 - INFO - [round 5] pick 4/5: CC(C)n1ncc2c(C(=O)Nc3ccc(S(N)(=O)=O)cc3)cc(C3CC3)nc21 | UCB+MI=0.7584 | f=0.5634
2025-09-29 21:20:21,127 - INFO - [round 5] pick 5/5: CCn1cc(C(O)=Nc2ccc(C)c(-c3ccnc(N4CCOCC4)c3)c2)cc(C(F)(F)F)c1=O | UCB+MI=0.7719 | f=0.4954
2025-09-29 21:20:21,151 - INFO - Round 5 done in 21.14s; train size=40
2025-09-29 21:20:21,152 - INFO - 
--- Trial 1, eta0=0.05, Round 6 (train size=40) ---
2025-09-29 21:20:45,319 - INFO - [round 6] pick 1/5: Cc1cc(O)c(-c2cc(C(=O)Nc3ccc(S(=O)(=O)N4CCOCC4)cc3)[nH]n2)cc1C | UCB+MI=0.8599 | f=0.5814
2025-09-29 21:20:45,343 - INFO - [round 6] pick 2/5: CC(C)Oc1cc(N2CCOCC2)cn2c(=O)c(O)c(C(=O)NCc3ccc(F)cc3)nc12 | UCB+MI=0.8125 | f=0.5716
2025-09-29 21:20:45,368 - INFO - [round 6] pick 3/5: COc1ccc(N2CCN(c3ccc(S(=O)(=O)C4(C(=O)NO)CCOCC4)cc3)CC2)cc1 | UCB+MI=0.7923 | f=0.6432
2025-09-29 21:20:45,393 - INFO - [round 6] pick 4/5: CC(C)Nc1cc(-n2ccc3cc(C#N)cnc32)ncc1C(O)=NC1CCN(C[SH](=O)=O)CC1 | UCB+MI=0.8079 | f=0.6173
2025-09-29 21:20:45,417 - INFO - [round 6] pick 5/5: O=C(CCN1CCOCC1)Nc1ccc2c(c1)C(=O)c1ccc(NC(=O)CCN3CCOCC3)cc1C2=O | UCB+MI=0.7779 | f=0.6514
2025-09-29 21:20:45,443 - INFO - Round 6 done in 24.29s; train size=45
2025-09-29 21:20:45,443 - INFO - 
--- Trial 1, eta0=0.05, Round 7 (train size=45) ---
2025-09-29 21:21:11,783 - INFO - [round 7] pick 1/5: COc1ccc(S(=O)(=O)N2CCCCC2)cc1NC(=O)c1cc([N+](=O)[O-])ccc1N1CCOCC1 | UCB+MI=0.8378 | f=0.6518
2025-09-29 21:21:11,810 - INFO - [round 7] pick 2/5: Cn1c(SCC(=O)N2CCOCC2)ncc(C(=O)Nc2ccc(F)cc2)c1=O | UCB+MI=0.8258 | f=0.5686
2025-09-29 21:21:11,837 - INFO - [round 7] pick 3/5: O=C(CCN1CCOCC1)Nc1cc2c(cc1O)C(=O)c1ccccc1C2=O | UCB+MI=0.8252 | f=0.6464
2025-09-29 21:21:11,863 - INFO - [round 7] pick 4/5: COc1c(-c2cn(C(C)C)nc2CN2CCC3(CC2)CN(c2ccc(C(=O)O)cc2)C(=O)O3)ccc(F)c1F | UCB+MI=0.7544 | f=0.5441
2025-09-29 21:21:11,892 - INFO - [round 7] pick 5/5: O=S(=O)(Nc1ccc2c(c1)CCN(Cc1cc[nH]n1)CC2)c1ccc(N2CCOCC2)nc1 | UCB+MI=0.8122 | f=0.6498
2025-09-29 21:21:11,921 - INFO - Round 7 done in 26.48s; train size=50
2025-09-29 21:21:11,921 - INFO - 
--- Trial 1, eta0=0.05, Round 8 (train size=50) ---
2025-09-29 21:21:42,060 - INFO - [round 8] pick 1/5: CCN(CC)S(=O)(=O)c1ccc(N2CCOCC2)c(NC(=O)c2ccc(O)nc2)c1 | UCB+MI=0.8442 | f=0.6197
2025-09-29 21:21:42,090 - INFO - [round 8] pick 2/5: COc1cc(N2CCCN(C)CC2)c2[nH]c(C(=O)Nc3ccc(N4CCOCC4)cc3)cc(=O)c2c1 | UCB+MI=0.8327 | f=0.6371
2025-09-29 21:21:42,119 - INFO - [round 8] pick 3/5: N#Cc1c(NC(=O)c2cc(S(=O)(=O)N3CCOCC3)c(Cl)cc2Cl)sc2c1CCN(Cc1ccc(O)c(C(=O)O)c1)C2 | UCB+MI=0.7825 | f=0.5684
2025-09-29 21:21:42,149 - INFO - [round 8] pick 4/5: COc1ccc(S(=O)(=O)N2CCC3(CC2)OCCN3S(=O)(=O)c2c(C)cc(C)cc2C)cc1 | UCB+MI=0.7859 | f=0.6059
2025-09-29 21:21:42,179 - INFO - [round 8] pick 5/5: CC(Oc1c[nH]c(=O)c(C(=O)Nc2ccc(OCCN3CCOCC3)cc2)c1)c1c(Cl)ccc(F)c1Cl | UCB+MI=0.8132 | f=0.5317
2025-09-29 21:21:42,210 - INFO - Round 8 done in 30.29s; train size=55
2025-09-29 21:21:42,210 - INFO - 
--- Trial 1, eta0=0.05, Round 9 (train size=55) ---
2025-09-29 21:22:14,167 - INFO - [round 9] pick 1/5: COc1ccc(-n2ncc3c(=O)n(CC(=O)Nc4ccc(S(=O)(=O)N5CCOCC5)cc4)cnc32)cc1 | UCB+MI=0.8639 | f=0.599
2025-09-29 21:22:14,199 - INFO - [round 9] pick 2/5: Cn1c(=O)n(C)c2cc(N3CCOCC3)c(NS(=O)(=O)c3ccc(C(C)(C)C)cc3)cc21 | UCB+MI=0.8242 | f=0.6086
2025-09-29 21:22:14,232 - INFO - [round 9] pick 3/5: NC(=O)c1cnc(Nc2ccc(N3CCOCC3)cc2)nc1NCc1c(F)cc(F)cc1F | UCB+MI=0.8152 | f=0.5507
2025-09-29 21:22:14,264 - INFO - [round 9] pick 4/5: CC1(C)CC=C(c2cc(C3(C(=O)O)CCOCC3)ccc2NC(=O)c2ncc(C#N)[nH]2)CC1 | UCB+MI=0.7533 | f=0.6298
2025-09-29 21:22:14,297 - INFO - [round 9] pick 5/5: COc1cccc2cc(C(=O)Nc3cc(Br)ccc3N3CCN(CCO)CC3)c(=O)oc12 | UCB+MI=0.7825 | f=0.6385
2025-09-29 21:22:14,331 - INFO - Round 9 done in 32.12s; train size=60
2025-09-29 21:22:14,331 - INFO - 
--- Trial 1, eta0=0.05, Round 10 (train size=60) ---
2025-09-29 21:22:49,904 - INFO - [round 10] pick 1/5: CCN1CCN(c2ccc(S(=O)(=O)N3CCOCC3)cc2NC(=O)c2ccc(C)cc2C)CC1 | UCB+MI=0.8852 | f=0.5878
2025-09-29 21:22:49,938 - INFO - [round 10] pick 2/5: COCCNC(=O)c1cccc2c1C(=O)c1ccc(N3CCOCC3)cc1S2(=O)=O | UCB+MI=0.827 | f=0.6237
2025-09-29 21:22:49,974 - INFO - [round 10] pick 3/5: Cc1ncc(C#Cc2c(C)ncnc2N2CCOCC2)cc1NS(=O)(=O)c1ccc(F)cc1 | UCB+MI=0.8238 | f=0.5458
2025-09-29 21:22:50,009 - INFO - [round 10] pick 4/5: COC(=O)c1ccc(NC(=O)CCc2nnc3ccc(N4CCC5(CC4)OCCO5)nn23)cc1 | UCB+MI=0.7788 | f=0.5869
2025-09-29 21:22:50,045 - INFO - [round 10] pick 5/5: CN1C(=O)c2ccc(C(=O)Nc3ccc(Br)cc3C(=O)O)cc2C1=O | UCB+MI=0.7698 | f=0.532
2025-09-29 21:22:50,082 - INFO - Round 10 done in 35.75s; train size=65
2025-09-29 21:22:50,082 - INFO - 
--- Trial 1, eta0=0.05, Round 11 (train size=65) ---
2025-09-29 21:23:27,447 - INFO - [round 11] pick 1/5: COc1ccc(C(=O)NN=C2C(=O)N(CN3CCOCC3)c3ccc(Br)cc32)cc1 | UCB+MI=0.8392 | f=0.5633
2025-09-29 21:23:27,486 - INFO - [round 11] pick 2/5: Cc1ccc(C2(C)NC(=O)N(CC(=O)Nc3ccc(N4CCOCC4)cc3N3CCOCC3)C2=O)cc1 | UCB+MI=0.8397 | f=0.6146
2025-09-29 21:23:27,525 - INFO - [round 11] pick 3/5: CC(=O)Nc1ccc(S(=O)(=O)NOCC(=O)N2CCN(c3ncc(C(F)(F)F)cc3Cl)CC2)cc1 | UCB+MI=0.7949 | f=0.601
2025-09-29 21:23:27,563 - INFO - [round 11] pick 4/5: CC(C)C1(N2CCOCC2)CCN(c2cc3c(cn2)C(=O)c2c([nH]c4cc(C#N)ccc24)C3(C)C)CC1 | UCB+MI=0.7855 | f=0.588
2025-09-29 21:23:27,603 - INFO - [round 11] pick 5/5: CS(=O)(=O)Nc1ccccc1C(=O)Nc1cc2c(cc1C(=O)O)OCCCO2 | UCB+MI=0.7763 | f=0.5691
2025-09-29 21:23:27,644 - INFO - Round 11 done in 37.56s; train size=70
2025-09-29 21:23:27,644 - INFO - 
--- Trial 1, eta0=0.05, Round 12 (train size=70) ---
2025-09-29 21:24:07,916 - INFO - [round 12] pick 1/5: COC(=O)c1cc(NS(=O)(=O)c2ccc(N3CCOCC3)c(N)c2)cc(C(=O)OC)c1 | UCB+MI=0.8411 | f=0.5747
2025-09-29 21:24:07,958 - INFO - [round 12] pick 2/5: CC(=O)Nc1ccc(-c2ncnc3c2cc(C(=O)NCCCN2CCOCC2)n3C)cc1 | UCB+MI=0.8203 | f=0.635
2025-09-29 21:24:07,999 - INFO - [round 12] pick 3/5: CC(C)C(NS(=O)(=O)c1ccc2c(c1)oc1ccc(N3CCN(C)CC3)cc12)C(=O)O | UCB+MI=0.8128 | f=0.6146
2025-09-29 21:24:08,042 - INFO - [round 12] pick 4/5: CS(=O)(=O)C1(c2cc(N3CCOCC3)nc(-c3cccc4c3CC(=O)N4)n2)CC1 | UCB+MI=0.8008 | f=0.5912
2025-09-29 21:24:08,086 - INFO - [round 12] pick 5/5: O=C(CN1CCc2cc3c(cc2C1)OCCCO3)Nc1ccc(S(=O)(=O)N2CCCC2)cc1 | UCB+MI=0.8189 | f=0.6131
2025-09-29 21:24:08,130 - INFO - Round 12 done in 40.49s; train size=75
2025-09-29 21:24:08,130 - INFO - 
--- Trial 1, eta0=0.05, Round 13 (train size=75) ---
2025-09-29 21:24:51,088 - INFO - [round 13] pick 1/5: COc1ccc(C(=O)Nc2ccc(N3CCOCC3)cc2)cc1S(=O)(=O)N1CCCC1 | UCB+MI=0.8868 | f=0.6566
2025-09-29 21:24:51,133 - INFO - [round 13] pick 2/5: Cc1cc(C)cc(S(=O)(=O)c2c(C(=O)NCCN3CCOCC3)[nH]c3ccc(Br)cc23)c1 | UCB+MI=0.8229 | f=0.6022
2025-09-29 21:24:51,179 - INFO - [round 13] pick 3/5: COc1ccc(-c2nc(N3CCOCC3)c3nc(CN(C)c4ncc(C(=O)NO)cn4)n(C(C)C)c3n2)cc1 | UCB+MI=0.8068 | f=0.5678
2025-09-29 21:24:51,226 - INFO - [round 13] pick 4/5: CC(C)N(c1cc2c(cc1F)c(=O)c(C(=O)O)cn2-c1ccc(N2CCN(C)CC2)cn1)C(C)C | UCB+MI=0.7895 | f=0.5404
2025-09-29 21:24:51,272 - INFO - [round 13] pick 5/5: O=C1c2ccccc2C(=O)N1CC1c2ccccc2CCN1C(=O)CN1CCOCC1 | UCB+MI=0.8114 | f=0.3572
2025-09-29 21:24:51,320 - INFO - Round 13 done in 43.19s; train size=80
2025-09-29 21:24:51,320 - INFO - 
--- Trial 1, eta0=0.05, Round 14 (train size=80) ---
2025-09-29 21:25:36,081 - INFO - [round 14] pick 1/5: CCS(=O)(=O)c1ccc2oc(Nc3ccc(N4CCOCC4)nc3)nc2c1 | UCB+MI=0.8509 | f=0.5766
2025-09-29 21:25:36,131 - INFO - [round 14] pick 2/5: CC(C)OC(=O)Nc1ccc(N2CCN(S(=O)(=O)c3ccc(OC(C)C)cc3)CC2)cc1OCC(=O)O | UCB+MI=0.8302 | f=0.623
2025-09-29 21:25:36,181 - INFO - [round 14] pick 3/5: O=C(Nc1cccc2c1C(=O)c1c(-c3ccc(C(=O)NCCN4CCOCC4)s3)n[nH]c1-2)NN1CCOCC1 | UCB+MI=0.7998 | f=0.5839
2025-09-29 21:25:36,231 - INFO - [round 14] pick 4/5: COc1cc(C=CC(=O)OCC(=O)Nc2cc(C(F)(F)F)ccc2N2CCOCC2)ccc1O | UCB+MI=0.8247 | f=0.6148
2025-09-29 21:25:36,283 - INFO - [round 14] pick 5/5: CC(=O)Nc1ccc(Nc2ncc(CN3CCN(S(C)(=O)=O)CC3)cc2-c2nc(C)nc(N)n2)cc1 | UCB+MI=0.8042 | f=0.5833
2025-09-29 21:25:36,335 - INFO - Round 14 done in 45.02s; train size=85
2025-09-29 21:25:36,336 - INFO - 
--- Trial 1, eta0=0.05, Round 15 (train size=85) ---
2025-09-29 21:26:23,982 - INFO - [round 15] pick 1/5: CC(=O)Nc1ccc(Oc2cc(C#N)c(C#N)cc2N2CCOCC2)cc1 | UCB+MI=0.8396 | f=0.6008
2025-09-29 21:26:24,035 - INFO - [round 15] pick 2/5: COc1ccc2c(c1)c(C(=O)C(=O)N1CCOCC1)cn2OS(=O)(=O)c1ccc(C)cc1 | UCB+MI=0.8313 | f=0.5986
2025-09-29 21:26:24,088 - INFO - [round 15] pick 3/5: CCNC(=O)c1noc(-c2cc(C(C)C)c(O)cc2O)c1NC(=O)c1ccc(N2CCCC2)cc1 | UCB+MI=0.7934 | f=0.5669
2025-09-29 21:26:24,142 - INFO - [round 15] pick 4/5: CSc1c(Cl)nc(-c2ccc(NC(O)=Nc3ccc(N4CCN(C)CC4)nc3)cc2)nc1N1CCOCC1 | UCB+MI=0.8197 | f=0.6235
2025-09-29 21:26:24,196 - INFO - [round 15] pick 5/5: Cc1ccc(NC(=O)c2oc3ccc(S(=O)(=O)N4CCC5(CC4)OCCO5)cc3c2C)c(C)c1 | UCB+MI=0.831 | f=0.5987
2025-09-29 21:26:24,252 - INFO - Round 15 done in 47.92s; train size=90
2025-09-29 21:26:24,252 - INFO - 
--- Trial 1, eta0=0.05, Round 16 (train size=90) ---
2025-09-29 21:27:14,398 - INFO - [round 16] pick 1/5: CC(=O)c1ccc(NC(=O)CCc2c(C)nn(-c3ccc(N4CCOCC4)nn3)c2C)cc1 | UCB+MI=0.8536 | f=0.5843
2025-09-29 21:27:14,455 - INFO - [round 16] pick 2/5: CCOc1cc(N2CCOCC2)c(OCC)cc1NC(=O)c1ccc(F)c(S(=O)(=O)N2CCOCC2)c1 | UCB+MI=0.8441 | f=0.6088
2025-09-29 21:27:14,513 - INFO - [round 16] pick 3/5: COc1ccc(S(=O)(=O)N(Cc2ccc3c(c2)OCO3)C(CCC(=O)N2CCN(C)CC2)C(=O)NO)cc1 | UCB+MI=0.8053 | f=0.6278
2025-09-29 21:27:14,571 - INFO - [round 16] pick 4/5: O=C(c1cc(Oc2c(Cl)cc(-n3ncc(=O)[nH]c3=O)cc2Cl)ccc1O)N1CCOCC1 | UCB+MI=0.7975 | f=0.5818
2025-09-29 21:27:14,631 - INFO - [round 16] pick 5/5: Cc1noc(NS(=O)(=O)c2ccc(NC(=O)c3cnc4n(c3=O)CCS4)cc2)c1C | UCB+MI=0.7935 | f=0.4917
2025-09-29 21:27:14,691 - INFO - Round 16 done in 50.44s; train size=95
2025-09-29 21:27:14,691 - INFO - 
--- Trial 1, eta0=0.05, Round 17 (train size=95) ---
2025-09-29 21:28:08,027 - INFO - [round 17] pick 1/5: CCNC(=O)Nc1ccc(-c2nc3c(c(N4CCOCC4)n2)CN(S(C)(=O)=O)C3)cc1 | UCB+MI=0.8434 | f=0.5976
2025-09-29 21:28:08,090 - INFO - [round 17] pick 2/5: COc1ccc(-n2c(=O)[nH]c3cc(C(=O)NCCCN4CCOCC4)ccc3c2=O)cc1 | UCB+MI=0.8444 | f=0.6571
2025-09-29 21:28:08,153 - INFO - [round 17] pick 3/5: O=C(COC(=O)c1cc(S(=O)(=O)N2CCOCC2)ccc1O)NCc1ccc2c(c1)OCO2 | UCB+MI=0.8455 | f=0.5912
2025-09-29 21:28:08,220 - INFO - [round 17] pick 4/5: CC(=O)Nc1ccc2c(c1)C(=CNc1ccc(N3CCN(C)CC3)cc1)C(=O)NC2=O | UCB+MI=0.8166 | f=0.597
2025-09-29 21:28:08,285 - INFO - [round 17] pick 5/5: CC(=O)N1CCN(c2cc(C(=O)O)nc3c(-c4cccc(O)c4)nc(N4CCOCC4)nc23)CC1 | UCB+MI=0.8155 | f=0.6205
2025-09-29 21:28:08,350 - INFO - Round 17 done in 53.66s; train size=100
2025-09-29 21:28:08,350 - INFO - 
--- Trial 1, eta0=0.05, Round 18 (train size=100) ---
2025-09-29 21:29:05,135 - INFO - [round 18] pick 1/5: Cc1ccc(NC(=O)c2cc(N3C(=O)C=CC3=O)ccc2N2CCOCC2)cc1 | UCB+MI=0.8608 | f=0.5435
2025-09-29 21:29:05,203 - INFO - [round 18] pick 2/5: Cn1cc(-c2cc(S(C)(=O)=O)ccc2OCCN2CCOCC2)c2cc[nH]c2c1=O | UCB+MI=0.8248 | f=0.6502
2025-09-29 21:29:05,271 - INFO - [round 18] pick 3/5: CC(NS(=O)(=O)c1ccc2c(c1)OCCCO2)C(=O)N1CCN(c2ccc(F)cc2)CC1 | UCB+MI=0.835 | f=0.6002
2025-09-29 21:29:05,338 - INFO - [round 18] pick 4/5: COc1ccc(C(=O)NC(=O)Nc2ccc3c(c2)NC(=O)C3=Cc2[nH]c(C)c(CCC(=O)N3CCN(C)CC3)c2C)c(F)c1 | UCB+MI=0.795 | f=0.572
2025-09-29 21:29:05,408 - INFO - [round 18] pick 5/5: COc1ccccc1Oc1c(NS(=O)(=O)c2ccc(C(C)C)cn2)nc(N2CCOCC2)nc1OCC#CCO | UCB+MI=0.8061 | f=0.5667
2025-09-29 21:29:05,478 - INFO - Round 18 done in 57.13s; train size=105
2025-09-29 21:29:05,478 - INFO - 
--- Trial 1, eta0=0.05, Round 19 (train size=105) ---
2025-09-29 21:30:03,382 - INFO - [round 19] pick 1/5: Cn1cnc2cc(-c3ccc(N4CCOCC4)cc3)nc(NCCS(C)(=O)=O)c2c1=O | UCB+MI=0.8399 | f=0.5968
2025-09-29 21:30:03,455 - INFO - [round 19] pick 2/5: COc1ccc(OC)c(NC(=O)c2ccc(S(=O)(=O)N3CCN(C)CC3)cc2)c1 | UCB+MI=0.8407 | f=0.6066
2025-09-29 21:30:03,528 - INFO - [round 19] pick 3/5: N#Cc1ccc(-c2n[nH]c3c2Cc2ccc(NC(=O)CCN4CCOCC4)cc2-3)cn1 | UCB+MI=0.8236 | f=0.6229
2025-09-29 21:30:03,602 - INFO - [round 19] pick 4/5: COCCN1CCN(C(=O)C2CCN(c3ccc(S(=O)(=O)C4(C(=O)NO)CCOCC4)cc3)CC2)CC1 | UCB+MI=0.8135 | f=0.6399
2025-09-29 21:30:03,677 - INFO - [round 19] pick 5/5: COc1cc(NC(=O)C(C)c2nc(N3CCOCC3)cc(=O)[nH]2)ccc1F | UCB+MI=0.8329 | f=0.5642
2025-09-29 21:30:03,753 - INFO - Round 19 done in 58.27s; train size=110
2025-09-29 21:30:03,753 - INFO - 
--- Trial 1, eta0=0.05, Round 20 (train size=110) ---
2025-09-29 21:31:04,855 - INFO - [round 20] pick 1/5: CS(=O)(=O)c1ccc(-c2cc3c(cc2C(=O)N2CCOCC2)OCO3)cc1 | UCB+MI=0.8448 | f=0.562
2025-09-29 21:31:04,933 - INFO - [round 20] pick 2/5: COc1ccc(NC(=O)CN(C)CC(=O)Nc2ccc(N3CCOCC3)cc2)c([N+](=O)[O-])c1 | UCB+MI=0.8486 | f=0.6054
2025-09-29 21:31:05,011 - INFO - [round 20] pick 3/5: Cn1c(=O)c(C(=O)NCCN2CCOCC2)c(O)c2ncc(Cc3ccc(F)cc3)cc21 | UCB+MI=0.8385 | f=0.6161
2025-09-29 21:31:05,090 - INFO - [round 20] pick 4/5: Cc1cccc(N2CCN(C(=O)CCNS(=O)(=O)c3ccc4c(c3)CCC(=O)N4)CC2)c1C | UCB+MI=0.8115 | f=0.6488
2025-09-29 21:31:05,169 - INFO - [round 20] pick 5/5: CCN1CC(C)(C)Oc2nc(N3CC4CCC(C3)O4)nc(-c3ccc(NC(O)=Nc4ccc(N5CCN(C(=O)OC)CC5)nc4)c(F)c3)c2C1=O | UCB+MI=0.7865 | f=0.5931
2025-09-29 21:31:05,251 - INFO - Round 20 done in 61.50s; train size=115
2025-09-29 21:31:05,251 - INFO - 
--- Trial 1, eta0=0.05, Round 21 (train size=115) ---
2025-09-29 21:32:09,598 - INFO - [round 21] pick 1/5: Cc1cc(N2CCOCC2)nc2ccc(NC(=O)CCC(=O)N3CCN(c4ccc(F)cc4)CC3)cc12 | UCB+MI=0.8587 | f=0.5311
2025-09-29 21:32:09,682 - INFO - [round 21] pick 2/5: COc1ccc(CNC(=O)C2CCN(S(=O)(=O)c3ccc4c(c3)N(C(C)=O)CCO4)CC2)cc1 | UCB+MI=0.8271 | f=0.6433
2025-09-29 21:32:09,765 - INFO - [round 21] pick 3/5: NS(=O)(=O)c1ccc(Nc2ncnc3cc4oc(=O)n(CCCN5CCOCC5)c4cc23)cc1 | UCB+MI=0.8261 | f=0.63
2025-09-29 21:32:09,851 - INFO - [round 21] pick 4/5: COCCNc1cc(C(=O)O)nc2c(-c3cc(F)ccc3O)nc(N3CCOCC3)nc12 | UCB+MI=0.8217 | f=0.5806
2025-09-29 21:32:09,937 - INFO - [round 21] pick 5/5: COc1ccc2c(c1)C(=O)N(CC1(C#Cc3ccc(C(N=O)N4CCN(C)CC4)nc3)NC(=O)NC1=O)C2 | UCB+MI=0.7904 | f=0.5833
2025-09-29 21:32:10,025 - INFO - Round 21 done in 64.77s; train size=120
2025-09-29 21:32:10,025 - INFO - 
--- Trial 1, eta0=0.05, Round 22 (train size=120) ---
2025-09-29 21:33:17,552 - INFO - [round 22] pick 1/5: COc1cc(N2CCN(C)CC2)ccc1Nc1nc(N)n(C(=O)NCc2ccc(S(C)(=O)=O)cc2)n1 | UCB+MI=0.8404 | f=0.5439
2025-09-29 21:33:17,642 - INFO - [round 22] pick 2/5: COc1ccc(C2C(C(=O)c3ccco3)=C(O)C(=O)N2CCN2CCOCC2)cc1 | UCB+MI=0.8329 | f=0.7086
2025-09-29 21:33:17,731 - INFO - [round 22] pick 3/5: CN1CCc2c(sc(NC(=O)c3ccc(S(=O)(=O)N4CCOCC4)cc3)c2C(N)=O)C1 | UCB+MI=0.8349 | f=0.5797
2025-09-29 21:33:17,822 - INFO - [round 22] pick 4/5: COc1ccc2c(CC(=O)Nc3cc(Br)ccc3N3CCN(C(=O)OC(C)(C)C)CC3)cc(=O)oc2c1 | UCB+MI=0.8287 | f=0.5319
2025-09-29 21:33:17,914 - INFO - [round 22] pick 5/5: CS(=O)(=O)N1CCc2oc(-c3nc(Nc4ccc(OCCN5CCCC5)cc4)ncc3F)cc2C1 | UCB+MI=0.8145 | f=0.6132
2025-09-29 21:33:18,007 - INFO - Round 22 done in 67.98s; train size=125
2025-09-29 21:33:18,007 - INFO - 
--- Trial 1, eta0=0.05, Round 23 (train size=125) ---
2025-09-29 21:34:26,659 - INFO - [round 23] pick 1/5: COc1cccc(C2C(C(=O)c3ccc4c(c3)OCCO4)=C(O)C(=O)N2CCCN2CCOCC2)c1OC | UCB+MI=0.8428 | f=0.6607
2025-09-29 21:34:26,756 - INFO - [round 23] pick 2/5: COc1ccc(NC(=O)CN(C)C(=O)CCc2nc3cc(S(=O)(=O)N4CCOCC4)ccc3n2C)cc1 | UCB+MI=0.8587 | f=0.6267
2025-09-29 21:34:26,852 - INFO - [round 23] pick 3/5: CN1CCN(c2ccc(NS(=O)(=O)c3ccc(Br)s3)cc2C(=O)O)CC1 | UCB+MI=0.8164 | f=0.5919
2025-09-29 21:34:26,949 - INFO - [round 23] pick 4/5: O=C(NCc1ccc(S(=O)(=O)c2ccc(N3CCOCC3)nc2)cc1)c1cnc2[nH]ncc2c1 | UCB+MI=0.839 | f=0.6197
2025-09-29 21:34:27,047 - INFO - [round 23] pick 5/5: N#Cc1ccc2c3c([nH]c2c1)C1(CCOCC1)c1cc(OCCN2CCOCC2)ccc1C3=O | UCB+MI=0.8248 | f=0.6496
2025-09-29 21:34:27,146 - INFO - Round 23 done in 69.14s; train size=130
2025-09-29 21:34:27,146 - INFO - 
--- Trial 1, eta0=0.05, Round 24 (train size=130) ---
2025-09-29 21:35:38,713 - INFO - [round 24] pick 1/5: COCCN1C(=O)C(O)=C(C(=O)c2ccc(S(=O)(=O)N3CCCCC3)cc2)C1c1ccc(O)c(OC)c1 | UCB+MI=0.8471 | f=0.6627
2025-09-29 21:35:38,816 - INFO - [round 24] pick 2/5: COc1ccc(NC(=S)N(CCN2CCOCC2)Cc2cc3cc4c(cc3nc2O)OCCO4)cc1 | UCB+MI=0.8368 | f=0.6636
2025-09-29 21:35:38,919 - INFO - [round 24] pick 3/5: COc1cccc(CCNC(=O)c2cnc3sc(N4CCOCC4)nn3c2=O)c1 | UCB+MI=0.8299 | f=0.5389
2025-09-29 21:35:39,022 - INFO - [round 24] pick 4/5: CS(=O)(=O)N1CCN(c2ccc3ccc(C(=O)NCC(=O)N4CCOCC4)cn23)CC1 | UCB+MI=0.8202 | f=0.6187
2025-09-29 21:35:39,127 - INFO - [round 24] pick 5/5: COC(=O)c1[nH]c2ccc(F)cc2c1NC(=O)CCN1CCN(C(=O)c2ccco2)CC1 | UCB+MI=0.81 | f=0.6439
2025-09-29 21:35:39,234 - INFO - Round 24 done in 72.09s; train size=135
2025-09-29 21:35:39,234 - INFO - 
--- Trial 1, eta0=0.05, Round 25 (train size=135) ---
2025-09-29 21:36:54,959 - INFO - [round 25] pick 1/5: COc1ccc(N2CCN(CCCNS(=O)(=O)c3ccc4c(c3)oc(=O)n4C)CC2)cc1 | UCB+MI=0.8516 | f=0.6876
2025-09-29 21:36:55,068 - INFO - [round 25] pick 2/5: Cc1cc(C(=O)C2=C(O)C(=O)N(CCN3CCOCC3)C2c2ccncc2)ccc1OCC(C)C | UCB+MI=0.8566 | f=0.7092
2025-09-29 21:36:55,177 - INFO - [round 25] pick 3/5: NC(=O)c1ccc(NC(=O)CN2CCN(S(=O)(=O)c3ccc4c(c3)OCCO4)CC2)cc1 | UCB+MI=0.861 | f=0.6405
2025-09-29 21:36:55,288 - INFO - [round 25] pick 4/5: CNC(=O)c1nn(C)c2c1C(C)(C)Cc1cnc(Nc3ccc(N4CCOCC4)cc3)nc1-2 | UCB+MI=0.8214 | f=0.5558
2025-09-29 21:36:55,400 - INFO - [round 25] pick 5/5: COc1cc(OC)c(C(=O)CCCCN2CCC3(CC2)NC(=O)NC3=O)cc1NS(=O)(=O)c1ccc(C)cc1 | UCB+MI=0.8217 | f=0.6388
2025-09-29 21:36:55,513 - INFO - Round 25 done in 76.28s; train size=140
2025-09-29 21:36:55,513 - INFO - 
--- Trial 1, eta0=0.05, Round 26 (train size=140) ---
2025-09-29 21:38:12,641 - INFO - [round 26] pick 1/5: CCCCOc1ccc(C2C(C(=O)c3ccc4c(c3)CC(C)O4)=C(O)C(=O)N2CCN2CCOCC2)cc1OC | UCB+MI=0.8677 | f=0.691
2025-09-29 21:38:12,757 - INFO - [round 26] pick 2/5: COc1ccc(N2CCN(C(=O)CCNS(=O)(=O)c3ccc4c(c3)CCN4C(=O)C3CC3)CC2)cc1 | UCB+MI=0.8602 | f=0.6693
2025-09-29 21:38:12,872 - INFO - [round 26] pick 3/5: CCOc1ccc(NC(=O)CSc2nnc3c(n2)[nH]c2ccc(S(=O)(=O)N4CCOCC4)cc23)cc1 | UCB+MI=0.8454 | f=0.5688
2025-09-29 21:38:12,990 - INFO - [round 26] pick 4/5: O=C1c2c(O)c(O)cc(S(=O)(=O)NCCN3CCOCC3)c2CN1Cc1ccc(F)c(Cl)c1 | UCB+MI=0.8314 | f=0.5926
2025-09-29 21:38:13,108 - INFO - [round 26] pick 5/5: CC(C)Nc1cccnc1N1CCN(C(=O)c2cc3cc(C(=O)C=C(O)C(=O)O)ccc3[nH]2)CC1 | UCB+MI=0.8066 | f=0.654
2025-09-29 21:38:13,233 - INFO - Round 26 done in 77.72s; train size=145
2025-09-29 21:38:13,233 - INFO - 
--- Trial 1, eta0=0.05, Round 27 (train size=145) ---
2025-09-29 21:39:34,479 - INFO - [round 27] pick 1/5: COC(=O)c1cc(OC(=O)c2ccc(OC)c(O)c2)c(OC)cc1CCN1CCOCC1 | UCB+MI=0.8501 | f=0.6216
2025-09-29 21:39:34,602 - INFO - [round 27] pick 2/5: CCN(CC)S(=O)(=O)c1ccc2[nH]cc(C(=O)NCCCN3CCN(c4ccc(OC)cc4)CC3)c(=O)c2c1 | UCB+MI=0.8578 | f=0.6647
2025-09-29 21:39:34,726 - INFO - [round 27] pick 3/5: COc1cc(NCCN2CCOCC2)ccc1N=c1[nH]c2c(c(=Nc3ccccc3S(=O)(=O)NC(C)C)[nH]1)CCN2 | UCB+MI=0.8342 | f=0.5844
2025-09-29 21:39:34,850 - INFO - [round 27] pick 4/5: Cc1cc(C)cc(CC(=O)N2CCN(c3ccc(C(=O)NC(C(N)=O)C(C)O)cn3)CC2)c1 | UCB+MI=0.8224 | f=0.6279
2025-09-29 21:39:34,977 - INFO - [round 27] pick 5/5: COc1ccc(S(=O)(=O)N2CCCCC2)cc1NC(=O)C1CC(=O)N(c2ccc3c(c2)OCCO3)C1 | UCB+MI=0.8429 | f=0.6289
2025-09-29 21:39:35,104 - INFO - Round 27 done in 81.87s; train size=150
2025-09-29 21:39:35,104 - INFO - 
--- Trial 1, eta0=0.05, Round 28 (train size=150) ---
2025-09-29 21:40:56,821 - INFO - [round 28] pick 1/5: COC(=O)C1=C(C)NC(=O)N(C(=O)NCCCN2CCN(c3ccc(OC)cc3C)CC2)C1c1ccc(F)c(F)c1 | UCB+MI=0.8522 | f=0.6399
2025-09-29 21:40:56,978 - INFO - [round 28] pick 2/5: CC(=O)c1ccc(NC(=O)CSc2nc(=O)n(CCN3CCOCC3)c3c2CCC3)cc1 | UCB+MI=0.8461 | f=0.5909
2025-09-29 21:40:57,109 - INFO - [round 28] pick 3/5: COc1ccc(N2CCN(C(=O)c3cc4cc(C(=O)O)ccc4[nH]3)CC2)cc1 | UCB+MI=0.873 | f=0.643
2025-09-29 21:40:57,242 - INFO - [round 28] pick 4/5: COc1cc2c(Nc3ccccc3CCN3CCOCC3)c(C(N)=O)cnc2cc1-c1c(C)noc1C | UCB+MI=0.8237 | f=0.6094
2025-09-29 21:40:57,375 - INFO - [round 28] pick 5/5: COc1ccc(NC(=O)C2CCN(S(=O)(=O)c3ccc4c(c3)CCCC(=O)N4)CC2)cc1OC | UCB+MI=0.8349 | f=0.6337
2025-09-29 21:40:57,510 - INFO - Round 28 done in 82.41s; train size=155
2025-09-29 21:40:57,510 - INFO - 
--- Trial 1, eta0=0.05, Round 29 (train size=155) ---
2025-09-29 21:42:23,573 - INFO - [round 29] pick 1/5: COc1ccc(N2CCN(C(=O)CCn3c(=O)[nH]c4cc(OC)c(OC)cc4c3=O)CC2)cc1 | UCB+MI=0.8662 | f=0.6357
2025-09-29 21:42:23,711 - INFO - [round 29] pick 2/5: CCOc1ccc(NS(=O)(=O)c2cc(C(=O)NCCN3CCOCC3)ccc2C)cc1 | UCB+MI=0.8635 | f=0.6366
2025-09-29 21:42:23,849 - INFO - [round 29] pick 3/5: COc1ccc(OC)c(CN2CCN(c3ccc(S(=O)(=O)N4CCCC4)cn3)CC2)c1 | UCB+MI=0.859 | f=0.4267
2025-09-29 21:42:23,988 - INFO - [round 29] pick 4/5: O=C(C1=C(O)C(=O)N(CCN2CCOCC2)C1c1ccc([N+](=O)[O-])cc1)c1ccc2c(c1)OCO2 | UCB+MI=0.8692 | f=0.6976
2025-09-29 21:42:24,128 - INFO - [round 29] pick 5/5: CC(NC(=O)c1ccco1)C(=O)N1CCCN(CCCOc2ccc(-c3noc(CC(C)(C)C)n3)c(F)c2)CC1 | UCB+MI=0.8178 | f=0.644
2025-09-29 21:42:24,272 - INFO - Round 29 done in 86.76s; train size=160
2025-09-29 21:42:24,272 - INFO - 
--- Trial 1, eta0=0.05, Round 30 (train size=160) ---
2025-09-29 21:43:51,766 - INFO - [round 30] pick 1/5: COc1c(C(=O)N2CCN(CCCNC(=O)c3cc(O)c(O)c(O)c3)CC2)nc(Cc2ccc(C)cc2)n(C)c1=O | UCB+MI=0.8495 | f=0.646
2025-09-29 21:43:51,912 - INFO - [round 30] pick 2/5: Cc1cc(C)cc(OCC(=O)Nc2ccc(N3CCN(S(C)(=O)=O)CC3)cc2)c1 | UCB+MI=0.8602 | f=0.4687
2025-09-29 21:43:52,057 - INFO - [round 30] pick 3/5: COc1ccc(C2C(C(=O)c3ccc(F)cc3)=C(O)C(=O)N2CCCN2CCOCC2)cc1OC | UCB+MI=0.895 | f=0.7002
2025-09-29 21:43:52,206 - INFO - [round 30] pick 4/5: COc1ccc(S(=O)(=O)N2CCC(C(=O)NC(C)C(=O)N3CCCC3)CC2)cc1 | UCB+MI=0.8232 | f=0.5688
2025-09-29 21:43:52,355 - INFO - [round 30] pick 5/5: N#Cc1cnc(C(=O)Nc2ccc(C3(CN4CCOCC4)CCOCC3)cc2C2=CCCCC2)[nH]1 | UCB+MI=0.803 | f=0.6465
2025-09-29 21:43:52,507 - INFO - Round 30 done in 88.24s; train size=165
2025-09-29 21:43:52,507 - INFO - 
--- Trial 1, eta0=0.05, Round 31 (train size=165) ---
2025-09-29 21:45:24,381 - INFO - [round 31] pick 1/5: COc1ccc(C(=O)c2cc3cc(C)n(CCN4CCOCC4)c3s2)cc1 | UCB+MI=0.8582 | f=0.01822
2025-09-29 21:45:24,537 - INFO - [round 31] pick 2/5: COc1ncc(-c2ccc3nc(NC(=O)NCC(=O)N4CCOCC4)nn3c2)cc1NS(=O)(=O)c1ccc(F)cc1 | UCB+MI=0.8396 | f=0.532
2025-09-29 21:45:24,691 - INFO - [round 31] pick 3/5: COc1cc(CC(=O)N2CCN(CCc3ccc4c(c3C)COC4=O)CC2)c(F)cc1C#N | UCB+MI=0.8268 | f=0.576
2025-09-29 21:45:24,848 - INFO - [round 31] pick 4/5: CC(C)c1ccc(NC(=O)C2CCN(S(=O)(=O)c3ccc4c(c3)C(C)(C)C(=O)N4C)CC2)cc1 | UCB+MI=0.8274 | f=0.658
2025-09-29 21:45:25,005 - INFO - [round 31] pick 5/5: COc1cc(N2CCN(C(C)=O)CC2)ccc1N=c1[nH]c(Nc2ccc(N3CCN(C(=O)CO)CC3)cc2OC)ncc1Cl | UCB+MI=0.8187 | f=0.5876
2025-09-29 21:45:25,163 - INFO - Round 31 done in 92.66s; train size=170
2025-09-29 21:45:25,164 - INFO - 
--- Trial 1, eta0=0.05, Round 32 (train size=170) ---
2025-09-29 21:46:58,638 - INFO - [round 32] pick 1/5: CN1C(=O)Cc2cc(S(=O)(=O)Nc3ccc(N4CCOCC4)cc3)ccc21 | UCB+MI=0.8714 | f=0.5123
2025-09-29 21:46:58,801 - INFO - [round 32] pick 2/5: COC(=O)C1(c2ccccc2)CCN(CCCNC(=O)N2C(=O)NC3=C(C(=O)OC3)C2c2ccc(F)c(F)c2)CC1 | UCB+MI=0.8361 | f=0.6677
2025-09-29 21:46:58,963 - INFO - [round 32] pick 3/5: O=C(NCCCC(=O)N1CCN(c2cc3c(cc2F)c(=O)c(C(=O)O)cn3C2CC2)CC1)c1cnccn1 | UCB+MI=0.8284 | f=0.6494
2025-09-29 21:46:59,129 - INFO - [round 32] pick 4/5: COc1cc(C2C(C(=O)c3ccc4c(c3)OCCO4)=C(O)C(=O)N2CCN2CCOCC2)cc(OC)c1OC | UCB+MI=0.8734 | f=0.6543
2025-09-29 21:46:59,296 - INFO - [round 32] pick 5/5: CC(=O)N1CCC(c2ccc(NC(=O)c3ncc(C#N)[nH]3)c(C3=CCS(=O)(=O)CC3)c2)CC1 | UCB+MI=0.825 | f=0.61
2025-09-29 21:46:59,465 - INFO - Round 32 done in 94.30s; train size=175
2025-09-29 21:46:59,465 - INFO - 
--- Trial 1, eta0=0.05, Round 33 (train size=175) ---
2025-09-29 21:48:39,393 - INFO - [round 33] pick 1/5: COc1ccc(-n2nc(C(=O)NCC(=O)N3CCC4(CC3)OCCO4)c3ccccc3c2=O)cc1Cl | UCB+MI=0.8411 | f=0.6071
2025-09-29 21:48:39,565 - INFO - [round 33] pick 2/5: Cc1ccc(NC(=O)c2cccc(C(F)(F)F)c2)cc1N1Cc2cnc(NCCCN3CCOCC3)nc2N(C)C1=O | UCB+MI=0.8421 | f=0.5683
2025-09-29 21:48:39,738 - INFO - [round 33] pick 3/5: CC(C)c1ccc(NC(=O)C2CCCN(S(=O)(=O)c3ccc4[nH]c(=O)oc4c3)C2)cc1 | UCB+MI=0.835 | f=0.6523
2025-09-29 21:48:39,914 - INFO - [round 33] pick 4/5: CC1COc2c(N3CCN(C(=O)c4ccco4)CC3)c(F)c([N+](=O)[O-])c3c(=O)c(C(=O)O)cn1c23 | UCB+MI=0.8173 | f=0.5809
2025-09-29 21:48:40,090 - INFO - [round 33] pick 5/5: O=C(NCCCN1CCOCC1)C(=O)NCC1OCCN1S(=O)(=O)c1ccc(Br)cc1 | UCB+MI=0.8388 | f=0.5671
2025-09-29 21:48:40,267 - INFO - Round 33 done in 100.80s; train size=180
2025-09-29 21:48:40,267 - INFO - 
--- Trial 1, eta0=0.05, Round 34 (train size=180) ---
2025-09-29 21:50:19,635 - INFO - [round 34] pick 1/5: CC(=O)c1ccc(N2CCN(C(=O)CN3CCC(C(=O)Nc4ccc(O)c(F)c4)C3)CC2)cc1 | UCB+MI=0.851 | f=0.7009
2025-09-29 21:50:19,817 - INFO - [round 34] pick 2/5: COC(O)=C1C(C)=NC(C)=C(C(=O)NCCCN2CCN(c3ccccc3OC)CC2)C1c1cccc([N+](=O)[O-])c1 | UCB+MI=0.8399 | f=0.6856
2025-09-29 21:50:19,999 - INFO - [round 34] pick 3/5: C=CC(=O)N1CCC(Oc2cc3c(Nc4ccc(F)c(Cl)c4F)ncnc3cc2OC)CC1C(=O)NCCN1CCOCC1 | UCB+MI=0.8341 | f=0.6027
2025-09-29 21:50:20,183 - INFO - [round 34] pick 4/5: CCC(C)NS(=O)(=O)c1ccc(NC(=O)C2CCN(C(=O)c3ccco3)CC2)cc1 | UCB+MI=0.8412 | f=0.6083
2025-09-29 21:50:20,369 - INFO - [round 34] pick 5/5: Cc1cc2oc3c(c(=O)c2cc1C)C(c1ccc(C(C)C)cc1)N(CCCN1CCOCC1)C3=O | UCB+MI=0.8354 | f=0.1828
2025-09-29 21:50:20,557 - INFO - Round 34 done in 100.29s; train size=185
2025-09-29 21:50:20,557 - INFO - 
--- Trial 1, eta0=0.05, Round 35 (train size=185) ---
2025-09-29 21:52:02,123 - INFO - [round 35] pick 1/5: COc1ccccc1N1CCN(C(=O)CCS(=O)(=O)c2ccc3c(c2)oc(=O)n3C)CC1 | UCB+MI=0.8694 | f=0.6622
2025-09-29 21:52:02,314 - INFO - [round 35] pick 2/5: CCOC(O)=C1C(C)=NC(C)=C(C(=O)OC)C1c1cccc(NC(=O)NCCCN2CCN(c3ccc(OC)cc3)CC2)c1 | UCB+MI=0.8623 | f=0.5939
2025-09-29 21:52:02,505 - INFO - [round 35] pick 3/5: O=C(NCCN1CCOCC1)c1ccc(F)c2c(C(=O)C(=O)N3CCN(C(=O)c4ccccc4)CC3)c[nH]c12 | UCB+MI=0.8495 | f=0.6479
2025-09-29 21:52:02,698 - INFO - [round 35] pick 4/5: CC1(C(=O)O)CCN(c2cc(N3CCCC(C(=O)NCCc4ccc(C#N)cc4)C3)nc(C(F)(F)F)n2)CC1 | UCB+MI=0.8248 | f=0.6045
2025-09-29 21:52:02,892 - INFO - [round 35] pick 5/5: COc1ccc(S(=O)(=O)NC(=O)C2=C(O)C3Oc4c(O)ccc5c4C34CCN(CC3CC3)C(C5)C4(O)C2)cc1 | UCB+MI=0.8224 | f=0.648
2025-09-29 21:52:03,089 - INFO - Round 35 done in 102.53s; train size=190
2025-09-29 21:52:03,089 - INFO - 
--- Trial 1, eta0=0.05, Round 36 (train size=190) ---
2025-09-29 21:53:46,645 - INFO - [round 36] pick 1/5: COc1cc(C(=O)N2CCN(c3ccccc3O)CC2)ccc1OCC(=O)N1CCOCC1 | UCB+MI=0.8669 | f=0.664
2025-09-29 21:53:46,845 - INFO - [round 36] pick 2/5: CC(=O)C1=C(C)NC(=O)N(C(=O)NCCCN2CCN(c3ccccc3C(N)=O)CC2)C1c1cc(F)c(F)c(F)c1 | UCB+MI=0.8665 | f=0.6391
2025-09-29 21:53:47,046 - INFO - [round 36] pick 3/5: COc1ccncc1-c1ccc2[nH]nc(C(=O)NCC3CCN(Cc4ccc(C(=O)O)o4)CC3)c2c1 | UCB+MI=0.8392 | f=0.6681
2025-09-29 21:53:47,248 - INFO - [round 36] pick 4/5: CCCNC(=O)N1CC2(CCN(S(=O)(=O)c3ccc(OC)cc3)CC2)c2c(n(C)c3cc(OC)ccc23)C1CO | UCB+MI=0.8474 | f=0.6653
2025-09-29 21:53:47,451 - INFO - [round 36] pick 5/5: O=C(c1ccco1)N1CCN(C(=O)c2cc(Cc3nnc(O)c4c3NCCC4)ccc2F)CC1 | UCB+MI=0.8398 | f=0.6101
2025-09-29 21:53:47,657 - INFO - Round 36 done in 104.57s; train size=195
2025-09-29 21:53:47,657 - INFO - 
--- Trial 1, eta0=0.05, Round 37 (train size=195) ---
2025-09-29 21:55:34,617 - INFO - [round 37] pick 1/5: COc1cc(=O)n2c(c1C(=O)NCc1ccco1)CCN(C(=O)c1cccnc1SC)CC2 | UCB+MI=0.8468 | f=0.5589
2025-09-29 21:55:34,829 - INFO - [round 37] pick 2/5: COc1ccccc1-c1ccc(CC(NC(=O)C2(C(=O)N3CCOCC3)CCCO2)C(=O)O)cc1 | UCB+MI=0.8527 | f=0.6807
2025-09-29 21:55:35,047 - INFO - [round 37] pick 3/5: COCCOc1cc2ncnc(N3CCN(C(=O)Nc4ccc(C#N)cc4)CC3)c2cc1OC | UCB+MI=0.853 | f=0.6126
2025-09-29 21:55:35,261 - INFO - [round 37] pick 4/5: COC(=O)N1C(=O)N(C)C(C)=C(C(=O)NCCCN2CCC(c3ccc(F)cc3)CC2)C1c1ccc(F)c(F)c1 | UCB+MI=0.8527 | f=0.5111
2025-09-29 21:55:35,476 - INFO - [round 37] pick 5/5: N=C(N)N1CCc2ccc(S(=O)(=O)CC3(C(=O)O)CCN(c4ccncc4)CC3)cc2C1 | UCB+MI=0.8351 | f=0.6291
2025-09-29 21:55:35,694 - INFO - Round 37 done in 108.04s; train size=200
2025-09-29 21:55:35,694 - INFO - 
--- Trial 1, eta0=0.05, Round 38 (train size=200) ---
2025-09-29 21:57:25,382 - INFO - [round 38] pick 1/5: CN1CCN(C(=O)c2ccc3c(c2)C(=NNC(=O)Cc2ccc(O)cc2)C(=O)N3)CC1 | UCB+MI=0.8549 | f=0.6029
2025-09-29 21:57:25,604 - INFO - [round 38] pick 2/5: CNC(C)C(=O)NC1C(=O)N(Cc2c(OC)ccc3cc(C(=O)O)ccc23)c2ccccc2OC12CCOCC2 | UCB+MI=0.846 | f=0.6435
2025-09-29 21:57:25,825 - INFO - [round 38] pick 3/5: O=C(O)CCC(=O)N1CCN(c2ccc(Nc3ncc(Br)c(NCC4CCCO4)n3)cc2)CC1 | UCB+MI=0.8504 | f=0.644
2025-09-29 21:57:26,047 - INFO - [round 38] pick 4/5: CNC(=O)c1ccc(Oc2ccc(S(=O)(=O)C3(C(=O)NO)CCC4(CCNCC4)C3)cc2)cc1OC | UCB+MI=0.8417 | f=0.6419
2025-09-29 21:57:26,272 - INFO - [round 38] pick 5/5: CCC12c3[nH]c4ccc(OC)cc4c3CCN1C(=O)C(CC(=O)NCCC1=CCCCC1)CC2C(=O)N1CCN(C(=O)c2ccco2)CC1 | UCB+MI=0.8435 | f=0.5673
2025-09-29 21:57:26,499 - INFO - Round 38 done in 110.81s; train size=205
2025-09-29 21:57:26,500 - INFO - 
--- Trial 1, eta0=0.05, Round 39 (train size=205) ---
2025-09-29 21:59:19,276 - INFO - [round 39] pick 1/5: COc1ccccc1NC(=O)N1CCN(c2ccc(N3CC(CNC(C)=O)OC3=O)cc2F)CC1 | UCB+MI=0.8688 | f=0.6199
2025-09-29 21:59:19,509 - INFO - [round 39] pick 2/5: CC(C)CC1(O)CCN(C(=O)c2ccc(NS(=O)(=O)c3cccc4c(O)ncnc34)cc2)CC1 | UCB+MI=0.8434 | f=0.6322
2025-09-29 21:59:19,741 - INFO - [round 39] pick 3/5: O=C(NCC(NS(=O)(=O)c1cccnc1)C(=O)O)c1ccc2c(c1)C(=O)N(CCC1CCNCC1)C2 | UCB+MI=0.838 | f=0.6136
2025-09-29 21:59:19,974 - INFO - [round 39] pick 4/5: CCCOc1ccc(C2C(C(=O)c3ccco3)=C(O)C(=O)N2CCN2CCOCC2)cc1OC | UCB+MI=0.8989 | f=0.6792
2025-09-29 21:59:20,211 - INFO - [round 39] pick 5/5: CS(=O)(=O)Nc1ccc2[nH]cc(C3CCN(C(C(=O)O)C4CCN(C(=O)C=Cc5cc(F)c(F)c(F)c5)CC4)CC3)c2c1 | UCB+MI=0.8261 | f=0.6545
2025-09-29 21:59:20,450 - INFO - Round 39 done in 113.95s; train size=210
