2025-10-13 16:05:53,198 - INFO - 
--- Round 0 | trial=5 | sqrt_beta=0.7071 (beta=0.5000) | rho=0.80 | train size=10 ---
2025-10-13 16:06:04,376 - INFO - [round 0] pick 1/5: COc1ccc(NC(=O)c2c(C)noc2C(C)C)cc1S(=O)(=O)N1CCCCC1 | UCB=0.8386 | mu=0.1864 | std=0.9223 | f=0.3907
2025-10-13 16:06:04,377 - INFO - [round 0] pick 2/5: CCOC(=O)c1cc(C#N)c(N2CCCC2)nc1-c1ccccc1 | UCB=0.8292 | mu=0.1707 | std=0.9312 | f=0.3718
2025-10-13 16:06:04,378 - INFO - [round 0] pick 3/5: CCc1ccc(S(=O)(=O)N2CCN(c3ccc(Cl)c(Cl)c3)CC2)cc1 | UCB=0.8264 | mu=0.1652 | std=0.9352 | f=0.2763
2025-10-13 16:06:04,379 - INFO - [round 0] pick 4/5: COC(=O)c1c(C(C)(C)C)[n+]([O-])c2cc(C)c(C)cc2[n+]1[O-] | UCB=0.8009 | mu=0.1394 | std=0.9356 | f=0.2405
2025-10-13 16:06:04,380 - INFO - [round 0] pick 5/5: Cc1nn(C)c(N(C)C)c1CNCCC(=O)NC1CCCC1 | UCB=0.7999 | mu=0.1436 | std=0.9281 | f=0.1645
2025-10-13 16:06:04,381 - INFO - Round 0 done in 11.18s; train size=15
2025-10-13 16:06:04,381 - INFO - 
--- Round 1 | trial=5 | sqrt_beta=0.7071 (beta=0.5000) | rho=0.80 | train size=15 ---
2025-10-13 16:06:17,423 - INFO - [round 1] pick 1/5: CCOc1cc(C)c(S(=O)(=O)N2CCCCC2)cc1C | UCB=0.888 | mu=0.2526 | std=0.8986 | f=0.1453
2025-10-13 16:06:17,424 - INFO - [round 1] pick 2/5: O=C(Nc1ccc(N2CCCCC2)c(Cl)c1)c1ccc(Br)o1 | UCB=0.8774 | mu=0.2305 | std=0.9148 | f=0.3136
2025-10-13 16:06:17,426 - INFO - [round 1] pick 3/5: CCOC(=O)c1cnc2c(c(C)nn2C)c1Nc1ccccc1 | UCB=0.8543 | mu=0.2024 | std=0.922 | f=0.1246
2025-10-13 16:06:17,427 - INFO - [round 1] pick 4/5: CCOC(=O)N1CCN(C(=O)CN(C)S(=O)(=O)c2ccc(OC)c(OC)c2)CC1 | UCB=0.8533 | mu=0.1845 | std=0.9458 | f=0.1525
2025-10-13 16:06:17,429 - INFO - [round 1] pick 5/5: CC(C)c1ccc2c(c1)[n+]([O-])c(NCCN1CCOCC1)n[n+]2[O-] | UCB=0.8348 | mu=0.1579 | std=0.9573 | f=0.3074
2025-10-13 16:06:17,431 - INFO - Round 1 done in 13.05s; train size=20
2025-10-13 16:06:17,431 - INFO - 
--- Round 2 | trial=5 | sqrt_beta=0.7071 (beta=0.5000) | rho=0.80 | train size=20 ---
2025-10-13 16:06:33,736 - INFO - [round 2] pick 1/5: Cc1ccc(C(C)C)cc1OCC(=O)Nc1ccc(N2CCCCC2)cc1 | UCB=0.8841 | mu=0.2642 | std=0.8767 | f=0.3838
2025-10-13 16:06:33,738 - INFO - [round 2] pick 2/5: O=C(Nc1nnc(-c2ccccc2)s1)c1cc(S(=O)(=O)N2CCOCC2)c(Cl)cc1Cl | UCB=0.8591 | mu=0.2099 | std=0.9181 | f=0.1003
2025-10-13 16:06:33,740 - INFO - [round 2] pick 3/5: [O-][n+]1nc(N2CCCCC2)[n+]([O-])c2cc3c(cc21)CCC3 | UCB=0.8598 | mu=0.2003 | std=0.9328 | f=0.254
2025-10-13 16:06:33,743 - INFO - [round 2] pick 4/5: COC(=O)c1cc(C#N)c(N2CCN(C)CC2)nc1C | UCB=0.846 | mu=0.1941 | std=0.9219 | f=0.1194
2025-10-13 16:06:33,746 - INFO - [round 2] pick 5/5: CN(C)CCNc1c(C#N)[n+]([O-])c2cc(Cl)ccc2[n+]1[O-] | UCB=0.8318 | mu=0.1653 | std=0.9427 | f=0.2016
2025-10-13 16:06:33,748 - INFO - Round 2 done in 16.32s; train size=25
2025-10-13 16:06:33,748 - INFO - 
--- Round 3 | trial=5 | sqrt_beta=0.7071 (beta=0.5000) | rho=0.80 | train size=25 ---
2025-10-13 16:06:53,298 - INFO - [round 3] pick 1/5: CC(C)c1ccc2nc3ccc(C(=O)OCCN4CCCCC4)cn3c(=O)c2c1 | UCB=0.8838 | mu=0.2449 | std=0.9035 | f=0.1421
2025-10-13 16:06:53,301 - INFO - [round 3] pick 2/5: NCCNc1cc(N2CCCC2)ccc1[N+](=O)[O-] | UCB=0.866 | mu=0.2119 | std=0.925 | f=0.1158
2025-10-13 16:06:53,304 - INFO - [round 3] pick 3/5: CCc1noc(C)c1C(=O)Nc1ccc(-c2nnc3n2CCCCC3)cc1 | UCB=0.8649 | mu=0.2139 | std=0.9206 | f=0.1276
2025-10-13 16:06:53,308 - INFO - [round 3] pick 4/5: [O-][n+]1c2c([n+]([O-])c3cc(F)ccc31)CCCC2 | UCB=0.8437 | mu=0.1848 | std=0.9318 | f=0.2304
2025-10-13 16:06:53,311 - INFO - [round 3] pick 5/5: CC(C)N=C(NC1=NC(=O)CN1C)Nc1ccc(Cl)c(Cl)c1 | UCB=0.8393 | mu=0.1753 | std=0.939 | f=0.1058
2025-10-13 16:06:53,315 - INFO - Round 3 done in 19.57s; train size=30
2025-10-13 16:06:53,315 - INFO - 
--- Round 4 | trial=5 | sqrt_beta=0.7071 (beta=0.5000) | rho=0.80 | train size=30 ---
2025-10-13 16:07:15,390 - INFO - [round 4] pick 1/5: COc1ccc(NS(=O)(=O)c2ccc(N3CCCCC3)c(N)c2)cc1 | UCB=0.8717 | mu=0.2633 | std=0.8604 | f=0.3175
2025-10-13 16:07:15,395 - INFO - [round 4] pick 2/5: Cc1noc(C(C)C)c1C(=O)NCC1CCCN1Cc1ccccc1 | UCB=0.8356 | mu=0.2015 | std=0.8967 | f=0.381
2025-10-13 16:07:15,399 - INFO - [round 4] pick 3/5: CCOC(=O)c1c(-c2ccc(F)cc2)[n+]([O-])c2ccccc2[n+]1[O-] | UCB=0.8351 | mu=0.2013 | std=0.8964 | f=0.1028
2025-10-13 16:07:15,404 - INFO - [round 4] pick 4/5: Cc1cc(NC(=O)CN2C(=O)NC3(CCCCCC3)C2=O)ccc1Br | UCB=0.8402 | mu=0.1824 | std=0.9302 | f=0.1316
2025-10-13 16:07:15,409 - INFO - [round 4] pick 5/5: CC(C)Oc1nc(N2CCCCC2)c2nc(OC(C)C)nc(N3CCCCC3)c2n1 | UCB=0.8191 | mu=0.1496 | std=0.9469 | f=0.325
2025-10-13 16:07:15,414 - INFO - Round 4 done in 22.10s; train size=35
2025-10-13 16:07:15,414 - INFO - 
--- Round 5 | trial=5 | sqrt_beta=0.7071 (beta=0.5000) | rho=0.80 | train size=35 ---
2025-10-13 16:07:40,363 - INFO - [round 5] pick 1/5: Cc1cc(OCC(=O)Nc2ccccc2N2CCCCC2)ccc1C(C)C | UCB=0.8818 | mu=0.2901 | std=0.8367 | f=0.3838
2025-10-13 16:07:40,369 - INFO - [round 5] pick 2/5: CC(C)c1nc2c(c(Nc3ccc(S(=O)(=O)N4CCCC4)cc3)n1)CCN(c1ncccc1C(F)(F)F)CC2 | UCB=0.8553 | mu=0.218 | std=0.9012 | f=0.1106
2025-10-13 16:07:40,375 - INFO - [round 5] pick 3/5: COc1ccc(C(=O)NCc2cc(C(C)C)no2)cc1OC1CCN(C(C)C)CC1 | UCB=0.8512 | mu=0.2021 | std=0.918 | f=0.3849
2025-10-13 16:07:40,381 - INFO - [round 5] pick 4/5: C(=Cc1ccc(C[n+]2ccc(N3CCCCC3)cc2)cc1)c1ccc(C[n+]2ccc(N3CCCCC3)cc2)cc1 | UCB=0.8374 | mu=0.176 | std=0.9353 | f=0.004305
2025-10-13 16:07:40,388 - INFO - [round 5] pick 5/5: CN(C)c1ccc2c(c1)OC(N)=C(C#N)C2C1CCCCC1 | UCB=0.8305 | mu=0.1711 | std=0.9325 | f=0.1408
2025-10-13 16:07:40,395 - INFO - Round 5 done in 24.98s; train size=40
2025-10-13 16:07:40,395 - INFO - 
--- Round 6 | trial=5 | sqrt_beta=0.7071 (beta=0.5000) | rho=0.80 | train size=40 ---
2025-10-13 16:08:07,780 - INFO - [round 6] pick 1/5: COC(=O)CC1c2ccccc2N=C(N2CCCCC2)N1C(C)C | UCB=0.8903 | mu=0.2653 | std=0.8839 | f=0.1464
2025-10-13 16:08:07,787 - INFO - [round 6] pick 2/5: COc1cc(OC(C)C)ccc1N1CC(Oc2ccc(C(C)NC(C)=O)cc2)C1 | UCB=0.8642 | mu=0.2142 | std=0.9193 | f=0.3321
2025-10-13 16:08:07,795 - INFO - [round 6] pick 3/5: CCN(CC)S(=O)(=O)c1ccc(N2CCCC2)c(NC(=O)CSCc2c(C)noc2C)c1 | UCB=0.8678 | mu=0.2331 | std=0.8976 | f=0.3887
2025-10-13 16:08:07,803 - INFO - [round 6] pick 4/5: CC(C)c1cc(CN2CCSCC2)cc(C(C)C)c1N | UCB=0.8509 | mu=0.1846 | std=0.9423 | f=0.1194
2025-10-13 16:08:07,811 - INFO - [round 6] pick 5/5: Cc1noc(C(C)NCc2cccc(Cl)c2)c1C(=O)O | UCB=0.8497 | mu=0.2022 | std=0.9158 | f=0.3093
2025-10-13 16:08:07,820 - INFO - Round 6 done in 27.42s; train size=45
2025-10-13 16:08:07,820 - INFO - 
--- Round 7 | trial=5 | sqrt_beta=0.7071 (beta=0.5000) | rho=0.80 | train size=45 ---
2025-10-13 16:08:38,079 - INFO - [round 7] pick 1/5: Cc1noc(C)c1S(=O)(=O)N1CCCC(C(=O)c2cccc(OC(C)C)c2)C1 | UCB=0.886 | mu=0.2543 | std=0.8933 | f=0.3838
2025-10-13 16:08:38,088 - INFO - [round 7] pick 2/5: COc1ccc(C(CNC(=O)COc2ccc(Cl)c(C)c2)N2CCCCC2)cc1 | UCB=0.8809 | mu=0.2739 | std=0.8585 | f=0.3638
2025-10-13 16:08:38,098 - INFO - [round 7] pick 3/5: CC(NC(=O)c1cc(S(=O)(=O)N(C)C)ccc1N1CCCC1)C1CC2CCC1C2 | UCB=0.8691 | mu=0.2355 | std=0.8961 | f=0.1671
2025-10-13 16:08:38,108 - INFO - [round 7] pick 4/5: CCC(Cn1nc(C(C)C)cc1C(C)C)OC(=O)Nc1ccc(F)cc1F | UCB=0.8523 | mu=0.1976 | std=0.9258 | f=0.341
2025-10-13 16:08:38,119 - INFO - [round 7] pick 5/5: COc1ccccc1OCc1nc(C#N)c(N2CCCC2)o1 | UCB=0.8629 | mu=0.2271 | std=0.8992 | f=0.2828
2025-10-13 16:08:38,130 - INFO - Round 7 done in 30.31s; train size=50
2025-10-13 16:08:38,130 - INFO - 
--- Round 8 | trial=5 | sqrt_beta=0.7071 (beta=0.5000) | rho=0.80 | train size=50 ---
2025-10-13 16:09:12,305 - INFO - [round 8] pick 1/5: COCCN(C(C)C(=O)NC(CN1CCCC1)c1ccccc1)S(=O)(=O)c1c(C)noc1C | UCB=0.8983 | mu=0.2807 | std=0.8735 | f=0.4053
2025-10-13 16:09:12,317 - INFO - [round 8] pick 2/5: CCNC(=O)c1c(OC(C)C)c2cc(OC)ccc2[s+]1[O-] | UCB=0.8791 | mu=0.2275 | std=0.9215 | f=0.3216
2025-10-13 16:09:12,329 - INFO - [round 8] pick 3/5: CCOc1cc(N2CCOCC2)c(OCC)cc1NC(=O)COc1cccc(CC)c1 | UCB=0.8752 | mu=0.2354 | std=0.9048 | f=0.3671
2025-10-13 16:09:12,341 - INFO - [round 8] pick 4/5: COc1c(C2CCCN2C(=O)c2c(C)noc2C(C)C)c(C)nn1C | UCB=0.8717 | mu=0.2332 | std=0.9031 | f=0.3607
2025-10-13 16:09:12,354 - INFO - [round 8] pick 5/5: CC(=O)NC(c1ccco1)c1cc(Cl)c2ccc(N3CCCCC3)nc2c1O | UCB=0.8716 | mu=0.2443 | std=0.8871 | f=0.1222
2025-10-13 16:09:12,368 - INFO - Round 8 done in 34.24s; train size=55
2025-10-13 16:09:12,368 - INFO - 
--- Round 9 | trial=5 | sqrt_beta=0.7071 (beta=0.5000) | rho=0.80 | train size=55 ---
2025-10-13 16:09:48,421 - INFO - [round 9] pick 1/5: COc1cccc(OC2CN(C(=O)c3c(C)noc3C)C2)c1 | UCB=0.9103 | mu=0.2808 | std=0.8901 | f=0.3015
2025-10-13 16:09:48,435 - INFO - [round 9] pick 2/5: CC(C(=O)NCc1ccc(C(C)(C)C)cc1)c1ccc(NS(C)(=O)=O)c(N2CCOCC2)c1 | UCB=0.891 | mu=0.26 | std=0.8924 | f=0.3424
2025-10-13 16:09:48,450 - INFO - [round 9] pick 3/5: CCOc1cc(C(=O)OCC(=O)Nc2cc(C)on2)ccc1OCC(C)C | UCB=0.8893 | mu=0.249 | std=0.9056 | f=0.3868
2025-10-13 16:09:48,465 - INFO - [round 9] pick 4/5: CCC(C)C(C=Cc1ccccc1)NC(=O)C1CCCCN1CC(O)c1cc(OC)c(OC)c(OC)c1 | UCB=0.8887 | mu=0.2467 | std=0.908 | f=0.4177
2025-10-13 16:09:48,481 - INFO - [round 9] pick 5/5: CC(C)Oc1ccc2[nH]nc(-c3cc(N4CCOC(C)(C)C4)ncn3)c2c1 | UCB=0.8724 | mu=0.2144 | std=0.9306 | f=0.09903
2025-10-13 16:09:48,497 - INFO - Round 9 done in 36.13s; train size=60
2025-10-13 16:09:48,497 - INFO - 
--- Round 10 | trial=5 | sqrt_beta=0.7071 (beta=0.5000) | rho=0.80 | train size=60 ---
2025-10-13 16:10:27,877 - INFO - [round 10] pick 1/5: Cc1c(C(=O)N2CCCC2)c(S(=O)(=O)NCC(C)c2ccccc2)c(C)n1C | UCB=0.9082 | mu=0.2925 | std=0.8707 | f=0.3838
2025-10-13 16:10:27,894 - INFO - [round 10] pick 2/5: COc1cc(COc2ccc(C(=O)C3CC3)cc2)ccc1OCCN(C(C)C)C(C)C | UCB=0.9037 | mu=0.271 | std=0.8947 | f=0.3599
2025-10-13 16:10:27,911 - INFO - [round 10] pick 3/5: Cc1cc(NC(=O)C(C)SCC(=O)Nc2cc(C(F)(F)F)ccc2N2CCOCC2)no1 | UCB=0.8967 | mu=0.2729 | std=0.8823 | f=0.3448
2025-10-13 16:10:27,930 - INFO - [round 10] pick 4/5: CCOc1cc(-c2c(C)noc2C)cc(C(C)O)c1 | UCB=0.8861 | mu=0.2375 | std=0.9172 | f=0.2975
2025-10-13 16:10:27,948 - INFO - [round 10] pick 5/5: CCCc1cc(O)c(OC)c(C(=O)NCC2CCCN2CC)c1C | UCB=0.8859 | mu=0.2422 | std=0.9103 | f=0.1609
2025-10-13 16:10:27,967 - INFO - Round 10 done in 39.47s; train size=65
2025-10-13 16:10:27,967 - INFO - 
--- Round 11 | trial=5 | sqrt_beta=0.7071 (beta=0.5000) | rho=0.80 | train size=65 ---
2025-10-13 16:11:08,772 - INFO - [round 11] pick 1/5: COc1ccc(N(CC(=O)NC(C)c2ccccc2)S(=O)(=O)c2c(C)noc2C)cc1 | UCB=0.9188 | mu=0.321 | std=0.8454 | f=0.1105
2025-10-13 16:11:08,793 - INFO - [round 11] pick 2/5: COc1ccc(-c2cc(C(=O)N3CCCC3)no2)cc1OC | UCB=0.9047 | mu=0.2861 | std=0.8748 | f=0.3278
2025-10-13 16:11:08,814 - INFO - [round 11] pick 3/5: COc1cccc(NC(=O)N(CCC(C)C)C2CCN(C(C)C)CC2)c1 | UCB=0.9012 | mu=0.2709 | std=0.8914 | f=0.1569
2025-10-13 16:11:08,835 - INFO - [round 11] pick 4/5: CC(=O)Oc1c(C)cc(OCC(O)CNC(C)C)c(C)c1C | UCB=0.8787 | mu=0.2232 | std=0.9271 | f=0.1284
2025-10-13 16:11:08,857 - INFO - [round 11] pick 5/5: Cc1ccc(S(=O)(=O)N2CC3N(C(=O)OC(C)C)N(C(=O)OC(C)C)CC(OC(=O)Nc4c(C)noc4C)C3(O)C2)cc1 | UCB=0.8935 | mu=0.2423 | std=0.9209 | f=0.3837
2025-10-13 16:11:08,880 - INFO - Round 11 done in 40.91s; train size=70
2025-10-13 16:11:08,880 - INFO - 
--- Round 12 | trial=5 | sqrt_beta=0.7071 (beta=0.5000) | rho=0.80 | train size=70 ---
2025-10-13 16:11:53,703 - INFO - [round 12] pick 1/5: Cc1ccc(F)cc1C(=O)N1CCCCC1c1cc(C(=O)NC(C)C)no1 | UCB=0.9064 | mu=0.2768 | std=0.8904 | f=0.4212
2025-10-13 16:11:53,726 - INFO - [round 12] pick 2/5: COc1ccc(C(=O)C(O)C(c2ccc(C)cc2)N2CCOCC2)cc1OC | UCB=0.9061 | mu=0.2916 | std=0.869 | f=0.3333
2025-10-13 16:11:53,750 - INFO - [round 12] pick 3/5: CCOCCOC(=O)C(C#N)=C(NCc1cc(-c2ccccc2OC)no1)C(C)C | UCB=0.8896 | mu=0.246 | std=0.9103 | f=0.3625
2025-10-13 16:11:53,775 - INFO - [round 12] pick 4/5: COC(=O)C1CCCN(C(=O)C(Cc2cccc(C(=N)N)c2)NS(=O)(=O)c2c(C(C)C)cc(C(C)C)cc2C(C)C)C1 | UCB=0.8916 | mu=0.2476 | std=0.9108 | f=0.4147
2025-10-13 16:11:53,800 - INFO - [round 12] pick 5/5: CNC(=O)COc1ccc2oc3c(c2c1)CCCC3 | UCB=0.8741 | mu=0.2269 | std=0.9153 | f=0.3392
2025-10-13 16:11:53,826 - INFO - Round 12 done in 44.95s; train size=75
2025-10-13 16:11:53,826 - INFO - 
--- Round 13 | trial=5 | sqrt_beta=0.7071 (beta=0.5000) | rho=0.80 | train size=75 ---
2025-10-13 16:12:41,637 - INFO - [round 13] pick 1/5: Cn1nc(C(C)(C)C)cc1C(=O)N1CCCCC1c1cc(C(=O)NCc2ccccc2)no1 | UCB=0.9241 | mu=0.3268 | std=0.8447 | f=0.141
2025-10-13 16:12:41,663 - INFO - [round 13] pick 2/5: CCc1ccc(C(C(=O)NC2CCCC2)N(CCOC)C(=O)CCC(=O)Nc2cc(C)on2)cc1 | UCB=0.9128 | mu=0.2832 | std=0.8904 | f=0.4629
2025-10-13 16:12:41,691 - INFO - [round 13] pick 3/5: COc1cc(C(CC2=CCCCC2)NC(=O)C(F)(F)F)cc(OC)c1OC | UCB=0.9008 | mu=0.2634 | std=0.9014 | f=0.1296
2025-10-13 16:12:41,719 - INFO - [round 13] pick 4/5: CC(C)c1cc(C(C)C)c(S(=O)(=O)n2cccc2C=C(C#N)S(C)(=O)=O)c(C(C)C)c1 | UCB=0.8861 | mu=0.2429 | std=0.9097 | f=0.2793
2025-10-13 16:12:41,747 - INFO - [round 13] pick 5/5: COCCOC1CCN(C(=O)c2cc(COc3ccc(F)cc3F)on2)CC1 | UCB=0.9102 | mu=0.277 | std=0.8955 | f=0.3443
2025-10-13 16:12:41,777 - INFO - Round 13 done in 47.95s; train size=80
2025-10-13 16:12:41,777 - INFO - 
--- Round 14 | trial=5 | sqrt_beta=0.7071 (beta=0.5000) | rho=0.80 | train size=80 ---
2025-10-13 16:13:31,202 - INFO - [round 14] pick 1/5: Cc1noc(C)c1C(=O)OC(C(=O)NC1CCCC1)c1ccc(F)cc1 | UCB=0.9342 | mu=0.3259 | std=0.8602 | f=0.4247
2025-10-13 16:13:31,233 - INFO - [round 14] pick 2/5: CCCCOc1cccc(OCCCC)c1C(=O)Nc1cc(C)on1 | UCB=0.9076 | mu=0.2788 | std=0.8894 | f=0.3307
2025-10-13 16:13:31,264 - INFO - [round 14] pick 3/5: CC(C)NC(=O)OCc1c(COC(=O)NC(C)C)c(-c2cc[n+](COC(=O)C(C)C)cc2)n2c1CCC2 | UCB=0.9024 | mu=0.2465 | std=0.9277 | f=0.43
2025-10-13 16:13:31,296 - INFO - [round 14] pick 4/5: Cc1cc(C)cc(N(c2cc(C(=O)N3CCCC3)n(C)c2)C(C)C)c1 | UCB=0.899 | mu=0.2675 | std=0.893 | f=0.3464
2025-10-13 16:13:31,328 - INFO - [round 14] pick 5/5: CCC(C)NS(=O)(=O)c1ccc(OCC(=O)NCC2CCCO2)cc1 | UCB=0.9037 | mu=0.2589 | std=0.9118 | f=0.1539
2025-10-13 16:13:31,362 - INFO - Round 14 done in 49.58s; train size=85
2025-10-13 16:13:31,362 - INFO - 
--- Round 15 | trial=5 | sqrt_beta=0.7071 (beta=0.5000) | rho=0.80 | train size=85 ---
2025-10-13 16:14:24,839 - INFO - [round 15] pick 1/5: CCOC(=O)C=CC(CC1CCNC1=O)NC(=O)C(Cc1ccc(F)cc1)OC(=O)C(NC(=O)c1cc(C)on1)C(C)C | UCB=0.9307 | mu=0.2859 | std=0.912 | f=0.4244
2025-10-13 16:14:24,873 - INFO - [round 15] pick 2/5: Cc1cc(=O)oc2cc(OCC(=O)OC(C)C(=O)NC3CCCC3)ccc12 | UCB=0.9301 | mu=0.3123 | std=0.8737 | f=0.4527
2025-10-13 16:14:24,908 - INFO - [round 15] pick 3/5: CCc1noc(CNc2ccc(C(=O)N3CCCC3)cc2C)n1 | UCB=0.9141 | mu=0.2971 | std=0.8725 | f=0.3636
2025-10-13 16:14:24,944 - INFO - [round 15] pick 4/5: COc1cc([N+](=O)[O-])ccc1N=C(S)Nc1cc(C(=O)OC(C)C)cc(C(=O)OC(C)C)c1 | UCB=0.9068 | mu=0.2606 | std=0.9139 | f=0.3333
2025-10-13 16:14:24,981 - INFO - [round 15] pick 5/5: CC(=O)OC1C(O[Si](C(C)C)(C(C)C)C(C)C)C=C2CCN3Cc4cc5c(cc4C1C23)OCO5 | UCB=0.8889 | mu=0.2255 | std=0.9382 | f=0.1287
2025-10-13 16:14:25,018 - INFO - Round 15 done in 53.66s; train size=90
2025-10-13 16:14:25,018 - INFO - 
--- Round 16 | trial=5 | sqrt_beta=0.7071 (beta=0.5000) | rho=0.80 | train size=90 ---
2025-10-13 16:15:21,838 - INFO - [round 16] pick 1/5: COc1cc(OC)cc(C(=O)NC(C(=O)Nc2cc(F)ccc2C)C(C)C)c1 | UCB=0.9344 | mu=0.3064 | std=0.8881 | f=0.3244
2025-10-13 16:15:21,877 - INFO - [round 16] pick 2/5: Cc1cc(NC(=O)COC(=O)C2CCN(S(=O)(=O)c3ccc(Cl)cc3)CC2)no1 | UCB=0.9288 | mu=0.3281 | std=0.8496 | f=0.3892
2025-10-13 16:15:21,916 - INFO - [round 16] pick 3/5: CC(C)c1ccc(C(=O)CC(C(=O)NC2CCCCC2)N2CCOCC2)c(C(C)C)c1 | UCB=0.9207 | mu=0.3055 | std=0.8701 | f=0.167
2025-10-13 16:15:21,957 - INFO - [round 16] pick 4/5: CCOC(=O)c1cc(=O)c2cc(CSC(=S)N3CCCC3)ccc2o1 | UCB=0.9191 | mu=0.2889 | std=0.8913 | f=0.4049
2025-10-13 16:15:21,998 - INFO - [round 16] pick 5/5: CC(C)OC(=O)COc1ccc(C(=O)CN(C)C(=O)c2ccc(C(=N)N)cc2)cc1OCC(=O)OC(C)C | UCB=0.914 | mu=0.2758 | std=0.9026 | f=0.3501
2025-10-13 16:15:22,040 - INFO - Round 16 done in 57.02s; train size=95
2025-10-13 16:15:22,040 - INFO - 
--- Round 17 | trial=5 | sqrt_beta=0.7071 (beta=0.5000) | rho=0.80 | train size=95 ---
2025-10-13 16:16:21,934 - INFO - [round 17] pick 1/5: COC(=O)c1ccc(CNC(=O)CSC(C)C(=O)Nc2cc(C)on2)cc1 | UCB=0.9311 | mu=0.3403 | std=0.8356 | f=0.375
2025-10-13 16:16:21,977 - INFO - [round 17] pick 2/5: CCc1cc(=O)oc2cc(OCC(=O)N3CCC(C(N)=O)CC3)ccc12 | UCB=0.9244 | mu=0.3109 | std=0.8676 | f=0.4016
2025-10-13 16:16:22,020 - INFO - [round 17] pick 3/5: CCOC(=O)c1cn(CP(=O)(OC(C)C)OC(C)C)c2ccc(C)cc2c1=O | UCB=0.9223 | mu=0.2877 | std=0.8976 | f=0.3868
2025-10-13 16:16:22,064 - INFO - [round 17] pick 4/5: CCN(CC)c1ccc(NC(=O)c2cc(CN3CCCC3)on2)c(C)c1 | UCB=0.9259 | mu=0.3121 | std=0.868 | f=0.3883
2025-10-13 16:16:22,110 - INFO - [round 17] pick 5/5: CC(C)C(NC(=O)C1CCCN1C(=O)C(NC(=O)COc1ccccc1OCC(=O)O)C(C)C)C(=O)c1nc2ccccc2o1 | UCB=0.9187 | mu=0.2812 | std=0.9015 | f=0.1564
2025-10-13 16:16:22,156 - INFO - Round 17 done in 60.12s; train size=100
2025-10-13 16:16:22,156 - INFO - 
--- Round 18 | trial=5 | sqrt_beta=0.7071 (beta=0.5000) | rho=0.80 | train size=100 ---
2025-10-13 16:17:24,169 - INFO - [round 18] pick 1/5: CCc1cc2cc(C(=O)C3CCC(OC)CC3)ccc2nc1C(=O)OC(C)C | UCB=0.9354 | mu=0.3044 | std=0.8924 | f=0.4162
2025-10-13 16:17:24,219 - INFO - [round 18] pick 2/5: Cc1ccc(N2CC(C(=O)Nc3cc(C)on3)CC2=O)cc1 | UCB=0.93 | mu=0.3096 | std=0.8773 | f=0.3003
2025-10-13 16:17:24,268 - INFO - [round 18] pick 3/5: CCOC(=O)C(Cc1ccc(OC)cc1)NC(=O)C1(NC(=O)C(SC(=O)COC)C(C)C)CCCC1 | UCB=0.9223 | mu=0.2861 | std=0.8997 | f=0.1839
2025-10-13 16:17:24,318 - INFO - [round 18] pick 4/5: Cc1cc(=O)oc2cc(C(=O)NC(=O)C(N)CCCNC(=N)N)ccc12 | UCB=0.9203 | mu=0.2834 | std=0.9007 | f=0.3437
2025-10-13 16:17:24,368 - INFO - [round 18] pick 5/5: CC(c1noc(-c2ccc(Cl)cc2Cl)n1)C(N)C(=O)N1CCCC1 | UCB=0.9082 | mu=0.2783 | std=0.8907 | f=0.3492
2025-10-13 16:17:24,419 - INFO - Round 18 done in 62.26s; train size=105
2025-10-13 16:17:24,419 - INFO - 
--- Round 19 | trial=5 | sqrt_beta=0.7071 (beta=0.5000) | rho=0.80 | train size=105 ---
2025-10-13 16:18:30,144 - INFO - [round 19] pick 1/5: COc1c(C)cc(C(=O)C2CCCN(C(=O)c3cc(C)on3)C2)cc1C | UCB=0.9344 | mu=0.3212 | std=0.8672 | f=0.3795
2025-10-13 16:18:30,197 - INFO - [round 19] pick 2/5: CCN(CC)C(=O)c1sc(NC(=O)CCc2ccccc2)c(C(=O)OC(C)C)c1C | UCB=0.9213 | mu=0.2941 | std=0.8869 | f=0.3989
2025-10-13 16:18:30,250 - INFO - [round 19] pick 3/5: CCc1cc(OC2CCOCC2)cc(C(Nc2ccc(C(=N)N)cc2)C(=O)O)c1 | UCB=0.919 | mu=0.2844 | std=0.8975 | f=0.3766
2025-10-13 16:18:30,304 - INFO - [round 19] pick 4/5: Cc1noc(-c2ccc(F)cc2NC(=O)OCC2CCN(CCNS(C)(=O)=O)CC2)n1 | UCB=0.9206 | mu=0.2868 | std=0.8962 | f=0.3915
2025-10-13 16:18:30,360 - INFO - [round 19] pick 5/5: C=C1C(=O)OC2CC(C)=C(C(C)CCCOC(C)=O)C(OC(=O)COc3cccc(C(C)=O)c3)C12 | UCB=0.9161 | mu=0.2678 | std=0.9168 | f=0.1507
2025-10-13 16:18:30,416 - INFO - Round 19 done in 66.00s; train size=110
2025-10-13 16:18:30,416 - INFO - 
--- Round 20 | trial=5 | sqrt_beta=0.7071 (beta=0.5000) | rho=0.80 | train size=110 ---
2025-10-13 16:19:37,057 - INFO - [round 20] pick 1/5: CCOC(=O)C1CCN(C(=O)c2ccc(NS(=O)(=O)c3ccc(F)cc3C)cc2)CC1 | UCB=0.9353 | mu=0.332 | std=0.8531 | f=0.4248
2025-10-13 16:19:37,115 - INFO - [round 20] pick 2/5: C#CCC(C(=O)NC(C=CC(=O)OC(C)C)CC1CCNC1=O)n1cccc(NC(=O)c2cc(C)on2)c1=O | UCB=0.9328 | mu=0.328 | std=0.8553 | f=0.3935
2025-10-13 16:19:37,174 - INFO - [round 20] pick 3/5: CCc1ccc(C(=O)N(SOCCOC)N(C(=O)c2cc(C)cc(C)c2)C(C)(C)C)cc1 | UCB=0.9273 | mu=0.2921 | std=0.8983 | f=0.3118
2025-10-13 16:19:37,236 - INFO - [round 20] pick 4/5: CCc1sc(CCc2cc(OC3CCC3)cc(NCc3cc(Cl)cc(NC(=O)OC(C)C)c3)n2)nc1C | UCB=0.917 | mu=0.2691 | std=0.9162 | f=0.1358
2025-10-13 16:19:37,299 - INFO - [round 20] pick 5/5: CC(C)Oc1c(C(N)=O)oc2ccc(Cl)cc12 | UCB=0.9062 | mu=0.271 | std=0.8983 | f=0.2709
2025-10-13 16:19:37,363 - INFO - Round 20 done in 66.95s; train size=115
2025-10-13 16:19:37,363 - INFO - 
--- Round 21 | trial=5 | sqrt_beta=0.7071 (beta=0.5000) | rho=0.80 | train size=115 ---
2025-10-13 16:20:48,761 - INFO - [round 21] pick 1/5: Cc1ccc(C)c(NC(=O)COC(=O)c2ccc(S(=O)(=O)N3CCCC3)cc2)c1 | UCB=0.9359 | mu=0.3625 | std=0.811 | f=0.3892
2025-10-13 16:20:48,824 - INFO - [round 21] pick 2/5: COc1ccc(F)cc1C(=O)N(C)Cc1cc(C)on1 | UCB=0.9305 | mu=0.3082 | std=0.8801 | f=0.2604
2025-10-13 16:20:48,888 - INFO - [round 21] pick 3/5: CC(C)OC(=O)C1=C(C(C)C)NC(=O)N(C(=O)OC(C)C)C1c1cccc([N+](=O)[O-])c1 | UCB=0.9208 | mu=0.2931 | std=0.8877 | f=0.1257
2025-10-13 16:20:48,953 - INFO - [round 21] pick 4/5: CCCc1ccc2oc(C(=O)NCCN3CCCC(C(N)=O)C3)c(C)c2c1 | UCB=0.9239 | mu=0.2987 | std=0.8842 | f=0.4195
2025-10-13 16:20:49,019 - INFO - [round 21] pick 5/5: CCOC(=O)Oc1ccc(C(CNC(C)C)OC(=O)OCC)cc1OC(=O)OCC | UCB=0.9066 | mu=0.2643 | std=0.9084 | f=0.1626
2025-10-13 16:20:49,086 - INFO - Round 21 done in 71.72s; train size=120
2025-10-13 16:20:49,087 - INFO - 
--- Round 22 | trial=5 | sqrt_beta=0.7071 (beta=0.5000) | rho=0.80 | train size=120 ---
2025-10-13 16:22:01,120 - INFO - [round 22] pick 1/5: COc1ccc2oc(C(=O)OCC(=O)N3CCCC(C)C3)c(C)c2c1 | UCB=0.941 | mu=0.3324 | std=0.8607 | f=0.4066
2025-10-13 16:22:01,189 - INFO - [round 22] pick 2/5: CCON=C(c1ccc(Br)cc1)C1CCN(C(C)CCNC(=O)c2c(C)cc[n+]([O-])c2C)CC1 | UCB=0.9378 | mu=0.3013 | std=0.9 | f=0.4211
2025-10-13 16:22:01,258 - INFO - [round 22] pick 3/5: Cc1cc(C(=O)NC(Cc2ccc(F)cc2)C(=O)NC(CC2CCCNC2=O)C(O)C#N)no1 | UCB=0.9318 | mu=0.3329 | std=0.847 | f=0.3806
2025-10-13 16:22:01,329 - INFO - [round 22] pick 4/5: N=C(N)c1ccc(O)c(OCC(=O)Nc2ccc(C(=O)N3CCCC3)cc2)c1 | UCB=0.9401 | mu=0.3521 | std=0.8315 | f=0.3693
2025-10-13 16:22:01,401 - INFO - [round 22] pick 5/5: CCC(C(=O)Nc1cc(C)ccc1OC)n1nnc(C(=O)OC)c1C(=O)OC | UCB=0.9238 | mu=0.2918 | std=0.8937 | f=0.3735
2025-10-13 16:22:01,475 - INFO - Round 22 done in 72.39s; train size=125
2025-10-13 16:22:01,475 - INFO - 
--- Round 23 | trial=5 | sqrt_beta=0.7071 (beta=0.5000) | rho=0.80 | train size=125 ---
2025-10-13 16:23:14,782 - INFO - [round 23] pick 1/5: CCOc1cc(C(=O)Nc2cc(C)ccc2C)ccc1OCC(=O)N1CCCCC1 | UCB=0.9411 | mu=0.3648 | std=0.815 | f=0.4159
2025-10-13 16:23:14,857 - INFO - [round 23] pick 2/5: CCc1ccc(NC(=O)C2CCCN(S(=O)(=O)c3c(C)noc3C=CN(C)C)C2)cc1 | UCB=0.9407 | mu=0.3348 | std=0.8568 | f=0.3711
2025-10-13 16:23:14,934 - INFO - [round 23] pick 3/5: CCc1cc2cc(S(=O)(=O)NC(CCCN=C(N)N)C(=O)N3CCC(CC)CC3)ccc2oc1=O | UCB=0.9312 | mu=0.297 | std=0.8968 | f=0.4279
2025-10-13 16:23:15,011 - INFO - [round 23] pick 4/5: COCCOC(=O)c1c(C)oc2ccc(OC(=O)N(C)C)cc12 | UCB=0.9191 | mu=0.2934 | std=0.885 | f=0.3278
2025-10-13 16:23:15,089 - INFO - [round 23] pick 5/5: CCCN(CCC)C(=O)c1cc(C)cc(C(=O)NC(Cc2cc(F)cc(F)c2)C(O)C2CC(OC(C)C)CCN2)c1 | UCB=0.9127 | mu=0.2663 | std=0.9142 | f=0.4237
2025-10-13 16:23:15,169 - INFO - Round 23 done in 73.69s; train size=130
2025-10-13 16:23:15,169 - INFO - 
--- Round 24 | trial=5 | sqrt_beta=0.7071 (beta=0.5000) | rho=0.80 | train size=130 ---
2025-10-13 16:24:32,849 - INFO - [round 24] pick 1/5: CCOC(=O)C1CCCN(C(=O)c2cc(S(=O)(=O)Nc3ccccc3OC)ccc2C)C1 | UCB=0.9446 | mu=0.3531 | std=0.8365 | f=0.4303
2025-10-13 16:24:32,931 - INFO - [round 24] pick 2/5: Cc1cc(C)cc(CC(=O)N2CCN(c3ccc(C(=O)NC(C(N)=O)C(C)O)cn3)CC2)c1 | UCB=0.9434 | mu=0.32 | std=0.8816 | f=0.4068
2025-10-13 16:24:33,014 - INFO - [round 24] pick 3/5: CCCCC(CN1CCC(COc2ccc(C(=O)c3ccc(Cl)cc3)c(Cl)c2)CC1)OC(N)=O | UCB=0.9395 | mu=0.3124 | std=0.8869 | f=0.3997
2025-10-13 16:24:33,098 - INFO - [round 24] pick 4/5: CCCc1ccc2oc(C(=O)N(Cc3nccn3C)C(C)C)c(C)c2c1 | UCB=0.9204 | mu=0.3055 | std=0.8696 | f=0.1212
2025-10-13 16:24:33,184 - INFO - [round 24] pick 5/5: CCNC(=O)c1noc(-c2cc(C(C)C)c(O)cc2O)c1NC(=O)C1CCC(C(=O)OC)C1 | UCB=0.9174 | mu=0.2754 | std=0.908 | f=0.4489
2025-10-13 16:24:33,271 - INFO - Round 24 done in 78.10s; train size=135
2025-10-13 16:24:33,271 - INFO - 
--- Round 25 | trial=5 | sqrt_beta=0.7071 (beta=0.5000) | rho=0.80 | train size=135 ---
2025-10-13 16:25:55,770 - INFO - [round 25] pick 1/5: CCOC(=O)C1CCCN(C(=O)c2cc(Cl)ccc2NC(=O)C2=C(C)OCCS2)C1 | UCB=0.9569 | mu=0.3498 | std=0.8585 | f=0.169
2025-10-13 16:25:55,858 - INFO - [round 25] pick 2/5: CCC1CN(C(=O)N2CCC(C(=O)NCc3ccc(OC)cc3OC)CC2)c2cc(C)ccc2O1 | UCB=0.9549 | mu=0.3344 | std=0.8775 | f=0.4054
2025-10-13 16:25:55,947 - INFO - [round 25] pick 3/5: CCOC(=O)C=CC(CC1CCNC1=O)NC(=O)c1ccc2ccc(Br)cc2c1 | UCB=0.9427 | mu=0.3332 | std=0.8621 | f=0.3989
2025-10-13 16:25:56,038 - INFO - [round 25] pick 4/5: Cc1cc(C)cc(SCc2noc(C(=O)NCCC(C)C)c2C(=O)NCCC(C)C)c1 | UCB=0.9212 | mu=0.2811 | std=0.9053 | f=0.3497
2025-10-13 16:25:56,129 - INFO - [round 25] pick 5/5: COCC(NC(=O)Cc1cc(F)cc(F)c1)C(=O)Nc1cn(C(C)(C)CN2CCCC2)cn1 | UCB=0.9263 | mu=0.2909 | std=0.8985 | f=0.4053
2025-10-13 16:25:56,222 - INFO - Round 25 done in 82.95s; train size=140
2025-10-13 16:25:56,222 - INFO - 
--- Round 26 | trial=5 | sqrt_beta=0.7071 (beta=0.5000) | rho=0.80 | train size=140 ---
2025-10-13 16:27:22,279 - INFO - [round 26] pick 1/5: COCCNC(=O)c1cnn(-c2ccc(C)cc2C)c1C1CCN(C(=O)OC(C)(C)C)CC1 | UCB=0.958 | mu=0.333 | std=0.8838 | f=0.3859
2025-10-13 16:27:22,374 - INFO - [round 26] pick 2/5: CC(Oc1ccc2ccc(=O)oc2c1)C(=O)NCC1CCC(C(=O)O)CC1 | UCB=0.9482 | mu=0.3196 | std=0.8891 | f=0.4417
2025-10-13 16:27:22,470 - INFO - [round 26] pick 3/5: CCNC(=O)C1(C)CCCN(Cc2cccc3c(OC)cc(C(=O)OCC)cc23)C1 | UCB=0.949 | mu=0.3259 | std=0.8811 | f=0.4385
2025-10-13 16:27:22,567 - INFO - [round 26] pick 4/5: CCCCS(=O)(=O)CC(NC(=O)OC)C(=O)NC(Cc1cc(F)cc(F)c1)C(O)CNCc1cccc(CC)c1 | UCB=0.9303 | mu=0.2948 | std=0.8988 | f=0.372
2025-10-13 16:27:22,667 - INFO - [round 26] pick 5/5: Cc1ccc(CN2CCc3onc(C(=O)NC(C)C)c3C2)o1 | UCB=0.9205 | mu=0.2839 | std=0.9003 | f=0.343
2025-10-13 16:27:22,767 - INFO - Round 26 done in 86.55s; train size=145
2025-10-13 16:27:22,768 - INFO - 
--- Round 27 | trial=5 | sqrt_beta=0.7071 (beta=0.5000) | rho=0.80 | train size=145 ---
2025-10-13 16:28:47,299 - INFO - [round 27] pick 1/5: CC(=O)NCC1CCN(C(=O)c2csc(-c3ccc(C)cc3C)n2)CC1 | UCB=0.9603 | mu=0.3417 | std=0.8747 | f=0.3899
2025-10-13 16:28:47,400 - INFO - [round 27] pick 2/5: CCC(=O)N1CCc2cc(S(=O)(=O)NCCC(=O)Nc3cc(C)ccc3OC)ccc21 | UCB=0.9578 | mu=0.3487 | std=0.8614 | f=0.3711
2025-10-13 16:28:47,503 - INFO - [round 27] pick 3/5: CC(OC(=O)C1CCCC1)C(=O)Nc1ccc(C(N)=O)cc1 | UCB=0.9433 | mu=0.3319 | std=0.8646 | f=0.1778
2025-10-13 16:28:47,607 - INFO - [round 27] pick 4/5: CCc1cc(=O)oc2cc(C)cc(OC(C)C(=O)NCCCN3CCOCC3)c12 | UCB=0.9468 | mu=0.3244 | std=0.8801 | f=0.3878
2025-10-13 16:28:47,713 - INFO - [round 27] pick 5/5: CCNC(=O)c1coc(-c2ccc(CC(C#N)NC(=O)C3NC4CCC3C4)c(F)c2)c1 | UCB=0.9416 | mu=0.2977 | std=0.9106 | f=0.4007
2025-10-13 16:28:47,821 - INFO - Round 27 done in 85.05s; train size=150
2025-10-13 16:28:47,821 - INFO - 
--- Round 28 | trial=5 | sqrt_beta=0.7071 (beta=0.5000) | rho=0.80 | train size=150 ---
2025-10-13 16:30:14,776 - INFO - [round 28] pick 1/5: CCC(=O)Nc1cc(C)c(C(=O)N2CCC(N(C)CCc3ccccc3)CC2)c(OC)c1 | UCB=0.9628 | mu=0.3666 | std=0.8431 | f=0.4082
2025-10-13 16:30:14,892 - INFO - [round 28] pick 2/5: CC(=O)N1c2ccc(S(=O)(=O)NCC3CCC(C(=O)NCc4ccc(C)o4)CC3)cc2CC1C | UCB=0.9537 | mu=0.3339 | std=0.8766 | f=0.4111
2025-10-13 16:30:15,004 - INFO - [round 28] pick 3/5: CCCC(O)C(CNCc1ccc(C)cc1C)NC(=O)CNC(=O)c1cc(C(F)(F)F)ccc1NC(=O)N1CCCC1 | UCB=0.9567 | mu=0.3355 | std=0.8784 | f=0.4371
2025-10-13 16:30:15,118 - INFO - [round 28] pick 4/5: CCOC(=O)C(Cc1cc2cc(C(=N)N)ccc2o1)c1ccc(OC2CCNC2)cc1 | UCB=0.9341 | mu=0.3097 | std=0.8831 | f=0.139
2025-10-13 16:30:15,232 - INFO - [round 28] pick 5/5: COC(=O)C1=C(c2c(C)noc2C)CC2CCC1N2C(=O)NCCNC(C)=O | UCB=0.933 | mu=0.2938 | std=0.904 | f=0.1659
2025-10-13 16:30:15,347 - INFO - Round 28 done in 87.53s; train size=155
2025-10-13 16:30:15,347 - INFO - 
--- Round 29 | trial=5 | sqrt_beta=0.7071 (beta=0.5000) | rho=0.80 | train size=155 ---
2025-10-13 16:31:47,756 - INFO - [round 29] pick 1/5: Cc1cc(C)c(C(=O)N2CCC(C(=O)NCc3ccc(Cl)cc3Cl)CC2)c(C)c1 | UCB=0.9713 | mu=0.3757 | std=0.8424 | f=0.3794
2025-10-13 16:31:47,873 - INFO - [round 29] pick 2/5: COCCOc1ccc(F)cc1CCN1CCC(CC(=O)NC(c2ccc(F)cc2)C(C)C)CC1 | UCB=0.9537 | mu=0.3426 | std=0.8643 | f=0.3855
2025-10-13 16:31:47,991 - INFO - [round 29] pick 3/5: O=C(Cc1cc(=O)oc2cc(O)ccc12)NCC1CCC(C(=O)O)CC1 | UCB=0.952 | mu=0.3553 | std=0.844 | f=0.4132
2025-10-13 16:31:48,110 - INFO - [round 29] pick 4/5: CCOC(=O)c1cc(NC(=O)c2ccoc2C)cc(C(=O)OCC)c1 | UCB=0.9385 | mu=0.3235 | std=0.8697 | f=0.4201
2025-10-13 16:31:48,231 - INFO - [round 29] pick 5/5: Cc1cccc(CS(=O)(=O)Cc2ccc(C(=O)NCCCN3CCCC3)o2)c1 | UCB=0.9479 | mu=0.3322 | std=0.8708 | f=0.3562
2025-10-13 16:31:48,353 - INFO - Round 29 done in 93.01s; train size=160
2025-10-13 16:31:48,354 - INFO - 
--- Round 30 | trial=5 | sqrt_beta=0.7071 (beta=0.5000) | rho=0.80 | train size=160 ---
2025-10-13 16:33:21,360 - INFO - [round 30] pick 1/5: Cc1cc(C)cc(NC(=S)N2CCC(NC(=O)c3ccc(F)cc3)CC2)c1 | UCB=0.9637 | mu=0.3577 | std=0.857 | f=0.3371
2025-10-13 16:33:21,485 - INFO - [round 30] pick 2/5: CCOC(=O)c1[nH]c2ccc(OC)cc2c1NC(=O)CCN1CCC(C)CC1 | UCB=0.9558 | mu=0.3439 | std=0.8653 | f=0.4579
2025-10-13 16:33:21,611 - INFO - [round 30] pick 3/5: CCC(C)C(NC(=O)c1ccc(C(CC)(CC)c2ccc(OCC(O)C(C)(C)C)c(C)c2)n1CC)C(=O)OC | UCB=0.9371 | mu=0.2982 | std=0.9036 | f=0.3792
2025-10-13 16:33:21,738 - INFO - [round 30] pick 4/5: Cc1ccc(N(C(=O)OCC2CCC(COCC(=O)O)CC2)c2cccc(F)c2)cc1F | UCB=0.9514 | mu=0.3177 | std=0.8962 | f=0.3978
2025-10-13 16:33:21,868 - INFO - [round 30] pick 5/5: CCNC(=O)c1noc2c1CN(C(=O)c1ccc(O)cc1O)CC2 | UCB=0.9358 | mu=0.3155 | std=0.8773 | f=0.3492
2025-10-13 16:33:21,998 - INFO - Round 30 done in 93.64s; train size=165
2025-10-13 16:33:21,998 - INFO - 
--- Round 31 | trial=5 | sqrt_beta=0.7071 (beta=0.5000) | rho=0.80 | train size=165 ---
2025-10-13 16:34:58,968 - INFO - [round 31] pick 1/5: CCOC(=O)c1cc(-c2ccc(OC)cc2)n(CCC(=O)NC2CCC(C)CC2)c1C | UCB=0.9623 | mu=0.3605 | std=0.8511 | f=0.454
2025-10-13 16:34:59,100 - INFO - [round 31] pick 2/5: Cc1cncc(C(=O)Nc2ccc(C)c(CN3CCC(C(O)=NC(C)(C)C)CC3)c2)c1 | UCB=0.9583 | mu=0.3358 | std=0.8803 | f=0.3711
2025-10-13 16:34:59,234 - INFO - [round 31] pick 3/5: CCC(=O)N1CCC(Cc2ccc(F)cc2)CC1CCCNC(=O)Nc1cc(C(C)=O)cc(C(C)=O)c1 | UCB=0.9536 | mu=0.3294 | std=0.8828 | f=0.4096
2025-10-13 16:34:59,370 - INFO - [round 31] pick 4/5: CCOc1cccc(SCc2noc(C(=O)NC(C)C)c2C(=O)O)c1 | UCB=0.9415 | mu=0.3317 | std=0.8624 | f=0.3963
2025-10-13 16:34:59,507 - INFO - [round 31] pick 5/5: COC(CNC(=O)C(=O)Nc1cc2c3c(c1)CC(=O)N3CCC2)OC | UCB=0.932 | mu=0.2849 | std=0.9151 | f=0.1452
2025-10-13 16:34:59,646 - INFO - Round 31 done in 97.65s; train size=170
2025-10-13 16:34:59,646 - INFO - 
--- Round 32 | trial=5 | sqrt_beta=0.7071 (beta=0.5000) | rho=0.80 | train size=170 ---
2025-10-13 16:36:38,806 - INFO - [round 32] pick 1/5: Cc1ccc(C2CN(C(=O)c3cc(C)no3)CC2NC(=O)C2CC2)cc1 | UCB=0.9644 | mu=0.3481 | std=0.8716 | f=0.3899
2025-10-13 16:36:38,946 - INFO - [round 32] pick 2/5: CCOC(=O)C1CCN(C(c2cccc(F)c2)c2c(O)cc(C)n(CCOC)c2=O)CC1 | UCB=0.9637 | mu=0.3507 | std=0.8669 | f=0.4303
2025-10-13 16:36:39,088 - INFO - [round 32] pick 3/5: CCN(CC)CCCNC(=O)CCC(=O)Nc1ccc2nc(N3CCCCC3)cc(C)c2c1 | UCB=0.9523 | mu=0.3407 | std=0.8649 | f=0.4025
2025-10-13 16:36:39,232 - INFO - [round 32] pick 4/5: COC(=O)c1ccc(C(=O)OC)c(NC(=O)CCc2ccc(C)o2)c1 | UCB=0.9528 | mu=0.345 | std=0.8595 | f=0.3592
2025-10-13 16:36:39,377 - INFO - [round 32] pick 5/5: CCS(=O)(=O)NCC1CCC(Nc2nc(-c3cc(F)cc(F)c3)no2)CC1 | UCB=0.9328 | mu=0.2907 | std=0.9081 | f=0.3371
2025-10-13 16:36:39,524 - INFO - Round 32 done in 99.88s; train size=175
2025-10-13 16:36:39,524 - INFO - 
--- Round 33 | trial=5 | sqrt_beta=0.7071 (beta=0.5000) | rho=0.80 | train size=175 ---
2025-10-13 16:38:21,119 - INFO - [round 33] pick 1/5: CCOc1ccc(CCNC(=O)C2CCN(C(=O)c3cc4sccc4n3CC)CC2)cc1OCC | UCB=0.9678 | mu=0.3591 | std=0.8608 | f=0.1522
2025-10-13 16:38:21,270 - INFO - [round 33] pick 2/5: Cc1ccc(-c2cc(C(=O)NC(C)CO)cc(N(C)C(=O)C3CCCC3)c2)cc1 | UCB=0.9614 | mu=0.3494 | std=0.8655 | f=0.4437
2025-10-13 16:38:21,422 - INFO - [round 33] pick 3/5: COCCn1c(C)cc(C=C(C#N)C(=O)OCC(=O)Nc2ccc(S(N)(=O)=O)cc2)c1C | UCB=0.9539 | mu=0.3329 | std=0.8782 | f=0.3586
2025-10-13 16:38:21,574 - INFO - [round 33] pick 4/5: CCNC(=O)c1ccc(N2CCN(Cc3cc4c(c(OC)c3)OC(C)C(=O)N4)CC2)c(C)c1 | UCB=0.9601 | mu=0.3374 | std=0.8806 | f=0.3511
2025-10-13 16:38:21,728 - INFO - [round 33] pick 5/5: CCC(C(=O)C(C)C(O)C(C)CCc1c(N)cc(C)c(O)c1C(=O)O)C1OC(CC)(C2CCC(O)(CC)C(C)O2)CC1C | UCB=0.9186 | mu=0.2549 | std=0.9386 | f=0.1521
2025-10-13 16:38:21,884 - INFO - Round 33 done in 102.36s; train size=180
2025-10-13 16:38:21,884 - INFO - 
--- Round 34 | trial=5 | sqrt_beta=0.7071 (beta=0.5000) | rho=0.80 | train size=180 ---
2025-10-13 16:40:07,816 - INFO - [round 34] pick 1/5: COc1ccc(CN(CC2CCC(C(=O)O)CC2)C(S)=Nc2cc(C)cc(C)c2)cc1 | UCB=0.9599 | mu=0.3552 | std=0.8551 | f=0.3915
2025-10-13 16:40:07,974 - INFO - [round 34] pick 2/5: CCNC(=O)c1noc(-c2cc(C(C)C)c(O)cc2O)c1NC(=O)c1ccc(N2CCCC2)cc1 | UCB=0.9553 | mu=0.4038 | std=0.7799 | f=0.1423
2025-10-13 16:40:08,134 - INFO - [round 34] pick 3/5: Cc1cc(F)ccc1CCC1CCN(S(=O)(=O)CC(C)(CC(C)c2ncc(F)cn2)N(O)C=O)CC1 | UCB=0.9429 | mu=0.3054 | std=0.9016 | f=0.3651
2025-10-13 16:40:08,297 - INFO - [round 34] pick 4/5: COC(=O)c1c(C(=O)OC)n(CCCN)c2ccc(C)cc12 | UCB=0.939 | mu=0.3185 | std=0.8775 | f=0.3459
2025-10-13 16:40:08,463 - INFO - [round 34] pick 5/5: CCC(=O)N1CCc2c(nc(C)n2C2CC3CCC(C2)N3CCC(NC(C)=O)c2cccc(F)c2)C1 | UCB=0.9403 | mu=0.3023 | std=0.9023 | f=0.4394
2025-10-13 16:40:08,630 - INFO - Round 34 done in 106.75s; train size=185
2025-10-13 16:40:08,630 - INFO - 
--- Round 35 | trial=5 | sqrt_beta=0.7071 (beta=0.5000) | rho=0.80 | train size=185 ---
2025-10-13 16:41:59,419 - INFO - [round 35] pick 1/5: Cc1cc(C)cc(N(CCC#N)C(=O)COC(=O)C2CCN(S(=O)(=O)c3ccc(C)c(C)c3)CC2)c1 | UCB=0.9648 | mu=0.369 | std=0.8426 | f=0.3956
2025-10-13 16:41:59,586 - INFO - [round 35] pick 2/5: CCOC(=O)c1c(NC(=O)CCCOc2ccc(C)cc2)sc2c1CCC(C)C2 | UCB=0.9554 | mu=0.3396 | std=0.8709 | f=0.4206
2025-10-13 16:41:59,756 - INFO - [round 35] pick 3/5: CCCN(CC1CC1)c1cc(C(=O)Nc2ccc(CN3CCCC3COC)cc2C)ncn1 | UCB=0.9573 | mu=0.3359 | std=0.8788 | f=0.4126
2025-10-13 16:41:59,927 - INFO - [round 35] pick 4/5: Cc1cccc(C(N)C(=O)NC2C(=O)N3C(C(=O)O)=C(C(F)(F)F)CCC23)c1 | UCB=0.9412 | mu=0.3018 | std=0.9043 | f=0.1423
2025-10-13 16:42:00,100 - INFO - [round 35] pick 5/5: CCC(C)C(NC(=O)C1CCC(C)CC1)C(=O)NCc1ccco1 | UCB=0.9358 | mu=0.301 | std=0.8977 | f=0.1688
2025-10-13 16:42:00,275 - INFO - Round 35 done in 111.64s; train size=190
2025-10-13 16:42:00,275 - INFO - 
--- Round 36 | trial=5 | sqrt_beta=0.7071 (beta=0.5000) | rho=0.80 | train size=190 ---
2025-10-13 16:43:51,972 - INFO - [round 36] pick 1/5: COC(=O)C1CC(NC(=O)c2ccc(OC)cc2OC)CN1Cc1cc(C)ccc1C | UCB=0.9632 | mu=0.3541 | std=0.8615 | f=0.3711
2025-10-13 16:43:52,149 - INFO - [round 36] pick 2/5: Cc1ccc(N(CCN2CCC(OCC(=O)O)CC2)C(=O)c2cccc(F)c2)cc1 | UCB=0.9574 | mu=0.3492 | std=0.86 | f=0.3944
2025-10-13 16:43:52,329 - INFO - [round 36] pick 3/5: COC(=O)c1cc(NC(=O)CCS(=O)(=O)c2cc(Br)cc3c2N(C(=O)C2CC2)CC3)cc(C(=O)OC)c1 | UCB=0.9485 | mu=0.3219 | std=0.8861 | f=0.3929
2025-10-13 16:43:52,510 - INFO - [round 36] pick 4/5: Cc1cc(CC(=O)NC(C)c2ccc(OCC3CC3)c(F)c2)n[nH]1 | UCB=0.9477 | mu=0.3201 | std=0.8876 | f=0.3621
2025-10-13 16:43:52,692 - INFO - [round 36] pick 5/5: Cc1cc(=O)oc2cc(NC(=O)CCCCCCNC(=O)OC(C)(C)C)ccc12 | UCB=0.9395 | mu=0.3368 | std=0.8524 | f=0.3321
2025-10-13 16:43:52,876 - INFO - Round 36 done in 112.60s; train size=195
2025-10-13 16:43:52,876 - INFO - 
--- Round 37 | trial=5 | sqrt_beta=0.7071 (beta=0.5000) | rho=0.80 | train size=195 ---
2025-10-13 16:45:44,679 - INFO - [round 37] pick 1/5: CC(=O)NC(Cc1ccc(F)c(F)c1)C(=O)NC1CCN(S(=O)(=O)c2ccc(C)cc2)CC1 | UCB=0.9615 | mu=0.3775 | std=0.826 | f=0.3859
2025-10-13 16:45:44,864 - INFO - [round 37] pick 2/5: COc1ccccc1C(O)c1cc(Cl)cc(C)c1N(CC(C)(C)C)C(=O)CCC(=O)N1CCCC(C(=O)O)C1 | UCB=0.9582 | mu=0.3403 | std=0.8738 | f=0.4335
2025-10-13 16:45:45,051 - INFO - [round 37] pick 3/5: CCCC(=O)OCc1cnc(C)c2oc(=O)c(C(=O)Nc3ccc(F)cc3C)cc12 | UCB=0.9467 | mu=0.3229 | std=0.8822 | f=0.1338
2025-10-13 16:45:45,241 - INFO - [round 37] pick 4/5: Cc1cc(CN2CCC(CNS(=O)(=O)c3ccc(Br)s3)CC2)c(C)o1 | UCB=0.9511 | mu=0.331 | std=0.8769 | f=0.345
2025-10-13 16:45:45,433 - INFO - [round 37] pick 5/5: CCCC(C)C(=O)OCC(=O)Nc1c(Br)cc(C)cc1Br | UCB=0.9373 | mu=0.299 | std=0.9027 | f=0.1684
2025-10-13 16:45:45,627 - INFO - Round 37 done in 112.75s; train size=200
2025-10-13 16:45:45,627 - INFO - 
--- Round 38 | trial=5 | sqrt_beta=0.7071 (beta=0.5000) | rho=0.80 | train size=200 ---
2025-10-13 16:47:39,894 - INFO - [round 38] pick 1/5: CCC(Nc1cc(C)cc(CN2CCC(C(=O)O)C2)c1)c1ccc(Cl)c(C)c1 | UCB=0.9629 | mu=0.3483 | std=0.8693 | f=0.3937
2025-10-13 16:47:40,091 - INFO - [round 38] pick 2/5: CNC(=O)COCC(=O)N1CCC(C(=O)N(CCCN2CCC(Cc3ccc(C(N)=O)cc3)CC2)c2ccc(C)c(Cl)c2)CC1 | UCB=0.957 | mu=0.3402 | std=0.8722 | f=0.3888
2025-10-13 16:47:40,289 - INFO - [round 38] pick 3/5: COc1ccc(C(=O)N2CCCC(CCC(=O)NCc3ccccc3F)C2)c(OC)n1 | UCB=0.9519 | mu=0.3343 | std=0.8734 | f=0.3901
2025-10-13 16:47:40,490 - INFO - [round 38] pick 4/5: COC(=O)C1CCN(c2csc3ccc(C)cc3c2=O)CC1 | UCB=0.9561 | mu=0.3407 | std=0.8702 | f=0.3565
2025-10-13 16:47:40,693 - INFO - [round 38] pick 5/5: COCCN(CC(=O)O)C(=O)C(CCCN=C(N)N)NS(=O)(=O)c1ccc2cc(OC)c(OC)cc2c1 | UCB=0.936 | mu=0.3208 | std=0.8701 | f=0.3729
2025-10-13 16:47:40,898 - INFO - Round 38 done in 115.27s; train size=205
2025-10-13 16:47:40,898 - INFO - 
--- Round 39 | trial=5 | sqrt_beta=0.7071 (beta=0.5000) | rho=0.80 | train size=205 ---
2025-10-13 16:49:43,293 - INFO - [round 39] pick 1/5: Cc1cc(C)c(C(=O)N(CCN(C)C)CC2CCCN(Cc3ccccc3F)C2)o1 | UCB=0.9641 | mu=0.3444 | std=0.8765 | f=0.351
2025-10-13 16:49:43,500 - INFO - [round 39] pick 2/5: CCOC(=O)c1c(-c2ccc(OC)c(OC)c2)csc1NC(=O)CCN1CCC(C)CC1 | UCB=0.9605 | mu=0.3927 | std=0.803 | f=0.4389
2025-10-13 16:49:43,709 - INFO - [round 39] pick 3/5: Cc1ccc(C)c(OCC(=O)Nc2cc(C(=O)O)cc(C(=O)O)c2)c1 | UCB=0.9512 | mu=0.3555 | std=0.8424 | f=0.3607
2025-10-13 16:49:43,919 - INFO - [round 39] pick 4/5: Cc1ccc(S(=O)(=O)NC(=O)c2noc(C(CCCC3CCCCC3)CC(=O)NO)n2)cc1 | UCB=0.9461 | mu=0.3247 | std=0.8788 | f=0.4439
2025-10-13 16:49:44,131 - INFO - [round 39] pick 5/5: COc1ccc(C2CCN(CC3CCC(NC(=O)C=Cc4cc(F)cc(F)c4)C3)CC2)cc1 | UCB=0.9479 | mu=0.3242 | std=0.882 | f=0.3595
2025-10-13 16:49:44,346 - INFO - Round 39 done in 123.45s; train size=210
