2025-09-29 23:37:56,645 - INFO - 
--- Trial 1, Beta=0.4, Iter 0 (train size=10) ---
2025-09-29 23:38:01,583 - INFO - Selected CCn1cc(C(=O)O)c(=O)c2cnc(N3CCN(C(=S)Nc4cccc(Cl)c4)CC3)nc21 → UCB = 0.7565 (beta=0.4)
f1 shape: (1,)
2025-09-29 23:38:01,587 - INFO -   True f = 0.6207
2025-09-29 23:38:01,589 - INFO - Iter time: 4.94s
2025-09-29 23:38:01,589 - INFO - 
--- Trial 1, Beta=0.4, Iter 1 (train size=11) ---
2025-09-29 23:38:06,995 - INFO - Selected CCn1cc(C(=O)O)c(=O)c2cnc(N3CCN(C(=S)Nc4cccc(Cl)c4Cl)CC3)nc21 → UCB = 0.7866 (beta=0.4)
f1 shape: (1,)
2025-09-29 23:38:06,999 - INFO -   True f = 0.5971
2025-09-29 23:38:07,001 - INFO - Iter time: 5.41s
2025-09-29 23:38:07,001 - INFO - 
--- Trial 1, Beta=0.4, Iter 2 (train size=12) ---
2025-09-29 23:38:12,846 - INFO - Selected CCn1cc(C(=O)O)c(=O)c2cnc(N3CCN(C(=S)NC(=O)c4ccc(Cl)cc4)CC3)nc21 → UCB = 0.7975 (beta=0.4)
f1 shape: (1,)
2025-09-29 23:38:12,850 - INFO -   True f = 0.6081
2025-09-29 23:38:12,852 - INFO - Iter time: 5.85s
2025-09-29 23:38:12,852 - INFO - 
--- Trial 1, Beta=0.4, Iter 3 (train size=13) ---
2025-09-29 23:38:19,670 - INFO - Selected CCOc1ccc(NC(=O)CC2C(=O)N(c3ccc(C)cc3)C(=O)N2C2CCCCC2)cc1 → UCB = 0.7566 (beta=0.4)
f1 shape: (1,)
2025-09-29 23:38:19,674 - INFO -   True f = 0.4917
2025-09-29 23:38:19,676 - INFO - Iter time: 6.82s
2025-09-29 23:38:19,676 - INFO - 
--- Trial 1, Beta=0.4, Iter 4 (train size=14) ---
2025-09-29 23:38:28,574 - INFO - Selected CC(=O)c1ccc(NC(=S)N2CCN(c3cccc(Cl)c3)CC2)cc1 → UCB = 0.7467 (beta=0.4)
f1 shape: (1,)
2025-09-29 23:38:28,577 - INFO -   True f = 0.004538
2025-09-29 23:38:28,580 - INFO - Iter time: 8.90s
2025-09-29 23:38:28,580 - INFO - 
--- Trial 1, Beta=0.4, Iter 5 (train size=15) ---
2025-09-29 23:38:36,992 - INFO - Selected CCn1cc(C(=O)O)c(=O)c2cc(F)c(N3CCCC(C(N)=O)C3)nc21 → UCB = 0.7519 (beta=0.4)
f1 shape: (1,)
2025-09-29 23:38:36,995 - INFO -   True f = 0.5736
2025-09-29 23:38:36,998 - INFO - Iter time: 8.42s
2025-09-29 23:38:36,998 - INFO - 
--- Trial 1, Beta=0.4, Iter 6 (train size=16) ---
2025-09-29 23:38:46,320 - INFO - Selected CCn1cc(C(=O)O)c(=O)c2cc(F)c(N3CCC(NN)C3)nc21 → UCB = 0.7759 (beta=0.4)
f1 shape: (1,)
2025-09-29 23:38:46,323 - INFO -   True f = 0.5542
2025-09-29 23:38:46,326 - INFO - Iter time: 9.33s
2025-09-29 23:38:46,326 - INFO - 
--- Trial 1, Beta=0.4, Iter 7 (train size=17) ---
2025-09-29 23:38:56,613 - INFO - Selected CCn1cc(C(=O)O)c(=O)c2cc(F)c(N3CCN(Cc4ccc([N+](=O)[O-])o4)CC3)nc21 → UCB = 0.7763 (beta=0.4)
f1 shape: (1,)
2025-09-29 23:38:56,617 - INFO -   True f = 0.6168
2025-09-29 23:38:56,620 - INFO - Iter time: 10.29s
2025-09-29 23:38:56,620 - INFO - 
--- Trial 1, Beta=0.4, Iter 8 (train size=18) ---
2025-09-29 23:39:06,394 - INFO - Selected CCn1cc(C(=O)O)c(=O)c2cc(F)c(C=NN3CCN(C)CC3)nc21 → UCB = 0.7862 (beta=0.4)
f1 shape: (1,)
2025-09-29 23:39:06,397 - INFO -   True f = 0.5801
2025-09-29 23:39:06,401 - INFO - Iter time: 9.78s
2025-09-29 23:39:06,401 - INFO - 
--- Trial 1, Beta=0.4, Iter 9 (train size=19) ---
2025-09-29 23:39:17,522 - INFO - Selected CCn1cc(C(=O)O)c(=O)c2cc(F)c(N3CCC(Cl)C3)nc21 → UCB = 0.7861 (beta=0.4)
f1 shape: (1,)
2025-09-29 23:39:17,525 - INFO -   True f = 0.3932
2025-09-29 23:39:17,529 - INFO - Iter time: 11.13s
2025-09-29 23:39:17,529 - INFO - 
--- Trial 1, Beta=0.4, Iter 10 (train size=20) ---
2025-09-29 23:39:28,746 - INFO - Selected CCn1cc(C(=O)O)c(=O)c2cc(F)c(N3CCN(CC(C)=O)CC3)cc21 → UCB = 0.7724 (beta=0.4)
f1 shape: (1,)
2025-09-29 23:39:28,749 - INFO -   True f = 0.5704
2025-09-29 23:39:28,753 - INFO - Iter time: 11.22s
2025-09-29 23:39:28,753 - INFO - 
--- Trial 1, Beta=0.4, Iter 11 (train size=21) ---
2025-09-29 23:39:39,955 - INFO - Selected CCn1cc(C(=O)O)c(=O)c2cc(F)c(N3CCN(S(=O)(=O)c4ccc(NC(=O)OC)cc4)CC3)cc21 → UCB = 0.7991 (beta=0.4)
f1 shape: (1,)
2025-09-29 23:39:39,959 - INFO -   True f = 0.6265
2025-09-29 23:39:39,963 - INFO - Iter time: 11.21s
2025-09-29 23:39:39,963 - INFO - 
--- Trial 1, Beta=0.4, Iter 12 (train size=22) ---
2025-09-29 23:39:52,910 - INFO - Selected CCn1cc(C(=O)O)c(=O)c2cc(F)c(N3CCN(S(=O)(=O)c4ccc(OC)c(OC)c4)CC3)cc21 → UCB = 0.8215 (beta=0.4)
f1 shape: (1,)
2025-09-29 23:39:52,914 - INFO -   True f = 0.6211
2025-09-29 23:39:52,918 - INFO - Iter time: 12.96s
2025-09-29 23:39:52,919 - INFO - 
--- Trial 1, Beta=0.4, Iter 13 (train size=23) ---
2025-09-29 23:40:06,138 - INFO - Selected CCn1cc(C(=O)O)c(=O)c2cc(F)c(N3CCN(C(=O)c4ccccc4Br)CC3)cc21 → UCB = 0.8258 (beta=0.4)
f1 shape: (1,)
2025-09-29 23:40:06,142 - INFO -   True f = 0.5898
2025-09-29 23:40:06,147 - INFO - Iter time: 13.23s
2025-09-29 23:40:06,147 - INFO - 
--- Trial 1, Beta=0.4, Iter 14 (train size=24) ---
2025-09-29 23:40:19,310 - INFO - Selected CCn1cc(C(=O)O)c(=O)c2cc(F)c(N3CCN(c4nnc(-c5cccc([N+](=O)[O-])c5)o4)CC3)cc21 → UCB = 0.8288 (beta=0.4)
f1 shape: (1,)
2025-09-29 23:40:19,315 - INFO -   True f = 0.6308
2025-09-29 23:40:19,320 - INFO - Iter time: 13.17s
2025-09-29 23:40:19,320 - INFO - 
--- Trial 1, Beta=0.4, Iter 15 (train size=25) ---
2025-09-29 23:40:32,906 - INFO - Selected CCn1cc(C(=O)O)c(=O)c2cc(F)c(N3CCN(S(=O)(=O)c4ccc(N)cc4)CC3)cc21 → UCB = 0.8323 (beta=0.4)
f1 shape: (1,)
2025-09-29 23:40:32,910 - INFO -   True f = 0.6311
2025-09-29 23:40:32,916 - INFO - Iter time: 13.60s
2025-09-29 23:40:32,916 - INFO - 
--- Trial 1, Beta=0.4, Iter 16 (train size=26) ---
2025-09-29 23:40:46,834 - INFO - Selected CCn1cc(C(=O)O)c(=O)c2cc(F)c(N3CCN(C(S)=NN=C(C)c4ccccn4)CC3)cc21 → UCB = 0.8273 (beta=0.4)
f1 shape: (1,)
2025-09-29 23:40:46,838 - INFO -   True f = 0.6347
2025-09-29 23:40:46,844 - INFO - Iter time: 13.93s
2025-09-29 23:40:46,844 - INFO - 
--- Trial 1, Beta=0.4, Iter 17 (train size=27) ---
2025-09-29 23:41:01,907 - INFO - Selected CCn1cc(C(=O)O)c(=O)c2cc(F)c(N3CCN(C(=O)c4cc5ccccc5o4)CC3)cc21 → UCB = 0.8363 (beta=0.4)
f1 shape: (1,)
2025-09-29 23:41:01,911 - INFO -   True f = 0.6517
2025-09-29 23:41:01,918 - INFO - Iter time: 15.07s
2025-09-29 23:41:01,918 - INFO - 
--- Trial 1, Beta=0.4, Iter 18 (train size=28) ---
2025-09-29 23:41:17,455 - INFO - Selected CCn1cc(C(=O)O)c(=O)c2cc(F)c(N3CCN(C(=S)NC(=O)c4cc(OC)cc(OC)c4)CC3)cc21 → UCB = 0.8388 (beta=0.4)
f1 shape: (1,)
2025-09-29 23:41:17,459 - INFO -   True f = 0.6149
2025-09-29 23:41:17,466 - INFO - Iter time: 15.55s
2025-09-29 23:41:17,466 - INFO - 
--- Trial 1, Beta=0.4, Iter 19 (train size=29) ---
2025-09-29 23:41:33,311 - INFO - Selected CCn1cc(C(=O)O)c(=O)c2cc(F)c(N3CCC(N(C)C)CC3)cc21 → UCB = 0.8358 (beta=0.4)
f1 shape: (1,)
2025-09-29 23:41:33,314 - INFO -   True f = 0.2339
2025-09-29 23:41:33,322 - INFO - Iter time: 15.86s
2025-09-29 23:41:33,322 - INFO - 
--- Trial 1, Beta=0.4, Iter 20 (train size=30) ---
2025-09-29 23:41:50,163 - INFO - Selected CCn1cc(C(=O)O)c(=O)c2cc(F)c(N3CCN(c4nnc(-c5ccc([N+](=O)[O-])cc5)o4)CC3)cc21 → UCB = 0.8195 (beta=0.4)
f1 shape: (1,)
2025-09-29 23:41:50,167 - INFO -   True f = 0.624
2025-09-29 23:41:50,175 - INFO - Iter time: 16.85s
2025-09-29 23:41:50,175 - INFO - 
--- Trial 1, Beta=0.4, Iter 21 (train size=31) ---
2025-09-29 23:42:06,878 - INFO - Selected CCn1cc(C(=O)O)c(=O)c2cc(F)c(N3CCN(c4ncccn4)CC3)c(OC(F)F)c21 → UCB = 0.8194 (beta=0.4)
f1 shape: (1,)
2025-09-29 23:42:06,882 - INFO -   True f = 0.6017
2025-09-29 23:42:06,890 - INFO - Iter time: 16.72s
2025-09-29 23:42:06,890 - INFO - 
--- Trial 1, Beta=0.4, Iter 22 (train size=32) ---
2025-09-29 23:42:24,511 - INFO - Selected CCn1cc(C(=O)O)c(=O)c2cc(F)c(N3CCN(C(c4ccc(OC)c5ccccc45)c4nnnn4C(C)(C)C)CC3)cc21 → UCB = 0.8115 (beta=0.4)
f1 shape: (1,)
2025-09-29 23:42:24,516 - INFO -   True f = 0.5959
2025-09-29 23:42:24,540 - INFO - Iter time: 17.65s
2025-09-29 23:42:24,540 - INFO - 
--- Trial 1, Beta=0.4, Iter 23 (train size=33) ---
2025-09-29 23:42:41,692 - INFO - Selected CCn1cc(C(=O)O)c(=O)c2cc(F)c(N3CCN(C(c4ccc(F)cc4)c4nnnn4C(C)(C)C)CC3)cc21 → UCB = 0.821 (beta=0.4)
f1 shape: (1,)
2025-09-29 23:42:41,696 - INFO -   True f = 0.6316
2025-09-29 23:42:41,721 - INFO - Iter time: 17.18s
2025-09-29 23:42:41,721 - INFO - 
--- Trial 1, Beta=0.4, Iter 24 (train size=34) ---
2025-09-29 23:43:00,949 - INFO - Selected CCn1cc(C(=O)O)c(=O)c2cc(F)c(N3CCN(c4cc(C)nc(N5CCN(C)CC5)n4)CC3)cc21 → UCB = 0.8222 (beta=0.4)
f1 shape: (1,)
2025-09-29 23:43:00,953 - INFO -   True f = 0.5964
2025-09-29 23:43:00,979 - INFO - Iter time: 19.26s
2025-09-29 23:43:00,979 - INFO - 
--- Trial 1, Beta=0.4, Iter 25 (train size=35) ---
2025-09-29 23:43:20,388 - INFO - Selected CN1CCN(c2cc3c(cc2F)c(=O)c(C(=O)O)cn3-c2ccccc2F)CC1 → UCB = 0.8271 (beta=0.4)
f1 shape: (1,)
2025-09-29 23:43:20,391 - INFO -   True f = 0.2443
2025-09-29 23:43:20,410 - INFO - Iter time: 19.43s
2025-09-29 23:43:20,410 - INFO - 
--- Trial 1, Beta=0.4, Iter 26 (train size=36) ---
2025-09-29 23:43:39,658 - INFO - Selected CCn1cc(C(=O)O)c(=O)c2cc(F)c(N3CCN(CN4C(=O)C(=NNC(=O)c5ccncc5)c5cc(Cl)ccc54)CC3)cc21 → UCB = 0.8211 (beta=0.4)
f1 shape: (1,)
2025-09-29 23:43:39,663 - INFO -   True f = 0.6197
2025-09-29 23:43:39,674 - INFO - Iter time: 19.26s
2025-09-29 23:43:39,674 - INFO - 
--- Trial 1, Beta=0.4, Iter 27 (train size=37) ---
2025-09-29 23:43:59,847 - INFO - Selected CCn1cc(C(=O)O)c(=O)c2cc(F)c(N3CCN(CCOc4cc(O)c5c(=O)c(-c6ccc(OC)cc6)coc5c4)CC3)cc21 → UCB = 0.8329 (beta=0.4)
f1 shape: (1,)
2025-09-29 23:43:59,852 - INFO -   True f = 0.6258
2025-09-29 23:43:59,863 - INFO - Iter time: 20.19s
2025-09-29 23:43:59,863 - INFO - 
--- Trial 1, Beta=0.4, Iter 28 (train size=38) ---
2025-09-29 23:44:20,835 - INFO - Selected CCn1cc(C(=O)NC(Cc2c[nH]c3ccccc23)C(=O)N2CCN(c3cc4c(cc3F)c(=O)c(C(=O)O)cn4C3CC3)CC2)c(=O)c2ccc(C)nc21 → UCB = 0.8184 (beta=0.4)
f1 shape: (1,)
2025-09-29 23:44:20,841 - INFO -   True f = 0.6162
2025-09-29 23:44:20,853 - INFO - Iter time: 20.99s
2025-09-29 23:44:20,853 - INFO - 
--- Trial 1, Beta=0.4, Iter 29 (train size=39) ---
2025-09-29 23:44:41,044 - INFO - Selected CCn1cc(C(=O)N2CCN(c3cccc(C)c3C)CC2)c(=O)c2ccc(C)nc21 → UCB = 0.8308 (beta=0.4)
f1 shape: (1,)
2025-09-29 23:44:41,048 - INFO -   True f = 0.1175
2025-09-29 23:44:41,061 - INFO - Iter time: 20.21s
2025-09-29 23:44:41,061 - INFO - 
--- Trial 1, Beta=0.4, Iter 30 (train size=40) ---
2025-09-29 23:45:03,553 - INFO - Selected O=C(NCCCC(=O)N1CCN(c2cc3c(cc2F)c(=O)c(C(=O)O)cn3C2CC2)CC1)c1cnccn1 → UCB = 0.8237 (beta=0.4)
f1 shape: (1,)
2025-09-29 23:45:03,557 - INFO -   True f = 0.6494
2025-09-29 23:45:03,587 - INFO - Iter time: 22.53s
2025-09-29 23:45:03,587 - INFO - 
--- Trial 1, Beta=0.4, Iter 31 (train size=41) ---
2025-09-29 23:45:25,665 - INFO - Selected O=C(CSc1nnc(N2CCN(c3cc4c(cc3F)c(=O)c(C(=O)O)cn4C3CC3)CC2)s1)c1ccc(F)cc1 → UCB = 0.8517 (beta=0.4)
f1 shape: (1,)
2025-09-29 23:45:25,670 - INFO -   True f = 0.5883
2025-09-29 23:45:25,699 - INFO - Iter time: 22.11s
2025-09-29 23:45:25,700 - INFO - 
--- Trial 1, Beta=0.4, Iter 32 (train size=42) ---
2025-09-29 23:45:49,223 - INFO - Selected Cc1cccc(N2CCN(CC(=O)N3CCN(c4cc5c(cc4F)c(=O)c(C(=O)O)cn5C4CC4)CC3)CC2)c1 → UCB = 0.8447 (beta=0.4)
f1 shape: (1,)
2025-09-29 23:45:49,228 - INFO -   True f = 0.662
2025-09-29 23:45:49,242 - INFO - Iter time: 23.54s
2025-09-29 23:45:49,242 - INFO - 
--- Trial 1, Beta=0.4, Iter 33 (train size=43) ---
2025-09-29 23:46:12,550 - INFO - Selected O=C(O)c1cn(C2CC2)c2cc(N3CCN(C(=O)CN4CCN(Cc5ccccc5)CC4)CC3)c(F)cc2c1=O → UCB = 0.8491 (beta=0.4)
f1 shape: (1,)
2025-09-29 23:46:12,555 - INFO -   True f = 0.6709
2025-09-29 23:46:12,586 - INFO - Iter time: 23.34s
2025-09-29 23:46:12,586 - INFO - 
--- Trial 1, Beta=0.4, Iter 34 (train size=44) ---
2025-09-29 23:46:37,320 - INFO - Selected CC(OC(=O)C(C)NC(=O)c1ccccc1)OC(=O)N1CCN(c2cc3c(cc2F)c(=O)c(C(=O)O)cn3C2CC2)CC1 → UCB = 0.8583 (beta=0.4)
f1 shape: (1,)
2025-09-29 23:46:37,325 - INFO -   True f = 0.6229
2025-09-29 23:46:37,341 - INFO - Iter time: 24.75s
2025-09-29 23:46:37,341 - INFO - 
--- Trial 1, Beta=0.4, Iter 35 (train size=45) ---
2025-09-29 23:47:02,108 - INFO - Selected O=C(O)C1=C(COC(=O)N2CCN(c3cc4c(cc3F)c(=O)c(C(=O)O)cn4C3CC3)CC2)SC2CC(=O)N12 → UCB = 0.8592 (beta=0.4)
f1 shape: (1,)
2025-09-29 23:47:02,112 - INFO -   True f = 0.597
2025-09-29 23:47:02,145 - INFO - Iter time: 24.80s
2025-09-29 23:47:02,145 - INFO - 
--- Trial 1, Beta=0.4, Iter 36 (train size=46) ---
2025-09-29 23:47:26,759 - INFO - Selected O=C(O)c1cn(C2CC2)c2cc(N3CCN(c4ccncc4)CC3)c(F)cc2c1=O → UCB = 0.8601 (beta=0.4)
f1 shape: (1,)
2025-09-29 23:47:26,763 - INFO -   True f = 0.5204
2025-09-29 23:47:26,796 - INFO - Iter time: 24.65s
2025-09-29 23:47:26,796 - INFO - 
--- Trial 1, Beta=0.4, Iter 37 (train size=47) ---
2025-09-29 23:47:52,544 - INFO - Selected O=C(O)c1cn(C2CC2)c2cc(N3CCN(C(=O)CC[N+](=O)[O-])CC3)c(F)cc2c1=O → UCB = 0.8454 (beta=0.4)
f1 shape: (1,)
2025-09-29 23:47:52,548 - INFO -   True f = 0.6414
2025-09-29 23:47:52,582 - INFO - Iter time: 25.79s
2025-09-29 23:47:52,582 - INFO - 
--- Trial 1, Beta=0.4, Iter 38 (train size=48) ---
2025-09-29 23:48:18,365 - INFO - Selected CONC(=S)NN=C1C(=O)N(CN2CCN(c3cc4c(cc3F)c(=O)c(C(=O)O)cn4C3CC3)CC2)c2ccc(Cl)cc21 → UCB = 0.8454 (beta=0.4)
f1 shape: (1,)
2025-09-29 23:48:18,370 - INFO -   True f = 0.6113
2025-09-29 23:48:18,405 - INFO - Iter time: 25.82s
2025-09-29 23:48:18,405 - INFO - 
--- Trial 1, Beta=0.4, Iter 39 (train size=49) ---
2025-09-29 23:48:44,396 - INFO - Selected CCCC(CCC)C(=O)N1CCN(c2cc3c(cc2F)c(=O)c(C(=O)O)cn3C2CC2)CC1 → UCB = 0.8478 (beta=0.4)
f1 shape: (1,)
2025-09-29 23:48:44,400 - INFO -   True f = 0.5917
2025-09-29 23:48:44,435 - INFO - Iter time: 26.03s
2025-09-29 23:48:44,451 - INFO - 
--- Trial 1, Beta=0.4, Iter 40 (train size=50) ---
2025-09-29 23:49:10,819 - INFO - Selected O=C(O)c1cn(C2CC2)c2cc(N3CCN(CC(O)CSc4ncn(Cc5ccc(Cl)c(Cl)c5)n4)CC3)c(F)cc2c1=O → UCB = 0.8469 (beta=0.4)
f1 shape: (1,)
2025-09-29 23:49:10,824 - INFO -   True f = 0.6333
2025-09-29 23:49:10,860 - INFO - Iter time: 26.41s
2025-09-29 23:49:10,860 - INFO - 
--- Trial 1, Beta=0.4, Iter 41 (train size=51) ---
2025-09-29 23:49:39,169 - INFO - Selected O=C(O)c1cn(C2CC2)c2cc(N3CCN(Cn4nc(-c5cccc(O)c5)n(-c5ccccc5)c4=S)CC3)c(F)cc2c1=O → UCB = 0.8554 (beta=0.4)
f1 shape: (1,)
2025-09-29 23:49:39,174 - INFO -   True f = 0.5755
2025-09-29 23:49:39,204 - INFO - Iter time: 28.34s
2025-09-29 23:49:39,204 - INFO - 
--- Trial 1, Beta=0.4, Iter 42 (train size=52) ---
2025-09-29 23:50:08,856 - INFO - Selected O=C(O)c1cn(C2CC2)c2cc(N3CCN(Cc4ccc(OCc5ccccc5)cc4)CC3)c(F)cc2c1=O → UCB = 0.8528 (beta=0.4)
f1 shape: (1,)
2025-09-29 23:50:08,861 - INFO -   True f = 0.3958
2025-09-29 23:50:08,899 - INFO - Iter time: 29.69s
2025-09-29 23:50:08,899 - INFO - 
--- Trial 1, Beta=0.4, Iter 43 (train size=53) ---
2025-09-29 23:50:36,926 - INFO - Selected CC(C)CC(=O)N1CCN(c2cc3c(cc2F)c(=O)c(C(=O)O)cn3C2CC2)CC1 → UCB = 0.8385 (beta=0.4)
f1 shape: (1,)
2025-09-29 23:50:36,929 - INFO -   True f = 0.5826
2025-09-29 23:50:36,968 - INFO - Iter time: 28.07s
2025-09-29 23:50:36,968 - INFO - 
--- Trial 1, Beta=0.4, Iter 44 (train size=54) ---
2025-09-29 23:51:06,813 - INFO - Selected CCON=C1C(=O)N(CCN2CCN(c3c(F)cc4c(=O)c(C(=O)O)cn(C5CC5)c4c3OC)CC2)c2ccc(F)cc21 → UCB = 0.8335 (beta=0.4)
f1 shape: (1,)
2025-09-29 23:51:06,818 - INFO -   True f = 0.6243
2025-09-29 23:51:06,842 - INFO - Iter time: 29.87s
2025-09-29 23:51:06,842 - INFO - 
--- Trial 1, Beta=0.4, Iter 45 (train size=55) ---
2025-09-29 23:51:37,113 - INFO - Selected Nc1ncc(Cn2cc(CN3CCN(c4nc5c(cc4F)c(=O)c(C(=O)O)cn5C4CC4)CC3)nn2)c(N)n1 → UCB = 0.8436 (beta=0.4)
f1 shape: (1,)
2025-09-29 23:51:37,118 - INFO -   True f = 0.5916
2025-09-29 23:51:37,142 - INFO - Iter time: 30.30s
2025-09-29 23:51:37,142 - INFO - 
--- Trial 1, Beta=0.4, Iter 46 (train size=56) ---
2025-09-29 23:52:08,372 - INFO - Selected COc1c(N2CCN(c3nnc(-c4ccc([N+](=O)[O-])o4)s3)C(C)C2)c(F)cc2c(=O)c(C(=O)O)cn(C3CC3)c12 → UCB = 0.84 (beta=0.4)
f1 shape: (1,)
2025-09-29 23:52:08,377 - INFO -   True f = 0.581
2025-09-29 23:52:08,434 - INFO - Iter time: 31.29s
2025-09-29 23:52:08,434 - INFO - 
--- Trial 1, Beta=0.4, Iter 47 (train size=57) ---
2025-09-29 23:52:39,813 - INFO - Selected COc1c(N2CCN(Cc3ccc4c(c3)OCO4)CC2)c(F)cc2c(=O)c(C(=O)O)cn(C3CC3)c12 → UCB = 0.833 (beta=0.4)
f1 shape: (1,)
2025-09-29 23:52:39,818 - INFO -   True f = 0.6153
2025-09-29 23:52:39,844 - INFO - Iter time: 31.41s
2025-09-29 23:52:39,844 - INFO - 
--- Trial 1, Beta=0.4, Iter 48 (train size=58) ---
2025-09-29 23:53:10,628 - INFO - Selected COc1c(N2CCN(Cn3c(O)c(N=NC(=N)S)c4cc(C)ccc43)C(C)C2)c(F)cc2c(=O)c(C(=O)O)cn(C3CC3)c12 → UCB = 0.8351 (beta=0.4)
f1 shape: (1,)
2025-09-29 23:53:10,633 - INFO -   True f = 0.4585
2025-09-29 23:53:10,692 - INFO - Iter time: 30.85s
2025-09-29 23:53:10,692 - INFO - 
--- Trial 1, Beta=0.4, Iter 49 (train size=59) ---
2025-09-29 23:53:43,596 - INFO - Selected CCn1cc(C(=O)O)c(=O)c2cc(F)c(N3CCN(S(=O)(=O)c4ccc(Cl)c(Cl)c4)CC3)cc21 → UCB = 0.8288 (beta=0.4)
f1 shape: (1,)
2025-09-29 23:53:43,600 - INFO -   True f = 0.614
2025-09-29 23:53:43,659 - INFO - Iter time: 32.97s
2025-09-29 23:53:43,659 - INFO - 
--- Trial 1, Beta=0.4, Iter 50 (train size=60) ---
2025-09-29 23:54:15,599 - INFO - Selected Cc1cc(N2CCN(c3c(F)cc4c(=O)c(C(=O)O)cn(Cc5ccc(C(F)(F)F)cc5)c4c3F)CC2)nc(N2CCCCC2)n1 → UCB = 0.8237 (beta=0.4)
f1 shape: (1,)
2025-09-29 23:54:15,604 - INFO -   True f = 0.4199
2025-09-29 23:54:15,633 - INFO - Iter time: 31.97s
2025-09-29 23:54:15,633 - INFO - 
--- Trial 1, Beta=0.4, Iter 51 (train size=61) ---
2025-09-29 23:54:48,753 - INFO - Selected CCON=C1C(=O)N(CCN2CCN(c3c(F)cc4c(=O)c(C(=O)O)cn(C5CC5)c4c3OC)CC2)c2ccccc21 → UCB = 0.824 (beta=0.4)
f1 shape: (1,)
2025-09-29 23:54:48,758 - INFO -   True f = 0.6434
2025-09-29 23:54:48,788 - INFO - Iter time: 33.16s
2025-09-29 23:54:48,788 - INFO - 
--- Trial 1, Beta=0.4, Iter 52 (train size=62) ---
2025-09-29 23:55:24,080 - INFO - Selected Nc1cc2c(=O)c(C(=O)O)cn(C3CC3)c2cc1N1CCN(c2ccccn2)CC1 → UCB = 0.8226 (beta=0.4)
f1 shape: (1,)
2025-09-29 23:55:24,084 - INFO -   True f = 0.6498
2025-09-29 23:55:24,115 - INFO - Iter time: 35.33s
2025-09-29 23:55:24,115 - INFO - 
--- Trial 1, Beta=0.4, Iter 53 (train size=63) ---
2025-09-29 23:55:58,057 - INFO - Selected O=C(O)c1cn(C2CC2)c2cc(N3CCN(Cc4ccc5c(c4)OCO5)CC3)c([N+](=O)[O-])cc2c1=O → UCB = 0.8276 (beta=0.4)
f1 shape: (1,)
2025-09-29 23:55:58,061 - INFO -   True f = 0.6474
2025-09-29 23:55:58,109 - INFO - Iter time: 33.99s
2025-09-29 23:55:58,109 - INFO - 
--- Trial 1, Beta=0.4, Iter 54 (train size=64) ---
2025-09-29 23:56:34,229 - INFO - Selected O=C(O)c1cn(C2CC2)c2cc(N3CCN(c4nnc(SCc5ccc([N+](=O)[O-])cc5)s4)CC3)c(F)cc2c1=O → UCB = 0.8324 (beta=0.4)
f1 shape: (1,)
2025-09-29 23:56:34,234 - INFO -   True f = 0.6012
2025-09-29 23:56:34,285 - INFO - Iter time: 36.18s
2025-09-29 23:56:34,285 - INFO - 
--- Trial 1, Beta=0.4, Iter 55 (train size=65) ---
2025-09-29 23:57:10,242 - INFO - Selected CCCCCCCCn1c(CN2CCN(c3cc4c(cc3F)c(=O)c(C(=O)O)cn4C3CC3)CC2)nc2ccccc21 → UCB = 0.8314 (beta=0.4)
f1 shape: (1,)
2025-09-29 23:57:10,263 - INFO -   True f = 0.2813
2025-09-29 23:57:10,307 - INFO - Iter time: 36.02s
2025-09-29 23:57:10,307 - INFO - 
--- Trial 1, Beta=0.4, Iter 56 (train size=66) ---
2025-09-29 23:57:46,350 - INFO - Selected CC(C)c1cc(C(C)C)c(S(=O)(=O)N2CCN(c3cc4c(cc3F)c(=O)c(C(=O)O)cn4C3CC3)CC2)c(C(C)C)c1 → UCB = 0.8211 (beta=0.4)
f1 shape: (1,)
2025-09-29 23:57:46,354 - INFO -   True f = 0.308
2025-09-29 23:57:46,415 - INFO - Iter time: 36.11s
2025-09-29 23:57:46,415 - INFO - 
--- Trial 1, Beta=0.4, Iter 57 (train size=67) ---
2025-09-29 23:58:23,447 - INFO - Selected NC(Cc1ccccc1)C(=O)NC1CCN(c2c(F)cc3c(=O)c(C(=O)O)cn(C4CC4)c3c2F)C1 → UCB = 0.8182 (beta=0.4)
f1 shape: (1,)
2025-09-29 23:58:23,467 - INFO -   True f = 0.627
2025-09-29 23:58:23,509 - INFO - Iter time: 37.09s
2025-09-29 23:58:23,509 - INFO - 
--- Trial 1, Beta=0.4, Iter 58 (train size=68) ---
2025-09-29 23:59:00,767 - INFO - Selected NCC(=O)NC1CCN(c2c(F)cc3c(=O)c(C(=O)O)cn(C4CC4)c3c2F)C1 → UCB = 0.8345 (beta=0.4)
f1 shape: (1,)
2025-09-29 23:59:00,771 - INFO -   True f = 0.5793
2025-09-29 23:59:00,835 - INFO - Iter time: 37.33s
2025-09-29 23:59:00,835 - INFO - 
--- Trial 1, Beta=0.4, Iter 59 (train size=69) ---
2025-09-29 23:59:40,168 - INFO - Selected O=C(O)c1cn(C2CC2)c2c(Cl)c(N3CCC(NCC(O)CSc4ncn(Cc5ccc(Cl)c(Cl)c5)n4)C3)c(F)cc2c1=O → UCB = 0.8311 (beta=0.4)
f1 shape: (1,)
2025-09-29 23:59:40,185 - INFO -   True f = 0.4954
2025-09-29 23:59:40,235 - INFO - Iter time: 39.40s
2025-09-29 23:59:40,235 - INFO - 
--- Trial 1, Beta=0.4, Iter 60 (train size=70) ---
2025-09-30 00:00:17,490 - INFO - Selected CCn1cc(C(=O)O)c(=O)c2cc(F)c(NC(=O)C3CCC(COc4ccccc4)CC3)c(F)c21 → UCB = 0.8262 (beta=0.4)
f1 shape: (1,)
2025-09-30 00:00:17,494 - INFO -   True f = 0.5666
2025-09-30 00:00:17,533 - INFO - Iter time: 37.30s
2025-09-30 00:00:17,533 - INFO - 
--- Trial 1, Beta=0.4, Iter 61 (train size=71) ---
2025-09-30 00:00:57,564 - INFO - Selected NCC(F)=C1CCN(c2nc3c(cc2F)c(=O)c(C(=O)O)cn3C2CC2)CC1 → UCB = 0.8254 (beta=0.4)
f1 shape: (1,)
2025-09-30 00:00:57,568 - INFO -   True f = 0.585
2025-09-30 00:00:57,622 - INFO - Iter time: 40.09s
2025-09-30 00:00:57,623 - INFO - 
--- Trial 1, Beta=0.4, Iter 62 (train size=72) ---
2025-09-30 00:01:39,085 - INFO - Selected CC1(CNC2CC2)CN(c2nc3c(cc2F)c(=O)c(C(=O)O)cn3C2CC2)CC1=NOCc1ccccc1 → UCB = 0.8244 (beta=0.4)
f1 shape: (1,)
2025-09-30 00:01:39,105 - INFO -   True f = 0.6245
2025-09-30 00:01:39,151 - INFO - Iter time: 41.53s
2025-09-30 00:01:39,152 - INFO - 
--- Trial 1, Beta=0.4, Iter 63 (train size=73) ---
2025-09-30 00:02:19,286 - INFO - Selected Nc1ccc(C2CN(c3nc4c(cc3F)c(=O)c(C(=O)O)cn4C3CC3)CC2N)cc1 → UCB = 0.8385 (beta=0.4)
f1 shape: (1,)
2025-09-30 00:02:19,290 - INFO -   True f = 0.604
2025-09-30 00:02:19,340 - INFO - Iter time: 40.19s
2025-09-30 00:02:19,340 - INFO - 
--- Trial 1, Beta=0.4, Iter 64 (train size=74) ---
2025-09-30 00:02:59,630 - INFO - Selected O=C(O)c1cn(C2CC2)c2nc(N3CCC(O)(c4ccc(Cl)cc4)CC3)c([N+](=O)[O-])cc2c1=O → UCB = 0.8445 (beta=0.4)
f1 shape: (1,)
2025-09-30 00:02:59,650 - INFO -   True f = 0.6361
2025-09-30 00:02:59,698 - INFO - Iter time: 40.36s
2025-09-30 00:02:59,698 - INFO - 
--- Trial 1, Beta=0.4, Iter 65 (train size=75) ---
2025-09-30 00:03:41,804 - INFO - Selected O=C(O)c1cn(C2CC2)c2nc(-c3ccncc3)c(F)cc2c1=O → UCB = 0.8472 (beta=0.4)
f1 shape: (1,)
2025-09-30 00:03:41,807 - INFO -   True f = 0.5428
2025-09-30 00:03:41,853 - INFO - Iter time: 42.15s
2025-09-30 00:03:41,853 - INFO - 
--- Trial 1, Beta=0.4, Iter 66 (train size=76) ---
2025-09-30 00:04:25,636 - INFO - Selected CNC1CC(=NOC)CN(c2nc3c(cc2F)c(=O)c(C(=O)O)cn3C2CC2)C1 → UCB = 0.8452 (beta=0.4)
f1 shape: (1,)
2025-09-30 00:04:25,639 - INFO -   True f = 0.5481
2025-09-30 00:04:25,690 - INFO - Iter time: 43.84s
2025-09-30 00:04:25,690 - INFO - 
--- Trial 1, Beta=0.4, Iter 67 (train size=77) ---
2025-09-30 00:05:08,435 - INFO - Selected CCNCC1(c2ccccc2)CCN(c2c(F)cc3c(=O)c(C(=O)O)cn(C4CC4)c3c2F)C1 → UCB = 0.8384 (beta=0.4)
f1 shape: (1,)
2025-09-30 00:05:08,439 - INFO -   True f = 0.4344
2025-09-30 00:05:08,489 - INFO - Iter time: 42.80s
2025-09-30 00:05:08,489 - INFO - 
--- Trial 1, Beta=0.4, Iter 68 (train size=78) ---
2025-09-30 00:05:50,819 - INFO - Selected COc1c(N2CCCC(N(C)CCN3C(=O)C(=NNC(N)=S)c4cc(F)ccc43)C2)ccc2c(=O)c(C(=O)O)cn(C3CC3)c12 → UCB = 0.8329 (beta=0.4)
f1 shape: (1,)
2025-09-30 00:05:50,840 - INFO -   True f = 0.6387
2025-09-30 00:05:50,901 - INFO - Iter time: 42.41s
2025-09-30 00:05:50,901 - INFO - 
--- Trial 1, Beta=0.4, Iter 69 (train size=79) ---
2025-09-30 00:06:34,645 - INFO - Selected COc1c(N2CCN(C(c3ccccc3)c3ccc(Cl)cc3)CC2)c(F)cc2c(=O)c(C(=O)O)cn(C3CC3)c12 → UCB = 0.828 (beta=0.4)
f1 shape: (1,)
2025-09-30 00:06:34,650 - INFO -   True f = 0.2858
2025-09-30 00:06:34,700 - INFO - Iter time: 43.80s
2025-09-30 00:06:34,700 - INFO - 
--- Trial 1, Beta=0.4, Iter 70 (train size=80) ---
2025-09-30 00:07:20,532 - INFO - Selected CCn1cc(C(=O)O)c(=O)c2cc(F)c(N3CCN(CN4C(=O)C(=NNC(=S)NO)c5cc(F)ccc54)C(C)C3)c(F)c21 → UCB = 0.8336 (beta=0.4)
f1 shape: (1,)
2025-09-30 00:07:20,536 - INFO -   True f = 0.5836
2025-09-30 00:07:20,584 - INFO - Iter time: 45.88s
2025-09-30 00:07:20,584 - INFO - 
--- Trial 1, Beta=0.4, Iter 71 (train size=81) ---
2025-09-30 00:08:05,407 - INFO - Selected COc1ccc(Cn2cc(C(=O)O)c(=O)c3cc4c(nc32)N2CCCC2CO4)c(OC)c1 → UCB = 0.8302 (beta=0.4)
f1 shape: (1,)
2025-09-30 00:08:05,411 - INFO -   True f = 0.6123
2025-09-30 00:08:05,474 - INFO - Iter time: 44.89s
2025-09-30 00:08:05,474 - INFO - 
--- Trial 1, Beta=0.4, Iter 72 (train size=82) ---
2025-09-30 00:08:53,025 - INFO - Selected NC1CN(c2nc3c(cc2F)c(=O)c(C(=O)O)cn3C2CC2)CC1c1ccc(Cl)c(Cl)c1 → UCB = 0.8245 (beta=0.4)
f1 shape: (1,)
2025-09-30 00:08:53,028 - INFO -   True f = 0.5876
2025-09-30 00:08:53,072 - INFO - Iter time: 47.60s
2025-09-30 00:08:53,072 - INFO - 
--- Trial 1, Beta=0.4, Iter 73 (train size=83) ---
2025-09-30 00:09:39,271 - INFO - Selected COC(=O)c1cc(Cn2cc(C(=O)O)c(=O)c3cc(I)ccc32)ccc1OC → UCB = 0.8231 (beta=0.4)
f1 shape: (1,)
2025-09-30 00:09:39,286 - INFO -   True f = 0.5428
2025-09-30 00:09:39,356 - INFO - Iter time: 46.28s
2025-09-30 00:09:39,356 - INFO - 
--- Trial 1, Beta=0.4, Iter 74 (train size=84) ---
2025-09-30 00:10:27,717 - INFO - Selected CN1CC2CCC1CN2c1nc2c(cc1F)c(=O)c(C(=O)O)cn2C1CC1 → UCB = 0.8199 (beta=0.4)
f1 shape: (1,)
2025-09-30 00:10:27,736 - INFO -   True f = 0.4865
2025-09-30 00:10:27,773 - INFO - Iter time: 48.42s
2025-09-30 00:10:27,773 - INFO - 
--- Trial 1, Beta=0.4, Iter 75 (train size=85) ---
2025-09-30 00:11:15,833 - INFO - Selected CCN(CC)C(=O)C1CCCN(c2c(F)c([N+](=O)[O-])c3c(=O)c(C(=O)O)cn(C4CC4)c3c2OC)C1 → UCB = 0.811 (beta=0.4)
f1 shape: (1,)
2025-09-30 00:11:15,853 - INFO -   True f = 0.5588
2025-09-30 00:11:15,918 - INFO - Iter time: 48.14s
2025-09-30 00:11:15,918 - INFO - 
--- Trial 1, Beta=0.4, Iter 76 (train size=86) ---
2025-09-30 00:12:06,319 - INFO - Selected Cc1c(N2CCC(C)CC2)c([N+](=O)[O-])cc2c(=O)c(C(=O)O)cn(C3CC3)c12 → UCB = 0.8145 (beta=0.4)
f1 shape: (1,)
2025-09-30 00:12:06,322 - INFO -   True f = 0.6019
2025-09-30 00:12:06,362 - INFO - Iter time: 50.44s
2025-09-30 00:12:06,362 - INFO - 
--- Trial 1, Beta=0.4, Iter 77 (train size=87) ---
2025-09-30 00:12:56,070 - INFO - Selected Nc1cc2c(=O)c(C(=O)O)cn(C3CC3)c2cc1NC1CC1 → UCB = 0.8135 (beta=0.4)
f1 shape: (1,)
2025-09-30 00:12:56,090 - INFO -   True f = 0.5881
2025-09-30 00:12:56,130 - INFO - Iter time: 49.77s
2025-09-30 00:12:56,131 - INFO - 
--- Trial 1, Beta=0.4, Iter 78 (train size=88) ---
2025-09-30 00:13:45,103 - INFO - Selected Cc1c(N2CCC(O)CC2)c(N)cc2c(=O)c(C(=O)O)cn(C3CC3)c12 → UCB = 0.8171 (beta=0.4)
f1 shape: (1,)
2025-09-30 00:13:45,106 - INFO -   True f = 0.6118
2025-09-30 00:13:45,157 - INFO - Iter time: 49.03s
2025-09-30 00:13:45,157 - INFO - 
--- Trial 1, Beta=0.4, Iter 79 (train size=89) ---
2025-09-30 00:14:34,834 - INFO - Selected CCC1CCN(c2ccc3c(=O)c(C(=O)O)cn(C4CC4)c3c2Cl)CC1N → UCB = 0.8228 (beta=0.4)
f1 shape: (1,)
2025-09-30 00:14:34,838 - INFO -   True f = 0.6124
2025-09-30 00:14:34,888 - INFO - Iter time: 49.73s
2025-09-30 00:14:34,888 - INFO - 
--- Trial 1, Beta=0.4, Iter 80 (train size=90) ---
2025-09-30 00:15:23,885 - INFO - Selected Nc1c(F)c(N2CCC(N)C2)cc2c1c(=O)c(C(=O)O)cn2C1CC1 → UCB = 0.83 (beta=0.4)
f1 shape: (1,)
2025-09-30 00:15:23,889 - INFO -   True f = 0.5651
2025-09-30 00:15:23,944 - INFO - Iter time: 49.06s
2025-09-30 00:15:23,944 - INFO - 
--- Trial 1, Beta=0.4, Iter 81 (train size=91) ---
2025-09-30 00:16:15,716 - INFO - Selected NC1CCCN(c2c(F)cc3c(=O)c(C(=O)O)cn(C4CC4)c3c2C(F)(F)F)C1 → UCB = 0.8297 (beta=0.4)
f1 shape: (1,)
2025-09-30 00:16:15,719 - INFO -   True f = 0.5766
2025-09-30 00:16:15,773 - INFO - Iter time: 51.83s
2025-09-30 00:16:15,773 - INFO - 
--- Trial 1, Beta=0.4, Iter 82 (train size=92) ---
2025-09-30 00:17:07,432 - INFO - Selected NCC1CCCN(c2c(F)cc3c(=O)c(C(=O)O)cn(C4CC4)c3c2Cl)C1 → UCB = 0.8321 (beta=0.4)
f1 shape: (1,)
2025-09-30 00:17:07,436 - INFO -   True f = 0.5965
2025-09-30 00:17:07,486 - INFO - Iter time: 51.71s
2025-09-30 00:17:07,486 - INFO - 
--- Trial 1, Beta=0.4, Iter 83 (train size=93) ---
2025-09-30 00:18:01,442 - INFO - Selected CCOc1c(N2CCC(C)(CN)C2)c(F)cc2c(=O)c(C(=O)O)cn(C3CC3)c12 → UCB = 0.8346 (beta=0.4)
f1 shape: (1,)
2025-09-30 00:18:01,446 - INFO -   True f = 0.5909
2025-09-30 00:18:01,496 - INFO - Iter time: 54.01s
2025-09-30 00:18:01,496 - INFO - 
--- Trial 1, Beta=0.4, Iter 84 (train size=94) ---
2025-09-30 00:18:54,008 - INFO - Selected Cc1cc(-c2c(F)cc3c(=O)c(C(=O)O)cn(C4CC4)c3c2F)ccn1 → UCB = 0.8246 (beta=0.4)
f1 shape: (1,)
2025-09-30 00:18:54,012 - INFO -   True f = 0.3319
2025-09-30 00:18:54,065 - INFO - Iter time: 52.57s
2025-09-30 00:18:54,065 - INFO - 
--- Trial 1, Beta=0.4, Iter 85 (train size=95) ---
2025-09-30 00:19:48,652 - INFO - Selected Cc1c(F)c(N2CCC(C)(CN)C2)cc2c1c(=O)c(C(=O)O)cn2C1CC1 → UCB = 0.8165 (beta=0.4)
f1 shape: (1,)
2025-09-30 00:19:48,656 - INFO -   True f = 0.5844
2025-09-30 00:19:48,712 - INFO - Iter time: 54.65s
2025-09-30 00:19:48,712 - INFO - 
--- Trial 1, Beta=0.4, Iter 86 (train size=96) ---
2025-09-30 00:20:43,943 - INFO - Selected Cc1c(N2CCSCC2)ccc2c(=O)c(C(=O)O)cn(C3CC3)c12 → UCB = 0.8167 (beta=0.4)
f1 shape: (1,)
2025-09-30 00:20:43,946 - INFO -   True f = 0.1772
2025-09-30 00:20:44,001 - INFO - Iter time: 55.29s
2025-09-30 00:20:44,001 - INFO - 
--- Trial 1, Beta=0.4, Iter 87 (train size=97) ---
2025-09-30 00:21:39,049 - INFO - Selected CC1COc2c(N3CCC(CNC4CC4)C3)c(F)cc3c(=O)c(C(=O)O)cn1c23 → UCB = 0.8137 (beta=0.4)
f1 shape: (1,)
2025-09-30 00:21:39,053 - INFO -   True f = 0.5689
2025-09-30 00:21:39,109 - INFO - Iter time: 55.11s
2025-09-30 00:21:39,109 - INFO - 
--- Trial 1, Beta=0.4, Iter 88 (train size=98) ---
2025-09-30 00:22:35,659 - INFO - Selected CC1COc2c(N3CCN(C(=O)c4ccco4)CC3)c(F)c([N+](=O)[O-])c3c(=O)c(C(=O)O)cn1c23 → UCB = 0.8181 (beta=0.4)
f1 shape: (1,)
2025-09-30 00:22:35,663 - INFO -   True f = 0.5809
2025-09-30 00:22:35,718 - INFO - Iter time: 56.61s
2025-09-30 00:22:35,718 - INFO - 
--- Trial 1, Beta=0.4, Iter 89 (train size=99) ---
2025-09-30 00:23:29,664 - INFO - Selected CON=C(N)C1CN(c2c(F)cc3c(=O)c(C(=O)O)cn4c3c2OCC4C)CC1=NOC → UCB = 0.8104 (beta=0.4)
f1 shape: (1,)
2025-09-30 00:23:29,668 - INFO -   True f = 0.5227
2025-09-30 00:23:29,725 - INFO - Iter time: 54.01s
2025-09-30 00:23:29,725 - INFO - 
--- Trial 1, Beta=0.4, Iter 90 (train size=100) ---
2025-09-30 00:24:28,897 - INFO - Selected CCON=C1CN(c2c(F)cc3c(=O)c(C(=O)O)cn(C4CC4)c3c2F)CCC1(C)N → UCB = 0.8109 (beta=0.4)
f1 shape: (1,)
2025-09-30 00:24:28,901 - INFO -   True f = 0.5626
2025-09-30 00:24:28,959 - INFO - Iter time: 59.23s
2025-09-30 00:24:28,959 - INFO - 
--- Trial 1, Beta=0.4, Iter 91 (train size=101) ---
2025-09-30 00:25:26,803 - INFO - Selected CCON=C1CN(c2nc3c(cc2F)c(=O)c(C(=O)O)cn3-c2nc(N)c(F)cc2F)CC1(C)CNC1CC1 → UCB = 0.8143 (beta=0.4)
f1 shape: (1,)
2025-09-30 00:25:26,808 - INFO -   True f = 0.5406
2025-09-30 00:25:26,864 - INFO - Iter time: 57.91s
2025-09-30 00:25:26,864 - INFO - 
--- Trial 1, Beta=0.4, Iter 92 (train size=102) ---
2025-09-30 00:26:27,853 - INFO - Selected CCNCC1CCN(c2c(F)cc3c(=O)c(C(=O)O)cn(C4CCCCC4)c3c2F)C1 → UCB = 0.8094 (beta=0.4)
f1 shape: (1,)
2025-09-30 00:26:27,857 - INFO -   True f = 0.4061
2025-09-30 00:26:27,913 - INFO - Iter time: 61.05s
2025-09-30 00:26:27,913 - INFO - 
--- Trial 1, Beta=0.4, Iter 93 (train size=103) ---
2025-09-30 00:27:28,632 - INFO - Selected COc1cccc(Cn2c(N3CCCC(N)C3)nc3c4cc(C(=O)O)ccc4n(C)c(=O)c32)c1 → UCB = 0.8058 (beta=0.4)
f1 shape: (1,)
2025-09-30 00:27:28,636 - INFO -   True f = 0.6519
2025-09-30 00:27:28,697 - INFO - Iter time: 60.78s
2025-09-30 00:27:28,697 - INFO - 
--- Trial 1, Beta=0.4, Iter 94 (train size=104) ---
2025-09-30 00:28:29,652 - INFO - Selected Cn1c(=O)n(Cc2ccc(C(=O)O)c(F)c2)c(=O)c2c1nc(N1CCCC(N)C1)n2Cc1ccccc1Cl → UCB = 0.8387 (beta=0.4)
f1 shape: (1,)
2025-09-30 00:28:29,656 - INFO -   True f = 0.6092
2025-09-30 00:28:29,720 - INFO - Iter time: 61.02s
2025-09-30 00:28:29,720 - INFO - 
--- Trial 1, Beta=0.4, Iter 95 (train size=105) ---
2025-09-30 00:29:30,741 - INFO - Selected Cn1c(=O)c2c(nc(N3CCCC(N)C3)n2Cc2cc(F)ccc2Cl)c2cc(C(=O)O)ccc21 → UCB = 0.8332 (beta=0.4)
f1 shape: (1,)
2025-09-30 00:29:30,745 - INFO -   True f = 0.6325
2025-09-30 00:29:30,805 - INFO - Iter time: 61.09s
2025-09-30 00:29:30,805 - INFO - 
--- Trial 1, Beta=0.4, Iter 96 (train size=106) ---
2025-09-30 00:30:33,726 - INFO - Selected Cn1c(=O)c2c(nc(N3CCCC(N)C3)n2Cc2ccccc2Cl)c2c(C(=O)O)cccc21 → UCB = 0.8265 (beta=0.4)
f1 shape: (1,)
2025-09-30 00:30:33,730 - INFO -   True f = 0.6386
2025-09-30 00:30:33,791 - INFO - Iter time: 62.99s
2025-09-30 00:30:33,791 - INFO - 
--- Trial 1, Beta=0.4, Iter 97 (train size=107) ---
2025-09-30 00:31:34,945 - INFO - Selected COC(=O)c1ccc2c3nc(N4CCCC(N)C4)n(Cc4ccccc4Cl)c3c(=O)n(C)c2c1 → UCB = 0.842 (beta=0.4)
f1 shape: (1,)
2025-09-30 00:31:34,949 - INFO -   True f = 0.632
2025-09-30 00:31:35,012 - INFO - Iter time: 61.22s
2025-09-30 00:31:35,013 - INFO - 
--- Trial 1, Beta=0.4, Iter 98 (train size=108) ---
2025-09-30 00:32:40,622 - INFO - Selected Cn1c(=O)c2c(nc(N3CCCC(N)C3)n2Cc2ccccc2F)c2cc(C(=O)O)ccc21 → UCB = 0.8385 (beta=0.4)
f1 shape: (1,)
2025-09-30 00:32:40,626 - INFO -   True f = 0.6477
2025-09-30 00:32:40,691 - INFO - Iter time: 65.68s
2025-09-30 00:32:40,691 - INFO - 
--- Trial 1, Beta=0.4, Iter 99 (train size=109) ---
2025-09-30 00:33:43,418 - INFO - Selected Cn1c(=O)n(Cc2ccccc2C#N)c2c(N3CCCC(N)C3)cc(C(=O)O)nc21 → UCB = 0.8373 (beta=0.4)
f1 shape: (1,)
2025-09-30 00:33:43,422 - INFO -   True f = 0.6073
2025-09-30 00:33:43,490 - INFO - Iter time: 62.80s
2025-09-30 00:33:43,490 - INFO - 
--- Trial 1, Beta=0.4, Iter 100 (train size=110) ---
2025-09-30 00:34:48,279 - INFO - Selected Cn1c(=O)c2c(nc(N3CCCC(N)C3)n2Cc2ccccc2Cl)c2ccc(CC(=O)O)cc21 → UCB = 0.835 (beta=0.4)
f1 shape: (1,)
2025-09-30 00:34:48,283 - INFO -   True f = 0.6451
2025-09-30 00:34:48,353 - INFO - Iter time: 64.86s
2025-09-30 00:34:48,353 - INFO - 
--- Trial 1, Beta=0.4, Iter 101 (train size=111) ---
2025-09-30 00:35:54,223 - INFO - Selected NC1CCN(c2nc3c(cc2F)c(=O)c(C(=O)O)cn3-c2nccs2)C1 → UCB = 0.8233 (beta=0.4)
f1 shape: (1,)
2025-09-30 00:35:54,227 - INFO -   True f = 0.5713
2025-09-30 00:35:54,296 - INFO - Iter time: 65.94s
2025-09-30 00:35:54,296 - INFO - 
--- Trial 1, Beta=0.4, Iter 102 (train size=112) ---
2025-09-30 00:37:03,089 - INFO - Selected CCN(CC)C(=O)C1CCCN(c2cc3c(cc2[N+](=O)[O-])c(=O)c(C(=O)O)c2sc4ccccc4n23)C1 → UCB = 0.823 (beta=0.4)
f1 shape: (1,)
2025-09-30 00:37:03,094 - INFO -   True f = 0.6201
2025-09-30 00:37:03,164 - INFO - Iter time: 68.87s
2025-09-30 00:37:03,164 - INFO - 
--- Trial 1, Beta=0.4, Iter 103 (train size=113) ---
2025-09-30 00:38:08,910 - INFO - Selected Cn1cc(C(=O)O)c(=O)c2cc(N)c(N3CCN(c4cnc5ccccc5n4)CC3)cc21 → UCB = 0.8276 (beta=0.4)
f1 shape: (1,)
2025-09-30 00:38:08,913 - INFO -   True f = 0.647
2025-09-30 00:38:08,982 - INFO - Iter time: 65.82s
2025-09-30 00:38:08,982 - INFO - 
--- Trial 1, Beta=0.4, Iter 104 (train size=114) ---
2025-09-30 00:39:18,479 - INFO - Selected CC(C)(C)n1cc(C(=O)O)c(=O)c2cc(N)c(N3CCN(c4nc5ccccc5s4)CC3)cc21 → UCB = 0.8451 (beta=0.4)
f1 shape: (1,)
2025-09-30 00:39:18,483 - INFO -   True f = 0.6439
2025-09-30 00:39:18,556 - INFO - Iter time: 69.57s
2025-09-30 00:39:18,556 - INFO - 
--- Trial 1, Beta=0.4, Iter 105 (train size=115) ---
2025-09-30 00:40:27,608 - INFO - Selected CCc1[nH]c2nc(Sc3ccc4[nH]cc(C(=O)O)c(=O)c4c3)nc(N3CCC(N)C3)c2c1Cl → UCB = 0.8286 (beta=0.4)
f1 shape: (1,)
2025-09-30 00:40:27,612 - INFO -   True f = 0.5624
2025-09-30 00:40:27,685 - INFO - Iter time: 69.13s
2025-09-30 00:40:27,685 - INFO - 
--- Trial 1, Beta=0.4, Iter 106 (train size=116) ---
2025-09-30 00:41:39,085 - INFO - Selected CC(C)(CF)n1cc(C(=O)O)c(=O)c2cc(F)c(N3CCC(N)C3)nc21 → UCB = 0.8323 (beta=0.4)
f1 shape: (1,)
2025-09-30 00:41:39,089 - INFO -   True f = 0.5692
2025-09-30 00:41:39,167 - INFO - Iter time: 71.48s
2025-09-30 00:41:39,167 - INFO - 
--- Trial 1, Beta=0.4, Iter 107 (train size=117) ---
2025-09-30 00:42:47,928 - INFO - Selected COc1c(N2CCC(CN)C2)c(F)cc2c(=O)c(C(=O)O)cn(-c3ccc(O)cc3)c12 → UCB = 0.8279 (beta=0.4)
f1 shape: (1,)
2025-09-30 00:42:47,930 - INFO -   True f = 0.6363
2025-09-30 00:42:48,003 - INFO - Iter time: 68.84s
2025-09-30 00:42:48,003 - INFO - 
--- Trial 1, Beta=0.4, Iter 108 (train size=118) ---
2025-09-30 00:43:56,897 - INFO - Selected CC#CCn1c(N2CCCC(N)C2)c(C#N)c2ncn(CC(=O)c3cccc(OC)c3)c(=O)c21 → UCB = 0.8285 (beta=0.4)
f1 shape: (1,)
2025-09-30 00:43:56,901 - INFO -   True f = 0.5701
2025-09-30 00:43:56,984 - INFO - Iter time: 68.98s
2025-09-30 00:43:56,984 - INFO - 
--- Trial 1, Beta=0.4, Iter 109 (train size=119) ---
2025-09-30 00:45:08,037 - INFO - Selected COc1cccc(C(=O)Cn2c(=O)c3c(nc(N4CCCC(N)C4)n3CC=C(C)C)n(C)c2=O)c1OC → UCB = 0.8319 (beta=0.4)
f1 shape: (1,)
2025-09-30 00:45:08,041 - INFO -   True f = 0.5532
2025-09-30 00:45:08,121 - INFO - Iter time: 71.14s
2025-09-30 00:45:08,121 - INFO - 
--- Trial 1, Beta=0.4, Iter 110 (train size=120) ---
2025-09-30 00:46:20,385 - INFO - Selected CN1CCC2CN(c3nc4c(cc3F)c(=O)c(C(=O)O)cn4-c3ccc(O)cc3)CC21 → UCB = 0.8259 (beta=0.4)
f1 shape: (1,)
2025-09-30 00:46:20,388 - INFO -   True f = 0.6311
2025-09-30 00:46:20,466 - INFO - Iter time: 72.34s
2025-09-30 00:46:20,466 - INFO - 
--- Trial 1, Beta=0.4, Iter 111 (train size=121) ---
2025-09-30 00:47:34,593 - INFO - Selected O=C(O)c1cn(-c2ccc(F)cc2)c2nc(N3CCC(O)C3)c(F)cc2c1=O → UCB = 0.8293 (beta=0.4)
f1 shape: (1,)
2025-09-30 00:47:34,596 - INFO -   True f = 0.6211
2025-09-30 00:47:34,676 - INFO - Iter time: 74.21s
2025-09-30 00:47:34,676 - INFO - 
--- Trial 1, Beta=0.4, Iter 112 (train size=122) ---
2025-09-30 00:48:46,988 - INFO - Selected Nc1c(F)ccc(-n2cc(C(=O)O)c(=O)c3cc(F)c(N4CCC(N)C4)nc32)c1F → UCB = 0.8337 (beta=0.4)
f1 shape: (1,)
2025-09-30 00:48:46,992 - INFO -   True f = 0.5701
2025-09-30 00:48:47,077 - INFO - Iter time: 72.40s
2025-09-30 00:48:47,077 - INFO - 
--- Trial 1, Beta=0.4, Iter 113 (train size=123) ---
2025-09-30 00:50:03,332 - INFO - Selected CC1CNCCN1c1nc2c(cc1F)c(=O)c(C(=O)O)cn2-c1ccc(O)cc1 → UCB = 0.8294 (beta=0.4)
f1 shape: (1,)
2025-09-30 00:50:03,336 - INFO -   True f = 0.615
2025-09-30 00:50:03,419 - INFO - Iter time: 76.34s
2025-09-30 00:50:03,419 - INFO - 
--- Trial 1, Beta=0.4, Iter 114 (train size=124) ---
2025-09-30 00:51:16,655 - INFO - Selected CN1CCN(c2cc3c(cc2N)c(=O)c(C(=O)O)cn3-c2ccc(F)cc2)CC1 → UCB = 0.8302 (beta=0.4)
f1 shape: (1,)
2025-09-30 00:51:16,658 - INFO -   True f = 0.6522
2025-09-30 00:51:16,741 - INFO - Iter time: 73.32s
2025-09-30 00:51:16,741 - INFO - 
--- Trial 1, Beta=0.4, Iter 115 (train size=125) ---
2025-09-30 00:52:34,174 - INFO - Selected O=C(O)c1cn(-c2ccc(F)cc2)c2cc(N3CCC(n4c(=O)[nH]c5cc(Cl)ccc54)CC3)c([N+](=O)[O-])cc2c1=O → UCB = 0.8435 (beta=0.4)
f1 shape: (1,)
2025-09-30 00:52:34,179 - INFO -   True f = 0.5787
2025-09-30 00:52:34,265 - INFO - Iter time: 77.52s
2025-09-30 00:52:34,266 - INFO - 
--- Trial 1, Beta=0.4, Iter 116 (train size=126) ---
2025-09-30 00:53:49,667 - INFO - Selected CC1Cn2cc(C(=O)O)c(=O)c3cc(F)c(N4CCN(c5ccc(F)cc5)CC4)c(c32)S1 → UCB = 0.8409 (beta=0.4)
f1 shape: (1,)
2025-09-30 00:53:49,670 - INFO -   True f = 0.2368
2025-09-30 00:53:49,758 - INFO - Iter time: 75.49s
2025-09-30 00:53:49,758 - INFO - 
--- Trial 1, Beta=0.4, Iter 117 (train size=127) ---
2025-09-30 00:55:08,775 - INFO - Selected Cc1cn(C2CCCN(Cc3ccc(C(=O)O)c(Oc4cccc(Cl)c4)c3F)C2)c(=O)[nH]c1=O → UCB = 0.8302 (beta=0.4)
f1 shape: (1,)
2025-09-30 00:55:08,779 - INFO -   True f = 0.6571
2025-09-30 00:55:08,869 - INFO - Iter time: 79.11s
2025-09-30 00:55:08,869 - INFO - 
--- Trial 1, Beta=0.4, Iter 118 (train size=128) ---
2025-09-30 00:56:27,722 - INFO - Selected CCC(C)(CC)CC(c1ccc(C(=O)O)c(Oc2cccc(Br)c2)c1)N1CCCC(n2cc(C)c(=O)[nH]c2=O)C1 → UCB = 0.8446 (beta=0.4)
f1 shape: (1,)
2025-09-30 00:56:27,726 - INFO -   True f = 0.2026
2025-09-30 00:56:27,820 - INFO - Iter time: 78.95s
2025-09-30 00:56:27,820 - INFO - 
--- Trial 1, Beta=0.4, Iter 119 (train size=129) ---
2025-09-30 00:57:49,372 - INFO - Selected O=C(O)c1cn(-c2ccc([N+](=O)[O-])cc2)c2cc(N3CCCC3)c(F)cc2c1=O → UCB = 0.8251 (beta=0.4)
f1 shape: (1,)
2025-09-30 00:57:49,376 - INFO -   True f = 0.6536
2025-09-30 00:57:49,469 - INFO - Iter time: 81.65s
2025-09-30 00:57:49,469 - INFO - 
--- Trial 1, Beta=0.4, Iter 120 (train size=130) ---
2025-09-30 00:59:08,795 - INFO - Selected O=C(O)Cn1c(=O)c(=O)[nH]c2cc([N+](=O)[O-])c(-n3ccc(C(=O)O)c3)cc21 → UCB = 0.8245 (beta=0.4)
f1 shape: (1,)
2025-09-30 00:59:08,798 - INFO -   True f = 0.532
2025-09-30 00:59:08,896 - INFO - Iter time: 79.43s
2025-09-30 00:59:08,896 - INFO - 
--- Trial 1, Beta=0.4, Iter 121 (train size=131) ---
2025-09-30 01:00:29,008 - INFO - Selected CCn1cc(C(=O)O)c(=O)c2c(N)nc(N3CCNCC3)nc21 → UCB = 0.8235 (beta=0.4)
f1 shape: (1,)
2025-09-30 01:00:29,011 - INFO -   True f = 0.519
2025-09-30 01:00:29,106 - INFO - Iter time: 80.21s
2025-09-30 01:00:29,106 - INFO - 
--- Trial 1, Beta=0.4, Iter 122 (train size=132) ---
2025-09-30 01:01:53,680 - INFO - Selected NC1CCN(c2nc3c(cc2F)c(=O)c(C(=O)O)cn3-c2ncc(Cl)s2)C1 → UCB = 0.8223 (beta=0.4)
f1 shape: (1,)
2025-09-30 01:01:53,683 - INFO -   True f = 0.5537
2025-09-30 01:01:53,781 - INFO - Iter time: 84.67s
2025-09-30 01:01:53,781 - INFO - 
--- Trial 1, Beta=0.4, Iter 123 (train size=133) ---
2025-09-30 01:03:13,048 - INFO - Selected CC#CCn1c(N2CCCC(N)C2)cc(=O)n(Cc2ccc3cc(OC)ccc3n2)c1=O → UCB = 0.8224 (beta=0.4)
f1 shape: (1,)
2025-09-30 01:03:13,051 - INFO -   True f = 0.6052
2025-09-30 01:03:13,149 - INFO - Iter time: 79.37s
2025-09-30 01:03:13,149 - INFO - 
--- Trial 1, Beta=0.4, Iter 124 (train size=134) ---
2025-09-30 01:04:37,880 - INFO - Selected CC#CCn1c(N2CCCC(N)C2)nc2c1c(=O)n(CC(=O)c1cccc3c1OCCO3)c(=O)n2C → UCB = 0.8325 (beta=0.4)
f1 shape: (1,)
2025-09-30 01:04:37,884 - INFO -   True f = 0.5358
2025-09-30 01:04:38,021 - INFO - Iter time: 84.87s
2025-09-30 01:04:38,021 - INFO - 
--- Trial 1, Beta=0.4, Iter 125 (train size=135) ---
2025-09-30 01:06:03,519 - INFO - Selected CC(C)=CCn1c(N2CCCC(N)C2)nc2c1c(=O)n(Cc1cc3ccccc3cn1)c(=O)n2C → UCB = 0.8263 (beta=0.4)
f1 shape: (1,)
2025-09-30 01:06:03,522 - INFO -   True f = 0.5945
2025-09-30 01:06:03,623 - INFO - Iter time: 85.60s
2025-09-30 01:06:03,623 - INFO - 
--- Trial 1, Beta=0.4, Iter 126 (train size=136) ---
2025-09-30 01:07:27,466 - INFO - Selected Cn1c2nccc-2c(N2CCCC(N)C2)n(Cc2cccc(F)c2)c1=O → UCB = 0.8281 (beta=0.4)
f1 shape: (1,)
2025-09-30 01:07:27,468 - INFO -   True f = 0.2991
2025-09-30 01:07:27,572 - INFO - Iter time: 83.95s
2025-09-30 01:07:27,572 - INFO - 
--- Trial 1, Beta=0.4, Iter 127 (train size=137) ---
2025-09-30 01:08:51,888 - INFO - Selected COc1cc2nc(N3CCC(Nc4ccc(C(=O)O)cn4)CC3)nc(N)c2cc1OC → UCB = 0.8243 (beta=0.4)
f1 shape: (1,)
2025-09-30 01:08:51,892 - INFO -   True f = 0.6191
2025-09-30 01:08:51,999 - INFO - Iter time: 84.43s
2025-09-30 01:08:51,999 - INFO - 
--- Trial 1, Beta=0.4, Iter 128 (train size=138) ---
2025-09-30 01:10:15,760 - INFO - Selected COc1ccc(OC)c(C(=O)NC(CC(N)=O)c2ccc(N3CCC(N4CCCC4)CC3)c([N+](=O)[O-])c2)c1 → UCB = 0.8281 (beta=0.4)
f1 shape: (1,)
2025-09-30 01:10:15,763 - INFO -   True f = 0.6634
2025-09-30 01:10:15,871 - INFO - Iter time: 83.87s
2025-09-30 01:10:15,871 - INFO - 
--- Trial 1, Beta=0.4, Iter 129 (train size=139) ---
2025-09-30 01:11:42,609 - INFO - Selected O=C(O)c1ccccc1C(=O)c1ccc(N2CCCC2)c([N+](=O)[O-])c1 → UCB = 0.8425 (beta=0.4)
f1 shape: (1,)
2025-09-30 01:11:42,611 - INFO -   True f = 0.6733
2025-09-30 01:11:42,720 - INFO - Iter time: 86.85s
2025-09-30 01:11:42,720 - INFO - 
--- Trial 1, Beta=0.4, Iter 130 (train size=140) ---
2025-09-30 01:13:10,932 - INFO - Selected COc1ccc(OC)c(C(=O)NC(CC(N)=O)c2ccc(NCCN3CCCCC3)c([N+](=O)[O-])c2)c1 → UCB = 0.8455 (beta=0.4)
f1 shape: (1,)
2025-09-30 01:13:10,934 - INFO -   True f = 0.6486
2025-09-30 01:13:11,044 - INFO - Iter time: 88.32s
2025-09-30 01:13:11,044 - INFO - 
--- Trial 1, Beta=0.4, Iter 131 (train size=141) ---
2025-09-30 01:14:40,017 - INFO - Selected COC(=O)CCN(C(=O)c1ccc(N2CCCCC2)c([N+](=O)[O-])c1)c1ccccn1 → UCB = 0.8487 (beta=0.4)
f1 shape: (1,)
2025-09-30 01:14:40,019 - INFO -   True f = 0.6534
2025-09-30 01:14:40,132 - INFO - Iter time: 89.09s
2025-09-30 01:14:40,132 - INFO - 
--- Trial 1, Beta=0.4, Iter 132 (train size=142) ---
2025-09-30 01:16:06,866 - INFO - Selected O=C(NCc1ccccn1)c1ccc(N2CCCC2)c([N+](=O)[O-])c1 → UCB = 0.8522 (beta=0.4)
f1 shape: (1,)
2025-09-30 01:16:06,869 - INFO -   True f = 0.5953
2025-09-30 01:16:06,982 - INFO - Iter time: 86.85s
2025-09-30 01:16:06,982 - INFO - 
--- Trial 1, Beta=0.4, Iter 133 (train size=143) ---
2025-09-30 01:17:36,969 - INFO - Selected COc1cccc(NC(=O)CN(C)C(=O)c2ccc(N3CCOCC3)c([N+](=O)[O-])c2)c1 → UCB = 0.853 (beta=0.4)
f1 shape: (1,)
2025-09-30 01:17:36,972 - INFO -   True f = 0.6171
2025-09-30 01:17:37,087 - INFO - Iter time: 90.11s
2025-09-30 01:17:37,087 - INFO - 
--- Trial 1, Beta=0.4, Iter 134 (train size=144) ---
2025-09-30 01:19:08,809 - INFO - Selected O=C(OCn1nnc2ccccc2c1=O)c1ccc(N2CCOCC2)c([N+](=O)[O-])c1 → UCB = 0.8608 (beta=0.4)
f1 shape: (1,)
2025-09-30 01:19:08,811 - INFO -   True f = 0.5683
2025-09-30 01:19:08,928 - INFO - Iter time: 91.84s
2025-09-30 01:19:08,928 - INFO - 
--- Trial 1, Beta=0.4, Iter 135 (train size=145) ---
2025-09-30 01:20:43,550 - INFO - Selected NC(=O)CC(NC(=O)c1ccc(Br)cc1)c1ccc(N2CCCCCC2)c([N+](=O)[O-])c1 → UCB = 0.8559 (beta=0.4)
f1 shape: (1,)
2025-09-30 01:20:43,553 - INFO -   True f = 0.6474
2025-09-30 01:20:43,671 - INFO - Iter time: 94.74s
2025-09-30 01:20:43,671 - INFO - 
--- Trial 1, Beta=0.4, Iter 136 (train size=146) ---
2025-09-30 01:22:14,571 - INFO - Selected NC(=O)CC(NC(=O)Cc1cccc2ccccc12)c1ccc(N2CCCCCCC2)c([N+](=O)[O-])c1 → UCB = 0.8629 (beta=0.4)
f1 shape: (1,)
2025-09-30 01:22:14,574 - INFO -   True f = 0.6083
2025-09-30 01:22:14,695 - INFO - Iter time: 91.02s
2025-09-30 01:22:14,695 - INFO - 
--- Trial 1, Beta=0.4, Iter 137 (train size=147) ---
2025-09-30 01:23:46,178 - INFO - Selected NC(=O)CC(NC(=O)c1ccccc1)c1ccc(N2CCC(N3CCCC3)CC2)c([N+](=O)[O-])c1 → UCB = 0.8571 (beta=0.4)
f1 shape: (1,)
2025-09-30 01:23:46,181 - INFO -   True f = 0.6853
2025-09-30 01:23:46,304 - INFO - Iter time: 91.61s
2025-09-30 01:23:46,304 - INFO - 
--- Trial 1, Beta=0.4, Iter 138 (train size=148) ---
2025-09-30 01:25:17,870 - INFO - Selected CCOC(=O)C1CCN(c2ncc(NS(=O)(=O)c3ccccc3)cc2C(=O)O)CC1 → UCB = 0.8601 (beta=0.4)
f1 shape: (1,)
2025-09-30 01:25:17,873 - INFO -   True f = 0.6189
2025-09-30 01:25:17,996 - INFO - Iter time: 91.69s
2025-09-30 01:25:17,996 - INFO - 
--- Trial 1, Beta=0.4, Iter 139 (train size=149) ---
2025-09-30 01:26:55,053 - INFO - Selected NC(=O)c1ccc(N2CCC(C(N)=O)CC2)c([N+](=O)[O-])c1 → UCB = 0.8642 (beta=0.4)
f1 shape: (1,)
2025-09-30 01:26:55,055 - INFO -   True f = 0.5641
2025-09-30 01:26:55,180 - INFO - Iter time: 97.18s
2025-09-30 01:26:55,181 - INFO - 
--- Trial 1, Beta=0.4, Iter 140 (train size=150) ---
2025-09-30 01:28:28,388 - INFO - Selected CCOC(=O)C1CCN(c2ncnc(Oc3ccc(C(=O)CC(=O)OC)cc3)c2[N+](=O)[O-])CC1 → UCB = 0.8611 (beta=0.4)
f1 shape: (1,)
2025-09-30 01:28:28,391 - INFO -   True f = 0.624
2025-09-30 01:28:28,515 - INFO - Iter time: 93.33s
2025-09-30 01:28:28,516 - INFO - 
--- Trial 1, Beta=0.4, Iter 141 (train size=151) ---
2025-09-30 01:30:05,025 - INFO - Selected CC(=O)NCC1CN(c2ccc(N3CCN(C(=O)Cn4cnc([N+](=O)[O-])c4)CC3)c(F)c2)C(=O)O1 → UCB = 0.8637 (beta=0.4)
f1 shape: (1,)
2025-09-30 01:30:05,028 - INFO -   True f = 0.5998
2025-09-30 01:30:05,158 - INFO - Iter time: 96.64s
2025-09-30 01:30:05,158 - INFO - 
--- Trial 1, Beta=0.4, Iter 142 (train size=152) ---
2025-09-30 01:31:40,071 - INFO - Selected O=C(COC(=O)c1cnc(O)nc1O)Nc1cccc(S(=O)(=O)N2CCCCC2)c1 → UCB = 0.8642 (beta=0.4)
f1 shape: (1,)
2025-09-30 01:31:40,074 - INFO -   True f = 0.5809
2025-09-30 01:31:40,205 - INFO - Iter time: 95.05s
2025-09-30 01:31:40,205 - INFO - 
--- Trial 1, Beta=0.4, Iter 143 (train size=153) ---
2025-09-30 01:33:17,042 - INFO - Selected O=C(O)CNC(=O)c1ncc(-c2cccc(C(=O)N3CCCC3)c2)cc1O → UCB = 0.8682 (beta=0.4)
f1 shape: (1,)
2025-09-30 01:33:17,045 - INFO -   True f = 0.6533
2025-09-30 01:33:17,175 - INFO - Iter time: 96.97s
2025-09-30 01:33:17,175 - INFO - 
--- Trial 1, Beta=0.4, Iter 144 (train size=154) ---
2025-09-30 01:34:53,246 - INFO - Selected CCOC(=O)c1cccc(NC(=O)NC(=O)N2CCN(C(=O)CN3C(=O)C(=O)c4cc([N+](=O)[O-])ccc43)CC2)c1 → UCB = 0.8721 (beta=0.4)
f1 shape: (1,)
2025-09-30 01:34:53,249 - INFO -   True f = 0.6208
2025-09-30 01:34:53,382 - INFO - Iter time: 96.21s
2025-09-30 01:34:53,382 - INFO - 
--- Trial 1, Beta=0.4, Iter 145 (train size=155) ---
2025-09-30 01:36:29,195 - INFO - Selected NC(=O)c1ccc(SCC(=O)OCC(=O)N2CCN(C(=O)c3ccco3)CC2)c([N+](=O)[O-])c1 → UCB = 0.8775 (beta=0.4)
f1 shape: (1,)
2025-09-30 01:36:29,198 - INFO -   True f = 0.604
2025-09-30 01:36:29,332 - INFO - Iter time: 95.95s
2025-09-30 01:36:29,332 - INFO - 
--- Trial 1, Beta=0.4, Iter 146 (train size=156) ---
2025-09-30 01:38:05,933 - INFO - Selected O=C(OCC(=O)N1CCCCC1)c1ccc2c(c1)C(=O)N(Cc1ccco1)C2=O → UCB = 0.8773 (beta=0.4)
f1 shape: (1,)
2025-09-30 01:38:05,936 - INFO -   True f = 0.6182
2025-09-30 01:38:06,073 - INFO - Iter time: 96.74s
2025-09-30 01:38:06,073 - INFO - 
--- Trial 1, Beta=0.4, Iter 147 (train size=157) ---
2025-09-30 01:39:46,731 - INFO - Selected CCOC(=O)N1CCN(C(=O)C(CCC(=O)O)NC(=O)c2cc(CN3CCCCC3)nc(-c3ccccc3)n2)CC1 → UCB = 0.8799 (beta=0.4)
f1 shape: (1,)
2025-09-30 01:39:46,734 - INFO -   True f = 0.6425
2025-09-30 01:39:46,875 - INFO - Iter time: 100.80s
2025-09-30 01:39:46,875 - INFO - 
--- Trial 1, Beta=0.4, Iter 148 (train size=158) ---
2025-09-30 01:41:26,373 - INFO - Selected O=C(O)c1ccc(S(=O)(=O)N2CCN(C(=O)Cn3c(=O)oc4ccc(Cl)cc43)C(CN3CCCC3)C2)cc1O → UCB = 0.8845 (beta=0.4)
f1 shape: (1,)
2025-09-30 01:41:26,377 - INFO -   True f = 0.6588
2025-09-30 01:41:26,520 - INFO - Iter time: 99.64s
2025-09-30 01:41:26,520 - INFO - 
--- Trial 1, Beta=0.4, Iter 149 (train size=159) ---
2025-09-30 01:43:08,883 - INFO - Selected COCCNC(=O)c1c(O)c2ncc(Cc3ccc(F)cc3)cc2n(CC(=O)N2CCCCC2)c1=O → UCB = 0.8872 (beta=0.4)
f1 shape: (1,)
2025-09-30 01:43:08,886 - INFO -   True f = 0.6166
2025-09-30 01:43:09,031 - INFO - Iter time: 102.51s
2025-09-30 01:43:09,031 - INFO - 
--- Trial 1, Beta=0.4, Iter 150 (train size=160) ---
2025-09-30 01:44:53,986 - INFO - Selected O=C(O)c1nn(CC(=O)N2CCCCCC2)c(=O)c2ccccc12 → UCB = 0.892 (beta=0.4)
f1 shape: (1,)
2025-09-30 01:44:53,988 - INFO -   True f = 0.6633
2025-09-30 01:44:54,132 - INFO - Iter time: 105.10s
2025-09-30 01:44:54,132 - INFO - 
--- Trial 1, Beta=0.4, Iter 151 (train size=161) ---
2025-09-30 01:46:36,940 - INFO - Selected COc1cccc(NC(=O)C(=O)c2cn(CC(=O)N3CCCC3)c3ccccc23)c1 → UCB = 0.8995 (beta=0.4)
f1 shape: (1,)
2025-09-30 01:46:36,943 - INFO -   True f = 0.5534
2025-09-30 01:46:37,092 - INFO - Iter time: 102.96s
2025-09-30 01:46:37,092 - INFO - 
--- Trial 1, Beta=0.4, Iter 152 (train size=162) ---
2025-09-30 01:48:19,631 - INFO - Selected NC(=O)c1cnc(-c2ccccc2)nc1CCNC(=O)CN1CCCC1 → UCB = 0.8942 (beta=0.4)
f1 shape: (1,)
2025-09-30 01:48:19,633 - INFO -   True f = 0.602
2025-09-30 01:48:19,783 - INFO - Iter time: 102.69s
2025-09-30 01:48:19,783 - INFO - 
--- Trial 1, Beta=0.4, Iter 153 (train size=163) ---
2025-09-30 01:50:06,780 - INFO - Selected O=C(O)Cn1cc(C=C2SC(=O)N(CC(=O)N3CCCCCC3)C2=O)c2ccccc21 → UCB = 0.8947 (beta=0.4)
f1 shape: (1,)
2025-09-30 01:50:06,783 - INFO -   True f = 0.644
2025-09-30 01:50:06,936 - INFO - Iter time: 107.15s
2025-09-30 01:50:06,936 - INFO - 
--- Trial 1, Beta=0.4, Iter 154 (train size=164) ---
2025-09-30 01:51:49,989 - INFO - Selected O=C(O)c1ccc2c(c1)c(C1CCCCC1)c(-c1ccccc1)n2CC(=O)N1CCS(=O)(=O)CC1 → UCB = 0.8982 (beta=0.4)
f1 shape: (1,)
2025-09-30 01:51:49,992 - INFO -   True f = 0.7112
2025-09-30 01:51:50,146 - INFO - Iter time: 103.21s
2025-09-30 01:51:50,146 - INFO - 
--- Trial 1, Beta=0.4, Iter 155 (train size=165) ---
2025-09-30 01:53:36,645 - INFO - Selected O=C(CN1C(=O)C(=NNC(=O)c2cc([N+](=O)[O-])ccc2O)c2ccccc21)NC1CCCCC1 → UCB = 0.903 (beta=0.4)
f1 shape: (1,)
2025-09-30 01:53:36,648 - INFO -   True f = 0.628
2025-09-30 01:53:36,803 - INFO - Iter time: 106.66s
2025-09-30 01:53:36,803 - INFO - 
--- Trial 1, Beta=0.4, Iter 156 (train size=166) ---
2025-09-30 01:55:21,890 - INFO - Selected CC(C)N1CCN(C(=O)Cn2c(-c3ccoc3)c(C3CCCCC3)c3ccc(C(=O)O)cc32)CC1 → UCB = 0.9032 (beta=0.4)
f1 shape: (1,)
2025-09-30 01:55:21,893 - INFO -   True f = 0.4573
2025-09-30 01:55:22,051 - INFO - Iter time: 105.25s
2025-09-30 01:55:22,051 - INFO - 
--- Trial 1, Beta=0.4, Iter 157 (train size=167) ---
2025-09-30 01:57:07,977 - INFO - Selected COc1cc(C(=O)O)cc(-c2nc3nc(N4CCCC(C(=O)N5CCCC5)C4)ccc3[nH]2)n1 → UCB = 0.8915 (beta=0.4)
f1 shape: (1,)
2025-09-30 01:57:07,980 - INFO -   True f = 0.6146
2025-09-30 01:57:08,142 - INFO - Iter time: 106.09s
2025-09-30 01:57:08,142 - INFO - 
--- Trial 1, Beta=0.4, Iter 158 (train size=168) ---
2025-09-30 01:58:53,470 - INFO - Selected COc1ccc(C(=O)Nc2cccc(C(=O)O)c2)cc1S(=O)(=O)N1CCCC1 → UCB = 0.8935 (beta=0.4)
f1 shape: (1,)
2025-09-30 01:58:53,473 - INFO -   True f = 0.6347
2025-09-30 01:58:53,635 - INFO - Iter time: 105.49s
2025-09-30 01:58:53,635 - INFO - 
--- Trial 1, Beta=0.4, Iter 159 (train size=169) ---
2025-09-30 02:00:46,283 - INFO - Selected Cn1c(N)c(C(=O)COC(=O)c2ccc(Cl)c(S(=O)(=O)N3CCCCC3)c2)c(=O)n(C)c1=O → UCB = 0.8969 (beta=0.4)
f1 shape: (1,)
2025-09-30 02:00:46,285 - INFO -   True f = 0.5382
2025-09-30 02:00:46,449 - INFO - Iter time: 112.81s
2025-09-30 02:00:46,449 - INFO - 
--- Trial 1, Beta=0.4, Iter 160 (train size=170) ---
2025-09-30 02:02:37,783 - INFO - Selected COc1ccc(-c2cc3c(=O)n(CC(=O)N4CCCC4)ncn3n2)cc1 → UCB = 0.8935 (beta=0.4)
f1 shape: (1,)
2025-09-30 02:02:37,785 - INFO -   True f = 0.5276
2025-09-30 02:02:37,951 - INFO - Iter time: 111.50s
2025-09-30 02:02:37,951 - INFO - 
--- Trial 1, Beta=0.4, Iter 161 (train size=171) ---
2025-09-30 02:04:30,601 - INFO - Selected O=C(O)c1cc(NC(=O)c2ccc3c(c2)C(=O)N(CC2CCCO2)C3=O)cc(C(=O)O)c1 → UCB = 0.8925 (beta=0.4)
f1 shape: (1,)
2025-09-30 02:04:30,604 - INFO -   True f = 0.6105
2025-09-30 02:04:30,771 - INFO - Iter time: 112.82s
2025-09-30 02:04:30,771 - INFO - 
--- Trial 1, Beta=0.4, Iter 162 (train size=172) ---
2025-09-30 02:06:22,198 - INFO - Selected CC(C)(C)C(=O)CN1C(=O)N(CC(=O)Nc2cccc(C(=O)O)c2)N=C(C2CCCCCC2)c2ccccc21 → UCB = 0.895 (beta=0.4)
f1 shape: (1,)
2025-09-30 02:06:22,201 - INFO -   True f = 0.4559
2025-09-30 02:06:22,371 - INFO - Iter time: 111.60s
2025-09-30 02:06:22,371 - INFO - 
--- Trial 1, Beta=0.4, Iter 163 (train size=173) ---
2025-09-30 02:08:16,401 - INFO - Selected Cn1c(=O)c(C(=O)NCCC(=O)N2CCCCC2)c(O)c2ccccc21 → UCB = 0.8891 (beta=0.4)
f1 shape: (1,)
2025-09-30 02:08:16,403 - INFO -   True f = 0.6259
2025-09-30 02:08:16,573 - INFO - Iter time: 114.20s
2025-09-30 02:08:16,573 - INFO - 
--- Trial 1, Beta=0.4, Iter 164 (train size=174) ---
2025-09-30 02:10:07,086 - INFO - Selected CC(=O)NCCn1c(NC(=O)c2cccc(C#N)c2)nc2cc(C(=O)N3CCCCC3)cnc21 → UCB = 0.8849 (beta=0.4)
f1 shape: (1,)
2025-09-30 02:10:07,088 - INFO -   True f = 0.5719
2025-09-30 02:10:07,261 - INFO - Iter time: 110.69s
2025-09-30 02:10:07,261 - INFO - 
--- Trial 1, Beta=0.4, Iter 165 (train size=175) ---
2025-09-30 02:11:56,989 - INFO - Selected Cc1cccc(C(=O)Nc2ccc(N3CCC(N4CCCCC4)CC3)c(C(=O)O)c2)c1 → UCB = 0.8848 (beta=0.4)
f1 shape: (1,)
2025-09-30 02:11:56,992 - INFO -   True f = 0.4312
2025-09-30 02:11:57,185 - INFO - Iter time: 109.92s
2025-09-30 02:11:57,185 - INFO - 
--- Trial 1, Beta=0.4, Iter 166 (train size=176) ---
2025-09-30 02:13:51,676 - INFO - Selected CCOC(=O)C1CCCN(C(=O)Cn2ncc3c4ccccc4n(C)c3c2=O)C1 → UCB = 0.8881 (beta=0.4)
f1 shape: (1,)
2025-09-30 02:13:51,679 - INFO -   True f = 0.6191
2025-09-30 02:13:51,856 - INFO - Iter time: 114.67s
2025-09-30 02:13:51,856 - INFO - 
--- Trial 1, Beta=0.4, Iter 167 (train size=177) ---
2025-09-30 02:15:46,097 - INFO - Selected CCOC(=O)C1CCCN(C(=O)c2cccc(N3C(=O)c4ccccc4C3=O)c2)C1 → UCB = 0.8883 (beta=0.4)
f1 shape: (1,)
2025-09-30 02:15:46,100 - INFO -   True f = 0.6229
2025-09-30 02:15:46,280 - INFO - Iter time: 114.42s
2025-09-30 02:15:46,280 - INFO - 
--- Trial 1, Beta=0.4, Iter 168 (train size=178) ---
2025-09-30 02:17:40,917 - INFO - Selected CCOC(=O)N1CCN(C(=O)C(CCC(=O)O)NC(=O)c2cc(OCCN)cc(-c3ccccc3)n2)CC1 → UCB = 0.8891 (beta=0.4)
f1 shape: (1,)
2025-09-30 02:17:40,919 - INFO -   True f = 0.6367
2025-09-30 02:17:41,102 - INFO - Iter time: 114.82s
2025-09-30 02:17:41,102 - INFO - 
--- Trial 1, Beta=0.4, Iter 169 (train size=179) ---
2025-09-30 02:19:36,300 - INFO - Selected CCOC(=O)C1CCCN(C(=O)c2ccc3c(c2)sc2nc(-c4cccc(OC)c4)cn23)C1 → UCB = 0.8901 (beta=0.4)
f1 shape: (1,)
2025-09-30 02:19:36,303 - INFO -   True f = 0.3611
2025-09-30 02:19:36,820 - INFO - Iter time: 115.72s
2025-09-30 02:19:36,821 - INFO - 
--- Trial 1, Beta=0.4, Iter 170 (train size=180) ---
2025-09-30 02:21:36,508 - INFO - Selected COC(=O)COc1ccc(C=C2SC(=O)N(CC(=O)N3CCCC3)C2=O)cc1Br → UCB = 0.8881 (beta=0.4)
f1 shape: (1,)
2025-09-30 02:21:36,510 - INFO -   True f = 0.5914
2025-09-30 02:21:36,696 - INFO - Iter time: 119.88s
2025-09-30 02:21:36,696 - INFO - 
--- Trial 1, Beta=0.4, Iter 171 (train size=181) ---
2025-09-30 02:23:32,164 - INFO - Selected Nc1nn(CC(=O)N2CCCC2)c2nc(-c3ccccc3)cc(C(F)(F)F)c12 → UCB = 0.8886 (beta=0.4)
f1 shape: (1,)
2025-09-30 02:23:32,166 - INFO -   True f = 0.4393
2025-09-30 02:23:32,354 - INFO - Iter time: 115.66s
2025-09-30 02:23:32,354 - INFO - 
--- Trial 1, Beta=0.4, Iter 172 (train size=182) ---
2025-09-30 02:25:30,034 - INFO - Selected CCC1CCCCN1C(=O)COC(=O)CSc1ccc(C(N)=O)cc1[N+](=O)[O-] → UCB = 0.8886 (beta=0.4)
f1 shape: (1,)
2025-09-30 02:25:30,037 - INFO -   True f = 0.5925
2025-09-30 02:25:30,225 - INFO - Iter time: 117.87s
2025-09-30 02:25:30,225 - INFO - 
--- Trial 1, Beta=0.4, Iter 173 (train size=183) ---
2025-09-30 02:27:25,132 - INFO - Selected CCc1cc(=O)oc2cc(OCC(=O)N3CCC(C(N)=O)CC3)ccc12 → UCB = 0.8874 (beta=0.4)
f1 shape: (1,)
2025-09-30 02:27:25,134 - INFO -   True f = 0.6161
2025-09-30 02:27:25,322 - INFO - Iter time: 115.10s
2025-09-30 02:27:25,322 - INFO - 
--- Trial 1, Beta=0.4, Iter 174 (train size=184) ---
2025-09-30 02:29:22,700 - INFO - Selected O=C(NC(CCC(=O)N1CCOCC1)C(=O)O)c1ccc2ccccc2c1 → UCB = 0.888 (beta=0.4)
f1 shape: (1,)
2025-09-30 02:29:22,702 - INFO -   True f = 0.6708
2025-09-30 02:29:22,893 - INFO - Iter time: 117.57s
2025-09-30 02:29:22,893 - INFO - 
--- Trial 1, Beta=0.4, Iter 175 (train size=185) ---
2025-09-30 02:31:21,771 - INFO - Selected COc1ccc(NC(=O)CCC(=O)N2CCOCC2)c([N+](=O)[O-])c1 → UCB = 0.9003 (beta=0.4)
f1 shape: (1,)
2025-09-30 02:31:21,773 - INFO -   True f = 0.6041
2025-09-30 02:31:21,968 - INFO - Iter time: 119.07s
2025-09-30 02:31:21,968 - INFO - 
--- Trial 1, Beta=0.4, Iter 176 (train size=186) ---
2025-09-30 02:33:20,598 - INFO - Selected CCc1cc(=O)oc2cc(C)cc(OCC(=O)N3CCC(C(=O)O)(c4ccccc4)CC3)c12 → UCB = 0.8935 (beta=0.4)
f1 shape: (1,)
2025-09-30 02:33:20,601 - INFO -   True f = 0.6904
2025-09-30 02:33:20,810 - INFO - Iter time: 118.84s
2025-09-30 02:33:20,810 - INFO - 
--- Trial 1, Beta=0.4, Iter 177 (train size=187) ---
2025-09-30 02:35:26,179 - INFO - Selected Cc1cc(C)cc(CC(=O)N2CCN(c3ccc(C(=O)NC(C(N)=O)C(C)O)cn3)CC2)c1 → UCB = 0.8994 (beta=0.4)
f1 shape: (1,)
2025-09-30 02:35:26,182 - INFO -   True f = 0.6279
2025-09-30 02:35:26,386 - INFO - Iter time: 125.58s
2025-09-30 02:35:26,386 - INFO - 
--- Trial 1, Beta=0.4, Iter 178 (train size=188) ---
2025-09-30 02:37:27,412 - INFO - Selected N=C(N)c1ccc(N2CC3(CCN(C(=O)CCC(=O)O)CC3)CC2=O)cc1 → UCB = 0.8997 (beta=0.4)
f1 shape: (1,)
2025-09-30 02:37:27,414 - INFO -   True f = 0.662
2025-09-30 02:37:27,616 - INFO - Iter time: 121.23s
2025-09-30 02:37:27,616 - INFO - 
--- Trial 1, Beta=0.4, Iter 179 (train size=189) ---
2025-09-30 02:39:30,048 - INFO - Selected N=C(N)c1ccc(N2CCC3(CCN(C(=O)CC(=O)O)CC3)C2=O)cc1 → UCB = 0.9123 (beta=0.4)
f1 shape: (1,)
2025-09-30 02:39:30,051 - INFO -   True f = 0.6535
2025-09-30 02:39:30,256 - INFO - Iter time: 122.64s
2025-09-30 02:39:30,256 - INFO - 
--- Trial 1, Beta=0.4, Iter 180 (train size=190) ---
2025-09-30 02:41:32,576 - INFO - Selected COc1ccc(-n2nc(C(=O)NCC(=O)N3CCC4(CC3)OCCO4)c3ccccc3c2=O)cc1Cl → UCB = 0.908 (beta=0.4)
f1 shape: (1,)
2025-09-30 02:41:32,579 - INFO -   True f = 0.6071
2025-09-30 02:41:32,785 - INFO - Iter time: 122.53s
2025-09-30 02:41:32,785 - INFO - 
--- Trial 1, Beta=0.4, Iter 181 (train size=191) ---
2025-09-30 02:43:33,058 - INFO - Selected Nc1nc2c(c(=O)[nH]1)N1C(=S)N(c3ccc(C(=O)NC(CCC(=O)O)C(=O)O)cc3)CC1CN2 → UCB = 0.9047 (beta=0.4)
f1 shape: (1,)
2025-09-30 02:43:33,060 - INFO -   True f = 0.5609
2025-09-30 02:43:33,268 - INFO - Iter time: 120.48s
2025-09-30 02:43:33,268 - INFO - 
--- Trial 1, Beta=0.4, Iter 182 (train size=192) ---
2025-09-30 02:45:37,725 - INFO - Selected N=C(N)c1ccc2oc(C(=O)N3CCCC(C(=O)NC(CC(=O)O)c4ccccc4)C3)cc2c1 → UCB = 0.9042 (beta=0.4)
f1 shape: (1,)
2025-09-30 02:45:37,727 - INFO -   True f = 0.6808
2025-09-30 02:45:37,938 - INFO - Iter time: 124.67s
2025-09-30 02:45:37,938 - INFO - 
--- Trial 1, Beta=0.4, Iter 183 (train size=193) ---
2025-09-30 02:47:38,422 - INFO - Selected CCOC(=O)N1CCN(C(=O)C(CCC(=O)O)NC(=O)c2cc(OCC(N)=O)n(-c3ccccc3)n2)CC1 → UCB = 0.9054 (beta=0.4)
f1 shape: (1,)
2025-09-30 02:47:38,425 - INFO -   True f = 0.599
2025-09-30 02:47:38,637 - INFO - Iter time: 120.70s
2025-09-30 02:47:38,637 - INFO - 
--- Trial 1, Beta=0.4, Iter 184 (train size=194) ---
2025-09-30 02:49:45,479 - INFO - Selected COc1ccc(CC(NC(=O)c2ccccc2)C(=O)CCC(=O)N2CCCC2C(=O)O)cc1OC → UCB = 0.903 (beta=0.4)
f1 shape: (1,)
2025-09-30 02:49:45,481 - INFO -   True f = 0.6668
2025-09-30 02:49:45,696 - INFO - Iter time: 127.06s
2025-09-30 02:49:45,696 - INFO - 
--- Trial 1, Beta=0.4, Iter 185 (train size=195) ---
2025-09-30 02:51:47,402 - INFO - Selected N=C(N)c1ccc(C(=O)NCC(=O)N2CCN(CC(=O)O)C(=O)C2CC(=O)O)cc1 → UCB = 0.9075 (beta=0.4)
f1 shape: (1,)
2025-09-30 02:51:47,405 - INFO -   True f = 0.6006
2025-09-30 02:51:47,622 - INFO - Iter time: 121.93s
2025-09-30 02:51:47,622 - INFO - 
--- Trial 1, Beta=0.4, Iter 186 (train size=196) ---
2025-09-30 02:53:53,949 - INFO - Selected Cc1cc(=O)oc2c(C)c(OCC(=O)N3CCC(C(=O)O)(c4ccccc4)CC3)ccc12 → UCB = 0.9038 (beta=0.4)
f1 shape: (1,)
2025-09-30 02:53:53,951 - INFO -   True f = 0.6922
2025-09-30 02:53:54,170 - INFO - Iter time: 126.55s
2025-09-30 02:53:54,170 - INFO - 
--- Trial 1, Beta=0.4, Iter 187 (train size=197) ---
2025-09-30 02:56:01,249 - INFO - Selected CCCc1cc(=O)oc2c(C)c(OCC(=O)N3CCC(C(=O)O)CC3)ccc12 → UCB = 0.9093 (beta=0.4)
f1 shape: (1,)
2025-09-30 02:56:01,252 - INFO -   True f = 0.6348
2025-09-30 02:56:01,483 - INFO - Iter time: 127.31s
2025-09-30 02:56:01,483 - INFO - 
--- Trial 1, Beta=0.4, Iter 188 (train size=198) ---
2025-09-30 02:58:07,737 - INFO - Selected COc1cc(C(=O)Nc2ccc(C)cn2)ccc1OCC(=O)N1CCOCC1 → UCB = 0.9099 (beta=0.4)
f1 shape: (1,)
2025-09-30 02:58:07,740 - INFO -   True f = 0.6131
2025-09-30 02:58:07,966 - INFO - Iter time: 126.48s
2025-09-30 02:58:07,967 - INFO - 
--- Trial 1, Beta=0.4, Iter 189 (train size=199) ---
2025-09-30 03:00:19,696 - INFO - Selected CCc1nc2c(cc1NC(=O)c1ccccc1)c(OCC(F)(F)F)c(C(=O)NC1CCN(C(=O)CO)CC1)n2C → UCB = 0.907 (beta=0.4)
f1 shape: (1,)
2025-09-30 03:00:19,699 - INFO -   True f = 0.5765
2025-09-30 03:00:19,926 - INFO - Iter time: 131.96s
2025-09-30 03:00:19,926 - INFO - 
--- Trial 1, Beta=0.4, Iter 190 (train size=200) ---
2025-09-30 03:02:29,178 - INFO - Selected NC(=O)CC(NC(=O)c1ccccc1)c1ccc(NCCN2CCOCC2)c([N+](=O)[O-])c1 → UCB = 0.9047 (beta=0.4)
f1 shape: (1,)
2025-09-30 03:02:29,180 - INFO -   True f = 0.6558
2025-09-30 03:02:29,409 - INFO - Iter time: 129.48s
2025-09-30 03:02:29,409 - INFO - 
--- Trial 1, Beta=0.4, Iter 191 (train size=201) ---
2025-09-30 03:04:36,999 - INFO - Selected COc1ccccc1Sc1cc(C)c(C=CC(=O)N2CCC(C(=O)O)CC2)cc1[N+](=O)[O-] → UCB = 0.9038 (beta=0.4)
f1 shape: (1,)
2025-09-30 03:04:37,002 - INFO -   True f = 0.6435
2025-09-30 03:04:37,231 - INFO - Iter time: 127.82s
2025-09-30 03:04:37,231 - INFO - 
--- Trial 1, Beta=0.4, Iter 192 (train size=202) ---
2025-09-30 03:06:45,103 - INFO - Selected COC(=O)N1CCC(Nc2cccc(-c3sc(C(=O)O)c(OCC(=O)O)c3Br)c2)CC1 → UCB = 0.9047 (beta=0.4)
f1 shape: (1,)
2025-09-30 03:06:45,106 - INFO -   True f = 0.6061
2025-09-30 03:06:45,432 - INFO - Iter time: 128.20s
2025-09-30 03:06:45,432 - INFO - 
--- Trial 1, Beta=0.4, Iter 193 (train size=203) ---
2025-09-30 03:08:53,654 - INFO - Selected O=C(O)CCC(NC(=O)c1cc2ccccc2[nH]1)C(=O)NN1CCC2(CCCC2)CC1 → UCB = 0.9054 (beta=0.4)
f1 shape: (1,)
2025-09-30 03:08:53,657 - INFO -   True f = 0.6282
2025-09-30 03:08:53,893 - INFO - Iter time: 128.46s
2025-09-30 03:08:53,893 - INFO - 
--- Trial 1, Beta=0.4, Iter 194 (train size=204) ---
2025-09-30 03:11:08,204 - INFO - Selected NC(C(=O)N1CCCC1C(=O)NCc1cccc(C(=O)O)c1)C1CCCCC1 → UCB = 0.9062 (beta=0.4)
f1 shape: (1,)
2025-09-30 03:11:08,206 - INFO -   True f = 0.6458
2025-09-30 03:11:08,443 - INFO - Iter time: 134.55s
2025-09-30 03:11:08,443 - INFO - 
--- Trial 1, Beta=0.4, Iter 195 (train size=205) ---
2025-09-30 03:13:21,327 - INFO - Selected COc1ccc2c(c1)cc(C(=O)NC(CCSC)C(=O)N1CCCC1C(=O)O)n2C → UCB = 0.9125 (beta=0.4)
f1 shape: (1,)
2025-09-30 03:13:21,329 - INFO -   True f = 0.6279
2025-09-30 03:13:21,566 - INFO - Iter time: 133.12s
2025-09-30 03:13:21,566 - INFO - 
--- Trial 1, Beta=0.4, Iter 196 (train size=206) ---
2025-09-30 03:15:35,111 - INFO - Selected NC(=O)C1CCCN1C(=O)C(Cc1ccc(O)cc1)NC(=O)C1CCC(=O)N1 → UCB = 0.9139 (beta=0.4)
f1 shape: (1,)
2025-09-30 03:15:35,114 - INFO -   True f = 0.5752
2025-09-30 03:15:35,356 - INFO - Iter time: 133.79s
2025-09-30 03:15:35,356 - INFO - 
--- Trial 1, Beta=0.4, Iter 197 (train size=207) ---
2025-09-30 03:17:46,974 - INFO - Selected Cc1cc(OCC(=O)N2CCC(C(=O)O)CC2)c2c3c(c(=O)oc2c1)CCC3 → UCB = 0.9074 (beta=0.4)
f1 shape: (1,)
2025-09-30 03:17:46,976 - INFO -   True f = 0.6236
2025-09-30 03:17:47,220 - INFO - Iter time: 131.86s
2025-09-30 03:17:47,220 - INFO - 
--- Trial 1, Beta=0.4, Iter 198 (train size=208) ---
2025-09-30 03:19:57,164 - INFO - Selected CCc1c(C(=O)C(N)=O)c2c(OCC(=O)O)cc3c(c2n1Cc1ccccc1)CCCC3 → UCB = 0.9072 (beta=0.4)
f1 shape: (1,)
2025-09-30 03:19:57,167 - INFO -   True f = 0.5879
2025-09-30 03:19:57,410 - INFO - Iter time: 130.19s
2025-09-30 03:19:57,410 - INFO - 
--- Trial 1, Beta=0.4, Iter 199 (train size=209) ---
2025-09-30 03:22:12,922 - INFO - Selected COc1cccc(OCC(=O)N2CCCC2C(=O)O)c1OCC(=O)N1CCCC1C(=O)O → UCB = 0.9068 (beta=0.4)
f1 shape: (1,)
2025-09-30 03:22:12,925 - INFO -   True f = 0.6035
2025-09-30 03:22:13,173 - INFO - Iter time: 135.76s
