2025-09-30 01:34:05,080 - INFO - 
--- Trial 1, eta0=0.25, Round 0 (train size=10) ---
2025-09-30 01:34:11,715 - INFO - [round 0] pick 1/5: COC(F)(F)C(F)(C(F)(F)F)C(F)(F)F | UCB+MI=0.3392 | f=0
2025-09-30 01:34:11,716 - INFO - [round 0] pick 2/5: CCCCCCCCCCCCCCCCCCN(CCCCCCCCCCCCCCCCCC)C(=O)CCCNCCNCCCCNCCCN | UCB+MI=0.3519 | f=4.998e-07
2025-09-30 01:34:11,717 - INFO - [round 0] pick 3/5: N=C(N)N[N+](=O)[O-] | UCB+MI=0.3538 | f=0.1994
2025-09-30 01:34:11,718 - INFO - [round 0] pick 4/5: O=c1sc2c(s1)SSSSS2 | UCB+MI=0.356 | f=3.006e-05
2025-09-30 01:34:11,719 - INFO - [round 0] pick 5/5: C[Si]1(C)N[Si](C)(C)N[Si](C)(C)N1 | UCB+MI=0.3494 | f=0.001055
2025-09-30 01:34:11,720 - INFO - Round 0 done in 6.64s; train size=15
2025-09-30 01:34:11,720 - INFO - 
--- Trial 1, eta0=0.25, Round 1 (train size=15) ---
2025-09-30 01:34:20,407 - INFO - [round 1] pick 1/5: N#CCNCC#N | UCB+MI=0.34 | f=0.02962
2025-09-30 01:34:20,408 - INFO - [round 1] pick 2/5: S=C(S)[N-]C[N-]C(=S)S | UCB+MI=0.3435 | f=0.000235
2025-09-30 01:34:20,409 - INFO - [round 1] pick 3/5: Nc1nc[nH]n1 | UCB+MI=0.3629 | f=0.06003
2025-09-30 01:34:20,411 - INFO - [round 1] pick 4/5: CCC=CCC=CCC=CCC=CCC=CC=CC(CCC(=O)OC)OC | UCB+MI=0.3832 | f=0.001898
2025-09-30 01:34:20,412 - INFO - [round 1] pick 5/5: Nc1ncnc2c1ncn2C1OC(COP(=O)(O)OC2C(O)C(COP(=O)(O)O)OC2n2cnc3c(N)ncnc32)C(O)C1OP(=O)(O)O | UCB+MI=0.3977 | f=0.4525
2025-09-30 01:34:20,414 - INFO - Round 1 done in 8.69s; train size=20
2025-09-30 01:34:20,414 - INFO - 
--- Trial 1, eta0=0.25, Round 2 (train size=20) ---
2025-09-30 01:34:32,100 - INFO - [round 2] pick 1/5: O=P(Cl)(Cl)Cl | UCB+MI=0.3395 | f=0
2025-09-30 01:34:32,102 - INFO - [round 2] pick 2/5: [O-][n+]1onc2c1-c1nonc1CC2 | UCB+MI=0.3775 | f=0.2881
2025-09-30 01:34:32,104 - INFO - [round 2] pick 3/5: CC(O)(C(O)CO[PH](O)(O)O)C(O)C(O)C(=O)O | UCB+MI=0.391 | f=0.4018
2025-09-30 01:34:32,106 - INFO - [round 2] pick 4/5: Cn1c(=O)c2c(nc(NCCNc3nc4c(c(=O)n(C)c(=O)n4C)n3C)n2C)n(C)c1=O | UCB+MI=0.4469 | f=0.382
2025-09-30 01:34:32,108 - INFO - [round 2] pick 5/5: COc1ccc(CCNCCOC2C(OC3C(O)C(N)CC(N)C3OC3OC(CO)C(O)C(O)C3N)OC(CO)C2OC2OC(CN)C(O)C(O)C2N)cc1 | UCB+MI=0.4177 | f=0.4482
2025-09-30 01:34:32,110 - INFO - Round 2 done in 11.70s; train size=25
2025-09-30 01:34:32,111 - INFO - 
--- Trial 1, eta0=0.25, Round 3 (train size=25) ---
2025-09-30 01:34:46,142 - INFO - [round 3] pick 1/5: O=S(=O)(O)NS(=O)(=O)O | UCB+MI=0.3828 | f=0.1366
2025-09-30 01:34:46,145 - INFO - [round 3] pick 2/5: C#CCOc1nc(OCC#C)nc(OCC#C)n1 | UCB+MI=0.4187 | f=0.1006
2025-09-30 01:34:46,148 - INFO - [round 3] pick 3/5: COC1OC2COC(=O)c3cc(O)c(O)c(O)c3-c3c(cc(O)c(O)c3O)C(=O)OC2C(O)C1O | UCB+MI=0.4978 | f=0.4792
2025-09-30 01:34:46,151 - INFO - [round 3] pick 4/5: CC(=O)NC(C(=O)NC(Cc1ccc(OP(=O)(O)O)cc1)C(=O)NC(CCC(=O)O)C(=O)NC(C(=O)NC(CC(C)C)C(N)=O)C(C)O)C(C)O | UCB+MI=0.4965 | f=0.5319
2025-09-30 01:34:46,154 - INFO - [round 3] pick 5/5: CC1COCCN1C(=O)NCCn1ccnc1 | UCB+MI=0.4385 | f=0.09594
2025-09-30 01:34:46,157 - INFO - Round 3 done in 14.05s; train size=30
2025-09-30 01:34:46,157 - INFO - 
--- Trial 1, eta0=0.25, Round 4 (train size=30) ---
2025-09-30 01:35:03,062 - INFO - [round 4] pick 1/5: [O-][Cl+]O | UCB+MI=0.34 | f=0
2025-09-30 01:35:03,066 - INFO - [round 4] pick 2/5: O=c1[nH]c(=O)c2[nH]c(=O)n(CC(O)C(O)C(O)CO)c2[nH]1 | UCB+MI=0.4883 | f=0.411
2025-09-30 01:35:03,070 - INFO - [round 4] pick 3/5: COC(=O)c1c(I)c(OC)c2c(c1-c1c3c(c(OC)c(I)c1C(=O)OC)OCO3)OCO2 | UCB+MI=0.5004 | f=0.3768
2025-09-30 01:35:03,074 - INFO - [round 4] pick 4/5: CC(C)(ON=C(C(=O)NC1C(=O)N2C(C(=O)[O-])=C(CSc3nc(N)cc(N)[n+]3N)CSC12)c1cnc(N)s1)C(=O)O | UCB+MI=0.5265 | f=0.4862
2025-09-30 01:35:03,078 - INFO - [round 4] pick 5/5: CC(Cc1ccc(OCc2cn(CCO)nn2)c(OCc2cn(CCO)nn2)c1)C(C)Cc1ccc(OCc2cn(CCO)nn2)c(OCc2cn(CCO)nn2)c1 | UCB+MI=0.4848 | f=0.6054
2025-09-30 01:35:03,083 - INFO - Round 4 done in 16.93s; train size=35
2025-09-30 01:35:03,083 - INFO - 
--- Trial 1, eta0=0.25, Round 5 (train size=35) ---
2025-09-30 01:35:22,254 - INFO - [round 5] pick 1/5: CCOCCOCCOCCOc1c(Br)c(Br)c(OCCOCCOCCOCC)c(Br)c1Br | UCB+MI=0.4494 | f=0.1911
2025-09-30 01:35:22,259 - INFO - [round 5] pick 2/5: CC(C)C1NC(=O)c2coc(n2)-c2coc(n2)-c2coc(n2)C(CCCN)NC(=O)c2coc(n2)-c2coc(n2)-c2coc1n2 | UCB+MI=0.5207 | f=0.4878
2025-09-30 01:35:22,264 - INFO - [round 5] pick 3/5: O=C(NC(CO)C(=O)O)c1nc(NCC(O)CO)c(C(=O)NC(CO)C(=O)O)nc1NCC(O)CO | UCB+MI=0.5829 | f=0.4725
2025-09-30 01:35:22,270 - INFO - [round 5] pick 4/5: CC(C)(Sc1cc(C(C)(C)C)c(O)c(C(C)(C)C)c1)Sc1ccc(C(C)(C)C)c(OCC2OC(=O)C(O)C2O)c1C(C)(C)C | UCB+MI=0.5473 | f=0.02589
2025-09-30 01:35:22,275 - INFO - [round 5] pick 5/5: Cc1cn(C2CC(N=[N+]=[N-])C(OP(=O)(O)OP(=O)(O)OP(=O)(O)O)O2)c(=O)[nH]c1=O | UCB+MI=0.5292 | f=0.3777
2025-09-30 01:35:22,282 - INFO - Round 5 done in 19.20s; train size=40
2025-09-30 01:35:22,282 - INFO - 
--- Trial 1, eta0=0.25, Round 6 (train size=40) ---
2025-09-30 01:35:43,645 - INFO - [round 6] pick 1/5: NC(C(=O)Nc1nnc(CCSCCc2nnc(NC(=O)C(N)C3CCCC3)s2)s1)C1CCCC1 | UCB+MI=0.4982 | f=0.4648
2025-09-30 01:35:43,651 - INFO - [round 6] pick 2/5: OCCN(CCO)c1nc(NCc2ccc3c(c2)OCO3)c2nc(N(CCO)CCO)nc(NCc3ccc4c(c3)OCO4)c2n1 | UCB+MI=0.5827 | f=0.5359
2025-09-30 01:35:43,658 - INFO - [round 6] pick 3/5: CC(C)C(O)(C(=O)OCN1C(=O)C2C3C=CC(C2C1=O)C1C2C(=O)N(COC(=O)C(O)(C(C)C)C(C)O)C(=O)C2C31)C(C)O | UCB+MI=0.5837 | f=0.4804
2025-09-30 01:35:43,665 - INFO - [round 6] pick 4/5: CN(CCCC(O)(P(=O)(O)O)P(=O)(O)O)Cc1no[n+]([O-])c1C(N)=O | UCB+MI=0.5603 | f=0.4714
2025-09-30 01:35:43,672 - INFO - [round 6] pick 5/5: COCCOc1cc2ncnc(NC3=CC(=O)C(OC(CF)CF)=C(Cl)C3=O)c2cc1OC | UCB+MI=0.5911 | f=0.5257
2025-09-30 01:35:43,680 - INFO - Round 6 done in 21.40s; train size=45
2025-09-30 01:35:43,680 - INFO - 
--- Trial 1, eta0=0.25, Round 7 (train size=45) ---
2025-09-30 01:36:07,927 - INFO - [round 7] pick 1/5: N=C(N)NCCCC1NC(=O)C(CC(=O)O)NC(=O)CNC(=O)C(CCCNC(=N)N)NC(=O)C(CC(=O)O)NC(=O)CNC1=O | UCB+MI=0.5729 | f=0.4495
2025-09-30 01:36:07,935 - INFO - [round 7] pick 2/5: CCCSc1nc(NC2CC2c2scnc2C)c2nnn(C3CC(OCCO)C(O)C3O)c2n1 | UCB+MI=0.5966 | f=0.4888
2025-09-30 01:36:07,944 - INFO - [round 7] pick 3/5: CCCc1cc(O)c2c(c1)C(C1c3cc(O)cc(O)c3C(=O)c3c(O)cc(C(O)CC)cc31)c1cc(O)cc(O)c1C2=O | UCB+MI=0.6071 | f=0.4156
2025-09-30 01:36:07,953 - INFO - [round 7] pick 4/5: COC(=O)C(NC(=O)C(C)NC(=O)c1ncn2c(=O)n(CCCl)nnc12)C(C)C | UCB+MI=0.6303 | f=0.4233
2025-09-30 01:36:07,962 - INFO - [round 7] pick 5/5: O=C(O)COc1ccc(S(=O)(=O)N(Cc2ccc(-c3csnn3)cc2)Cc2ccc3cc(F)c(C(F)(F)P(=O)(O)O)cc3n2)cc1 | UCB+MI=0.6269 | f=0.4951
2025-09-30 01:36:07,972 - INFO - Round 7 done in 24.29s; train size=50
2025-09-30 01:36:07,972 - INFO - 
--- Trial 1, eta0=0.25, Round 8 (train size=50) ---
2025-09-30 01:36:35,947 - INFO - [round 8] pick 1/5: O=[N+]([O-])C1=C(O)CCCC1=NCCCCCCN=C1CCCC(O)=C1[N+](=O)[O-] | UCB+MI=0.518 | f=0.5358
2025-09-30 01:36:35,957 - INFO - [round 8] pick 2/5: CC(=O)NC1C(O)CC(Oc2ccc(-n3cc(CSc4nnc(C(C)(C)C)[nH]4)nn3)cc2C(F)F)(C(=O)O)OC1C(O)C(O)CO | UCB+MI=0.692 | f=0.5358
2025-09-30 01:36:35,968 - INFO - [round 8] pick 3/5: Cn1cc(NC(=O)c2cc(NC(=O)CC(=O)Nc3cc(C(=O)Nc4cc(C(=O)NCCC(=N)N)n(C)c4)n(C)c3)cn2C)cc1C(=O)NCCC(=N)N | UCB+MI=0.5993 | f=0.5134
2025-09-30 01:36:35,979 - INFO - [round 8] pick 4/5: CC(C)CCNc1nc(Cl)c2c(c1O)C(=O)C1=C(O)C3(O)C(=O)C(C(N)=O)=C(O)C(N(C)C)C3CC1C2 | UCB+MI=0.6734 | f=0.5
2025-09-30 01:36:35,992 - INFO - [round 8] pick 5/5: Nc1nc(N)c2nnn(CC(CO)OCP(=O)(O)O)c2n1 | UCB+MI=0.628 | f=0.3848
2025-09-30 01:36:36,004 - INFO - Round 8 done in 28.03s; train size=55
2025-09-30 01:36:36,004 - INFO - 
--- Trial 1, eta0=0.25, Round 9 (train size=55) ---
2025-09-30 01:37:07,125 - INFO - [round 9] pick 1/5: CN1CCN(CCNc2cc3c(=O)n(CCCN4CCOCC4)c(=O)c4c(NCCN5CCN(C)CC5)cc5c(=O)n(CCCN6CCOCC6)c(=O)c2c5c34)CC1 | UCB+MI=0.5792 | f=0.5231
2025-09-30 01:37:07,138 - INFO - [round 9] pick 2/5: O=C(C1CSC(c2ncccc2O)=N1)N(O)CCOCCOCCN(O)C(=O)C1CSC(c2ncccc2O)=N1 | UCB+MI=0.6513 | f=0.6091
2025-09-30 01:37:07,152 - INFO - [round 9] pick 3/5: NC(=O)CCC(NC(=O)c1nn(C2OC(CO)C(O)C2O)c2nc(N)[nH]c(=O)c12)C(N)=O | UCB+MI=0.7073 | f=0.4366
2025-09-30 01:37:07,166 - INFO - [round 9] pick 4/5: Cc1cc(O)cc(C)c1CC(N)C(=O)NCc1nc(O)c(CNC(=O)C(N)Cc2c(C)cc(O)cc2C)nc1C | UCB+MI=0.7085 | f=0.5276
2025-09-30 01:37:07,181 - INFO - [round 9] pick 5/5: COc1ccc(-c2ccc(CN3C(CC(C)C)C(=O)N(Cc4cn(CC5CCCCC5)nn4)CCS3(=O)=O)cc2)cn1 | UCB+MI=0.6643 | f=0.6096
2025-09-30 01:37:07,196 - INFO - Round 9 done in 31.19s; train size=60
2025-09-30 01:37:07,196 - INFO - 
--- Trial 1, eta0=0.25, Round 10 (train size=60) ---
2025-09-30 01:37:40,533 - INFO - [round 10] pick 1/5: O=C1C=CC2(C=C1Br)CC(C(=O)NCCSSCCNC(=O)C1=NOC3(C=CC(=O)C(Br)=C3)C1)=NO2 | UCB+MI=0.6381 | f=0.5455
2025-09-30 01:37:40,549 - INFO - [round 10] pick 2/5: C#CCOCCOCCOCCNc1nc(N2CCN(C(=O)Cn3cc(CC(C)O)nn3)CC2)nc(N2CCN(C(=O)C(C(C)CC)n3cc(CCCN=C(N)N)nn3)CC2)n1 | UCB+MI=0.6763 | f=0.5115
2025-09-30 01:37:40,565 - INFO - [round 10] pick 3/5: COc1cccc2c1C(=O)c1c(O)c3c(c(O)c1C2=O)CC(O)(C(CO)=NNC(=O)CCCCCN1C(=O)CC(S)C1=O)CC3OC1CC(N)C(O)C(C)O1 | UCB+MI=0.7333 | f=0.569
2025-09-30 01:37:40,583 - INFO - [round 10] pick 4/5: COc1ccc2nccc(C(O)CCC3CCN(CCSc4sccc4P(=O)(O)O)CC3C(=O)O)c2c1 | UCB+MI=0.724 | f=0.7058
2025-09-30 01:37:40,600 - INFO - [round 10] pick 5/5: CN(C)c1ncnc2c1ncn2CC1OC(COC(=O)NC(CCCNC(=N)N)C(=O)O)CS1 | UCB+MI=0.6969 | f=0.5133
2025-09-30 01:37:40,619 - INFO - Round 10 done in 33.42s; train size=65
2025-09-30 01:37:40,619 - INFO - 
--- Trial 1, eta0=0.25, Round 11 (train size=65) ---
2025-09-30 01:38:16,693 - INFO - [round 11] pick 1/5: CCNC1CN(CCCO[N+](=O)[O-])S(=O)(=O)c2sc(S(N)(=O)=O)cc21 | UCB+MI=0.6225 | f=0.4762
2025-09-30 01:38:16,713 - INFO - [round 11] pick 2/5: CC(C)Cc1nn(C)c(=O)c2c(SCCCO)n(Cc3ccc(NCCCCCNC(=O)C(N)CCC(N)=O)nc3)cc12 | UCB+MI=0.7678 | f=0.594
2025-09-30 01:38:16,733 - INFO - [round 11] pick 3/5: COc1c(N2CC3CCCNC3C2)c(F)cc2c(=O)c(C(=O)SCC(=O)NC(P(=O)(O)O)P(=O)(O)O)cn(C3CC3)c12 | UCB+MI=0.7143 | f=0.5487
2025-09-30 01:38:16,754 - INFO - [round 11] pick 4/5: CNC(=O)C12CC1C(n1cnc3c(NCc4cccc(Cl)c4)nc(C#CCCCCc4cn(Cc5ccc(-n6sccc6=O)cc5)nn4)nc31)C(O)C2O | UCB+MI=0.735 | f=0.6142
2025-09-30 01:38:16,775 - INFO - [round 11] pick 5/5: CC(C)CC(=O)c1c(O)c(C(=O)CC(C)C)c(O)c(C(c2ccccn2)c2c(O)c(C(=O)CC(C)C)c(O)c(C(=O)CC(C)C)c2O)c1O | UCB+MI=0.7122 | f=0.07045
2025-09-30 01:38:16,797 - INFO - Round 11 done in 36.18s; train size=70
2025-09-30 01:38:16,797 - INFO - 
--- Trial 1, eta0=0.25, Round 12 (train size=70) ---
2025-09-30 01:38:57,110 - INFO - [round 12] pick 1/5: COC12C(COC(N)=O)C3=C(C(=O)C(CSCCO)=C(N)C3=O)N1CC1NC12 | UCB+MI=0.7015 | f=0.4882
2025-09-30 01:38:57,133 - INFO - [round 12] pick 2/5: Cc1cnc(NCCc2ccc3c(c2)CCC3)c(=O)n1CC(=O)NCCONC(=N)N | UCB+MI=0.7564 | f=0.5428
2025-09-30 01:38:57,156 - INFO - [round 12] pick 3/5: CCCC1CC(C(=O)NC(C(C)SCCOCCSCC(=O)NC(CO)C(O)c2ccc([N+](=O)[O-])cc2)C2OC(SC)C(O)C(O)C2O)N(C)C1 | UCB+MI=0.725 | f=0.5666
2025-09-30 01:38:57,180 - INFO - [round 12] pick 4/5: CC(O)C1C(=O)N2C(C(=O)O)=C(SCCc3cn(CCCCC(=O)O)nn3)C(C)C12 | UCB+MI=0.771 | f=0.5271
2025-09-30 01:38:57,204 - INFO - [round 12] pick 5/5: COc1ccc2nc3cc(Cl)ccc3c(NCCCCN=C(N)NCCCNc3nc(N)c4[nH]cnc4n3)c2c1 | UCB+MI=0.7244 | f=0.5866
2025-09-30 01:38:57,229 - INFO - Round 12 done in 40.43s; train size=75
2025-09-30 01:38:57,229 - INFO - 
--- Trial 1, eta0=0.25, Round 13 (train size=75) ---
2025-09-30 01:39:39,492 - INFO - [round 13] pick 1/5: COCCCn1c(SCC(=O)Nc2oc(C)c3c(C)nnc(O)c23)nc2sc3c(c2c1=O)CCC3 | UCB+MI=0.7311 | f=0.4485
2025-09-30 01:39:39,519 - INFO - [round 13] pick 2/5: COc1ccc2cc(C(=O)NCCC(CCO)CC(O)Cn3ccnc3[N+](=O)[O-])c(=O)oc2c1 | UCB+MI=0.7914 | f=0.6572
2025-09-30 01:39:39,546 - INFO - [round 13] pick 3/5: NC(N)=NCCCC(NC(=O)C(N)Cc1ccc(O)cc1)C(=O)NC1CSSCC(C(=O)O)NC(=O)C2CCCN2C(=O)C(CCC(=O)O)NC1=O | UCB+MI=0.772 | f=0.5412
2025-09-30 01:39:39,574 - INFO - [round 13] pick 4/5: O=c1c(F)cn(C2CC(O)C(CO)O2)c(=O)n1CCCn1c(=O)c(F)cn(C2CC(O)C(CO)O2)c1=O | UCB+MI=0.725 | f=0.5206
2025-09-30 01:39:39,602 - INFO - [round 13] pick 5/5: C=CC1CN2CCC1CC2C(OC(=O)CCc1cn(CCC(=O)OC(c2ccnc3ccc(OC)cc23)C2CC3CCN2CC3C=C)nn1)c1ccnc2ccc(OC)cc12 | UCB+MI=0.7503 | f=0.1305
2025-09-30 01:39:39,631 - INFO - Round 13 done in 42.40s; train size=80
2025-09-30 01:39:39,631 - INFO - 
--- Trial 1, eta0=0.25, Round 14 (train size=80) ---
2025-09-30 01:40:24,778 - INFO - [round 14] pick 1/5: CCCCN1C(=O)CSC1=NN=C1C(=O)Nc2ccc([N+](=O)[O-])cc21 | UCB+MI=0.6933 | f=0.5593
2025-09-30 01:40:24,809 - INFO - [round 14] pick 2/5: CC(C)(N)C(=O)NC(COCc1cc(Cl)cc(Cl)c1)c1nnnn1CCOC(=O)NCCCCO | UCB+MI=0.7517 | f=0.5339
2025-09-30 01:40:24,840 - INFO - [round 14] pick 3/5: CN(Cc1cnc2nc(N)nc(N)c2n1)c1ccc(C(=O)NC(CCP(=O)(O)OC(CCC(=O)O)C(=O)O)C(=O)O)cc1 | UCB+MI=0.8004 | f=0.5968
2025-09-30 01:40:24,872 - INFO - [round 14] pick 4/5: COc1cc(C2c3cc4c(cc3C(NC(CCSC)C(=O)OCCCn3cc(F)c(=O)[nH]c3=O)C3COC(=O)C23)OCO4)cc(OC)c1O | UCB+MI=0.761 | f=0.58
2025-09-30 01:40:24,905 - INFO - [round 14] pick 5/5: O=C1c2c(O)ccc(O)c2C(=O)c2c(NCCNCC(O)CO)ccc(NCCNCC(O)CO)c21 | UCB+MI=0.7481 | f=0.6169
2025-09-30 01:40:24,938 - INFO - Round 14 done in 45.31s; train size=85
2025-09-30 01:40:24,938 - INFO - 
--- Trial 1, eta0=0.25, Round 15 (train size=85) ---
2025-09-30 01:41:12,951 - INFO - [round 15] pick 1/5: CCCN(CCCc1ccc(F)cc1)CC1OC(=O)N(C)CC1NC(=O)Nc1nc(C)cs1 | UCB+MI=0.7589 | f=0.6019
2025-09-30 01:41:12,986 - INFO - [round 15] pick 2/5: CCOC(=O)NC(=O)c1cn(CCN2CCN(c3ncnc4[nH]cnc34)CC2)c(=O)[nH]c1=O | UCB+MI=0.7403 | f=0.5496
2025-09-30 01:41:13,021 - INFO - [round 15] pick 3/5: O=C(NCCSSCCNC(=O)C(Cc1ccc(OS(=O)(=O)O)c(Br)c1)=NO)C(Cc1ccc(OS(=O)(=O)O)c(Br)c1)=NO | UCB+MI=0.7688 | f=0.5714
2025-09-30 01:41:13,057 - INFO - [round 15] pick 4/5: CCCCCON=C(C(=O)NC1C(=O)N2C(C(=O)O)=C(CSc3nnnn3CCO)OCC12)c1nsc(N)n1 | UCB+MI=0.789 | f=0.48
2025-09-30 01:41:13,094 - INFO - [round 15] pick 5/5: NCCNCCCn1c(=O)c2cc([N+](=O)[O-])ccc2c2cnc3cc4c(cc3c21)OCO4 | UCB+MI=0.768 | f=0.6222
2025-09-30 01:41:13,132 - INFO - Round 15 done in 48.19s; train size=90
2025-09-30 01:41:13,132 - INFO - 
--- Trial 1, eta0=0.25, Round 16 (train size=90) ---
2025-09-30 01:42:06,078 - INFO - [round 16] pick 1/5: O=C(CCCN1C(=O)C2CC=CCC2C1=O)NCc1nc(-c2ccc(Cl)cc2)no1 | UCB+MI=0.7799 | f=0.6103
2025-09-30 01:42:06,117 - INFO - [round 16] pick 2/5: CCOC(=O)c1cnc(NCCCNc2ncc(C(=O)OCC)c(O)n2)nc1O | UCB+MI=0.7811 | f=0.4886
2025-09-30 01:42:06,158 - INFO - [round 16] pick 3/5: COc1cc(CN(CC2CCC(C(=O)O)CC2)C(C)c2ccc3c(c2)CCO3)ccc1OCCN1C(=O)CSC1=O | UCB+MI=0.8062 | f=0.5372
2025-09-30 01:42:06,199 - INFO - [round 16] pick 4/5: CC1CC(C(=O)NC(CO)CCCNC(=N)N)N(C(=O)C(CCc2ccc(O)cc2)NC(=O)C(O)Cc2ccc(O)cc2)C1 | UCB+MI=0.8155 | f=0.6563
2025-09-30 01:42:06,241 - INFO - [round 16] pick 5/5: CCCCn1c(N)c(N(CCOC)C(=O)c2ccc(NC3CC3)c([N+](=O)[O-])c2)c(=O)[nH]c1=O | UCB+MI=0.8262 | f=0.5711
2025-09-30 01:42:06,283 - INFO - Round 16 done in 53.15s; train size=95
2025-09-30 01:42:06,283 - INFO - 
--- Trial 1, eta0=0.25, Round 17 (train size=95) ---
2025-09-30 01:43:02,193 - INFO - [round 17] pick 1/5: CCC(O)(Cn1nncc1CCCCn1ccc(=O)[nH]c1=O)c1cccc(OCC2CC2)c1 | UCB+MI=0.7664 | f=0.6573
2025-09-30 01:43:02,237 - INFO - [round 17] pick 2/5: CC(C)c1cc(C(=O)N2CCc3onc(C(=O)NCCCCCCC(=O)NO)c3C2)c(O)cc1O | UCB+MI=0.8025 | f=0.5949
2025-09-30 01:43:02,282 - INFO - [round 17] pick 3/5: CCC(CO)Nc1nc(NCc2ccc(OCCCO[N+](=O)[O-])cc2)c2ncn(C(C)C)c2n1 | UCB+MI=0.8253 | f=0.556
2025-09-30 01:43:02,327 - INFO - [round 17] pick 4/5: COCCn1cc(-c2ccc3nc(C(C(=O)NCCS(N)(=O)=O)S(C)(=O)=O)sc3c2)c(C(F)(F)F)n1 | UCB+MI=0.7763 | f=0.5098
2025-09-30 01:43:02,374 - INFO - [round 17] pick 5/5: Cc1cc(SCC2=C(C(=O)[O-])N3C(=O)C(NC(=O)CSc4cc(Cl)ccc4Cl)C3SC2)cc(CCC(=O)O)[n+]1CC(O)C(O)C(O)C(O)O | UCB+MI=0.7904 | f=0.5746
2025-09-30 01:43:02,421 - INFO - Round 17 done in 56.14s; train size=100
2025-09-30 01:43:02,421 - INFO - 
--- Trial 1, eta0=0.25, Round 18 (train size=100) ---
2025-09-30 01:44:01,775 - INFO - [round 18] pick 1/5: CCCCCCNC1CC(=O)OC1C(O)C(=O)NC(CC(C)C)C1Cc2cccc(O)c2C(=O)O1 | UCB+MI=0.8066 | f=0.595
2025-09-30 01:44:01,824 - INFO - [round 18] pick 2/5: CCc1ccc2c(c1)C(=O)N(C)Cc1c(C(=O)OCCCOC(=O)c3ncn4c3CN(C)C(=O)c3cc(CC)ccc3-4)ncn1-2 | UCB+MI=0.7922 | f=0.5965
2025-09-30 01:44:01,874 - INFO - [round 18] pick 3/5: COc1ccc2ncc(Cl)c(CCN3CC(O)C(CNCc4ccc5c(n4)NC(=O)CS5)C3)c2n1 | UCB+MI=0.7788 | f=0.6376
2025-09-30 01:44:01,925 - INFO - [round 18] pick 4/5: O=C(O)CC(O)(CC(O)CCCCCn1ccc2cc(Cl)ccc21)C(=O)O | UCB+MI=0.7903 | f=0.6809
2025-09-30 01:44:01,976 - INFO - [round 18] pick 5/5: CC(=O)N1CCN(C(=O)C(Cc2cccc(C(=N)N)c2)NS(=O)(=O)NCCc2cc3c(cc2[N+](=O)[O-])OCO3)CC1 | UCB+MI=0.7825 | f=0.6045
2025-09-30 01:44:02,029 - INFO - Round 18 done in 59.61s; train size=105
2025-09-30 01:44:02,029 - INFO - 
--- Trial 1, eta0=0.25, Round 19 (train size=105) ---
2025-09-30 01:45:01,886 - INFO - [round 19] pick 1/5: C[N+]1(CCC(=O)Nc2ccc3c(c2)C(=O)c2ccc(NC(=O)CC[N+]4(C)CCCCC4CO)cc2C3=O)CCCCC1CO | UCB+MI=0.7874 | f=0.6361
2025-09-30 01:45:01,941 - INFO - [round 19] pick 2/5: CCN(Cc1ccc(Cl)nc1)C1=C([N+](=O)[O-])CN(CCCC(=O)OCCCO)CN1C | UCB+MI=0.8054 | f=0.5708
2025-09-30 01:45:01,996 - INFO - [round 19] pick 3/5: COC1C(O)C(n2ccc(=O)[nH]c2=O)OC1C(OC1OC(C(=O)NCCc2ccc(O)cc2)=CC(O)C1O)C(N)=O | UCB+MI=0.8263 | f=0.5164
2025-09-30 01:45:02,052 - INFO - [round 19] pick 4/5: CCn1c(CCC(O)CC(O)CC(=O)O)c(-c2ccc(F)cc2)c(C)c1C(=O)NCc1cnc(C)cn1 | UCB+MI=0.8494 | f=0.6332
2025-09-30 01:45:02,109 - INFO - [round 19] pick 5/5: N=C(CCCSC1CC(=O)N(CCCCC(NC(=O)CNC(=O)c2cccc(I)c2)C(=O)O)C1=O)NC(=O)C(N)CCCCN | UCB+MI=0.7906 | f=0.5655
2025-09-30 01:45:02,169 - INFO - Round 19 done in 60.14s; train size=110
2025-09-30 01:45:02,169 - INFO - 
--- Trial 1, eta0=0.25, Round 20 (train size=110) ---
2025-09-30 01:46:05,559 - INFO - [round 20] pick 1/5: CCCc1c(OCCCCCCc2ccc(OCCCC(=O)O)cc2CCC(=O)O)ccc2c1OCCC2=O | UCB+MI=0.8247 | f=0.3109
2025-09-30 01:46:05,620 - INFO - [round 20] pick 2/5: COc1cccc(CNCC(O)C(Cc2cc(F)cc(F)c2)NC(=O)C(C)N2CCC(CC3CC3)(NC(C)=O)C2=O)c1 | UCB+MI=0.8225 | f=0.6191
2025-09-30 01:46:05,681 - INFO - [round 20] pick 3/5: CCCn1c(=O)c2nc(C3CCCCC3)[nH]c2n(CCCCCc2ccc(S(=O)(=O)F)cc2)c1=O | UCB+MI=0.843 | f=0.5313
2025-09-30 01:46:05,743 - INFO - [round 20] pick 4/5: CCn1cc(C(=O)NC(CCSC)C(=O)NCCCO)c(=O)c2cc3c(cc21)OCO3 | UCB+MI=0.8646 | f=0.5813
2025-09-30 01:46:05,807 - INFO - [round 20] pick 5/5: O=CNc1cc(C(O)CNCCOCCOCCNc2ncnc3c2ncn3C2OC(CO)C(O)C2O)ccc1O | UCB+MI=0.7957 | f=0.6206
2025-09-30 01:46:05,871 - INFO - Round 20 done in 63.70s; train size=115
2025-09-30 01:46:05,871 - INFO - 
--- Trial 1, eta0=0.25, Round 21 (train size=115) ---
2025-09-30 01:47:12,046 - INFO - [round 21] pick 1/5: CN1C(C(=O)NCCC(O)CO)C(c2cccc(Cl)c2)C2(C(=O)Nc3cc(Cl)c(F)cc32)C1CCCc1cccs1 | UCB+MI=0.8131 | f=0.5977
2025-09-30 01:47:12,112 - INFO - [round 21] pick 2/5: CCCCCc1ccc(-c2cc3cn(C4CC(O)C(COC(=O)C(NC(=O)C5CCCN5C(=O)C(N)CC(N)=O)C(C)C)O4)c(=O)nc3o2)cc1 | UCB+MI=0.8554 | f=0.6117
2025-09-30 01:47:12,179 - INFO - [round 21] pick 3/5: CCOC(=O)Cc1csc(NC(=O)CCN2C(=O)c3cccc([N+](=O)[O-])c3C2=O)n1 | UCB+MI=0.8259 | f=0.5312
2025-09-30 01:47:12,248 - INFO - [round 21] pick 4/5: COc1ccc(Cl)cc1-c1c(SCC(O)CN2CCN(CCCO)CC2)c(O)nc2ccc(C(F)(F)F)cc12 | UCB+MI=0.8117 | f=0.5868
2025-09-30 01:47:12,318 - INFO - [round 21] pick 5/5: O=C(O)CN1C(=O)C(NC(CCCCNCCO)C(=O)O)CCc2ccccc21 | UCB+MI=0.8242 | f=0.6368
2025-09-30 01:47:12,389 - INFO - Round 21 done in 66.52s; train size=120
2025-09-30 01:47:12,389 - INFO - 
--- Trial 1, eta0=0.25, Round 22 (train size=120) ---
2025-09-30 01:48:21,006 - INFO - [round 22] pick 1/5: CC(=O)NCC1CN(c2ccc(N3CCN(CC(O)Cn4cnc([N+](=O)[O-])c4)CC3)c(F)c2)C(=O)O1 | UCB+MI=0.8075 | f=0.6322
2025-09-30 01:48:21,079 - INFO - [round 22] pick 2/5: O=C(O)c1ccc(CCCN2C(=O)CCC2CCC(O)Cc2ccc(Cl)cc2)s1 | UCB+MI=0.8561 | f=0.5376
2025-09-30 01:48:21,152 - INFO - [round 22] pick 3/5: COC1C=CC=C(C)C(=O)NC2=CC(=O)C(NCCCCCCNC(=O)c3ccncn3)=C(CC(C)CC(OC)C(O)C(C)C=C(C)C1OC(N)=O)C2=O | UCB+MI=0.7913 | f=0.5992
2025-09-30 01:48:21,226 - INFO - [round 22] pick 4/5: CCCOCCn1c(=O)c(NCCCO)nc2ncc(-c3ccc(OC)nc3)cc21 | UCB+MI=0.8441 | f=0.5988
2025-09-30 01:48:21,302 - INFO - [round 22] pick 5/5: O=C(Cn1cccc(O)c1=O)NCCN(CCNC(=O)Cn1cccc(O)c1=O)CCNC(=O)Cn1cccc(O)c1=O | UCB+MI=0.7775 | f=0.6217
2025-09-30 01:48:21,382 - INFO - Round 22 done in 68.99s; train size=125
2025-09-30 01:48:21,382 - INFO - 
--- Trial 1, eta0=0.25, Round 23 (train size=125) ---
2025-09-30 01:49:33,345 - INFO - [round 23] pick 1/5: CCCCC(C(=O)Nc1ccc2c(C)c(CC(=O)O)c(=O)oc2c1)n1cc(C(C)(NC(=O)c2ccsc2)C2CCC(C)CC2)nn1 | UCB+MI=0.8269 | f=0.2753
2025-09-30 01:49:33,424 - INFO - [round 23] pick 2/5: CN(C)c1cccc2c(S(=O)(=O)NCCCCCCN3CC(O)C(O)C(CO)C3)cccc12 | UCB+MI=0.8084 | f=0.6942
2025-09-30 01:49:33,505 - INFO - [round 23] pick 3/5: COC(=O)C(CCCNC(=N)N[N+](=O)[O-])NC(=O)c1cc(-c2nc3ccc([N+](=O)[O-])cc3[nH]2)ccc1O | UCB+MI=0.8381 | f=0.5837
2025-09-30 01:49:33,586 - INFO - [round 23] pick 4/5: Cn1c(=O)c(F)c(Nc2ccc(I)cc2F)c2c(=O)n(CC(O)CO)cnc21 | UCB+MI=0.7859 | f=0.5172
2025-09-30 01:49:33,669 - INFO - [round 23] pick 5/5: O=C(CN1C(=O)C(CC(=O)Nc2nccs2)SC1c1ccc(Cl)cc1Cl)NCCCN1CCOCC1 | UCB+MI=0.8293 | f=0.5854
2025-09-30 01:49:33,752 - INFO - Round 23 done in 72.37s; train size=130
2025-09-30 01:49:33,753 - INFO - 
--- Trial 1, eta0=0.25, Round 24 (train size=130) ---
2025-09-30 01:50:48,239 - INFO - [round 24] pick 1/5: CCC(=O)CCCCCC(NC(=O)C1CN(C)C1)c1ncc(-c2cnc3ccccc3n2)[nH]1 | UCB+MI=0.8192 | f=0.6265
2025-09-30 01:50:48,325 - INFO - [round 24] pick 2/5: COc1ccc(CCN2C(=O)NC(=O)C(=CNCCCO)C2=O)cc1OC | UCB+MI=0.8372 | f=0.5404
2025-09-30 01:50:48,411 - INFO - [round 24] pick 3/5: CCC1CN(c2nc(N)c(C(=O)NCCNS(=O)(=O)C(F)(F)F)nc2Cl)CCN1C1CCN(Cc2ccc(Cl)cc2)CC1 | UCB+MI=0.8088 | f=0.5919
2025-09-30 01:50:48,499 - INFO - [round 24] pick 4/5: NC(CO)C(=O)NCCNC(=O)c1ccc2c(c1)C(=O)c1cc(C(=O)NCCNC(=O)C(N)CO)ccc1C2=O | UCB+MI=0.8432 | f=0.5921
2025-09-30 01:50:48,588 - INFO - [round 24] pick 5/5: CC1C=CC(=O)C(O)C(O)CC=Cc2cc(NCCOP(=O)(O)O)cc(O)c2C(=O)OC1C | UCB+MI=0.7745 | f=0.621
2025-09-30 01:50:48,679 - INFO - Round 24 done in 74.93s; train size=135
2025-09-30 01:50:48,679 - INFO - 
--- Trial 1, eta0=0.25, Round 25 (train size=135) ---
2025-09-30 01:52:06,962 - INFO - [round 25] pick 1/5: CN1C2CCCC1CC(NC(=O)c1nn(CCCCNc3ccc([N+](=O)[O-])c4nonc34)c3ccccc13)C2 | UCB+MI=0.8071 | f=0.6272
2025-09-30 01:52:07,055 - INFO - [round 25] pick 2/5: CCC(CC)COC(=O)C1(C(=O)O)Oc2ccc(CC(C)NCC(O)c3cccc(Cl)c3)cc2O1 | UCB+MI=0.8168 | f=0.6153
2025-09-30 01:52:07,151 - INFO - [round 25] pick 3/5: CS(=O)(=O)OCCCCCCCn1ccc2c1C(=O)c1cnccc1C2=O | UCB+MI=0.8131 | f=0.6358
2025-09-30 01:52:07,247 - INFO - [round 25] pick 4/5: CCCC(=O)NC(Cc1ccc(OP(=O)(O)O)cc1)C(=O)NCCCN1CCCNC1=O | UCB+MI=0.8832 | f=0.6101
2025-09-30 01:52:07,345 - INFO - [round 25] pick 5/5: COc1c(C)c2c(c(O)c1CCNS(=O)(=O)CS(=O)(=O)NCC1OC(n3cnc4c(N)nc(-c5ccccc5)nc43)C(O)C1O)C(=O)OC2 | UCB+MI=0.814 | f=0.5333
2025-09-30 01:52:07,443 - INFO - Round 25 done in 78.76s; train size=140
2025-09-30 01:52:07,444 - INFO - 
--- Trial 1, eta0=0.25, Round 26 (train size=140) ---
2025-09-30 01:53:27,543 - INFO - [round 26] pick 1/5: CC(CCCCn1cnc2c1NC=NCC2O)(Cc1cccc(Br)c1)C(=O)O | UCB+MI=0.797 | f=0.6402
2025-09-30 01:53:27,643 - INFO - [round 26] pick 2/5: CCCCCCNC(=O)Nc1ccc(S(=O)(=O)N2CCC(CNCC(O)COc3cccc4[nH]c(O)nc34)CC2)cc1 | UCB+MI=0.8577 | f=0.7009
2025-09-30 01:53:27,744 - INFO - [round 26] pick 3/5: COc1ccc(OC)c(C(=O)NC(CC(N)=O)c2ccc(NCCN3CCCCC3)c([N+](=O)[O-])c2)c1 | UCB+MI=0.8659 | f=0.6486
2025-09-30 01:53:27,847 - INFO - [round 26] pick 4/5: O=C1C(Cl)=C(NCCOCCO)C(=O)c2c(O)ccc(O)c21 | UCB+MI=0.8107 | f=0.5634
2025-09-30 01:53:27,951 - INFO - [round 26] pick 5/5: CC(=O)NCCNC(=O)CCCc1nnc2n(CC(C)C)c(=O)c3sccc3n12 | UCB+MI=0.8025 | f=0.5256
2025-09-30 01:53:28,056 - INFO - Round 26 done in 80.61s; train size=145
2025-09-30 01:53:28,057 - INFO - 
--- Trial 1, eta0=0.25, Round 27 (train size=145) ---
2025-09-30 01:54:50,715 - INFO - [round 27] pick 1/5: O=C(NCC(NS(=O)(=O)c1c(Cl)cccc1Cl)C(=O)O)C1=NOC(CCCCNc2ncc[nH]2)C1 | UCB+MI=0.8331 | f=0.5407
2025-09-30 01:54:50,824 - INFO - [round 27] pick 2/5: COc1ccc(SCCCN2CCN(CCCn3cnc4c3c(=O)n(C)c(=O)n4C)CC2)cc1 | UCB+MI=0.8514 | f=0.4983
2025-09-30 01:54:50,932 - INFO - [round 27] pick 3/5: CC(Cc1cc2c(c(C(N)=O)c1)N(CCCO)CC2)NCCOc1cc(Br)ccc1OCC(F)(F)F | UCB+MI=0.8278 | f=0.6086
2025-09-30 01:54:51,042 - INFO - [round 27] pick 4/5: O=C(CCc1cccc([N+](=O)[O-])c1)NC(Cn1cncn1)CP(=O)(O)O | UCB+MI=0.8067 | f=0.5561
2025-09-30 01:54:51,160 - INFO - [round 27] pick 5/5: CC1(C)SC2C(NC(=O)C(NC(=O)c3ccc(-c4ccc(S(=O)(=O)N(CCO)CCO)cc4)[nH]c3=O)c3ccc(O)cc3)C(=O)N2C1C(=O)O | UCB+MI=0.8157 | f=0.5868
2025-09-30 01:54:51,276 - INFO - Round 27 done in 83.22s; train size=150
2025-09-30 01:54:51,276 - INFO - 
--- Trial 1, eta0=0.25, Round 28 (train size=150) ---
2025-09-30 01:56:16,321 - INFO - [round 28] pick 1/5: CC(C)CNc1nc(C#CCCCCCC(=O)O)cn2c(-c3ccc(C(=O)NC4CC4)cc3)cnc12 | UCB+MI=0.8706 | f=0.5713
2025-09-30 01:56:16,436 - INFO - [round 28] pick 2/5: CN(CCOc1no[n+]([O-])c1S(=O)(=O)c1ccccc1)C(=O)CCC(=O)Nc1ccn(C2OC(CO)C(O)C2(F)F)c(=O)n1 | UCB+MI=0.8182 | f=0.589
2025-09-30 01:56:16,552 - INFO - [round 28] pick 3/5: COCCNC(=O)c1c(O)c2ncc(Cc3ccc(F)cc3)cc2n(CC(=O)N2CCCCC2)c1=O | UCB+MI=0.8747 | f=0.6166
2025-09-30 01:56:16,670 - INFO - [round 28] pick 4/5: CCN(CCCCCN1C(=O)c2ccc([N+](=O)[O-])cc2C1=O)Cc1cccc(OC)c1 | UCB+MI=0.8863 | f=0.6856
2025-09-30 01:56:16,789 - INFO - [round 28] pick 5/5: O=c1ccn(CC2OC(COP(=O)(O)CCNCCO)C(O)C2O)c(=O)[nH]1 | UCB+MI=0.7923 | f=0.5189
2025-09-30 01:56:16,910 - INFO - Round 28 done in 85.63s; train size=155
2025-09-30 01:56:16,910 - INFO - 
--- Trial 1, eta0=0.25, Round 29 (train size=155) ---
2025-09-30 01:57:46,915 - INFO - [round 29] pick 1/5: COc1cc(-n2cc(-c3cccc(NC(=O)CCCCCCC(=O)NO)c3)nn2)ccc1F | UCB+MI=0.8708 | f=0.636
2025-09-30 01:57:47,038 - INFO - [round 29] pick 2/5: CCOCCN(CC(O)CN1CCCC2(CC(=O)c3cc(O)ccc3O2)C1)S(=O)(=O)c1c(C)cccc1C | UCB+MI=0.8111 | f=0.689
2025-09-30 01:57:47,162 - INFO - [round 29] pick 3/5: N=C(N)NCCCCN(CC(N)=O)C(=O)CC1C(=O)N(CCc2ccc(Cl)cc2Cl)CC(=O)N1CCc1ccc(Cl)cc1Cl | UCB+MI=0.8326 | f=0.5779
2025-09-30 01:57:47,288 - INFO - [round 29] pick 4/5: CC(C)(C)OC(=O)NC(Cc1ccccc1)C(=O)NC(Cc1c[nH]cn1)C(=O)NC(CC1CCCCC1)C(O)C1CN(CCO)C(=O)O1 | UCB+MI=0.8211 | f=0.568
2025-09-30 01:57:47,420 - INFO - [round 29] pick 5/5: CCNC(=O)C1OC(n2cnc3c(N)nc(NCCc4ccc(CCC(=O)O)cc4)nc32)C(O)C1O | UCB+MI=0.8829 | f=0.5548
2025-09-30 01:57:47,554 - INFO - Round 29 done in 90.64s; train size=160
2025-09-30 01:57:47,554 - INFO - 
--- Trial 1, eta0=0.25, Round 30 (train size=160) ---
2025-09-30 01:59:17,964 - INFO - [round 30] pick 1/5: CCCCCC1(CCCCC)CC(=O)C(C(CC)c2cccc(NS(=O)(=O)c3cn(C)cn3)c2)=C(O)O1 | UCB+MI=0.8289 | f=0.2515
2025-09-30 01:59:18,097 - INFO - [round 30] pick 2/5: NC(=O)n1cc(CC(=O)N2C(C(=O)NCc3cccc(Cl)c3F)CC3CC32)c2cc(OCCO)ccc21 | UCB+MI=0.8237 | f=0.6157
2025-09-30 01:59:18,231 - INFO - [round 30] pick 3/5: O=C(O)CC(Cc1csc(CCCCNc2cc(N3CCCC3)ccn2)n1)c1ccc2c(c1)OCO2 | UCB+MI=0.8375 | f=0.5267
2025-09-30 01:59:18,366 - INFO - [round 30] pick 4/5: Cc1ccc(-c2nn(CCCCOP(=O)(O)CP(=O)(O)O)c3ncnc(N)c23)cc1 | UCB+MI=0.8426 | f=0.5885
2025-09-30 01:59:18,504 - INFO - [round 30] pick 5/5: O=C(NCC(O)CO)c1c([N+](=O)[O-])ccc(N(CCCl)CCCl)c1[N+](=O)[O-] | UCB+MI=0.7911 | f=0.5506
2025-09-30 01:59:18,643 - INFO - Round 30 done in 91.09s; train size=165
2025-09-30 01:59:18,643 - INFO - 
--- Trial 1, eta0=0.25, Round 31 (train size=165) ---
2025-09-30 02:00:56,526 - INFO - [round 31] pick 1/5: COC(=O)NCCCC(O)(c1cccc(Cl)c1-c1cccc(C)c1)C1CCCN(C(=O)C2CC(N)C(O)C2)C1 | UCB+MI=0.8338 | f=0.7365
2025-09-30 02:00:56,667 - INFO - [round 31] pick 2/5: CN(C)CCNc1ccc2c3c(nn2CCNCCO)-c2cnccc2C(=O)c13 | UCB+MI=0.8342 | f=0.6078
2025-09-30 02:00:56,809 - INFO - [round 31] pick 3/5: CS(=O)(=O)Nc1cc(C(O)CNCCCCCCCCCN2CCC(OC(=O)Nc3ccccc3-c3cc(O)cc(F)c3)CC2)ccc1O | UCB+MI=0.8661 | f=0.2824
2025-09-30 02:00:56,952 - INFO - [round 31] pick 4/5: COc1cccc(C2OC(CC(=O)NC(CC(C)C)C(=O)O)C(=O)N(CC(C)(C)CO)c3ccc(Cl)cc32)c1OC | UCB+MI=0.8593 | f=0.6143
2025-09-30 02:00:57,097 - INFO - [round 31] pick 5/5: O=NN(CCCl)C(=O)NCCOC(CCNC(=O)c1ccccc1C(=O)O)n1cc(F)c(=O)[nH]c1=O | UCB+MI=0.8337 | f=0.5785
2025-09-30 02:00:57,244 - INFO - Round 31 done in 98.60s; train size=170
2025-09-30 02:00:57,244 - INFO - 
--- Trial 1, eta0=0.25, Round 32 (train size=170) ---
2025-09-30 02:02:35,497 - INFO - [round 32] pick 1/5: CCc1nc2ccc(C(=O)NCCCN3CCCC3=O)cn2c1N(CC)Cc1cccc(Br)c1 | UCB+MI=0.8702 | f=0.3168
2025-09-30 02:02:35,646 - INFO - [round 32] pick 2/5: CC(C)(c1ncc(-c2ccc(F)cc2)o1)N1CCN(CC(O)CC(Cc2nnco2)C(=O)NC2CCOCC2O)C(C(=O)NCC(F)(F)F)C1 | UCB+MI=0.8136 | f=0.6253
2025-09-30 02:02:35,796 - INFO - [round 32] pick 3/5: NC(=NC(=O)c1nc(Cl)c(N)nc1N)NCCCCc1cccc(OCCO)c1 | UCB+MI=0.8477 | f=0.5424
2025-09-30 02:02:35,948 - INFO - [round 32] pick 4/5: O=c1[nH]c(=O)n(C2CC(O)C(CO)O2)cc1OCc1ccc([N+](=O)[O-])cc1 | UCB+MI=0.8435 | f=0.564
2025-09-30 02:02:36,103 - INFO - [round 32] pick 5/5: CCC1(OC(=O)CNC(=O)CNC(=O)CCC(N)C(=O)O)C(=O)OCc2c1cc1n(c2=O)Cc2cc3ccccc3nc2-1 | UCB+MI=0.8223 | f=0.5834
2025-09-30 02:02:36,259 - INFO - Round 32 done in 99.01s; train size=175
2025-09-30 02:02:36,259 - INFO - 
--- Trial 1, eta0=0.25, Round 33 (train size=175) ---
2025-09-30 02:04:17,228 - INFO - [round 33] pick 1/5: CCCC(N=C(O)N1CC(NOCC(F)(F)F)=NCC(Cc2cc(Cl)ccc2OC)C1=O)c1ccc(C(=O)O)c(N)c1 | UCB+MI=0.8464 | f=0.5921
2025-09-30 02:04:17,387 - INFO - [round 33] pick 2/5: CC(C)C(O)C(=O)N1CC(OCCCc2ccccc2)CC1C(=O)NC(CC(F)F)C(=O)NCCc1c(F)cc(C(=O)O)cc1F | UCB+MI=0.855 | f=0.5989
2025-09-30 02:04:17,548 - INFO - [round 33] pick 3/5: [H]C([H])([H])C([H])([H])Cn1c(=O)c2[nH]c(-c3ccc(OCC(=O)NCCO)cc3)cc2n(C)c1=O | UCB+MI=0.8711 | f=0.5821
2025-09-30 02:04:17,710 - INFO - [round 33] pick 4/5: CC1CCc2c(nc3ccc([N+](=O)[O-])cc3c2NCCCCCCNc2c3c(nc4ccc([N+](=O)[O-])cc24)CC(C)CC3)C1 | UCB+MI=0.8082 | f=0.04989
2025-09-30 02:04:17,874 - INFO - [round 33] pick 5/5: CNCC(CC1CCCCC1)NC(=O)N1CCCC(C(O)(CCCNS(N)(=O)=O)c2cccc(Cl)c2)C1 | UCB+MI=0.8153 | f=0.6456
2025-09-30 02:04:18,040 - INFO - Round 33 done in 101.78s; train size=180
2025-09-30 02:04:18,040 - INFO - 
--- Trial 1, eta0=0.25, Round 34 (train size=180) ---
2025-09-30 02:06:01,607 - INFO - [round 34] pick 1/5: COCC(O)CN(C(=O)CNC(=O)c1cc2cc(Cl)ccc2[nH]1)C1CCCC1 | UCB+MI=0.8188 | f=0.6414
2025-09-30 02:06:01,776 - INFO - [round 34] pick 2/5: COc1cccc(-c2cn(C3CC(CNCCO)C3)c3ncnc(N)c23)c1 | UCB+MI=0.8337 | f=0.639
2025-09-30 02:06:01,947 - INFO - [round 34] pick 3/5: CN(C)CCCCCC(=O)Nc1cnc(-c2ccc(F)cc2)n(CC(=O)NC(CC(=O)O)C(=O)COC(=O)c2c(Cl)cccc2Cl)c1=O | UCB+MI=0.8476 | f=0.5797
2025-09-30 02:06:02,120 - INFO - [round 34] pick 4/5: CC(C)CN1C(=O)C(=O)N(CC(=O)NCc2ccc3c(c2)OCO3)C1=O | UCB+MI=0.8343 | f=0.5276
2025-09-30 02:06:02,294 - INFO - [round 34] pick 5/5: NC(=O)c1cccc(CC2CC(Cc3ccccc3)N(CC(O)CC(Cc3ccc(OCCO)cc3)C(=O)NC3c4ccccc4CC3O)C2=O)c1 | UCB+MI=0.8202 | f=0.6946
2025-09-30 02:06:02,471 - INFO - Round 34 done in 104.43s; train size=185
2025-09-30 02:06:02,471 - INFO - 
--- Trial 1, eta0=0.25, Round 35 (train size=185) ---
2025-09-30 02:07:50,245 - INFO - [round 35] pick 1/5: CCC(CO)NCc1cccnc1N1CCN(C(=O)C(Cc2ccc(Cl)cc2Cl)NC(=O)CCN)CC1 | UCB+MI=0.8676 | f=0.6476
2025-09-30 02:07:50,430 - INFO - [round 35] pick 2/5: Cc1ccc(C(C)OCC(O)CNC(C)(C)Cc2ccc3c(c2)CCS3(=O)=O)c2c1OC1C(C(=O)O)C21 | UCB+MI=0.8045 | f=0.6211
2025-09-30 02:07:50,617 - INFO - [round 35] pick 3/5: COc1cc(NC(C)=O)c(I)cc1C(=O)NCCCCN1CC2CCC1C2 | UCB+MI=0.8167 | f=0.3319
2025-09-30 02:07:50,802 - INFO - [round 35] pick 4/5: O=c1nc(Nc2ccc(OC(F)F)cc2)n(Cc2ccc(Cl)cc2)c(=O)n1CC(CO)CO | UCB+MI=0.8357 | f=0.587
2025-09-30 02:07:50,987 - INFO - [round 35] pick 5/5: COCCN(CC(=O)O)C(=O)C(CCCN=C(N)N)NS(=O)(=O)c1ccc2cc(OC)c(OC)cc2c1 | UCB+MI=0.8324 | f=0.6208
2025-09-30 02:07:51,173 - INFO - Round 35 done in 108.70s; train size=190
2025-09-30 02:07:51,173 - INFO - 
--- Trial 1, eta0=0.25, Round 36 (train size=190) ---
2025-09-30 02:09:40,936 - INFO - [round 36] pick 1/5: NCCCCC(NC(=O)N1CCCC1)C(=O)c1noc(Cc2ccc(OCCc3ccc(Cl)c(Cl)c3)cc2)n1 | UCB+MI=0.865 | f=0.487
2025-09-30 02:09:41,123 - INFO - [round 36] pick 2/5: CN1Cc2cc(C(=O)NCCNc3ncccn3)ccc2NC(CC(=O)O)C1=O | UCB+MI=0.8385 | f=0.5715
2025-09-30 02:09:41,314 - INFO - [round 36] pick 3/5: CC(C)CC(O)c1c(-c2cccc(OC(F)(F)F)c2)sc2c1c(=O)n(CCCO)c(=O)n2C | UCB+MI=0.8322 | f=0.5633
2025-09-30 02:09:41,506 - INFO - [round 36] pick 4/5: CCOc1ccccc1OCCNCC(O)COc1cccc2c1CC(O)C(O)C2 | UCB+MI=0.8126 | f=0.6575
2025-09-30 02:09:41,701 - INFO - [round 36] pick 5/5: NC(=O)c1cccc(C2CC3CCC(C2)N3CCN(CC2CCCCC2)C(=O)CC(O)CO)c1 | UCB+MI=0.8065 | f=0.6507
2025-09-30 02:09:41,898 - INFO - Round 36 done in 110.72s; train size=195
2025-09-30 02:09:41,898 - INFO - 
--- Trial 1, eta0=0.25, Round 37 (train size=195) ---
2025-09-30 02:11:36,102 - INFO - [round 37] pick 1/5: CCNC(=O)c1cc2c(c(-c3cccc(-c4cncnc4)c3)n1)C(CCO)N(C(C)=O)C2 | UCB+MI=0.8266 | f=0.6286
2025-09-30 02:11:36,304 - INFO - [round 37] pick 2/5: COCCC1(C(=O)NC(Cc2ccc(-c3cn(C)c(=O)n(C)c3=O)c(C)c2)C(=O)O)CCCC1 | UCB+MI=0.8495 | f=0.6369
2025-09-30 02:11:36,515 - INFO - [round 37] pick 3/5: CC(C)(C)NC(=O)C1CN(Cc2cccnc2)CCN1CC(O)CC(CC1CCCCC1)C(=O)NC1c2cccc(Cl)c2CC1O | UCB+MI=0.8644 | f=0.6501
2025-09-30 02:11:36,721 - INFO - [round 37] pick 4/5: COCCNCc1ccc(CCNCC(O)c2ccc(O)c3[nH]c(=O)sc23)cc1 | UCB+MI=0.8294 | f=0.5961
2025-09-30 02:11:36,929 - INFO - [round 37] pick 5/5: O=C1CCN(C2OC(CNC(=O)C(Cc3c[nH]c4ccccc34)NC(=O)CC3OC(CO)C(O)C(O)C3O)C(O)C2O)C(=O)N1 | UCB+MI=0.8184 | f=0.5626
2025-09-30 02:11:37,141 - INFO - Round 37 done in 115.24s; train size=200
2025-09-30 02:11:37,141 - INFO - 
--- Trial 1, eta0=0.25, Round 38 (train size=200) ---
2025-09-30 02:13:33,203 - INFO - [round 38] pick 1/5: COCC(=O)NC(Cc1cccc(-c2nccn2C)c1)C(O)CNC1CC2(CCC2)Oc2ncc(CC(C)(C)C)cc21 | UCB+MI=0.8322 | f=0.6576
2025-09-30 02:13:33,412 - INFO - [round 38] pick 2/5: CCCc1ccc(CCC(=O)c2c(O)cc(OC(CC(O)CO)C(=O)O)cc2O)cc1O | UCB+MI=0.8635 | f=0.645
2025-09-30 02:13:33,624 - INFO - [round 38] pick 3/5: O=C(CN1C(=O)c2cccc3cccc(c23)C1=O)NCCCO | UCB+MI=0.864 | f=0.6062
2025-09-30 02:13:33,837 - INFO - [round 38] pick 4/5: CNC(=O)COCC(=O)N1CCC(C(=O)N(CCCN2CCC(Cc3ccc(C(N)=O)cc3)CC2)c2ccc(C)c(Cl)c2)CC1 | UCB+MI=0.8346 | f=0.6993
2025-09-30 02:13:34,053 - INFO - [round 38] pick 5/5: CCCOc1ccc(S(=O)(=O)N2CC(NC(=O)C(C)O)CC2C(=O)NO)cc1 | UCB+MI=0.8279 | f=0.5297
2025-09-30 02:13:34,278 - INFO - Round 38 done in 117.14s; train size=205
2025-09-30 02:13:34,278 - INFO - 
--- Trial 1, eta0=0.25, Round 39 (train size=205) ---
2025-09-30 02:15:30,657 - INFO - [round 39] pick 1/5: CCCC1(C(O)c2cccc(C3C(O)CC(=O)C3Cc3cccc(OCC(=O)O)c3)c2)CCC1 | UCB+MI=0.8581 | f=0.7103
2025-09-30 02:15:30,877 - INFO - [round 39] pick 2/5: COCCC1CN(C2c3ccc(Cl)cc3CCc3cc(Br)cnc32)CCN1C(=O)CC1CCN(C(N)=O)CC1 | UCB+MI=0.8193 | f=0.6286
2025-09-30 02:15:31,100 - INFO - [round 39] pick 3/5: COc1cc(NC(C)CCCNC(=O)CC(NC(=O)C(N)CCCN)C(=O)O)c2ncccc2c1 | UCB+MI=0.8499 | f=0.6169
2025-09-30 02:15:31,324 - INFO - [round 39] pick 4/5: CC(C)(CCO)c1cc2cc(NC(=O)C3(c4ccc5c(c4)OC(F)(F)O5)CC3)c(F)cc2n1CC(O)CO | UCB+MI=0.818 | f=0.6377
2025-09-30 02:15:31,557 - INFO - [round 39] pick 5/5: [N-]=[N+]=NCCOC1CC(C(=O)NCc2ccc(CO)cc2)C(C(=O)NCc2ccc(CO)cc2)CC1OC1OC(CO)C(O)C(O)C1O | UCB+MI=0.8102 | f=0.5843
2025-09-30 02:15:31,918 - INFO - Round 39 done in 117.64s; train size=210
