['COc1ccc(C2=NN(c3nc(-c4ccccc4)cs3)C(c3ccc(OC)cc3)C2)cc1',
 'COc1ccc(Nc2nc(SCc3cn(CC(=O)NC(=O)Nc4ccccn4)nn3)nc(-c3ccc(C(C)C)cc3)c2C#N)cc1',
 'COC(=O)C(CCSC)NC(=O)C1CC(Oc2ccccc2)CN1CC(C=CC(N)CS)C(C)C',
 'COc1ccccc1-c1ccc2nc(C(=O)NCc3ccncc3)cn2c1',
 'C=Cc1ccc(C(C)(C)C)cc1',
 'COc1ccc(C(C)NC(=O)C(=O)c2c[nH]c3ccc([N+](=O)[O-])cc23)cc1OC',
 'O=C(CC=Cc1ccccc1)Nc1cccc(Cl)c1',
 'COC(C)(C)CNC(=O)N1CCC(n2ccc(C(F)(F)F)n2)CC1',
 'Cc1nc2ncnn2c(C)c1CCC(=O)N1CCc2ccccc2C1',
 'NC(=O)N(O)C(C#Cc1ccc(Oc2ccc(F)cc2)o1)C1CC1']
f1 shape: (10,)
2025-09-15 15:29:53,107 - INFO - Initial Y: [0.011941582475688294, 0.36709406514578036, 0.5928155507483438, 0.2621744695664325, 6.617206458697174e-07, 0.5323100515325014, 0.001129326656260918, 0.10462189719391271, 0.1730990972584783, 0.5464384486535436]
CUDA backend failed to initialize: Found cuDNN version 8500, but JAX was built against version 8906, which is newer. The copy of cuDNN that is installed must be at least as new as the version against which JAX was built. (Set TF_CPP_MIN_LOG_LEVEL=0 and rerun for more info.)
2025-09-15 15:30:22,062 - INFO - 
--- Iter 0 (train size=10) ---
2025-09-15 15:30:30,428 - INFO - eta_t=0.2500 | novelty mean=0.8241, std=0.0472 | UCB range=(0.2481, 0.6827) | novelty_z range=(-14.648,3.567)
2025-09-15 15:30:30,428 - INFO - Selected ClC1(Cl)C2(Cl)C3(Cl)C4(Cl)C(Cl)(Cl)C5(Cl)C3(Cl)C1(Cl)C5(Cl)C24Cl → UCB+nov = 1.206
f1 shape: (1,)
2025-09-15 15:30:30,430 - INFO -   True f = 0
2025-09-15 15:30:30,447 - INFO - Iter time: 8.38s
2025-09-15 15:30:30,447 - INFO - 
--- Iter 1 (train size=11) ---
2025-09-15 15:30:39,170 - INFO - eta_t=0.1768 | novelty mean=0.8241, std=0.0472 | UCB range=(0.2481, 0.6827) | novelty_z range=(-14.651,3.485)
2025-09-15 15:30:39,170 - INFO - Selected [O-][Cl+]O → UCB+nov = 0.9414
f1 shape: (1,)
2025-09-15 15:30:39,171 - INFO -   True f = 0
2025-09-15 15:30:39,187 - INFO - Iter time: 8.74s
2025-09-15 15:30:39,187 - INFO - 
--- Iter 2 (train size=12) ---
2025-09-15 15:30:48,592 - INFO - eta_t=0.1443 | novelty mean=0.8241, std=0.0472 | UCB range=(0.2481, 0.6826) | novelty_z range=(-14.653,3.431)
2025-09-15 15:30:48,592 - INFO - Selected ClC(Br)Br → UCB+nov = 0.8233
f1 shape: (1,)
2025-09-15 15:30:48,593 - INFO -   True f = 0
2025-09-15 15:30:48,609 - INFO - Iter time: 9.42s
2025-09-15 15:30:48,609 - INFO - 
--- Iter 3 (train size=13) ---
2025-09-15 15:30:58,046 - INFO - eta_t=0.1250 | novelty mean=0.8241, std=0.0471 | UCB range=(0.2481, 0.6826) | novelty_z range=(-14.658,3.289)
2025-09-15 15:30:58,047 - INFO - Selected NS(N)(=O)=O → UCB+nov = 0.7505
f1 shape: (1,)
2025-09-15 15:30:58,048 - INFO -   True f = 0
2025-09-15 15:30:58,064 - INFO - Iter time: 9.45s
2025-09-15 15:30:58,064 - INFO - 
--- Iter 4 (train size=14) ---
2025-09-15 15:31:08,053 - INFO - eta_t=0.1118 | novelty mean=0.8240, std=0.0471 | UCB range=(0.2481, 0.6825) | novelty_z range=(-14.682,3.296)
2025-09-15 15:31:08,053 - INFO - Selected NC1C(O)C(O)C(O)C(O)C1NC1C(O)C(O)C(O)C(O)C1O → UCB+nov = 0.7038
f1 shape: (1,)
2025-09-15 15:31:08,055 - INFO -   True f = 0.2426
2025-09-15 15:31:08,072 - INFO - Iter time: 10.01s
2025-09-15 15:31:08,072 - INFO - 
--- Iter 5 (train size=15) ---
2025-09-15 15:31:18,746 - INFO - eta_t=0.1021 | novelty mean=0.8237, std=0.0466 | UCB range=(0.2482, 0.6844) | novelty_z range=(-14.809,3.332)
2025-09-15 15:31:18,746 - INFO - Selected CCCCCCCCCCCCCCCCCCN(CCCCCCCCCCCCCCCCCC)CCCN(CCO)CCO → UCB+nov = 0.6757
f1 shape: (1,)
2025-09-15 15:31:18,749 - INFO -   True f = 1.097e-07
2025-09-15 15:31:18,765 - INFO - Iter time: 10.69s
2025-09-15 15:31:18,765 - INFO - 
--- Iter 6 (train size=16) ---
2025-09-15 15:31:29,874 - INFO - eta_t=0.0945 | novelty mean=0.8226, std=0.0465 | UCB range=(0.2483, 0.6843) | novelty_z range=(-14.836,3.292)
2025-09-15 15:31:29,874 - INFO - Selected N#CNC(=S)S → UCB+nov = 0.6532
f1 shape: (1,)
2025-09-15 15:31:29,875 - INFO -   True f = 0
2025-09-15 15:31:29,893 - INFO - Iter time: 11.13s
2025-09-15 15:31:29,893 - INFO - 
--- Iter 7 (train size=17) ---
2025-09-15 15:31:41,192 - INFO - eta_t=0.0884 | novelty mean=0.8226, std=0.0465 | UCB range=(0.2484, 0.6842) | novelty_z range=(-14.845,3.291)
2025-09-15 15:31:41,193 - INFO - Selected Cc1cn(C2OC(COP(=O)(O)O)C(CN=[N+]=[N-])C2O)c(=O)[nH]c1=O → UCB+nov = 0.6259
f1 shape: (1,)
2025-09-15 15:31:41,195 - INFO -   True f = 0.4467
2025-09-15 15:31:41,211 - INFO - Iter time: 11.32s
2025-09-15 15:31:41,211 - INFO - 
--- Iter 8 (train size=18) ---
2025-09-15 15:31:53,803 - INFO - eta_t=0.0833 | novelty mean=0.8217, std=0.0459 | UCB range=(0.2501, 0.6884) | novelty_z range=(-15.004,3.350)
2025-09-15 15:31:53,803 - INFO - Selected O=C(O)C(O)C(O)C(=O)O → UCB+nov = 0.6294
f1 shape: (1,)
2025-09-15 15:31:53,804 - INFO -   True f = 0.3132
2025-09-15 15:31:53,822 - INFO - Iter time: 12.61s
2025-09-15 15:31:53,822 - INFO - 
--- Iter 9 (train size=19) ---
2025-09-15 15:32:06,281 - INFO - eta_t=0.0791 | novelty mean=0.8214, std=0.0457 | UCB range=(0.2492, 0.6951) | novelty_z range=(-15.062,3.370)
2025-09-15 15:32:06,281 - INFO - Selected CC(=CC(=O)CC(C)C(=O)O)C1CC(=O)C2(C)C3=C(C(=O)CC12C)C1(C)CCC(O)C(C)(C)C1CC3=O → UCB+nov = 0.6243
f1 shape: (1,)
2025-09-15 15:32:06,284 - INFO -   True f = 0.5744
2025-09-15 15:32:06,301 - INFO - Iter time: 12.48s
2025-09-15 15:32:06,301 - INFO - 
--- Iter 10 (train size=20) ---
2025-09-15 15:32:20,133 - INFO - eta_t=0.0754 | novelty mean=0.8201, std=0.0444 | UCB range=(0.2492, 0.7029) | novelty_z range=(-15.479,3.331)
2025-09-15 15:32:20,133 - INFO - Selected CC(C#N)c1cc(C(=O)OC2OC(C(=O)O)C(O)C(O)C2O)cc(C(C)(C)C#N)c1 → UCB+nov = 0.6438
f1 shape: (1,)
2025-09-15 15:32:20,135 - INFO -   True f = 0.4746
2025-09-15 15:32:20,152 - INFO - Iter time: 13.85s
2025-09-15 15:32:20,152 - INFO - 
--- Iter 11 (train size=21) ---
2025-09-15 15:32:33,982 - INFO - eta_t=0.0722 | novelty mean=0.8199, std=0.0443 | UCB range=(0.2489, 0.7068) | novelty_z range=(-15.521,3.345)
2025-09-15 15:32:33,982 - INFO - Selected CC(C)CC1C(=O)N(CC(O)C(=O)O)C(=O)C1c1ccc(O)cc1 → UCB+nov = 0.6507
f1 shape: (1,)
2025-09-15 15:32:33,984 - INFO -   True f = 0.5836
2025-09-15 15:32:34,002 - INFO - Iter time: 13.85s
2025-09-15 15:32:34,002 - INFO - 
--- Iter 12 (train size=22) ---
2025-09-15 15:32:49,008 - INFO - eta_t=0.0693 | novelty mean=0.8190, std=0.0438 | UCB range=(0.2520, 0.7165) | novelty_z range=(-15.680,3.405)
2025-09-15 15:32:49,008 - INFO - Selected CCNC(=O)c1noc(-c2cc(C(C)C)c(O)cc2O)c1NC(=O)C1CCC(C(=O)OC)C1 → UCB+nov = 0.6566
f1 shape: (1,)
2025-09-15 15:32:49,010 - INFO -   True f = 0.541
2025-09-15 15:32:49,026 - INFO - Iter time: 15.02s
2025-09-15 15:32:49,026 - INFO - 
--- Iter 13 (train size=23) ---
2025-09-15 15:33:04,736 - INFO - eta_t=0.0668 | novelty mean=0.8185, std=0.0434 | UCB range=(0.2527, 0.7162) | novelty_z range=(-15.805,3.445)
2025-09-15 15:33:04,736 - INFO - Selected COC12C(COC(N)=O)C3=C(C(=O)C(C)=C(NCC(N)=O)C3=O)N1CC1NC12 → UCB+nov = 0.6619
f1 shape: (1,)
2025-09-15 15:33:04,738 - INFO -   True f = 0.4491
2025-09-15 15:33:04,754 - INFO - Iter time: 15.73s
2025-09-15 15:33:04,754 - INFO - 
--- Iter 14 (train size=24) ---
2025-09-15 15:33:21,522 - INFO - eta_t=0.0645 | novelty mean=0.8184, std=0.0439 | UCB range=(0.2524, 0.7156) | novelty_z range=(-15.627,3.412)
2025-09-15 15:33:21,522 - INFO - Selected CC(C)C(=O)OCC1OC(n2ccc(N)nc2=O)C(C)(F)C1OC(=O)C(C)C → UCB+nov = 0.6714
f1 shape: (1,)
2025-09-15 15:33:21,524 - INFO -   True f = 0.4258
2025-09-15 15:33:21,540 - INFO - Iter time: 16.79s
2025-09-15 15:33:21,540 - INFO - 
--- Iter 15 (train size=25) ---
2025-09-15 15:33:37,953 - INFO - eta_t=0.0625 | novelty mean=0.8182, std=0.0438 | UCB range=(0.2519, 0.7149) | novelty_z range=(-15.645,3.420)
2025-09-15 15:33:37,953 - INFO - Selected CCC(CC)C(=O)N1CC(C(=O)O)C(N)C(O)C1NC(C)=O → UCB+nov = 0.6703
f1 shape: (1,)
2025-09-15 15:33:37,955 - INFO -   True f = 0.4581
2025-09-15 15:33:37,971 - INFO - Iter time: 16.43s
2025-09-15 15:33:37,971 - INFO - 
--- Iter 16 (train size=26) ---
2025-09-15 15:33:56,040 - INFO - eta_t=0.0606 | novelty mean=0.8181, std=0.0437 | UCB range=(0.2511, 0.7182) | novelty_z range=(-15.689,3.434)
2025-09-15 15:33:56,040 - INFO - Selected CC(C)C1=CC2CC3(C=O)C4CCC(C)C4CC2(CCOC(=O)c2cc[n+]([O-])cc2)C13C(=O)O → UCB+nov = 0.6757
f1 shape: (1,)
2025-09-15 15:33:56,043 - INFO -   True f = 0.6356
2025-09-15 15:33:56,059 - INFO - Iter time: 18.09s
2025-09-15 15:33:56,059 - INFO - 
--- Iter 17 (train size=27) ---
2025-09-15 15:34:13,872 - INFO - eta_t=0.0589 | novelty mean=0.8179, std=0.0436 | UCB range=(0.2513, 0.7649) | novelty_z range=(-15.692,3.440)
2025-09-15 15:34:13,872 - INFO - Selected COCCC1(C(=O)NC(Cc2ccc(-c3cn(C)c(=O)n(C)c3=O)c(C)c2)C(=O)O)CCCC1 → UCB+nov = 0.6902
f1 shape: (1,)
2025-09-15 15:34:13,875 - INFO -   True f = 0.6369
2025-09-15 15:34:13,893 - INFO - Iter time: 17.83s
2025-09-15 15:34:13,893 - INFO - 
--- Iter 18 (train size=28) ---
2025-09-15 15:34:33,376 - INFO - eta_t=0.0574 | novelty mean=0.8168, std=0.0430 | UCB range=(0.2522, 0.7723) | novelty_z range=(-15.901,3.501)
2025-09-15 15:34:33,377 - INFO - Selected CC(=O)OCC1=C(C(=O)O)N2C(=O)C(NC(=O)C(NC(=O)C3CCC(C(=O)O)O3)c3ccccc3)C2SC1 → UCB+nov = 0.702
f1 shape: (1,)
2025-09-15 15:34:33,379 - INFO -   True f = 0.5642
2025-09-15 15:34:33,397 - INFO - Iter time: 19.50s
2025-09-15 15:34:33,397 - INFO - 
--- Iter 19 (train size=29) ---
2025-09-15 15:34:53,063 - INFO - eta_t=0.0559 | novelty mean=0.8163, std=0.0431 | UCB range=(0.2554, 0.7811) | novelty_z range=(-15.856,3.505)
2025-09-15 15:34:53,063 - INFO - Selected C=CCSCC(NC(C)=O)C(=O)OCC(=O)C1(O)Cc2c(O)c3c(c(O)c2C(OC2CC(N)C(O)C(C)O2)C1)C(=O)c1c(OC)cccc1C3=O → UCB+nov = 0.7122
f1 shape: (1,)
2025-09-15 15:34:53,066 - INFO -   True f = 0.5598
2025-09-15 15:34:53,083 - INFO - Iter time: 19.69s
2025-09-15 15:34:53,083 - INFO - 
--- Iter 20 (train size=30) ---
2025-09-15 15:35:13,804 - INFO - eta_t=0.0546 | novelty mean=0.8162, std=0.0434 | UCB range=(0.2547, 0.7847) | novelty_z range=(-15.751,3.487)
2025-09-15 15:35:13,804 - INFO - Selected CC1CN(C(C)CO)C(=O)c2cccc(NC(=O)C3CC3)c2OC1CN(C)Cc1ccc(C(=O)O)cc1 → UCB+nov = 0.7203
f1 shape: (1,)
2025-09-15 15:35:13,806 - INFO -   True f = 0.6452
2025-09-15 15:35:13,825 - INFO - Iter time: 20.74s
2025-09-15 15:35:13,825 - INFO - 
--- Iter 21 (train size=31) ---
2025-09-15 15:35:35,274 - INFO - eta_t=0.0533 | novelty mean=0.8147, std=0.0439 | UCB range=(0.2563, 0.7905) | novelty_z range=(-15.529,3.478)
2025-09-15 15:35:35,274 - INFO - Selected CCC(C(=O)C(C)C(O)C(C)CCc1c(N)cc(C)c(O)c1C(=O)O)C1OC(CC)(C2CCC(O)(CC)C(C)O2)CC1C → UCB+nov = 0.7245
f1 shape: (1,)
2025-09-15 15:35:35,276 - INFO -   True f = 0.3921
2025-09-15 15:35:35,295 - INFO - Iter time: 21.47s
2025-09-15 15:35:35,295 - INFO - 
--- Iter 22 (train size=32) ---
2025-09-15 15:35:57,748 - INFO - eta_t=0.0521 | novelty mean=0.8147, std=0.0439 | UCB range=(0.2563, 0.7906) | novelty_z range=(-15.531,3.480)
2025-09-15 15:35:57,748 - INFO - Selected COc1ccc(N2CC(C(=O)NC(CC(C)C)C(=O)NC3CCCC3)CC2=O)cc1 → UCB+nov = 0.7233
f1 shape: (1,)
2025-09-15 15:35:57,750 - INFO -   True f = 0.587
2025-09-15 15:35:57,768 - INFO - Iter time: 22.47s
2025-09-15 15:35:57,768 - INFO - 
--- Iter 23 (train size=33) ---
2025-09-15 15:36:20,830 - INFO - eta_t=0.0510 | novelty mean=0.8128, std=0.0440 | UCB range=(0.2585, 0.7913) | novelty_z range=(-15.453,3.514)
2025-09-15 15:36:20,830 - INFO - Selected CCOC(=O)C=CC(CC1CCNC1=O)NC(=O)C(Cc1ccc(F)cc1)OC(=O)C(NC(=O)c1cc(C)on1)C(C)C → UCB+nov = 0.7298
f1 shape: (1,)
2025-09-15 15:36:20,833 - INFO -   True f = 0.5495
2025-09-15 15:36:20,851 - INFO - Iter time: 23.08s
2025-09-15 15:36:20,851 - INFO - 
--- Iter 24 (train size=34) ---
2025-09-15 15:36:44,290 - INFO - eta_t=0.0500 | novelty mean=0.8125, std=0.0441 | UCB range=(0.2580, 0.7930) | novelty_z range=(-15.407,3.477)
2025-09-15 15:36:44,290 - INFO - Selected CC(CCC(=O)NC(CCC(=O)Nc1ccc(F)cc1F)C(=O)O)C1CCC2C3C(O)CC4CC(O)CCC4(C)C3CCC12C → UCB+nov = 0.7324
f1 shape: (1,)
2025-09-15 15:36:44,293 - INFO -   True f = 0.3705
2025-09-15 15:36:44,311 - INFO - Iter time: 23.46s
2025-09-15 15:36:44,311 - INFO - 
--- Iter 25 (train size=35) ---
2025-09-15 15:37:08,515 - INFO - eta_t=0.0490 | novelty mean=0.8121, std=0.0442 | UCB range=(0.2582, 0.7922) | novelty_z range=(-15.357,3.477)
2025-09-15 15:37:08,515 - INFO - Selected CCOC(=O)C1C(=O)CC(C)(O)C(C(=O)OCC)C1c1cc(Br)ccc1OC → UCB+nov = 0.73
f1 shape: (1,)
2025-09-15 15:37:08,517 - INFO -   True f = 0.5482
2025-09-15 15:37:08,537 - INFO - Iter time: 24.23s
2025-09-15 15:37:08,537 - INFO - 
--- Iter 26 (train size=36) ---
2025-09-15 15:37:33,558 - INFO - eta_t=0.0481 | novelty mean=0.8118, std=0.0441 | UCB range=(0.2581, 0.7948) | novelty_z range=(-15.387,3.494)
2025-09-15 15:37:33,558 - INFO - Selected C=C(C(=O)OC1CC(C)=C(O)CCC(CO)=CC2OC(=O)C(=C)C21)C(O)COC(C)=O → UCB+nov = 0.7354
f1 shape: (1,)
2025-09-15 15:37:33,560 - INFO -   True f = 0.526
2025-09-15 15:37:33,579 - INFO - Iter time: 25.04s
2025-09-15 15:37:33,579 - INFO - 
--- Iter 27 (train size=37) ---
2025-09-15 15:37:59,947 - INFO - eta_t=0.0472 | novelty mean=0.8117, std=0.0441 | UCB range=(0.2576, 0.7966) | novelty_z range=(-15.392,3.497)
2025-09-15 15:37:59,948 - INFO - Selected CC(=O)OC(CC1=C(O)C(=O)OC1)C1(C)C2CCC=C(C)C2(C)C(OC(=O)c2cccnc2)C(O)C1(C)O → UCB+nov = 0.7388
f1 shape: (1,)
2025-09-15 15:37:59,950 - INFO -   True f = 0.5699
2025-09-15 15:37:59,969 - INFO - Iter time: 26.39s
2025-09-15 15:37:59,969 - INFO - 
--- Iter 28 (train size=38) ---
2025-09-15 15:38:26,459 - INFO - eta_t=0.0464 | novelty mean=0.8116, std=0.0441 | UCB range=(0.2576, 0.7989) | novelty_z range=(-15.405,3.504)
2025-09-15 15:38:26,459 - INFO - Selected CCOCC(NC(=O)C1CNCC(C(=O)N(c2ccc(C(C)C)cn2)C2CC2)C1O)C(C)C → UCB+nov = 0.7402
f1 shape: (1,)
2025-09-15 15:38:26,461 - INFO -   True f = 0.6004
2025-09-15 15:38:26,481 - INFO - Iter time: 26.51s
2025-09-15 15:38:26,481 - INFO - 
--- Iter 29 (train size=39) ---
2025-09-15 15:38:53,371 - INFO - eta_t=0.0456 | novelty mean=0.8115, std=0.0440 | UCB range=(0.2572, 0.8003) | novelty_z range=(-15.414,3.507)
2025-09-15 15:38:53,371 - INFO - Selected CCCCCC1C(=O)OC(C)C(NC(=O)c2cccc(NC=O)c2O)C(=O)OC(C)C1OC(=O)CC(C)C → UCB+nov = 0.7447
f1 shape: (1,)
2025-09-15 15:38:53,373 - INFO -   True f = 0.5448
2025-09-15 15:38:53,394 - INFO - Iter time: 26.91s
2025-09-15 15:38:53,394 - INFO - 
--- Iter 30 (train size=40) ---
2025-09-15 15:39:21,964 - INFO - eta_t=0.0449 | novelty mean=0.8114, std=0.0440 | UCB range=(0.2571, 0.8023) | novelty_z range=(-15.432,3.515)
2025-09-15 15:39:21,964 - INFO - Selected CCC(NC(=O)N1CC(=O)NCC(Cc2cc(Cl)ccc2OC)C1=O)C(=O)NC(C)C(=O)O → UCB+nov = 0.7471
f1 shape: (1,)
2025-09-15 15:39:21,966 - INFO -   True f = 0.547
2025-09-15 15:39:21,987 - INFO - Iter time: 28.59s
2025-09-15 15:39:21,987 - INFO - 
--- Iter 31 (train size=41) ---
2025-09-15 15:39:50,292 - INFO - eta_t=0.0442 | novelty mean=0.8112, std=0.0439 | UCB range=(0.2573, 0.8025) | novelty_z range=(-15.445,3.522)
2025-09-15 15:39:50,292 - INFO - Selected COC1CC2C(C)(COC(=O)CCC(=O)O)CCCC2(C)c2ccc(C(C)C)cc21 → UCB+nov = 0.7478
f1 shape: (1,)
2025-09-15 15:39:50,294 - INFO -   True f = 0.2902
2025-09-15 15:39:50,315 - INFO - Iter time: 28.33s
2025-09-15 15:39:50,315 - INFO - 
--- Iter 32 (train size=42) ---
2025-09-15 15:40:19,682 - INFO - eta_t=0.0435 | novelty mean=0.8111, std=0.0439 | UCB range=(0.2580, 0.7986) | novelty_z range=(-15.449,3.527)
2025-09-15 15:40:19,682 - INFO - Selected CC(C)C(N)C(=O)NC(C(=O)O)C1OC(n2ccc(=O)[nH]c2=O)C(O)C1O → UCB+nov = 0.7482
f1 shape: (1,)
2025-09-15 15:40:19,684 - INFO -   True f = 0.4324
2025-09-15 15:40:19,705 - INFO - Iter time: 29.39s
2025-09-15 15:40:19,705 - INFO - 
--- Iter 33 (train size=43) ---
2025-09-15 15:40:50,924 - INFO - eta_t=0.0429 | novelty mean=0.8110, std=0.0441 | UCB range=(0.2582, 0.7987) | novelty_z range=(-15.391,3.517)
2025-09-15 15:40:50,924 - INFO - Selected Cc1cn(CC2CC(N=[N+]=[N-])C(COC(=O)C(=O)NC(Cc3ccc(O)cc3)C(=O)O)O2)c(=O)[nH]c1=O → UCB+nov = 0.7466
f1 shape: (1,)
2025-09-15 15:40:50,926 - INFO -   True f = 0.5594
2025-09-15 15:40:50,948 - INFO - Iter time: 31.24s
2025-09-15 15:40:50,948 - INFO - 
--- Iter 34 (train size=44) ---
2025-09-15 15:41:21,802 - INFO - eta_t=0.0423 | novelty mean=0.8109, std=0.0441 | UCB range=(0.2586, 0.7987) | novelty_z range=(-15.372,3.515)
2025-09-15 15:41:21,802 - INFO - Selected CCCCC(NC(=O)C=C(C)c1ccc(OP(=O)(O)O)cc1)C(=O)N1CC2CC2C1C(=O)NCCOC(N)=O → UCB+nov = 0.7436
f1 shape: (1,)
2025-09-15 15:41:21,805 - INFO -   True f = 0.6264
2025-09-15 15:41:21,826 - INFO - Iter time: 30.88s
2025-09-15 15:41:21,826 - INFO - 
--- Iter 35 (train size=45) ---
2025-09-15 15:41:53,446 - INFO - eta_t=0.0417 | novelty mean=0.8107, std=0.0441 | UCB range=(0.2584, 0.7970) | novelty_z range=(-15.377,3.520)
2025-09-15 15:41:53,446 - INFO - Selected CCOC(=O)C(C)NP(=O)(OCC1OC(O)C(NC(C)=O)C(O)C1O)Oc1ccc(OC)cc1 → UCB+nov = 0.7537
f1 shape: (1,)
2025-09-15 15:41:53,448 - INFO -   True f = 0.4964
2025-09-15 15:41:53,471 - INFO - Iter time: 31.65s
2025-09-15 15:41:53,471 - INFO - 
--- Iter 36 (train size=46) ---
2025-09-15 15:42:25,063 - INFO - eta_t=0.0411 | novelty mean=0.8106, std=0.0442 | UCB range=(0.2583, 0.7970) | novelty_z range=(-15.345,3.516)
2025-09-15 15:42:25,064 - INFO - Selected CC(Cc1ccc(C(=O)Oc2ccc(C(=N)N)cc2)o1)C(=O)NC(CO)C(=O)O → UCB+nov = 0.7471
f1 shape: (1,)
2025-09-15 15:42:25,066 - INFO -   True f = 0.5694
2025-09-15 15:42:25,089 - INFO - Iter time: 31.62s
2025-09-15 15:42:25,089 - INFO - 
--- Iter 37 (train size=47) ---
2025-09-15 15:42:59,490 - INFO - eta_t=0.0406 | novelty mean=0.8102, std=0.0444 | UCB range=(0.2595, 0.7991) | novelty_z range=(-15.263,3.508)
2025-09-15 15:42:59,490 - INFO - Selected COc1ccc2c(c1)cc(C(=O)NC(CCSC)C(=O)N1CCCC1C(=O)O)n2C → UCB+nov = 0.7486
f1 shape: (1,)
2025-09-15 15:42:59,493 - INFO -   True f = 0.6279
2025-09-15 15:42:59,516 - INFO - Iter time: 34.43s
2025-09-15 15:42:59,516 - INFO - 
--- Iter 38 (train size=48) ---
2025-09-15 15:43:33,084 - INFO - eta_t=0.0400 | novelty mean=0.8100, std=0.0444 | UCB range=(0.2604, 0.8024) | novelty_z range=(-15.248,3.513)
2025-09-15 15:43:33,084 - INFO - Selected Cc1oc(=O)oc1COC(=O)c1cccc(NC(=O)C2CC(SC3=C(C(=O)O)N4C(=O)C(C(C)O)C4C3C)CN2)c1 → UCB+nov = 0.7508
f1 shape: (1,)
2025-09-15 15:43:33,087 - INFO -   True f = 0.5567
2025-09-15 15:43:33,111 - INFO - Iter time: 33.59s
2025-09-15 15:43:33,111 - INFO - 
--- Iter 39 (train size=49) ---
2025-09-15 15:44:07,864 - INFO - eta_t=0.0395 | novelty mean=0.8099, std=0.0445 | UCB range=(0.2602, 0.8027) | novelty_z range=(-15.219,3.508)
2025-09-15 15:44:07,864 - INFO - Selected CCOC(=O)c1c(NC(=O)C2C3CCC(O3)C2C(=O)O)sc(C)c1-c1ccc(F)cc1 → UCB+nov = 0.7531
f1 shape: (1,)
2025-09-15 15:44:07,867 - INFO -   True f = 0.5537
2025-09-15 15:44:07,891 - INFO - Iter time: 34.78s
2025-09-15 15:44:07,891 - INFO - 
--- Iter 40 (train size=50) ---
2025-09-15 15:44:44,215 - INFO - eta_t=0.0390 | novelty mean=0.8096, std=0.0445 | UCB range=(0.2599, 0.8050) | novelty_z range=(-15.199,3.511)
2025-09-15 15:44:44,215 - INFO - Selected COC(=O)C(CC(C)C)NC(=O)NC(Cc1cccc(O)c1)C(=O)O → UCB+nov = 0.7526
f1 shape: (1,)
2025-09-15 15:44:44,217 - INFO -   True f = 0.5389
2025-09-15 15:44:44,241 - INFO - Iter time: 36.35s
2025-09-15 15:44:44,241 - INFO - 
--- Iter 41 (train size=51) ---
2025-09-15 15:45:19,709 - INFO - eta_t=0.0386 | novelty mean=0.8092, std=0.0447 | UCB range=(0.2597, 0.8064) | novelty_z range=(-15.113,3.503)
2025-09-15 15:45:19,710 - INFO - Selected CC(Oc1ccc2ccc(=O)oc2c1)C(=O)NCC1CCC(C(=O)O)CC1 → UCB+nov = 0.7509
f1 shape: (1,)
2025-09-15 15:45:19,712 - INFO -   True f = 0.644
2025-09-15 15:45:19,736 - INFO - Iter time: 35.49s
2025-09-15 15:45:19,736 - INFO - 
--- Iter 42 (train size=52) ---
2025-09-15 15:45:56,513 - INFO - eta_t=0.0381 | novelty mean=0.8089, std=0.0448 | UCB range=(0.2608, 0.8103) | novelty_z range=(-15.102,3.509)
2025-09-15 15:45:56,513 - INFO - Selected COC(=O)c1ccc2[nH]c(=O)c3cc(CC(C#N)NC(=O)C4NC5CCC4C5)ccc3c2c1 → UCB+nov = 0.7565
f1 shape: (1,)
2025-09-15 15:45:56,516 - INFO -   True f = 0.5923
2025-09-15 15:45:56,542 - INFO - Iter time: 36.81s
2025-09-15 15:45:56,542 - INFO - 
--- Iter 43 (train size=53) ---
2025-09-15 15:46:33,911 - INFO - eta_t=0.0377 | novelty mean=0.8086, std=0.0448 | UCB range=(0.2621, 0.8135) | novelty_z range=(-15.071,3.508)
2025-09-15 15:46:33,912 - INFO - Selected CCCCCc1ccc(-c2cc3cn(C4CC(O)C(COC(=O)C(NC(=O)C5CCCN5C(=O)C(N)CC(N)=O)C(C)C)O4)c(=O)nc3o2)cc1 → UCB+nov = 0.7564
f1 shape: (1,)
2025-09-15 15:46:33,915 - INFO -   True f = 0.6117
2025-09-15 15:46:33,941 - INFO - Iter time: 37.40s
2025-09-15 15:46:33,941 - INFO - 
--- Iter 44 (train size=54) ---
2025-09-15 15:47:12,746 - INFO - eta_t=0.0373 | novelty mean=0.8085, std=0.0448 | UCB range=(0.2618, 0.8235) | novelty_z range=(-15.068,3.511)
2025-09-15 15:47:12,747 - INFO - Selected CC(CS)C(=O)N1C(SCCCc2ccc(C(C)C)cc2)CCC1C(=O)O → UCB+nov = 0.7608
f1 shape: (1,)
2025-09-15 15:47:12,749 - INFO -   True f = 0.1058
2025-09-15 15:47:12,775 - INFO - Iter time: 38.83s
2025-09-15 15:47:12,775 - INFO - 
--- Iter 45 (train size=55) ---
2025-09-15 15:47:51,214 - INFO - eta_t=0.0369 | novelty mean=0.8084, std=0.0448 | UCB range=(0.2625, 0.8138) | novelty_z range=(-15.067,3.513)
2025-09-15 15:47:51,215 - INFO - Selected CCCNc1cc(C(=O)NC2CC3CCC(C2)N3c2ccc(C(=O)C3CC3)cn2)c(C)cc1C(N)=O → UCB+nov = 0.7545
f1 shape: (1,)
2025-09-15 15:47:51,217 - INFO -   True f = 0.6127
2025-09-15 15:47:51,243 - INFO - Iter time: 38.47s
2025-09-15 15:47:51,243 - INFO - 
--- Iter 46 (train size=56) ---
2025-09-15 15:48:31,945 - INFO - eta_t=0.0365 | novelty mean=0.8081, std=0.0447 | UCB range=(0.2628, 0.8141) | novelty_z range=(-15.109,3.532)
2025-09-15 15:48:31,946 - INFO - Selected CCC(Cc1cc(CNC(=O)c2ccc(C34CC5CC(CC(C5)C3)C4)cc2)c(OC)cc1F)C(=O)O → UCB+nov = 0.7629
f1 shape: (1,)
2025-09-15 15:48:31,948 - INFO -   True f = 0.2574
2025-09-15 15:48:31,975 - INFO - Iter time: 40.73s
2025-09-15 15:48:31,975 - INFO - 
--- Iter 47 (train size=57) ---
2025-09-15 15:49:12,169 - INFO - eta_t=0.0361 | novelty mean=0.8076, std=0.0448 | UCB range=(0.2616, 0.8123) | novelty_z range=(-15.071,3.536)
2025-09-15 15:49:12,169 - INFO - Selected C=C1C(O)C(CO)OC1n1ccc(NC(=O)OC(C)C(NC(=O)C(CC2CCCCC2)NC)C(=O)O)nc1=O → UCB+nov = 0.755
f1 shape: (1,)
2025-09-15 15:49:12,172 - INFO -   True f = 0.5407
2025-09-15 15:49:12,200 - INFO - Iter time: 40.22s
2025-09-15 15:49:12,200 - INFO - 
--- Iter 48 (train size=58) ---
2025-09-15 15:49:53,683 - INFO - eta_t=0.0357 | novelty mean=0.8075, std=0.0448 | UCB range=(0.2615, 0.8137) | novelty_z range=(-15.062,3.537)
2025-09-15 15:49:53,683 - INFO - Selected COc1cc2c(cc1OC)C(C(=O)NC1CC(=O)OC1O)N(C(=O)C(NC(=O)C(CC(=O)O)NC(=O)C(NC(C)=O)C(C)C)C(C)C)CC2 → UCB+nov = 0.7556
f1 shape: (1,)
2025-09-15 15:49:53,686 - INFO -   True f = 0.5152
2025-09-15 15:49:53,715 - INFO - Iter time: 41.51s
2025-09-15 15:49:53,715 - INFO - 
--- Iter 49 (train size=59) ---
2025-09-15 15:50:35,410 - INFO - eta_t=0.0354 | novelty mean=0.8074, std=0.0448 | UCB range=(0.2611, 0.8142) | novelty_z range=(-15.047,3.536)
2025-09-15 15:50:35,410 - INFO - Selected Cc1[nH]c2ccccc2c1CC(NC(=O)C(NC(=O)N1C(C)CCCC1C)C1CC1)C(=O)NC(Cc1c[nH]cn1)C(=O)O → UCB+nov = 0.7535
f1 shape: (1,)
2025-09-15 15:50:35,412 - INFO -   True f = 0.5722
2025-09-15 15:50:35,442 - INFO - Iter time: 41.73s
2025-09-15 15:50:35,442 - INFO - 
--- Iter 50 (train size=60) ---
2025-09-15 15:51:19,182 - INFO - eta_t=0.0350 | novelty mean=0.8072, std=0.0449 | UCB range=(0.2615, 0.8169) | novelty_z range=(-15.025,3.536)
2025-09-15 15:51:19,182 - INFO - Selected COc1ccc2[nH]cc(CCNC(=O)C3CCCCNC(=O)OCCCC(C(=O)NO)C(CC(C)C)C(=O)N3)c2c1 → UCB+nov = 0.7524
f1 shape: (1,)
2025-09-15 15:51:19,185 - INFO -   True f = 0.5846
2025-09-15 15:51:19,216 - INFO - Iter time: 43.77s
2025-09-15 15:51:19,216 - INFO - 
--- Iter 51 (train size=61) ---
2025-09-15 15:52:02,455 - INFO - eta_t=0.0347 | novelty mean=0.8071, std=0.0449 | UCB range=(0.2619, 0.8153) | novelty_z range=(-15.027,3.539)
2025-09-15 15:52:02,455 - INFO - Selected CC(C)CC1NC(=O)C(NC(=O)C(N)Cc2ccc(O)cc2)CCCNC(=O)CC(C(N)=O)NC1=O → UCB+nov = 0.7544
f1 shape: (1,)
2025-09-15 15:52:02,457 - INFO -   True f = 0.5596
2025-09-15 15:52:02,487 - INFO - Iter time: 43.27s
2025-09-15 15:52:02,488 - INFO - 
--- Iter 52 (train size=62) ---
2025-09-15 15:52:46,163 - INFO - eta_t=0.0343 | novelty mean=0.8070, std=0.0449 | UCB range=(0.2618, 0.8185) | novelty_z range=(-14.998,3.535)
2025-09-15 15:52:46,163 - INFO - Selected COc1cccc(CNCC(O)C(Cc2cc(F)cc(F)c2)NC(=O)C(C)N2CCC(CC3CC3)(NC(C)=O)C2=O)c1 → UCB+nov = 0.7534
f1 shape: (1,)
2025-09-15 15:52:46,166 - INFO -   True f = 0.6191
2025-09-15 15:52:46,197 - INFO - Iter time: 43.71s
2025-09-15 15:52:46,197 - INFO - 
--- Iter 53 (train size=63) ---
2025-09-15 15:53:32,651 - INFO - eta_t=0.0340 | novelty mean=0.8067, std=0.0450 | UCB range=(0.2630, 0.8185) | novelty_z range=(-14.968,3.536)
2025-09-15 15:53:32,651 - INFO - Selected C=CC1(C)CC(OC(=O)N2Cc3c(NC(=O)C(N)C(C)C)cccc3C2=O)C2(C)C(C)CCC3(CCC(=O)C32)C(C)C1O → UCB+nov = 0.7564
f1 shape: (1,)
2025-09-15 15:53:32,654 - INFO -   True f = 0.4755
2025-09-15 15:53:32,685 - INFO - Iter time: 46.49s
2025-09-15 15:53:32,685 - INFO - 
--- Iter 54 (train size=64) ---
2025-09-15 15:54:19,482 - INFO - eta_t=0.0337 | novelty mean=0.8067, std=0.0451 | UCB range=(0.2630, 0.8185) | novelty_z range=(-14.940,3.531)
2025-09-15 15:54:19,482 - INFO - Selected COC(=O)C12CC(CC(=O)NCCC(C)C)C(=O)N(Cc3cccc4ccccc34)C1=CC(C(C)C)OC2C1CC1 → UCB+nov = 0.7554
f1 shape: (1,)
2025-09-15 15:54:19,485 - INFO -   True f = 0.3914
2025-09-15 15:54:19,516 - INFO - Iter time: 46.83s
2025-09-15 15:54:19,516 - INFO - 
--- Iter 55 (train size=65) ---
2025-09-15 15:55:05,772 - INFO - eta_t=0.0334 | novelty mean=0.8063, std=0.0452 | UCB range=(0.2622, 0.8192) | novelty_z range=(-14.895,3.531)
2025-09-15 15:55:05,772 - INFO - Selected CC(C(=O)OCC(=O)c1cccc([N+](=O)[O-])c1)N1C(=O)C2C3C=CC(C3)C2C1=O → UCB+nov = 0.7535
f1 shape: (1,)
2025-09-15 15:55:05,774 - INFO -   True f = 0.5532
2025-09-15 15:55:05,806 - INFO - Iter time: 46.29s
2025-09-15 15:55:05,807 - INFO - 
--- Iter 56 (train size=66) ---
2025-09-15 15:55:53,670 - INFO - eta_t=0.0331 | novelty mean=0.8061, std=0.0453 | UCB range=(0.2629, 0.8185) | novelty_z range=(-14.864,3.528)
2025-09-15 15:55:53,670 - INFO - Selected CCOC(=O)C1CCN(C(=O)COC(=O)c2ccc3c(c2)C(=O)N(c2ccc(OCC)cc2)C3=O)CC1 → UCB+nov = 0.7535
f1 shape: (1,)
2025-09-15 15:55:53,673 - INFO -   True f = 0.6391
2025-09-15 15:55:53,707 - INFO - Iter time: 47.90s
2025-09-15 15:55:53,707 - INFO - 
--- Iter 57 (train size=67) ---
2025-09-15 15:56:41,408 - INFO - eta_t=0.0328 | novelty mean=0.8052, std=0.0455 | UCB range=(0.2642, 0.8176) | novelty_z range=(-14.779,3.533)
2025-09-15 15:56:41,408 - INFO - Selected CC(=O)Oc1cccc2c1C(=O)c1c(OC(C)=O)cc(C(=O)NC3CCCC3)cc1C2=O → UCB+nov = 0.7623
f1 shape: (1,)
2025-09-15 15:56:41,410 - INFO -   True f = 0.5687
2025-09-15 15:56:41,443 - INFO - Iter time: 47.74s
2025-09-15 15:56:41,443 - INFO - 
--- Iter 58 (train size=68) ---
2025-09-15 15:57:30,397 - INFO - eta_t=0.0325 | novelty mean=0.8050, std=0.0455 | UCB range=(0.2636, 0.8215) | novelty_z range=(-14.769,3.537)
2025-09-15 15:57:30,398 - INFO - Selected C=C1C(=O)OC2CC(C)=C(C(C)CCCOC(C)=O)C(OC(=O)COc3cccc(C(C)=O)c3)C12 → UCB+nov = 0.762
f1 shape: (1,)
2025-09-15 15:57:30,400 - INFO -   True f = 0.545
2025-09-15 15:57:30,434 - INFO - Iter time: 48.99s
2025-09-15 15:57:30,434 - INFO - 
--- Iter 59 (train size=69) ---
2025-09-15 15:58:19,146 - INFO - eta_t=0.0323 | novelty mean=0.8049, std=0.0455 | UCB range=(0.2637, 0.8235) | novelty_z range=(-14.769,3.538)
2025-09-15 15:58:19,146 - INFO - Selected COC(=O)c1c(C)[nH]c(C(=O)C(C)OC(=O)C2CC(=O)N(CCc3ccccc3)C2)c1C → UCB+nov = 0.7624
f1 shape: (1,)
2025-09-15 15:58:19,149 - INFO -   True f = 0.5611
2025-09-15 15:58:19,184 - INFO - Iter time: 48.75s
2025-09-15 15:58:19,184 - INFO - 
--- Iter 60 (train size=70) ---
2025-09-15 15:59:09,399 - INFO - eta_t=0.0320 | novelty mean=0.8043, std=0.0456 | UCB range=(0.2645, 0.8253) | novelty_z range=(-14.720,3.542)
2025-09-15 15:59:09,399 - INFO - Selected CC(=O)NC(Cc1ccc(OP(=O)(O)O)cc1)C(=O)NC1CCCCN(Cc2ccc(C(C)(C)C)cc2)C1=O → UCB+nov = 0.7634
f1 shape: (1,)
2025-09-15 15:59:09,401 - INFO -   True f = 0.6729
2025-09-15 15:59:09,437 - INFO - Iter time: 50.25s
2025-09-15 15:59:09,437 - INFO - 
--- Iter 61 (train size=71) ---
2025-09-15 16:00:00,401 - INFO - eta_t=0.0318 | novelty mean=0.8039, std=0.0459 | UCB range=(0.2665, 0.8303) | novelty_z range=(-14.616,3.529)
2025-09-15 16:00:00,402 - INFO - Selected COc1cccc(CC(C)(C)NC(=O)C(CC2CCCCC2)NC(=O)C(NC(=O)C(N)CNC(=O)c2cc(O)ccc2O)C(C)C)c1 → UCB+nov = 0.7676
f1 shape: (1,)
2025-09-15 16:00:00,404 - INFO -   True f = 0.6065
2025-09-15 16:00:00,440 - INFO - Iter time: 51.00s
2025-09-15 16:00:00,441 - INFO - 
--- Iter 62 (train size=72) ---
2025-09-15 16:00:52,121 - INFO - eta_t=0.0315 | novelty mean=0.8038, std=0.0461 | UCB range=(0.2668, 0.8310) | novelty_z range=(-14.566,3.520)
2025-09-15 16:00:52,121 - INFO - Selected COCC(=O)NC(C(=O)N1NCCCC1C(=O)NC(Cc1ccccc1)C(O)C(C)C(=O)NC1CCN(C(N)=O)C1=O)C(O)C(C)C → UCB+nov = 0.7706
f1 shape: (1,)
2025-09-15 16:00:52,124 - INFO -   True f = 0.5883
2025-09-15 16:00:52,161 - INFO - Iter time: 51.72s
2025-09-15 16:00:52,161 - INFO - 
--- Iter 63 (train size=73) ---
2025-09-15 16:01:44,555 - INFO - eta_t=0.0312 | novelty mean=0.8037, std=0.0461 | UCB range=(0.2670, 0.8319) | novelty_z range=(-14.537,3.516)
2025-09-15 16:01:44,555 - INFO - Selected CC(C)CC(NC(=O)C(NC(=O)COc1ccc2c(c1)Nc1ccccc1S2)C(C)O)C(=O)NC1CCOC1O → UCB+nov = 0.7729
f1 shape: (1,)
2025-09-15 16:01:44,558 - INFO -   True f = 0.5949
2025-09-15 16:01:44,595 - INFO - Iter time: 52.43s
2025-09-15 16:01:44,596 - INFO - 
--- Iter 64 (train size=74) ---
2025-09-15 16:02:37,163 - INFO - eta_t=0.0310 | novelty mean=0.8036, std=0.0461 | UCB range=(0.2676, 0.8339) | novelty_z range=(-14.533,3.516)
2025-09-15 16:02:37,163 - INFO - Selected CC(N)C(=O)NC(C(=O)N1CCCC1C(=O)NC(Cc1ccc(O)cc1)C(=O)NC(Cc1ccc(O)cc1)C(=O)O)C(C)C → UCB+nov = 0.7734
f1 shape: (1,)
2025-09-15 16:02:37,165 - INFO -   True f = 0.599
2025-09-15 16:02:37,204 - INFO - Iter time: 52.61s
2025-09-15 16:02:37,204 - INFO - 
--- Iter 65 (train size=75) ---
2025-09-15 16:03:31,761 - INFO - eta_t=0.0308 | novelty mean=0.8033, std=0.0468 | UCB range=(0.2677, 0.8326) | novelty_z range=(-14.661,3.473)
2025-09-15 16:03:31,761 - INFO - Selected COC(=O)C1CCCN(C(=O)C(Cc2cccc(C(=N)N)c2)NS(=O)(=O)c2c(C(C)C)cc(C(C)C)cc2C(C)C)C1 → UCB+nov = 0.7744
f1 shape: (1,)
2025-09-15 16:03:31,764 - INFO -   True f = 0.5608
2025-09-15 16:03:31,802 - INFO - Iter time: 54.60s
2025-09-15 16:03:31,802 - INFO - 
--- Iter 66 (train size=76) ---
2025-09-15 16:04:28,083 - INFO - eta_t=0.0305 | novelty mean=0.8032, std=0.0469 | UCB range=(0.2678, 0.8330) | novelty_z range=(-14.627,3.467)
2025-09-15 16:04:28,083 - INFO - Selected CC(C)CC(NC(=O)C1OC1C(=O)O)C(=O)N1CCCC1C(=O)OCc1ccccc1 → UCB+nov = 0.7746
f1 shape: (1,)
2025-09-15 16:04:28,085 - INFO -   True f = 0.6074
2025-09-15 16:04:28,123 - INFO - Iter time: 56.32s
2025-09-15 16:04:28,124 - INFO - 
--- Iter 67 (train size=77) ---
2025-09-15 16:05:24,087 - INFO - eta_t=0.0303 | novelty mean=0.8028, std=0.0472 | UCB range=(0.2679, 0.8323) | novelty_z range=(-14.520,3.452)
2025-09-15 16:05:24,087 - INFO - Selected COC(=O)C=Cc1cn(C2CC(O)C(COP(=O)(NC(C(=O)OC3CCCCC3)C(C)C)Oc3ccccc3)O2)c(=O)[nH]c1=O → UCB+nov = 0.776
f1 shape: (1,)
2025-09-15 16:05:24,090 - INFO -   True f = 0.5831
2025-09-15 16:05:24,130 - INFO - Iter time: 56.01s
2025-09-15 16:05:24,130 - INFO - 
--- Iter 68 (train size=78) ---
2025-09-15 16:06:21,175 - INFO - eta_t=0.0301 | novelty mean=0.8028, std=0.0473 | UCB range=(0.2681, 0.8335) | novelty_z range=(-14.488,3.446)
2025-09-15 16:06:21,175 - INFO - Selected COc1cccc2cc(C(=O)NC(CC(C)C)C(=O)NC3CCC(C)N(C(=O)Nc4ccncc4)CC3=O)oc12 → UCB+nov = 0.7753
f1 shape: (1,)
2025-09-15 16:06:21,178 - INFO -   True f = 0.6021
2025-09-15 16:06:21,219 - INFO - Iter time: 57.09s
2025-09-15 16:06:21,219 - INFO - 
--- Iter 69 (train size=79) ---
2025-09-15 16:07:18,549 - INFO - eta_t=0.0299 | novelty mean=0.8027, std=0.0474 | UCB range=(0.2683, 0.8333) | novelty_z range=(-14.482,3.447)
2025-09-15 16:07:18,549 - INFO - Selected CCOC(=O)C(Cc1ccc(OC(C)=O)cc1)NC(=O)C1(NC(=O)C(SC(C)=O)C(C)C)CCCC1 → UCB+nov = 0.7746
f1 shape: (1,)
2025-09-15 16:07:18,551 - INFO -   True f = 0.5856
2025-09-15 16:07:18,593 - INFO - Iter time: 57.37s
2025-09-15 16:07:18,593 - INFO - 
--- Iter 70 (train size=80) ---
2025-09-15 16:08:15,666 - INFO - eta_t=0.0297 | novelty mean=0.8026, std=0.0476 | UCB range=(0.2680, 0.8338) | novelty_z range=(-14.419,3.433)
2025-09-15 16:08:15,667 - INFO - Selected O=C(Oc1ccc(CC(NC(=O)C2CCCN2S(=O)(=O)c2cc(Cl)cc(Cl)c2)C(=O)O)cc1)C1CCCC1 → UCB+nov = 0.7775
f1 shape: (1,)
2025-09-15 16:08:15,669 - INFO -   True f = 0.6458
2025-09-15 16:08:15,713 - INFO - Iter time: 57.12s
2025-09-15 16:08:15,713 - INFO - 
--- Iter 71 (train size=81) ---
2025-09-15 16:09:14,762 - INFO - eta_t=0.0295 | novelty mean=0.8022, std=0.0477 | UCB range=(0.2685, 0.8415) | novelty_z range=(-14.371,3.434)
2025-09-15 16:09:14,762 - INFO - Selected CCCOc1ccc(NC(=O)N2CCCC2C(=O)N2CCC3C2C(C)C(=O)N3C(=O)C2CC2)cc1 → UCB+nov = 0.7796
f1 shape: (1,)
2025-09-15 16:09:14,764 - INFO -   True f = 0.6068
2025-09-15 16:09:14,806 - INFO - Iter time: 59.09s
2025-09-15 16:09:14,807 - INFO - 
--- Iter 72 (train size=82) ---
2025-09-15 16:10:14,620 - INFO - eta_t=0.0293 | novelty mean=0.8020, std=0.0477 | UCB range=(0.2686, 0.8452) | novelty_z range=(-14.364,3.436)
2025-09-15 16:10:14,620 - INFO - Selected CCC1OCC(=O)C1NC(=O)C(CC1(C)CCCC1)NC(=O)c1cccc(S(=O)(=O)NC)c1 → UCB+nov = 0.7789
f1 shape: (1,)
2025-09-15 16:10:14,622 - INFO -   True f = 0.6048
2025-09-15 16:10:14,667 - INFO - Iter time: 59.86s
2025-09-15 16:10:14,667 - INFO - 
--- Iter 73 (train size=83) ---
2025-09-15 16:11:15,138 - INFO - eta_t=0.0291 | novelty mean=0.8019, std=0.0477 | UCB range=(0.2680, 0.8468) | novelty_z range=(-14.365,3.438)
2025-09-15 16:11:15,138 - INFO - Selected CCCOc1ccc(S(=O)(=O)N2CC(NC(=O)C(C)O)CC2C(=O)NO)cc1 → UCB+nov = 0.7835
f1 shape: (1,)
2025-09-15 16:11:15,140 - INFO -   True f = 0.5297
2025-09-15 16:11:15,185 - INFO - Iter time: 60.52s
2025-09-15 16:11:15,185 - INFO - 
--- Iter 74 (train size=84) ---
2025-09-15 16:12:16,991 - INFO - eta_t=0.0289 | novelty mean=0.8017, std=0.0478 | UCB range=(0.2680, 0.8468) | novelty_z range=(-14.327,3.436)
2025-09-15 16:12:16,991 - INFO - Selected COC(=O)C(NC(=O)c1cnc(NC(=O)C(CC2CCOCC2)c2ccc(S(=O)(=O)C3CC3)cc2)s1)C(C)C → UCB+nov = 0.7813
f1 shape: (1,)
2025-09-15 16:12:16,994 - INFO -   True f = 0.6024
2025-09-15 16:12:17,040 - INFO - Iter time: 61.85s
2025-09-15 16:12:17,040 - INFO - 
--- Iter 75 (train size=85) ---
2025-09-15 16:13:20,459 - INFO - eta_t=0.0287 | novelty mean=0.8015, std=0.0478 | UCB range=(0.2681, 0.8469) | novelty_z range=(-14.311,3.436)
2025-09-15 16:13:20,459 - INFO - Selected CC(=O)NC(C(=O)OC(C)C1C(=O)N2C(C(=O)OCc3ccc([N+](=O)[O-])cc3)=CSC12)C(C)C → UCB+nov = 0.7836
f1 shape: (1,)
2025-09-15 16:13:20,462 - INFO -   True f = 0.5068
2025-09-15 16:13:20,507 - INFO - Iter time: 63.47s
2025-09-15 16:13:20,507 - INFO - 
--- Iter 76 (train size=86) ---
2025-09-15 16:14:24,843 - INFO - eta_t=0.0285 | novelty mean=0.8015, std=0.0479 | UCB range=(0.2682, 0.8466) | novelty_z range=(-14.307,3.436)
2025-09-15 16:14:24,844 - INFO - Selected CCOC(=O)c1ccc(NC(=O)C2CCC(CNc3c(N4CCOCC4)c(=O)c3=O)CC2)cc1 → UCB+nov = 0.782
f1 shape: (1,)
2025-09-15 16:14:24,846 - INFO -   True f = 0.6083
2025-09-15 16:14:24,892 - INFO - Iter time: 64.39s
2025-09-15 16:14:24,893 - INFO - 
--- Iter 77 (train size=87) ---
2025-09-15 16:15:29,319 - INFO - eta_t=0.0283 | novelty mean=0.8006, std=0.0478 | UCB range=(0.2685, 0.8482) | novelty_z range=(-14.311,3.460)
2025-09-15 16:15:29,319 - INFO - Selected CCC(C)C(NC(C)=O)C(=O)N1C(C(=O)NCc2ccc(C(=N)N)cc2)CC2CCCCC21 → UCB+nov = 0.7833
f1 shape: (1,)
2025-09-15 16:15:29,321 - INFO -   True f = 0.6041
2025-09-15 16:15:29,368 - INFO - Iter time: 64.48s
2025-09-15 16:15:29,368 - INFO - 
--- Iter 78 (train size=88) ---
2025-09-15 16:16:35,497 - INFO - eta_t=0.0281 | novelty mean=0.8006, std=0.0478 | UCB range=(0.2680, 0.8522) | novelty_z range=(-14.294,3.457)
2025-09-15 16:16:35,497 - INFO - Selected Cc1cc(C)cc(NC(=O)Cc2ccc(OC3(C(=O)NC(CO)C(=O)O)CCCC3)cc2)c1 → UCB+nov = 0.7814
f1 shape: (1,)
2025-09-15 16:16:35,499 - INFO -   True f = 0.6503
2025-09-15 16:16:35,548 - INFO - Iter time: 66.18s
2025-09-15 16:16:35,548 - INFO - 
--- Iter 79 (train size=89) ---
2025-09-15 16:17:41,916 - INFO - eta_t=0.0280 | novelty mean=0.8003, std=0.0479 | UCB range=(0.2682, 0.8522) | novelty_z range=(-14.270,3.459)
2025-09-15 16:17:41,917 - INFO - Selected COC(=O)c1cccc(NC(=O)NC2CC(C3CCCCC3)c3ccc(C)cc3N(CC(=O)NC(C)(C)C)C2=O)c1 → UCB+nov = 0.7843
f1 shape: (1,)
2025-09-15 16:17:41,919 - INFO -   True f = 0.4943
2025-09-15 16:17:41,969 - INFO - Iter time: 66.42s
2025-09-15 16:17:41,969 - INFO - 
--- Iter 80 (train size=90) ---
2025-09-15 16:18:47,162 - INFO - eta_t=0.0278 | novelty mean=0.8001, std=0.0479 | UCB range=(0.2682, 0.8521) | novelty_z range=(-14.252,3.458)
2025-09-15 16:18:47,162 - INFO - Selected CCOc1ccc(NC(=O)N2CCC(NC(=O)C(Cc3ccccc3OC)NC(C)=O)CC2)cc1 → UCB+nov = 0.7831
f1 shape: (1,)
2025-09-15 16:18:47,165 - INFO -   True f = 0.6504
2025-09-15 16:18:47,215 - INFO - Iter time: 65.25s
2025-09-15 16:18:47,215 - INFO - 
--- Iter 81 (train size=91) ---
2025-09-15 16:19:55,542 - INFO - eta_t=0.0276 | novelty mean=0.7992, std=0.0485 | UCB range=(0.2687, 0.8521) | novelty_z range=(-14.073,3.439)
2025-09-15 16:19:55,542 - INFO - Selected CSCCC(NS(=O)(=O)c1ccc(C)cc1)C(=O)N1CCC(C(=O)NC(C)C(=O)O)CC1 → UCB+nov = 0.7842
f1 shape: (1,)
2025-09-15 16:19:55,544 - INFO -   True f = 0.6184
2025-09-15 16:19:55,596 - INFO - Iter time: 68.38s
2025-09-15 16:19:55,596 - INFO - 
--- Iter 82 (train size=92) ---
2025-09-15 16:21:03,578 - INFO - eta_t=0.0274 | novelty mean=0.7989, std=0.0486 | UCB range=(0.2683, 0.8537) | novelty_z range=(-14.024,3.433)
2025-09-15 16:21:03,578 - INFO - Selected Cc1ccc(S(=O)(=O)N2CCC(C(=O)OCC(=O)NC(C)c3ccc(F)cc3)CC2)cc1C → UCB+nov = 0.789
f1 shape: (1,)
2025-09-15 16:21:03,580 - INFO -   True f = 0.6297
2025-09-15 16:21:03,633 - INFO - Iter time: 68.04s
2025-09-15 16:21:03,633 - INFO - 
--- Iter 83 (train size=93) ---
2025-09-15 16:22:12,035 - INFO - eta_t=0.0273 | novelty mean=0.7978, std=0.0491 | UCB range=(0.2685, 0.8537) | novelty_z range=(-13.855,3.422)
2025-09-15 16:22:12,035 - INFO - Selected CC(OC(=O)C1CCCC1)C(=O)Nc1ccc(C(N)=O)cc1 → UCB+nov = 0.7867
f1 shape: (1,)
2025-09-15 16:22:12,037 - INFO -   True f = 0.5644
2025-09-15 16:22:12,089 - INFO - Iter time: 68.46s
2025-09-15 16:22:12,090 - INFO - 
--- Iter 84 (train size=94) ---
2025-09-15 16:23:20,502 - INFO - eta_t=0.0271 | novelty mean=0.7975, std=0.0493 | UCB range=(0.2685, 0.8543) | novelty_z range=(-13.816,3.418)
2025-09-15 16:23:20,502 - INFO - Selected Cc1cc(=O)oc2cc(OCC(=O)OC(C)C(=O)NC3CCCC3)ccc12 → UCB+nov = 0.7856
f1 shape: (1,)
2025-09-15 16:23:20,504 - INFO -   True f = 0.5793
2025-09-15 16:23:20,557 - INFO - Iter time: 68.47s
2025-09-15 16:23:20,557 - INFO - 
--- Iter 85 (train size=95) ---
2025-09-15 16:24:32,541 - INFO - eta_t=0.0270 | novelty mean=0.7973, std=0.0494 | UCB range=(0.2684, 0.8542) | novelty_z range=(-13.782,3.416)
2025-09-15 16:24:32,541 - INFO - Selected CCOCC(NC(=O)c1ccc(Cl)s1)C(=O)Nc1ccc(N2CCOCC2=O)c(C)c1 → UCB+nov = 0.7847
f1 shape: (1,)
2025-09-15 16:24:32,543 - INFO -   True f = 0.5806
2025-09-15 16:24:32,597 - INFO - Iter time: 72.04s
2025-09-15 16:24:32,597 - INFO - 
--- Iter 86 (train size=96) ---
2025-09-15 16:25:43,930 - INFO - eta_t=0.0268 | novelty mean=0.7971, std=0.0494 | UCB range=(0.2685, 0.8542) | novelty_z range=(-13.776,3.419)
2025-09-15 16:25:43,930 - INFO - Selected Cc1cc(C)cc(CC(=O)N2CCN(c3ccc(C(=O)NC(C(N)=O)C(C)O)cn3)CC2)c1 → UCB+nov = 0.7857
f1 shape: (1,)
2025-09-15 16:25:43,933 - INFO -   True f = 0.6279
2025-09-15 16:25:43,988 - INFO - Iter time: 71.39s
2025-09-15 16:25:43,988 - INFO - 
--- Iter 87 (train size=97) ---
2025-09-15 16:26:54,140 - INFO - eta_t=0.0267 | novelty mean=0.7965, std=0.0493 | UCB range=(0.2683, 0.8555) | novelty_z range=(-13.779,3.434)
2025-09-15 16:26:54,140 - INFO - Selected CCC(C)C(NC(=O)c1ccc(NC(=O)C(N)C(C)C)c(OCc2c[nH]cn2)c1)C(=O)O → UCB+nov = 0.788
f1 shape: (1,)
2025-09-15 16:26:54,143 - INFO -   True f = 0.5368
2025-09-15 16:26:54,198 - INFO - Iter time: 70.21s
2025-09-15 16:26:54,198 - INFO - 
--- Iter 88 (train size=98) ---
2025-09-15 16:28:07,437 - INFO - eta_t=0.0265 | novelty mean=0.7964, std=0.0493 | UCB range=(0.2682, 0.8550) | novelty_z range=(-13.782,3.437)
2025-09-15 16:28:07,437 - INFO - Selected CCCCCC(=O)NC(CNC(=O)c1ccc2c(c1)C(=O)N(CCC1CCNCC1)C2)C(=O)O → UCB+nov = 0.7875
f1 shape: (1,)
2025-09-15 16:28:07,439 - INFO -   True f = 0.634
2025-09-15 16:28:07,498 - INFO - Iter time: 73.30s
2025-09-15 16:28:07,498 - INFO - 
--- Iter 89 (train size=99) ---
2025-09-15 16:29:20,529 - INFO - eta_t=0.0264 | novelty mean=0.7963, std=0.0493 | UCB range=(0.2681, 0.8594) | novelty_z range=(-13.794,3.444)
2025-09-15 16:29:20,529 - INFO - Selected O=C(O)c1cc(NC(=O)c2ccc3c(c2)C(=O)N(CC2CCCO2)C3=O)cc(C(=O)O)c1 → UCB+nov = 0.7893
f1 shape: (1,)
2025-09-15 16:29:20,531 - INFO -   True f = 0.6105
2025-09-15 16:29:20,590 - INFO - Iter time: 73.09s
2025-09-15 16:29:20,590 - INFO - 
--- Iter 90 (train size=100) ---
2025-09-15 16:30:34,583 - INFO - eta_t=0.0262 | novelty mean=0.7961, std=0.0493 | UCB range=(0.2680, 0.8601) | novelty_z range=(-13.787,3.447)
2025-09-15 16:30:34,583 - INFO - Selected CN1c2c([nH]c(N)nc2=O)NCC1CNc1ccc(C(=O)NC(CCC(=O)O)C(=O)O)cc1 → UCB+nov = 0.7917
f1 shape: (1,)
2025-09-15 16:30:34,585 - INFO -   True f = 0.5583
2025-09-15 16:30:34,644 - INFO - Iter time: 74.05s
2025-09-15 16:30:34,644 - INFO - 
--- Iter 91 (train size=101) ---
2025-09-15 16:31:52,015 - INFO - eta_t=0.0261 | novelty mean=0.7960, std=0.0495 | UCB range=(0.2684, 0.8608) | novelty_z range=(-13.728,3.436)
2025-09-15 16:31:52,015 - INFO - Selected CCCC(=O)Oc1ccc(NC(C)=C2C(=O)OC(=O)C(C(C)=O)=C2O)cc1 → UCB+nov = 0.7901
f1 shape: (1,)
2025-09-15 16:31:52,017 - INFO -   True f = 0.5034
2025-09-15 16:31:52,077 - INFO - Iter time: 77.43s
2025-09-15 16:31:52,077 - INFO - 
--- Iter 92 (train size=102) ---
2025-09-15 16:33:07,383 - INFO - eta_t=0.0259 | novelty mean=0.7958, std=0.0495 | UCB range=(0.2683, 0.8608) | novelty_z range=(-13.707,3.434)
2025-09-15 16:33:07,383 - INFO - Selected Cc1ccc(-c2cc(C(=O)NC(C)CO)cc(N(C)C(=O)C3CCCC3)c2)cc1 → UCB+nov = 0.7901
f1 shape: (1,)
2025-09-15 16:33:07,385 - INFO -   True f = 0.3336
2025-09-15 16:33:07,445 - INFO - Iter time: 75.37s
2025-09-15 16:33:07,445 - INFO - 
--- Iter 93 (train size=103) ---
2025-09-15 16:34:25,138 - INFO - eta_t=0.0258 | novelty mean=0.7955, std=0.0495 | UCB range=(0.2699, 0.8612) | novelty_z range=(-13.703,3.440)
2025-09-15 16:34:25,138 - INFO - Selected CCCCC(C(=O)Nc1ccc2c(C)c(CC(=O)O)c(=O)oc2c1)n1cc(C(C)(NC(=O)c2ccsc2)C2CCC(C)CC2)nn1 → UCB+nov = 0.7878
f1 shape: (1,)
2025-09-15 16:34:25,141 - INFO -   True f = 0.2753
2025-09-15 16:34:25,203 - INFO - Iter time: 77.76s
2025-09-15 16:34:25,203 - INFO - 
--- Iter 94 (train size=104) ---
2025-09-15 16:35:43,390 - INFO - eta_t=0.0256 | novelty mean=0.7955, std=0.0495 | UCB range=(0.2696, 0.8618) | novelty_z range=(-13.705,3.441)
2025-09-15 16:35:43,390 - INFO - Selected NC(=O)C1CCCN1C(=O)C(Cc1ccc(O)cc1)NC(=O)C1CCC(=O)N1 → UCB+nov = 0.7873
f1 shape: (1,)
2025-09-15 16:35:43,392 - INFO -   True f = 0.5752
2025-09-15 16:35:43,454 - INFO - Iter time: 78.25s
2025-09-15 16:35:43,454 - INFO - 
--- Iter 95 (train size=105) ---
2025-09-15 16:37:02,822 - INFO - eta_t=0.0255 | novelty mean=0.7955, std=0.0496 | UCB range=(0.2696, 0.8505) | novelty_z range=(-13.688,3.438)
2025-09-15 16:37:02,822 - INFO - Selected CC(C)CC(C(=O)N1CCOCC1)C(CN1C(=O)c2ccccc2C1=O)C(=O)NO → UCB+nov = 0.7862
f1 shape: (1,)
2025-09-15 16:37:02,824 - INFO -   True f = 0.6073
2025-09-15 16:37:02,888 - INFO - Iter time: 79.43s
2025-09-15 16:37:02,888 - INFO - 
--- Iter 96 (train size=106) ---
2025-09-15 16:38:24,106 - INFO - eta_t=0.0254 | novelty mean=0.7950, std=0.0497 | UCB range=(0.2694, 0.8512) | novelty_z range=(-13.649,3.440)
2025-09-15 16:38:24,107 - INFO - Selected CCOC(=O)CN1C(=O)CCC(NC(=O)C(N)Cc2c[nH]c3ccccc23)C1=O → UCB+nov = 0.7885
f1 shape: (1,)
2025-09-15 16:38:24,109 - INFO -   True f = 0.5663
2025-09-15 16:38:24,174 - INFO - Iter time: 81.29s
2025-09-15 16:38:24,174 - INFO - 
--- Iter 97 (train size=107) ---
2025-09-15 16:39:43,695 - INFO - eta_t=0.0253 | novelty mean=0.7946, std=0.0499 | UCB range=(0.2697, 0.8533) | novelty_z range=(-13.589,3.436)
2025-09-15 16:39:43,695 - INFO - Selected COC(=O)C(NC(=O)C1CC(N)CN1C(=O)Nc1cn(C(N)=O)c2ccccc12)C(C)C → UCB+nov = 0.7902
f1 shape: (1,)
2025-09-15 16:39:43,697 - INFO -   True f = 0.5571
2025-09-15 16:39:43,762 - INFO - Iter time: 79.59s
2025-09-15 16:39:43,762 - INFO - 
--- Iter 98 (train size=108) ---
2025-09-15 16:41:05,280 - INFO - eta_t=0.0251 | novelty mean=0.7945, std=0.0499 | UCB range=(0.2699, 0.8537) | novelty_z range=(-13.575,3.434)
2025-09-15 16:41:05,280 - INFO - Selected CC(NC(=O)COC(=O)CN1C(=O)C2CCCCC2C1=O)c1ccccc1 → UCB+nov = 0.79
f1 shape: (1,)
2025-09-15 16:41:05,282 - INFO -   True f = 0.564
2025-09-15 16:41:05,348 - INFO - Iter time: 81.59s
2025-09-15 16:41:05,348 - INFO - 
--- Iter 99 (train size=109) ---
2025-09-15 16:42:26,897 - INFO - eta_t=0.0250 | novelty mean=0.7942, std=0.0500 | UCB range=(0.2699, 0.8537) | novelty_z range=(-13.535,3.431)
2025-09-15 16:42:26,897 - INFO - Selected CCOC(=O)c1c(NC(=O)NC(Cc2ccccc2)C(=O)OC)sc2c1CCN(C(C)=O)C2 → UCB+nov = 0.7892
f1 shape: (1,)
2025-09-15 16:42:26,899 - INFO -   True f = 0.5241
2025-09-15 16:42:26,967 - INFO - Iter time: 81.62s
2025-09-15 16:42:26,967 - INFO - 
--- Iter 100 (train size=110) ---
2025-09-15 16:43:49,740 - INFO - eta_t=0.0249 | novelty mean=0.7940, std=0.0502 | UCB range=(0.2698, 0.8508) | novelty_z range=(-13.489,3.425)
2025-09-15 16:43:49,740 - INFO - Selected CC(NC(=O)C1=C2c3ccccc3S(=O)(=O)N2CCC1)C(=O)NC(CCC(=O)O)C(N)=O → UCB+nov = 0.7879
f1 shape: (1,)
2025-09-15 16:43:49,742 - INFO -   True f = 0.5745
2025-09-15 16:43:49,811 - INFO - Iter time: 82.84s
2025-09-15 16:43:49,811 - INFO - 
--- Iter 101 (train size=111) ---
2025-09-15 16:45:15,879 - INFO - eta_t=0.0248 | novelty mean=0.7940, std=0.0502 | UCB range=(0.2699, 0.8515) | novelty_z range=(-13.486,3.425)
2025-09-15 16:45:15,879 - INFO - Selected CC(C)NC(=O)NC(=O)COC(=O)c1cccc(S(=O)(=O)N2CCCCC2)c1 → UCB+nov = 0.7874
f1 shape: (1,)
2025-09-15 16:45:15,881 - INFO -   True f = 0.5841
2025-09-15 16:45:15,951 - INFO - Iter time: 86.14s
2025-09-15 16:45:15,951 - INFO - 
--- Iter 102 (train size=112) ---
2025-09-15 16:46:43,845 - INFO - eta_t=0.0246 | novelty mean=0.7935, std=0.0506 | UCB range=(0.2697, 0.8514) | novelty_z range=(-13.373,3.408)
2025-09-15 16:46:43,846 - INFO - Selected CNC(=O)C(Cc1ccc(OC)cc1)NC(=O)C1(NC(CCN2C(=O)c3cc4ccccc4cc3C2=O)C(=O)O)CCCCC1 → UCB+nov = 0.7869
f1 shape: (1,)
2025-09-15 16:46:43,848 - INFO -   True f = 0.6669
2025-09-15 16:46:43,923 - INFO - Iter time: 87.97s
2025-09-15 16:46:43,923 - INFO - 
--- Iter 103 (train size=113) ---
2025-09-15 16:48:08,285 - INFO - eta_t=0.0245 | novelty mean=0.7933, std=0.0506 | UCB range=(0.2715, 0.8558) | novelty_z range=(-13.358,3.409)
2025-09-15 16:48:08,285 - INFO - Selected COc1ccc(S(=O)(=O)N2Cc3ccccc3CC2C(=O)NC(CCC(=O)O)C(=O)O)cc1OC → UCB+nov = 0.7903
f1 shape: (1,)
2025-09-15 16:48:08,288 - INFO -   True f = 0.6158
2025-09-15 16:48:08,365 - INFO - Iter time: 84.44s
2025-09-15 16:48:08,365 - INFO - 
--- Iter 104 (train size=114) ---
2025-09-15 16:49:38,205 - INFO - eta_t=0.0244 | novelty mean=0.7930, std=0.0508 | UCB range=(0.2710, 0.8544) | novelty_z range=(-13.322,3.406)
2025-09-15 16:49:38,205 - INFO - Selected COc1cccc(C(=O)CN2CCCCC2C(=O)NC(Cc2ccccc2)C(=O)NC(C=CI)C(C)C)c1 → UCB+nov = 0.7896
f1 shape: (1,)
2025-09-15 16:49:38,207 - INFO -   True f = 0.6398
2025-09-15 16:49:38,285 - INFO - Iter time: 89.92s
2025-09-15 16:49:38,285 - INFO - 
--- Iter 105 (train size=115) ---
2025-09-15 16:51:05,986 - INFO - eta_t=0.0243 | novelty mean=0.7928, std=0.0509 | UCB range=(0.2724, 0.8555) | novelty_z range=(-13.273,3.400)
2025-09-15 16:51:05,986 - INFO - Selected CCC(C)C(NC(=O)C1Cc2c([nH]c3ccccc23)C2c3ccccc3C(=O)N12)C(=O)N1CCCC1C(=O)O → UCB+nov = 0.7919
f1 shape: (1,)
2025-09-15 16:51:05,989 - INFO -   True f = 0.6091
2025-09-15 16:51:06,067 - INFO - Iter time: 87.78s
2025-09-15 16:51:06,067 - INFO - 
--- Iter 106 (train size=116) ---
2025-09-15 16:52:34,105 - INFO - eta_t=0.0242 | novelty mean=0.7925, std=0.0509 | UCB range=(0.2739, 0.8561) | novelty_z range=(-13.266,3.405)
2025-09-15 16:52:34,106 - INFO - Selected COc1ccc(CC(NC(=O)C(C)NC(=O)C2=C(C)c3ccccc3C2)C(=O)NC(CC2CCCCC2)C(=O)C2(C)CO2)cc1 → UCB+nov = 0.7927
f1 shape: (1,)
2025-09-15 16:52:34,109 - INFO -   True f = 0.5987
2025-09-15 16:52:34,188 - INFO - Iter time: 88.12s
2025-09-15 16:52:34,188 - INFO - 
--- Iter 107 (train size=117) ---
2025-09-15 16:54:06,156 - INFO - eta_t=0.0241 | novelty mean=0.7925, std=0.0510 | UCB range=(0.2740, 0.8563) | novelty_z range=(-13.252,3.402)
2025-09-15 16:54:06,156 - INFO - Selected CCCC(NC(=O)C1CC(OCc2ccccc2)CN1C(=O)C(NC(=O)C(NC(C)=O)C1CCCCC1)C(C)C)C(=O)O → UCB+nov = 0.79
f1 shape: (1,)
2025-09-15 16:54:06,159 - INFO -   True f = 0.5691
2025-09-15 16:54:06,240 - INFO - Iter time: 92.05s
2025-09-15 16:54:06,240 - INFO - 
--- Iter 108 (train size=118) ---
2025-09-15 16:55:37,989 - INFO - eta_t=0.0239 | novelty mean=0.7924, std=0.0511 | UCB range=(0.2740, 0.8559) | novelty_z range=(-13.227,3.398)
2025-09-15 16:55:37,989 - INFO - Selected Cc1cc(C)c(NC(=O)C2CCCN2CCOC(=O)c2cccc([N+](=O)[O-])c2)c(C)c1 → UCB+nov = 0.7891
f1 shape: (1,)
2025-09-15 16:55:37,992 - INFO -   True f = 0.6644
2025-09-15 16:55:38,075 - INFO - Iter time: 91.83s
2025-09-15 16:55:38,075 - INFO - 
--- Iter 109 (train size=119) ---
2025-09-15 16:57:10,536 - INFO - eta_t=0.0238 | novelty mean=0.7922, std=0.0511 | UCB range=(0.2742, 0.8578) | novelty_z range=(-13.222,3.402)
2025-09-15 16:57:10,536 - INFO - Selected CCOC(=O)c1c(C)[nH]c(C)c1C(=O)COC(=O)C1CCCN1S(=O)(=O)c1ccccc1F → UCB+nov = 0.7895
f1 shape: (1,)
2025-09-15 16:57:10,538 - INFO -   True f = 0.5435
2025-09-15 16:57:10,622 - INFO - Iter time: 92.55s
2025-09-15 16:57:10,622 - INFO - 
--- Iter 110 (train size=120) ---
2025-09-15 16:58:44,772 - INFO - eta_t=0.0237 | novelty mean=0.7921, std=0.0511 | UCB range=(0.2742, 0.8578) | novelty_z range=(-13.216,3.402)
2025-09-15 16:58:44,772 - INFO - Selected CNC(=O)C1CCN(c2cc3c(=O)[nH]c(-c4cc(CNC(=O)C(C)C)ccc4Cl)nc3cc2Cl)CC1 → UCB+nov = 0.7887
f1 shape: (1,)
2025-09-15 16:58:44,775 - INFO -   True f = 0.5798
2025-09-15 16:58:44,859 - INFO - Iter time: 94.24s
2025-09-15 16:58:44,859 - INFO - 
--- Iter 111 (train size=121) ---
2025-09-15 17:00:18,608 - INFO - eta_t=0.0236 | novelty mean=0.7918, std=0.0509 | UCB range=(0.2738, 0.8588) | novelty_z range=(-13.251,3.418)
2025-09-15 17:00:18,608 - INFO - Selected Cc1[nH]c(C(Cc2cn(C)c3ccccc23)NC(=O)C(CC(C)C)NC(=O)NC2CCCCC2)nc1C(=O)O → UCB+nov = 0.7909
f1 shape: (1,)
2025-09-15 17:00:18,611 - INFO -   True f = 0.5625
2025-09-15 17:00:18,699 - INFO - Iter time: 93.84s
2025-09-15 17:00:18,700 - INFO - 
--- Iter 112 (train size=122) ---
2025-09-15 17:01:55,450 - INFO - eta_t=0.0235 | novelty mean=0.7917, std=0.0510 | UCB range=(0.2738, 0.8589) | novelty_z range=(-13.235,3.416)
2025-09-15 17:01:55,450 - INFO - Selected CCC(NC(=O)C1CC(S(=O)(=O)CC)CN1C(C)=O)C(=O)c1nc2ccccc2o1 → UCB+nov = 0.7891
f1 shape: (1,)
2025-09-15 17:01:55,453 - INFO -   True f = 0.5386
2025-09-15 17:01:55,538 - INFO - Iter time: 96.84s
2025-09-15 17:01:55,538 - INFO - 
--- Iter 113 (train size=123) ---
2025-09-15 17:03:31,088 - INFO - eta_t=0.0234 | novelty mean=0.7917, std=0.0510 | UCB range=(0.2739, 0.8591) | novelty_z range=(-13.234,3.418)
2025-09-15 17:03:31,088 - INFO - Selected COC(=O)C1CCCN1C(=O)c1cccc(Nc2c(NC(c3ccc(C)o3)C3CCCS3)c(=O)c2=O)c1F → UCB+nov = 0.7891
f1 shape: (1,)
2025-09-15 17:03:31,091 - INFO -   True f = 0.5715
2025-09-15 17:03:31,181 - INFO - Iter time: 95.64s
2025-09-15 17:03:31,181 - INFO - 
--- Iter 114 (train size=124) ---
2025-09-15 17:05:08,988 - INFO - eta_t=0.0233 | novelty mean=0.7916, std=0.0510 | UCB range=(0.2739, 0.8616) | novelty_z range=(-13.233,3.418)
2025-09-15 17:05:08,988 - INFO - Selected COc1cccc(CNC(=O)C2CCCN2C(=O)C2CCCN2C(=O)c2ccc(Cl)cc2)c1 → UCB+nov = 0.7929
f1 shape: (1,)
2025-09-15 17:05:08,990 - INFO -   True f = 0.5557
2025-09-15 17:05:09,079 - INFO - Iter time: 97.90s
2025-09-15 17:05:09,080 - INFO - 
--- Iter 115 (train size=125) ---
2025-09-15 17:06:48,758 - INFO - eta_t=0.0232 | novelty mean=0.7912, std=0.0511 | UCB range=(0.2739, 0.8614) | novelty_z range=(-13.186,3.417)
2025-09-15 17:06:48,759 - INFO - Selected CC(OC(=O)C(C)NC(=O)c1ccccc1)OC(=O)N1CCN(c2cc3c(cc2F)c(=O)c(C(=O)O)cn3C2CC2)CC1 → UCB+nov = 0.7906
f1 shape: (1,)
2025-09-15 17:06:48,761 - INFO -   True f = 0.6229
2025-09-15 17:06:48,850 - INFO - Iter time: 99.77s
2025-09-15 17:06:48,850 - INFO - 
--- Iter 116 (train size=126) ---
2025-09-15 17:08:28,659 - INFO - eta_t=0.0231 | novelty mean=0.7908, std=0.0514 | UCB range=(0.2743, 0.8599) | novelty_z range=(-13.117,3.408)
2025-09-15 17:08:28,659 - INFO - Selected CCOC(=O)C(CC(C)C)NC(=O)C1CCn2c(C(=O)c3ccccc3)ccc21 → UCB+nov = 0.794
f1 shape: (1,)
2025-09-15 17:08:28,661 - INFO -   True f = 0.4748
2025-09-15 17:08:28,751 - INFO - Iter time: 99.90s
2025-09-15 17:08:28,751 - INFO - 
--- Iter 117 (train size=127) ---
2025-09-15 17:10:08,642 - INFO - eta_t=0.0230 | novelty mean=0.7907, std=0.0514 | UCB range=(0.2736, 0.8596) | novelty_z range=(-13.098,3.407)
2025-09-15 17:10:08,642 - INFO - Selected COc1cc(C(=O)N2CCC(C(=O)Nc3cccc(C(C)=O)c3)CC2)cc(OC)c1OC → UCB+nov = 0.791
f1 shape: (1,)
2025-09-15 17:10:08,645 - INFO -   True f = 0.6368
2025-09-15 17:10:08,736 - INFO - Iter time: 99.98s
2025-09-15 17:10:08,736 - INFO - 
--- Iter 118 (train size=128) ---
2025-09-15 17:11:50,547 - INFO - eta_t=0.0229 | novelty mean=0.7898, std=0.0518 | UCB range=(0.2726, 0.8597) | novelty_z range=(-12.979,3.397)
2025-09-15 17:11:50,547 - INFO - Selected CC(C)C(NC(=O)C1CCN(C(=O)C2CCCN2C(=O)OC(C)(C)C)CC1)C(=O)NCc1ccc(F)cc1 → UCB+nov = 0.7948
f1 shape: (1,)
2025-09-15 17:11:50,549 - INFO -   True f = 0.564
2025-09-15 17:11:50,641 - INFO - Iter time: 101.91s
2025-09-15 17:11:50,641 - INFO - 
--- Iter 119 (train size=129) ---
2025-09-15 17:13:31,886 - INFO - eta_t=0.0228 | novelty mean=0.7897, std=0.0519 | UCB range=(0.2726, 0.8597) | novelty_z range=(-12.972,3.398)
2025-09-15 17:13:31,886 - INFO - Selected COc1ccc2[nH]c(=O)n(CC3CCC(C(=O)N4CCN(C(C)=O)CC4)CC3)c(=O)c2c1 → UCB+nov = 0.794
f1 shape: (1,)
2025-09-15 17:13:31,888 - INFO -   True f = 0.627
2025-09-15 17:13:31,982 - INFO - Iter time: 101.34s
2025-09-15 17:13:31,982 - INFO - 
--- Iter 120 (train size=130) ---
2025-09-15 17:15:19,675 - INFO - eta_t=0.0227 | novelty mean=0.7895, std=0.0519 | UCB range=(0.2729, 0.8624) | novelty_z range=(-12.963,3.401)
2025-09-15 17:15:19,675 - INFO - Selected COc1ccc(OC)c(C(=O)NC(CC(N)=O)c2ccc(N3CCC(N4CCCC4)CC3)c([N+](=O)[O-])c2)c1 → UCB+nov = 0.7987
f1 shape: (1,)
2025-09-15 17:15:19,678 - INFO -   True f = 0.6634
2025-09-15 17:15:19,773 - INFO - Iter time: 107.79s
2025-09-15 17:15:19,774 - INFO - 
--- Iter 121 (train size=131) ---
2025-09-15 17:17:05,801 - INFO - eta_t=0.0226 | novelty mean=0.7892, std=0.0520 | UCB range=(0.2721, 0.8727) | novelty_z range=(-14.320,3.397)
2025-09-15 17:17:05,801 - INFO - Selected COc1ccc(C(=O)C=CC(=O)N2CCN(c3ccc(N4CC(CNC(C)=O)OC4=O)cc3F)CC2)cc1 → UCB+nov = 0.8012
f1 shape: (1,)
2025-09-15 17:17:05,803 - INFO -   True f = 0.648
2025-09-15 17:17:05,900 - INFO - Iter time: 106.13s
2025-09-15 17:17:05,900 - INFO - 
--- Iter 122 (train size=132) ---
2025-09-15 17:18:51,810 - INFO - eta_t=0.0225 | novelty mean=0.7888, std=0.0525 | UCB range=(0.2735, 0.8767) | novelty_z range=(-14.192,3.376)
2025-09-15 17:18:51,811 - INFO - Selected COc1ccc(CNC(=O)C2CCCN(S(=O)(=O)c3ccc4c(c3)CC(C)N4C(C)=O)C2)cc1 → UCB+nov = 0.8098
f1 shape: (1,)
2025-09-15 17:18:51,813 - INFO -   True f = 0.6431
2025-09-15 17:18:51,911 - INFO - Iter time: 106.01s
2025-09-15 17:18:51,911 - INFO - 
--- Iter 123 (train size=133) ---
2025-09-15 17:20:41,370 - INFO - eta_t=0.0225 | novelty mean=0.7885, std=0.0528 | UCB range=(0.2746, 0.8799) | novelty_z range=(-14.088,3.359)
2025-09-15 17:20:41,370 - INFO - Selected COc1ccc(OC)c(S(=O)(=O)NC2CCCCN(CC(=O)NCc3ccc(C(=N)N)cc3)C2=O)c1 → UCB+nov = 0.8106
f1 shape: (1,)
2025-09-15 17:20:41,372 - INFO -   True f = 0.6404
2025-09-15 17:20:41,471 - INFO - Iter time: 109.56s
2025-09-15 17:20:41,471 - INFO - 
--- Iter 124 (train size=134) ---
2025-09-15 17:22:32,299 - INFO - eta_t=0.0224 | novelty mean=0.7883, std=0.0529 | UCB range=(0.2741, 0.8795) | novelty_z range=(-14.064,3.357)
2025-09-15 17:22:32,299 - INFO - Selected COc1ccc(C(=O)C=CC(=O)N(CC(=O)NC2CCCCC2)Cc2ccc(F)cc2)c(O)c1 → UCB+nov = 0.8106
f1 shape: (1,)
2025-09-15 17:22:32,301 - INFO -   True f = 0.691
2025-09-15 17:22:32,401 - INFO - Iter time: 110.93s
2025-09-15 17:22:32,401 - INFO - 
--- Iter 125 (train size=135) ---
2025-09-15 17:24:21,309 - INFO - eta_t=0.0223 | novelty mean=0.7881, std=0.0530 | UCB range=(0.2756, 0.8828) | novelty_z range=(-14.027,3.353)
2025-09-15 17:24:21,309 - INFO - Selected CC(=O)c1cc(CNC(=O)c2ccc(OP(=O)(O)O)cc2)ccc1OCC1CCCCC1 → UCB+nov = 0.8151
f1 shape: (1,)
2025-09-15 17:24:21,312 - INFO -   True f = 0.6641
2025-09-15 17:24:21,414 - INFO - Iter time: 109.01s
2025-09-15 17:24:21,414 - INFO - 
--- Iter 126 (train size=136) ---
2025-09-15 17:26:12,515 - INFO - eta_t=0.0222 | novelty mean=0.7880, std=0.0531 | UCB range=(0.2758, 0.8816) | novelty_z range=(-14.014,3.354)
2025-09-15 17:26:12,515 - INFO - Selected COc1ccc(CN2C(=O)C(CC(=O)NC3CC3)CC(C(=O)N3CCOCC3)=C2C)cc1 → UCB+nov = 0.8148
f1 shape: (1,)
2025-09-15 17:26:12,517 - INFO -   True f = 0.6156
2025-09-15 17:26:12,621 - INFO - Iter time: 111.21s
2025-09-15 17:26:12,621 - INFO - 
--- Iter 127 (train size=137) ---
2025-09-15 17:28:05,537 - INFO - eta_t=0.0221 | novelty mean=0.7877, std=0.0532 | UCB range=(0.2762, 0.8840) | novelty_z range=(-13.978,3.351)
2025-09-15 17:28:05,537 - INFO - Selected CCOC(=O)N1CCN(C(=O)CCC(C(=O)NO)N(Cc2ccc3c(c2)OCO3)S(=O)(=O)c2ccc(OC)cc2)CC1 → UCB+nov = 0.8134
f1 shape: (1,)
2025-09-15 17:28:05,540 - INFO -   True f = 0.6191
2025-09-15 17:28:05,645 - INFO - Iter time: 113.02s
2025-09-15 17:28:05,645 - INFO - 
--- Iter 128 (train size=138) ---
2025-09-15 17:29:58,807 - INFO - eta_t=0.0220 | novelty mean=0.7872, std=0.0533 | UCB range=(0.2764, 0.8851) | novelty_z range=(-13.933,3.351)
2025-09-15 17:29:58,807 - INFO - Selected COc1cc(C(C)=O)ccc1OC(C)C(=O)Nc1ccc(S(=O)(=O)N2CCCC2)cc1 → UCB+nov = 0.8111
f1 shape: (1,)
2025-09-15 17:29:58,809 - INFO -   True f = 0.5849
2025-09-15 17:29:58,920 - INFO - Iter time: 113.27s
2025-09-15 17:29:58,920 - INFO - 
--- Iter 129 (train size=139) ---
2025-09-15 17:31:53,192 - INFO - eta_t=0.0219 | novelty mean=0.7867, std=0.0538 | UCB range=(0.2764, 0.8851) | novelty_z range=(-13.785,3.328)
2025-09-15 17:31:53,192 - INFO - Selected COc1ccc(NC(=O)CN2CCC(NC(=O)c3ccco3)CC2)c([N+](=O)[O-])c1 → UCB+nov = 0.8116
f1 shape: (1,)
2025-09-15 17:31:53,194 - INFO -   True f = 0.6579
2025-09-15 17:31:53,306 - INFO - Iter time: 114.39s
2025-09-15 17:31:53,306 - INFO - 
--- Iter 130 (train size=140) ---
2025-09-15 17:33:50,022 - INFO - eta_t=0.0218 | novelty mean=0.7864, std=0.0539 | UCB range=(0.2775, 0.8965) | novelty_z range=(-13.764,3.329)
2025-09-15 17:33:50,022 - INFO - Selected COc1ccc(CC(NC(C)=O)C(=O)NC2CCN(c3ncccc3[N+](=O)[O-])CC2)cc1 → UCB+nov = 0.82
f1 shape: (1,)
2025-09-15 17:33:50,024 - INFO -   True f = 0.6455
2025-09-15 17:33:50,135 - INFO - Iter time: 116.83s
2025-09-15 17:33:50,136 - INFO - 
--- Iter 131 (train size=141) ---
2025-09-15 17:35:45,533 - INFO - eta_t=0.0218 | novelty mean=0.7863, std=0.0539 | UCB range=(0.2776, 0.8766) | novelty_z range=(-13.761,3.332)
2025-09-15 17:35:45,533 - INFO - Selected CCOC(=O)N1CCC(NC(=O)c2ccc3c(c2)N(C)C(=O)C(=Cc2cccc(OC)c2)S3)CC1 → UCB+nov = 0.8135
f1 shape: (1,)
2025-09-15 17:35:45,535 - INFO -   True f = 0.6469
2025-09-15 17:35:45,651 - INFO - Iter time: 115.52s
2025-09-15 17:35:45,651 - INFO - 
--- Iter 132 (train size=142) ---
2025-09-15 17:37:41,834 - INFO - eta_t=0.0217 | novelty mean=0.7862, std=0.0539 | UCB range=(0.2778, 0.8773) | novelty_z range=(-13.750,3.332)
2025-09-15 17:37:41,834 - INFO - Selected CC(C)NC(=O)CN1C(=O)C(C)(C)Oc2ccc(C(=O)NC3CCCCC3)cc21 → UCB+nov = 0.8136
f1 shape: (1,)
2025-09-15 17:37:41,836 - INFO -   True f = 0.5927
2025-09-15 17:37:41,951 - INFO - Iter time: 116.30s
2025-09-15 17:37:41,951 - INFO - 
--- Iter 133 (train size=143) ---
2025-09-15 17:39:41,316 - INFO - eta_t=0.0216 | novelty mean=0.7861, std=0.0540 | UCB range=(0.2777, 0.8772) | novelty_z range=(-13.743,3.333)
2025-09-15 17:39:41,316 - INFO - Selected CCOC(=O)C1CCN(c2cc3c(cc2NC(=O)c2ccc(F)cc2)n(C)c(=O)n3C)CC1 → UCB+nov = 0.813
f1 shape: (1,)
2025-09-15 17:39:41,318 - INFO -   True f = 0.6178
2025-09-15 17:39:41,434 - INFO - Iter time: 119.48s
2025-09-15 17:39:41,434 - INFO - 
--- Iter 134 (train size=144) ---
2025-09-15 17:41:45,098 - INFO - eta_t=0.0215 | novelty mean=0.7858, std=0.0540 | UCB range=(0.2777, 0.8767) | novelty_z range=(-13.727,3.334)
2025-09-15 17:41:45,099 - INFO - Selected CC(=O)c1cc(OCCc2ccc(F)cc2)c(=O)n2c1CCC2C(=O)N1CCCC1 → UCB+nov = 0.8094
f1 shape: (1,)
2025-09-15 17:41:45,101 - INFO -   True f = 0.2779
2025-09-15 17:41:45,217 - INFO - Iter time: 123.78s
2025-09-15 17:41:45,217 - INFO - 
--- Iter 135 (train size=145) ---
2025-09-15 17:43:44,963 - INFO - eta_t=0.0214 | novelty mean=0.7857, std=0.0540 | UCB range=(0.2763, 0.8762) | novelty_z range=(-13.729,3.339)
2025-09-15 17:43:44,963 - INFO - Selected COc1ccc(C(=O)NC(=Cc2cccc([N+](=O)[O-])c2)C(=O)NC(CC(C)C)C(=O)O)cc1 → UCB+nov = 0.8193
f1 shape: (1,)
2025-09-15 17:43:44,965 - INFO -   True f = 0.586
2025-09-15 17:43:45,084 - INFO - Iter time: 119.87s
2025-09-15 17:43:45,084 - INFO - 
--- Iter 136 (train size=146) ---
2025-09-15 17:45:48,621 - INFO - eta_t=0.0214 | novelty mean=0.7854, std=0.0541 | UCB range=(0.2764, 0.8763) | novelty_z range=(-13.686,3.334)
2025-09-15 17:45:48,621 - INFO - Selected CCOC(=O)C1CCN(C(=O)CC(NS(=O)(=O)c2ccc(OC)cc2)C(C)C)CC1 → UCB+nov = 0.816
f1 shape: (1,)
2025-09-15 17:45:48,623 - INFO -   True f = 0.599
2025-09-15 17:45:48,746 - INFO - Iter time: 123.66s
2025-09-15 17:45:48,746 - INFO - 
--- Iter 137 (train size=147) ---
2025-09-15 17:47:50,469 - INFO - eta_t=0.0213 | novelty mean=0.7853, std=0.0542 | UCB range=(0.2763, 0.8705) | novelty_z range=(-13.662,3.330)
2025-09-15 17:47:50,469 - INFO - Selected CCOC(=O)C1CCN(c2ncnc(Oc3ccc(C(=O)CC(=O)OC)cc3)c2[N+](=O)[O-])CC1 → UCB+nov = 0.8099
f1 shape: (1,)
2025-09-15 17:47:50,471 - INFO -   True f = 0.624
2025-09-15 17:47:50,591 - INFO - Iter time: 121.85s
2025-09-15 17:47:50,591 - INFO - 
--- Iter 138 (train size=148) ---
2025-09-15 17:49:53,119 - INFO - eta_t=0.0212 | novelty mean=0.7853, std=0.0542 | UCB range=(0.2763, 0.8708) | novelty_z range=(-13.666,3.332)
2025-09-15 17:49:53,119 - INFO - Selected CCOC(=O)COC1CCN(C(=O)C(C)NC(=O)c2ccc(C(=N)N)cc2)CC1 → UCB+nov = 0.8106
f1 shape: (1,)
2025-09-15 17:49:53,121 - INFO -   True f = 0.6064
2025-09-15 17:49:53,244 - INFO - Iter time: 122.65s
2025-09-15 17:49:53,245 - INFO - 
--- Iter 139 (train size=149) ---
2025-09-15 17:52:00,816 - INFO - eta_t=0.0211 | novelty mean=0.7853, std=0.0542 | UCB range=(0.2761, 0.8709) | novelty_z range=(-13.662,3.331)
2025-09-15 17:52:00,816 - INFO - Selected O=C(COC(=O)C1CC2CCCC(C1)C2=O)NNC(=O)c1ccc([N+](=O)[O-])cc1 → UCB+nov = 0.8096
f1 shape: (1,)
2025-09-15 17:52:00,818 - INFO -   True f = 0.5609
2025-09-15 17:52:00,944 - INFO - Iter time: 127.70s
2025-09-15 17:52:00,944 - INFO - 
--- Iter 140 (train size=150) ---
2025-09-15 17:54:09,162 - INFO - eta_t=0.0211 | novelty mean=0.7852, std=0.0543 | UCB range=(0.2761, 0.8711) | novelty_z range=(-13.650,3.329)
2025-09-15 17:54:09,163 - INFO - Selected CCOc1ccc(C(=O)COC(=O)c2cc([N+](=O)[O-])ccc2N2CCOCC2)cc1 → UCB+nov = 0.8096
f1 shape: (1,)
2025-09-15 17:54:09,165 - INFO -   True f = 0.6136
2025-09-15 17:54:09,291 - INFO - Iter time: 128.35s
2025-09-15 17:54:09,291 - INFO - 
--- Iter 141 (train size=151) ---
2025-09-15 17:56:17,508 - INFO - eta_t=0.0210 | novelty mean=0.7848, std=0.0545 | UCB range=(0.2762, 0.8706) | novelty_z range=(-13.584,3.322)
2025-09-15 17:56:17,508 - INFO - Selected COc1ccc(N(CC(=O)NC2CCCCC2)C(=O)CNC(=O)c2ccco2)c(OC)c1 → UCB+nov = 0.8082
f1 shape: (1,)
2025-09-15 17:56:17,510 - INFO -   True f = 0.6221
2025-09-15 17:56:17,638 - INFO - Iter time: 128.35s
2025-09-15 17:56:17,638 - INFO - 
--- Iter 142 (train size=152) ---
2025-09-15 17:58:24,301 - INFO - eta_t=0.0209 | novelty mean=0.7847, std=0.0546 | UCB range=(0.2760, 0.8684) | novelty_z range=(-13.549,3.316)
2025-09-15 17:58:24,302 - INFO - Selected COC(=O)C1=C(C(=O)OC)C2N(C)c3ccc(OC)cc3C23CC(C(=O)OC)N(C(=O)C2CCC2)C3=N1 → UCB+nov = 0.8076
f1 shape: (1,)
2025-09-15 17:58:24,304 - INFO -   True f = 0.5495
2025-09-15 17:58:24,432 - INFO - Iter time: 126.79s
2025-09-15 17:58:24,433 - INFO - 
--- Iter 143 (train size=153) ---
2025-09-15 18:00:32,234 - INFO - eta_t=0.0208 | novelty mean=0.7847, std=0.0546 | UCB range=(0.2760, 0.8685) | novelty_z range=(-13.547,3.316)
2025-09-15 18:00:32,234 - INFO - Selected CCOC(=O)c1ccc(NC(=O)c2c(N3CCCC3=O)c3cc(OC)ccc3n2C)cc1 → UCB+nov = 0.8073
f1 shape: (1,)
2025-09-15 18:00:32,236 - INFO -   True f = 0.6062
2025-09-15 18:00:32,368 - INFO - Iter time: 127.94s
2025-09-15 18:00:32,368 - INFO - 
--- Iter 144 (train size=154) ---
2025-09-15 18:02:41,547 - INFO - eta_t=0.0208 | novelty mean=0.7843, std=0.0548 | UCB range=(0.2759, 0.8684) | novelty_z range=(-13.509,3.315)
2025-09-15 18:02:41,547 - INFO - Selected CCNc1ccc(C(=O)OCC)cc1NC(=O)c1cc(S(=O)(=O)N2CCOCC2)ccc1C → UCB+nov = 0.808
f1 shape: (1,)
2025-09-15 18:02:41,549 - INFO -   True f = 0.6016
2025-09-15 18:02:41,681 - INFO - Iter time: 129.31s
2025-09-15 18:02:41,681 - INFO - 
--- Iter 145 (train size=155) ---
2025-09-15 18:04:49,991 - INFO - eta_t=0.0207 | novelty mean=0.7840, std=0.0551 | UCB range=(0.2759, 0.8693) | novelty_z range=(-13.426,3.302)
2025-09-15 18:04:49,991 - INFO - Selected CCOC(=O)c1cccc(NC(=O)NC(=O)N2CCN(C(=O)CN3C(=O)C(=O)c4cc([N+](=O)[O-])ccc43)CC2)c1 → UCB+nov = 0.8081
f1 shape: (1,)
2025-09-15 18:04:49,994 - INFO -   True f = 0.6208
2025-09-15 18:04:50,138 - INFO - Iter time: 128.46s
2025-09-15 18:04:50,138 - INFO - 
--- Iter 146 (train size=156) ---
2025-09-15 18:07:02,287 - INFO - eta_t=0.0206 | novelty mean=0.7840, std=0.0551 | UCB range=(0.2761, 0.8690) | novelty_z range=(-13.415,3.300)
2025-09-15 18:07:02,288 - INFO - Selected COc1ccc([N+](=O)[O-])cc1NC(=O)C(C)OC(=O)CN1C(=O)C2CC=CCC2C1=O → UCB+nov = 0.8098
f1 shape: (1,)
2025-09-15 18:07:02,290 - INFO -   True f = 0.5626
2025-09-15 18:07:02,428 - INFO - Iter time: 132.29s
2025-09-15 18:07:02,429 - INFO - 
--- Iter 147 (train size=157) ---
2025-09-15 18:09:21,660 - INFO - eta_t=0.0205 | novelty mean=0.7840, std=0.0552 | UCB range=(0.2761, 0.8691) | novelty_z range=(-13.396,3.296)
2025-09-15 18:09:21,661 - INFO - Selected CCOC(=O)c1ccc(N2C(=O)CC(N3CCN(C(=O)c4ccco4)CC3)C2=O)cc1 → UCB+nov = 0.8075
f1 shape: (1,)
2025-09-15 18:09:21,663 - INFO -   True f = 0.656
2025-09-15 18:09:21,803 - INFO - Iter time: 139.37s
2025-09-15 18:09:21,803 - INFO - 
--- Iter 148 (train size=158) ---
2025-09-15 18:11:37,522 - INFO - eta_t=0.0205 | novelty mean=0.7837, std=0.0554 | UCB range=(0.2770, 0.8718) | novelty_z range=(-13.341,3.288)
2025-09-15 18:11:37,523 - INFO - Selected COC(=O)c1ccc(NC(=O)CC2C(=O)N(c3cccc(C)c3)C(=O)N2C2CCCC2)cc1 → UCB+nov = 0.8117
f1 shape: (1,)
2025-09-15 18:11:37,525 - INFO -   True f = 0.6814
2025-09-15 18:11:37,666 - INFO - Iter time: 135.86s
2025-09-15 18:11:37,666 - INFO - 
--- Iter 149 (train size=159) ---
2025-09-15 18:13:52,895 - INFO - eta_t=0.0204 | novelty mean=0.7835, std=0.0555 | UCB range=(0.2772, 0.8725) | novelty_z range=(-13.320,3.287)
2025-09-15 18:13:52,896 - INFO - Selected O=C(COC(=O)c1ccc(S(=O)(=O)C(F)F)cc1)Nc1ccccc1C(=O)NC1CC1 → UCB+nov = 0.8142
f1 shape: (1,)
2025-09-15 18:13:52,898 - INFO -   True f = 0.5573
2025-09-15 18:13:53,041 - INFO - Iter time: 135.37s
2025-09-15 18:13:53,041 - INFO - 
--- Iter 150 (train size=160) ---
2025-09-15 18:16:13,494 - INFO - eta_t=0.0203 | novelty mean=0.7832, std=0.0557 | UCB range=(0.2772, 0.8724) | novelty_z range=(-13.273,3.282)
2025-09-15 18:16:13,494 - INFO - Selected CCOC(=O)c1ccc(S(=O)(=O)N2CCC(C(=O)NCC3COc4ccccc4O3)CC2)cc1 → UCB+nov = 0.8121
f1 shape: (1,)
2025-09-15 18:16:13,496 - INFO -   True f = 0.6424
2025-09-15 18:16:13,640 - INFO - Iter time: 140.60s
2025-09-15 18:16:13,640 - INFO - 
--- Iter 151 (train size=161) ---
2025-09-15 18:18:30,475 - INFO - eta_t=0.0203 | novelty mean=0.7830, std=0.0558 | UCB range=(0.2775, 0.8746) | novelty_z range=(-13.232,3.277)
2025-09-15 18:18:30,475 - INFO - Selected COC(=O)c1ccc(NC(=O)C2CCN(C(=O)c3ccc([N+](=O)[O-])cc3)CC2)cc1 → UCB+nov = 0.8129
f1 shape: (1,)
2025-09-15 18:18:30,477 - INFO -   True f = 0.6602
2025-09-15 18:18:30,623 - INFO - Iter time: 136.98s
2025-09-15 18:18:30,624 - INFO - 
--- Iter 152 (train size=162) ---
2025-09-15 18:20:49,420 - INFO - eta_t=0.0202 | novelty mean=0.7828, std=0.0560 | UCB range=(0.2781, 0.8756) | novelty_z range=(-13.172,3.268)
2025-09-15 18:20:49,420 - INFO - Selected Cc1ccc(C(=O)Nc2ccc(C(=O)O)cc2)cc1S(=O)(=O)N1CCC(C)CC1 → UCB+nov = 0.8124
f1 shape: (1,)
2025-09-15 18:20:49,422 - INFO -   True f = 0.638
2025-09-15 18:20:49,570 - INFO - Iter time: 138.95s
2025-09-15 18:20:49,571 - INFO - 
--- Iter 153 (train size=163) ---
2025-09-15 18:23:09,412 - INFO - eta_t=0.0201 | novelty mean=0.7825, std=0.0562 | UCB range=(0.2781, 0.8774) | novelty_z range=(-13.128,3.263)
2025-09-15 18:23:09,413 - INFO - Selected CCOC(=O)N1CCN(C(=O)c2cc(Cl)ccc2NC(=O)c2ccc(OC)cc2)CC1 → UCB+nov = 0.8128
f1 shape: (1,)
2025-09-15 18:23:09,415 - INFO -   True f = 0.6434
2025-09-15 18:23:09,565 - INFO - Iter time: 139.99s
2025-09-15 18:23:09,565 - INFO - 
--- Iter 154 (train size=164) ---
2025-09-15 18:25:32,727 - INFO - eta_t=0.0201 | novelty mean=0.7822, std=0.0564 | UCB range=(0.2781, 0.8777) | novelty_z range=(-13.072,3.256)
2025-09-15 18:25:32,727 - INFO - Selected CCOC(=O)Cn1c(=O)oc2cc(S(=O)(=O)N3CCN(c4ccc(C(C)=O)cc4)CC3)ccc21 → UCB+nov = 0.8132
f1 shape: (1,)
2025-09-15 18:25:32,729 - INFO -   True f = 0.6135
2025-09-15 18:25:32,879 - INFO - Iter time: 143.31s
2025-09-15 18:25:32,879 - INFO - 
--- Iter 155 (train size=165) ---
2025-09-15 18:27:57,699 - INFO - eta_t=0.0200 | novelty mean=0.7819, std=0.0567 | UCB range=(0.2781, 0.8791) | novelty_z range=(-13.016,3.248)
2025-09-15 18:27:57,699 - INFO - Selected Cc1ccc(C(=O)COC(=O)c2ccccc2N2C(=O)C3C4CCC(C4)C3C2=O)cc1C → UCB+nov = 0.8118
f1 shape: (1,)
2025-09-15 18:27:57,702 - INFO -   True f = 0.5275
2025-09-15 18:27:57,854 - INFO - Iter time: 144.97s
2025-09-15 18:27:57,854 - INFO - 
--- Iter 156 (train size=166) ---
2025-09-15 18:30:24,994 - INFO - eta_t=0.0200 | novelty mean=0.7818, std=0.0567 | UCB range=(0.2780, 0.8792) | novelty_z range=(-13.012,3.249)
2025-09-15 18:30:24,994 - INFO - Selected CCOc1cccc(C(=O)Nc2cc(C(=O)OC)ccc2N2CCN(CC)CC2)c1 → UCB+nov = 0.8115
f1 shape: (1,)
2025-09-15 18:30:24,996 - INFO -   True f = 0.3713
2025-09-15 18:30:25,150 - INFO - Iter time: 147.30s
2025-09-15 18:30:25,150 - INFO - 
--- Iter 157 (train size=167) ---
2025-09-15 18:32:46,812 - INFO - eta_t=0.0199 | novelty mean=0.7814, std=0.0568 | UCB range=(0.2789, 0.8790) | novelty_z range=(-12.986,3.251)
2025-09-15 18:32:46,812 - INFO - Selected CCOC(=O)N1CCN(C(=O)C(CC(C)C)NS(=O)(=O)c2ccc3c(c2)oc(=O)n3C)CC1 → UCB+nov = 0.8123
f1 shape: (1,)
2025-09-15 18:32:46,814 - INFO -   True f = 0.577
2025-09-15 18:32:46,971 - INFO - Iter time: 141.82s
2025-09-15 18:32:46,972 - INFO - 
--- Iter 158 (train size=168) ---
2025-09-15 18:35:16,780 - INFO - eta_t=0.0198 | novelty mean=0.7814, std=0.0568 | UCB range=(0.2790, 0.8790) | novelty_z range=(-12.977,3.249)
2025-09-15 18:35:16,780 - INFO - Selected Cc1cc(COc2ccc(C(=O)NC3CN(C(=O)C(C)C)CC3C(=O)NO)cc2)c2ccccc2n1 → UCB+nov = 0.8119
f1 shape: (1,)
2025-09-15 18:35:16,783 - INFO -   True f = 0.6034
2025-09-15 18:35:16,939 - INFO - Iter time: 149.97s
2025-09-15 18:35:16,939 - INFO - 
--- Iter 159 (train size=169) ---
2025-09-15 18:37:42,353 - INFO - eta_t=0.0198 | novelty mean=0.7810, std=0.0570 | UCB range=(0.2796, 0.8782) | novelty_z range=(-12.928,3.245)
2025-09-15 18:37:42,353 - INFO - Selected CCOC(=O)C1CCN(C(=O)c2ccc(NS(=O)(=O)c3ccc(F)cc3C)cc2)CC1 → UCB+nov = 0.8124
f1 shape: (1,)
2025-09-15 18:37:42,355 - INFO -   True f = 0.6163
2025-09-15 18:37:42,516 - INFO - Iter time: 145.58s
2025-09-15 18:37:42,516 - INFO - 
--- Iter 160 (train size=170) ---
2025-09-15 18:40:08,658 - INFO - eta_t=0.0197 | novelty mean=0.7808, std=0.0571 | UCB range=(0.2796, 0.8783) | novelty_z range=(-12.900,3.242)
2025-09-15 18:40:08,658 - INFO - Selected O=C(O)C(Cc1ccc(OCc2c(Cl)cccc2Cl)cc1)NC(=O)C1OCOC1C(=O)N1CCOCC1 → UCB+nov = 0.8123
f1 shape: (1,)
2025-09-15 18:40:08,660 - INFO -   True f = 0.5985
2025-09-15 18:40:08,822 - INFO - Iter time: 146.31s
2025-09-15 18:40:08,822 - INFO - 
--- Iter 161 (train size=171) ---
2025-09-15 18:42:40,085 - INFO - eta_t=0.0196 | novelty mean=0.7808, std=0.0571 | UCB range=(0.2797, 0.8785) | novelty_z range=(-12.898,3.242)
2025-09-15 18:42:40,085 - INFO - Selected CCOC(=O)C(Cc1ccc(NC(=O)c2c(Cl)cncc2Cl)cc1)NC(=O)C1CC(NC2CCC2)CN1S(=O)(=O)c1cccc(C#N)c1 → UCB+nov = 0.8131
f1 shape: (1,)
2025-09-15 18:42:40,088 - INFO -   True f = 0.6194
2025-09-15 18:42:40,250 - INFO - Iter time: 151.43s
2025-09-15 18:42:40,250 - INFO - 
--- Iter 162 (train size=172) ---
2025-09-15 18:45:07,704 - INFO - eta_t=0.0196 | novelty mean=0.7807, std=0.0571 | UCB range=(0.2801, 0.8786) | novelty_z range=(-12.896,3.243)
2025-09-15 18:45:07,704 - INFO - Selected CCCC(NC(=O)C1CC(S(=O)(=O)c2ccc(N3CCOCC3)cc2Cl)CN1C(=O)C1(c2ccc(Cl)cc2)CC1)C(=O)C(=O)NC1CC1 → UCB+nov = 0.8128
f1 shape: (1,)
2025-09-15 18:45:07,707 - INFO -   True f = 0.6023
2025-09-15 18:45:07,872 - INFO - Iter time: 147.62s
2025-09-15 18:45:07,872 - INFO - 
--- Iter 163 (train size=173) ---
2025-09-15 18:47:42,011 - INFO - eta_t=0.0195 | novelty mean=0.7807, std=0.0572 | UCB range=(0.2801, 0.8790) | novelty_z range=(-12.879,3.240)
2025-09-15 18:47:42,011 - INFO - Selected COc1ccc(S(=O)(=O)N(C)CC2Oc3ccc(NC(=O)C4CCCCC4)cc3CC(=O)N(C(C)CO)CC2C)cc1 → UCB+nov = 0.8137
f1 shape: (1,)
2025-09-15 18:47:42,013 - INFO -   True f = 0.642
2025-09-15 18:47:42,183 - INFO - Iter time: 154.31s
2025-09-15 18:47:42,183 - INFO - 
--- Iter 164 (train size=174) ---
2025-09-15 18:50:14,592 - INFO - eta_t=0.0195 | novelty mean=0.7806, std=0.0573 | UCB range=(0.2806, 0.8810) | novelty_z range=(-12.841,3.232)
2025-09-15 18:50:14,592 - INFO - Selected COc1ccc(NC(=O)C2C(C(=O)NCCC(N)=O)C3CCC2C32CC2)cc1 → UCB+nov = 0.8118
f1 shape: (1,)
2025-09-15 18:50:14,594 - INFO -   True f = 0.5991
2025-09-15 18:50:14,764 - INFO - Iter time: 152.58s
2025-09-15 18:50:14,764 - INFO - 
--- Iter 165 (train size=175) ---
2025-09-15 18:52:48,874 - INFO - eta_t=0.0194 | novelty mean=0.7806, std=0.0574 | UCB range=(0.2811, 0.8819) | novelty_z range=(-12.831,3.230)
2025-09-15 18:52:48,874 - INFO - Selected CCOC(=O)CN1CC23C=CC(O2)C(C(=O)Nc2ccc(C(C)=O)cc2)C3C1=O → UCB+nov = 0.8136
f1 shape: (1,)
2025-09-15 18:52:48,876 - INFO -   True f = 0.5874
2025-09-15 18:52:49,052 - INFO - Iter time: 154.29s
2025-09-15 18:52:49,052 - INFO - 
--- Iter 166 (train size=176) ---
2025-09-15 18:55:29,701 - INFO - eta_t=0.0193 | novelty mean=0.7806, std=0.0574 | UCB range=(0.2810, 0.8816) | novelty_z range=(-12.828,3.230)
2025-09-15 18:55:29,701 - INFO - Selected Cc1cn(C2CC(O)C(CNC(=O)Nc3ccc(OC4CCOCC4)cc3)O2)c(=O)[nH]c1=O → UCB+nov = 0.813
f1 shape: (1,)
2025-09-15 18:55:29,703 - INFO -   True f = 0.6131
2025-09-15 18:55:29,881 - INFO - Iter time: 160.83s
2025-09-15 18:55:29,881 - INFO - 
--- Iter 167 (train size=177) ---
2025-09-15 18:58:05,274 - INFO - eta_t=0.0193 | novelty mean=0.7805, std=0.0575 | UCB range=(0.2813, 0.8822) | novelty_z range=(-12.810,3.227)
2025-09-15 18:58:05,274 - INFO - Selected COc1ccc(S(=O)(=O)N2CCCC2C(=O)NCC(=O)Nc2cccc(Cl)c2C)cc1 → UCB+nov = 0.8139
f1 shape: (1,)
2025-09-15 18:58:05,276 - INFO -   True f = 0.6166
2025-09-15 18:58:05,456 - INFO - Iter time: 155.58s
2025-09-15 18:58:05,456 - INFO - 
--- Iter 168 (train size=178) ---
2025-09-15 19:00:43,543 - INFO - eta_t=0.0192 | novelty mean=0.7803, std=0.0576 | UCB range=(0.2815, 0.8829) | novelty_z range=(-12.777,3.222)
2025-09-15 19:00:43,543 - INFO - Selected Cc1cc(NC(=O)C(=O)O)cc(C)c1S(=O)(=O)c1ccc(O)c(C2CCCCC2)c1 → UCB+nov = 0.8109
f1 shape: (1,)
2025-09-15 19:00:43,545 - INFO -   True f = 0.6517
2025-09-15 19:00:43,722 - INFO - Iter time: 158.27s
2025-09-15 19:00:43,722 - INFO - 
--- Iter 169 (train size=179) ---
2025-09-15 19:03:21,965 - INFO - eta_t=0.0192 | novelty mean=0.7802, std=0.0576 | UCB range=(0.2817, 0.8836) | novelty_z range=(-12.783,3.226)
2025-09-15 19:03:21,965 - INFO - Selected CC(=N)N1CCC(Oc2ccc3c(c2)CC(C=Cc2cc(C(=N)N)ccc2O)N3S(=O)(=O)CC(=O)O)CC1 → UCB+nov = 0.8156
f1 shape: (1,)
2025-09-15 19:03:21,968 - INFO -   True f = 0.6581
2025-09-15 19:03:22,150 - INFO - Iter time: 158.43s
2025-09-15 19:03:22,150 - INFO - 
--- Iter 170 (train size=180) ---
2025-09-15 19:06:02,398 - INFO - eta_t=0.0191 | novelty mean=0.7802, std=0.0576 | UCB range=(0.2826, 0.8841) | novelty_z range=(-12.781,3.226)
2025-09-15 19:06:02,399 - INFO - Selected COc1ccc2c(c1)CCC(NS(=O)(=O)CC1CCCCC1)C(=O)N2CC(=O)NC1CCCN(C(=N)N)C1O → UCB+nov = 0.8171
f1 shape: (1,)
2025-09-15 19:06:02,401 - INFO -   True f = 0.6066
2025-09-15 19:06:02,584 - INFO - Iter time: 160.43s
2025-09-15 19:06:02,584 - INFO - 
--- Iter 171 (train size=181) ---
2025-09-15 19:08:46,899 - INFO - eta_t=0.0191 | novelty mean=0.7802, std=0.0575 | UCB range=(0.2828, 0.8841) | novelty_z range=(-12.786,3.228)
2025-09-15 19:08:46,900 - INFO - Selected Cc1ccc(NC(=O)COC(=O)CNC(=O)C2CCCCC2)cc1S(=O)(=O)N(C)C → UCB+nov = 0.8137
f1 shape: (1,)
2025-09-15 19:08:46,902 - INFO -   True f = 0.5557
2025-09-15 19:08:47,088 - INFO - Iter time: 164.50s
2025-09-15 19:08:47,088 - INFO - 
--- Iter 172 (train size=182) ---
2025-09-15 19:11:29,323 - INFO - eta_t=0.0190 | novelty mean=0.7801, std=0.0576 | UCB range=(0.2828, 0.8841) | novelty_z range=(-12.767,3.224)
2025-09-15 19:11:29,323 - INFO - Selected CC(C)N(C(=O)C1CCCCC1)c1ccc2c(c1)nc(NC(=O)c1ccc(C#N)cc1)n2CCC(N)=O → UCB+nov = 0.813
f1 shape: (1,)
2025-09-15 19:11:29,325 - INFO -   True f = 0.6199
2025-09-15 19:11:29,513 - INFO - Iter time: 162.43s
2025-09-15 19:11:29,513 - INFO - 
--- Iter 173 (train size=183) ---
2025-09-15 19:14:17,803 - INFO - eta_t=0.0190 | novelty mean=0.7800, std=0.0576 | UCB range=(0.2830, 0.8834) | novelty_z range=(-12.760,3.224)
2025-09-15 19:14:17,803 - INFO - Selected COC(=O)C(CNC1CCCCC1)n1c(=O)n2n(c1=O)C(C(=O)NCc1ccc(N)nc1C)C=CC2 → UCB+nov = 0.813
f1 shape: (1,)
2025-09-15 19:14:17,805 - INFO -   True f = 0.5804
2025-09-15 19:14:17,995 - INFO - Iter time: 168.48s
2025-09-15 19:14:17,995 - INFO - 
--- Iter 174 (train size=184) ---
2025-09-15 19:17:00,583 - INFO - eta_t=0.0189 | novelty mean=0.7800, std=0.0577 | UCB range=(0.2830, 0.8841) | novelty_z range=(-12.755,3.224)
2025-09-15 19:17:00,584 - INFO - Selected COc1ccc2cc(S(=O)(=O)NC(Cc3ccc(C(=N)N)s3)C(=O)N(C)C3CCCC3)ccc2c1 → UCB+nov = 0.8126
f1 shape: (1,)
2025-09-15 19:17:00,586 - INFO -   True f = 0.6328
2025-09-15 19:17:00,782 - INFO - Iter time: 162.79s
2025-09-15 19:17:00,782 - INFO - 
--- Iter 175 (train size=185) ---
2025-09-15 19:19:46,617 - INFO - eta_t=0.0188 | novelty mean=0.7799, std=0.0577 | UCB range=(0.2837, 0.8849) | novelty_z range=(-12.743,3.222)
2025-09-15 19:19:46,617 - INFO - Selected COc1cc(NC(=O)CN2C(=O)COc3ccc(S(=O)(=O)NC4CCCC4)cc32)cc(OC)c1 → UCB+nov = 0.8152
f1 shape: (1,)
2025-09-15 19:19:46,619 - INFO -   True f = 0.5709
2025-09-15 19:19:46,814 - INFO - Iter time: 166.03s
2025-09-15 19:19:46,814 - INFO - 
--- Iter 176 (train size=186) ---
2025-09-15 19:22:33,042 - INFO - eta_t=0.0188 | novelty mean=0.7798, std=0.0578 | UCB range=(0.2834, 0.8851) | novelty_z range=(-12.728,3.220)
2025-09-15 19:22:33,042 - INFO - Selected CCOC(=O)C1CCCN(C(=O)c2cccc(S(=O)(=O)N(C)c3ccc(OC)cc3)c2)C1 → UCB+nov = 0.814
f1 shape: (1,)
2025-09-15 19:22:33,045 - INFO -   True f = 0.6552
2025-09-15 19:22:33,243 - INFO - Iter time: 166.43s
2025-09-15 19:22:33,244 - INFO - 
--- Iter 177 (train size=187) ---
2025-09-15 19:25:24,212 - INFO - eta_t=0.0187 | novelty mean=0.7797, std=0.0579 | UCB range=(0.2838, 0.8853) | novelty_z range=(-12.697,3.216)
2025-09-15 19:25:24,212 - INFO - Selected COc1ccc(C(CC(=O)O)NS(=O)(=O)c2ccc3c(c2)N(C(C)=O)CC(C)O3)cc1 → UCB+nov = 0.8152
f1 shape: (1,)
2025-09-15 19:25:24,214 - INFO -   True f = 0.5931
2025-09-15 19:25:24,413 - INFO - Iter time: 171.17s
2025-09-15 19:25:24,413 - INFO - 
--- Iter 178 (train size=188) ---
2025-09-15 19:28:13,159 - INFO - eta_t=0.0187 | novelty mean=0.7796, std=0.0579 | UCB range=(0.2839, 0.8848) | novelty_z range=(-12.689,3.215)
2025-09-15 19:28:13,159 - INFO - Selected N=C(N)c1ccc2oc(C(=O)N3CCCC(C(=O)NC(CC(=O)O)c4ccccc4)C3)cc2c1 → UCB+nov = 0.815
f1 shape: (1,)
2025-09-15 19:28:13,161 - INFO -   True f = 0.6808
2025-09-15 19:28:13,363 - INFO - Iter time: 168.95s
2025-09-15 19:28:13,363 - INFO - 
--- Iter 179 (train size=189) ---
2025-09-15 19:31:07,220 - INFO - eta_t=0.0186 | novelty mean=0.7795, std=0.0580 | UCB range=(0.2847, 0.8822) | novelty_z range=(-12.685,3.216)
2025-09-15 19:31:07,220 - INFO - Selected N=C(N)N1CCCC(NC(=O)C2CC3CCC(O)CC3N2C(=O)C(Cc2ccc(O)cc2)NC(=O)C(O)Cc2ccc(OS(=O)(=O)O)cc2)C1O → UCB+nov = 0.8162
f1 shape: (1,)
2025-09-15 19:31:07,223 - INFO -   True f = 0.6159
2025-09-15 19:31:07,424 - INFO - Iter time: 174.06s
2025-09-15 19:31:07,424 - INFO - 
--- Iter 180 (train size=190) ---
2025-09-15 19:33:54,550 - INFO - eta_t=0.0186 | novelty mean=0.7795, std=0.0580 | UCB range=(0.2849, 0.8825) | novelty_z range=(-12.683,3.216)
2025-09-15 19:33:54,550 - INFO - Selected O=C(NC1CNCCCC1OC(=O)c1cc(O)c(C(=O)c2ncccc2C(=O)O)c(O)c1)c1ccc(O)cc1 → UCB+nov = 0.8158
f1 shape: (1,)
2025-09-15 19:33:54,553 - INFO -   True f = 0.6287
2025-09-15 19:33:54,754 - INFO - Iter time: 167.33s
2025-09-15 19:33:54,755 - INFO - 
--- Iter 181 (train size=191) ---
2025-09-15 19:36:45,113 - INFO - eta_t=0.0185 | novelty mean=0.7795, std=0.0580 | UCB range=(0.2851, 0.8817) | novelty_z range=(-12.681,3.217)
2025-09-15 19:36:45,114 - INFO - Selected CN(C(=O)c1ccc(NC(=O)Cc2cccc(NC(=O)C3CCCN(C(=O)C4CC4)C3)c2)cc1)C1CCCC1 → UCB+nov = 0.8172
f1 shape: (1,)
2025-09-15 19:36:45,116 - INFO -   True f = 0.6728
2025-09-15 19:36:45,322 - INFO - Iter time: 170.57s
2025-09-15 19:36:45,322 - INFO - 
--- Iter 182 (train size=192) ---
2025-09-15 19:39:37,627 - INFO - eta_t=0.0185 | novelty mean=0.7794, std=0.0581 | UCB range=(0.2848, 0.8799) | novelty_z range=(-12.644,3.209)
2025-09-15 19:39:37,628 - INFO - Selected COc1ccc(C(=O)Nc2ccccc2NC(=O)C2CCCN(C(=N)N)C2)cc1 → UCB+nov = 0.8196
f1 shape: (1,)
2025-09-15 19:39:37,630 - INFO -   True f = 0.6548
2025-09-15 19:39:37,838 - INFO - Iter time: 172.52s
2025-09-15 19:39:37,838 - INFO - 
--- Iter 183 (train size=193) ---
2025-09-15 19:42:34,011 - INFO - eta_t=0.0184 | novelty mean=0.7793, std=0.0582 | UCB range=(0.2856, 0.8797) | novelty_z range=(-12.622,3.206)
2025-09-15 19:42:34,011 - INFO - Selected NCC1CCC(C(=O)N2CCc3ccccc3C2C(=O)Nc2ccc(C(=O)O)cc2)CC1 → UCB+nov = 0.82
f1 shape: (1,)
2025-09-15 19:42:34,013 - INFO -   True f = 0.712
2025-09-15 19:42:34,228 - INFO - Iter time: 176.39s
2025-09-15 19:42:34,228 - INFO - 
--- Iter 184 (train size=194) ---
2025-09-15 19:45:30,166 - INFO - eta_t=0.0184 | novelty mean=0.7792, std=0.0582 | UCB range=(0.2857, 0.8794) | novelty_z range=(-12.619,3.207)
2025-09-15 19:45:30,166 - INFO - Selected CC(=O)c1ccc(N2CCN(C(=O)CN3CCC(C(=O)Nc4ccc(O)c(F)c4)C3)CC2)cc1 → UCB+nov = 0.8255
f1 shape: (1,)
2025-09-15 19:45:30,168 - INFO -   True f = 0.7009
2025-09-15 19:45:30,385 - INFO - Iter time: 176.16s
2025-09-15 19:45:30,385 - INFO - 
--- Iter 185 (train size=195) ---
2025-09-15 19:48:24,708 - INFO - eta_t=0.0183 | novelty mean=0.7790, std=0.0584 | UCB range=(0.2854, 0.8802) | novelty_z range=(-12.583,3.201)
2025-09-15 19:48:24,708 - INFO - Selected CC(=O)N1CCCC(COc2ccc(C(=O)N3CCC(N4C(=O)OCc5ccccc54)CC3)cc2)C1 → UCB+nov = 0.8261
f1 shape: (1,)
2025-09-15 19:48:24,710 - INFO -   True f = 0.5683
2025-09-15 19:48:24,928 - INFO - Iter time: 174.54s
2025-09-15 19:48:24,929 - INFO - 
--- Iter 186 (train size=196) ---
2025-09-15 19:51:21,027 - INFO - eta_t=0.0183 | novelty mean=0.7789, std=0.0585 | UCB range=(0.2854, 0.8801) | novelty_z range=(-12.566,3.199)
2025-09-15 19:51:21,027 - INFO - Selected CN1C(=O)C(C(O)C2CCCCC2)NC(=O)C12CCN(Cc1ccc(Oc3ccc(C(=O)O)cc3)cc1)CC2 → UCB+nov = 0.825
f1 shape: (1,)
2025-09-15 19:51:21,030 - INFO -   True f = 0.7117
2025-09-15 19:51:21,253 - INFO - Iter time: 176.32s
2025-09-15 19:51:21,253 - INFO - 
--- Iter 187 (train size=197) ---
2025-09-15 19:54:21,620 - INFO - eta_t=0.0182 | novelty mean=0.7788, std=0.0585 | UCB range=(0.2847, 0.8807) | novelty_z range=(-12.554,3.199)
2025-09-15 19:54:21,620 - INFO - Selected CC(C)CC1C(=O)NC(C(=O)c2ccc(CO)cc2)Cc2ccc(cc2)OCCCCC1C(=O)NO → UCB+nov = 0.8293
f1 shape: (1,)
2025-09-15 19:54:21,623 - INFO -   True f = 0.6552
2025-09-15 19:54:21,847 - INFO - Iter time: 180.59s
2025-09-15 19:54:21,847 - INFO - 
--- Iter 188 (train size=198) ---
2025-09-15 19:57:21,662 - INFO - eta_t=0.0182 | novelty mean=0.7788, std=0.0585 | UCB range=(0.2849, 0.8813) | novelty_z range=(-12.546,3.197)
2025-09-15 19:57:21,662 - INFO - Selected CC(=O)Oc1ccc(N2C(=O)C3C(C2=O)C(C(=O)c2ccc(Cl)cc2)N2CCCC32)cc1 → UCB+nov = 0.8305
f1 shape: (1,)
2025-09-15 19:57:21,665 - INFO -   True f = 0.579
2025-09-15 19:57:21,890 - INFO - Iter time: 180.04s
2025-09-15 19:57:21,891 - INFO - 
--- Iter 189 (train size=199) ---
2025-09-15 20:00:23,698 - INFO - eta_t=0.0181 | novelty mean=0.7787, std=0.0585 | UCB range=(0.2849, 0.8813) | novelty_z range=(-12.543,3.199)
2025-09-15 20:00:23,698 - INFO - Selected CC(NC(=O)c1ccc2c(c1)nc(-c1ccoc1)n2C1CCCCC1)C(=O)Nc1ccc(C(=O)O)cc1 → UCB+nov = 0.8303
f1 shape: (1,)
2025-09-15 20:00:23,701 - INFO -   True f = 0.4989
2025-09-15 20:00:23,926 - INFO - Iter time: 182.04s
2025-09-15 20:00:23,926 - INFO - 
--- Iter 190 (train size=200) ---
2025-09-15 20:03:25,119 - INFO - eta_t=0.0181 | novelty mean=0.7786, std=0.0586 | UCB range=(0.2831, 0.8824) | novelty_z range=(-12.528,3.197)
2025-09-15 20:03:25,119 - INFO - Selected CC(=O)Nc1ccc(OP(=O)(Oc2ccc(NC(C)=O)cc2)C2CCCN2C(=O)C(N)CCCCN)cc1 → UCB+nov = 0.8259
f1 shape: (1,)
2025-09-15 20:03:25,121 - INFO -   True f = 0.6334
2025-09-15 20:03:25,351 - INFO - Iter time: 181.42s
2025-09-15 20:03:25,351 - INFO - 
--- Iter 191 (train size=201) ---
2025-09-15 20:06:27,568 - INFO - eta_t=0.0180 | novelty mean=0.7785, std=0.0586 | UCB range=(0.2821, 0.8824) | novelty_z range=(-12.526,3.197)
2025-09-15 20:06:27,569 - INFO - Selected CNC(=O)C(C(=O)NO)N(C)C(=O)c1ccc(C#Cc2ccc(CN3CCCOCC3)cc2)cc1 → UCB+nov = 0.8264
f1 shape: (1,)
2025-09-15 20:06:27,571 - INFO -   True f = 0.6413
2025-09-15 20:06:27,798 - INFO - Iter time: 182.45s
2025-09-15 20:06:27,799 - INFO - 
--- Iter 192 (train size=202) ---
2025-09-15 20:09:32,093 - INFO - eta_t=0.0180 | novelty mean=0.7785, std=0.0586 | UCB range=(0.2821, 0.8828) | novelty_z range=(-12.518,3.197)
2025-09-15 20:09:32,093 - INFO - Selected CN(C)S(=O)(=O)c1ccc(C(=O)Nc2ccc(OCC(=O)N3CCOCC3)cc2)cc1 → UCB+nov = 0.8302
f1 shape: (1,)
2025-09-15 20:09:32,095 - INFO -   True f = 0.6281
2025-09-15 20:09:32,326 - INFO - Iter time: 184.53s
2025-09-15 20:09:32,326 - INFO - 
--- Iter 193 (train size=203) ---
2025-09-15 20:12:32,424 - INFO - eta_t=0.0179 | novelty mean=0.7782, std=0.0589 | UCB range=(0.2821, 0.8829) | novelty_z range=(-12.451,3.186)
2025-09-15 20:12:32,425 - INFO - Selected CNC(=O)COCC(=O)N1CCC(C(=O)N(CCCN2CCC(Cc3ccc(C(N)=O)cc3)CC2)c2ccc(C)c(Cl)c2)CC1 → UCB+nov = 0.8289
f1 shape: (1,)
2025-09-15 20:12:32,427 - INFO -   True f = 0.6993
2025-09-15 20:12:32,663 - INFO - Iter time: 180.34s
2025-09-15 20:12:32,663 - INFO - 
--- Iter 194 (train size=204) ---
2025-09-15 20:15:36,988 - INFO - eta_t=0.0179 | novelty mean=0.7782, std=0.0589 | UCB range=(0.2818, 0.8855) | novelty_z range=(-12.452,3.186)
2025-09-15 20:15:36,988 - INFO - Selected Cc1cc2cc(NC(=NC(=O)c3ccc(C(=O)N(C)C)cc3)NC3CCCCN(CC(=O)N4CCCC4)C3=O)ccc2o1 → UCB+nov = 0.8297
f1 shape: (1,)
2025-09-15 20:15:36,991 - INFO -   True f = 0.6231
2025-09-15 20:15:37,229 - INFO - Iter time: 184.57s
2025-09-15 20:15:37,229 - INFO - 
--- Iter 195 (train size=205) ---
2025-09-15 20:18:46,716 - INFO - eta_t=0.0179 | novelty mean=0.7781, std=0.0590 | UCB range=(0.2818, 0.8855) | novelty_z range=(-12.443,3.184)
2025-09-15 20:18:46,716 - INFO - Selected COc1cc(C)ccc1S(=O)(=O)NC(=O)C1(C)CCN1C(=O)c1ccc(C2CCCCC2)cc1 → UCB+nov = 0.8292
f1 shape: (1,)
2025-09-15 20:18:46,719 - INFO -   True f = 0.6267
2025-09-15 20:18:46,956 - INFO - Iter time: 189.73s
2025-09-15 20:18:46,956 - INFO - 
--- Iter 196 (train size=206) ---
2025-09-15 20:21:52,277 - INFO - eta_t=0.0178 | novelty mean=0.7781, std=0.0590 | UCB range=(0.2822, 0.8855) | novelty_z range=(-12.436,3.184)
2025-09-15 20:21:52,278 - INFO - Selected COc1ccc(N2C(=O)CCC(C(=O)N3CCC(C(N)=O)CC3)C2c2ccc(F)cc2)cc1 → UCB+nov = 0.8288
f1 shape: (1,)
2025-09-15 20:21:52,280 - INFO -   True f = 0.7187
2025-09-15 20:21:52,519 - INFO - Iter time: 185.56s
2025-09-15 20:21:52,519 - INFO - 
--- Iter 197 (train size=207) ---
2025-09-15 20:24:55,874 - INFO - eta_t=0.0178 | novelty mean=0.7780, std=0.0590 | UCB range=(0.2858, 0.8893) | novelty_z range=(-12.426,3.184)
2025-09-15 20:24:55,874 - INFO - Selected C=C(c1ccc(S(=O)(=O)c2ccc(OC)cc2)cc1)C1CCN(C2CCN(C(=O)OCC(C)C)CC2)CC1 → UCB+nov = 0.8372
f1 shape: (1,)
2025-09-15 20:24:55,877 - INFO -   True f = 0.349
2025-09-15 20:24:56,125 - INFO - Iter time: 183.61s
2025-09-15 20:24:56,126 - INFO - 
--- Iter 198 (train size=208) ---
2025-09-15 20:28:05,153 - INFO - eta_t=0.0177 | novelty mean=0.7779, std=0.0591 | UCB range=(0.2845, 0.8824) | novelty_z range=(-12.415,3.182)
2025-09-15 20:28:05,153 - INFO - Selected O=C(O)C(Cc1ccc(N2CCCC2=O)cc1)NC(=O)C1CCC(=O)N1Cc1ccccc1 → UCB+nov = 0.8333
f1 shape: (1,)
2025-09-15 20:28:05,155 - INFO -   True f = 0.6686
2025-09-15 20:28:05,407 - INFO - Iter time: 189.28s
2025-09-15 20:28:05,407 - INFO - 
--- Iter 199 (train size=209) ---
2025-09-15 20:31:14,863 - INFO - eta_t=0.0177 | novelty mean=0.7774, std=0.0592 | UCB range=(0.2848, 0.8830) | novelty_z range=(-12.388,3.186)
2025-09-15 20:31:14,863 - INFO - Selected Cn1c(=O)c(Cc2ccc(C(=N)N)cc2)nc2cc(C3(N(C(=O)CC(=O)O)C4CCCC4)CC3)ccc21 → UCB+nov = 0.8305
f1 shape: (1,)
2025-09-15 20:31:14,866 - INFO -   True f = 0.6617
2025-09-15 20:31:15,110 - INFO - Iter time: 189.70s
