2025-09-29 22:01:15,566 - INFO - 
--- Trial 3, Round 0 (train size=10) ---
2025-09-29 22:01:22,594 - INFO - [round 0] pick 1/5: O=S(=O)(O)NS(=O)(=O)O | UCB+MI=0.3665 | f=0.1366
2025-09-29 22:01:22,595 - INFO - [round 0] pick 2/5: CC[N+](=O)[O-] | UCB+MI=0.379 | f=0.005697
2025-09-29 22:01:22,596 - INFO - [round 0] pick 3/5: CCOC(=O)CCNC(=O)CC(O)C(CC(C)C)NC(=O)C(NC(=O)C(NC(=O)OC(C)(C)C)C(C)CC)C(C)CC | UCB+MI=0.4028 | f=0.4837
2025-09-29 22:01:22,597 - INFO - [round 0] pick 4/5: O=[N+]([O-])c1c(Cl)c(C(F)(F)F)c(Cl)c([N+](=O)[O-])c1Nc1ncc(C(F)(F)F)cc1Cl | UCB+MI=0.4077 | f=0.1109
2025-09-29 22:01:22,598 - INFO - [round 0] pick 5/5: N#CC(C#N)=C(C#N)c1ccc(C=O)cc1 | UCB+MI=0.4111 | f=0.431
2025-09-29 22:01:22,599 - INFO - Round 0 done in 7.03s; train size=15
2025-09-29 22:01:22,599 - INFO - 
--- Trial 3, Round 1 (train size=15) ---
2025-09-29 22:01:32,845 - INFO - [round 1] pick 1/5: O=C(CS)OCCOC(=O)CS | UCB+MI=0.4188 | f=0.03085
2025-09-29 22:01:32,847 - INFO - [round 1] pick 2/5: NS(=O)(=O)c1ccc(NC(=S)NC(CC(=O)O)C(=O)NC(CC(=O)O)C(=O)NC(CC(=O)O)C(=O)NC(CC(=O)O)C(=O)O)cc1 | UCB+MI=0.4729 | f=0.4714
2025-09-29 22:01:32,849 - INFO - [round 1] pick 3/5: CN1C(=O)C(=CC(=O)O)SC1=NNC(=O)OC(C)(C)C | UCB+MI=0.4582 | f=0.3757
2025-09-29 22:01:32,851 - INFO - [round 1] pick 4/5: CC(C)CN(CC(C)C)c1nc(N)c(C#N)c(CC#N)c1C#N | UCB+MI=0.431 | f=0.381
2025-09-29 22:01:32,852 - INFO - [round 1] pick 5/5: O=C(CN(Cc1ccc([N+](=O)[O-])cc1)S(=O)(=O)C(F)(F)C(F)(F)C(F)(F)C(F)(F)C(F)(F)C(F)(F)C(F)(F)C(F)(F)F)NO | UCB+MI=0.482 | f=0.3288
2025-09-29 22:01:32,854 - INFO - Round 1 done in 10.25s; train size=20
2025-09-29 22:01:32,854 - INFO - 
--- Trial 3, Round 2 (train size=20) ---
2025-09-29 22:01:45,564 - INFO - [round 2] pick 1/5: CN(C)CCNC(=O)c1nc(NC(=O)c2nc(NC(=O)CCNC(=O)c3nc(NC=O)cn3C)cn2C)cn1C | UCB+MI=0.5192 | f=0.4846
2025-09-29 22:01:45,566 - INFO - [round 2] pick 2/5: O=C(O)COCC(O)C(O)C=CC=CC#CC=CC(O)COc1ccc(F)cc1 | UCB+MI=0.483 | f=0.5857
2025-09-29 22:01:45,568 - INFO - [round 2] pick 3/5: CC(C)CC(NC(c1ccc(-c2ccc(S(C)(=O)=O)cc2)cc1)C(F)(F)F)C(=O)NC(C)C#N | UCB+MI=0.5615 | f=0.5258
2025-09-29 22:01:45,571 - INFO - [round 2] pick 4/5: CCCCS(=O)(=O)NC(CNC(=O)CN1C(=O)NC(CCCN=C(N)N)C1=O)C(=O)O | UCB+MI=0.5024 | f=0.4831
2025-09-29 22:01:45,573 - INFO - [round 2] pick 5/5: CON(C)C(=O)CC1CC(OC(=O)c2ccc([N+](=O)[O-])cc2)CN1C(=O)OC(C)(C)C | UCB+MI=0.5654 | f=0.5548
2025-09-29 22:01:45,576 - INFO - Round 2 done in 12.72s; train size=25
2025-09-29 22:01:45,576 - INFO - 
--- Trial 3, Round 3 (train size=25) ---
2025-09-29 22:02:00,984 - INFO - [round 3] pick 1/5: CC=CCC=C(C)C(CCC(C)=CC=C(C)C(=O)c1c(O)cc(C(C)CCC=CNC(=O)OC)oc1=O)OC(=O)c1ccc(F)cc1 | UCB+MI=0.6103 | f=0.03208
2025-09-29 22:02:00,987 - INFO - [round 3] pick 2/5: CC(C)CC(NC(=O)C=Cc1ccc(OP(=O)(O)O)cc1)C(=O)N1CC2CC2C1C(=O)NC(CCC(N)=O)C(C)O | UCB+MI=0.6482 | f=0.6096
2025-09-29 22:02:00,990 - INFO - [round 3] pick 3/5: CCN(CC)S(=O)(=O)c1ccc(C(=O)NCCN(C)C)cc1 | UCB+MI=0.6815 | f=0.2644
2025-09-29 22:02:00,994 - INFO - [round 3] pick 4/5: CC(C)C(NC(=O)Cn1cccc(NC(=O)CC(=O)O)c1=O)C(=O)C(F)(F)F | UCB+MI=0.6386 | f=0.4774
2025-09-29 22:02:00,997 - INFO - [round 3] pick 5/5: N#CCCN(CCC#N)c1ccc(C=C2C(=O)N(c3ccc(S(=O)(=O)O)cc3)N=C2C(=O)O)cc1 | UCB+MI=0.6217 | f=0.5918
2025-09-29 22:02:01,001 - INFO - Round 3 done in 15.42s; train size=30
2025-09-29 22:02:01,001 - INFO - 
--- Trial 3, Round 4 (train size=30) ---
2025-09-29 22:02:19,507 - INFO - [round 4] pick 1/5: CCCC1CC(C(=O)NC(C(C)SCCOCCSCC(=O)NC(CO)C(O)c2ccc([N+](=O)[O-])cc2)C2OC(SC)C(O)C(O)C2O)N(C)C1 | UCB+MI=0.6114 | f=0.5666
2025-09-29 22:02:19,512 - INFO - [round 4] pick 2/5: N#CC(=Cc1ccc(C(=O)O)cc1)C(=O)NCCNC(=O)C(C#N)=Cc1ccc(C(=O)O)cc1 | UCB+MI=0.6746 | f=0.5806
2025-09-29 22:02:19,516 - INFO - [round 4] pick 3/5: Cc1ccc(S(=O)(=O)NC(CC(=O)NCC(C)(C)C)C(=O)NC(C)C(=O)NC(C=CS(C)(=O)=O)CC(C)C)cc1 | UCB+MI=0.6994 | f=0.5042
2025-09-29 22:02:19,521 - INFO - [round 4] pick 4/5: NC(CCP(=O)(O)C(O)c1ccc(OCC(=O)O)c(C(=O)O)c1)C(=O)O | UCB+MI=0.6397 | f=0.5829
2025-09-29 22:02:19,526 - INFO - [round 4] pick 5/5: CC(C)(C)OC(=O)N1CCN(S(=O)(=O)c2ccc(NC(=O)C=CC(F)(F)F)cc2)CC1 | UCB+MI=0.6528 | f=0.5761
2025-09-29 22:02:19,531 - INFO - Round 4 done in 18.53s; train size=35
2025-09-29 22:02:19,531 - INFO - 
--- Trial 3, Round 5 (train size=35) ---
2025-09-29 22:02:40,478 - INFO - [round 5] pick 1/5: N#Cc1ccc(NC(=O)CCCC(=O)O)cc1 | UCB+MI=0.6887 | f=0.5224
2025-09-29 22:02:40,484 - INFO - [round 5] pick 2/5: CC(NC(=O)C(N)Cc1ccc(O)cc1)C(=O)NCC(=O)NC(Cc1ccc([N+](=O)[O-])cc1)C(=O)NC(CCC(C)(C)C)C(N)=O | UCB+MI=0.7308 | f=0.5783
2025-09-29 22:02:40,490 - INFO - [round 5] pick 3/5: CCCOc1ccc(S(=O)(=O)N2CC(NC(=O)C(C)O)CC2C(=O)NO)cc1 | UCB+MI=0.7248 | f=0.5297
2025-09-29 22:02:40,496 - INFO - [round 5] pick 4/5: O=C(O)CCC(NC(=O)c1ccc(C=C2SC(=S)N(CC(=O)O)C2=O)cc1)C(=O)O | UCB+MI=0.7342 | f=0.579
2025-09-29 22:02:40,502 - INFO - [round 5] pick 5/5: CC(C#N)c1cc(C(=O)OC2OC(C(=O)O)C(O)C(O)C2O)cc(C(C)(C)C#N)c1 | UCB+MI=0.6173 | f=0.4746
2025-09-29 22:02:40,509 - INFO - Round 5 done in 20.98s; train size=40
2025-09-29 22:02:40,509 - INFO - 
--- Trial 3, Round 6 (train size=40) ---
2025-09-29 22:03:02,869 - INFO - [round 6] pick 1/5: CC(C)c1ccc(C=CCC(CC(N)C(=O)O)C(=O)O)cc1 | UCB+MI=0.7372 | f=0.5949
2025-09-29 22:03:02,877 - INFO - [round 6] pick 2/5: CCCCCN(CCCCC)C(=O)C(CCC(=O)O)NC(=O)C(Cc1ccc(OP(=O)(O)O)cc1)NC(=O)C(F)(F)F | UCB+MI=0.7443 | f=0.6105
2025-09-29 22:03:02,884 - INFO - [round 6] pick 3/5: NC(N)=NS(=O)(=O)c1ccc(NC(=O)COc2ccc([N+](=O)[O-])cc2)cc1 | UCB+MI=0.7398 | f=0.5249
2025-09-29 22:03:02,892 - INFO - [round 6] pick 4/5: CC(C)CC(NC(=O)C(NC(=O)C(CO)NC(=O)c1nn[nH]n1)C(C)C)C(=O)NCCC(=O)Nc1cccc(C(=O)O)c1 | UCB+MI=0.7331 | f=0.5538
2025-09-29 22:03:02,900 - INFO - [round 6] pick 5/5: CC(C)(C)OC(=O)N1CCC(CS(=O)(=O)c2ccc(NCC#CCO)cc2)(C(=O)NO)CC1 | UCB+MI=0.7454 | f=0.5609
2025-09-29 22:03:02,908 - INFO - Round 6 done in 22.40s; train size=45
2025-09-29 22:03:02,909 - INFO - 
--- Trial 3, Round 7 (train size=45) ---
2025-09-29 22:03:30,217 - INFO - [round 7] pick 1/5: CC(C)Oc1ccc(CC(NC(=O)C(NCP(=O)(O)O)C(C)C)C(=O)O)cc1 | UCB+MI=0.798 | f=0.5311
2025-09-29 22:03:30,226 - INFO - [round 7] pick 2/5: NS(=O)(=O)c1ccc(NC(=O)CN(CC(=O)O)CC(=O)O)c(F)c1 | UCB+MI=0.7393 | f=0.5099
2025-09-29 22:03:30,236 - INFO - [round 7] pick 3/5: CCCCCCCCOc1ccc(NC(=O)C(CCCNC(=O)OC(C)(C)C)NC(=O)C2(O)CC(O)C(O)C(OC(=O)C=Cc3ccc(O)c(O)c3)C2)cc1 | UCB+MI=0.7215 | f=0.6606
2025-09-29 22:03:30,245 - INFO - [round 7] pick 4/5: NCCCCN(CCCN)C(=O)CCC(=O)NC(CO)C(O)c1ccc([N+](=O)[O-])cc1 | UCB+MI=0.7451 | f=0.6222
2025-09-29 22:03:30,255 - INFO - [round 7] pick 5/5: CC(C)CC(NC(=O)c1ccc2c(C#N)cc(C(=O)O)n2c1)C(=O)NC(CC(=O)O)c1ccccc1 | UCB+MI=0.7634 | f=0.588
2025-09-29 22:03:30,266 - INFO - Round 7 done in 27.36s; train size=50
2025-09-29 22:03:30,266 - INFO - 
--- Trial 3, Round 8 (train size=50) ---
2025-09-29 22:03:58,412 - INFO - [round 8] pick 1/5: CCCCC(CN(O)C=O)C(=O)NC(C(=O)c1ccc(NC(=O)C(F)(F)F)cc1)C(C)(C)C | UCB+MI=0.8003 | f=0.5794
2025-09-29 22:03:58,423 - INFO - [round 8] pick 2/5: N=C(N)NCCCc1cn(CC(=O)NC(CC(=O)O)c2ccc(O)cc2)nn1 | UCB+MI=0.7358 | f=0.5756
2025-09-29 22:03:58,435 - INFO - [round 8] pick 3/5: CC(C)(CCCOc1ccc(S(=O)(=O)c2ccc(OCCCC(C)(C)C(=O)O)cc2)cc1)C(=O)O | UCB+MI=0.7714 | f=0.5436
2025-09-29 22:03:58,447 - INFO - [round 8] pick 4/5: CC(C)C(NC(=O)C(CC(=O)O)NC(=O)C1CN(C(=O)C=Cc2ccc(NC(=N)N)cc2)C1)C(=O)O | UCB+MI=0.8134 | f=0.5712
2025-09-29 22:03:58,459 - INFO - [round 8] pick 5/5: O=C(O)CN1CCN(CC(=O)O)CCN(CC(Cc2ccc([N+](=O)[O-])cc2)N(CC(=O)O)CC(=O)O)CC1 | UCB+MI=0.7336 | f=0.629
2025-09-29 22:03:58,472 - INFO - Round 8 done in 28.21s; train size=55
2025-09-29 22:03:58,472 - INFO - 
--- Trial 3, Round 9 (train size=55) ---
2025-09-29 22:04:29,678 - INFO - [round 9] pick 1/5: CC(C)(C)OC(=O)NC(CO)C(=O)NC(C=CC(=O)O)Cc1ccc(O)cc1 | UCB+MI=0.8376 | f=0.569
2025-09-29 22:04:29,692 - INFO - [round 9] pick 2/5: CN=C(NC)NCCCC(NC(=O)c1sccc1NS(=O)(=O)c1ccc([N+](=O)[O-])cc1)C(=O)O | UCB+MI=0.7937 | f=0.5494
2025-09-29 22:04:29,706 - INFO - [round 9] pick 3/5: CCCCCCCCOc1ccc(C=CC(=O)c2ccc(C(=O)O)cc2OCC(=O)O)cc1 | UCB+MI=0.8026 | f=0.4747
2025-09-29 22:04:29,720 - INFO - [round 9] pick 4/5: NC(CCC(=O)NC(CSCc1cccc(C(F)(F)F)c1)C(=O)NCC(=O)O)C(=O)O | UCB+MI=0.7814 | f=0.5672
2025-09-29 22:04:29,734 - INFO - [round 9] pick 5/5: CC#CCOc1ccc(C(=O)N(C)CC(C(=O)NO)N2CCN(S(C)(=O)=O)CC2)cc1 | UCB+MI=0.744 | f=0.5864
2025-09-29 22:04:29,749 - INFO - Round 9 done in 31.28s; train size=60
2025-09-29 22:04:29,749 - INFO - 
--- Trial 3, Round 10 (train size=60) ---
2025-09-29 22:05:03,843 - INFO - [round 10] pick 1/5: O=C(O)CCC(NC(=O)Nc1ccc(COC(=O)Nc2ccc(N(CCF)CCF)cc2)cc1)C(=O)O | UCB+MI=0.7995 | f=0.6152
2025-09-29 22:05:03,859 - INFO - [round 10] pick 2/5: CCC(C)C(NC(=O)C(O)Cc1ccc(O)cc1)C(=O)N1C(C(=O)NCCCCN=C(N)N)CC2CCC(OS(=O)(=O)O)CC21 | UCB+MI=0.7632 | f=0.582
2025-09-29 22:05:03,876 - INFO - [round 10] pick 3/5: CCOc1ccc(C(CC(=O)O)C(=O)O)cc1 | UCB+MI=0.7995 | f=0.5234
2025-09-29 22:05:03,893 - INFO - [round 10] pick 4/5: CNC(=O)C(NC(=O)C(CC(C)C)C(Sc1ccc(C#N)cc1)C(=O)NO)C(C)(C)C | UCB+MI=0.767 | f=0.4737
2025-09-29 22:05:03,909 - INFO - [round 10] pick 5/5: CC(C)(CN)COC(=O)NCCS(=O)(=O)NC(CNC(=O)c1ccc(OCCNC2=NCCCN2)cc1)C(=O)O | UCB+MI=0.7744 | f=0.5718
2025-09-29 22:05:03,928 - INFO - Round 10 done in 34.18s; train size=65
2025-09-29 22:05:03,928 - INFO - 
--- Trial 3, Round 11 (train size=65) ---
2025-09-29 22:05:41,049 - INFO - [round 11] pick 1/5: CCCCCNC(=O)C(Cc1ccc(OC(C(=O)O)C(=O)O)cc1)NC(=O)COCC(=O)O | UCB+MI=0.8593 | f=0.6193
2025-09-29 22:05:41,070 - INFO - [round 11] pick 2/5: CC(C)N(CC(O)c1ccc(Cl)c(Cl)c1)C(=O)Nc1ccc(CNC(=O)C(C)(C)N)cc1 | UCB+MI=0.7557 | f=0.5468
2025-09-29 22:05:41,090 - INFO - [round 11] pick 3/5: O=CC(CC(=O)O)NC(=O)Cc1ccc(CNS(=O)(=O)c2ccc(O)c(C(=O)O)c2)s1 | UCB+MI=0.7771 | f=0.5623
2025-09-29 22:05:41,111 - INFO - [round 11] pick 4/5: N=C(N)c1ccc(C(=O)NCC(=O)N2CCN(CCC(=O)O)C(=O)C2CC(=O)O)cc1 | UCB+MI=0.7736 | f=0.5994
2025-09-29 22:05:41,133 - INFO - [round 11] pick 5/5: CC(C)CC(NC(=O)C(N)Cc1ccc(O)cc1)C(=O)NC(C(=O)N(C)c1ccc(C#CC=Cc2ccc([N+](=O)[O-])c(O)c2)cc1)C(C)C | UCB+MI=0.7743 | f=0.5963
2025-09-29 22:05:41,168 - INFO - Round 11 done in 37.24s; train size=70
2025-09-29 22:05:41,168 - INFO - 
--- Trial 3, Round 12 (train size=70) ---
2025-09-29 22:06:20,890 - INFO - [round 12] pick 1/5: C#CCN(Cc1ccc2nc(C)nc(O)c2c1)c1ccc(C(=O)NC(CCC(=O)O)C(=O)NC(C)(C)C(=O)O)cc1 | UCB+MI=0.8073 | f=0.6081
2025-09-29 22:06:20,912 - INFO - [round 12] pick 2/5: CC(Cc1ccc(NS(C)(=O)=O)cc1)NC(=O)C(N)CC(=O)O | UCB+MI=0.819 | f=0.4923
2025-09-29 22:06:20,934 - INFO - [round 12] pick 3/5: CCCCCNC(=O)C1Cc2ccc(OCC(=O)NO)cc2CN1C(=O)OC(C)(C)C | UCB+MI=0.7653 | f=0.5686
2025-09-29 22:06:20,957 - INFO - [round 12] pick 4/5: CCn1c2ccccc2c2cc(NC(=O)C(CCCCN)NC(=O)C(CC(C)C)NC(=O)CNC(=O)C(NC(=O)C(O)C(O)C(O)C(O)CO)C(C)C)ccc21 | UCB+MI=0.7709 | f=0.6057
2025-09-29 22:06:20,980 - INFO - [round 12] pick 5/5: O=C(O)CN(CCN(CC(=O)O)C(Cc1ccc(N=C=S)cc1)C(=O)O)CC(=O)O | UCB+MI=0.7928 | f=0.6161
2025-09-29 22:06:21,004 - INFO - Round 12 done in 39.84s; train size=75
2025-09-29 22:06:21,004 - INFO - 
--- Trial 3, Round 13 (train size=75) ---
2025-09-29 22:07:02,962 - INFO - [round 13] pick 1/5: CC(CCC(=O)NC(CC(=O)O)C(=O)O)Cc1ccc(C(=O)Oc2ccc(C(=N)N)cc2)s1 | UCB+MI=0.8271 | f=0.6278
2025-09-29 22:07:02,987 - INFO - [round 13] pick 2/5: CCC(NC(=O)C1CCCN1C(=O)C(NC(=O)C(CCCCN)NC(=O)c1cc(O)ccc1O)C(C)CC)C(=O)O | UCB+MI=0.8009 | f=0.5911
2025-09-29 22:07:03,012 - INFO - [round 13] pick 3/5: CC(C)(CO)C(O)C(=O)NCC(=O)NCc1ccc(C(F)(F)F)cc1 | UCB+MI=0.7841 | f=0.538
2025-09-29 22:07:03,038 - INFO - [round 13] pick 4/5: CC(C(=O)NO)N(Cc1ccc([N+](=O)[O-])cc1)S(=O)(=O)c1cccc(NC(=O)OC(C)(C)C)c1 | UCB+MI=0.8129 | f=0.5214
2025-09-29 22:07:03,065 - INFO - [round 13] pick 5/5: O=C(O)CN(CC(=O)O)c1ccc(C(=O)O)cc1 | UCB+MI=0.8065 | f=0.5278
2025-09-29 22:07:03,093 - INFO - Round 13 done in 42.09s; train size=80
2025-09-29 22:07:03,093 - INFO - 
--- Trial 3, Round 14 (train size=80) ---
2025-09-29 22:07:46,669 - INFO - [round 14] pick 1/5: O=C(O)CCC(NC(=O)NC(CCCCNCc1ccc(I)cc1)C(=O)O)C(=O)O | UCB+MI=0.8425 | f=0.6045
2025-09-29 22:07:46,697 - INFO - [round 14] pick 2/5: CC(C)(C)C1CCC(N(Cc2ccc(C(=O)NCCC(=O)O)cc2)C(=O)Nc2ccc(OCC3CC3)cc2)CC1 | UCB+MI=0.7963 | f=0.2745
2025-09-29 22:07:46,726 - INFO - [round 14] pick 3/5: COC(=O)c1ccc(NC(=O)C(CC(C)C)NC(=O)C(CC(=O)NO)CC(C)C)cc1 | UCB+MI=0.8365 | f=0.5624
2025-09-29 22:07:46,756 - INFO - [round 14] pick 4/5: NC(Cc1ccccc1)C(=O)NCC(O)C(=O)NCC(N)C(O)c1ccc([N+](=O)[O-])cc1 | UCB+MI=0.7786 | f=0.612
2025-09-29 22:07:46,786 - INFO - [round 14] pick 5/5: CC(C)(C)c1ccc(S(=O)(=O)CC(=O)N=c2scc(CC(=O)O)n2O)cc1 | UCB+MI=0.7595 | f=0.5546
2025-09-29 22:07:46,817 - INFO - Round 14 done in 43.72s; train size=85
2025-09-29 22:07:46,817 - INFO - 
--- Trial 3, Round 15 (train size=85) ---
2025-09-29 22:08:34,589 - INFO - [round 15] pick 1/5: CCC(NC(=O)CCc1ccc(-c2nccs2)cc1)C(=O)NC(CCC(=O)O)C(N)=O | UCB+MI=0.8185 | f=0.5879
2025-09-29 22:08:34,621 - INFO - [round 15] pick 2/5: CC(C)(C)OC(=O)C(C(=O)NC(C(=O)O)C(=O)O)N1C(=O)c2ccccc2C1=O | UCB+MI=0.7872 | f=0.4568
2025-09-29 22:08:34,654 - INFO - [round 15] pick 3/5: N#Cc1c(F)cccc1OCC(O)CNCCNC(=O)Nc1ccc(C(=O)O)cc1 | UCB+MI=0.7651 | f=0.6402
2025-09-29 22:08:34,688 - INFO - [round 15] pick 4/5: NCC(=O)NC(Cc1ccc([N+](=O)[O-])cc1)C(=O)NC(CCCN=C(N)N)C(=O)N1CCCC1C(=O)O | UCB+MI=0.8412 | f=0.6051
2025-09-29 22:08:34,722 - INFO - [round 15] pick 5/5: COc1ccc(S(=O)(=O)NC(CCCNC(=O)OC(C)(C)C)C(=O)NO)cc1 | UCB+MI=0.8332 | f=0.5063
2025-09-29 22:08:34,757 - INFO - Round 15 done in 47.94s; train size=90
2025-09-29 22:08:34,757 - INFO - 
--- Trial 3, Round 16 (train size=90) ---
2025-09-29 22:09:24,834 - INFO - [round 16] pick 1/5: CCCCC(=O)NC(Cc1cccc(C)c1)C(=O)NC(C#N)COCc1cccc(C(=O)O)c1 | UCB+MI=0.798 | f=0.6194
2025-09-29 22:09:24,870 - INFO - [round 16] pick 2/5: CCOP(=O)(O)NC(C(=O)NC(Cc1ccc(OCC(=O)O)cc1)C(=O)NCC(=O)O)C(C)CC | UCB+MI=0.8634 | f=0.5356
2025-09-29 22:09:24,906 - INFO - [round 16] pick 3/5: Nc1nc(N)c2nc(CNc3ccc(S(=O)(=O)NC(CCC(=O)O)C(=O)O)cc3)cnc2n1 | UCB+MI=0.7671 | f=0.5167
2025-09-29 22:09:24,943 - INFO - [round 16] pick 4/5: CC1CC(C(=O)NC(CO)CCCNC(=N)N)N(C(=O)C(CCc2ccc(O)cc2)NC(=O)C(O)Cc2ccc(O)cc2)C1 | UCB+MI=0.8088 | f=0.6563
2025-09-29 22:09:24,981 - INFO - [round 16] pick 5/5: O=C(O)CC(O)(CC(O)CCCCCn1ccc2cc(Cl)ccc21)C(=O)O | UCB+MI=0.746 | f=0.6809
2025-09-29 22:09:25,021 - INFO - Round 16 done in 50.26s; train size=95
2025-09-29 22:09:25,021 - INFO - 
--- Trial 3, Round 17 (train size=95) ---
2025-09-29 22:10:17,756 - INFO - [round 17] pick 1/5: NCCCCC(NC(=O)c1ccc(N)c(NC(=O)C(N)Cc2ccc(O)cc2)c1)C(=O)O | UCB+MI=0.8568 | f=0.6107
2025-09-29 22:10:17,796 - INFO - [round 17] pick 2/5: CC(C)C(O)C(=O)N1CC(OCCCc2ccccc2)CC1C(=O)NC(CC(F)F)C(=O)NCCc1c(F)cc(C(=O)O)cc1F | UCB+MI=0.7916 | f=0.5989
2025-09-29 22:10:17,837 - INFO - [round 17] pick 3/5: CCC(CC(=O)NC(COC(C)(C)C)C(=O)O)n1c(N)nc2cc(Cl)ccc21 | UCB+MI=0.77 | f=0.5304
2025-09-29 22:10:17,879 - INFO - [round 17] pick 4/5: O=C(O)CCN(Cc1ccc(C(=O)O)c(C(=O)O)c1)Cc1ccc(C(=O)O)c(C(F)(F)F)c1 | UCB+MI=0.794 | f=0.6291
2025-09-29 22:10:17,922 - INFO - [round 17] pick 5/5: CCCCCCNC(=O)Nc1ccc(S(=O)(=O)N2CCC(CNCC(O)COc3ccc(O)cc3)CC2)cc1 | UCB+MI=0.7948 | f=0.7142
2025-09-29 22:10:17,966 - INFO - Round 17 done in 52.94s; train size=100
2025-09-29 22:10:17,966 - INFO - 
--- Trial 3, Round 18 (train size=100) ---
2025-09-29 22:11:13,684 - INFO - [round 18] pick 1/5: CCCCCNC(=O)C(N)Cc1ccc(N(C(=O)C(=O)O)c2ccccc2C(=O)O)cc1 | UCB+MI=0.8582 | f=0.652
2025-09-29 22:11:13,729 - INFO - [round 18] pick 2/5: Cc1ccc(NC(=O)NC(CC(C)C)c2nc(C(=O)NC(CCCNC(=N)N)C(=O)O)c(C)o2)cc1 | UCB+MI=0.8173 | f=0.5292
2025-09-29 22:11:13,774 - INFO - [round 18] pick 3/5: NCc1ccc(Cl)cc1CNC(=O)C1CCCN1C(=O)C(CCc1ccc(O)cc1)NCC(=O)O | UCB+MI=0.8259 | f=0.6583
2025-09-29 22:11:13,821 - INFO - [round 18] pick 4/5: CS(=O)(=O)N(CCCCCCC(=O)O)CCCC(O)COc1ccc(F)cc1 | UCB+MI=0.7816 | f=0.6252
2025-09-29 22:11:13,867 - INFO - [round 18] pick 5/5: CCCN(CCC)C(=O)c1cccc(C(=O)NC(COCc2cc(F)cc(F)c2)C(O)CC(=O)NC(C(=O)Nc2cc(C(=O)O)cc(C(=O)O)c2)C(C)C)c1 | UCB+MI=0.7724 | f=0.5911
2025-09-29 22:11:13,915 - INFO - Round 18 done in 55.95s; train size=105
2025-09-29 22:11:13,916 - INFO - 
--- Trial 3, Round 19 (train size=105) ---
2025-09-29 22:12:12,276 - INFO - [round 19] pick 1/5: CCCCC(CC(CCc1ccc(-c2ccc(C(=O)O)cc2)cc1)C(=O)NC(C(=O)NC)C(C)(C)C)C(=O)O | UCB+MI=0.8691 | f=0.5289
2025-09-29 22:12:12,325 - INFO - [round 19] pick 2/5: O=C(CCCc1nc2ccccc2c(=O)[nH]1)NC(CCCCNC(=O)Nc1ccc(Cl)cc1)C(=O)O | UCB+MI=0.8299 | f=0.6367
2025-09-29 22:12:12,376 - INFO - [round 19] pick 3/5: NC(=O)NCCNCC(O)COc1ccc(O)cc1 | UCB+MI=0.806 | f=0.5578
2025-09-29 22:12:12,427 - INFO - [round 19] pick 4/5: CC(=O)N1CCN(S(=O)(=O)c2cccc(C(=O)OCC(=O)N(CCC#N)c3ccc(F)cc3)c2)CC1 | UCB+MI=0.7811 | f=0.6109
2025-09-29 22:12:12,479 - INFO - [round 19] pick 5/5: CC(NC(=O)C(NC(=O)C(CCC(=O)O)NCCc1ccc(Cl)c(Cl)c1)C(C)O)C(=O)NC(C(=O)O)C(C)C | UCB+MI=0.8216 | f=0.5506
2025-09-29 22:12:12,533 - INFO - Round 19 done in 58.62s; train size=110
2025-09-29 22:12:12,533 - INFO - 
--- Trial 3, Round 20 (train size=110) ---
2025-09-29 22:13:17,506 - INFO - [round 20] pick 1/5: O=C(O)CC(NC(=O)NNC(=O)CCCCNc1ccccn1)c1ccc(OC(F)(F)F)cc1 | UCB+MI=0.8115 | f=0.5818
2025-09-29 22:13:17,562 - INFO - [round 20] pick 2/5: CCCCCCCC(N)C(O)C(=O)N(C)C(CC[S+](C)[O-])C(=O)NC(Cc1ccc(O)cc1)C(=O)NC(Cc1ccc(O)cc1)C(=O)O | UCB+MI=0.8515 | f=0.6215
2025-09-29 22:13:17,619 - INFO - [round 20] pick 3/5: CC(C)C1CCN(C(=O)C(CCCN=C(N)N)NS(=O)(=O)c2ccc3cc(Cl)ccc3c2)C(C(=O)O)C1 | UCB+MI=0.8046 | f=0.6484
2025-09-29 22:13:17,678 - INFO - [round 20] pick 4/5: O=C(CCCCn1ccc(=O)[nH]c1=O)Nc1ccc(O)c(C(=O)O)c1 | UCB+MI=0.7977 | f=0.6013
2025-09-29 22:13:17,737 - INFO - [round 20] pick 5/5: CCN(Cc1ccccc1)C(=O)c1nn(-c2ccc(F)cc2)c(OCC(O)CC(O)CC(=O)O)c1C(C)C | UCB+MI=0.7925 | f=0.6384
2025-09-29 22:13:17,798 - INFO - Round 20 done in 65.27s; train size=115
2025-09-29 22:13:17,798 - INFO - 
--- Trial 3, Round 21 (train size=115) ---
2025-09-29 22:14:22,201 - INFO - [round 21] pick 1/5: Cc1ccc(S(=O)(=O)N(CC(C)C)C(CCCCNC(=O)CNc2ccccc2)C(=O)O)cc1 | UCB+MI=0.8369 | f=0.6602
2025-09-29 22:14:22,264 - INFO - [round 21] pick 2/5: O=C(O)CC(NC(=O)CCC(=O)Nc1ccc2c(c1)CNCC2)c1ccc(F)cc1 | UCB+MI=0.8191 | f=0.6172
2025-09-29 22:14:22,329 - INFO - [round 21] pick 3/5: CC(=O)NC(CCCCN)C(=O)N(C)CC(=O)NC(Cc1ccc(O)cc1)C(=O)N(C)C(CC(=O)O)C(N)=O | UCB+MI=0.8444 | f=0.5652
2025-09-29 22:14:22,395 - INFO - [round 21] pick 4/5: O=C(C=Cc1ccc(O)c(O)c1)NC(CS)C(=O)NCCc1ccc(O)c(O)c1 | UCB+MI=0.7877 | f=0.6201
2025-09-29 22:14:22,462 - INFO - [round 21] pick 5/5: CC(=O)NC1C(O)CC(Oc2ccc(-n3cc(CNS(=O)(=O)c4ccc(Cl)cc4)nn3)cc2C(F)F)(C(=O)O)OC1C(O)C(O)CO | UCB+MI=0.7726 | f=0.55
2025-09-29 22:14:22,529 - INFO - Round 21 done in 64.73s; train size=120
2025-09-29 22:14:22,529 - INFO - 
--- Trial 3, Round 22 (train size=120) ---
2025-09-29 22:15:35,344 - INFO - [round 22] pick 1/5: Cc1c(CC(=O)NC(CCO)C(=O)O)cc(-c2ccc(S(C)(=O)=O)cc2)n1-c1cccc(F)c1 | UCB+MI=0.8351 | f=0.6374
2025-09-29 22:15:35,412 - INFO - [round 22] pick 2/5: CC(CCCCC(=O)Nc1ccc(C(F)(F)F)cc1)NCC(O)c1ccc(O)c(O)c1 | UCB+MI=0.8324 | f=0.6741
2025-09-29 22:15:35,481 - INFO - [round 22] pick 3/5: CCCCNC(=O)N(CC(C)C)CC(O)C(Cc1ccccc1)NC(=O)C(CC(N)=O)NC(=O)OCc1ccccc1 | UCB+MI=0.8249 | f=0.6221
2025-09-29 22:15:35,552 - INFO - [round 22] pick 4/5: CC(Cc1ccc(O)cc1)(NC(=O)C1CCCN1C(=O)CCCc1ccc(O)cc1)C(=O)NCCCN | UCB+MI=0.8377 | f=0.6896
2025-09-29 22:15:35,624 - INFO - [round 22] pick 5/5: CC(NC(=O)NS(=O)(=O)c1ccc(F)cc1)C(=O)NCCC(=O)NC(Cc1c[nH]cn1)C(=O)O | UCB+MI=0.8411 | f=0.5163
2025-09-29 22:15:35,697 - INFO - Round 22 done in 73.17s; train size=125
2025-09-29 22:15:35,697 - INFO - 
--- Trial 3, Round 23 (train size=125) ---
2025-09-29 22:16:49,819 - INFO - [round 23] pick 1/5: CCCc1c(OCCCS(=O)(=O)c2ccc(C(=O)CCC(=O)O)cc2)ccc(C(C)=O)c1O | UCB+MI=0.8346 | f=0.6173
2025-09-29 22:16:49,894 - INFO - [round 23] pick 2/5: O=C(CCCCNC1=NCCN1)Nc1ccc(CC(NC(=O)C2CCCN2S(=O)(=O)c2ccccc2)C(=O)O)cc1 | UCB+MI=0.8486 | f=0.658
2025-09-29 22:16:49,971 - INFO - [round 23] pick 3/5: O=C(C=Cc1ccc(O)c(O)c1)OC(C(=O)O)C(OC(=O)c1cccn1Cc1ccc(F)cc1)C(=O)O | UCB+MI=0.8256 | f=0.5765
2025-09-29 22:16:50,049 - INFO - [round 23] pick 4/5: CCCC(O)C(CNCc1ccc(C)cc1C)NC(=O)CNC(=O)c1cc(C(F)(F)F)ccc1NC(=O)N1CCCC1 | UCB+MI=0.809 | f=0.6326
2025-09-29 22:16:50,131 - INFO - [round 23] pick 5/5: CC(C)CC1C(=O)N(CC(O)C(=O)O)C(=O)C1c1ccc(O)cc1 | UCB+MI=0.7902 | f=0.5836
2025-09-29 22:16:50,213 - INFO - Round 23 done in 74.52s; train size=130
2025-09-29 22:16:50,213 - INFO - 
--- Trial 3, Round 24 (train size=130) ---
2025-09-29 22:18:10,930 - INFO - [round 24] pick 1/5: Cc1ccc(CCNS(=O)(=O)c2ccc3c(c2)CCN3C(=O)CCC(=O)O)cc1 | UCB+MI=0.8384 | f=0.6024
2025-09-29 22:18:11,014 - INFO - [round 24] pick 2/5: CCC(c1ccc(O)cc1)C(CCCCn1cc(C(=O)O)c(=O)[nH]1)c1ccc(O)cc1 | UCB+MI=0.828 | f=0.6869
2025-09-29 22:18:11,099 - INFO - [round 24] pick 3/5: O=C(CCCCCC(=O)Nc1ccc(O)c(C(=O)Nc2ccc(Cl)c(C(F)(F)F)c2)c1)NO | UCB+MI=0.8437 | f=0.5725
2025-09-29 22:18:11,186 - INFO - [round 24] pick 4/5: CC(C)CC(NC(=O)C=Cc1ccc(OP(=O)(O)O)cc1)C(=O)N1CCCC1C(=O)NC(COCc1ccccc1)COC(N)=O | UCB+MI=0.8467 | f=0.6259
2025-09-29 22:18:11,275 - INFO - [round 24] pick 5/5: CCCCCCCNC(=O)CC(NS(=O)(=O)c1ccc(NC(C)=O)cc1)C(C)C | UCB+MI=0.8402 | f=0.5772
2025-09-29 22:18:11,366 - INFO - Round 24 done in 81.15s; train size=135
2025-09-29 22:18:11,366 - INFO - 
--- Trial 3, Round 25 (train size=135) ---
2025-09-29 22:19:32,911 - INFO - [round 25] pick 1/5: CN(C)S(=O)(=O)c1ccc(CNC(=O)c2nc(-c3ccc(F)cc3)n(CCC(O)CC(O)CC(=O)O)c2C2CC2)cc1 | UCB+MI=0.8463 | f=0.6585
2025-09-29 22:19:33,003 - INFO - [round 25] pick 2/5: NCCCCCC(=O)Nc1ccc(C(=O)O)c(-c2ccc(O)cc2)c1 | UCB+MI=0.876 | f=0.684
2025-09-29 22:19:33,096 - INFO - [round 25] pick 3/5: CCCCC(NC(=O)OC1C(=O)N(C(=O)Nc2ccc(C(F)(F)F)cc2)CC1(C)C)C(=O)C(=O)NC(C)c1ccccc1 | UCB+MI=0.8254 | f=0.4649
2025-09-29 22:19:33,191 - INFO - [round 25] pick 4/5: CCCC(=O)NC(Cc1ccc(OP(=O)(O)O)cc1)C(=O)NCCCN1CCCNC1=O | UCB+MI=0.8466 | f=0.6101
2025-09-29 22:19:33,287 - INFO - [round 25] pick 5/5: CC(C)(Cc1cccc(CC(=O)NCc2ccc(O)cc2Cl)c1)NCC(O)c1ccc(O)c(NS(C)(=O)=O)c1 | UCB+MI=0.81 | f=0.6203
2025-09-29 22:19:33,384 - INFO - Round 25 done in 82.02s; train size=140
2025-09-29 22:19:33,384 - INFO - 
--- Trial 3, Round 26 (train size=140) ---
2025-09-29 22:20:58,409 - INFO - [round 26] pick 1/5: CS(=O)(=O)NC(COC(=O)c1cc(O)c(C(=O)c2c(O)cccc2C(=O)O)c(O)c1)Cc1ccc(O)cc1 | UCB+MI=0.8436 | f=0.5824
2025-09-29 22:20:58,508 - INFO - [round 26] pick 2/5: CCCN(CCC)C(=O)Cc1c(-c2ccc(Cl)cc2)nc2c(NC(=O)CCC(=O)O)cccn12 | UCB+MI=0.8262 | f=0.6134
2025-09-29 22:20:58,609 - INFO - [round 26] pick 3/5: Cc1cc(O)cc(C)c1CC(N)C(=O)N1Cc2ccccc2CC1C(=O)NCCCCC(NC(=O)c1ccc(F)cc1)C(=O)O | UCB+MI=0.8603 | f=0.6552
2025-09-29 22:20:58,711 - INFO - [round 26] pick 4/5: CCCCCCCCC(=O)Nc1ccc(S(=O)(=O)N2CCC(CNCC(O)c3ccc(O)c(NS(C)(=O)=O)c3)CC2)cc1 | UCB+MI=0.8801 | f=0.7091
2025-09-29 22:20:58,815 - INFO - [round 26] pick 5/5: O=C(O)CCCC(O)C(C=CCCCc1ccccc1)Sc1ccc(C(=O)O)cc1 | UCB+MI=0.8415 | f=0.6037
2025-09-29 22:20:58,921 - INFO - Round 26 done in 85.54s; train size=145
2025-09-29 22:20:58,921 - INFO - 
--- Trial 3, Round 27 (train size=145) ---
2025-09-29 22:22:27,922 - INFO - [round 27] pick 1/5: O=C(O)CC(NC(=O)C(CCCCNS(=O)(=O)c1ccc(O)c(C(=O)O)c1)c1ccccc1)C(=O)CSCc1ccccc1Cl | UCB+MI=0.8536 | f=0.6481
2025-09-29 22:22:28,044 - INFO - [round 27] pick 2/5: CC(C)Cc1ccc(CC(=O)Nc2ccc(CCCC(=O)O)cc2)cc1 | UCB+MI=0.8661 | f=0.249
2025-09-29 22:22:28,170 - INFO - [round 27] pick 3/5: CCCCCCC(O)c1ccc(N2C(=O)CCC2CCCc2ccc(C(=O)O)s2)cc1 | UCB+MI=0.8232 | f=0.2997
2025-09-29 22:22:28,285 - INFO - [round 27] pick 4/5: NCCCNCCCCNCCCNC(=O)CCC(=O)N1CC(=Cc2ccc(O)c(O)c2)C(=O)C(=Cc2ccc(O)c(O)c2)C1 | UCB+MI=0.8015 | f=0.6446
2025-09-29 22:22:28,403 - INFO - [round 27] pick 5/5: CCC(C)Sc1sc(C(=O)NC(CCC(N)=O)C(=O)O)c(-c2ccc(Cl)cc2)c1C#N | UCB+MI=0.8203 | f=0.5258
2025-09-29 22:22:28,522 - INFO - Round 27 done in 89.60s; train size=150
2025-09-29 22:22:28,522 - INFO - 
--- Trial 3, Round 28 (train size=150) ---
2025-09-29 22:24:00,192 - INFO - [round 28] pick 1/5: CN(C)CCCCCC(=O)Nc1cnc(-c2ccc(F)cc2)n(CC(=O)NC(CC(=O)O)C(=O)COC(=O)c2c(Cl)cccc2Cl)c1=O | UCB+MI=0.8353 | f=0.5797
2025-09-29 22:24:00,311 - INFO - [round 28] pick 2/5: CC(C)CC(NC(Cc1ccccc1)NP(=O)(O)CNC(=O)CNC(=O)C(N)Cc1ccc(O)cc1)C(=O)O | UCB+MI=0.8781 | f=0.5829
2025-09-29 22:24:00,430 - INFO - [round 28] pick 3/5: O=C(O)CC(NC(=O)C1CCN1S(=O)(=O)c1cc(Cl)cc(Cl)c1)c1ccc(OCF)cc1 | UCB+MI=0.8355 | f=0.5881
2025-09-29 22:24:00,552 - INFO - [round 28] pick 4/5: O=C(NCCCCCCNC(=O)c1ccc(O)c(O)c1)c1ccc(O)c(O)c1 | UCB+MI=0.8381 | f=0.6647
2025-09-29 22:24:00,676 - INFO - [round 28] pick 5/5: Cc1ccc(S(=O)(=O)N2CCC(C(N)(CCCCB(O)O)C(=O)O)CC2)cc1 | UCB+MI=0.8041 | f=0.6455
2025-09-29 22:24:00,801 - INFO - Round 28 done in 92.28s; train size=155
2025-09-29 22:24:00,801 - INFO - 
--- Trial 3, Round 29 (train size=155) ---
2025-09-29 22:25:37,948 - INFO - [round 29] pick 1/5: NCCCCNC(=O)C1CN(C(=O)C(N)CC(N)=O)CC1C(=O)NCCc1ccc2ccccc2c1 | UCB+MI=0.8222 | f=0.6171
2025-09-29 22:25:38,076 - INFO - [round 29] pick 2/5: CC1(C)SC2C(NC(=O)C(NC(=O)c3ccc(-c4ccc(S(=O)(=O)N(CCO)CCO)cc4)[nH]c3=O)c3ccc(O)cc3)C(=O)N2C1C(=O)O | UCB+MI=0.8137 | f=0.5868
2025-09-29 22:25:38,207 - INFO - [round 29] pick 3/5: CCOC(=O)CCCCCCCNC(=O)N1c2c(O)nc(N)nc2NCC1CNc1ccc(C(=O)NC(CCC(=O)O)C(=O)O)cc1 | UCB+MI=0.8353 | f=0.5977
2025-09-29 22:25:38,342 - INFO - [round 29] pick 4/5: CC(C)c1c(S(=O)(=O)N2CCN(C)CC2)c(-c2ccccc2)c(-c2ccc(F)cc2)n1CCC(O)CC(O)CC(=O)O | UCB+MI=0.8379 | f=0.6964
2025-09-29 22:25:38,477 - INFO - [round 29] pick 5/5: N#CC(=Cc1ccc(O)c(O)c1)C(=O)NCCCNC(=O)C(C#N)=Cc1ccc(O)c(O)c1 | UCB+MI=0.8514 | f=0.6175
2025-09-29 22:25:38,614 - INFO - Round 29 done in 97.81s; train size=160
2025-09-29 22:25:38,615 - INFO - 
--- Trial 3, Round 30 (train size=160) ---
2025-09-29 22:27:21,496 - INFO - [round 30] pick 1/5: CC(C)CN(C(CO)CCCCNC(=O)C(Cc1ccccc1Cl)NC(=O)c1ccncc1)S(=O)(=O)c1ccc(N)cc1 | UCB+MI=0.846 | f=0.6718
2025-09-29 22:27:21,634 - INFO - [round 30] pick 2/5: COc1ccc(S(=O)(=O)N2CCC(C(=O)NCCC(=O)NCCc3cccc(F)c3)CC2)cc1 | UCB+MI=0.8562 | f=0.6393
2025-09-29 22:27:21,774 - INFO - [round 30] pick 3/5: O=C(O)CCC(NC(=O)CC1OC(CNC(=O)c2ccccc2C(=O)Nc2cc(Cl)ccc2Cl)C(O)C(O)C1O)C(=O)O | UCB+MI=0.8294 | f=0.5909
2025-09-29 22:27:21,918 - INFO - [round 30] pick 4/5: CC(C)c1nc(Nc2cc(C(=O)O)nn2C)nc(-c2ccc(F)cc2)c1C=CC(O)CC(O)CC(=O)O | UCB+MI=0.8172 | f=0.5864
2025-09-29 22:27:22,062 - INFO - [round 30] pick 5/5: O=C(NCCCCN(CCCNC(=O)c1ccc(O)c(O)c1O)C(=O)c1ccc(O)c(O)c1O)c1ccc(O)c(O)c1O | UCB+MI=0.8127 | f=0.6229
2025-09-29 22:27:22,207 - INFO - Round 30 done in 103.59s; train size=165
2025-09-29 22:27:22,207 - INFO - 
--- Trial 3, Round 31 (train size=165) ---
2025-09-29 22:29:06,828 - INFO - [round 31] pick 1/5: CNC(=O)CCCC1CCN(C(=O)C(Cc2cccc(C(=N)N)c2)NS(=O)(=O)c2cccc(-c3ccc(C(C)C)cc3)c2)CC1 | UCB+MI=0.8341 | f=0.6276
2025-09-29 22:29:06,977 - INFO - [round 31] pick 2/5: O=C(O)c1ccccc1C(=O)NCCCCCCNC(=O)c1ccccc1C(=O)O | UCB+MI=0.8614 | f=0.6967
2025-09-29 22:29:07,126 - INFO - [round 31] pick 3/5: COc1ccc2c(c1)c(CC(=O)NC(CCCCN)C(=O)O)c(C)n2C(=O)c1ccc(Cl)cc1 | UCB+MI=0.8524 | f=0.6232
2025-09-29 22:29:07,277 - INFO - [round 31] pick 4/5: CCn1c(CCC(O)CC(O)CC(=O)O)c(-c2ccc(F)cc2)c(C)c1C(=O)NCc1cnc(C)cn1 | UCB+MI=0.8331 | f=0.6332
2025-09-29 22:29:07,431 - INFO - [round 31] pick 5/5: CC(=O)NC(CS(=O)(=O)c1ccc(F)cc1)C(=O)NC(CSc1ccccc1)C(O)CN1CC2CCSC2CC1C(=O)NC(C)(C)C | UCB+MI=0.8167 | f=0.6058
2025-09-29 22:29:07,587 - INFO - Round 31 done in 105.38s; train size=170
2025-09-29 22:29:07,587 - INFO - 
--- Trial 3, Round 32 (train size=170) ---
2025-09-29 22:30:59,598 - INFO - [round 32] pick 1/5: O=C(CCCCCn1c(C(=O)O)cc2cc(OCc3c(Cl)cccc3Cl)ccc21)NS(=O)(=O)c1ccccc1 | UCB+MI=0.8377 | f=0.2758
2025-09-29 22:30:59,759 - INFO - [round 32] pick 2/5: NC(CCCCNC(=O)C(=O)c1c[nH]c2cc(O)ccc12)C(=O)O | UCB+MI=0.8265 | f=0.6248
2025-09-29 22:30:59,922 - INFO - [round 32] pick 3/5: CCC(NC(=O)CCC(=O)N1CCN(S(=O)(=O)c2ccc(C)cc2)CC1)c1ccc(C)cc1 | UCB+MI=0.8605 | f=0.6578
2025-09-29 22:31:00,090 - INFO - [round 32] pick 4/5: CC(O)C(N)C(=O)NCCNC(=O)c1ccc2c(c1)C(=O)c1ccc(C(=O)NCCNC(=O)C(N)C(C)O)cc1C2=O | UCB+MI=0.8197 | f=0.5816
2025-09-29 22:31:00,252 - INFO - [round 32] pick 5/5: O=C(O)CC(O)(CC(O)CCCCCC1c2ccccc2-c2cc(Cl)ccc21)C(=O)O | UCB+MI=0.8532 | f=0.7394
2025-09-29 22:31:00,417 - INFO - Round 32 done in 112.83s; train size=175
2025-09-29 22:31:00,417 - INFO - 
--- Trial 3, Round 33 (train size=175) ---
2025-09-29 22:32:52,688 - INFO - [round 33] pick 1/5: O=C(O)CN1C(=O)C(NC(CCCCNCCO)C(=O)O)CCc2ccccc21 | UCB+MI=0.8338 | f=0.6368
2025-09-29 22:32:52,855 - INFO - [round 33] pick 2/5: CC(=CC(C)CC(C)O)CC(C)C(=O)NC(C)C(=O)N(C)C(Cc1c(Br)[nH]c2ccccc12)C(=O)NC(CC(=O)O)c1ccc(O)cc1 | UCB+MI=0.8362 | f=0.4578
2025-09-29 22:32:53,025 - INFO - [round 33] pick 3/5: CCCC(=O)NC(C(=O)NCCS(N)(=O)=O)c1nc2ccc(-c3ccc(C(=O)N4CCOCC4)cc3)cc2s1 | UCB+MI=0.8296 | f=0.6269
2025-09-29 22:32:53,198 - INFO - [round 33] pick 4/5: N#Cc1c(-c2cccc(NC(=O)C(O)CCC(=O)O)c2)cc(-c2cc(Cl)ccc2O)nc1N | UCB+MI=0.82 | f=0.5791
2025-09-29 22:32:53,372 - INFO - [round 33] pick 5/5: CCC(CC)(c1ccc(F)cc1)c1ccc(C=CC(O)CC(O)CC(=O)O)c(C(C)C)c1 | UCB+MI=0.8348 | f=0.336
2025-09-29 22:32:53,549 - INFO - Round 33 done in 113.13s; train size=180
2025-09-29 22:32:53,549 - INFO - 
--- Trial 3, Round 34 (train size=180) ---
2025-09-29 22:34:49,152 - INFO - [round 34] pick 1/5: NC(=O)C(CCC(=O)O)NC(=O)C(CCC(=O)O)NC(=O)CCc1cc(-c2ccc(-c3cccc(Cl)c3)cc2)no1 | UCB+MI=0.8586 | f=0.6243
2025-09-29 22:34:49,327 - INFO - [round 34] pick 2/5: CS(=O)(=O)Nc1cc(C(O)CNCCCCCCCCCN2CCC(OC(=O)Nc3ccccc3-c3ccc(F)cc3O)CC2)ccc1O | UCB+MI=0.8371 | f=0.2851
2025-09-29 22:34:49,505 - INFO - [round 34] pick 3/5: COc1ccc(C(=O)NCC(=O)NCCCCC(N)CC(=O)O)cc1 | UCB+MI=0.8548 | f=0.6018
2025-09-29 22:34:49,685 - INFO - [round 34] pick 4/5: CC(C)CC(NC(=O)C(NC(=O)C(N)CNC(=O)c1cc(O)ccc1O)C(C)C)C(=O)NC(C)(C)Cc1ccccc1 | UCB+MI=0.8567 | f=0.5561
2025-09-29 22:34:49,868 - INFO - [round 34] pick 5/5: Cc1c(C(=O)O)sc(S(=O)(=O)N2CCN(C(=O)Cc3ccc(F)cc3)CC2)c1C(=O)O | UCB+MI=0.8242 | f=0.5964
2025-09-29 22:34:50,053 - INFO - Round 34 done in 116.50s; train size=185
2025-09-29 22:34:50,054 - INFO - 
--- Trial 3, Round 35 (train size=185) ---
2025-09-29 22:36:49,797 - INFO - [round 35] pick 1/5: CCOC(=O)N1CCN(C(=O)C(CCC(=O)O)NC(=O)c2cc(NCCCO)nc(-c3ccccc3)n2)CC1 | UCB+MI=0.8353 | f=0.617
2025-09-29 22:36:49,994 - INFO - [round 35] pick 2/5: N=C(N)c1ccc(C2=NOC(CC(=O)NCC(NS(=O)(=O)c3cccc(C(F)(F)F)c3)C(=O)O)C2)cc1 | UCB+MI=0.8312 | f=0.5896
2025-09-29 22:36:50,190 - INFO - [round 35] pick 3/5: CCc1cc(CC(NC(C)=O)C(=O)NCCCCC(=O)NC(CSCc2ccccc2)C(=O)O)ccc1N(C(=O)C(=O)O)c1ccccc1C(=O)O | UCB+MI=0.8488 | f=0.6619
2025-09-29 22:36:50,388 - INFO - [round 35] pick 4/5: CCCCNC(=O)c1onc(CS(=O)(=O)c2ccc(Cl)cc2)c1C(=O)NCCCC | UCB+MI=0.8234 | f=0.5206
2025-09-29 22:36:50,587 - INFO - [round 35] pick 5/5: CC(C)CC(NC(=O)C(O)Cc1ccc(O)cc1)C(=O)N1CCCC1C(=O)NCc1ccc(C#N)cc1 | UCB+MI=0.8667 | f=0.6497
2025-09-29 22:36:50,788 - INFO - Round 35 done in 120.73s; train size=190
2025-09-29 22:36:50,788 - INFO - 
--- Trial 3, Round 36 (train size=190) ---
2025-09-29 22:38:53,255 - INFO - [round 36] pick 1/5: COc1ccc(S(=O)(=O)N2Cc3ccccc3CC2C(=O)NC(CCC(=O)O)C(=O)O)cc1OC | UCB+MI=0.8536 | f=0.6158
2025-09-29 22:38:53,481 - INFO - [round 36] pick 2/5: O=C(NCCCCC(NC(=O)c1ccc([N+](=O)[O-])cc1)C(=O)NO)OCc1ccccc1 | UCB+MI=0.8773 | f=0.6469
2025-09-29 22:38:53,685 - INFO - [round 36] pick 3/5: CC(=O)NC1C(NC(=N)NC(=O)Cn2cc(-c3ccc(F)cc3)nn2)C=C(C(=O)O)OC1C(O)C(O)CO | UCB+MI=0.8109 | f=0.5359
2025-09-29 22:38:53,891 - INFO - [round 36] pick 4/5: CCC(CO)NCc1cccnc1N1CCN(C(=O)C(Cc2ccc(Cl)cc2Cl)NC(=O)CCN)CC1 | UCB+MI=0.8143 | f=0.6476
2025-09-29 22:38:54,100 - INFO - [round 36] pick 5/5: O=C(CCCCC(=O)NCCc1ccc(O)cc1)NCCc1ccc(O)cc1 | UCB+MI=0.8451 | f=0.6331
2025-09-29 22:38:54,311 - INFO - Round 36 done in 123.52s; train size=195
2025-09-29 22:38:54,311 - INFO - 
--- Trial 3, Round 37 (train size=195) ---
2025-09-29 22:41:03,321 - INFO - [round 37] pick 1/5: Cc1ccc(S(=O)(=O)NC(Cc2ccccc2)C(=O)N2CCC(C(=O)NC(CCC(N)=O)C(=O)O)CC2)cc1 | UCB+MI=0.8795 | f=0.6678
2025-09-29 22:41:03,533 - INFO - [round 37] pick 2/5: CCCCCNC(=O)C(Cc1ccc(OCC(N)=O)c(C(=O)O)c1)NC(=O)CCC(=O)O | UCB+MI=0.8755 | f=0.5968
2025-09-29 22:41:03,750 - INFO - [round 37] pick 3/5: O=C(O)C(=O)N(c1cc(Cl)ccc1C(=O)O)c1cccc2ccc(O)cc12 | UCB+MI=0.8224 | f=0.5485
2025-09-29 22:41:03,968 - INFO - [round 37] pick 4/5: CC(=O)c1ccc(S(=O)(=O)N2CCN(CC(=O)Nc3ccc(Cl)c([N+](=O)[O-])c3)CC2)cc1 | UCB+MI=0.84 | f=0.6645
2025-09-29 22:41:04,188 - INFO - [round 37] pick 5/5: O=C(CCC(=O)NC(CO)C(O)c1ccc([N+](=O)[O-])cc1)NCCCNCCCCN(Cc1ccccc1)Cc1ccccc1 | UCB+MI=0.847 | f=0.7289
2025-09-29 22:41:04,410 - INFO - Round 37 done in 130.10s; train size=200
2025-09-29 22:41:04,411 - INFO - 
--- Trial 3, Round 38 (train size=200) ---
2025-09-29 22:43:17,502 - INFO - [round 38] pick 1/5: N=C(N)c1ccc(CNC(=O)C(CN)NC(=O)C(CO)NS(=O)(=O)Cc2ccccc2)cc1 | UCB+MI=0.8592 | f=0.5563
2025-09-29 22:43:17,727 - INFO - [round 38] pick 2/5: O=C(O)CC(Sc1ccc(C(=O)c2ccccc2C(=O)O)cc1[N+](=O)[O-])C(=O)O | UCB+MI=0.845 | f=0.5923
2025-09-29 22:43:17,955 - INFO - [round 38] pick 3/5: CC(C)(NC(=O)CN1C(=O)c2ccccc2C1=O)C(=O)NCCCCC(NC(=O)CC(O)(C(F)(F)F)C(F)(F)F)C(=O)O | UCB+MI=0.8432 | f=0.5631
2025-09-29 22:43:18,184 - INFO - [round 38] pick 4/5: CC(O)C(NC(=O)c1ccc(N2CCN(C(=O)Cc3ccc(O)cc3)CC2)nc1)C(N)=O | UCB+MI=0.8497 | f=0.6478
2025-09-29 22:43:18,416 - INFO - [round 38] pick 5/5: O=C(COC(=O)CNC(=O)c1ccc(Cl)cc1Cl)Nc1cccc(S(=O)(=O)N2CCCC2)c1 | UCB+MI=0.8374 | f=0.5847
2025-09-29 22:43:18,658 - INFO - Round 38 done in 134.25s; train size=205
2025-09-29 22:43:18,658 - INFO - 
--- Trial 3, Round 39 (train size=205) ---
2025-09-29 22:45:30,340 - INFO - [round 39] pick 1/5: C=CC(=O)NCCCCC(NC(=O)Cc1ccccc1)C(=O)N1CCN(c2cccc(C)n2)CC1 | UCB+MI=0.8519 | f=0.6593
2025-09-29 22:45:30,578 - INFO - [round 39] pick 2/5: NC(=O)C(Cc1ccc(O)cc1)NC(=O)C(Cc1c[nH]c2ccccc12)NC(=O)CCC(=O)Nc1ccc(O)cc1 | UCB+MI=0.8532 | f=0.6229
2025-09-29 22:45:30,817 - INFO - [round 39] pick 3/5: O=C(O)CCC(NC(=O)c1ccc(S(=O)(=O)N2CCCC2C(=O)O)cc1)C(=O)O | UCB+MI=0.8722 | f=0.5748
2025-09-29 22:45:31,059 - INFO - [round 39] pick 4/5: CC(C)(C)C(NC(=O)C(CCCCOc1ccc(Cl)cc1)CC(=O)NO)C(=O)NCCc1ccccn1 | UCB+MI=0.8451 | f=0.599
2025-09-29 22:45:31,303 - INFO - [round 39] pick 5/5: CCCc1ccc(CCC(=O)c2c(O)cc(OC(CC(O)CO)C(=O)O)cc2O)cc1O | UCB+MI=0.804 | f=0.645
2025-09-29 22:45:31,550 - INFO - Round 39 done in 132.89s; train size=210
