2025-10-10 14:41:55,506 - INFO - === Starting BUCB Bayesian Optimization Trial 1 (sqrt_beta=1.00) ===
An NVIDIA GPU may be present on this machine, but a CUDA-enabled jaxlib is not installed. Falling back to cpu.
2025-10-10 14:42:25,853 - INFO - 
--- Trial 1, sqrt_beta=1.0, Round 0 (train size=10) ---
f1 shape: (5,)
2025-10-10 14:42:34,423 - INFO - [round 0] pick 1/5: CC(=O)C1(c2ccccc2)CCN(CCCNC(=O)C2=C(C)NC(C)=C(C(N)=O)C2c2ccc([N+](=O)[O-])cc2)CC1 | UCB=1.311 | f=0.6949
2025-10-10 14:42:34,441 - INFO - [round 0] pick 2/5: COc1ccc(NC(=O)C(=O)c2cn(CC(=O)N3CCCC3)c3ccccc23)cc1OC | UCB=1.304 | f=0.6297
2025-10-10 14:42:34,458 - INFO - [round 0] pick 3/5: CC(C)CC(NC(=O)C(Cc1ccccc1)NC(=O)CC1CS(=O)(=O)c2ccccc21)C(=O)NC(CC1CCCCC1)C(O)CC(=O)NCCCn1ccnc1 | UCB=1.283 | f=0.6078
2025-10-10 14:42:34,476 - INFO - [round 0] pick 4/5: CCC(=O)CCCCCC1NC(=O)C(CCCNC(=N)N)NC(=O)CCN(CC=C(C)C)C(=O)CN(CCc2c[nH]c3ccccc23)C1=O | UCB=1.266 | f=0.5887
2025-10-10 14:42:34,493 - INFO - [round 0] pick 5/5: Cc1cc(=O)oc2cc(NC(=O)C(CCCCNC(=O)C(F)(F)F)NC(=O)OC(C)(C)C)ccc12 | UCB=1.251 | f=0.5736
2025-10-10 14:42:34,513 - INFO - Round 0 done in 8.66s; train size=15
2025-10-10 14:42:34,513 - INFO - 
--- Trial 1, sqrt_beta=1.0, Round 1 (train size=15) ---
f1 shape: (5,)
2025-10-10 14:42:45,442 - INFO - [round 1] pick 1/5: CC(C)(C)OC(=O)NC(CCCNC(=N)N)C(=O)NC(Cc1c[nH]c2ccccc12)C(=O)NC(Cc1ccccc1)C(=O)N1CCCCC1 | UCB=1.385 | f=0.6237
2025-10-10 14:42:45,459 - INFO - [round 1] pick 2/5: CC(=O)C1=C(C)NC(=O)N(C(=O)NCCCN2CCN(c3ccccc3C(N)=O)CC2)C1c1cc(F)c(F)c(F)c1 | UCB=1.373 | f=0.6391
2025-10-10 14:42:45,477 - INFO - [round 1] pick 3/5: COc1ccc(C(=O)C2CCN(CCCCNC(=O)c3ccc(NC(=O)c4ccc(Cl)cc4)cc3)CC2)c(OC)c1 | UCB=1.368 | f=0.4462
2025-10-10 14:42:45,495 - INFO - [round 1] pick 4/5: CC(C)N(C(=O)C1CC(CC(=O)NCCCn2ccnc2)C(=O)N2CCc3c([nH]c4ccccc34)C12C)C(C)C | UCB=1.358 | f=0.5843
2025-10-10 14:42:45,513 - INFO - [round 1] pick 5/5: Cc1ccc2c(c1)N(CC(=O)NC(C)(C)C)C(=O)C(NC(=O)Nc1cccc(C(=O)NS(=O)(=O)C(F)(F)F)c1)CC2c1ccccc1 | UCB=1.339 | f=0.5481
2025-10-10 14:42:45,531 - INFO - Round 1 done in 11.02s; train size=20
2025-10-10 14:42:45,531 - INFO - 
--- Trial 1, sqrt_beta=1.0, Round 2 (train size=20) ---
f1 shape: (5,)
2025-10-10 14:42:59,610 - INFO - [round 2] pick 1/5: CCOC(O)=C1C(C)=NC(C)=C(C(=O)OC)C1c1cccc(NC(=O)NCCCN2CCN(c3ccccc3)CC2)c1 | UCB=1.401 | f=0.602
2025-10-10 14:42:59,629 - INFO - [round 2] pick 2/5: CC(C)CC(=O)N1CCCC(C(=O)NC(C(=O)NC(CCCCN)C(=O)OC(C)(C)C)C(C)c2c[nH]c3ccccc23)C1 | UCB=1.365 | f=0.5954
2025-10-10 14:42:59,647 - INFO - [round 2] pick 3/5: CCN1CCN(Cc2ccc(NC(=O)c3ccc(C)c(NC(=O)CC4NC(=O)C(Cc5ccccc5)NC4=O)c3)cc2C(F)(F)F)CC1 | UCB=1.378 | f=0.6477
2025-10-10 14:42:59,666 - INFO - [round 2] pick 4/5: COc1cc(C=C2SC(=Nc3ccccc3)N(C(CCCNC(=N)N)C(=O)NC(C)C(N)=O)C2=O)cc(OC)c1O | UCB=1.361 | f=0.5814
2025-10-10 14:42:59,687 - INFO - [round 2] pick 5/5: CCCCNC(=O)CCCn1c(=O)c2ccccc2n(CC(=O)NCCC2=CCCCC2)c1=O | UCB=1.358 | f=0.5936
2025-10-10 14:42:59,708 - INFO - Round 2 done in 14.18s; train size=25
2025-10-10 14:42:59,708 - INFO - 
--- Trial 1, sqrt_beta=1.0, Round 3 (train size=25) ---
f1 shape: (5,)
2025-10-10 14:43:16,266 - INFO - [round 3] pick 1/5: CC(C)CC(NC(=O)OCc1ccccc1)C(=O)NC(Cc1ccccc1)C(=O)C(=O)NCCCN1CCN(C)CC1 | UCB=1.412 | f=0.619
2025-10-10 14:43:16,286 - INFO - [round 3] pick 2/5: CCC1CCCCN1CCCNC(=O)CNC(=O)c1nn(-c2ccc(OC)cc2)c(=O)c2ccccc12 | UCB=1.402 | f=0.638
2025-10-10 14:43:16,306 - INFO - [round 3] pick 3/5: CN(C)C(=O)CCn1c(=O)n(CC(=O)Nc2ccc3c(c2)CC2(C3)C(=O)NC(=O)N2C)c2ccccc21 | UCB=1.379 | f=0.5964
2025-10-10 14:43:16,327 - INFO - [round 3] pick 4/5: CCCC(O)C(CNCc1ccc(C)cc1C)NC(=O)CNC(=O)c1cc(C(F)(F)F)ccc1NC(=O)N1CCCC1 | UCB=1.386 | f=0.6326
2025-10-10 14:43:16,347 - INFO - [round 3] pick 5/5: CC(C)(C)OC(=O)NCCCCC1NC(C(Cc2cn(C(=O)OC(C)(C)C)c3ccccc23)NC(=O)OC(C)(C)C)CNC1=O | UCB=1.372 | f=0.4858
2025-10-10 14:43:16,368 - INFO - Round 3 done in 16.66s; train size=30
2025-10-10 14:43:16,368 - INFO - 
--- Trial 1, sqrt_beta=1.0, Round 4 (train size=30) ---
f1 shape: (5,)
2025-10-10 14:43:36,179 - INFO - [round 4] pick 1/5: CC1=C(C(=O)N2CCOCC2)CC(CC(=O)NCCCCc2ccccc2)C(=O)N1Cc1ccc(C(C)(C)C)cc1 | UCB=1.427 | f=0.4701
2025-10-10 14:43:36,200 - INFO - [round 4] pick 2/5: CC(C)Cn1cc(C(=O)NCCCN2CCCC2=O)c2c3ccccc3n(C)c2c1=O | UCB=1.413 | f=0.4658
2025-10-10 14:43:36,222 - INFO - [round 4] pick 3/5: CCCCC(NC(=O)OC1C(=O)N(C(=O)Nc2ccc(C(F)(F)F)cc2)CC1(C)C)C(=O)C(=O)NC(C)c1ccccc1 | UCB=1.417 | f=0.4649
2025-10-10 14:43:36,245 - INFO - [round 4] pick 4/5: N=C(N)NCCCC(NC(=O)C1CCCN1C(=O)CNC(=O)CNC(=O)c1ccc2c(c1)C(=O)C(=O)c1ccccc1-2)C(=O)NCC(=O)O | UCB=1.398 | f=0.5962
2025-10-10 14:43:36,269 - INFO - [round 4] pick 5/5: COc1ccc(C(=O)NC(=O)Nc2ccc3c(c2)NC(=O)C3=Cc2[nH]c(C)c(CCC(=O)N3CCN(C)CC3)c2C)c(F)c1 | UCB=1.379 | f=0.572
2025-10-10 14:43:36,295 - INFO - Round 4 done in 19.93s; train size=35
2025-10-10 14:43:36,295 - INFO - 
--- Trial 1, sqrt_beta=1.0, Round 5 (train size=35) ---
f1 shape: (5,)
2025-10-10 14:43:58,144 - INFO - [round 5] pick 1/5: Cc1ccc(Nc2ccc(C(=O)NCCN3CCCC3)cc2NC(=O)CCc2ccccc2)cc1C | UCB=1.416 | f=0.2973
2025-10-10 14:43:58,169 - INFO - [round 5] pick 2/5: CCCCOC(=O)N1CCN(C(=O)C(CCC(=O)O)NC(=O)c2cc(OC(=O)N(C)C)cc(-c3ccccc3)n2)CC1 | UCB=1.405 | f=0.6272
2025-10-10 14:43:58,196 - INFO - [round 5] pick 3/5: COc1ccc2c(c1)C(CC(=O)NC(CC(C)C)C(=O)NC(CC(C)C)C(=O)NCc1c(F)cccc1F)CC2=O | UCB=1.391 | f=0.5492
2025-10-10 14:43:58,221 - INFO - [round 5] pick 4/5: COC(=O)c1ccccc1NC(=O)Cn1c(CCC2CCCCC2)c(Cl)nc(NC(=O)NC(C)(C)C)c1=O | UCB=1.398 | f=0.5217
2025-10-10 14:43:58,245 - INFO - [round 5] pick 5/5: NCCCCC(NC(=O)C(Cc1c[nH]c2ccccc12)NC(=O)C1CCCN1C(=O)CCCCCNC(=O)C1CCC2c3[nH]c4ccccc4c3CCN2C1)C(N)=O | UCB=1.381 | f=0.6021
2025-10-10 14:43:58,269 - INFO - Round 5 done in 21.97s; train size=40
2025-10-10 14:43:58,269 - INFO - 
--- Trial 1, sqrt_beta=1.0, Round 6 (train size=40) ---
f1 shape: (5,)
2025-10-10 14:44:23,584 - INFO - [round 6] pick 1/5: CC(=O)N1CCN(C(=O)C(CCCNC(=N)N)NS(=O)(=O)c2cccc3ccccc23)CC1 | UCB=1.414 | f=0.652
2025-10-10 14:44:23,609 - INFO - [round 6] pick 2/5: CCC(=O)N1CCC(Cc2ccc(F)cc2)CC1CCCNC(=O)Nc1cc(C(C)=O)cc(C(C)=O)c1 | UCB=1.41 | f=0.5039
2025-10-10 14:44:23,634 - INFO - [round 6] pick 3/5: CCc1[nH]c(C(Cc2c[nH]c3ccccc23)NC(=O)C(CC(C)C)NC(=O)N2CCCCCC2)nc1C(=O)O | UCB=1.409 | f=0.5661
2025-10-10 14:44:23,660 - INFO - [round 6] pick 4/5: COC(Cn1c(=O)[nH]c2c(=O)n(CC(=O)NC(C(=O)C(F)(F)F)C(C)C)c(-c3ccccc3)cc2c1=O)OC | UCB=1.392 | f=0.4998
2025-10-10 14:44:23,685 - INFO - [round 6] pick 5/5: Cc1cccc(NC(=O)NC2N=C(c3cccc(OCC(=O)NCCCCCC(=O)NCCCOc4cccc(CN5CCCCC5)c4)c3)c3ccccc3N(C)C2=O)c1 | UCB=1.389 | f=0.215
2025-10-10 14:44:23,713 - INFO - Round 6 done in 25.44s; train size=45
2025-10-10 14:44:23,713 - INFO - 
--- Trial 1, sqrt_beta=1.0, Round 7 (train size=45) ---
f1 shape: (5,)
2025-10-10 14:44:51,295 - INFO - [round 7] pick 1/5: CN(C)c1cccc2c(S(=O)(=O)N3CCCC3C(=O)NC(CCC(N)=O)C(=O)NC(CCCNC(=N)N)C(N)=O)cccc12 | UCB=1.419 | f=0.6032
2025-10-10 14:44:51,322 - INFO - [round 7] pick 2/5: CNC(=O)c1ccc(OC)c2c(C(=O)C(=O)N3CCN(C(=O)c4ccccc4)CC3)c[nH]c12 | UCB=1.41 | f=0.639
2025-10-10 14:44:51,349 - INFO - [round 7] pick 3/5: CCCCOC(=O)N1CC2(CC(C(=O)NCC(NS(=O)(=O)c3c(C)cc(C)cc3C)C(=O)O)=NO2)CC1CNc1nc2ccccc2[nH]1 | UCB=1.395 | f=0.5765
2025-10-10 14:44:51,377 - INFO - [round 7] pick 4/5: COc1ccccc1CNC(=O)C(C)NC(=O)C1CCN(C(=O)C(N)CCSC)CC1 | UCB=1.407 | f=0.5736
2025-10-10 14:44:51,405 - INFO - [round 7] pick 5/5: CCC(=O)C(F)CCCCC1NC(=O)C2CCCCN2CC(=O)C(C(C)CC)NC(=O)C(Cc2cn(OC)c3ccccc23)NC1=O | UCB=1.379 | f=0.5676
2025-10-10 14:44:51,434 - INFO - Round 7 done in 27.72s; train size=50
2025-10-10 14:44:51,434 - INFO - 
--- Trial 1, sqrt_beta=1.0, Round 8 (train size=50) ---
f1 shape: (5,)
2025-10-10 14:45:22,784 - INFO - [round 8] pick 1/5: COC(=O)c1c(CNC(=O)C2CCN(C(C)=O)CC2)c(=O)c2ccc(Cl)cc2n1-c1ccccc1 | UCB=1.422 | f=0.6313
2025-10-10 14:45:22,814 - INFO - [round 8] pick 2/5: CCOC(=O)C=CC(CCC(N)=O)NC(=O)C1Cc2ccccc2CN1C(=O)C(NC(=O)c1cccc(O)c1C)C(C)C | UCB=1.413 | f=0.6062
2025-10-10 14:45:22,844 - INFO - [round 8] pick 3/5: CCCCNC(=O)Cn1cnc2sc(C)c(S(=O)(=O)N3CCN(c4ccccc4OC)CC3)c2c1=O | UCB=1.408 | f=0.5539
2025-10-10 14:45:22,874 - INFO - [round 8] pick 4/5: Cc1[nH]c2ccccc2c1CC(NC(=O)C(NC(=O)N1C(C)CCCC1C)C1CC1)C(=O)NC(Cc1c[nH]cn1)C(=O)O | UCB=1.405 | f=0.5722
2025-10-10 14:45:22,905 - INFO - [round 8] pick 5/5: CCn1cc(C(=O)NC(CCSC)C(=O)NCCCn2ccnc2)c(=O)c2cc3c(cc21)OCO3 | UCB=1.378 | f=0.5792
2025-10-10 14:45:22,939 - INFO - Round 8 done in 31.51s; train size=55
2025-10-10 14:45:22,939 - INFO - 
--- Trial 1, sqrt_beta=1.0, Round 9 (train size=55) ---
f1 shape: (5,)
2025-10-10 14:45:56,410 - INFO - [round 9] pick 1/5: CC(OC(=O)C(C)NC(=O)c1ccccc1)OC(=O)N1CCN(c2cc3c(cc2F)c(=O)c(C(=O)O)cn3C2CC2)CC1 | UCB=1.43 | f=0.6229
2025-10-10 14:45:56,443 - INFO - [round 9] pick 2/5: CCOC(=O)CCNC(=O)C1CC(NC(=O)c2cc(CC)nn2C)CN1C(=O)c1coc2ccccc12 | UCB=1.424 | f=0.5877
2025-10-10 14:45:56,477 - INFO - [round 9] pick 3/5: CSCCC(NC(=O)C(Cc1ccccc1)NC(=O)CNC(=O)CNC(=O)C12Cc3ccc(O)cc3C(C)(CCN1C)C2C)C(N)=O | UCB=1.424 | f=0.6172
2025-10-10 14:45:56,510 - INFO - [round 9] pick 4/5: CCCCOC(=O)Nc1cccc(NC(=O)NC(=O)N2CCN(C(=O)CN3C(=O)C(=O)c4cc([N+](=O)[O-])ccc43)CC2)c1 | UCB=1.417 | f=0.6275
2025-10-10 14:45:56,545 - INFO - [round 9] pick 5/5: CC(=O)NCCC1CCN(C(=O)C(CCCN=C(N)N)NS(=O)(=O)c2cccc3c2NCC(C)(C)C3)CC1 | UCB=1.39 | f=0.6094
2025-10-10 14:45:56,580 - INFO - Round 9 done in 33.64s; train size=60
2025-10-10 14:45:56,580 - INFO - 
--- Trial 1, sqrt_beta=1.0, Round 10 (train size=60) ---
f1 shape: (5,)
2025-10-10 14:46:33,677 - INFO - [round 10] pick 1/5: CCOC(=O)c1c(NC(=O)NC(Cc2ccccc2)C(=O)OC)sc2c1CCN(C(C)=O)C2 | UCB=1.433 | f=0.5241
2025-10-10 14:46:33,713 - INFO - [round 10] pick 2/5: CCCC(=O)N1CCC(NS(=O)(=O)c2ccc(NC(=O)c3cc(C)oc3C(F)(F)F)c3ccccc23)CC1 | UCB=1.431 | f=0.508
2025-10-10 14:46:33,797 - INFO - [round 10] pick 3/5: CSCCC(C(=O)NCC(=O)O)N1C(=O)c2cc(NC(C)=O)ccc2NC(=O)C1c1ccccc1 | UCB=1.433 | f=0.5993
2025-10-10 14:46:33,849 - INFO - [round 10] pick 4/5: CCC(NC(=O)C1CCCN1C(=O)C(NC(=O)C(CCCCN)NC(=O)c1cc(O)ccc1O)C(C)CC)C(=O)O | UCB=1.407 | f=0.5911
2025-10-10 14:46:33,887 - INFO - [round 10] pick 5/5: CCC12c3[nH]c4ccc(OC)cc4c3CCN1C(=O)C(CC(=O)NCCC1=CCCCC1)CC2C(=O)N1CCN(C(=O)c2ccco2)CC1 | UCB=1.402 | f=0.5673
2025-10-10 14:46:33,928 - INFO - Round 10 done in 37.35s; train size=65
2025-10-10 14:46:33,928 - INFO - 
--- Trial 1, sqrt_beta=1.0, Round 11 (train size=65) ---
f1 shape: (5,)
2025-10-10 14:47:13,056 - INFO - [round 11] pick 1/5: CCC(C)C(NC(=O)C(Cc1ccccc1)n1c(=O)[nH]c2ccccc2c1=O)C(=O)NCC1CCC(C(=O)O)CC1 | UCB=1.432 | f=0.604
2025-10-10 14:47:13,096 - INFO - [round 11] pick 2/5: CC(C)NC(=O)NCc1cccnc1N1CCN(C(=O)C(Cc2ccc(Cl)cc2Cl)NC(=O)CCN)CC1 | UCB=1.422 | f=0.6022
2025-10-10 14:47:13,137 - INFO - [round 11] pick 3/5: COc1cc2ccc(S(=O)(=O)NC(CCCN=C(N)N)C(=O)N3CCC(c4ccccc4)CC3C(=O)O)cc2cc1OC | UCB=1.429 | f=0.6616
2025-10-10 14:47:13,178 - INFO - [round 11] pick 4/5: CCC(=O)N(c1ccccc1)C1(C(=O)OC)CCN(CCn2nnn(CC(N)=O)c2=O)CC1 | UCB=1.415 | f=0.6302
2025-10-10 14:47:13,221 - INFO - [round 11] pick 5/5: CC(C)CC(C=O)NC(=O)C(CCCNC(N)=N[N+](=O)[O-])NC(=O)C(CCCCCCCCN1C(=O)c2ccccc2C1=O)C1CCCC1 | UCB=1.404 | f=0.6042
2025-10-10 14:47:13,264 - INFO - Round 11 done in 39.34s; train size=70
2025-10-10 14:47:13,264 - INFO - 
--- Trial 1, sqrt_beta=1.0, Round 12 (train size=70) ---
f1 shape: (5,)
2025-10-10 14:47:55,426 - INFO - [round 12] pick 1/5: C=CC(=O)NCCCCC(NC(=O)Cc1ccccc1)C(=O)N1CCN(c2cccc(C)n2)CC1 | UCB=1.437 | f=0.6593
2025-10-10 14:47:55,473 - INFO - [round 12] pick 2/5: O=C(O)c1cc(F)c(CCNC(=O)C(CC(F)F)NC(=O)C2CC(c3ccccc3)CN2C(=O)CC2CCCC2)c(F)c1 | UCB=1.435 | f=0.6051
2025-10-10 14:47:55,522 - INFO - [round 12] pick 3/5: CCC(NC(=O)N1CC(=O)NCC(Cc2cc(Cl)ccc2OC)C1=O)C(=O)NC(C)C(=O)O | UCB=1.411 | f=0.547
2025-10-10 14:47:55,567 - INFO - [round 12] pick 4/5: COc1cc(OC)c(C(=O)CCCCN2CCC3(CC2)NC(=O)NC3=O)cc1NS(=O)(=O)c1ccc(C)cc1 | UCB=1.406 | f=0.6388
2025-10-10 14:47:55,612 - INFO - [round 12] pick 5/5: CC(C)(C)NC(=O)N1CCN(C(=O)N2C(=O)C(CCCN=C(N)N)C2C(=O)O)CC1 | UCB=1.384 | f=0.4975
2025-10-10 14:47:55,660 - INFO - Round 12 done in 42.40s; train size=75
2025-10-10 14:47:55,660 - INFO - 
--- Trial 1, sqrt_beta=1.0, Round 13 (train size=75) ---
f1 shape: (5,)
2025-10-10 14:48:40,629 - INFO - [round 13] pick 1/5: COc1ccc(CC(NC(=O)c2ccccc2)C(=O)CCC(=O)N2CCCC2C(=O)O)cc1OC | UCB=1.442 | f=0.6668
2025-10-10 14:48:40,677 - INFO - [round 13] pick 2/5: Cc1cc(COc2ccc(S(=O)(=O)NCC(C(=O)NO)N3CCN(C(=O)C(C)C)CC3)cc2)c2ccccc2n1 | UCB=1.43 | f=0.6253
2025-10-10 14:48:40,726 - INFO - [round 13] pick 3/5: N=C(N)NCCCC1NC(=O)N(C(CC2CCCCC2)C(=O)N2CCC3(CC2)CC(=O)c2ccccc23)C1=O | UCB=1.409 | f=0.61
2025-10-10 14:48:40,776 - INFO - [round 13] pick 4/5: CCCCCCC1C(=O)NC(C(=O)NC(CCCCN)C(N)=O)Cc2ccc(cc2)OCCCC1C(=O)NO | UCB=1.405 | f=0.5855
2025-10-10 14:48:40,827 - INFO - [round 13] pick 5/5: CCOC(=O)C(CCCCNC(=O)C(C)n1c([N+](=O)[O-])cnc1C)NC(=O)Cn1cc([N+](=O)[O-])nc1C | UCB=1.383 | f=0.5446
2025-10-10 14:48:40,878 - INFO - Round 13 done in 45.22s; train size=80
2025-10-10 14:48:40,878 - INFO - 
--- Trial 1, sqrt_beta=1.0, Round 14 (train size=80) ---
f1 shape: (5,)
2025-10-10 14:49:27,870 - INFO - [round 14] pick 1/5: CCC(C(=O)NC(CC(=O)O)C(=O)CNCN1CCC(Cc2ccccc2)CC1)n1ccnc(NCc2nonc2C)c1=O | UCB=1.445 | f=0.6314
2025-10-10 14:49:27,922 - INFO - [round 14] pick 2/5: CCOC(=O)N1CCN(C(=O)CCC(C(=O)NO)N(Cc2ccc3c(c2)OCO3)S(=O)(=O)c2ccc(OC)cc2)CC1 | UCB=1.438 | f=0.6191
2025-10-10 14:49:27,975 - INFO - [round 14] pick 3/5: NC(=O)C1CCCN1C(=O)C(CCCN=c1c(O)c(O)c1=O)NC(=O)OCC1c2ccccc2-c2ccccc21 | UCB=1.437 | f=0.6361
2025-10-10 14:49:28,029 - INFO - [round 14] pick 4/5: Cc1cc(C)c(NC(=O)CNC(=O)CN2C(=O)NC3(CCCc4ccccc43)C2=O)c(C)c1 | UCB=1.417 | f=0.5915
2025-10-10 14:49:28,083 - INFO - [round 14] pick 5/5: COC(=O)C1(NC(=O)C(CCCCN)NC(=O)C(CC(C)C)NC(=O)C2CCC(=O)N2)CCCCC1 | UCB=1.393 | f=0.5066
2025-10-10 14:49:28,139 - INFO - Round 14 done in 47.26s; train size=85
2025-10-10 14:49:28,140 - INFO - 
--- Trial 1, sqrt_beta=1.0, Round 15 (train size=85) ---
f1 shape: (5,)
2025-10-10 14:50:17,947 - INFO - [round 15] pick 1/5: NC(=O)C1CCCN1C(=O)C(Cc1cn(Cc2ccccc2)c(I)n1)NC(=O)C1CCC(=O)N1 | UCB=1.446 | f=0.5562
2025-10-10 14:50:18,004 - INFO - [round 15] pick 2/5: COc1cc(C(=O)NCC2CCN(C(=O)CCCCC(c3ccccc3)C3CCN(C)CC3)C2)cc(OC)c1OC | UCB=1.44 | f=0.509
2025-10-10 14:50:18,061 - INFO - [round 15] pick 3/5: CNC(=O)C(Cc1ccc(OC)cc1)NC(=O)C1(NC(CCN2C(=O)c3cc4ccccc4cc3C2=O)C(=O)O)CCCCC1 | UCB=1.436 | f=0.6669
2025-10-10 14:50:18,119 - INFO - [round 15] pick 4/5: CCOC(=O)N1CCN(C(=O)C(CC(C)C)NS(=O)(=O)c2ccc3c(c2)oc(=O)n3C)CC1 | UCB=1.422 | f=0.577
2025-10-10 14:50:18,179 - INFO - [round 15] pick 5/5: CCCCC(NC(=O)C=C(C)c1ccc(OP(=O)(O)O)cc1)C(=O)N1CC2CC2C1C(=O)NCCOC(N)=O | UCB=1.412 | f=0.6264
2025-10-10 14:50:18,241 - INFO - Round 15 done in 50.10s; train size=90
2025-10-10 14:50:18,241 - INFO - 
--- Trial 1, sqrt_beta=1.0, Round 16 (train size=90) ---
f1 shape: (5,)
2025-10-10 14:51:10,909 - INFO - [round 16] pick 1/5: CCOC(=O)N1CCC(NC(=O)C(CCc2ccccc2)NC(CCNS(=O)(=O)c2ccc(OC)cc2)C(=O)O)CC1 | UCB=1.449 | f=0.6362
2025-10-10 14:51:10,971 - INFO - [round 16] pick 2/5: Cc1cc(C)cc(CC(=O)N2CCN(c3ccc(C(=O)NC(C(N)=O)C(C)O)cn3)CC2)c1 | UCB=1.434 | f=0.6279
2025-10-10 14:51:11,033 - INFO - [round 16] pick 3/5: CCCC(=O)NC(Cc1ccc(OP(=O)(O)O)cc1)C(=O)NCCCN1CCCNC1=O | UCB=1.437 | f=0.6101
2025-10-10 14:51:11,096 - INFO - [round 16] pick 4/5: CCC1(OC(=O)CNC(=O)CNC(=O)CCC(N)C(=O)O)C(=O)OCc2c1cc1n(c2=O)Cc2cc3ccccc3nc2-1 | UCB=1.425 | f=0.5834
2025-10-10 14:51:11,160 - INFO - [round 16] pick 5/5: COc1ccccc1C1NC(C)(C(=O)N2CCCC2C(=O)NCC2OC(n3ccc(=O)[nH]c3=O)C(O)C2O)C2C(=O)NC(=O)C12 | UCB=1.408 | f=0.5956
2025-10-10 14:51:11,226 - INFO - Round 16 done in 52.99s; train size=95
2025-10-10 14:51:11,226 - INFO - 
--- Trial 1, sqrt_beta=1.0, Round 17 (train size=95) ---
f1 shape: (5,)
2025-10-10 14:52:07,198 - INFO - [round 17] pick 1/5: CCCC(=O)C1(c2ccccc2)CCN(C(=O)C(Cc2ccc(OC)cc2)NC(=O)C(O)Cc2c[nH]cn2)CC1 | UCB=1.45 | f=0.7011
2025-10-10 14:52:07,266 - INFO - [round 17] pick 2/5: CCCCCc1ccc(-c2cc3cn(C4CC(O)C(COC(=O)C(NC(=O)C5CCCN5C(=O)C(N)CC(N)=O)C(C)C)O4)c(=O)nc3o2)cc1 | UCB=1.446 | f=0.6117
2025-10-10 14:52:07,334 - INFO - [round 17] pick 3/5: N=C(N)N1CCCC(CC(NS(=O)(=O)Cc2ccccc2C(=O)O)C(=O)NCC(=O)NC2CCCN(C(=N)N)C2O)C1 | UCB=1.433 | f=0.5963
2025-10-10 14:52:07,402 - INFO - [round 17] pick 4/5: O=C1NC(=O)C(CC(=O)N2CCN(c3cccc(CNC(=O)c4nc5ccccc5c(=O)[nH]4)c3)CC2)N1 | UCB=1.434 | f=0.605
2025-10-10 14:52:07,471 - INFO - [round 17] pick 5/5: Cc1c(CCC(=O)NC(CCCNC(N)=O)C(=O)O)c(=O)oc2cc3oc4c(c3cc12)CCCC4 | UCB=1.412 | f=0.5773
2025-10-10 14:52:07,542 - INFO - Round 17 done in 56.32s; train size=100
2025-10-10 14:52:07,542 - INFO - 
--- Trial 1, sqrt_beta=1.0, Round 18 (train size=100) ---
f1 shape: (5,)
2025-10-10 14:53:06,926 - INFO - [round 18] pick 1/5: CCCC1C(=O)N(C(Cc2ccc3ccccc3c2)C(=O)NC)CCN1C(=O)C(Cc1ccc(F)cc1)NC(=O)C1(N)CCCC1 | UCB=1.449 | f=0.6675
2025-10-10 14:53:06,998 - INFO - [round 18] pick 2/5: COc1ccc(S(=O)(=O)N2Cc3ccccc3CC2C(=O)NC(CCC(=O)O)C(=O)O)cc1OC | UCB=1.445 | f=0.6158
2025-10-10 14:53:07,070 - INFO - [round 18] pick 3/5: CC(NC(=O)CNC(=O)CN)C(=O)N1CCCC1C(=O)N1CCC(c2noc3cc(F)ccc23)CC1 | UCB=1.431 | f=0.5901
2025-10-10 14:53:07,144 - INFO - [round 18] pick 4/5: CCC(C)C(NC(=O)C(O)Cc1ccc(O)cc1)C(=O)N1C(C(=O)NCCCCN=C(N)N)CC2CCC(OS(=O)(=O)O)CC21 | UCB=1.434 | f=0.582
2025-10-10 14:53:07,218 - INFO - [round 18] pick 5/5: CCOC(=O)NC(=O)c1cn(CCN2CCN(c3ncnc4[nH]cnc34)CC2)c(=O)[nH]c1=O | UCB=1.391 | f=0.5496
2025-10-10 14:53:07,296 - INFO - Round 18 done in 59.75s; train size=105
2025-10-10 14:53:07,296 - INFO - 
--- Trial 1, sqrt_beta=1.0, Round 19 (train size=105) ---
f1 shape: (5,)
2025-10-10 14:54:08,131 - INFO - [round 19] pick 1/5: CNC(C)C(=O)NC(CCC(N)=O)C(=O)N1CCCC1C(=O)NC1CCCc2ccccc21 | UCB=1.452 | f=0.6044
2025-10-10 14:54:08,210 - INFO - [round 19] pick 2/5: CCCCc1cc(=O)oc2c(C)c(OCC(=O)N3CCC(C(=O)O)(c4ccccc4)CC3)ccc12 | UCB=1.447 | f=0.669
2025-10-10 14:54:08,289 - INFO - [round 19] pick 3/5: Cc1cc(C(=O)NC(C(=O)CC(Cc2ccc(F)cc2)C(=O)NC(C=CC(=O)N2CCC(F)(F)CC2)CC2CCNC2=O)C(C)C)no1 | UCB=1.445 | f=0.5854
2025-10-10 14:54:08,368 - INFO - [round 19] pick 4/5: CCN(CC)S(=O)(=O)c1ccc2[nH]cc(C(=O)NCCCN3CCN(c4ccc(OC)cc4)CC3)c(=O)c2c1 | UCB=1.433 | f=0.6647
2025-10-10 14:54:08,447 - INFO - [round 19] pick 5/5: Cc1cn(CCCCCCOC(=O)NC(CCCNC(N)=O)C(=O)O)c(=O)[nH]c1=O | UCB=1.394 | f=0.5463
2025-10-10 14:54:08,530 - INFO - Round 19 done in 61.23s; train size=110
2025-10-10 14:54:08,532 - INFO - === Completed Trial ===
