2025-09-30 04:58:36,062 - INFO - 
--- Trial 3, eta0=0.5, Round 0 (train size=10) ---
2025-09-30 04:58:43,681 - INFO - [round 0] pick 1/5: [O-][Cl+]O | UCB+MI=0.3309 | f=0
2025-09-30 04:58:43,682 - INFO - [round 0] pick 2/5: O=S(=O)(O)C(F)(F)C(F)(F)C(F)(F)C(F)(F)C(F)(F)C(F)(F)C(F)(F)C(F)(F)F | UCB+MI=0.3408 | f=0.02078
2025-09-30 04:58:43,683 - INFO - [round 0] pick 3/5: S=C(S)NCNC(=S)S | UCB+MI=0.3515 | f=9.735e-05
2025-09-30 04:58:43,684 - INFO - [round 0] pick 4/5: NC(CO)C(O)CC(O)C(N)CO | UCB+MI=0.3674 | f=0.3715
2025-09-30 04:58:43,685 - INFO - [round 0] pick 5/5: ClC1(Cl)C2(Cl)C3(Cl)C4(Cl)C(Cl)(Cl)C5(Cl)C3(Cl)C1(Cl)C5(Cl)C24Cl | UCB+MI=0.3215 | f=0
2025-09-30 04:58:43,686 - INFO - Round 0 done in 7.62s; train size=15
2025-09-30 04:58:43,686 - INFO - 
--- Trial 3, eta0=0.5, Round 1 (train size=15) ---
2025-09-30 04:58:53,158 - INFO - [round 1] pick 1/5: C=C=C | UCB+MI=0.3194 | f=0
2025-09-30 04:58:53,159 - INFO - [round 1] pick 2/5: NCCCCCCCCCCCC(=O)NC(CCCCN)C(=O)NCCCCCCCCCCCC(=O)NC(CCCCN)C(=O)NCCCCCCCCCCCC(=O)NC(CCCCN)C(=O)O | UCB+MI=0.3811 | f=0.04018
2025-09-30 04:58:53,160 - INFO - [round 1] pick 3/5: OCC1OC(OC2C(CO)OC(SCc3cn(C4OC(CO)C(OC5OC(CO)C(O)C(O)C5O)C(O)C4O)nn3)C(O)C2O)C(O)C(O)C1O | UCB+MI=0.3752 | f=0.4162
2025-09-30 04:58:53,162 - INFO - [round 1] pick 4/5: CN(C)C(=NO)C(=NO)N(C)C | UCB+MI=0.3701 | f=0.1536
2025-09-30 04:58:53,163 - INFO - [round 1] pick 5/5: Nc1nc(-c2nonc2N)no1 | UCB+MI=0.3769 | f=0.1934
2025-09-30 04:58:53,165 - INFO - Round 1 done in 9.48s; train size=20
2025-09-30 04:58:53,165 - INFO - 
--- Trial 3, eta0=0.5, Round 2 (train size=20) ---
2025-09-30 04:59:04,659 - INFO - [round 2] pick 1/5: ClC(Br)Br | UCB+MI=0.3218 | f=0
2025-09-30 04:59:04,661 - INFO - [round 2] pick 2/5: O=COCCOC=O | UCB+MI=0.3665 | f=0.02124
2025-09-30 04:59:04,663 - INFO - [round 2] pick 3/5: CC12CC(C)(OO1)OO2 | UCB+MI=0.3448 | f=0.001573
2025-09-30 04:59:04,665 - INFO - [round 2] pick 4/5: C=C(C=CCC=CCC=CCC=CCC=CCC=CCC)CCC(=O)O | UCB+MI=0.3932 | f=0.001269
2025-09-30 04:59:04,667 - INFO - [round 2] pick 5/5: OC1C=CSC1O | UCB+MI=0.3807 | f=0.004643
2025-09-30 04:59:04,670 - INFO - Round 2 done in 11.50s; train size=25
2025-09-30 04:59:04,670 - INFO - 
--- Trial 3, eta0=0.5, Round 3 (train size=25) ---
2025-09-30 04:59:18,241 - INFO - [round 3] pick 1/5: O=[N+]([O-])N=C1NCCN1 | UCB+MI=0.334 | f=0.1954
2025-09-30 04:59:18,243 - INFO - [round 3] pick 2/5: C[N+]1(CCCC[N+]2(C)CCCCCCC2)CCCCCCC1 | UCB+MI=0.3604 | f=4.838e-07
2025-09-30 04:59:18,246 - INFO - [round 3] pick 3/5: C#CCOc1nc(OCC#C)nc(OCC#C)n1 | UCB+MI=0.408 | f=0.1006
2025-09-30 04:59:18,249 - INFO - [round 3] pick 4/5: N=C(NN=Cc1c(F)c(F)c(F)c(F)c1F)NN=Cc1c(F)c(F)c(F)c(F)c1F | UCB+MI=0.3838 | f=0.1967
2025-09-30 04:59:18,252 - INFO - [round 3] pick 5/5: [N-]=[N+]=NCC1OC(OS(=O)(=O)O)C(OS(=O)(=O)O)C(OS(=O)(=O)O)C1OS(=O)(=O)O | UCB+MI=0.3897 | f=0.2422
2025-09-30 04:59:18,255 - INFO - Round 3 done in 13.59s; train size=30
2025-09-30 04:59:18,255 - INFO - 
--- Trial 3, eta0=0.5, Round 4 (train size=30) ---
2025-09-30 04:59:33,930 - INFO - [round 4] pick 1/5: O=c1sc2c(s1)SSSSS2 | UCB+MI=0.353 | f=3.006e-05
2025-09-30 04:59:33,934 - INFO - [round 4] pick 2/5: CCSC(=N)N | UCB+MI=0.3701 | f=0.009468
2025-09-30 04:59:33,937 - INFO - [round 4] pick 3/5: c1cocn1 | UCB+MI=0.3538 | f=0.0002193
2025-09-30 04:59:33,941 - INFO - [round 4] pick 4/5: O=C1OC2(c3cc(I)c(O)c(I)c3Oc3c2cc(I)c(O)c3I)c2c(Cl)c(Cl)c(Cl)c(Cl)c21 | UCB+MI=0.417 | f=0.007399
2025-09-30 04:59:33,945 - INFO - [round 4] pick 5/5: COC1C(C)C(C(C)C2OC3(CCC(C)(C4CCC(C)(C5OC(C6OC(C)(O)C(C)CC6C)CC5C)O4)O3)CC(O)C2C)OC(O)(C(C)C(=O)O)C1C | UCB+MI=0.4173 | f=0.336
2025-09-30 04:59:33,949 - INFO - Round 4 done in 15.69s; train size=35
2025-09-30 04:59:33,949 - INFO - 
--- Trial 3, eta0=0.5, Round 5 (train size=35) ---
2025-09-30 04:59:51,849 - INFO - [round 5] pick 1/5: C[Si]1(C)N[Si](C)(C)N[Si](C)(C)N1 | UCB+MI=0.3396 | f=0.001055
2025-09-30 04:59:51,853 - INFO - [round 5] pick 2/5: N#CCN(CC#N)C1CC=CCC1N(CC#N)CC#N | UCB+MI=0.3736 | f=0.4277
2025-09-30 04:59:51,858 - INFO - [round 5] pick 3/5: O=C(O)c1nn[nH]c1S | UCB+MI=0.4179 | f=0.2135
2025-09-30 04:59:51,863 - INFO - [round 5] pick 4/5: CCC(=O)OC(C(C)=CC(C)c1oc(CC)c(C)c(=O)c1C)C(C)C(OC(=O)CC(C)C)C(C)c1oc(C(C)C(CC)OC(C)=O)c(C)c(=O)c1C | UCB+MI=0.4386 | f=0.01303
2025-09-30 04:59:51,868 - INFO - [round 5] pick 5/5: O=C(CC12CC3CC(CC(C3)C1)C2)N1CCOCCOCCN(C(=O)CC23CC4CC(CC(C4)C2)C3)CCOCCOCC1 | UCB+MI=0.3874 | f=0.2844
2025-09-30 04:59:51,874 - INFO - Round 5 done in 17.93s; train size=40
2025-09-30 04:59:51,874 - INFO - 
--- Trial 3, eta0=0.5, Round 6 (train size=40) ---
2025-09-30 05:00:12,774 - INFO - [round 6] pick 1/5: FS(F)(F)(F)(F)F | UCB+MI=0.3308 | f=0
2025-09-30 05:00:12,780 - INFO - [round 6] pick 2/5: NCCC1CN=CN1 | UCB+MI=0.3974 | f=0.02108
2025-09-30 05:00:12,786 - INFO - [round 6] pick 3/5: O=P1(N(CCCl)CCCl)OCCCN1O | UCB+MI=0.4146 | f=0.04022
2025-09-30 05:00:12,793 - INFO - [round 6] pick 4/5: Nc1ncnc2c1ncn2CCOCP(=O)(O)OCCOCCOCCOCCOCCOCCO | UCB+MI=0.4272 | f=0.4773
2025-09-30 05:00:12,799 - INFO - [round 6] pick 5/5: CC(C)C=NN1C(N)=C(C#N)C(C#N)(C#N)C1C(C)C | UCB+MI=0.4165 | f=0.3234
2025-09-30 05:00:12,806 - INFO - Round 6 done in 20.93s; train size=45
2025-09-30 05:00:12,806 - INFO - 
--- Trial 3, eta0=0.5, Round 7 (train size=45) ---
2025-09-30 05:00:35,408 - INFO - [round 7] pick 1/5: ClC1C(Cl)C(Cl)C(Cl)C(Cl)C1Cl | UCB+MI=0.3397 | f=0
2025-09-30 05:00:35,416 - INFO - [round 7] pick 2/5: c1c2n[nH]c1CNCCN1CCNCc3cc(n[nH]3)CNCCN(CCNC2)CCNCc2cc([nH]n2)CNCC1 | UCB+MI=0.4011 | f=0.5255
2025-09-30 05:00:35,423 - INFO - [round 7] pick 3/5: N#CCCCCSP(=O)(O)OP(=O)(O)O | UCB+MI=0.4498 | f=0.3395
2025-09-30 05:00:35,431 - INFO - [round 7] pick 4/5: CNP1(NC)=NP(NC)(NC)=NP(NC)(N2CC2)=N1 | UCB+MI=0.3712 | f=0.1819
2025-09-30 05:00:35,439 - INFO - [round 7] pick 5/5: CC(Cc1ccc(OCc2cn(CCO)nn2)c(OCc2cn(CCO)nn2)c1)C(C)Cc1ccc(OCc2cn(CCO)nn2)c(OCc2cn(CCO)nn2)c1 | UCB+MI=0.4874 | f=0.6054
2025-09-30 05:00:35,448 - INFO - Round 7 done in 22.64s; train size=50
2025-09-30 05:00:35,448 - INFO - 
--- Trial 3, eta0=0.5, Round 8 (train size=50) ---
2025-09-30 05:01:01,118 - INFO - [round 8] pick 1/5: C1CSCCS1 | UCB+MI=0.3261 | f=3.466e-07
2025-09-30 05:01:01,127 - INFO - [round 8] pick 2/5: OCCN1CN(c2nc(N3CN(CCO)C3)nc(N3CN(CCO)C3)n2)C1 | UCB+MI=0.519 | f=0.4478
2025-09-30 05:01:01,136 - INFO - [round 8] pick 3/5: C=CC(O)C#CC#CC(O)C(C)O | UCB+MI=0.4239 | f=0.05444
2025-09-30 05:01:01,148 - INFO - [round 8] pick 4/5: O=C(CC1(O)C2C3CC4C5C3C1C5C(O)(CC(=O)NC(Cc1c[nH]cn1)C(=O)O)C42)NC(Cc1c[nH]cn1)C(=O)O | UCB+MI=0.5182 | f=0.5243
2025-09-30 05:01:01,161 - INFO - [round 8] pick 5/5: Cc1nnc(Sc2nc(C#N)c(C#N)nc2Sc2nnc(C)s2)s1 | UCB+MI=0.4486 | f=0.218
2025-09-30 05:01:01,172 - INFO - Round 8 done in 25.72s; train size=55
2025-09-30 05:01:01,172 - INFO - 
--- Trial 3, eta0=0.5, Round 9 (train size=55) ---
2025-09-30 05:01:28,373 - INFO - [round 9] pick 1/5: NS(N)(=O)=O | UCB+MI=0.3551 | f=0
2025-09-30 05:01:28,383 - INFO - [round 9] pick 2/5: CC(=NNC(=N)N)c1cc(C(C)=NNC(=N)N)cc(C(C)=NNC(=N)N)c1 | UCB+MI=0.437 | f=0.396
2025-09-30 05:01:28,395 - INFO - [round 9] pick 3/5: OC1=NC(=Cc2cnn3c(=NC4CC4)[nH]c(=NCC(F)F)[nH]c23)C(O)=N1 | UCB+MI=0.4961 | f=0.4923
2025-09-30 05:01:28,406 - INFO - [round 9] pick 4/5: C=C(CNCCO)C1CCC2(CO)CCC3(C)C(CCC4C5(C)CCC(NCCO)C(C)(C)C5CCC43C)C12 | UCB+MI=0.5065 | f=0.391
2025-09-30 05:01:28,418 - INFO - [round 9] pick 5/5: N=c1c2ncn3c2ncn1C1OC(COP(=O)(O)OP(=O)(O)OCC2OC3C(OP(=O)(O)O)C2O)C(O)C1O | UCB+MI=0.524 | f=0.4164
2025-09-30 05:01:28,431 - INFO - Round 9 done in 27.26s; train size=60
2025-09-30 05:01:28,431 - INFO - 
--- Trial 3, eta0=0.5, Round 10 (train size=60) ---
2025-09-30 05:01:58,845 - INFO - [round 10] pick 1/5: O=S1(=O)OCCOS(=O)(=O)C1(F)Br | UCB+MI=0.3657 | f=0.2077
2025-09-30 05:01:58,858 - INFO - [round 10] pick 2/5: Cn1c(COP(=O)(NCCBr)NCCBr)cnc1[N+](=O)[O-] | UCB+MI=0.4953 | f=0.4318
2025-09-30 05:01:58,872 - INFO - [round 10] pick 3/5: N=C(N)NCCCC1NC(=O)C(CO)NC(=O)C[S+]([O-])CC(C(=O)O)NC(=O)C(CC(=O)O)NC(=O)CNC1=O | UCB+MI=0.546 | f=0.4789
2025-09-30 05:01:58,886 - INFO - [round 10] pick 4/5: OCCN(CCO)c1nc(NCc2ccc3c(c2)OCO3)c2nc(N(CCO)CCO)nc(NCc3ccc4c(c3)OCO4)c2n1 | UCB+MI=0.5861 | f=0.5359
2025-09-30 05:01:58,900 - INFO - [round 10] pick 5/5: Oc1cnnc(NN=CC2CC=CCC2)n1 | UCB+MI=0.518 | f=0.4014
2025-09-30 05:01:58,915 - INFO - Round 10 done in 30.48s; train size=65
2025-09-30 05:01:58,915 - INFO - 
--- Trial 3, eta0=0.5, Round 11 (train size=65) ---
2025-09-30 05:02:31,242 - INFO - [round 11] pick 1/5: CN1C=C(Br)N(O)N1 | UCB+MI=0.4116 | f=0.002487
2025-09-30 05:02:31,258 - INFO - [round 11] pick 2/5: O=[N+]([O-])C1=C(O)CCCC1=NCCCCCCN=C1CCCC(O)=C1[N+](=O)[O-] | UCB+MI=0.5485 | f=0.5358
2025-09-30 05:02:31,274 - INFO - [round 11] pick 3/5: Nc1nc(C(=NOCCSc2nnc(-c3cc(O)c(O)cn3)o2)C(=O)NC2C(=O)N3C(C(=O)O)=C(CSc4cnns4)CSC23)cs1 | UCB+MI=0.6041 | f=0.5061
2025-09-30 05:02:31,290 - INFO - [round 11] pick 4/5: CC(C)=CCCC1(CO)OC1CCC1(CO)OC1CCc1ccoc1 | UCB+MI=0.5419 | f=0.501
2025-09-30 05:02:31,308 - INFO - [round 11] pick 5/5: N=C1N=C(S)C2N=CN(C3CC(O)C(CO)O3)C2=N1 | UCB+MI=0.56 | f=0.4441
2025-09-30 05:02:31,325 - INFO - Round 11 done in 32.41s; train size=70
2025-09-30 05:02:31,325 - INFO - 
--- Trial 3, eta0=0.5, Round 12 (train size=70) ---
2025-09-30 05:03:07,821 - INFO - [round 12] pick 1/5: CN=C(NC)SCc1c(Br)c(Br)c(Br)c(Br)c1Br | UCB+MI=0.4655 | f=0.0001201
2025-09-30 05:03:07,840 - INFO - [round 12] pick 2/5: CCNCC1CC1CNCCCCNCC1CC1CNCC | UCB+MI=0.4997 | f=0.02297
2025-09-30 05:03:07,859 - INFO - [round 12] pick 3/5: O=C1COc2ccc(CNC34CCC(CC5(O)CN6C(=O)CCc7ncc(F)c5c76)(CC3)OC4)nc2N1 | UCB+MI=0.603 | f=0.58
2025-09-30 05:03:07,879 - INFO - [round 12] pick 4/5: CC(C)(O)C(F)CN=C(O)c1cnc(-n2ncc3cc(C#N)cnc32)cc1NCCN=C(O)OC(C)(C)C(F)(F)F | UCB+MI=0.6214 | f=0.5422
2025-09-30 05:03:07,899 - INFO - [round 12] pick 5/5: O=C(NC(CO)C(=O)O)c1nc(NCC(O)CO)c(C(=O)NC(CO)C(=O)O)nc1NCC(O)CO | UCB+MI=0.6608 | f=0.4725
2025-09-30 05:03:07,920 - INFO - Round 12 done in 36.59s; train size=75
2025-09-30 05:03:07,920 - INFO - 
--- Trial 3, eta0=0.5, Round 13 (train size=75) ---
2025-09-30 05:03:45,357 - INFO - [round 13] pick 1/5: FC(Cl)(Cl)Cl | UCB+MI=0.3061 | f=0
2025-09-30 05:03:45,379 - INFO - [round 13] pick 2/5: [O-][n+]1nc(NCCCN2CCOCC2)[n+]([O-])c2cc3c(cc21)CCO3 | UCB+MI=0.5828 | f=0.5985
2025-09-30 05:03:45,401 - INFO - [round 13] pick 3/5: COCCC(CCOC)c1cc2cc3nc(cc4[nH]c(cc5nc(cc1[nH]2)C(C)(C)C5)cc4C(CCOC)CCOC)C(C)(C)C3 | UCB+MI=0.5905 | f=0.06395
2025-09-30 05:03:45,423 - INFO - [round 13] pick 4/5: CC1(C#N)C(O)C(COP(=O)(O)OP(=O)(O)OP(=O)(O)O)OC1(C#N)c1cnc2c(=N)nc[nH]n12 | UCB+MI=0.6424 | f=0.4148
2025-09-30 05:03:45,446 - INFO - [round 13] pick 5/5: NS(=O)(=O)c1ccc(NC(=O)CN(CCN(CCN(CC(=O)O)CC(=O)O)CC(=O)O)CC(=O)O)c(F)c1 | UCB+MI=0.6221 | f=0.5676
2025-09-30 05:03:45,470 - INFO - Round 13 done in 37.55s; train size=80
2025-09-30 05:03:45,470 - INFO - 
--- Trial 3, eta0=0.5, Round 14 (train size=80) ---
2025-09-30 05:04:26,851 - INFO - [round 14] pick 1/5: [N-]=[N+]=NCC1=CC=C(CCl)SS1 | UCB+MI=0.4326 | f=0.01761
2025-09-30 05:04:26,876 - INFO - [round 14] pick 2/5: C=C1CCOC2(C(O)C(C)(O)CO)NC(=O)C1(NO)NC2=O | UCB+MI=0.5717 | f=0.468
2025-09-30 05:04:26,901 - INFO - [round 14] pick 3/5: C#CCOCCOCCOCCNc1nc(N2CCN(C(=O)Cn3cc(CC(C)O)nn3)CC2)nc(N2CCN(C(=O)C(C(C)CC)n3cc(CCCN=C(N)N)nn3)CC2)n1 | UCB+MI=0.6607 | f=0.5115
2025-09-30 05:04:26,927 - INFO - [round 14] pick 4/5: O=C(O)CNCc1cc([N+](=O)[O-])cc2nc(O)c(O)nc12 | UCB+MI=0.7037 | f=0.4894
2025-09-30 05:04:26,954 - INFO - [round 14] pick 5/5: FC(F)(F)CN(CC1CC1)CC1CCC(c2nnn3cnc4[nH]ccc4c23)CC1 | UCB+MI=0.6096 | f=0.1615
2025-09-30 05:04:26,981 - INFO - Round 14 done in 41.51s; train size=85
2025-09-30 05:04:26,981 - INFO - 
--- Trial 3, eta0=0.5, Round 15 (train size=85) ---
2025-09-30 05:05:11,333 - INFO - [round 15] pick 1/5: C=CCSSCC=C | UCB+MI=0.3496 | f=2.996e-07
2025-09-30 05:05:11,362 - INFO - [round 15] pick 2/5: [O-][n+]1onc2c1CCC1N(O)CCC21O | UCB+MI=0.5446 | f=0.454
2025-09-30 05:05:11,391 - INFO - [round 15] pick 3/5: CC(=Cc1cc(F)c(OCCCF)cc1F)C(=O)NC1C(O)C(O)C2OCOC2C1OCCCF | UCB+MI=0.6368 | f=0.5843
2025-09-30 05:05:11,420 - INFO - [round 15] pick 4/5: CN(C)CC1(O)CCN(c2cc(=NC(=O)N3CCCc4cc(CO)c(C=O)nc43)[nH]cc2C#N)CC1 | UCB+MI=0.6975 | f=0.5974
2025-09-30 05:05:11,450 - INFO - [round 15] pick 5/5: O=c1c2ccc3c(=O)n(CCCCCO)c(=O)c4c(NCCCCCO)cc(c(=O)n1CCCCCO)c2c34 | UCB+MI=0.6615 | f=0.6003
2025-09-30 05:05:11,481 - INFO - Round 15 done in 44.50s; train size=90
2025-09-30 05:05:11,481 - INFO - 
--- Trial 3, eta0=0.5, Round 16 (train size=90) ---
2025-09-30 05:05:59,812 - INFO - [round 16] pick 1/5: C#CCO | UCB+MI=0.3928 | f=0
2025-09-30 05:05:59,844 - INFO - [round 16] pick 2/5: O=C1C2=C3C4=[N+](CCc5c[nH]c1c54)C1C(O)CC(=O)C3(CC(O)N2)C1O | UCB+MI=0.6072 | f=0.5079
2025-09-30 05:05:59,877 - INFO - [round 16] pick 3/5: CCCNc1nc(N)nc2c1ncn2C=C1CC1(CO)CO | UCB+MI=0.693 | f=0.5005
2025-09-30 05:05:59,910 - INFO - [round 16] pick 4/5: O=C(O)CNC(Cc1ccc([N+](=O)[O-])cc1)CN1CCN(CC(=O)O)CCN(CC(=O)O)CC1 | UCB+MI=0.7238 | f=0.6487
2025-09-30 05:05:59,944 - INFO - [round 16] pick 5/5: Cc1cc(C(C)(O)C#Cc2ccc3c(c2)-c2nc(C(=N)O)c(C(O)=NC4CCOC4)n2CCO3)no1 | UCB+MI=0.6906 | f=0.5616
2025-09-30 05:05:59,979 - INFO - Round 16 done in 48.50s; train size=95
2025-09-30 05:05:59,979 - INFO - 
--- Trial 3, eta0=0.5, Round 17 (train size=95) ---
2025-09-30 05:06:49,332 - INFO - [round 17] pick 1/5: C=C1CC(N)C(C(=O)NO)C1 | UCB+MI=0.5043 | f=0.2348
2025-09-30 05:06:49,368 - INFO - [round 17] pick 2/5: CC(=O)NCCCCC1NC(=O)c2coc(n2)-c2coc(n2)-c2coc(n2)C(C(C)C)NC(=O)c2coc(n2)-c2coc(n2)-c2coc1n2 | UCB+MI=0.6004 | f=0.4782
2025-09-30 05:06:49,405 - INFO - [round 17] pick 3/5: OC(=NCCN1CCCCC1)c1cc(Cc2nnc(O)c3c2NCCC3)ccc1F | UCB+MI=0.7261 | f=0.6397
2025-09-30 05:06:49,442 - INFO - [round 17] pick 4/5: Cc1cn(C2CC(OP(=O)(O)OCC3OC(n4c[n+]([BH2-]C#N)c5c(=O)[nH]c(N)nc54)CC3O)C(CO)O2)c(=O)[nH]c1=O | UCB+MI=0.6995 | f=0.5009
2025-09-30 05:06:49,481 - INFO - [round 17] pick 5/5: CC(C)(C)[N+]([O-])=CC1=CCC(C(=O)NCC(O)NC(CO)(CO)CO)C=C1 | UCB+MI=0.6579 | f=0.5544
2025-09-30 05:06:49,520 - INFO - Round 17 done in 49.54s; train size=100
2025-09-30 05:06:49,520 - INFO - 
--- Trial 3, eta0=0.5, Round 18 (train size=100) ---
2025-09-30 05:07:41,844 - INFO - [round 18] pick 1/5: OCc1ccc2cc1OCC#CC=CC#CCO2 | UCB+MI=0.5539 | f=0.005812
2025-09-30 05:07:41,885 - INFO - [round 18] pick 2/5: NC(=O)c1nc(C#CC2(O)CCCCC2)n(COCCO)n1 | UCB+MI=0.6866 | f=0.494
2025-09-30 05:07:41,926 - INFO - [round 18] pick 3/5: CC(=O)NC1C(O)CC(Oc2ccc(-n3cc(CSc4nnc(C(C)(C)C)[nH]4)nn3)cc2C(F)F)(C(=O)O)OC1C(O)C(O)CO | UCB+MI=0.7674 | f=0.5358
2025-09-30 05:07:41,968 - INFO - [round 18] pick 4/5: Cc1ncc(CO)c(C=NCCCCCCN=Cc2c(CO)cnc(C)c2O)c1O | UCB+MI=0.7015 | f=0.6353
2025-09-30 05:07:42,010 - INFO - [round 18] pick 5/5: Nc1nc2ncc(CNCCN3CCC(SCC4OC(n5cnc6c(N)ncnc65)C(O)C4O)CC3)nc2c(=O)[nH]1 | UCB+MI=0.7504 | f=0.5892
2025-09-30 05:07:42,054 - INFO - Round 18 done in 52.53s; train size=105
2025-09-30 05:07:42,054 - INFO - 
--- Trial 3, eta0=0.5, Round 19 (train size=105) ---
2025-09-30 05:08:38,749 - INFO - [round 19] pick 1/5: c1ncn(C23C4C5C6C4C2C6C53)n1 | UCB+MI=0.4668 | f=0.0008991
2025-09-30 05:08:38,795 - INFO - [round 19] pick 2/5: COC1=C(Br)C(O)C2(C=C1Br)CC(C(=O)NCCc1[nH]c(=N)[nH]c1-c1cc(O)c3[nH]cc(O)c(=O)c3c1O)=NO2 | UCB+MI=0.6883 | f=0.544
2025-09-30 05:08:38,841 - INFO - [round 19] pick 3/5: Nc1cc(F)ccc1N=C(O)CCCCCN=C(O)CN1CCOCC1 | UCB+MI=0.7578 | f=0.5964
2025-09-30 05:08:38,887 - INFO - [round 19] pick 4/5: Cc1nn(C)c(C)c1-c1cn2ncc(C(=N)O)c(NC3CN(C(=O)C4(C#N)CC4)CC3C)c2n1 | UCB+MI=0.7105 | f=0.538
2025-09-30 05:08:38,935 - INFO - [round 19] pick 5/5: CN(CCCC(O)(P(=O)(O)O)P(=O)(O)O)Cc1no[n+]([O-])c1C(N)=O | UCB+MI=0.6713 | f=0.4714
2025-09-30 05:08:38,983 - INFO - Round 19 done in 56.93s; train size=110
2025-09-30 05:08:38,983 - INFO - 
--- Trial 3, eta0=0.5, Round 20 (train size=110) ---
2025-09-30 05:09:37,429 - INFO - [round 20] pick 1/5: CC(C)=CCCC(C)=CCCC(C)=CCCC(C)=CCCC(C)=CCCC(C)=CCCC(C)=CCc1cc(O)ccc1O | UCB+MI=0.5724 | f=1.604e-08
2025-09-30 05:09:37,479 - INFO - [round 20] pick 2/5: CC1CN2c3c(cc4c(N5C(=O)OCC5C(O)CO)noc4c3F)CC3(C(O)=NC(=O)N=C3O)C2C(C)O1 | UCB+MI=0.7208 | f=0.518
2025-09-30 05:09:37,530 - INFO - [round 20] pick 3/5: O=C(CCCCCCNC(=O)c1cnc(N2CCNCC2)nc1)NO | UCB+MI=0.7693 | f=0.5553
2025-09-30 05:09:37,581 - INFO - [round 20] pick 4/5: NC(CCO)C(O)=NCC1CCc2c(sc3ncnc(Nc4ccc5nc(O)sc5c4)c23)C1 | UCB+MI=0.7468 | f=0.5954
2025-09-30 05:09:37,634 - INFO - [round 20] pick 5/5: CC12C=CC(=O)C=C1CCC1C2C(O)CC2(C)C1CCC2(O)C(=O)COC(=O)CN1CCC(CCO[N+](=O)[O-])CC1 | UCB+MI=0.7172 | f=0.6356
2025-09-30 05:09:37,688 - INFO - Round 20 done in 58.70s; train size=115
2025-09-30 05:09:37,688 - INFO - 
--- Trial 3, eta0=0.5, Round 21 (train size=115) ---
2025-09-30 05:10:37,789 - INFO - [round 21] pick 1/5: O=Cc1ccccc1OP12=NP(Oc3ccccc3C=O)(Oc3ccccc3C=O)=NP(NCCNc3cccc4c3C(=O)c3ccccc3C4=O)(=N1)OCCOCCOCCOCCO2 | UCB+MI=0.5796 | f=0.007085
2025-09-30 05:10:37,845 - INFO - [round 21] pick 2/5: COC12C(COC(N)=O)c3c(O)c(N=C4C=CC(=NCC(=O)O)C=C4)c(C)c(O)c3N1CC1NC12 | UCB+MI=0.7248 | f=0.5735
2025-09-30 05:10:37,901 - INFO - [round 21] pick 3/5: O=C(C1CCCCO1)N1CCc2ncnc(NCCO)c2CC1 | UCB+MI=0.7454 | f=0.5317
2025-09-30 05:10:37,959 - INFO - [round 21] pick 4/5: NC(CCCCNc1ccn(C2OC(CO)C(O)C2O)c(=O)n1)C(=O)O | UCB+MI=0.8196 | f=0.5252
2025-09-30 05:10:38,017 - INFO - [round 21] pick 5/5: CC(C)(CCO)c1cc2cc(NC(=O)C3(c4ccc5c(c4)OC(F)(F)O5)CC3)c(F)cc2n1CC(O)CO | UCB+MI=0.7735 | f=0.6377
2025-09-30 05:10:38,076 - INFO - Round 21 done in 60.39s; train size=120
2025-09-30 05:10:38,076 - INFO - 
--- Trial 3, eta0=0.5, Round 22 (train size=120) ---
2025-09-30 05:11:40,511 - INFO - [round 22] pick 1/5: COC(=O)C1(O)C=CCCC12OC1(O)CCC=CC1(C(=O)OC)O2 | UCB+MI=0.6142 | f=0.5455
2025-09-30 05:11:40,572 - INFO - [round 22] pick 2/5: O=c1[nH]cnc2c(CN(CCO)C(CO)CO)c[nH]c12 | UCB+MI=0.7069 | f=0.5506
2025-09-30 05:11:40,755 - INFO - [round 22] pick 3/5: CC(C)N1CCCC1C(=O)Nc1cc(F)c2c(c1O)C(=O)C1=C(O)C3(O)C(=O)C(C(N)=O)=C(O)C(N(C)C)C3CC1C2 | UCB+MI=0.7618 | f=0.5372
2025-09-30 05:11:40,819 - INFO - [round 22] pick 4/5: N#Cc1cc(Cl)cc(COC(=O)N2CCC(N=C(O)CCCc3cnn[nH]3)CC2)c1 | UCB+MI=0.7574 | f=0.6048
2025-09-30 05:11:40,883 - INFO - [round 22] pick 5/5: OCC1C(O)C(O)C(O)CN1CCCCCCCCCCn1cc(COCC23CC4CC(CC(C4)C2)C3)nn1 | UCB+MI=0.7089 | f=0.5312
2025-09-30 05:11:40,948 - INFO - Round 22 done in 62.87s; train size=125
2025-09-30 05:11:40,948 - INFO - 
--- Trial 3, eta0=0.5, Round 23 (train size=125) ---
2025-09-30 05:12:49,415 - INFO - [round 23] pick 1/5: CC1CC2CSC(=N)NC2(c2nc(N=C(O)c3coc(C(F)F)n3)cs2)CO1 | UCB+MI=0.6353 | f=0.5048
2025-09-30 05:12:49,482 - INFO - [round 23] pick 2/5: CC1(C)CN1P(=O)(NC(=O)OCCN=C1C(O)=C(Cl)C(=NCCOC(=O)NP(=O)(N2CC2(C)C)N2CC2(C)C)C(O)=C1Cl)N1CC1(C)C | UCB+MI=0.678 | f=0.3631
2025-09-30 05:12:49,550 - INFO - [round 23] pick 3/5: O=C(C(CO)CO)N1CC=C(c2c(F)cc(N3CC(COc4ccon4)OC3=O)cc2F)CC1 | UCB+MI=0.8054 | f=0.5964
2025-09-30 05:12:49,619 - INFO - [round 23] pick 4/5: CC(O)C1C(=O)N2C(C(=O)O)=C(SCCc3cn(CCCCC(=O)O)nn3)C(C)C12 | UCB+MI=0.7905 | f=0.5271
2025-09-30 05:12:49,689 - INFO - [round 23] pick 5/5: N=C(N)N1CCC23c4c5ccc(O)c4OC2c2[nH]c4c(c2CC3(O)C1C5)CC1(O)C2Cc3ccc(O)c5c3C1(CCN2CC1CC1)C4O5 | UCB+MI=0.6992 | f=0.5904
2025-09-30 05:12:49,760 - INFO - Round 23 done in 68.81s; train size=130
2025-09-30 05:12:49,761 - INFO - 
--- Trial 3, eta0=0.5, Round 24 (train size=130) ---
2025-09-30 05:14:00,540 - INFO - [round 24] pick 1/5: N=C(N)Nc1nc(CSCCNC2=NS(=O)(=O)c3cscc32)cs1 | UCB+MI=0.6338 | f=0.437
2025-09-30 05:14:00,613 - INFO - [round 24] pick 2/5: CC1(C)CCC2CC(=O)OC(CO)CC(=O)OC3CC(CCCCc4cc(O)c(Br)cc4Br)OC1(C3)O2 | UCB+MI=0.7581 | f=0.4423
2025-09-30 05:14:00,687 - INFO - [round 24] pick 3/5: NC(CO)c1nnc(C(CC(=O)O)NC(=O)C2CCNCC2)o1 | UCB+MI=0.7454 | f=0.5003
2025-09-30 05:14:00,762 - INFO - [round 24] pick 4/5: N=C(O)N1CCCc2c1ncc(-c1cncc(C3(O)CCOCC3)c1)c2F | UCB+MI=0.7723 | f=0.6338
2025-09-30 05:14:00,838 - INFO - [round 24] pick 5/5: O=C(C1CSC(c2ncccc2O)=N1)N(O)CCOCCOCCN(O)C(=O)C1CSC(c2ncccc2O)=N1 | UCB+MI=0.7236 | f=0.6091
2025-09-30 05:14:00,915 - INFO - Round 24 done in 71.15s; train size=135
2025-09-30 05:14:00,915 - INFO - 
--- Trial 3, eta0=0.5, Round 25 (train size=135) ---
2025-09-30 05:15:11,863 - INFO - [round 25] pick 1/5: CCCCc1c2c(nc3c1CCc1cc4cc5c(nc4nc1-3)-c1nc3c(c(CCCC)c1CC5)CCCC3)CCCC2 | UCB+MI=0.64 | f=0.001791
2025-09-30 05:15:11,942 - INFO - [round 25] pick 2/5: N=C(O)C12CC3CC(C1)C(N=C(O)C1(CNS(=O)(=O)c4cc(Cl)c(Cl)cc4F)CC1)C(C3)C2 | UCB+MI=0.7326 | f=0.4703
2025-09-30 05:15:12,021 - INFO - [round 25] pick 3/5: O=C(Cc1csc(N2CCOCC2)n1)NN=Cc1ccc(O)c(O)c1O | UCB+MI=0.7946 | f=0.5789
2025-09-30 05:15:12,102 - INFO - [round 25] pick 4/5: CC1(O)C(O)C(CO)OC1n1cnc2c1NCN=C2NCCO | UCB+MI=0.7661 | f=0.5113
2025-09-30 05:15:12,185 - INFO - [round 25] pick 5/5: COC(=O)CC(O)(CCCCC(C)C)C(=O)OC1C(OC)=CC23CCCN2CCc2cc4c(cc2C13)OCO4 | UCB+MI=0.7851 | f=0.6279
2025-09-30 05:15:12,268 - INFO - Round 25 done in 71.35s; train size=140
2025-09-30 05:15:12,268 - INFO - 
--- Trial 3, eta0=0.5, Round 26 (train size=140) ---
2025-09-30 05:16:28,797 - INFO - [round 26] pick 1/5: Nc1nc2c(c(=O)[nH]1)NC1C(N2)OC2COP(=O)(O)OC2C1(O)O | UCB+MI=0.6566 | f=0.3815
2025-09-30 05:16:28,883 - INFO - [round 26] pick 2/5: CCc1cc(CCC(=O)c2scc3c2CCC(C)(C)C3)cc(C)c1OCC(O)CNC(=O)CO | UCB+MI=0.7905 | f=0.605
2025-09-30 05:16:28,970 - INFO - [round 26] pick 3/5: O=C(O)COc1ccc(Nc2ncc3nnn(C45CC6CC(CC(O)(C6)C4)C5)c3n2)cc1 | UCB+MI=0.7764 | f=0.6031
2025-09-30 05:16:29,059 - INFO - [round 26] pick 4/5: N=C(O)c1nn(CC(=O)N2C(C(O)=NCCC(F)(F)F)CC3CC32)c2cnccc12 | UCB+MI=0.7362 | f=0.5755
2025-09-30 05:16:29,150 - INFO - [round 26] pick 5/5: CCCc1nn(C)c2c(=O)[nH]c(-c3cc(S(=O)(=O)N4CCN(CCO)CC4)cc4c3OCCO4)nc12 | UCB+MI=0.7743 | f=0.5477
2025-09-30 05:16:29,243 - INFO - Round 26 done in 76.97s; train size=145
2025-09-30 05:16:29,243 - INFO - 
--- Trial 3, eta0=0.5, Round 27 (train size=145) ---
2025-09-30 05:17:47,690 - INFO - [round 27] pick 1/5: C=CCNC(=O)N(CC=C)C(=O)N(CC=C)C(=O)OC1CCC(C)=CC2OC(=O)C(C)=C2CCC(C)=CCCC1=C | UCB+MI=0.6571 | f=0.1968
2025-09-30 05:17:47,783 - INFO - [round 27] pick 2/5: O=C(c1ccc(Cn2cc([N+](=O)[O-])cn2)o1)N1N=C(C(F)F)CC1(O)C(F)F | UCB+MI=0.7078 | f=0.4906
2025-09-30 05:17:47,876 - INFO - [round 27] pick 3/5: CC(O)(C#Cc1cc2c(cc1F)C1CC(C1)n1c-2nc(C(N)=O)c1-c1nc(C2CC2)n[nH]1)CO | UCB+MI=0.7759 | f=0.5348
2025-09-30 05:17:47,970 - INFO - [round 27] pick 4/5: COCC(=O)NCC1(COc2cnccn2)CC(O)C(O)C1 | UCB+MI=0.749 | f=0.488
2025-09-30 05:17:48,066 - INFO - [round 27] pick 5/5: NCCNc1ccc2c3c(nn2CCNCCO)-c2c(O)ccc(O)c2C(=O)c13 | UCB+MI=0.7602 | f=0.6071
2025-09-30 05:17:48,164 - INFO - Round 27 done in 78.92s; train size=150
2025-09-30 05:17:48,164 - INFO - 
--- Trial 3, eta0=0.5, Round 28 (train size=150) ---
2025-09-30 05:19:06,977 - INFO - [round 28] pick 1/5: CC#CCn1nnc2cc3c(=O)n(C(C)Cn4ncnn4)nnc3cc2c1=O | UCB+MI=0.6372 | f=0.4386
2025-09-30 05:19:07,077 - INFO - [round 28] pick 2/5: COC1COCCC1NC1CC2CN(C(N)=NC#N)CC2(C(=O)N2CCc3ncc(C(F)(F)F)cc3C2)C1 | UCB+MI=0.709 | f=0.5594
2025-09-30 05:19:07,177 - INFO - [round 28] pick 3/5: CC1=CC(OC(=O)COCCOCCO)C(=O)C=CC=Cc2csc(n2)C(C)NC(=O)CC2(CC1)[S+]([O-])SC(=O)C2(C)O | UCB+MI=0.768 | f=0.6145
2025-09-30 05:19:07,278 - INFO - [round 28] pick 4/5: O=C(O)c1cnc2nc(N3CCCC3)c(F)c(O)c2c1O | UCB+MI=0.817 | f=0.5443
2025-09-30 05:19:07,381 - INFO - [round 28] pick 5/5: N=C(N)NCCCC(NC(=O)OCCCCCn1cnc2c(O)ncnc21)C(=O)O | UCB+MI=0.8135 | f=0.5444
2025-09-30 05:19:07,486 - INFO - Round 28 done in 79.32s; train size=155
2025-09-30 05:19:07,486 - INFO - 
--- Trial 3, eta0=0.5, Round 29 (train size=155) ---
2025-09-30 05:20:31,078 - INFO - [round 29] pick 1/5: O=C1C2C(C(=O)N1N=Cc1cc(Br)cc([N+](=O)[O-])c1O)C1C=CC2C12CC2 | UCB+MI=0.6984 | f=0.5723
2025-09-30 05:20:31,196 - INFO - [round 29] pick 2/5: COc1cc(C)cc2cc(-c3c(COCC(=N)O)c(CN4CCN(C(C)=O)CC4)n4ncnc(N)c34)sc12 | UCB+MI=0.7833 | f=0.5794
2025-09-30 05:20:31,306 - INFO - [round 29] pick 3/5: N#Cc1c[nH]c(C(=O)Nc2ccc(C3CCN(C(CO)CO)CC3)cc2C2=CCCCC2)n1 | UCB+MI=0.8312 | f=0.678
2025-09-30 05:20:31,417 - INFO - [round 29] pick 4/5: CC1(C)OC2CC3C4CC(F)C5=CC(=O)C=CC5(C)C4(F)C(O)CC3(C)C2(SC(CCO)C(=O)O)O1 | UCB+MI=0.7365 | f=0.5698
2025-09-30 05:20:31,529 - INFO - [round 29] pick 5/5: CCOC(=O)c1cnc(NCCCNc2ncc(C(=O)OCC)c(O)n2)nc1O | UCB+MI=0.7846 | f=0.4886
2025-09-30 05:20:31,643 - INFO - Round 29 done in 84.16s; train size=160
2025-09-30 05:20:31,643 - INFO - 
--- Trial 3, eta0=0.5, Round 30 (train size=160) ---
2025-09-30 05:22:00,390 - INFO - [round 30] pick 1/5: C#CCOc1cnc(C(=O)Nc2cnc(F)c(C3(CF)N=C(N)OC4CC43)c2)cn1 | UCB+MI=0.7379 | f=0.5252
2025-09-30 05:22:00,505 - INFO - [round 30] pick 2/5: CC(N=C(O)CC1CC2(O)C3Cc4ccc(O)cc4C2(CCN3C)CC1=O)C(=O)O | UCB+MI=0.8341 | f=0.654
2025-09-30 05:22:00,621 - INFO - [round 30] pick 3/5: O=C1CCC2(CCN(Cc3cscn3)CC2)CN1CCCO | UCB+MI=0.762 | f=0.08836
2025-09-30 05:22:00,738 - INFO - [round 30] pick 4/5: COc1ccc2cc(C(=O)NCCC(CCO)CC(O)Cn3ccnc3[N+](=O)[O-])c(=O)oc2c1 | UCB+MI=0.8162 | f=0.6572
2025-09-30 05:22:00,856 - INFO - [round 30] pick 5/5: CCCC1(CC(=O)O)OCCc2c1[nH]c1c(C)c(OCc3cc(C)on3)cc(C#N)c21 | UCB+MI=0.7695 | f=0.5079
2025-09-30 05:22:00,976 - INFO - Round 30 done in 89.33s; train size=165
2025-09-30 05:22:00,977 - INFO - 
--- Trial 3, eta0=0.5, Round 31 (train size=165) ---
2025-09-30 05:23:31,058 - INFO - [round 31] pick 1/5: Cc1n[nH]c(C(OCC=CBr)C(O)C(O)C(OCC=CBr)C(=O)NC2c3ccccc3CC2O)n1 | UCB+MI=0.6921 | f=0.5578
2025-09-30 05:23:31,180 - INFO - [round 31] pick 2/5: CC(NC(=O)C1(C)COC(c2cn(C)c3cc(Cl)cc(O)c23)=N1)C(=O)NC(CO)C(=O)O | UCB+MI=0.8229 | f=0.5207
2025-09-30 05:23:31,304 - INFO - [round 31] pick 3/5: O=[N+]([O-])c1ccc2c(c1)CN(c1ncnc3c1nc1n3C3OC(CO1)C(O)C3O)CC2 | UCB+MI=0.8057 | f=0.5457
2025-09-30 05:23:31,428 - INFO - [round 31] pick 4/5: COc1cccc2c1C(=O)c1c(O)c3c(c(O)c1C2=O)CC(O)(C(CO)=NNC(=O)CCCCCN1C(=O)CC(S)C1=O)CC3OC1CC(N)C(O)C(C)O1 | UCB+MI=0.8188 | f=0.569
2025-09-30 05:23:31,555 - INFO - [round 31] pick 5/5: N#CCC1(n2cc(C(=N)O)c(=Nc3ccnc(F)c3)[nH]2)CCN(C(=O)OCC(F)F)CC1 | UCB+MI=0.8116 | f=0.572
2025-09-30 05:23:31,683 - INFO - Round 31 done in 90.71s; train size=170
2025-09-30 05:23:31,683 - INFO - 
--- Trial 3, eta0=0.5, Round 32 (train size=170) ---
2025-09-30 05:25:03,695 - INFO - [round 32] pick 1/5: CC1(C)C2CC3OB(C(CCCCN)NC(=O)Cn4nc(CC#N)nc4Cc4ccccc4[N+](=O)[O-])OC3(C)C1C2 | UCB+MI=0.7733 | f=0.5691
2025-09-30 05:25:03,827 - INFO - [round 32] pick 2/5: COC(O)=Nc1ccc2c(c1)N=C(O)CCC=CCC(N1CCC(c3cc(Cl)ccn3)N=C1O)c1ncc-2[nH]1 | UCB+MI=0.7621 | f=0.3271
2025-09-30 05:25:03,960 - INFO - [round 32] pick 3/5: COc1c(N2CC3CCCNC3C2)c(F)cc2c(=O)c(C(=O)SCC(=O)NC(P(=O)(O)O)P(=O)(O)O)cn(C3CC3)c12 | UCB+MI=0.7793 | f=0.5487
2025-09-30 05:25:04,095 - INFO - [round 32] pick 4/5: O=C(C=Cc1ccc(O)c(O)c1)OC1C(O)C(CO)OC(OCCc2ccc(O)c(O)c2)C1OC1OCC(O)(CO)C1O | UCB+MI=0.7811 | f=0.6144
2025-09-30 05:25:04,231 - INFO - [round 32] pick 5/5: O=C(NCCO)c1cc(-c2cc(F)c(F)cc2F)n[nH]1 | UCB+MI=0.7614 | f=0.3801
2025-09-30 05:25:04,370 - INFO - Round 32 done in 92.69s; train size=175
2025-09-30 05:25:04,370 - INFO - 
--- Trial 3, eta0=0.5, Round 33 (train size=175) ---
2025-09-30 05:26:38,188 - INFO - [round 33] pick 1/5: CC(=O)Oc1c(C)nc(N=Nc2cc(S(=O)(=O)O)ccc2S(=O)(=O)O)c2c1COP(=O)(O)OC2 | UCB+MI=0.7338 | f=0.4637
2025-09-30 05:26:38,327 - INFO - [round 33] pick 2/5: CC#CC1(O)CCC2C3CCC4=CC(=O)CCC4=C3C(c3ccc(N(C)CC(O)CC(O)CC(=O)O)cc3)CC21C | UCB+MI=0.8048 | f=0.6569
2025-09-30 05:26:38,468 - INFO - [round 33] pick 3/5: CCCC1CC(C(=O)NC(C(C)SCCOCCSCC(=O)NC(CO)C(O)c2ccc([N+](=O)[O-])cc2)C2OC(SC)C(O)C(O)C2O)N(C)C1 | UCB+MI=0.775 | f=0.5666
2025-09-30 05:26:38,610 - INFO - [round 33] pick 4/5: N#CC(=Cc1cc(O)c(O)c([N+](=O)[O-])c1)C(=O)N1CCOCC1 | UCB+MI=0.825 | f=0.5796
2025-09-30 05:26:38,755 - INFO - [round 33] pick 5/5: Nc1ncnc2c1nc(Sc1cc3c(cc1Br)OCO3)n2CCCCCC(=O)NO | UCB+MI=0.8231 | f=0.5289
2025-09-30 05:26:38,901 - INFO - Round 33 done in 94.53s; train size=180
2025-09-30 05:26:38,901 - INFO - 
--- Trial 3, eta0=0.5, Round 34 (train size=180) ---
2025-09-30 05:28:17,245 - INFO - [round 34] pick 1/5: O=C1C=CC2(C=C1Br)CC(C(=O)NCCSSCCNC(=O)C1=NOC3(C=CC(=O)C(Br)=C3)C1)=NO2 | UCB+MI=0.7053 | f=0.5455
2025-09-30 05:28:17,394 - INFO - [round 34] pick 2/5: CC(=O)c1cccc(NC2C(N)C(NC(=O)N3CCCCC3)(C(C)O)C(C)(O)C2(O)CO)c1 | UCB+MI=0.8412 | f=0.6015
2025-09-30 05:28:17,545 - INFO - [round 34] pick 3/5: CCCSc1nc(NC2CC2c2ccc(F)c(F)c2)c2nnn(C3CC(OCCOC(=O)CCC)C(O)C3O)c2n1 | UCB+MI=0.8075 | f=0.5361
2025-09-30 05:28:17,698 - INFO - [round 34] pick 4/5: O=C(NC1CCN(C2CCC(F)(F)CC2)CC1)c1cc(-c2c(O)cc(O)cc2Oc2ccc([N+](=O)[O-])cc2)on1 | UCB+MI=0.8424 | f=0.5022
2025-09-30 05:28:17,852 - INFO - [round 34] pick 5/5: Nc1nc(O)c2c(n1)NCC(CCc1ccc(C(=O)NC(CCC(=O)O)C(=O)O)s1)S2 | UCB+MI=0.8147 | f=0.5341
2025-09-30 05:28:18,008 - INFO - Round 34 done in 99.11s; train size=185
2025-09-30 05:28:18,008 - INFO - 
--- Trial 3, eta0=0.5, Round 35 (train size=185) ---
2025-09-30 05:29:59,351 - INFO - [round 35] pick 1/5: CC1CN(CC(=O)Nc2nc3cc4nc(NC(=O)CN5CC(C)NCC5C)sc4cc3s2)C(C)CN1 | UCB+MI=0.7165 | f=0.5143
2025-09-30 05:29:59,510 - INFO - [round 35] pick 2/5: CC1(CCC(=O)Nc2c(O)ccc(C(=O)O)c2O)C(=O)C=CC23CC45CC4(OC5(C)C2O)C13 | UCB+MI=0.825 | f=0.6198
2025-09-30 05:29:59,670 - INFO - [round 35] pick 3/5: COc1cc(OCC(O)CNCCN2CCOCC2)c2c(c1)OC1COc3cc(OC)c(OC)cc3C1(O)C2=O | UCB+MI=0.8244 | f=0.6548
2025-09-30 05:29:59,832 - INFO - [round 35] pick 4/5: CNC(=O)C12CC1C(n1cnc3c(NC)nc(C#Cc4ccc(CO)cc4)nc31)C(O)C2O | UCB+MI=0.8208 | f=0.5373
2025-09-30 05:29:59,996 - INFO - [round 35] pick 5/5: O=C(O)CC(N=C(O)C1CCCN(C(=O)CCC2CCNCC2)C1)c1cccc(OCCOCCOCCF)c1 | UCB+MI=0.7896 | f=0.6616
2025-09-30 05:30:00,162 - INFO - Round 35 done in 102.15s; train size=190
2025-09-30 05:30:00,162 - INFO - 
--- Trial 3, eta0=0.5, Round 36 (train size=190) ---
2025-09-30 05:31:43,377 - INFO - [round 36] pick 1/5: CCC(C=CC=CC=CC(=O)c1c(O)c(C2(O)CCC(O)CC2)c[nH]c1=O)CO | UCB+MI=0.7456 | f=0.6761
2025-09-30 05:31:43,545 - INFO - [round 36] pick 2/5: N#Cc1ccccc1-n1ccc(CN2CCN(CC(O)CC(Cc3cccnc3)C(=O)NC3c4ccccc4OCC3O)C(C(=O)NCC(F)(F)F)C2)c1 | UCB+MI=0.772 | f=0.6991
2025-09-30 05:31:43,714 - INFO - [round 36] pick 3/5: Cc1cnc(NCCc2ccc3c(c2)CCC3)c(=O)n1CC(=O)NCCONC(=N)N | UCB+MI=0.8103 | f=0.5428
2025-09-30 05:31:43,886 - INFO - [round 36] pick 4/5: COc1cc(C)c(C(=O)OC2CC3(C)C4C(O)C(C)(C)CC4(O)C=C(CO)C23O)c(O)c1 | UCB+MI=0.8041 | f=0.6072
2025-09-30 05:31:44,059 - INFO - [round 36] pick 5/5: O=C(O)c1cc(NCCO)c2nc(N3CCOCC3)nc(-c3cccc(CO)c3)c2n1 | UCB+MI=0.9138 | f=0.6114
2025-09-30 05:31:44,234 - INFO - Round 36 done in 104.07s; train size=195
2025-09-30 05:31:44,235 - INFO - 
--- Trial 3, eta0=0.5, Round 37 (train size=195) ---
2025-09-30 05:33:33,722 - INFO - [round 37] pick 1/5: CC(Cc1ccc(OCC(O)=NCCNC2CCC(OC(=O)C(O)(c3cccs3)c3cccs3)CC2)cc1)NCC(O)c1ccc(O)c2nc(O)ccc12 | UCB+MI=0.7772 | f=0.4305
2025-09-30 05:33:33,899 - INFO - [round 37] pick 2/5: CN1CCC(O)(C#Cc2ccc3c(c2)-n2nc(C(N)=O)cc2C(F)(F)CO3)C1=O | UCB+MI=0.8059 | f=0.5401
2025-09-30 05:33:34,079 - INFO - [round 37] pick 3/5: CC=C(C)C(=O)OCC1(O)CCCC2C(C)(CCC3=CC(=O)OC3)C(C)CC(O)C21CO | UCB+MI=0.7962 | f=0.5839
2025-09-30 05:33:34,261 - INFO - [round 37] pick 4/5: O=C(O)CC(NC(=O)CNC(=O)c1cncc(NC2=NCC(O)CN2)c1)c1cc(Cl)cc(I)c1O | UCB+MI=0.8166 | f=0.5471
2025-09-30 05:33:34,444 - INFO - [round 37] pick 5/5: N#CC(Cc1ccc(N2CCN(CCO)CC2)cc1F)NC(=O)C1NC2CCC1C2 | UCB+MI=0.8304 | f=0.6077
2025-09-30 05:33:34,629 - INFO - Round 37 done in 110.39s; train size=200
2025-09-30 05:33:34,629 - INFO - 
--- Trial 3, eta0=0.5, Round 38 (train size=200) ---
2025-09-30 05:35:27,361 - INFO - [round 38] pick 1/5: COC1=C2C3NCCC2(CC(O)C1O)c1c(ccc(OC)c1O)C3O | UCB+MI=0.7561 | f=0.5484
2025-09-30 05:35:27,548 - INFO - [round 38] pick 2/5: CN(CCO)c1ccc(C(=O)CN2c3nc(N4CC5CC4CO5)cc(=O)n3CCC2C(F)(F)F)cn1 | UCB+MI=0.8324 | f=0.5905
2025-09-30 05:35:27,738 - INFO - [round 38] pick 3/5: Cc1cc(O)cc(C)c1CC(N)C(=O)NCc1nc(O)c(CNC(=O)C(N)Cc2c(C)cc(O)cc2C)nc1C | UCB+MI=0.7739 | f=0.5276
2025-09-30 05:35:27,929 - INFO - [round 38] pick 4/5: Nc1cc(CC(=O)NC2CCC(CC(=O)O)OB2O)ccn1 | UCB+MI=0.7904 | f=0.5434
2025-09-30 05:35:28,122 - INFO - [round 38] pick 5/5: CCCCS(=O)(=O)NC(Cc1c[nH]c2ccc(OCCCN3CCNCC3)cc12)C(=O)O | UCB+MI=0.8195 | f=0.6566
2025-09-30 05:35:28,317 - INFO - Round 38 done in 113.69s; train size=205
2025-09-30 05:35:28,317 - INFO - 
--- Trial 3, eta0=0.5, Round 39 (train size=205) ---
2025-09-30 05:37:19,806 - INFO - [round 39] pick 1/5: CCC(CC)(N=C(O)c1cc(OCC2(C)COC2)c(C2CC2)cn1)C(O)=NCC(F)CCl | UCB+MI=0.7737 | f=0.5421
2025-09-30 05:37:20,005 - INFO - [round 39] pick 2/5: CC1C=CC(=O)C(O)C(O)CC=Cc2cc(NCCN3CCN(C)CC3)cc(O)c2C(=O)OC1C | UCB+MI=0.8271 | f=0.6888
2025-09-30 05:37:20,329 - INFO - [round 39] pick 3/5: CC(C)OCc1cc(C(=O)O)ccc1N1C(=O)CCC1(CO)CO | UCB+MI=0.8655 | f=0.6135
2025-09-30 05:37:20,531 - INFO - [round 39] pick 4/5: NC(N)=NCCCC(NC(=O)C(N)Cc1ccc(O)cc1)C(=O)NC1CSSCC(C(=O)O)NC(=O)C2CCCN2C(=O)C(CCC(=O)O)NC1=O | UCB+MI=0.8236 | f=0.5412
2025-09-30 05:37:20,734 - INFO - [round 39] pick 5/5: CC1(C)CC=C(c2nc(C3(O)CCOCC3)ccc2NC(=O)c2ncc(C#N)[nH]2)CC1 | UCB+MI=0.8278 | f=0.6082
2025-09-30 05:37:21,065 - INFO - Round 39 done in 112.75s; train size=210
