2025-10-10 12:45:36,842 - INFO - 
--- Round 0 | trial=2 | sqrt_beta=0.7071 (beta=0.5000) | rho=0.80 | train size=10 ---
2025-10-10 12:45:48,446 - INFO - [round 0] pick 1/5: O=C(NCCCO)Nc1ccc2ncc(-c3ccccc3)nc2n1 | UCB=0.9067 | mu=0.2556 | std=0.9208 | f=0.4082
2025-10-10 12:45:48,447 - INFO - [round 0] pick 2/5: COc1ccc(-c2cccc(OC(F)(F)F)c2)cc1C(CC(=O)O)c1ncc(C)s1 | UCB=0.9036 | mu=0.2464 | std=0.9294 | f=0.4097
2025-10-10 12:45:48,448 - INFO - [round 0] pick 3/5: O=C(O)c1ccc2c(c1)C1C=CCC1C(c1ccccc1)N2 | UCB=0.8978 | mu=0.2409 | std=0.929 | f=0.1496
2025-10-10 12:45:48,449 - INFO - [round 0] pick 4/5: COCCNC(=O)CCN1C(=O)c2cccnc2Oc2ccc(C)cc21 | UCB=0.8929 | mu=0.2277 | std=0.9407 | f=0.4666
2025-10-10 12:45:48,450 - INFO - [round 0] pick 5/5: O=C(NCCS(=O)(=O)c1ccc(C(F)(F)F)cn1)c1cccnc1 | UCB=0.9003 | mu=0.2364 | std=0.9389 | f=0.1306
2025-10-10 12:45:48,451 - INFO - Round 0 done in 11.61s; train size=15
2025-10-10 12:45:48,451 - INFO - 
--- Round 1 | trial=2 | sqrt_beta=0.7071 (beta=0.5000) | rho=0.80 | train size=15 ---
2025-10-10 12:46:02,264 - INFO - [round 1] pick 1/5: COCCNC(=O)CN1C(=O)c2cccnc2Sc2ccccc21 | UCB=0.9445 | mu=0.3176 | std=0.8866 | f=0.4655
2025-10-10 12:46:02,266 - INFO - [round 1] pick 2/5: CCCNC(=O)Nc1cccc(-c2ccc(OC)c(S(=O)(=O)NC(CC(=O)O)c3ccccc3)c2)c1 | UCB=0.9266 | mu=0.288 | std=0.903 | f=0.4502
2025-10-10 12:46:02,268 - INFO - [round 1] pick 3/5: CCC(CC)C(=O)Nc1cc(-c2nc3cccnc3s2)ccc1C | UCB=0.9192 | mu=0.2669 | std=0.9224 | f=0.4342
2025-10-10 12:46:02,269 - INFO - [round 1] pick 4/5: FC(F)(F)Oc1cccc(-c2nc(-c3ccccn3)no2)c1 | UCB=0.9053 | mu=0.2554 | std=0.9192 | f=0.3464
2025-10-10 12:46:02,271 - INFO - [round 1] pick 5/5: COc1ccc(OCCNC(=O)CCCO)cc1 | UCB=0.9041 | mu=0.2407 | std=0.9382 | f=0.007882
2025-10-10 12:46:02,273 - INFO - Round 1 done in 13.82s; train size=20
2025-10-10 12:46:02,273 - INFO - 
--- Round 2 | trial=2 | sqrt_beta=0.7071 (beta=0.5000) | rho=0.80 | train size=20 ---
2025-10-10 12:46:18,708 - INFO - [round 2] pick 1/5: CCNC(=O)Nc1nc2ccc(-c3ccccc3OC)cc2s1 | UCB=0.9607 | mu=0.3331 | std=0.8876 | f=0.4603
2025-10-10 12:46:18,711 - INFO - [round 2] pick 2/5: Cc1cccc(C(C(=O)NCCCc2ccccn2)N(C)C)c1 | UCB=0.9503 | mu=0.3074 | std=0.9092 | f=0.1575
2025-10-10 12:46:18,713 - INFO - [round 2] pick 3/5: COCCn1cc(-c2ccccc2)cc(NC(=O)N2CCC(n3c(=O)[nH]c4ncccc43)CC2)c1=O | UCB=0.9467 | mu=0.2947 | std=0.9222 | f=0.007835
2025-10-10 12:46:18,716 - INFO - [round 2] pick 4/5: Cc1nc(N)cc(-c2ccn3c(-c4cccc(NC(=O)NCC(F)(F)F)c4)cnc3c2)n1 | UCB=0.9317 | mu=0.2811 | std=0.9201 | f=0.1357
2025-10-10 12:46:18,719 - INFO - [round 2] pick 5/5: Cc1cc(C=C2SC(=S)N(CCCC(=O)O)C2=O)c(C)n1-c1ccccc1 | UCB=0.9241 | mu=0.2658 | std=0.9311 | f=0.4543
2025-10-10 12:46:18,722 - INFO - Round 2 done in 16.45s; train size=25
2025-10-10 12:46:18,722 - INFO - 
--- Round 3 | trial=2 | sqrt_beta=0.7071 (beta=0.5000) | rho=0.80 | train size=25 ---
2025-10-10 12:46:38,793 - INFO - [round 3] pick 1/5: COc1ccccc1C=C1SC(=S)N(CCC(=O)Nc2cccnc2)C1=O | UCB=0.948 | mu=0.3299 | std=0.8742 | f=0.4402
2025-10-10 12:46:38,797 - INFO - [round 3] pick 2/5: CCCOc1ccc(C=C(CC(=O)O)c2nc3ccccc3s2)cc1OCC | UCB=0.942 | mu=0.2956 | std=0.9142 | f=0.496
2025-10-10 12:46:38,800 - INFO - [round 3] pick 3/5: COCCNC(=O)Nc1ccc2nc(C)sc2c1 | UCB=0.9353 | mu=0.2946 | std=0.9062 | f=0.1583
2025-10-10 12:46:38,804 - INFO - [round 3] pick 4/5: Cc1nnc(C(CC(=O)O)c2cc(Cl)cc(-c3ccccc3OC(F)(F)F)c2)o1 | UCB=0.9314 | mu=0.2906 | std=0.9063 | f=0.4352
2025-10-10 12:46:38,808 - INFO - [round 3] pick 5/5: Cc1cc(NC(=O)C(Cc2ccccc2)NS(=O)(=O)c2cccc3cccnc23)no1 | UCB=0.9281 | mu=0.3049 | std=0.8813 | f=0.1475
2025-10-10 12:46:38,813 - INFO - Round 3 done in 20.09s; train size=30
2025-10-10 12:46:38,813 - INFO - 
--- Round 4 | trial=2 | sqrt_beta=0.7071 (beta=0.5000) | rho=0.80 | train size=30 ---
2025-10-10 12:47:02,106 - INFO - [round 4] pick 1/5: CCOc1ccc(C=C2SC(=S)N(C(C(=O)O)c3ccccc3)C2=O)cc1OCC | UCB=0.9775 | mu=0.3619 | std=0.8707 | f=0.4588
2025-10-10 12:47:02,110 - INFO - [round 4] pick 2/5: CCCCN(C(=O)c1ccccc1OC)c1nnc(-c2cccnc2)s1 | UCB=0.9583 | mu=0.3253 | std=0.8952 | f=0.4543
2025-10-10 12:47:02,115 - INFO - [round 4] pick 3/5: CCc1c(CCCC(=O)O)cccc1-c1nsc(-c2ccc(OC(C)C)c(C(F)(F)F)c2)n1 | UCB=0.9556 | mu=0.3111 | std=0.9115 | f=0.4181
2025-10-10 12:47:02,121 - INFO - [round 4] pick 4/5: CSCCN1C(=O)c2ccccc2Oc2nc(Cl)ccc21 | UCB=0.9394 | mu=0.2879 | std=0.9213 | f=0.4374
2025-10-10 12:47:02,126 - INFO - [round 4] pick 5/5: O=C(O)CCNc1nc2ccccc2s1 | UCB=0.9338 | mu=0.2955 | std=0.9027 | f=0.1545
2025-10-10 12:47:02,132 - INFO - Round 4 done in 23.32s; train size=35
2025-10-10 12:47:02,132 - INFO - 
--- Round 5 | trial=2 | sqrt_beta=0.7071 (beta=0.5000) | rho=0.80 | train size=35 ---
2025-10-10 12:47:28,034 - INFO - [round 5] pick 1/5: CCCN1C(=O)C(=Cc2ccc(OC)c(OC)c2)SC1=Nc1ccccc1 | UCB=0.9872 | mu=0.3697 | std=0.8733 | f=0.4507
2025-10-10 12:47:28,040 - INFO - [round 5] pick 2/5: CCCCCCNC(=O)Oc1ccccc1-c1ccc(C(C)C(=O)O)cc1F | UCB=0.9751 | mu=0.3407 | std=0.8971 | f=0.1765
2025-10-10 12:47:28,047 - INFO - [round 5] pick 3/5: CCOC(=O)Cc1c(C)nc2c(-c3ccccc3)cnn2c1O | UCB=0.9688 | mu=0.3296 | std=0.9039 | f=0.5066
2025-10-10 12:47:28,054 - INFO - [round 5] pick 4/5: CCCOc1ccc(-c2nnc(-c3ccc(CCC(=O)O)cc3C)s2)cc1C#N | UCB=0.9658 | mu=0.3291 | std=0.9005 | f=0.4319
2025-10-10 12:47:28,061 - INFO - [round 5] pick 5/5: CCN(CC)C(=O)c1ccc2c(c1)N(C)C(=O)c1cccnc1N2CC | UCB=0.955 | mu=0.3119 | std=0.9095 | f=0.4382
2025-10-10 12:47:28,069 - INFO - Round 5 done in 25.94s; train size=40
2025-10-10 12:47:28,069 - INFO - 
--- Round 6 | trial=2 | sqrt_beta=0.7071 (beta=0.5000) | rho=0.80 | train size=40 ---
2025-10-10 12:47:56,328 - INFO - [round 6] pick 1/5: CCN(CC)CCN1C(=O)C(O)N=C(c2ccccc2)c2cc(Cl)ccc21 | UCB=0.994 | mu=0.3624 | std=0.8932 | f=0.4629
2025-10-10 12:47:56,336 - INFO - [round 6] pick 2/5: CCOc1ccc(-c2nc(-c3cccc(C(=O)O)n3)cs2)cc1OCC | UCB=0.9898 | mu=0.3717 | std=0.874 | f=0.4347
2025-10-10 12:47:56,344 - INFO - [round 6] pick 3/5: COc1cc2ccccc2cc1C=C1SC(=O)N(CC(=O)O)C1=O | UCB=0.9805 | mu=0.354 | std=0.8861 | f=0.4472
2025-10-10 12:47:56,353 - INFO - [round 6] pick 4/5: C=CCOC(CCC)C1=CC(C)(C)Nc2ccc(-c3ccccc3OC)cc21 | UCB=0.9774 | mu=0.342 | std=0.8986 | f=0.4575
2025-10-10 12:47:56,362 - INFO - [round 6] pick 5/5: CCc1nnc2n1-c1cccnc1N(CC)c1ncccc1-2 | UCB=0.9602 | mu=0.3114 | std=0.9175 | f=0.1452
2025-10-10 12:47:56,372 - INFO - Round 6 done in 28.30s; train size=45
2025-10-10 12:47:56,372 - INFO - 
--- Round 7 | trial=2 | sqrt_beta=0.7071 (beta=0.5000) | rho=0.80 | train size=45 ---
2025-10-10 12:48:27,330 - INFO - [round 7] pick 1/5: CCCN1C(=O)C(O)(CC(=O)c2ccc(OC)c(OC)c2)c2ccccc21 | UCB=1.004 | mu=0.3883 | std=0.8703 | f=0.4959
2025-10-10 12:48:27,340 - INFO - [round 7] pick 2/5: CCOC(=O)C(C=Nc1nc(-c2ccc3ccccc3c2)cs1)=C(O)OCC | UCB=0.9877 | mu=0.3507 | std=0.9009 | f=0.476
2025-10-10 12:48:27,350 - INFO - [round 7] pick 3/5: O=C(O)CN1C(=O)C(=Cc2ccc(-c3ccccc3Cl)o2)SC1=S | UCB=0.9829 | mu=0.3657 | std=0.8729 | f=0.4583
2025-10-10 12:48:27,361 - INFO - [round 7] pick 4/5: COc1cc(NC(C)CCCN)c2nc(C(F)(F)F)cc(C)c2c1-c1ccccc1 | UCB=0.9708 | mu=0.3339 | std=0.9008 | f=0.4606
2025-10-10 12:48:27,372 - INFO - [round 7] pick 5/5: C=CCc1cc(-c2cc(C=O)ccc2O)ccc1OC | UCB=0.9781 | mu=0.3288 | std=0.9183 | f=0.1408
2025-10-10 12:48:27,384 - INFO - Round 7 done in 31.01s; train size=50
2025-10-10 12:48:27,384 - INFO - 
--- Round 8 | trial=2 | sqrt_beta=0.7071 (beta=0.5000) | rho=0.80 | train size=50 ---
2025-10-10 12:49:01,201 - INFO - [round 8] pick 1/5: CCOC(=O)CN(C(=O)CSc1nnc(-c2ccc(OC)c(OC)c2)o1)c1ccccc1 | UCB=1.014 | mu=0.3901 | std=0.883 | f=0.5222
2025-10-10 12:49:01,214 - INFO - [round 8] pick 2/5: CCCN1C(=O)C(=Cc2c[nH]nc2-c2ccccc2)SC1=S | UCB=1.004 | mu=0.4089 | std=0.8416 | f=0.4318
2025-10-10 12:49:01,227 - INFO - [round 8] pick 3/5: CCN(CC)C(=O)C1Sc2ccccc2-c2c1c1cc(OC(F)(F)F)ccc1n2CCF | UCB=0.9974 | mu=0.3636 | std=0.8963 | f=0.1657
2025-10-10 12:49:01,240 - INFO - [round 8] pick 4/5: CCOC(O)=C1C(C)=NC(C)=C(C(=O)OCCN2C(=O)c3ccccc3S2(=O)=O)C1c1cccc(Cl)c1Cl | UCB=0.985 | mu=0.3375 | std=0.9157 | f=0.2147
2025-10-10 12:49:01,254 - INFO - [round 8] pick 5/5: CCCC(C(=O)O)c1c(C)nc2scc(C)c2c1-c1ccc(C)cc1 | UCB=0.9685 | mu=0.3236 | std=0.9121 | f=0.4212
2025-10-10 12:49:01,268 - INFO - Round 8 done in 33.88s; train size=55
2025-10-10 12:49:01,268 - INFO - 
--- Round 9 | trial=2 | sqrt_beta=0.7071 (beta=0.5000) | rho=0.80 | train size=55 ---
2025-10-10 12:49:37,832 - INFO - [round 9] pick 1/5: COc1cc(CN(O)C(N)=O)ccc1OCc1nc(-c2ccccc2)oc1C | UCB=1.021 | mu=0.407 | std=0.8677 | f=0.4779
2025-10-10 12:49:37,847 - INFO - [round 9] pick 2/5: CCCc1nc(SCC(=O)O)c2sc(=S)n(-c3ccccc3)c2n1 | UCB=0.988 | mu=0.3547 | std=0.8955 | f=0.4454
2025-10-10 12:49:37,862 - INFO - [round 9] pick 3/5: O=C(O)CN1C(=O)C(=Cc2ccccc2Cl)Oc2ccccc21 | UCB=0.9869 | mu=0.3703 | std=0.872 | f=0.4623
2025-10-10 12:49:37,879 - INFO - [round 9] pick 4/5: CCN(CC)CCN1C(=O)c2ccccc2NC1c1cc(OC)c(OC)c(OC)c1 | UCB=0.9771 | mu=0.3435 | std=0.8961 | f=0.4883
2025-10-10 12:49:37,895 - INFO - [round 9] pick 5/5: CCOC(=O)C(C)(CC(C)C)c1ccnc2c(-c3ccc(Cl)cc3)cnn12 | UCB=0.9675 | mu=0.3272 | std=0.9054 | f=0.4543
2025-10-10 12:49:37,912 - INFO - Round 9 done in 36.64s; train size=60
2025-10-10 12:49:37,912 - INFO - 
--- Round 10 | trial=2 | sqrt_beta=0.7071 (beta=0.5000) | rho=0.80 | train size=60 ---
2025-10-10 12:50:18,204 - INFO - [round 10] pick 1/5: CCc1[nH]c(C(=O)c2cc(OC)c(OC)c(OC)c2)nc1-c1ccccc1 | UCB=1.03 | mu=0.4214 | std=0.8606 | f=0.4836
2025-10-10 12:50:18,222 - INFO - [round 10] pick 2/5: Cc1ccccc1OCC(=O)N(Cc1nnc(-c2ccc(Cl)cc2)o1)C(C)C | UCB=1.005 | mu=0.3829 | std=0.8796 | f=0.4677
2025-10-10 12:50:18,240 - INFO - [round 10] pick 3/5: CCc1nn(CC(=O)O)c(CC)c1Cc1ccc2ccccc2c1 | UCB=1.004 | mu=0.3869 | std=0.8724 | f=0.4674
2025-10-10 12:50:18,259 - INFO - [round 10] pick 4/5: CCCN1C(=O)C(=CC=C2N(CC)c3ccccc3C2(C)C)SC1=S | UCB=0.9704 | mu=0.3487 | std=0.8793 | f=0.4435
2025-10-10 12:50:18,279 - INFO - [round 10] pick 5/5: CCCCN(CCCC)CCCOc1ccc(-c2cn3cccc(C)c3n2)cc1OC | UCB=0.9832 | mu=0.3387 | std=0.9115 | f=0.4309
2025-10-10 12:50:18,300 - INFO - Round 10 done in 40.39s; train size=65
2025-10-10 12:50:18,300 - INFO - 
--- Round 11 | trial=2 | sqrt_beta=0.7071 (beta=0.5000) | rho=0.80 | train size=65 ---
2025-10-10 12:51:00,519 - INFO - [round 11] pick 1/5: CCCc1c(C(=O)OCC)nnc2c(-c3ccccc3)c(C)nn12 | UCB=1.034 | mu=0.4204 | std=0.8677 | f=0.5428
2025-10-10 12:51:00,540 - INFO - [round 11] pick 2/5: COc1ccc(-c2nc(C[S+](O)CC(=O)NCc3ccccc3Cl)c(C)o2)cc1OC | UCB=1.031 | mu=0.4268 | std=0.8548 | f=0.5019
2025-10-10 12:51:00,562 - INFO - [round 11] pick 3/5: CCCCC(C(=N)O)C(CC(C)C)C(O)=NC1N=C(c2ccc(Cl)cc2)c2ccccc2N(C)C1=O | UCB=1 | mu=0.3705 | std=0.8907 | f=0.4533
2025-10-10 12:51:00,585 - INFO - [round 11] pick 4/5: CCOP(=O)(Cc1ccc(-c2nc3cccc(OC(C)=O)c3s2)cc1)OCC | UCB=1.004 | mu=0.3704 | std=0.896 | f=0.4677
2025-10-10 12:51:00,607 - INFO - [round 11] pick 5/5: CCN1C(=O)C(=Cc2cnc3ccccc3c2)C(=O)N(CC)C1=S | UCB=0.9835 | mu=0.3514 | std=0.8939 | f=0.436
2025-10-10 12:51:00,631 - INFO - Round 11 done in 42.33s; train size=70
2025-10-10 12:51:00,631 - INFO - 
--- Round 12 | trial=2 | sqrt_beta=0.7071 (beta=0.5000) | rho=0.80 | train size=70 ---
2025-10-10 12:51:45,042 - INFO - [round 12] pick 1/5: CCOC(=O)c1c(CC)nc(-c2ccccc2)c(C(=O)OCC)c1C | UCB=1.047 | mu=0.4413 | std=0.857 | f=0.2182
2025-10-10 12:51:45,066 - INFO - [round 12] pick 2/5: COc1ccc(-c2noc(CCC(=O)Nc3ccccc3Cl)n2)cc1OC | UCB=1.03 | mu=0.4325 | std=0.8444 | f=0.4919
2025-10-10 12:51:45,091 - INFO - [round 12] pick 3/5: CCCN1C(=O)C(=Cc2ccccc2OCc2ccc(C(=O)O)cc2)NC1=S | UCB=1.009 | mu=0.3954 | std=0.868 | f=0.4779
2025-10-10 12:51:45,117 - INFO - [round 12] pick 4/5: CCCC(CCC)N1CCn2c(=O)n(-c3ccccc3OC)c3nc(C)cc1c32 | UCB=1.011 | mu=0.3719 | std=0.9033 | f=0.1701
2025-10-10 12:51:45,143 - INFO - [round 12] pick 5/5: CN(C)CCOc1ccc(-c2ccc(OCC(=O)O)c(C(C)(C)C)c2)cc1C(C)(C)C | UCB=0.9889 | mu=0.3462 | std=0.9089 | f=0.1545
2025-10-10 12:51:45,169 - INFO - Round 12 done in 44.54s; train size=75
2025-10-10 12:51:45,170 - INFO - 
--- Round 13 | trial=2 | sqrt_beta=0.7071 (beta=0.5000) | rho=0.80 | train size=75 ---
2025-10-10 12:52:32,952 - INFO - [round 13] pick 1/5: CCn1c(SCC(=NO)c2ccccc2)nnc1-c1ccc(OC)c(OC)c1 | UCB=1.039 | mu=0.4439 | std=0.8413 | f=0.4455
2025-10-10 12:52:32,980 - INFO - [round 13] pick 2/5: CCCCOC(=O)Cc1nc(-c2ccc(Cl)cc2)oc1-c1ccco1 | UCB=1.011 | mu=0.3823 | std=0.8887 | f=0.4704
2025-10-10 12:52:33,008 - INFO - [round 13] pick 3/5: CCCc1cc2[nH]c(=O)c(C#N)c(-c3ccccc3)c2c(C)n1 | UCB=1.003 | mu=0.3868 | std=0.8707 | f=0.451
2025-10-10 12:52:33,037 - INFO - [round 13] pick 4/5: COc1cc(C(=O)NCC(=O)NCCN2C(=O)SC(=Cc3ccccc3Cl)C2=O)cc(OC)c1OC | UCB=0.9958 | mu=0.3927 | std=0.8529 | f=0.5053
2025-10-10 12:52:33,067 - INFO - [round 13] pick 5/5: CCC1Oc2ccccc2N(CC(=O)NCc2ccc(C)cc2)C1=O | UCB=0.9979 | mu=0.3777 | std=0.877 | f=0.4724
2025-10-10 12:52:33,098 - INFO - Round 13 done in 47.93s; train size=80
2025-10-10 12:52:33,098 - INFO - 
--- Round 14 | trial=2 | sqrt_beta=0.7071 (beta=0.5000) | rho=0.80 | train size=80 ---
2025-10-10 12:53:22,915 - INFO - [round 14] pick 1/5: CCCCc1nc(Cl)c(COC)n1Cc1ccc(-c2ccccc2C(=O)O)cc1 | UCB=1.038 | mu=0.427 | std=0.8641 | f=0.4921
2025-10-10 12:53:22,947 - INFO - [round 14] pick 2/5: CCc1ccccc1NC(=O)CSc1nnc(-c2cc(OC)c(OC)c(OC)c2)o1 | UCB=1.023 | mu=0.4312 | std=0.8373 | f=0.467
2025-10-10 12:53:22,979 - INFO - [round 14] pick 3/5: CCN(CC)Cc1nc2c(c(C)nn2-c2ccccc2)c(=O)[nH]1 | UCB=0.9994 | mu=0.3772 | std=0.8798 | f=0.4734
2025-10-10 12:53:23,012 - INFO - [round 14] pick 4/5: CCOC(=O)Cc1nc(-c2cccc(Cl)c2)oc1-c1ccsc1 | UCB=1.007 | mu=0.3943 | std=0.8667 | f=0.4714
2025-10-10 12:53:23,045 - INFO - [round 14] pick 5/5: O=C1NC(=Nc2nnc(-c3ccc(Cl)cc3)s2)SC1=Cc1ccccc1F | UCB=0.9895 | mu=0.348 | std=0.9072 | f=0.1456
2025-10-10 12:53:23,080 - INFO - Round 14 done in 49.98s; train size=85
2025-10-10 12:53:23,080 - INFO - 
--- Round 15 | trial=2 | sqrt_beta=0.7071 (beta=0.5000) | rho=0.80 | train size=85 ---
2025-10-10 12:54:17,198 - INFO - [round 15] pick 1/5: CCCCOc1ccccc1C=CC(=O)c1ccc(OC)c(OC)c1OC | UCB=1.031 | mu=0.4174 | std=0.8674 | f=0.1854
2025-10-10 12:54:17,234 - INFO - [round 15] pick 2/5: CCCc1cc(O)n2nc(C)c(-c3ccccc3)c2n1 | UCB=1.021 | mu=0.452 | std=0.8053 | f=0.4432
2025-10-10 12:54:17,271 - INFO - [round 15] pick 3/5: CC(C)Oc1ccc(-c2nc3cc(CCCC(=O)O)cnc3o2)cc1Cl | UCB=1.007 | mu=0.3817 | std=0.8849 | f=0.4364
2025-10-10 12:54:17,308 - INFO - [round 15] pick 4/5: CCC1(CC)NC(=O)N(CC(=O)N2N=C(c3ccc(Cl)cc3)CC2c2ccco2)C1=O | UCB=0.9946 | mu=0.3608 | std=0.8963 | f=0.1633
2025-10-10 12:54:17,346 - INFO - [round 15] pick 5/5: COc1cc2c(cc1OC)C1(CO2)C(=O)N(Cc2ccc(Cl)s2)c2ccccc21 | UCB=0.9944 | mu=0.3707 | std=0.882 | f=0.007882
2025-10-10 12:54:17,386 - INFO - Round 15 done in 54.31s; train size=90
2025-10-10 12:54:17,386 - INFO - 
--- Round 16 | trial=2 | sqrt_beta=0.7071 (beta=0.5000) | rho=0.80 | train size=90 ---
2025-10-10 12:55:15,746 - INFO - [round 16] pick 1/5: CCCn1nc(C(C)C)c(C(N)=O)c1Cc1ccc(-c2ccccc2C(=O)O)cc1 | UCB=1.027 | mu=0.441 | std=0.8294 | f=0.4804
2025-10-10 12:55:15,786 - INFO - [round 16] pick 2/5: CCN(CC)c1ccc(C=NNC(=O)CSc2nc3ccccc3o2)c(OC)c1 | UCB=1.018 | mu=0.3926 | std=0.8847 | f=0.4606
2025-10-10 12:55:15,827 - INFO - [round 16] pick 3/5: Cc1oc(-c2ccccc2)nc1C(=O)N(CC(=O)O)Cc1nccs1 | UCB=1.011 | mu=0.3974 | std=0.8677 | f=0.4508
2025-10-10 12:55:15,869 - INFO - [round 16] pick 4/5: CCCc1cc(=O)n2nc(C)c(-c3ccc(OC)c(OC)c3)c2[nH]1 | UCB=0.9856 | mu=0.3745 | std=0.8642 | f=0.4472
2025-10-10 12:55:15,911 - INFO - [round 16] pick 5/5: CCOc1cc(CNCC(C)C)c(Cl)cc1OCC(=O)Nc1ccccc1 | UCB=0.9982 | mu=0.3733 | std=0.8838 | f=0.1892
2025-10-10 12:55:15,954 - INFO - Round 16 done in 58.57s; train size=95
2025-10-10 12:55:15,954 - INFO - 
--- Round 17 | trial=2 | sqrt_beta=0.7071 (beta=0.5000) | rho=0.80 | train size=95 ---
2025-10-10 12:56:14,457 - INFO - [round 17] pick 1/5: COc1ccc(-c2nnc(CCC(=O)c3ccc(C)cc3)o2)cc1OC | UCB=1.024 | mu=0.45 | std=0.8119 | f=0.4347
2025-10-10 12:56:14,502 - INFO - [round 17] pick 2/5: CCCCc1nn2c(=O)cc(COC(=O)c3ccccc3C)nc2s1 | UCB=1.012 | mu=0.387 | std=0.8845 | f=0.5252
2025-10-10 12:56:14,547 - INFO - [round 17] pick 3/5: CCCc1ccc(-c2cc(NC(=O)CSc3n[nH]c(N)n3)n(-c3ccccc3)n2)cc1 | UCB=1.011 | mu=0.3942 | std=0.8721 | f=0.158
2025-10-10 12:56:14,593 - INFO - [round 17] pick 4/5: CCN(CC)CCn1cnc2c3c(OC)cccc3nc-2c1O | UCB=0.9808 | mu=0.3463 | std=0.8973 | f=0.4396
2025-10-10 12:56:14,640 - INFO - [round 17] pick 5/5: CCC(C(=O)O)N1C(=O)C(=Cc2ccc(-c3cccc(Cl)c3)o2)SC1=S | UCB=0.9886 | mu=0.3928 | std=0.8426 | f=0.4162
2025-10-10 12:56:14,688 - INFO - Round 17 done in 58.73s; train size=100
2025-10-10 12:56:14,688 - INFO - 
--- Round 18 | trial=2 | sqrt_beta=0.7071 (beta=0.5000) | rho=0.80 | train size=100 ---
2025-10-10 12:57:15,865 - INFO - [round 18] pick 1/5: CCCCn1c(C)c(C)cc(Oc2nc3ccccc3o2)c1=O | UCB=1.026 | mu=0.4056 | std=0.8778 | f=0.4734
2025-10-10 12:57:15,914 - INFO - [round 18] pick 2/5: COc1ccc(C(=O)NC(CC(=O)O)c2ccccc2C)nc1Cl | UCB=1.008 | mu=0.3926 | std=0.8699 | f=0.1855
2025-10-10 12:57:15,965 - INFO - [round 18] pick 3/5: CCN(CC)CCN1C(=O)C(O)=C(C(=O)c2ccc(C)cc2)C1c1ccncc1 | UCB=0.9914 | mu=0.3761 | std=0.8701 | f=0.454
2025-10-10 12:57:16,016 - INFO - [round 18] pick 4/5: COc1cc(-c2nc(-c3cccc4c(CCC(=O)O)c[nH]c34)no2)cnc1OC(C)C | UCB=0.9889 | mu=0.3593 | std=0.8905 | f=0.1555
2025-10-10 12:57:16,069 - INFO - [round 18] pick 5/5: CCCOc1c(Br)cc(C(=O)OCc2cc(=O)n3ccsc3n2)cc1OC | UCB=0.9828 | mu=0.3425 | std=0.9054 | f=0.4733
2025-10-10 12:57:16,123 - INFO - Round 18 done in 61.43s; train size=105
2025-10-10 12:57:16,123 - INFO - 
--- Round 19 | trial=2 | sqrt_beta=0.7071 (beta=0.5000) | rho=0.80 | train size=105 ---
2025-10-10 12:58:20,273 - INFO - [round 19] pick 1/5: CCCn1c(=O)nc2oc3ccccc3cc-2c1=O | UCB=1.019 | mu=0.3956 | std=0.8816 | f=0.4493
2025-10-10 12:58:20,328 - INFO - [round 19] pick 2/5: CCN(CC)CCNC(=O)c1sc2nc(-c3ccccc3)cn2c1C | UCB=1.017 | mu=0.4144 | std=0.852 | f=0.4724
2025-10-10 12:58:20,383 - INFO - [round 19] pick 3/5: CCCC(=NOCc1nc(-c2ccc(C)cc2)oc1C)c1ccc(OCC(=O)O)c(C)c1 | UCB=1.011 | mu=0.4105 | std=0.8487 | f=0.4488
2025-10-10 12:58:20,440 - INFO - [round 19] pick 4/5: COc1cc(C=C2SC(=S)N(CCC(=O)Nc3ccccn3)C2=O)cc(OC)c1OC | UCB=0.9982 | mu=0.4299 | std=0.8037 | f=0.4439
2025-10-10 12:58:20,498 - INFO - [round 19] pick 5/5: CCC(C)Oc1ccc(-c2nc(C)c(C(=O)O)n2O)cc1C#N | UCB=0.9807 | mu=0.3422 | std=0.9029 | f=0.1552
2025-10-10 12:58:20,557 - INFO - Round 19 done in 64.43s; train size=110
2025-10-10 12:58:20,557 - INFO - 
--- Round 20 | trial=2 | sqrt_beta=0.7071 (beta=0.5000) | rho=0.80 | train size=110 ---
2025-10-10 12:59:26,704 - INFO - [round 20] pick 1/5: CCCOc1cccc(-c2nc3ccccc3c(=O)o2)c1 | UCB=1.018 | mu=0.4148 | std=0.8536 | f=0.4472
2025-10-10 12:59:26,764 - INFO - [round 20] pick 2/5: CCCCN(C(=O)CSc1nnc(-c2ccccc2)o1)c1c(N)n(CCC)c(=O)[nH]c1=O | UCB=1.011 | mu=0.4039 | std=0.8581 | f=0.4584
2025-10-10 12:59:26,824 - INFO - [round 20] pick 3/5: CCOC(=O)c1cc(-c2ccccc2C)nn1Cc1cc(CC)no1 | UCB=1.01 | mu=0.3932 | std=0.8718 | f=0.5357
2025-10-10 12:59:26,886 - INFO - [round 20] pick 4/5: COc1ccc(CC(=O)OCc2cc(=O)n3cc(Br)ccc3n2)cc1OC | UCB=0.9912 | mu=0.3805 | std=0.8637 | f=0.4525
2025-10-10 12:59:26,948 - INFO - [round 20] pick 5/5: CCN(CC)CCNC(=O)c1c(C)[nH]c(C=C2C(=O)Nc3ccc(-c4csc(-c5ccccn5)n4)cc32)c1C | UCB=0.9877 | mu=0.3577 | std=0.891 | f=0.007981
2025-10-10 12:59:27,012 - INFO - Round 20 done in 66.46s; train size=115
2025-10-10 12:59:27,012 - INFO - 
--- Round 21 | trial=2 | sqrt_beta=0.7071 (beta=0.5000) | rho=0.80 | train size=115 ---
2025-10-10 13:00:37,888 - INFO - [round 21] pick 1/5: CCCN(CCC)C(=O)Cc1c(-c2ccccc2)nc2c(C)cccn12 | UCB=1.022 | mu=0.4212 | std=0.8504 | f=0.4666
2025-10-10 13:00:37,953 - INFO - [round 21] pick 2/5: CCOc1ccccc1-c1nc(Cn2nc(N)cc2C)co1 | UCB=1.005 | mu=0.383 | std=0.88 | f=0.4663
2025-10-10 13:00:38,019 - INFO - [round 21] pick 3/5: CCCCn1c(=O)c(CCC(=O)OCC(=O)NCc2ccc(OC)c(OC)c2)nc2ccccc21 | UCB=1.007 | mu=0.4065 | std=0.8492 | f=0.4982
2025-10-10 13:00:38,086 - INFO - [round 21] pick 4/5: CCOC(=O)c1cc2cc3ccccc3cc2oc1=O | UCB=1.001 | mu=0.3885 | std=0.8668 | f=0.5255
2025-10-10 13:00:38,154 - INFO - [round 21] pick 5/5: CCN(CC)c1cnn(CC(=NOC)c2ccc(Cl)cc2)c(=O)c1Br | UCB=0.9825 | mu=0.3453 | std=0.901 | f=0.1632
2025-10-10 13:00:38,223 - INFO - Round 21 done in 71.21s; train size=120
2025-10-10 13:00:38,223 - INFO - 
--- Round 22 | trial=2 | sqrt_beta=0.7071 (beta=0.5000) | rho=0.80 | train size=120 ---
2025-10-10 13:01:51,775 - INFO - [round 22] pick 1/5: CCCc1ccc(OCc2ccccc2)c2c(=O)cc(C(=O)OCC)oc12 | UCB=1.03 | mu=0.4267 | std=0.8536 | f=0.5423
2025-10-10 13:01:51,847 - INFO - [round 22] pick 2/5: Cc1ccc(-c2nnn(CCCSc3nc4ccccc4o3)n2)cc1 | UCB=1.007 | mu=0.3918 | std=0.8705 | f=0.1479
2025-10-10 13:01:51,920 - INFO - [round 22] pick 3/5: CCCCN(C)Cc1coc(-c2ccccc2C)n1 | UCB=1.005 | mu=0.389 | std=0.8706 | f=0.1698
2025-10-10 13:01:51,992 - INFO - [round 22] pick 4/5: CCCn1ccc2cc(C(=O)c3cc(OC)c(OC)c(OC)c3)ccc21 | UCB=0.9954 | mu=0.4115 | std=0.8258 | f=0.4472
2025-10-10 13:01:52,066 - INFO - [round 22] pick 5/5: CCc1nnc(NC(=O)CCN2C(=O)c3ccccc3C2=O)s1 | UCB=0.9983 | mu=0.3776 | std=0.8778 | f=0.4623
2025-10-10 13:01:52,141 - INFO - Round 22 done in 73.92s; train size=125
2025-10-10 13:01:52,141 - INFO - 
--- Round 23 | trial=2 | sqrt_beta=0.7071 (beta=0.5000) | rho=0.80 | train size=125 ---
2025-10-10 13:03:09,148 - INFO - [round 23] pick 1/5: CCOC(=O)c1oc2cc(-c3ccccc3)cc(OC)c2c1C | UCB=1.036 | mu=0.455 | std=0.8218 | f=0.5502
2025-10-10 13:03:09,224 - INFO - [round 23] pick 2/5: CCCCn1c(=O)[nH]c(=O)c2c(C(=O)OCC)cc(-c3cccs3)nc21 | UCB=1.014 | mu=0.3887 | std=0.8841 | f=0.5
2025-10-10 13:03:09,302 - INFO - [round 23] pick 3/5: CCCn1nc(-c2nc(COc3ccccc3)no2)ccc1=O | UCB=1.012 | mu=0.3949 | std=0.8725 | f=0.436
2025-10-10 13:03:09,380 - INFO - [round 23] pick 4/5: COc1ccc(CNC(=O)CCN2C(=O)c3ccncc3C2=O)cc1OC | UCB=1.006 | mu=0.4301 | std=0.8144 | f=0.4313
2025-10-10 13:03:09,461 - INFO - [round 23] pick 5/5: O=C(O)CCc1nc2cc3ccccc3cc2[nH]c1=O | UCB=0.9995 | mu=0.3978 | std=0.8509 | f=0.4552
2025-10-10 13:03:09,542 - INFO - Round 23 done in 77.40s; train size=130
2025-10-10 13:03:09,542 - INFO - 
--- Round 24 | trial=2 | sqrt_beta=0.7071 (beta=0.5000) | rho=0.80 | train size=130 ---
2025-10-10 13:04:29,544 - INFO - [round 24] pick 1/5: CCOC(=O)c1c(C)nc2c(OCc3ccccc3)cccn12 | UCB=1.033 | mu=0.4457 | std=0.83 | f=0.5369
2025-10-10 13:04:29,627 - INFO - [round 24] pick 2/5: CCCC(=O)OCc1ccc2oc3cc(=O)c(NC(C)=O)cc-3nc2c1 | UCB=1.014 | mu=0.3796 | std=0.8968 | f=0.4685
2025-10-10 13:04:29,710 - INFO - [round 24] pick 3/5: CCN(CC)CCN1C(=O)C(O)(c2ccccc2)c2c1cc(C(N)=O)cc2C(F)(F)F | UCB=1.013 | mu=0.41 | std=0.8535 | f=0.4588
2025-10-10 13:04:29,796 - INFO - [round 24] pick 4/5: COc1ccc(F)cc1-c1cccc(-c2nn(CCCC#N)c(=O)o2)c1 | UCB=0.9966 | mu=0.3693 | std=0.8872 | f=0.3907
2025-10-10 13:04:29,882 - INFO - [round 24] pick 5/5: CCOC(=O)c1nc2sc(CC)c(C)c2c(=O)o1 | UCB=0.9838 | mu=0.339 | std=0.9119 | f=0.1738
2025-10-10 13:04:29,969 - INFO - Round 24 done in 80.43s; train size=135
2025-10-10 13:04:29,970 - INFO - 
--- Round 25 | trial=2 | sqrt_beta=0.7071 (beta=0.5000) | rho=0.80 | train size=135 ---
2025-10-10 13:05:52,224 - INFO - [round 25] pick 1/5: CCOc1cc2oc(-c3ccccc3)cc(=O)c2c(O)c1OC | UCB=1.036 | mu=0.4441 | std=0.8371 | f=0.4623
2025-10-10 13:05:52,313 - INFO - [round 25] pick 2/5: CCCOC(=O)c1ccc(N2C(=O)c3ccccc3C2=O)cc1 | UCB=1.023 | mu=0.4231 | std=0.8481 | f=0.4956
2025-10-10 13:05:52,403 - INFO - [round 25] pick 3/5: CCc1nc2c(OCc3cccc(Cl)c3)cccn2c1N(C)C(C)=O | UCB=1.015 | mu=0.4102 | std=0.8549 | f=0.4743
2025-10-10 13:05:52,494 - INFO - [round 25] pick 4/5: CCOC(=O)CCCn1c(N=[N+]=[N-])nc2cc(OC)c(OC)cc2c1=O | UCB=0.9825 | mu=0.3521 | std=0.8915 | f=0.1731
2025-10-10 13:05:52,587 - INFO - [round 25] pick 5/5: CCOC(=O)c1cc(-c2ccncc2)nc2c1c(C)nn2C | UCB=1.005 | mu=0.391 | std=0.8685 | f=0.491
2025-10-10 13:05:52,680 - INFO - Round 25 done in 82.71s; train size=140
2025-10-10 13:05:52,680 - INFO - 
--- Round 26 | trial=2 | sqrt_beta=0.7071 (beta=0.5000) | rho=0.80 | train size=140 ---
2025-10-10 13:07:15,540 - INFO - [round 26] pick 1/5: CCOC(=O)c1nc(-c2ccccc2)[nH]c1-n1nc(C)cc1C | UCB=1.033 | mu=0.4518 | std=0.8221 | f=0.5394
2025-10-10 13:07:15,636 - INFO - [round 26] pick 2/5: CCCn1ccc2cc(OCc3cccnc3)cc(Cl)c2c1=O | UCB=1.011 | mu=0.3839 | std=0.8871 | f=0.4491
2025-10-10 13:07:15,733 - INFO - [round 26] pick 3/5: COc1ccccc1OCCC(=O)OCCN1C(=O)c2ccccc2C1=O | UCB=1.012 | mu=0.432 | std=0.8207 | f=0.502
2025-10-10 13:07:15,831 - INFO - [round 26] pick 4/5: CCCC1C(=O)Oc2ccc(C(=O)c3cccs3)cc21 | UCB=0.9873 | mu=0.3478 | std=0.9044 | f=0.4432
2025-10-10 13:07:15,930 - INFO - [round 26] pick 5/5: CCOc1cc(-c2nnc(-c3ccco3)o2)cc(OCC)c1OCC | UCB=0.9801 | mu=0.3523 | std=0.8879 | f=0.4272
2025-10-10 13:07:16,031 - INFO - Round 26 done in 83.35s; train size=145
2025-10-10 13:07:16,031 - INFO - 
--- Round 27 | trial=2 | sqrt_beta=0.7071 (beta=0.5000) | rho=0.80 | train size=145 ---
2025-10-10 13:08:44,191 - INFO - [round 27] pick 1/5: CCOC(=O)c1cc(Cc2ccccc2)c(=O)[nH]c1C | UCB=1.032 | mu=0.4455 | std=0.8288 | f=0.2071
2025-10-10 13:08:44,295 - INFO - [round 27] pick 2/5: CCCn1c(C)cc(C(=O)COc2ccc(-c3nnco3)cc2)c1C | UCB=1.012 | mu=0.3936 | std=0.8745 | f=0.4399
2025-10-10 13:08:44,401 - INFO - [round 27] pick 3/5: CCCCc1nccn1Cc1ccc2oc(-c3ccccc3C(=O)O)cc2c1 | UCB=1.01 | mu=0.4082 | std=0.8515 | f=0.1595
2025-10-10 13:08:44,508 - INFO - [round 27] pick 4/5: COc1cc(C(=O)c2csc(-c3ccccc3)n2)cc(OC)c1OC(=O)C(F)(F)F | UCB=0.9964 | mu=0.4084 | std=0.8316 | f=0.4606
2025-10-10 13:08:44,617 - INFO - [round 27] pick 5/5: CCOP(=O)(OCC)C1CC(CN2C(=O)c3cccc4cccc(c34)C2=O)ON1C | UCB=0.983 | mu=0.3457 | std=0.9013 | f=0.1651
2025-10-10 13:08:44,727 - INFO - Round 27 done in 88.70s; train size=150
2025-10-10 13:08:44,727 - INFO - 
--- Round 28 | trial=2 | sqrt_beta=0.7071 (beta=0.5000) | rho=0.80 | train size=150 ---
2025-10-10 13:10:11,584 - INFO - [round 28] pick 1/5: CCOC(=O)c1ccc(OCc2nc3ccccc3n(C)c2=O)cc1 | UCB=1.022 | mu=0.4311 | std=0.8362 | f=0.5357
2025-10-10 13:10:11,693 - INFO - [round 28] pick 2/5: CCCC(=O)Nc1nc2nc(-c3ccccc3)cc(O)n2n1 | UCB=1.019 | mu=0.4254 | std=0.8394 | f=0.4318
2025-10-10 13:10:11,804 - INFO - [round 28] pick 3/5: CCCCn1nc(C)c2c(=O)[nH]c(-c3ccccc3OCCC)nc21 | UCB=1.012 | mu=0.4137 | std=0.8465 | f=0.4937
2025-10-10 13:10:11,917 - INFO - [round 28] pick 4/5: CCN1C(=O)C(=CC(=O)c2cccs2)c2cc(Br)ccc21 | UCB=0.9925 | mu=0.3673 | std=0.8841 | f=0.4152
2025-10-10 13:10:12,031 - INFO - [round 28] pick 5/5: COc1cc(Cl)ccc1OCc1cc(C(=O)N(C)CCc2cnn(C)c2)no1 | UCB=0.9825 | mu=0.3562 | std=0.8858 | f=0.4575
2025-10-10 13:10:12,146 - INFO - Round 28 done in 87.42s; train size=155
2025-10-10 13:10:12,146 - INFO - 
--- Round 29 | trial=2 | sqrt_beta=0.7071 (beta=0.5000) | rho=0.80 | train size=155 ---
2025-10-10 13:11:43,523 - INFO - [round 29] pick 1/5: CCOc1ccccc1NC(=O)Cn1c(=O)c(OCC)nc2cnccc21 | UCB=1.025 | mu=0.4186 | std=0.858 | f=0.4817
2025-10-10 13:11:43,642 - INFO - [round 29] pick 2/5: Cc1nc2ccc(C(=O)OCc3nnc(-c4ccccc4)o3)cc2nc1C | UCB=1.023 | mu=0.4252 | std=0.8453 | f=0.169
2025-10-10 13:11:43,885 - INFO - [round 29] pick 3/5: Cc1cc(C)cc(OC(=O)CCN2C(=O)c3ccccc3C2=O)c1 | UCB=1.012 | mu=0.4413 | std=0.8072 | f=0.4694
2025-10-10 13:11:44,005 - INFO - [round 29] pick 4/5: CCCOc1ccc2nc(-c3ccc(OCCOC)c(OC)c3)c(I)n2n1 | UCB=0.9896 | mu=0.3717 | std=0.8738 | f=0.4402
2025-10-10 13:11:44,127 - INFO - [round 29] pick 5/5: CCOC(=O)c1cc(-c2csc(NN=Cc3ccccc3Cl)n2)on1 | UCB=1.004 | mu=0.3849 | std=0.876 | f=0.523
2025-10-10 13:11:44,249 - INFO - Round 29 done in 92.10s; train size=160
2025-10-10 13:11:44,249 - INFO - 
--- Round 30 | trial=2 | sqrt_beta=0.7071 (beta=0.5000) | rho=0.80 | train size=160 ---
2025-10-10 13:13:21,974 - INFO - [round 30] pick 1/5: CCOC(=O)c1nn(CC)c(=O)c2nn(-c3ccccc3Cl)c(C)c12 | UCB=1.031 | mu=0.428 | std=0.853 | f=0.5826
2025-10-10 13:13:22,098 - INFO - [round 30] pick 2/5: CCCc1nc2ccc(C(=O)OC)cn2c1Cc1cccc(F)c1 | UCB=1.016 | mu=0.3963 | std=0.8761 | f=0.4783
2025-10-10 13:13:22,224 - INFO - [round 30] pick 3/5: CCOCOc1ccccc1C1C(C(=O)C(C)C)C(=O)C(=O)N1c1ccc(-c2nc(C)no2)cc1 | UCB=1.01 | mu=0.3921 | std=0.8735 | f=0.1806
2025-10-10 13:13:22,352 - INFO - [round 30] pick 4/5: CCC(C)=NNc1nc(-c2cc3cccc(OC)c3oc2=O)cs1 | UCB=1 | mu=0.3727 | std=0.8873 | f=0.4229
2025-10-10 13:13:22,482 - INFO - [round 30] pick 5/5: CCCOc1ccccc1C(=CCN(C)C)n1ccnc1 | UCB=0.9954 | mu=0.364 | std=0.8929 | f=0.1609
2025-10-10 13:13:22,614 - INFO - Round 30 done in 98.36s; train size=165
2025-10-10 13:13:22,614 - INFO - 
--- Round 31 | trial=2 | sqrt_beta=0.7071 (beta=0.5000) | rho=0.80 | train size=165 ---
2025-10-10 13:14:57,347 - INFO - [round 31] pick 1/5: CCOC(=O)c1ncc2c(c1COC)-c1ccccc1C2 | UCB=1.029 | mu=0.4139 | std=0.8696 | f=0.5633
2025-10-10 13:14:57,479 - INFO - [round 31] pick 2/5: CCCc1nc2ccccc2n1CC(=O)c1ccc(Cl)c(S(N)(=O)=O)c1 | UCB=1.022 | mu=0.4142 | std=0.8593 | f=0.4916
2025-10-10 13:14:57,613 - INFO - [round 31] pick 3/5: CCCn1nc(NC(=O)c2ccco2)c2cc3cc(C)ccc3nc21 | UCB=1.013 | mu=0.3871 | std=0.8851 | f=0.1531
2025-10-10 13:14:57,748 - INFO - [round 31] pick 4/5: CCOC(=O)C(O)=CC(=O)c1cn(Cc2cc(F)cc(Cl)c2)c2cccc(OC)c12 | UCB=1.005 | mu=0.3803 | std=0.8828 | f=0.5
2025-10-10 13:14:57,885 - INFO - [round 31] pick 5/5: CCc1nn2c(=O)c3cc(-c4ccccc4)sc3nc2s1 | UCB=1.008 | mu=0.4002 | std=0.8589 | f=0.1515
2025-10-10 13:14:58,023 - INFO - Round 31 done in 95.41s; train size=170
2025-10-10 13:14:58,023 - INFO - 
--- Round 32 | trial=2 | sqrt_beta=0.7071 (beta=0.5000) | rho=0.80 | train size=170 ---
2025-10-10 13:16:36,618 - INFO - [round 32] pick 1/5: CCOC(=O)c1cn(C2=CC(=O)c3ccccc3C2=O)nn1 | UCB=1.028 | mu=0.4201 | std=0.8594 | f=0.5135
2025-10-10 13:16:36,758 - INFO - [round 32] pick 2/5: CCOc1cc(C(N)=O)cc(Cl)c1OCc1ccccc1 | UCB=1.027 | mu=0.4463 | std=0.8205 | f=0.1957
2025-10-10 13:16:36,900 - INFO - [round 32] pick 3/5: CCCC(=O)Nc1nc(-c2ccc(OCc3c(Cl)cccc3Cl)cc2)c(C(=O)OCC)s1 | UCB=1.014 | mu=0.4053 | std=0.8614 | f=0.5427
2025-10-10 13:16:37,052 - INFO - [round 32] pick 4/5: CCn1ncc2[nH]c(-c3ccc(OC)c(COC)c3)nc21 | UCB=0.9886 | mu=0.3646 | std=0.8825 | f=0.4492
2025-10-10 13:16:37,200 - INFO - [round 32] pick 5/5: CCOC(=O)c1nn(CCO)c(C)c1Cc1cc(Cl)cc(Cl)c1 | UCB=1.004 | mu=0.3757 | std=0.8886 | f=0.1839
2025-10-10 13:16:37,349 - INFO - Round 32 done in 99.33s; train size=175
2025-10-10 13:16:37,349 - INFO - 
--- Round 33 | trial=2 | sqrt_beta=0.7071 (beta=0.5000) | rho=0.80 | train size=175 ---
2025-10-10 13:18:22,962 - INFO - [round 33] pick 1/5: CCOC(=O)c1ccc(NC(=O)CSc2nnc(COc3ccccc3OC)n2C)cc1 | UCB=1.035 | mu=0.4484 | std=0.8292 | f=0.5498
2025-10-10 13:18:23,112 - INFO - [round 33] pick 2/5: CCOC(C)=C1C(=O)N(CC)c2ccccc21 | UCB=1.017 | mu=0.417 | std=0.8481 | f=0.1895
2025-10-10 13:18:23,263 - INFO - [round 33] pick 3/5: CCOC(Cc1ccc(OCc2nc(-c3ccsc3)oc2C)cc1)C(=O)O | UCB=1.003 | mu=0.4093 | std=0.8399 | f=0.4507
2025-10-10 13:18:23,416 - INFO - [round 33] pick 4/5: FC(F)(F)c1cn2cccc(OCc3c(Cl)cccc3Cl)c2n1 | UCB=0.9894 | mu=0.3677 | std=0.8792 | f=0.4183
2025-10-10 13:18:23,570 - INFO - [round 33] pick 5/5: CCCC(=O)Oc1cc(O)cc2oc(-c3ccc(O)c(O)c3)cc(=O)c12 | UCB=0.9861 | mu=0.3615 | std=0.8832 | f=0.405
2025-10-10 13:18:23,726 - INFO - Round 33 done in 106.38s; train size=180
2025-10-10 13:18:23,726 - INFO - 
--- Round 34 | trial=2 | sqrt_beta=0.7071 (beta=0.5000) | rho=0.80 | train size=180 ---
2025-10-10 13:20:09,658 - INFO - [round 34] pick 1/5: CCOC(=O)N(C)c1c(CC)nc2c(OCc3ccccc3C(=O)OC)cccn12 | UCB=1.036 | mu=0.4689 | std=0.8014 | f=0.575
2025-10-10 13:20:09,815 - INFO - [round 34] pick 2/5: CCOC(=O)c1cc(-c2cccc(OCc3ccc(F)c(F)c3)c2)on1 | UCB=1.027 | mu=0.424 | std=0.8526 | f=0.4771
2025-10-10 13:20:09,975 - INFO - [round 34] pick 3/5: CCn1c(=S)sc2c(NC(=O)Nc3ccccc3OC)ncnc21 | UCB=1.007 | mu=0.3868 | std=0.8766 | f=0.4564
2025-10-10 13:20:10,136 - INFO - [round 34] pick 4/5: CCCOC(=O)c1nn(CC)c(=O)c2nn(-c3cccc([N+](=O)[O-])c3)c(C)c12 | UCB=1.003 | mu=0.4245 | std=0.8181 | f=0.4817
2025-10-10 13:20:10,298 - INFO - [round 34] pick 5/5: COc1ccc(-c2nc3sccn3c2C=NN=C(N)N)cc1OC | UCB=0.9789 | mu=0.3554 | std=0.8819 | f=0.3883
2025-10-10 13:20:10,463 - INFO - Round 34 done in 106.74s; train size=185
2025-10-10 13:20:10,463 - INFO - 
--- Round 35 | trial=2 | sqrt_beta=0.7071 (beta=0.5000) | rho=0.80 | train size=185 ---
2025-10-10 13:22:01,048 - INFO - [round 35] pick 1/5: CCOC(=O)c1cc(COc2cccc3cccnc23)on1 | UCB=1.036 | mu=0.4479 | std=0.831 | f=0.4978
2025-10-10 13:22:01,220 - INFO - [round 35] pick 2/5: CC=Cc1ccc(OCC(=O)OCc2csc(CC(=O)Nc3ccccc3C)n2)c(OC)c1 | UCB=1.021 | mu=0.4153 | std=0.8573 | f=0.5073
2025-10-10 13:22:01,389 - INFO - [round 35] pick 3/5: CCCn1c(-c2ccccc2)nc2c(=O)n(C)c(=O)[nH]c21 | UCB=0.999 | mu=0.4071 | std=0.8371 | f=0.4629
2025-10-10 13:22:01,560 - INFO - [round 35] pick 4/5: CCOC(=O)c1ccc(C=C2SC(=S)N(c3cccc(C(F)(F)F)c3)C2=O)cc1 | UCB=1.012 | mu=0.4177 | std=0.8402 | f=0.4455
2025-10-10 13:22:01,732 - INFO - [round 35] pick 5/5: CCCC(=O)N1c2ccccc2C(=C2SC(C(=O)OC)=C(C(=O)OC)S2)C(=S)C1(C)C | UCB=0.9935 | mu=0.3578 | std=0.8991 | f=0.527
2025-10-10 13:22:01,906 - INFO - Round 35 done in 111.44s; train size=190
2025-10-10 13:22:01,906 - INFO - 
--- Round 36 | trial=2 | sqrt_beta=0.7071 (beta=0.5000) | rho=0.80 | train size=190 ---
2025-10-10 13:23:50,157 - INFO - [round 36] pick 1/5: CCOC(=O)c1cc(OCc2csc(-c3ccccc3)n2)cc(C(=O)OCC)c1 | UCB=1.04 | mu=0.4589 | std=0.8221 | f=0.5581
2025-10-10 13:23:50,333 - INFO - [round 36] pick 2/5: CCCc1c(O)cccc1OCc1ccc(C(=O)O)cc1OC | UCB=1.027 | mu=0.4301 | std=0.8447 | f=0.1749
2025-10-10 13:23:50,512 - INFO - [round 36] pick 3/5: COC(=O)c1ccccc1NC(=O)Cn1c(=O)cc(C)c2c(C)nn(C)c21 | UCB=1.018 | mu=0.4035 | std=0.8696 | f=0.5186
2025-10-10 13:23:50,691 - INFO - [round 36] pick 4/5: CCCCC(Oc1cc(C(F)(F)F)nc2c(C(F)(F)F)cccc12)c1cc(C(=O)OCC)no1 | UCB=1.002 | mu=0.3831 | std=0.8754 | f=0.4629
2025-10-10 13:23:50,873 - INFO - [round 36] pick 5/5: CCCn1c(=O)c(-c2c(Cl)cccc2Cl)cc2cnc(N)nc21 | UCB=0.9876 | mu=0.3675 | std=0.8769 | f=0.4415
2025-10-10 13:23:51,057 - INFO - Round 36 done in 109.15s; train size=195
2025-10-10 13:23:51,057 - INFO - 
--- Round 37 | trial=2 | sqrt_beta=0.7071 (beta=0.5000) | rho=0.80 | train size=195 ---
2025-10-10 13:25:45,511 - INFO - [round 37] pick 1/5: CCOC(=O)c1c(N)n(CCOC(=O)c2cccs2)c2nc3ccccc3nc12 | UCB=1.048 | mu=0.4365 | std=0.8646 | f=0.2018
2025-10-10 13:25:45,695 - INFO - [round 37] pick 2/5: CCN1c2ncc(COc3ccccc3C(=O)OC)cc2C(=O)N(C)c2ccc(Cl)nc21 | UCB=1.032 | mu=0.43 | std=0.8507 | f=0.1894
2025-10-10 13:25:45,882 - INFO - [round 37] pick 3/5: C=C(COC)C(=O)Nc1cccc(-c2ncnc3[nH]cc(C(=O)OCC)c23)c1 | UCB=1.018 | mu=0.3941 | std=0.8825 | f=0.518
2025-10-10 13:25:46,071 - INFO - [round 37] pick 4/5: CCCn1c(SCC(=O)Nc2ccccc2Cl)nc2c1c(=O)n(C)c(=O)n2C | UCB=1.017 | mu=0.4142 | std=0.8524 | f=0.502
2025-10-10 13:25:46,262 - INFO - [round 37] pick 5/5: COCCN(Cc1cccs1)S(=O)(=O)c1cc(-c2cc(C)no2)ccc1C | UCB=0.998 | mu=0.3649 | std=0.8954 | f=0.4419
2025-10-10 13:25:46,454 - INFO - Round 37 done in 115.40s; train size=200
2025-10-10 13:25:46,454 - INFO - 
--- Round 38 | trial=2 | sqrt_beta=0.7071 (beta=0.5000) | rho=0.80 | train size=200 ---
2025-10-10 13:27:43,700 - INFO - [round 38] pick 1/5: CCOC(=O)c1cc2sccc2n1CC(=O)Nc1ccc(OC)cc1OC | UCB=1.044 | mu=0.4384 | std=0.8559 | f=0.5244
2025-10-10 13:27:43,894 - INFO - [round 38] pick 2/5: CCCn1c(=NC(=O)c2cccnc2)c(C(=O)OCC)cc2c(=O)n3ccccc3nc21 | UCB=1.034 | mu=0.427 | std=0.8587 | f=0.1819
2025-10-10 13:27:44,091 - INFO - [round 38] pick 3/5: CCOc1cnc(-c2c(-c3ccccc3Cl)noc2C)o1 | UCB=0.9986 | mu=0.3817 | std=0.8725 | f=0.4954
2025-10-10 13:27:44,290 - INFO - [round 38] pick 4/5: COc1ccccc1CNC(=O)Cn1nc(-c2ccc(F)cc2)oc1=O | UCB=1.016 | mu=0.4244 | std=0.8365 | f=0.4454
2025-10-10 13:27:44,489 - INFO - [round 38] pick 5/5: CCOC(=O)Cc1csc(NC(=O)CCN2C(=O)c3cccc([N+](=O)[O-])c3C2=O)n1 | UCB=1.014 | mu=0.4027 | std=0.8638 | f=0.4705
2025-10-10 13:27:44,691 - INFO - Round 38 done in 118.24s; train size=205
2025-10-10 13:27:44,692 - INFO - 
--- Round 39 | trial=2 | sqrt_beta=0.7071 (beta=0.5000) | rho=0.80 | train size=205 ---
2025-10-10 13:29:44,900 - INFO - [round 39] pick 1/5: CCOC(=O)c1cccc(NC(=O)CS(=O)(=O)Cc2nc(-c3cccc(OC)c3)oc2C)c1 | UCB=1.04 | mu=0.4485 | std=0.8359 | f=0.5203
2025-10-10 13:29:45,106 - INFO - [round 39] pick 2/5: CCOc1ccccc1NC(=O)CSc1nnc2[nH]c(=O)cc(C)n12 | UCB=1.029 | mu=0.4416 | std=0.831 | f=0.4937
2025-10-10 13:29:45,327 - INFO - [round 39] pick 3/5: COC(=O)c1sc2cc(C(F)(F)F)cnc2c1-c1ccccc1 | UCB=1.009 | mu=0.4158 | std=0.8388 | f=0.4642
2025-10-10 13:29:45,538 - INFO - [round 39] pick 4/5: CCCn1nc(C)c2c1NC(=O)CN=C2c1ccccc1Cl | UCB=1.006 | mu=0.4015 | std=0.8555 | f=0.5135
2025-10-10 13:29:45,750 - INFO - [round 39] pick 5/5: CCCN(Cc1ccncc1)c1c(OC)nn2c(-c3c(OC)cc(COC)cc3OC)csc12 | UCB=0.9805 | mu=0.3465 | std=0.8967 | f=0.1507
2025-10-10 13:29:45,963 - INFO - Round 39 done in 121.27s; train size=210
