2025-10-18 00:50:49,173 - INFO - 
--- Round 0 | trial=9 | sqrt_beta=3.1623 (beta=10.0000) | rho=0.80 | train size=10 ---
2025-10-18 00:51:00,201 - INFO - [round 0] pick 1/5: CCOC(=O)C(C#N)=CN1CCOCC1 | UCB=3.195 | mu=0.05826 | std=0.9918 | f=0.007439
2025-10-18 00:51:00,201 - INFO - [round 0] pick 2/5: S=c1cc(C2CC2)ss1 | UCB=3.189 | mu=0.04855 | std=0.993 | f=0.08623
2025-10-18 00:51:00,202 - INFO - [round 0] pick 3/5: CCC(C)C(NC(=O)C1CCCN1C(=O)C(NC(=O)C(NC(=O)C(CC(=O)O)NC(=O)C(CC(=O)O)NC(C)=O)C(C)CC)C(C)C)C(=O)O | UCB=3.192 | mu=0.05882 | std=0.9909 | f=0.008093
2025-10-18 00:51:00,203 - INFO - [round 0] pick 4/5: CC1OC=CC(O)C1O | UCB=3.185 | mu=0.04217 | std=0.9938 | f=0.004317
2025-10-18 00:51:00,205 - INFO - [round 0] pick 5/5: c1cc(CN2CCCNCCCNCCNCCC2)cc(CN2CCCNCCCNCCNCCC2)c1 | UCB=3.186 | mu=0.0493 | std=0.992 | f=0.08794
2025-10-18 00:51:00,206 - INFO - Round 0 done in 11.03s; train size=15
2025-10-18 00:51:00,206 - INFO - 
--- Round 1 | trial=9 | sqrt_beta=3.1623 (beta=10.0000) | rho=0.80 | train size=15 ---
2025-10-18 00:51:14,024 - INFO - [round 1] pick 1/5: C=CCOc1cc(F)c(Cl)cc1C1CC1CN | UCB=3.181 | mu=0.07235 | std=0.9831 | f=0.09238
2025-10-18 00:51:14,026 - INFO - [round 1] pick 2/5: C1=CSSC=CSS1 | UCB=3.175 | mu=0.02629 | std=0.9958 | f=0
2025-10-18 00:51:14,027 - INFO - [round 1] pick 3/5: CC1CC2CCC(O2)C(C)C(=O)OC(C)CC2CCC(O2)C(C)C(=O)OC(C)CC2CCC(O2)C(C)C(=O)OC(C)CC2CCC(O2)C(C)C(=O)O1 | UCB=3.175 | mu=0.03267 | std=0.9938 | f=0.005367
2025-10-18 00:51:14,029 - INFO - [round 1] pick 4/5: CN=C(NC)SCc1c(Br)c(Br)c(Br)c(Br)c1Br | UCB=3.177 | mu=0.03733 | std=0.9927 | f=0.07738
2025-10-18 00:51:14,030 - INFO - [round 1] pick 5/5: O=[N+]([O-])C(F)(COCC(O)CO)[N+](=O)[O-] | UCB=3.174 | mu=0.02226 | std=0.9965 | f=0.005155
2025-10-18 00:51:14,032 - INFO - Round 1 done in 13.83s; train size=20
2025-10-18 00:51:14,032 - INFO - 
--- Round 2 | trial=9 | sqrt_beta=3.1623 (beta=10.0000) | rho=0.80 | train size=20 ---
2025-10-18 00:51:29,598 - INFO - [round 2] pick 1/5: O=S1(=O)NCNc2c(Cl)sc(Cl)c21 | UCB=3.174 | mu=0.0452 | std=0.9894 | f=0.06278
2025-10-18 00:51:29,600 - INFO - [round 2] pick 2/5: S=C(S)[N-]C[N-]C(=S)S | UCB=3.17 | mu=0.01429 | std=0.998 | f=0.003326
2025-10-18 00:51:29,602 - INFO - [round 2] pick 3/5: CC1=CCP(C(F)(F)F)P(C(F)(F)F)C1 | UCB=3.171 | mu=0.02814 | std=0.9937 | f=0.003081
2025-10-18 00:51:29,605 - INFO - [round 2] pick 4/5: ON=Cc1cc[n+](CCOCCOCCCl)cc1 | UCB=3.169 | mu=0.04691 | std=0.9873 | f=0.07573
2025-10-18 00:51:29,607 - INFO - [round 2] pick 5/5: ClC1C(Cl)C(Cl)C(Cl)C(Cl)C1Cl | UCB=3.168 | mu=0.01405 | std=0.9972 | f=0.003205
2025-10-18 00:51:29,610 - INFO - Round 2 done in 15.58s; train size=25
2025-10-18 00:51:29,610 - INFO - 
--- Round 3 | trial=9 | sqrt_beta=3.1623 (beta=10.0000) | rho=0.80 | train size=25 ---
2025-10-18 00:51:47,145 - INFO - [round 3] pick 1/5: N#CC1(C#N)NC(c2ccsc2)C(C#N)(C#N)NC1c1ccsc1 | UCB=3.168 | mu=0.04633 | std=0.9873 | f=0.1208
2025-10-18 00:51:47,148 - INFO - [round 3] pick 2/5: [O-][n+]1onc2c1-c1nonc1CC2 | UCB=3.167 | mu=0.03083 | std=0.9917 | f=0.1367
2025-10-18 00:51:47,151 - INFO - [round 3] pick 3/5: ClC=CC[N+]12CN3CN(CN(C3)C1)C2 | UCB=3.166 | mu=0.02287 | std=0.9941 | f=0.004729
2025-10-18 00:51:47,154 - INFO - [round 3] pick 4/5: ClC(Br)Br | UCB=3.165 | mu=0.007636 | std=0.9985 | f=0.002074
2025-10-18 00:51:47,157 - INFO - [round 3] pick 5/5: CO[Si](OC)(OC)OC | UCB=3.164 | mu=0.008351 | std=0.9979 | f=0.003861
2025-10-18 00:51:47,161 - INFO - Round 3 done in 17.55s; train size=30
2025-10-18 00:51:47,161 - INFO - 
--- Round 4 | trial=9 | sqrt_beta=3.1623 (beta=10.0000) | rho=0.80 | train size=30 ---
2025-10-18 00:52:07,597 - INFO - [round 4] pick 1/5: OCc1ccc2cc1OCC#CC=CC#CCO2 | UCB=3.168 | mu=0.0818 | std=0.9759 | f=0.06717
2025-10-18 00:52:07,601 - INFO - [round 4] pick 2/5: NNc1nnc(S)n1N | UCB=3.165 | mu=0.02161 | std=0.9941 | f=0.05395
2025-10-18 00:52:07,605 - INFO - [round 4] pick 3/5: CC12CC(C)(OO1)OO2 | UCB=3.166 | mu=0.02 | std=0.9948 | f=0.00329
2025-10-18 00:52:07,609 - INFO - [round 4] pick 4/5: O=CC=O | UCB=3.161 | mu=0.01033 | std=0.9964 | f=0.002933
2025-10-18 00:52:07,613 - INFO - [round 4] pick 5/5: C=C=C | UCB=3.161 | mu=0.0002124 | std=0.9996 | f=0
2025-10-18 00:52:07,617 - INFO - Round 4 done in 20.46s; train size=35
2025-10-18 00:52:07,618 - INFO - 
--- Round 5 | trial=9 | sqrt_beta=3.1623 (beta=10.0000) | rho=0.80 | train size=35 ---
2025-10-18 00:52:29,987 - INFO - [round 5] pick 1/5: CC=CCC=CCC=CCC=CCC=CCC=CCCCC(=O)Nc1c(C)cccc1C | UCB=3.165 | mu=0.05352 | std=0.9838 | f=0.09405
2025-10-18 00:52:29,992 - INFO - [round 5] pick 2/5: O=c1sc2c(s1)SSSSS2 | UCB=3.163 | mu=0.02976 | std=0.991 | f=0.03643
2025-10-18 00:52:29,997 - INFO - [round 5] pick 3/5: [O-][Cl+]O | UCB=3.161 | mu=0.003859 | std=0.9983 | f=0.002101
2025-10-18 00:52:30,002 - INFO - [round 5] pick 4/5: Oc1cc(O)c2c(c1)OC(c1cc(O)c(Oc3cc(O)c4c(c3)OC(c3cc(O)c(O)c(O)c3)C(O)C4)c(O)c1)C(O)C2 | UCB=3.161 | mu=0.05817 | std=0.9811 | f=0.003582
2025-10-18 00:52:30,007 - INFO - [round 5] pick 5/5: C#CCOc1nc(OCC#C)nc(OCC#C)n1 | UCB=3.162 | mu=0.02892 | std=0.9907 | f=0.06773
2025-10-18 00:52:30,013 - INFO - Round 5 done in 22.40s; train size=40
2025-10-18 00:52:30,013 - INFO - 
--- Round 6 | trial=9 | sqrt_beta=3.1623 (beta=10.0000) | rho=0.80 | train size=40 ---
2025-10-18 00:52:53,862 - INFO - [round 6] pick 1/5: F[B-]1(F)n2cccc2C=C2C=CC=[N+]21 | UCB=3.161 | mu=0.06034 | std=0.9806 | f=0.03508
2025-10-18 00:52:53,868 - INFO - [round 6] pick 2/5: CC(=NNC(=N)N)c1cc(C(C)=NNC(=N)N)cc(C(C)=NNC(=N)N)c1 | UCB=3.161 | mu=0.03892 | std=0.9872 | f=0.08346
2025-10-18 00:52:53,874 - INFO - [round 6] pick 3/5: CN(C)CC#CCCC1SCCCS1 | UCB=3.157 | mu=0.03286 | std=0.988 | f=0.005763
2025-10-18 00:52:53,881 - INFO - [round 6] pick 4/5: ClC1(Cl)C2(Cl)C3(Cl)C4(Cl)C(Cl)(Cl)C5(Cl)C3(Cl)C1(Cl)C5(Cl)C24Cl | UCB=3.156 | mu=0.002679 | std=0.9973 | f=0
2025-10-18 00:52:53,887 - INFO - [round 6] pick 5/5: Clc1c(I)c(I)c2[nH]cnc2c1I | UCB=3.159 | mu=0.04656 | std=0.9843 | f=0
2025-10-18 00:52:53,894 - INFO - Round 6 done in 23.88s; train size=45
2025-10-18 00:52:53,894 - INFO - 
--- Round 7 | trial=9 | sqrt_beta=3.1623 (beta=10.0000) | rho=0.80 | train size=45 ---
2025-10-18 00:53:20,955 - INFO - [round 7] pick 1/5: O=NN1CC=CC1 | UCB=3.157 | mu=0.02956 | std=0.9889 | f=0.003927
2025-10-18 00:53:20,962 - INFO - [round 7] pick 2/5: CC(C)(C)C1=CC(=CC=Cc2cc(C(C)(C)C)[s+]c(C(C)(C)C)c2)C=C(C(C)(C)C)O1 | UCB=3.156 | mu=0.04614 | std=0.9833 | f=0.0522
2025-10-18 00:53:20,970 - INFO - [round 7] pick 3/5: [N-]=[N+]=NCC1OC(OS(=O)(=O)O)C(OS(=O)(=O)O)C(OS(=O)(=O)O)C1OS(=O)(=O)O | UCB=3.156 | mu=0.02376 | std=0.9904 | f=0.004661
2025-10-18 00:53:20,978 - INFO - [round 7] pick 4/5: CCSC(=N)N | UCB=3.152 | mu=0.02172 | std=0.99 | f=0.004045
2025-10-18 00:53:20,986 - INFO - [round 7] pick 5/5: C=CC(O)C#CC#CC(O)C(C)O | UCB=3.151 | mu=0.01122 | std=0.9928 | f=0.004096
2025-10-18 00:53:20,994 - INFO - Round 7 done in 27.10s; train size=50
2025-10-18 00:53:20,994 - INFO - 
--- Round 8 | trial=9 | sqrt_beta=3.1623 (beta=10.0000) | rho=0.80 | train size=50 ---
2025-10-18 00:53:50,108 - INFO - [round 8] pick 1/5: COc1cc(C=CC(=O)OCC2COC(=O)CCCCCCCCCCCCCCCCCCCCCCCCCCCCCO2)ccc1O | UCB=3.152 | mu=0.0589 | std=0.9781 | f=0.1073
2025-10-18 00:53:50,117 - INFO - [round 8] pick 2/5: Cc1nnsc1C1=NNC2SC(CCl)=NN12 | UCB=3.15 | mu=0.05124 | std=0.9798 | f=0.06921
2025-10-18 00:53:50,126 - INFO - [round 8] pick 3/5: N#CCNCC#N | UCB=3.147 | mu=0.01257 | std=0.9911 | f=0.003401
2025-10-18 00:53:50,136 - INFO - [round 8] pick 4/5: S=C(NNC(=S)NC1CC2C=CC1C2)NC1CC2C=CC1C2 | UCB=3.149 | mu=0.03686 | std=0.984 | f=0.005455
2025-10-18 00:53:50,146 - INFO - [round 8] pick 5/5: C[Si]1(C)N[Si](C)(C)N[Si](C)(C)N1 | UCB=3.146 | mu=0.004552 | std=0.9934 | f=0.003205
2025-10-18 00:53:50,156 - INFO - Round 8 done in 29.16s; train size=55
2025-10-18 00:53:50,156 - INFO - 
--- Round 9 | trial=9 | sqrt_beta=3.1623 (beta=10.0000) | rho=0.80 | train size=55 ---
2025-10-18 00:54:21,612 - INFO - [round 9] pick 1/5: COCCOCCOCCOCCOCCOCCOCCOCCOCCOC1CCC2(O)C3Cc4ccc(O)c5c4C2(CCN3CC2CCC2)C1O5 | UCB=3.148 | mu=0.04621 | std=0.9808 | f=0.1074
2025-10-18 00:54:21,623 - INFO - [round 9] pick 2/5: c1cocn1 | UCB=3.146 | mu=0.0198 | std=0.9886 | f=0
2025-10-18 00:54:21,634 - INFO - [round 9] pick 3/5: CN1C=C(Br)N(O)N1 | UCB=3.146 | mu=0.02571 | std=0.9868 | f=0.003363
2025-10-18 00:54:21,646 - INFO - [round 9] pick 4/5: CN(C(=O)C12C3C4C5C3C1(C(=O)C13C6C7C8C6C1C8C73)C5C42)C(C)(C)C | UCB=3.143 | mu=0.02053 | std=0.9874 | f=0.005543
2025-10-18 00:54:21,657 - INFO - [round 9] pick 5/5: N=C(NN=Cc1c(F)c(F)c(F)c(F)c1F)NN=Cc1c(F)c(F)c(F)c(F)c1F | UCB=3.142 | mu=0.02416 | std=0.9859 | f=0.1162
2025-10-18 00:54:21,669 - INFO - Round 9 done in 31.51s; train size=60
2025-10-18 00:54:21,669 - INFO - 
--- Round 10 | trial=9 | sqrt_beta=3.1623 (beta=10.0000) | rho=0.80 | train size=60 ---
2025-10-18 00:54:56,167 - INFO - [round 10] pick 1/5: C=C(Br)COc1noc2c1CNCC2 | UCB=3.145 | mu=0.05108 | std=0.9785 | f=0.08794
2025-10-18 00:54:56,180 - INFO - [round 10] pick 2/5: CCNCCCCNCCCCNCCCCNCCCCNCC=C(CS)CNCCCCNCCCCNCCCCNCCCCNCC | UCB=3.145 | mu=0.008918 | std=0.9918 | f=0.003747
2025-10-18 00:54:56,193 - INFO - [round 10] pick 3/5: Cc1cc2c(cc1C)[n+]([O-])c(C#N)c[n+]2[O-] | UCB=3.143 | mu=0.06412 | std=0.9737 | f=0.1336
2025-10-18 00:54:56,207 - INFO - [round 10] pick 4/5: C1C[N+]23CCC[N+]2(C1)CCC3 | UCB=3.142 | mu=0.01473 | std=0.9889 | f=0.00492
2025-10-18 00:54:56,221 - INFO - [round 10] pick 5/5: O=P(Cl)(Cl)Cl | UCB=3.14 | mu=0.006041 | std=0.991 | f=0.002048
2025-10-18 00:54:56,235 - INFO - Round 10 done in 34.57s; train size=65
2025-10-18 00:54:56,235 - INFO - 
--- Round 11 | trial=9 | sqrt_beta=3.1623 (beta=10.0000) | rho=0.80 | train size=65 ---
2025-10-18 00:55:32,576 - INFO - [round 11] pick 1/5: O=C1NC2NC(=O)N([N+](=O)[O-])C2N1 | UCB=3.143 | mu=0.03514 | std=0.9827 | f=0.004486
2025-10-18 00:55:32,591 - INFO - [round 11] pick 2/5: CSc1nncc(-c2cnnc(SC)n2)n1 | UCB=3.141 | mu=0.04837 | std=0.9781 | f=0.1319
2025-10-18 00:55:32,607 - INFO - [round 11] pick 3/5: CC(C)=CCCC(C)=CCCC(C)=CCCC(C)=CCCC(C)=CCCC(C)=CCCC(C)=CCCC(C)=CCc1cccc(OS(=O)(=O)O)c1 | UCB=3.141 | mu=0.05401 | std=0.9762 | f=0.09403
2025-10-18 00:55:32,623 - INFO - [round 11] pick 4/5: FS(F)(F)(F)(F)F | UCB=3.137 | mu=0.002341 | std=0.9912 | f=0
2025-10-18 00:55:32,639 - INFO - [round 11] pick 5/5: OCC1OC(OC2C(CO)OC(SCc3cn(C4OC(CO)C(OC5OC(CO)C(O)C(O)C5O)C(O)C4O)nn3)C(O)C2O)C(O)C(O)C1O | UCB=3.14 | mu=0.02868 | std=0.9838 | f=0.07784
2025-10-18 00:55:32,656 - INFO - Round 11 done in 36.42s; train size=70
2025-10-18 00:55:32,656 - INFO - 
--- Round 12 | trial=9 | sqrt_beta=3.1623 (beta=10.0000) | rho=0.80 | train size=70 ---
2025-10-18 00:56:12,700 - INFO - [round 12] pick 1/5: OC1=NC(=Cc2cnn3c(=NC4CC4)[nH]c(=NCC(F)F)[nH]c23)C(O)=N1 | UCB=3.142 | mu=0.06096 | std=0.9744 | f=0.2582
2025-10-18 00:56:12,718 - INFO - [round 12] pick 2/5: C=CCSSC=CC[S+]([O-])Cc1ccc(OC)cc1 | UCB=3.142 | mu=0.08712 | std=0.966 | f=0.07509
2025-10-18 00:56:12,737 - INFO - [round 12] pick 3/5: CSCCC(N)C(=O)OCC1SC(CC=O)SC1COC(=O)C(N)CCSC | UCB=3.14 | mu=0.04094 | std=0.98 | f=0.007448
2025-10-18 00:56:12,755 - INFO - [round 12] pick 4/5: CC(C=CC1=C(C)CCCC1(C)C)=CC=CC(C)=CC=NNC(=S)NC(=S)NN=CC=C(C)C=CC=C(C)C=CC1=C(C)CCCC1(C)C | UCB=3.136 | mu=0.04272 | std=0.9781 | f=0.004946
2025-10-18 00:56:12,775 - INFO - [round 12] pick 5/5: NS(=O)(=O)c1ccc(NS(=O)(=O)C(F)(F)C(F)(F)C(F)(F)C(F)(F)C(F)(F)C(F)(F)C(F)(F)C(F)(F)F)c(I)c1 | UCB=3.135 | mu=0.04589 | std=0.977 | f=0.05745
2025-10-18 00:56:12,794 - INFO - Round 12 done in 40.14s; train size=75
2025-10-18 00:56:12,795 - INFO - 
--- Round 13 | trial=9 | sqrt_beta=3.1623 (beta=10.0000) | rho=0.80 | train size=75 ---
2025-10-18 00:56:55,006 - INFO - [round 13] pick 1/5: CC1CC2CSC(=N)NC2(c2nc(N=C(O)c3coc(C(F)F)n3)cs2)CO1 | UCB=3.144 | mu=0.07501 | std=0.9705 | f=0.2813
2025-10-18 00:56:55,027 - INFO - [round 13] pick 2/5: S=C=Nc1cccc(N=C=S)c1 | UCB=3.139 | mu=0.07246 | std=0.9698 | f=0
2025-10-18 00:56:55,048 - INFO - [round 13] pick 3/5: CNP1(NC)=NP(NC)(NC)=NP(NC)(N2CC2)=N1 | UCB=3.136 | mu=0.02159 | std=0.985 | f=0.004519
2025-10-18 00:56:55,070 - INFO - [round 13] pick 4/5: Cc1nc(C)c(COC(=O)c2cc(OCc3nc(C)c(C)nc3C)c(OCc3nc(C)c(C)nc3C)c(OCc3nc(C)c(C)nc3C)c2)nc1C | UCB=3.138 | mu=0.04705 | std=0.9776 | f=2.873e-05
2025-10-18 00:56:55,092 - INFO - [round 13] pick 5/5: NCCC1CN=CN1 | UCB=3.134 | mu=0.02385 | std=0.9835 | f=0.003861
2025-10-18 00:56:55,115 - INFO - Round 13 done in 42.32s; train size=80
2025-10-18 00:56:55,115 - INFO - 
--- Round 14 | trial=9 | sqrt_beta=3.1623 (beta=10.0000) | rho=0.80 | train size=80 ---
2025-10-18 00:57:38,882 - INFO - [round 14] pick 1/5: OC(=NC1CCC(O)CC1)c1cnn2ccc(N3CCCC3c3cncc(F)c3)nc12 | UCB=3.146 | mu=0.1106 | std=0.9598 | f=0.1179
2025-10-18 00:57:38,906 - INFO - [round 14] pick 2/5: CC(C)N=C1SCC(C)(C=NO)S1 | UCB=3.139 | mu=0.04112 | std=0.9796 | f=0.00487
2025-10-18 00:57:38,930 - INFO - [round 14] pick 3/5: O=C(O)c1oc(C(=O)O)c(C(=O)O)c1C(=O)O | UCB=3.139 | mu=0.06321 | std=0.9728 | f=0.1202
2025-10-18 00:57:38,955 - INFO - [round 14] pick 4/5: C=CC1C2Cc3c(-c4nnn[nH]4)n[nH]c3C12 | UCB=3.141 | mu=0.06217 | std=0.9736 | f=0.1873
2025-10-18 00:57:38,980 - INFO - [round 14] pick 5/5: CC(Cl)(C=CBr)C(Cl)C=CC(=CCl)C(Cl)Cl | UCB=3.13 | mu=0.01499 | std=0.9851 | f=0.003525
2025-10-18 00:57:39,006 - INFO - Round 14 done in 43.89s; train size=85
2025-10-18 00:57:39,006 - INFO - 
--- Round 15 | trial=9 | sqrt_beta=3.1623 (beta=10.0000) | rho=0.80 | train size=85 ---
2025-10-18 00:58:27,167 - INFO - [round 15] pick 1/5: Cc1[nH][n+](C)c(C)c1[N-][S+](O)(O)=C1C=CC2=NC(=NC3CCNCC3)C=CC2=C1 | UCB=3.14 | mu=0.09482 | std=0.963 | f=0.1024
2025-10-18 00:58:27,195 - INFO - [round 15] pick 2/5: C=C1CC(N)C(C(=O)NO)C1 | UCB=3.139 | mu=0.05051 | std=0.9767 | f=0.00576
2025-10-18 00:58:27,222 - INFO - [round 15] pick 3/5: CCCCCCCCn1c2c(c(=N)c3c1CCC3)CCC2 | UCB=3.139 | mu=0.06541 | std=0.972 | f=0.1267
2025-10-18 00:58:27,250 - INFO - [round 15] pick 4/5: O=S1(=O)OCCOS(=O)(=O)C1(F)Br | UCB=3.133 | mu=0.02317 | std=0.9833 | f=0.004116
2025-10-18 00:58:27,278 - INFO - [round 15] pick 5/5: S=c1[nH]nc(Cc2n[nH]c(=S)s2)s1 | UCB=3.135 | mu=0.07144 | std=0.9687 | f=0.09667
2025-10-18 00:58:27,307 - INFO - Round 15 done in 48.30s; train size=90
2025-10-18 00:58:27,307 - INFO - 
--- Round 16 | trial=9 | sqrt_beta=3.1623 (beta=10.0000) | rho=0.80 | train size=90 ---
2025-10-18 00:59:18,190 - INFO - [round 16] pick 1/5: c1c2c(cc3c1SSc1cc4c(cc1SS3)OCO4)OCO2 | UCB=3.139 | mu=0.076 | std=0.9685 | f=0.1217
2025-10-18 00:59:18,221 - INFO - [round 16] pick 2/5: Cc1csc2nc(Cl)c(C=NN=C(N)N)n12 | UCB=3.138 | mu=0.07964 | std=0.967 | f=0.1637
2025-10-18 00:59:18,251 - INFO - [round 16] pick 3/5: CC1(C#N)C(O)C(COP(=O)(O)OP(=O)(O)OP(=O)(O)O)OC1(C#N)c1cnc2c(=N)nc[nH]n12 | UCB=3.135 | mu=0.06713 | std=0.97 | f=0.2548
2025-10-18 00:59:18,283 - INFO - [round 16] pick 4/5: C1CC2CN(c3nc4nonc4nc3N3CCSCC3)CCN2C1 | UCB=3.136 | mu=0.07644 | std=0.9676 | f=0.2592
2025-10-18 00:59:18,315 - INFO - [round 16] pick 5/5: CC1CC[S+]([O-])C1 | UCB=3.125 | mu=0.03223 | std=0.9781 | f=0.004895
2025-10-18 00:59:18,348 - INFO - Round 16 done in 51.04s; train size=95
2025-10-18 00:59:18,348 - INFO - 
--- Round 17 | trial=9 | sqrt_beta=3.1623 (beta=10.0000) | rho=0.80 | train size=95 ---
2025-10-18 01:00:12,450 - INFO - [round 17] pick 1/5: N=C1N=C(S)C2N=CN(C3CC(O)C(CO)O3)C2=N1 | UCB=3.145 | mu=0.09908 | std=0.9632 | f=0.00481
2025-10-18 01:00:12,484 - INFO - [round 17] pick 2/5: O=C1NC(=NN=CC(O)C(O)C(O)C(O)CO)NC1=Cc1ccco1 | UCB=3.142 | mu=0.08948 | std=0.9653 | f=0.0708
2025-10-18 01:00:12,518 - INFO - [round 17] pick 3/5: O=S(=O)(NS(=O)(=O)N1CCc2c(Cl)c(Cl)c(Cl)c(Cl)c2C1)N1CCc2c(Cl)c(Cl)c(Cl)c(Cl)c2C1 | UCB=3.136 | mu=0.05785 | std=0.9735 | f=0.2548
2025-10-18 01:00:12,554 - INFO - [round 17] pick 4/5: N=C(NCCCCNC(=N)c1cnccn1)c1cnccn1 | UCB=3.136 | mu=0.06427 | std=0.9715 | f=0.2157
2025-10-18 01:00:12,589 - INFO - [round 17] pick 5/5: CC(C)C12OC1C1OC13C1(OC1C1OC14C1=C(CCC43C)C(=O)OC1)C2=O | UCB=3.14 | mu=0.07055 | std=0.9707 | f=0.005705
2025-10-18 01:00:12,626 - INFO - Round 17 done in 54.28s; train size=100
2025-10-18 01:00:12,626 - INFO - 
--- Round 18 | trial=9 | sqrt_beta=3.1623 (beta=10.0000) | rho=0.80 | train size=100 ---
2025-10-18 01:01:06,448 - INFO - [round 18] pick 1/5: O=C(OCc1cc(Cl)cc(Cl)c1)N1CCN(CCCN=C(O)c2cnn[nH]2)CC1 | UCB=3.145 | mu=0.14 | std=0.9504 | f=0.3405
2025-10-18 01:01:06,486 - INFO - [round 18] pick 2/5: Cc1csc(NC(P(=O)(O)O)P(=O)(O)O)n1 | UCB=3.136 | mu=0.08295 | std=0.9655 | f=0.08752
2025-10-18 01:01:06,525 - INFO - [round 18] pick 3/5: Nc1nc(N)nc(NCCCNC2CCCCC2NCCCNc2nc(N)nc(N)n2)n1 | UCB=3.14 | mu=0.07995 | std=0.9678 | f=0.3299
2025-10-18 01:01:06,565 - INFO - [round 18] pick 4/5: C=Cc1ccc2c(c1)OCCOCCOCCOCCOCCO2 | UCB=3.132 | mu=0.07666 | std=0.9662 | f=0.07028
2025-10-18 01:01:06,606 - INFO - [round 18] pick 5/5: COc1c(C)c(OC)c(OC)c2c1C=C1C3c4c(c(OC)c(C)c(OC)c4OC)CC(C(C#N)N1C2CN1C(C#N)c2ccccc2C1C#N)N3C | UCB=3.127 | mu=0.06808 | std=0.9672 | f=0.08543
2025-10-18 01:01:06,648 - INFO - Round 18 done in 54.02s; train size=105
2025-10-18 01:01:06,648 - INFO - 
--- Round 19 | trial=9 | sqrt_beta=3.1623 (beta=10.0000) | rho=0.80 | train size=105 ---
2025-10-18 01:02:05,772 - INFO - [round 19] pick 1/5: [C-]#[N+]c1c(F)ccc(C2CN3CCN(C(=O)Cc4cnc(-n5cnnn5)nc4C)CC3CO2)c1Cl | UCB=3.155 | mu=0.1547 | std=0.9487 | f=0.1055
2025-10-18 01:02:05,814 - INFO - [round 19] pick 2/5: CN(CCCNC1=NCCN1)CCNC1=NCCN1 | UCB=3.148 | mu=0.08754 | std=0.9678 | f=0.005058
2025-10-18 01:02:05,857 - INFO - [round 19] pick 3/5: NCC12CCC(CNC(=O)N3CCN(C(=O)OC4CCCC(OC(=O)N5CCN(C(=O)NCC67CCC(CN)(CC6)CC7)CC5)CCC4)CC3)(CC1)CC2 | UCB=3.147 | mu=0.0699 | std=0.973 | f=0.006587
2025-10-18 01:02:05,900 - INFO - [round 19] pick 4/5: Nc1ncnc2c1ncn2CCOCP(=O)(OCCSSCCO)OCCSSCCO | UCB=3.146 | mu=0.07545 | std=0.971 | f=0.2118
2025-10-18 01:02:05,945 - INFO - [round 19] pick 5/5: Nc1nc2nc(O)nc(O)c2s1 | UCB=3.142 | mu=0.09801 | std=0.9625 | f=0.09853
2025-10-18 01:02:05,990 - INFO - Round 19 done in 59.34s; train size=110
2025-10-18 01:02:05,990 - INFO - 
--- Round 20 | trial=9 | sqrt_beta=3.1623 (beta=10.0000) | rho=0.80 | train size=110 ---
2025-10-18 01:03:06,561 - INFO - [round 20] pick 1/5: OCCN1CN(c2nc(N3CN(CCO)C3)nc(N3CN(CCO)C3)n2)C1 | UCB=3.145 | mu=0.1033 | std=0.962 | f=0.09976
2025-10-18 01:03:06,608 - INFO - [round 20] pick 2/5: O=C1C=CC2(C=C1Br)CC(C(=O)NCCSSCCNC(=O)C1=NOC3(C=CC(=O)C(Br)=C3)C1)=NO2 | UCB=3.145 | mu=0.1052 | std=0.9612 | f=0.005221
2025-10-18 01:03:06,655 - INFO - [round 20] pick 3/5: N#CC1=C(N)SC(N)=C(C#N)C1C1CC=CCC1 | UCB=3.14 | mu=0.1016 | std=0.9607 | f=0.004539
2025-10-18 01:03:06,702 - INFO - [round 20] pick 4/5: CCCCN(N=Nc1nonc1OC)c1nonc1OC | UCB=3.138 | mu=0.09243 | std=0.9631 | f=0.2716
2025-10-18 01:03:06,751 - INFO - [round 20] pick 5/5: c1c2n[nH]c1CNCCN1CCNCc3cc(n[nH]3)CNCCN(CCNC2)CCNCc2cc([nH]n2)CNCC1 | UCB=3.137 | mu=0.08688 | std=0.9647 | f=0.06572
2025-10-18 01:03:06,801 - INFO - Round 20 done in 60.81s; train size=115
2025-10-18 01:03:06,801 - INFO - 
--- Round 21 | trial=9 | sqrt_beta=3.1623 (beta=10.0000) | rho=0.80 | train size=115 ---
2025-10-18 01:04:08,431 - INFO - [round 21] pick 1/5: COc1ncc(CN=c2[nH]c(N3CC4CC4C3)ncc2C(O)=NCc2ncccn2)cc1Cl | UCB=3.143 | mu=0.1567 | std=0.9442 | f=0.1156
2025-10-18 01:04:08,481 - INFO - [round 21] pick 2/5: Cn1c([N+](=O)[O-])cnc1COP(=O)(N(CCCl)CCCl)N(CCCl)CCCl | UCB=3.138 | mu=0.08023 | std=0.9669 | f=0.08922
2025-10-18 01:04:08,533 - INFO - [round 21] pick 3/5: CCCC[n+]1cc([NH-])on1 | UCB=3.133 | mu=0.05899 | std=0.972 | f=0.09344
2025-10-18 01:04:08,586 - INFO - [round 21] pick 4/5: O=C(CNc1nncs1)Nc1nncs1 | UCB=3.133 | mu=0.08474 | std=0.9639 | f=0.2132
2025-10-18 01:04:08,639 - INFO - [round 21] pick 5/5: NC(CCSCCSCCC(N)=NO)=NO | UCB=3.124 | mu=0.04434 | std=0.9739 | f=0.004297
2025-10-18 01:04:08,693 - INFO - Round 21 done in 61.89s; train size=120
2025-10-18 01:04:08,693 - INFO - 
--- Round 22 | trial=9 | sqrt_beta=3.1623 (beta=10.0000) | rho=0.80 | train size=120 ---
2025-10-18 01:05:12,426 - INFO - [round 22] pick 1/5: COCCCn1ncn(-c2nc3c(s2)C(C)Sc2sccc2-3)c1=O | UCB=3.142 | mu=0.1225 | std=0.9547 | f=0.09643
2025-10-18 01:05:12,481 - INFO - [round 22] pick 2/5: CN(C)[N+]([O-])=NOc1cc(ON=[N+]([O-])N2CCCCC2)c([N+](=O)[O-])cc1[N+](=O)[O-] | UCB=3.134 | mu=0.09306 | std=0.9617 | f=0.1133
2025-10-18 01:05:12,538 - INFO - [round 22] pick 3/5: NNc1nnc(-c2nnc(NN)o2)o1 | UCB=3.127 | mu=0.09689 | std=0.9581 | f=0.09535
2025-10-18 01:05:12,721 - INFO - [round 22] pick 4/5: [N-]=[N+]=NCC1=CC=C(CCl)SS1 | UCB=3.131 | mu=0.06043 | std=0.9711 | f=0.002552
2025-10-18 01:05:12,780 - INFO - [round 22] pick 5/5: C#CCO | UCB=3.115 | mu=0.006149 | std=0.9832 | f=0.002933
2025-10-18 01:05:12,839 - INFO - Round 22 done in 64.15s; train size=125
2025-10-18 01:05:12,839 - INFO - 
--- Round 23 | trial=9 | sqrt_beta=3.1623 (beta=10.0000) | rho=0.80 | train size=125 ---
2025-10-18 01:06:22,413 - INFO - [round 23] pick 1/5: c1nc2n(n1)CC(NCc1nc(-c3ccsc3)no1)CC2 | UCB=3.136 | mu=0.1363 | std=0.9486 | f=0.0927
2025-10-18 01:06:22,473 - INFO - [round 23] pick 2/5: CCOC(=O)C(CCc1nn[nH]n1)(CCc1nn[nH]n1)C(=O)OCC | UCB=3.129 | mu=0.09482 | std=0.9595 | f=0.3688
2025-10-18 01:06:22,534 - INFO - [round 23] pick 3/5: COC1(OC)C2(Cl)C3=CCCC=C3C1(Cl)C(Cl)=C2Cl | UCB=3.132 | mu=0.0872 | std=0.9627 | f=0.003786
2025-10-18 01:06:22,596 - INFO - [round 23] pick 4/5: OB(O)c1cc(Br)cnc1F | UCB=3.128 | mu=0.08144 | std=0.9633 | f=0.03697
2025-10-18 01:06:22,659 - INFO - [round 23] pick 5/5: CC(C)C1NC(=O)c2coc(n2)-c2coc(n2)-c2coc(n2)C(CCCN)NC(=O)c2coc(n2)-c2coc(n2)-c2coc1n2 | UCB=3.132 | mu=0.08527 | std=0.9636 | f=2.708e-08
2025-10-18 01:06:22,723 - INFO - Round 23 done in 69.88s; train size=130
2025-10-18 01:06:22,723 - INFO - 
--- Round 24 | trial=9 | sqrt_beta=3.1623 (beta=10.0000) | rho=0.80 | train size=130 ---
2025-10-18 01:07:33,270 - INFO - [round 24] pick 1/5: O=C(O)C1CC2CC(OCc3nn[nH]n3)CCC2CN1 | UCB=3.138 | mu=0.1199 | std=0.9545 | f=0.1576
2025-10-18 01:07:33,335 - INFO - [round 24] pick 2/5: Cc1cc(=O)oc2cc(OCCCCn3cncn3)cc(OCCCCn3cncn3)c12 | UCB=3.132 | mu=0.1301 | std=0.9491 | f=0.003855
2025-10-18 01:07:33,402 - INFO - [round 24] pick 3/5: CC=CC=CC(=O)OCC1OC2C(Oc3nc(=N)ccn32)C1OC(=O)C=CC=CC | UCB=3.132 | mu=0.08797 | std=0.9625 | f=0.12
2025-10-18 01:07:33,470 - INFO - [round 24] pick 4/5: CSC(S)=NCCCC[S+](C)[O-] | UCB=3.121 | mu=0.04636 | std=0.9723 | f=0.004555
2025-10-18 01:07:33,539 - INFO - [round 24] pick 5/5: c1ccc2c3nnc(c2c1)SCCSCCCSCCS3 | UCB=3.126 | mu=0.1043 | std=0.9554 | f=0.2165
2025-10-18 01:07:33,608 - INFO - Round 24 done in 70.88s; train size=135
2025-10-18 01:07:33,608 - INFO - 
--- Round 25 | trial=9 | sqrt_beta=3.1623 (beta=10.0000) | rho=0.80 | train size=135 ---
2025-10-18 01:08:47,253 - INFO - [round 25] pick 1/5: CCOC(=O)CSc1nnc(CCCCc2nnc(SCC(=O)OCC)n2C2CCCCC2)n1C1CCCCC1 | UCB=3.133 | mu=0.1532 | std=0.9424 | f=0.4458
2025-10-18 01:08:47,324 - INFO - [round 25] pick 2/5: O=[N+]([O-])c1ccc(O)c(C=NNc2nn[nH]n2)c1 | UCB=3.13 | mu=0.1336 | std=0.9475 | f=0.1588
2025-10-18 01:08:47,395 - INFO - [round 25] pick 3/5: N#CC(C#N)(CCC(F)=C(F)F)Cc1nccs1 | UCB=3.115 | mu=0.06546 | std=0.9644 | f=0.07671
2025-10-18 01:08:47,468 - INFO - [round 25] pick 4/5: N=c1c2ncn3c2ncn1C1OC(COP(=O)(O)OP(=O)(O)OCC2OC3C(OP(=O)(O)O)C2O)C(O)C1O | UCB=3.119 | mu=0.09134 | std=0.9576 | f=0.2574
2025-10-18 01:08:47,542 - INFO - [round 25] pick 5/5: NC(=S)NN=C1CCSCC1 | UCB=3.112 | mu=0.05397 | std=0.967 | f=0.004579
2025-10-18 01:08:47,617 - INFO - Round 25 done in 74.01s; train size=140
2025-10-18 01:08:47,617 - INFO - 
--- Round 26 | trial=9 | sqrt_beta=3.1623 (beta=10.0000) | rho=0.80 | train size=140 ---
2025-10-18 01:10:04,821 - INFO - [round 26] pick 1/5: Cn1nnnc1SCC1=C(C(=O)O)N2C(=O)C(NC(=O)C[S+](O)CC(F)(F)F)C2SC1 | UCB=3.143 | mu=0.134 | std=0.9516 | f=0.1333
2025-10-18 01:10:04,897 - INFO - [round 26] pick 2/5: CCCCc1c2c(nc3c1CCc1cc4cc5c(nc4nc1-3)-c1nc3c(c(CCCC)c1CC5)CCCC3)CCCC2 | UCB=3.135 | mu=0.124 | std=0.9523 | f=0.005287
2025-10-18 01:10:04,975 - INFO - [round 26] pick 3/5: NC1=NC(OCc2cncs2)c2[nH]cnc2N1 | UCB=3.129 | mu=0.1147 | std=0.9533 | f=0.1594
2025-10-18 01:10:05,054 - INFO - [round 26] pick 4/5: O=P1(NC2CCCC2)OCC2(CO1)COP(=O)(NC1CCCC1)OC2 | UCB=3.128 | mu=0.08014 | std=0.9638 | f=0.006476
2025-10-18 01:10:05,133 - INFO - [round 26] pick 5/5: COC(=O)CSC(=S)Nc1nnc(NC(=S)SCOC(C)=O)n1C(=S)SCC(=O)OC | UCB=3.134 | mu=0.1062 | std=0.9576 | f=0.1375
2025-10-18 01:10:05,215 - INFO - Round 26 done in 77.60s; train size=145
2025-10-18 01:10:05,215 - INFO - 
--- Round 27 | trial=9 | sqrt_beta=3.1623 (beta=10.0000) | rho=0.80 | train size=145 ---
2025-10-18 01:11:22,170 - INFO - [round 27] pick 1/5: CCOC(=O)CSc1nc2nc(Cl)c(Cl)[nH]c-2n1 | UCB=3.139 | mu=0.1642 | std=0.9406 | f=0.005792
2025-10-18 01:11:22,252 - INFO - [round 27] pick 2/5: CCc1nnc2nnc(N3CCCC3)nn12 | UCB=3.137 | mu=0.1455 | std=0.9461 | f=0.3043
2025-10-18 01:11:22,336 - INFO - [round 27] pick 3/5: O=C(OCC12CC3CC(CC(C3)C1)C2)C1C(c2ccc(O)cc2)C(C(=O)OCC23CC4CC(CC(C4)C2)C3)C1c1ccc(O)cc1 | UCB=3.123 | mu=0.09671 | std=0.9569 | f=0.3288
2025-10-18 01:11:22,421 - INFO - [round 27] pick 4/5: Cc1c(CCO)sc[n+]1CCCCCCCC[n+]1csc(CCO)c1C | UCB=3.118 | mu=0.09447 | std=0.9561 | f=0.2078
2025-10-18 01:11:22,507 - INFO - [round 27] pick 5/5: c1nc[nH]n1 | UCB=3.11 | mu=0.03481 | std=0.9725 | f=0
2025-10-18 01:11:22,594 - INFO - Round 27 done in 77.38s; train size=150
2025-10-18 01:11:22,594 - INFO - 
--- Round 28 | trial=9 | sqrt_beta=3.1623 (beta=10.0000) | rho=0.80 | train size=150 ---
2025-10-18 01:12:43,984 - INFO - [round 28] pick 1/5: OC12CC3CC(C1)CC(c1nnn4cnc5[nH]ccc5c14)(C3)C2 | UCB=3.139 | mu=0.129 | std=0.9518 | f=0.1024
2025-10-18 01:12:44,072 - INFO - [round 28] pick 2/5: CCN1C(=N)C2C(=O)N(CC)C(=S)N3CCCN(C1=S)C23 | UCB=3.135 | mu=0.1141 | std=0.9553 | f=0.006419
2025-10-18 01:12:44,162 - INFO - [round 28] pick 3/5: O=C(Cc1ccsc1)Nc1nnc(CCCCc2nnc(NC(=O)Cc3ccsc3)s2)s1 | UCB=3.133 | mu=0.1671 | std=0.9378 | f=0.004652
2025-10-18 01:12:44,252 - INFO - [round 28] pick 4/5: CC(=O)OCC=C1CCC2C3CCC4Cc5nc6c(nc5CC4(C)C3C(O)CC12C)CC1CCC2C3CCC(=CCOC(C)=O)C3(C)CC(O)C2C1(C)C6 | UCB=3.128 | mu=0.1089 | std=0.9548 | f=0.1278
2025-10-18 01:12:44,344 - INFO - [round 28] pick 5/5: CC1CN1CC(O)CC1CC1COC(COC(CO)CO)COC(CO)CO | UCB=3.116 | mu=0.06512 | std=0.9646 | f=0.006151
2025-10-18 01:12:44,437 - INFO - Round 28 done in 81.84s; train size=155
2025-10-18 01:12:44,437 - INFO - 
--- Round 29 | trial=9 | sqrt_beta=3.1623 (beta=10.0000) | rho=0.80 | train size=155 ---
2025-10-18 01:14:05,913 - INFO - [round 29] pick 1/5: N=C(O)CC1(N=C(O)c2cnc(N3CC(F)(F)C3)c(OCC3CC3)n2)COC1 | UCB=3.132 | mu=0.1483 | std=0.9437 | f=0.1286
2025-10-18 01:14:06,008 - INFO - [round 29] pick 2/5: O=C1NC(=O)C2C3C=CC(C12)C1C2C(=O)NC(=O)C2C31 | UCB=3.119 | mu=0.0712 | std=0.9638 | f=0.004079
2025-10-18 01:14:06,103 - INFO - [round 29] pick 3/5: COC(CC(OC)OC)Cn1nnnc1C(Nc1ccc([Se][Se]c2ccc(NC(c3nnnn3CC(CC(OC)OC)OC)C(C)C)cc2)cc1)C(C)C | UCB=3.118 | mu=0.08131 | std=0.9602 | f=0.004368
2025-10-18 01:14:06,200 - INFO - [round 29] pick 4/5: CN1N=C2NCCNC3=NN(C)C(=NCCN=C1S2)S3 | UCB=3.123 | mu=0.104 | std=0.9548 | f=0.004387
2025-10-18 01:14:06,299 - INFO - [round 29] pick 5/5: S=C(SSSSSSC(=S)N1CCCCC1)N1CCCCC1 | UCB=3.113 | mu=0.07555 | std=0.9606 | f=0.00518
2025-10-18 01:14:06,398 - INFO - Round 29 done in 81.96s; train size=160
2025-10-18 01:14:06,398 - INFO - 
--- Round 30 | trial=9 | sqrt_beta=3.1623 (beta=10.0000) | rho=0.80 | train size=160 ---
2025-10-18 01:15:31,022 - INFO - [round 30] pick 1/5: Cc1nnc(C(=O)C2CSCN2C(=O)CNC23CC4CC(CC(C4)C2)C3)o1 | UCB=3.124 | mu=0.1433 | std=0.9427 | f=0.1449
2025-10-18 01:15:31,123 - INFO - [round 30] pick 2/5: CCN(CC)c1ccc(S(=O)(=O)N(CC)CC)c2nonc12 | UCB=3.121 | mu=0.1198 | std=0.9491 | f=0.2875
2025-10-18 01:15:31,225 - INFO - [round 30] pick 3/5: N#CC1CCCCC1n1cc(C(=N)O)c(=Nc2ccc(OC(F)F)nc2)[nH]1 | UCB=3.12 | mu=0.1506 | std=0.939 | f=0.3968
2025-10-18 01:15:31,329 - INFO - [round 30] pick 4/5: CN=C1C(Cl)=C(O)OC1O | UCB=3.11 | mu=0.07459 | std=0.9599 | f=0.003272
2025-10-18 01:15:31,433 - INFO - [round 30] pick 5/5: C=CCNC | UCB=3.098 | mu=0.01156 | std=0.9761 | f=0.003525
2025-10-18 01:15:31,538 - INFO - Round 30 done in 85.14s; train size=165
2025-10-18 01:15:31,538 - INFO - 
--- Round 31 | trial=9 | sqrt_beta=3.1623 (beta=10.0000) | rho=0.80 | train size=165 ---
2025-10-18 01:16:57,785 - INFO - [round 31] pick 1/5: O=C(c1ccc(Cn2cc(Br)cn2)o1)N1N=C(C(F)F)CC1(O)C(F)F | UCB=3.129 | mu=0.1339 | std=0.9473 | f=0.2601
2025-10-18 01:16:57,893 - INFO - [round 31] pick 2/5: COC1=C(OC)C2=C(CC1)CC1C3CC4OCOC4CC3CCN1C2 | UCB=3.119 | mu=0.1108 | std=0.9512 | f=0.006476
2025-10-18 01:16:58,002 - INFO - [round 31] pick 3/5: CCOP(=O)(OCC)SCc1cccc(CSP(=O)(OCC)OCC)n1 | UCB=3.118 | mu=0.1206 | std=0.948 | f=0.1113
2025-10-18 01:16:58,112 - INFO - [round 31] pick 4/5: c1nc(Nc2nnn[nH]2)c2ncn(CC3CCC3)c2n1 | UCB=3.122 | mu=0.1645 | std=0.9354 | f=0.1062
2025-10-18 01:16:58,224 - INFO - [round 31] pick 5/5: NS(N)(=O)=O | UCB=3.102 | mu=0.01487 | std=0.9762 | f=0.002914
2025-10-18 01:16:58,337 - INFO - Round 31 done in 86.80s; train size=170
2025-10-18 01:16:58,337 - INFO - 
--- Round 32 | trial=9 | sqrt_beta=3.1623 (beta=10.0000) | rho=0.80 | train size=170 ---
2025-10-18 01:18:28,249 - INFO - [round 32] pick 1/5: CCN(C(=O)CSc1nnc(-c2ccc(OC(F)F)cc2)n1N)C1CCS(=O)(=O)C1 | UCB=3.127 | mu=0.1925 | std=0.928 | f=0.3523
2025-10-18 01:18:28,364 - INFO - [round 32] pick 2/5: O=C(O)C1=CSC2C(=Cc3cc4n(n3)CSC4)C(=O)N12 | UCB=3.126 | mu=0.1262 | std=0.9487 | f=0.1071
2025-10-18 01:18:28,480 - INFO - [round 32] pick 3/5: c1cc(C2N=NN=N2)ccn1 | UCB=3.118 | mu=0.08937 | std=0.9577 | f=0.03625
2025-10-18 01:18:28,596 - INFO - [round 32] pick 4/5: CCCCCCCCCC1CC2CCC3C(C(=O)OC(C)CCCCCC4CC5CCC6CC(C)NC(=[N+]65)N4)C(C)NC(=[N+]23)N1 | UCB=3.111 | mu=0.09314 | std=0.9544 | f=0.00706
2025-10-18 01:18:28,715 - INFO - [round 32] pick 5/5: CN(C)Cc1nonc1C#N | UCB=3.109 | mu=0.08907 | std=0.955 | f=0.06437
2025-10-18 01:18:28,833 - INFO - Round 32 done in 90.50s; train size=175
2025-10-18 01:18:28,833 - INFO - 
--- Round 33 | trial=9 | sqrt_beta=3.1623 (beta=10.0000) | rho=0.80 | train size=175 ---
2025-10-18 01:20:05,610 - INFO - [round 33] pick 1/5: Cn1c(SCCCN2CCC3(CC3c3ccc(C(F)(F)F)cc3)C2)nnc1C1CCCCC1 | UCB=3.129 | mu=0.1914 | std=0.929 | f=0.3487
2025-10-18 01:20:05,732 - INFO - [round 33] pick 2/5: CN(O)C(=O)COC(c1ccc(F)c(F)c1)P(=O)(OCOC(=O)OC(C)(C)C)OCOC(=O)OC(C)(C)C | UCB=3.12 | mu=0.1183 | std=0.9493 | f=0.1301
2025-10-18 01:20:05,855 - INFO - [round 33] pick 3/5: [O-]N=Nc1ccc(Sc2ccc(N=NO)cn2)nc1 | UCB=3.124 | mu=0.1288 | std=0.9471 | f=0.08944
2025-10-18 01:20:05,979 - INFO - [round 33] pick 4/5: CCC=CC#CC=CC#CCCCC(=O)O | UCB=3.104 | mu=0.05194 | std=0.9653 | f=0.005626
2025-10-18 01:20:06,104 - INFO - [round 33] pick 5/5: O=C(c1coc(C(F)F)c1)N1CC2CNCC2C1 | UCB=3.116 | mu=0.1133 | std=0.9497 | f=0.1215
2025-10-18 01:20:06,231 - INFO - Round 33 done in 97.40s; train size=180
2025-10-18 01:20:06,231 - INFO - 
--- Round 34 | trial=9 | sqrt_beta=3.1623 (beta=10.0000) | rho=0.80 | train size=180 ---
2025-10-18 01:21:42,420 - INFO - [round 34] pick 1/5: N#CCC1(n2cc(C(=N)O)c(Nc3ccc(S(=O)(=O)C(F)F)cc3)n2)CCC(N2CCC(F)(F)CC2)CC1 | UCB=3.128 | mu=0.1911 | std=0.9287 | f=0.327
2025-10-18 01:21:42,549 - INFO - [round 34] pick 2/5: CCOCCN1CCN(Cc2nnc(-c3occc3C)o2)CC1CC | UCB=3.126 | mu=0.1676 | std=0.9355 | f=0.3423
2025-10-18 01:21:42,680 - INFO - [round 34] pick 3/5: Cn1ncc2sc3nncn3c21 | UCB=3.115 | mu=0.1086 | std=0.9506 | f=0.05102
2025-10-18 01:21:42,812 - INFO - [round 34] pick 4/5: O=S(=O)(NC1CC(NS(=O)(=O)OCC(Cl)(Cl)Cl)C2CCCCC12)OCC(Cl)(Cl)Cl | UCB=3.106 | mu=0.08621 | std=0.955 | f=0.007653
2025-10-18 01:21:42,945 - INFO - [round 34] pick 5/5: C[SiH](O[Si](C)(C)C)O[Si](C)(C)C | UCB=3.094 | mu=0.007689 | std=0.9759 | f=0.003739
2025-10-18 01:21:43,080 - INFO - Round 34 done in 96.85s; train size=185
2025-10-18 01:21:43,080 - INFO - 
--- Round 35 | trial=9 | sqrt_beta=3.1623 (beta=10.0000) | rho=0.80 | train size=185 ---
2025-10-18 01:23:20,286 - INFO - [round 35] pick 1/5: N=C(O)CCCN1CCC(n2cc(N=C(O)c3c(N)nn4cccnc34)c(-c3cc(Cl)ccc3OC(F)F)n2)CC1 | UCB=3.134 | mu=0.2005 | std=0.9275 | f=0.005792
2025-10-18 01:23:20,423 - INFO - [round 35] pick 2/5: CC12CC(NC(=NC#N)N1)c1cc(OC(F)(F)F)ccc1O2 | UCB=3.123 | mu=0.1266 | std=0.9477 | f=0.06503
2025-10-18 01:23:20,562 - INFO - [round 35] pick 3/5: O=C1C2=NCCCN(CCP(=O)(O)O)C2=C1O | UCB=3.121 | mu=0.1262 | std=0.9471 | f=0.005599
2025-10-18 01:23:20,703 - INFO - [round 35] pick 4/5: C#CCOCCOCCOCCNc1nc(N2CCN(C(=O)Cn3cc(CC(C)O)nn3)CC2)nc(N2CCN(C(=O)C(C(C)CC)n3cc(CCCN=C(N)N)nn3)CC2)n1 | UCB=3.122 | mu=0.1346 | std=0.9448 | f=0.1286
2025-10-18 01:23:20,972 - INFO - [round 35] pick 5/5: CC(C)=CCCC1(CO)OC1CCC1(CO)OC1CCc1ccoc1 | UCB=3.111 | mu=0.084 | std=0.9572 | f=0.0957
2025-10-18 01:23:21,116 - INFO - Round 35 done in 98.04s; train size=190
2025-10-18 01:23:21,116 - INFO - 
--- Round 36 | trial=9 | sqrt_beta=3.1623 (beta=10.0000) | rho=0.80 | train size=190 ---
2025-10-18 01:25:06,179 - INFO - [round 36] pick 1/5: C=CCN(CC=C)C(=O)CCc1nnc(CCc2c[nH]c3ccccc23)o1 | UCB=3.124 | mu=0.1448 | std=0.9421 | f=0.07536
2025-10-18 01:25:06,324 - INFO - [round 36] pick 2/5: CCC1C(=O)N(C)C2=CNC(N=C3C=C(N4CCN(C)CC4)C=CC3=[C-][F+][O+](F)F)NC2=[N+]1C1CCCC1 | UCB=3.118 | mu=0.1307 | std=0.9448 | f=0.006677
2025-10-18 01:25:06,471 - INFO - [round 36] pick 3/5: NC(=O)c1nc(C#CC2(O)CCCCC2)n(COCCO)n1 | UCB=3.113 | mu=0.1184 | std=0.9468 | f=0.136
2025-10-18 01:25:06,619 - INFO - [round 36] pick 4/5: Cc1ccc(N2C(N)=NC(N)=NC2(C)C)cc1N1C(N)=NC(N)=NC1(C)C | UCB=3.114 | mu=0.1112 | std=0.9494 | f=0.06241
2025-10-18 01:25:06,769 - INFO - [round 36] pick 5/5: C[N+](C)(C)CCOCCF | UCB=3.095 | mu=0.04062 | std=0.966 | f=0.005108
2025-10-18 01:25:06,921 - INFO - Round 36 done in 105.81s; train size=195
2025-10-18 01:25:06,921 - INFO - 
--- Round 37 | trial=9 | sqrt_beta=3.1623 (beta=10.0000) | rho=0.80 | train size=195 ---
2025-10-18 01:26:51,657 - INFO - [round 37] pick 1/5: C=C(c1ccc(OCC(O)COc2ccc(C(=C)C3COC4(CCCC4)OO3)cc2)cc1)C1COC2(CCCC2)OO1 | UCB=3.117 | mu=0.1269 | std=0.9455 | f=0.2998
2025-10-18 01:26:51,809 - INFO - [round 37] pick 2/5: CCNC(=NS(=O)(=O)c1c(Cl)nc2sccn12)N1CC(CC)C=N1 | UCB=3.112 | mu=0.1337 | std=0.9418 | f=0.3225
2025-10-18 01:26:51,964 - INFO - [round 37] pick 3/5: c1nncc2c1CC1CCC2N1 | UCB=3.107 | mu=0.1001 | std=0.9508 | f=0.09733
2025-10-18 01:26:52,120 - INFO - [round 37] pick 4/5: CC(C)Cc1nnn(CC#CI)n1 | UCB=3.099 | mu=0.05997 | std=0.9611 | f=0.09733
2025-10-18 01:26:52,281 - INFO - [round 37] pick 5/5: Fc1cc(F)c(F)c(S)c1F | UCB=3.091 | mu=0.07053 | std=0.9553 | f=0
2025-10-18 01:26:52,443 - INFO - Round 37 done in 105.52s; train size=200
2025-10-18 01:26:52,443 - INFO - 
--- Round 38 | trial=9 | sqrt_beta=3.1623 (beta=10.0000) | rho=0.80 | train size=200 ---
2025-10-18 01:28:37,780 - INFO - [round 38] pick 1/5: Cc1ncsc1CN1CC2COCC2(COc2ccc(C#N)cn2)C1 | UCB=3.122 | mu=0.1786 | std=0.9309 | f=0.2732
2025-10-18 01:28:37,942 - INFO - [round 38] pick 2/5: C=CC12CCC3C(C)(C(=O)O)CCCC3(C)C1CCC(C)(COC(=O)CCC(=O)OCC#CCOc1no[n+]([O-])c1S(=O)(=O)c1ccccc1)C2 | UCB=3.12 | mu=0.155 | std=0.9375 | f=0.397
2025-10-18 01:28:38,106 - INFO - [round 38] pick 3/5: CCNC(CNC(CNC(Cc1ccccc1)CN1CCCC1CNC(CNC(CN)Cc1ccc(O)cc1)Cc1ccc(O)cc1)Cc1ccc(O)cc1)Cc1ccc(O)cc1 | UCB=3.107 | mu=0.08841 | std=0.9547 | f=3.2e-05
2025-10-18 01:28:38,272 - INFO - [round 38] pick 4/5: O=C(O)c1[nH]nc2c1SCC2 | UCB=3.099 | mu=0.09867 | std=0.9487 | f=0.09986
2025-10-18 01:28:38,438 - INFO - [round 38] pick 5/5: CC(=NN)C(C)=NN=C(C)C(C)=NN | UCB=3.085 | mu=0.01205 | std=0.9717 | f=0.004464
2025-10-18 01:28:38,608 - INFO - Round 38 done in 106.17s; train size=205
2025-10-18 01:28:38,608 - INFO - 
--- Round 39 | trial=9 | sqrt_beta=3.1623 (beta=10.0000) | rho=0.80 | train size=205 ---
2025-10-18 01:30:25,366 - INFO - [round 39] pick 1/5: CCOC(=O)C1(C)CCCC2(C)C1CCC13CC(C)(CCC21)C(O)C3Cn1cc(COc2ccc(C=O)cc2)nn1 | UCB=3.124 | mu=0.2283 | std=0.9157 | f=0.4196
2025-10-18 01:30:25,537 - INFO - [round 39] pick 2/5: Cc1c(C=NNC(=O)c2no[n+]([O-])c2C)no[n+]1[O-] | UCB=3.113 | mu=0.1226 | std=0.9455 | f=0.2265
2025-10-18 01:30:25,711 - INFO - [round 39] pick 3/5: CCC(=O)N1CCN(C(=O)c2cn3ccsc3n2)C2CS(=O)(=O)CC21 | UCB=3.119 | mu=0.151 | std=0.9385 | f=0.3825
2025-10-18 01:30:26,012 - INFO - [round 39] pick 4/5: CC#CC#CC=C1C=CC2(CCCCO2)O1 | UCB=3.106 | mu=0.06123 | std=0.9628 | f=0.004599
2025-10-18 01:30:26,188 - INFO - [round 39] pick 5/5: O=P1(N(CCCl)CCCl)NC(SCCS(=O)(=O)O)CCO1 | UCB=3.095 | mu=0.06691 | std=0.9574 | f=0.005616
2025-10-18 01:30:26,364 - INFO - Round 39 done in 107.76s; train size=210
