2025-10-12 07:38:48,246 - INFO - 
--- Round 0 | trial=4 | sqrt_beta=0.7071 (beta=0.5000) | rho=0.70 | train size=10 ---
2025-10-12 07:38:59,498 - INFO - [round 0] pick 1/5: COc1cc2ncnc(Nc3ccc([N+](=O)[O-])cc3)c2c(OC)c1OC | UCB=0.8964 | mu=0.2609 | std=0.8988 | f=0.3922
2025-10-12 07:38:59,499 - INFO - [round 0] pick 2/5: COC(=O)C(=O)C(C(=O)C(=O)Nc1ccc(Cl)cc1Cl)c1nc2ccc(Cl)cc2nc1O | UCB=0.8766 | mu=0.2499 | std=0.8863 | f=0.4241
2025-10-12 07:38:59,500 - INFO - [round 0] pick 3/5: O=[N+]([O-])c1ccc2nc3ccccc3nc2c1 | UCB=0.889 | mu=0.2459 | std=0.9095 | f=0.3814
2025-10-12 07:38:59,501 - INFO - [round 0] pick 4/5: COCCOc1cc2ncnc(Sc3nnc(NC(=O)Nc4cccc(Cl)c4)s3)c2cc1OCCOC | UCB=0.8725 | mu=0.2297 | std=0.9091 | f=0.1591
2025-10-12 07:38:59,502 - INFO - [round 0] pick 5/5: CCc1ccc(C2ON=C(c3ccc(Cl)cc3)O2)cc1 | UCB=0.8493 | mu=0.1947 | std=0.9258 | f=0.3796
2025-10-12 07:38:59,503 - INFO - Round 0 done in 11.26s; train size=15
2025-10-12 07:38:59,503 - INFO - 
--- Round 1 | trial=4 | sqrt_beta=0.7071 (beta=0.5000) | rho=0.70 | train size=15 ---
2025-10-12 07:39:13,352 - INFO - [round 1] pick 1/5: COc1cc(C(O)C(=O)c2nc3ccc([N+](=O)[O-])cc3nc2O)ccc1O | UCB=0.9252 | mu=0.3067 | std=0.8747 | f=0.3794
2025-10-12 07:39:13,354 - INFO - [round 1] pick 2/5: Clc1cccc(Nc2ncnc3ccc(Cl)cc23)c1 | UCB=0.917 | mu=0.2785 | std=0.903 | f=0.3581
2025-10-12 07:39:13,355 - INFO - [round 1] pick 3/5: COc1cc(NC(=O)C2CC(c3ccc(Cl)cc3)=NO2)cc(OC)c1OC | UCB=0.9072 | mu=0.2753 | std=0.8936 | f=0.4419
2025-10-12 07:39:13,357 - INFO - [round 1] pick 4/5: CCOc1cc(C=C(C(=O)OC)C(=O)OC)ccc1OCc1ccc([N+](=O)[O-])cc1 | UCB=0.893 | mu=0.2372 | std=0.9273 | f=0.1767
2025-10-12 07:39:13,359 - INFO - [round 1] pick 5/5: Nc1nc(O)c(I)c(-c2cccc([N+](=O)[O-])c2)n1 | UCB=0.887 | mu=0.2229 | std=0.9391 | f=0.1352
2025-10-12 07:39:13,361 - INFO - Round 1 done in 13.86s; train size=20
2025-10-12 07:39:13,361 - INFO - 
--- Round 2 | trial=4 | sqrt_beta=0.7071 (beta=0.5000) | rho=0.70 | train size=20 ---
2025-10-12 07:39:30,683 - INFO - [round 2] pick 1/5: COc1cc(Cl)ccc1-c1nc2ccc(Cl)cc2o1 | UCB=0.9311 | mu=0.2956 | std=0.8987 | f=0.3862
2025-10-12 07:39:30,685 - INFO - [round 2] pick 2/5: COc1cc2ncnc(Nc3ccc(C)cc3C)c2cc1OC | UCB=0.923 | mu=0.3077 | std=0.8701 | f=0.393
2025-10-12 07:39:30,688 - INFO - [round 2] pick 3/5: O=C1N=C(c2ccc([N+](=O)[O-])cc2)CC(c2ccc(Cl)cc2Cl)N1 | UCB=0.9122 | mu=0.2699 | std=0.9084 | f=0.4016
2025-10-12 07:39:30,690 - INFO - [round 2] pick 4/5: COc1ccccc1NC(=O)C(Cc1nc2ccc([N+](=O)[O-])cc2nc1O)=NNC(=O)C[N+](C)(C)C | UCB=0.9051 | mu=0.2999 | std=0.8559 | f=0.4442
2025-10-12 07:39:30,693 - INFO - [round 2] pick 5/5: COc1cc(C2CN=C(c3ccc4ncccc4c3)O2)cc(OC)c1OC | UCB=0.9222 | mu=0.2889 | std=0.8955 | f=0.1456
2025-10-12 07:39:30,696 - INFO - Round 2 done in 17.33s; train size=25
2025-10-12 07:39:30,696 - INFO - 
--- Round 3 | trial=4 | sqrt_beta=0.7071 (beta=0.5000) | rho=0.70 | train size=25 ---
2025-10-12 07:39:50,478 - INFO - [round 3] pick 1/5: COc1ccc(Cl)cc1C(=O)Nc1ccc([N+](=O)[O-])cc1Cl | UCB=0.9581 | mu=0.3457 | std=0.8662 | f=0.1609
2025-10-12 07:39:50,481 - INFO - [round 3] pick 2/5: COc1ccccc1Nc1nc2ccc(Cl)cc2nc1-n1nc(C)cc1C | UCB=0.9395 | mu=0.3173 | std=0.8798 | f=0.1581
2025-10-12 07:39:50,485 - INFO - [round 3] pick 3/5: Oc1nc2cc(Cl)cnc2c(O)c1-c1ccc(Cl)cc1 | UCB=0.931 | mu=0.2951 | std=0.8993 | f=0.343
2025-10-12 07:39:50,488 - INFO - [round 3] pick 4/5: O=[N+]([O-])c1ccc2ncnc(Nc3ccc4c(c3)OCCO4)c2c1 | UCB=0.9192 | mu=0.3081 | std=0.8642 | f=0.1146
2025-10-12 07:39:50,492 - INFO - [round 3] pick 5/5: COCCCNc1nc(S)nc2cc(OC)c(OC)cc12 | UCB=0.88 | mu=0.233 | std=0.915 | f=0.1482
2025-10-12 07:39:50,496 - INFO - Round 3 done in 19.80s; train size=30
2025-10-12 07:39:50,496 - INFO - 
--- Round 4 | trial=4 | sqrt_beta=0.7071 (beta=0.5000) | rho=0.70 | train size=30 ---
2025-10-12 07:40:12,667 - INFO - [round 4] pick 1/5: CC(C)CN(C)C(=O)c1nc(-c2ccc(Cl)cc2)c2cc(Cl)ccc2n1 | UCB=0.9201 | mu=0.2944 | std=0.8849 | f=0.405
2025-10-12 07:40:12,672 - INFO - [round 4] pick 2/5: COC(=O)C(C(=NNC(N)=O)C(=O)Nc1ccc(C)cc1)c1nc2ccc([N+](=O)[O-])cc2nc1O | UCB=0.912 | mu=0.3416 | std=0.8067 | f=0.411
2025-10-12 07:40:12,676 - INFO - [round 4] pick 3/5: COc1cc2c(c(OC)c1OC)C(=O)C(O)C(c1ccccc1O)O2 | UCB=0.8852 | mu=0.2424 | std=0.9091 | f=0.4763
2025-10-12 07:40:12,681 - INFO - [round 4] pick 4/5: O=C(NCc1ccco1)C1CC(c2ccc(Cl)c(Cl)c2)=NO1 | UCB=0.8854 | mu=0.2403 | std=0.9123 | f=0.4082
2025-10-12 07:40:12,687 - INFO - [round 4] pick 5/5: N#Cc1cnc2cc(O)c(O)cc2c1Nc1ccc(Cl)cc1Cl | UCB=0.8842 | mu=0.2399 | std=0.9112 | f=0.345
2025-10-12 07:40:12,693 - INFO - Round 4 done in 22.20s; train size=35
2025-10-12 07:40:12,693 - INFO - 
--- Round 5 | trial=4 | sqrt_beta=0.7071 (beta=0.5000) | rho=0.70 | train size=35 ---
2025-10-12 07:40:38,326 - INFO - [round 5] pick 1/5: COc1cc2nc(-c3ccc(O)cc3)cc(C(=O)O)c2c(OC)c1OC | UCB=0.9347 | mu=0.3294 | std=0.8561 | f=0.4162
2025-10-12 07:40:38,333 - INFO - [round 5] pick 2/5: O=[N+]([O-])c1c(O)nc2ccc(Cl)cc2c1-c1ccccc1 | UCB=0.926 | mu=0.3193 | std=0.858 | f=0.403
2025-10-12 07:40:38,339 - INFO - [round 5] pick 3/5: CC(C)c1nc2cc(Cl)c(Cl)cc2nc1S(=O)(=O)Cc1ccc(S(C)(=O)=O)cc1 | UCB=0.9168 | mu=0.2664 | std=0.9199 | f=0.3959
2025-10-12 07:40:38,345 - INFO - [round 5] pick 4/5: CC1C(=O)C(C)C(c2cc(Cl)ccc2O)NC1c1cc(Cl)ccc1O | UCB=0.9196 | mu=0.2724 | std=0.9153 | f=0.4
2025-10-12 07:40:38,352 - INFO - [round 5] pick 5/5: CCn1ncc(C2=NOC(C(=O)Nc3ccccc3C(=O)OC)C2)c1C | UCB=0.8867 | mu=0.2414 | std=0.9126 | f=0.5311
2025-10-12 07:40:38,360 - INFO - Round 5 done in 25.67s; train size=40
2025-10-12 07:40:38,360 - INFO - 
--- Round 6 | trial=4 | sqrt_beta=0.7071 (beta=0.5000) | rho=0.70 | train size=40 ---
2025-10-12 07:41:06,407 - INFO - [round 6] pick 1/5: COc1ccc(NC(=O)C2CC(c3ccccc3O)=NO2)cc1OC | UCB=0.9655 | mu=0.375 | std=0.8351 | f=0.4508
2025-10-12 07:41:06,414 - INFO - [round 6] pick 2/5: CC(C)c1ccc2nc(-c3ccc(Cl)cc3)c(O)c(C(=O)O)c2c1 | UCB=0.9444 | mu=0.3458 | std=0.8466 | f=0.3914
2025-10-12 07:41:06,422 - INFO - [round 6] pick 3/5: COC(=O)c1cccc2nc3cc(C(C)=O)ccc3nc12 | UCB=0.9441 | mu=0.3128 | std=0.8929 | f=0.4862
2025-10-12 07:41:06,431 - INFO - [round 6] pick 4/5: CC1(C)Oc2cc(Cl)c(Cl)cc2C(n2oc3cc(Cl)ccc3c2=O)C1O | UCB=0.9173 | mu=0.2624 | std=0.9262 | f=0.1454
2025-10-12 07:41:06,439 - INFO - [round 6] pick 5/5: O=C1N=C2C(C(=O)N=C3SC([N+](=O)[O-])=CN32)C(c2ccccc2O)N1 | UCB=0.9115 | mu=0.2561 | std=0.9268 | f=0.1543
2025-10-12 07:41:06,449 - INFO - Round 6 done in 28.09s; train size=45
2025-10-12 07:41:06,449 - INFO - 
--- Round 7 | trial=4 | sqrt_beta=0.7071 (beta=0.5000) | rho=0.70 | train size=45 ---
2025-10-12 07:41:36,992 - INFO - [round 7] pick 1/5: COC(=O)c1ccccc1NC(=O)c1cc(-c2ccc(C)cc2)on1 | UCB=0.9556 | mu=0.3418 | std=0.868 | f=0.5042
2025-10-12 07:41:37,002 - INFO - [round 7] pick 2/5: CC(C)N(C)c1nc2cc(C(=O)O)ccc2nc1-c1ccc(S(C)(=O)=O)cc1 | UCB=0.9533 | mu=0.3398 | std=0.8677 | f=0.3766
2025-10-12 07:41:37,012 - INFO - [round 7] pick 3/5: CCn1cc(C2=NOC(C(=O)Nc3cccc(C(C)=O)c3)C2)c(C)n1 | UCB=0.9489 | mu=0.3418 | std=0.8586 | f=0.4527
2025-10-12 07:41:37,022 - INFO - [round 7] pick 4/5: COc1cc2c(c(OC)c1O)C(=O)C(O)C(c1ccc(O)cc1)O2 | UCB=0.9358 | mu=0.3328 | std=0.8527 | f=0.3914
2025-10-12 07:41:37,033 - INFO - [round 7] pick 5/5: NCc1c(N)nc2ccccc2c1-c1ccc(Cl)cc1Cl | UCB=0.9331 | mu=0.3122 | std=0.878 | f=0.4393
2025-10-12 07:41:37,044 - INFO - Round 7 done in 30.60s; train size=50
2025-10-12 07:41:37,044 - INFO - 
--- Round 8 | trial=4 | sqrt_beta=0.7071 (beta=0.5000) | rho=0.70 | train size=50 ---
2025-10-12 07:42:10,549 - INFO - [round 8] pick 1/5: CC(=O)c1cc(C)ccc1OC(=O)c1cccc2nc(C)oc12 | UCB=0.9782 | mu=0.347 | std=0.8928 | f=0.4642
2025-10-12 07:42:10,561 - INFO - [round 8] pick 2/5: Cc1ccc(-c2c(CN)c(CC(C)C)nc3ccc(C(N)=O)cc23)cc1 | UCB=0.9744 | mu=0.3533 | std=0.8784 | f=0.4272
2025-10-12 07:42:10,573 - INFO - [round 8] pick 3/5: O=C(O)c1cc(C(=O)C2C(c3cccc(Cl)c3)=NOC2c2cccc(Cl)c2)ccc1O | UCB=0.9598 | mu=0.325 | std=0.8976 | f=0.1486
2025-10-12 07:42:10,586 - INFO - [round 8] pick 4/5: COc1cc(OC)nc(C(O)c2ccccc2NS(=O)(=O)C(C)C)n1 | UCB=0.9402 | mu=0.2917 | std=0.9172 | f=0.1597
2025-10-12 07:42:10,599 - INFO - [round 8] pick 5/5: Cn1ncc(C#N)c1NC(=O)C1CC(c2ccccc2Cl)=NO1 | UCB=0.9351 | mu=0.3286 | std=0.8577 | f=0.451
2025-10-12 07:42:10,613 - INFO - Round 8 done in 33.57s; train size=55
2025-10-12 07:42:10,613 - INFO - 
--- Round 9 | trial=4 | sqrt_beta=0.7071 (beta=0.5000) | rho=0.70 | train size=55 ---
2025-10-12 07:42:47,419 - INFO - [round 9] pick 1/5: CNC(=O)c1cc(Cl)cc(C)c1NC(=O)C1CC(c2ccc(F)cc2)=NO1 | UCB=0.9753 | mu=0.3779 | std=0.8448 | f=0.433
2025-10-12 07:42:47,433 - INFO - [round 9] pick 2/5: Cc1ccc(-c2cc(O)nc3ccccc23)cc1 | UCB=0.9702 | mu=0.3675 | std=0.8524 | f=0.4027
2025-10-12 07:42:47,448 - INFO - [round 9] pick 3/5: COC(=O)c1ccccc1-c1ccc(C2NC(=S)N=C(C)C2=C(O)OC)o1 | UCB=0.9672 | mu=0.3284 | std=0.9034 | f=0.5164
2025-10-12 07:42:47,464 - INFO - [round 9] pick 4/5: CCC(C)NC(=O)c1nc(-c2ccc(C(C)=O)cc2)cnc1N | UCB=0.9509 | mu=0.3095 | std=0.907 | f=0.1631
2025-10-12 07:42:47,480 - INFO - [round 9] pick 5/5: COC(=O)c1c(-c2c(Cl)cccc2Cl)noc1C | UCB=0.9434 | mu=0.2923 | std=0.9208 | f=0.1921
2025-10-12 07:42:47,496 - INFO - Round 9 done in 36.88s; train size=60
2025-10-12 07:42:47,496 - INFO - 
--- Round 10 | trial=4 | sqrt_beta=0.7071 (beta=0.5000) | rho=0.70 | train size=60 ---
2025-10-12 07:43:26,857 - INFO - [round 10] pick 1/5: Cc1ccc(C)c(C(=O)COC(=O)c2[nH]nc3ccccc23)c1 | UCB=0.9741 | mu=0.3506 | std=0.8817 | f=0.5175
2025-10-12 07:43:26,874 - INFO - [round 10] pick 2/5: COC(=O)C1=C(C)NC(=O)NC1c1ccc(-c2ccc(Cl)cc2)o1 | UCB=0.9678 | mu=0.3528 | std=0.8697 | f=0.5452
2025-10-12 07:43:26,892 - INFO - [round 10] pick 3/5: Cc1ccc(CNC(=O)C2CC(c3ccccc3[N+](=O)[O-])=NO2)o1 | UCB=0.9674 | mu=0.3739 | std=0.8394 | f=0.4342
2025-10-12 07:43:26,910 - INFO - [round 10] pick 4/5: CC(C)(C)c1ccc(-c2nc3ccc(I)cc3c(=O)o2)cc1 | UCB=0.966 | mu=0.3339 | std=0.8939 | f=0.3621
2025-10-12 07:43:26,929 - INFO - [round 10] pick 5/5: Cc1ccc(Sc2cnc(O)c(C#N)c2)cc1 | UCB=0.9414 | mu=0.2938 | std=0.9158 | f=0.1253
2025-10-12 07:43:26,948 - INFO - Round 10 done in 39.45s; train size=65
2025-10-12 07:43:26,948 - INFO - 
--- Round 11 | trial=4 | sqrt_beta=0.7071 (beta=0.5000) | rho=0.70 | train size=65 ---
2025-10-12 07:44:07,971 - INFO - [round 11] pick 1/5: CC(=O)N(C(C)=O)c1ccc(-c2nc3ccccc3s2)cc1C | UCB=0.985 | mu=0.3624 | std=0.8806 | f=0.4755
2025-10-12 07:44:07,991 - INFO - [round 11] pick 2/5: COC(=O)c1ccccc1-c1cc(C)cc2c1OC(CNC(=O)c1cc(C)on1)C2 | UCB=0.9831 | mu=0.359 | std=0.8827 | f=0.1861
2025-10-12 07:44:08,012 - INFO - [round 11] pick 3/5: COc1ccc(-c2ccc(Cl)c(=O)cc2)c(OC)c1OC | UCB=0.9636 | mu=0.3573 | std=0.8573 | f=0.1667
2025-10-12 07:44:08,033 - INFO - [round 11] pick 4/5: Cc1ccc2nc(-c3ccc(Br)o3)oc(=O)c2c1 | UCB=0.9642 | mu=0.339 | std=0.8842 | f=0.3643
2025-10-12 07:44:08,055 - INFO - [round 11] pick 5/5: CCOC(=O)C1=C(C)NC(C)=C(C(=O)OCC)C1c1c[nH]nc1-c1ccc(Cl)cc1 | UCB=0.9658 | mu=0.3317 | std=0.8967 | f=0.6449
2025-10-12 07:44:08,077 - INFO - Round 11 done in 41.13s; train size=70
2025-10-12 07:44:08,077 - INFO - 
--- Round 12 | trial=4 | sqrt_beta=0.7071 (beta=0.5000) | rho=0.70 | train size=70 ---
2025-10-12 07:44:53,196 - INFO - [round 12] pick 1/5: CCOC(=O)C1=C(C)NC(C)=C(C(=O)OCC)C1c1ccc(-c2ccccc2)s1 | UCB=1.021 | mu=0.4373 | std=0.825 | f=0.6507
2025-10-12 07:44:53,219 - INFO - [round 12] pick 2/5: COC(=O)c1oc(-c2ccc(Cl)cc2)nc1C | UCB=0.9827 | mu=0.3858 | std=0.8441 | f=0.1802
2025-10-12 07:44:53,243 - INFO - [round 12] pick 3/5: Cc1cccc(NC(=O)C(=O)Cc2nc3ccccc3nc2O)c1C | UCB=0.9917 | mu=0.3857 | std=0.8571 | f=0.4635
2025-10-12 07:44:53,267 - INFO - [round 12] pick 4/5: CCOC(=O)c1c[nH]c2c(ccc3nc(Cl)cc(C)c32)c1=O | UCB=0.9815 | mu=0.3385 | std=0.9094 | f=0.527
2025-10-12 07:44:53,292 - INFO - [round 12] pick 5/5: CC(C)NC(=O)C1Cc2c([nH]c3ccccc23)C(c2ccc(Cl)cc2Cl)N1 | UCB=0.9615 | mu=0.3341 | std=0.8873 | f=0.1703
2025-10-12 07:44:53,318 - INFO - Round 12 done in 45.24s; train size=75
2025-10-12 07:44:53,318 - INFO - 
--- Round 13 | trial=4 | sqrt_beta=0.7071 (beta=0.5000) | rho=0.70 | train size=75 ---
2025-10-12 07:45:39,577 - INFO - [round 13] pick 1/5: CCOC(=O)C1=C(C)NC(C)=C(C(=O)OCC)C1c1ccc(C)cc1 | UCB=1.053 | mu=0.5156 | std=0.7606 | f=0.2389
2025-10-12 07:45:39,603 - INFO - [round 13] pick 2/5: CCOC(=O)C1=C(C)NC(=O)NC1c1ccc(-c2ccccc2F)o1 | UCB=1.045 | mu=0.4825 | std=0.7958 | f=0.5904
2025-10-12 07:45:39,631 - INFO - [round 13] pick 3/5: COCc1ccc(C(C)=O)c2sc(C(=O)Nc3ccc4c(C(=O)OC)cccc4n3)c(C)c12 | UCB=0.9818 | mu=0.3507 | std=0.8926 | f=0.1744
2025-10-12 07:45:39,659 - INFO - [round 13] pick 4/5: CCN(CC)c1nc2ccc3c4ccccc4oc3c2c(=O)[nH]1 | UCB=0.9863 | mu=0.3465 | std=0.9049 | f=0.1611
2025-10-12 07:45:39,687 - INFO - [round 13] pick 5/5: C=C(C)C(=O)Nc1cc(-c2ncnc3[nH]cc(C(=O)OCC)c23)ccc1CO | UCB=0.9902 | mu=0.3494 | std=0.9062 | f=0.4899
2025-10-12 07:45:39,717 - INFO - Round 13 done in 46.40s; train size=80
2025-10-12 07:45:39,717 - INFO - 
--- Round 14 | trial=4 | sqrt_beta=0.7071 (beta=0.5000) | rho=0.70 | train size=80 ---
2025-10-12 07:46:29,912 - INFO - [round 14] pick 1/5: CCOC(=O)c1c(CC)nc(-c2ccccc2)c(C(=O)OCC)c1C | UCB=1.016 | mu=0.4063 | std=0.8625 | f=0.2182
2025-10-12 07:46:29,942 - INFO - [round 14] pick 2/5: COC(=O)C1=C(C)NC2=C(C(=O)c3ccccc32)C1c1c[nH]nc1-c1ccccc1 | UCB=1.009 | mu=0.3903 | std=0.8754 | f=0.0101
2025-10-12 07:46:29,973 - INFO - [round 14] pick 3/5: CCOC(=O)c1cnc2ccc(OC(F)(F)F)cc2c1Nc1ccccc1C(=O)O | UCB=1.002 | mu=0.3794 | std=0.8798 | f=0.5
2025-10-12 07:46:30,005 - INFO - [round 14] pick 4/5: CCOC(=O)C1=C(C)NC(=O)NC1c1cc(OC)c(O)cc1Cl | UCB=0.9843 | mu=0.3736 | std=0.8636 | f=0.2216
2025-10-12 07:46:30,038 - INFO - [round 14] pick 5/5: CCCC1C(O)=NN=C(c2ccc3nc(-c4ccc(C)s4)oc3c2)C1C | UCB=0.952 | mu=0.3057 | std=0.9141 | f=0.1437
2025-10-12 07:46:30,071 - INFO - Round 14 done in 50.35s; train size=85
2025-10-12 07:46:30,071 - INFO - 
--- Round 15 | trial=4 | sqrt_beta=0.7071 (beta=0.5000) | rho=0.70 | train size=85 ---
2025-10-12 07:47:22,244 - INFO - [round 15] pick 1/5: CCOC(=O)c1ccccc1NC(=O)c1ccc2nccnc2c1 | UCB=1.007 | mu=0.4146 | std=0.8381 | f=0.5085
2025-10-12 07:47:22,279 - INFO - [round 15] pick 2/5: CC1=C(C(=O)OC(C)(C)C)C(c2csc(-c3ccc(Cl)cc3)n2)C(C(=O)OC(C)(C)C)=C(C)N1 | UCB=0.9808 | mu=0.3678 | std=0.8669 | f=0.5315
2025-10-12 07:47:22,313 - INFO - [round 15] pick 3/5: CC(=O)OCCc1c(Cl)nc2ccc(Cl)cc2c1-c1ccccc1Cl | UCB=0.9862 | mu=0.3941 | std=0.8374 | f=0.4957
2025-10-12 07:47:22,349 - INFO - [round 15] pick 4/5: O=C(O)CC(C(=O)O)N1C(=O)C(=Cc2ccc(-c3nc4ccccc4s3)o2)SC1=S | UCB=0.9624 | mu=0.3219 | std=0.9058 | f=0.1502
2025-10-12 07:47:22,385 - INFO - [round 15] pick 5/5: Cc1ccc(NS(=O)(=O)c2ccc(-c3cnc(C4CC4)o3)cc2)c(C)c1 | UCB=0.9502 | mu=0.321 | std=0.8897 | f=0.1358
2025-10-12 07:47:22,422 - INFO - Round 15 done in 52.35s; train size=90
2025-10-12 07:47:22,423 - INFO - 
--- Round 16 | trial=4 | sqrt_beta=0.7071 (beta=0.5000) | rho=0.70 | train size=90 ---
2025-10-12 07:48:18,612 - INFO - [round 16] pick 1/5: CCOC(=O)c1ccc(Cl)cc1NC(=O)c1ccccc1Br | UCB=1.007 | mu=0.4235 | std=0.8258 | f=0.2021
2025-10-12 07:48:18,650 - INFO - [round 16] pick 2/5: Cc1nc2ccc(F)cc2c(-c2ccc(Cl)cc2)c1C(OC(C)(C)C)C(=O)O | UCB=0.9885 | mu=0.3959 | std=0.8381 | f=0.4098
2025-10-12 07:48:18,689 - INFO - [round 16] pick 3/5: O=C(NNC(=O)c1ccccc1F)c1ccc2nc(O)c(O)nc2c1 | UCB=0.9947 | mu=0.3889 | std=0.8568 | f=0.4195
2025-10-12 07:48:18,729 - INFO - [round 16] pick 4/5: CSc1ncc(C2C(C(=O)OCC(C)C)=C(C)NC(C)=C2C(=O)OCC(C)C)n1Nc1ccccc1 | UCB=0.9589 | mu=0.3379 | std=0.8782 | f=0.5686
2025-10-12 07:48:18,770 - INFO - [round 16] pick 5/5: CCOC(=O)c1ccoc1-c1ccc2ncnc(NCc3ncc[nH]3)c2c1 | UCB=0.981 | mu=0.3566 | std=0.8831 | f=0.1645
2025-10-12 07:48:18,812 - INFO - Round 16 done in 56.39s; train size=95
2025-10-12 07:48:18,812 - INFO - 
--- Round 17 | trial=4 | sqrt_beta=0.7071 (beta=0.5000) | rho=0.70 | train size=95 ---
2025-10-12 07:49:18,522 - INFO - [round 17] pick 1/5: Cc1ccc(C)c(C(=O)COC(=O)c2cc(Cl)nc3ccccc23)c1 | UCB=0.9896 | mu=0.4598 | std=0.7493 | f=0.517
2025-10-12 07:49:18,565 - INFO - [round 17] pick 2/5: COC(=O)C1=C(C)NC(C)=C(C(=O)OC)C1c1c(-c2cccnc2)nc2sccn12 | UCB=0.9712 | mu=0.3532 | std=0.874 | f=0.208
2025-10-12 07:49:18,609 - INFO - [round 17] pick 3/5: CC(=O)N1N=C(c2ccc(Cl)cc2)CC1c1ccc(-c2ccc(Cl)c(Cl)c2)o1 | UCB=0.954 | mu=0.3445 | std=0.8621 | f=0.1411
2025-10-12 07:49:18,653 - INFO - [round 17] pick 4/5: CCOC(=O)c1nc2cc(C(F)(F)F)ccc2nc1Oc1ccc(C(=O)OC)cc1 | UCB=0.9771 | mu=0.3615 | std=0.8707 | f=0.5195
2025-10-12 07:49:18,698 - INFO - [round 17] pick 5/5: O=C(O)c1cc2n(n1)C(C(=O)O)Nc1ccccc1-2 | UCB=0.9364 | mu=0.2888 | std=0.9158 | f=0.4513
2025-10-12 07:49:18,744 - INFO - Round 17 done in 59.93s; train size=100
2025-10-12 07:49:18,744 - INFO - 
--- Round 18 | trial=4 | sqrt_beta=0.7071 (beta=0.5000) | rho=0.70 | train size=100 ---
2025-10-12 07:50:19,867 - INFO - [round 18] pick 1/5: Cc1cc(C(=O)OCC(=O)NC(C)(C)C)c2ccccc2n1 | UCB=0.9981 | mu=0.3985 | std=0.8479 | f=0.1865
2025-10-12 07:50:19,915 - INFO - [round 18] pick 2/5: CCCCC1=NC(Cl)=C(C(=O)OCC)C(C)N1Cc1ccc(-c2ccccc2C(=O)O)cc1 | UCB=0.9901 | mu=0.3763 | std=0.8681 | f=0.566
2025-10-12 07:50:19,963 - INFO - [round 18] pick 3/5: CCOc1ccc2nc(COC(=O)c3ccco3)c(C(C)=O)[n+]([O-])c2c1 | UCB=0.9745 | mu=0.3417 | std=0.8949 | f=0.5
2025-10-12 07:50:20,012 - INFO - [round 18] pick 4/5: Cc1cccc(-c2nc3cc(C(=N)N)ccc3[nH]2)c1O | UCB=0.955 | mu=0.316 | std=0.9037 | f=0.3956
2025-10-12 07:50:20,063 - INFO - [round 18] pick 5/5: O=C1NC(=O)C(c2cc(Cl)ccc2SCc2ccc(Cl)cc2)N1 | UCB=0.9384 | mu=0.3188 | std=0.8763 | f=0.4166
2025-10-12 07:50:20,114 - INFO - Round 18 done in 61.37s; train size=105
2025-10-12 07:50:20,114 - INFO - 
--- Round 19 | trial=4 | sqrt_beta=0.7071 (beta=0.5000) | rho=0.70 | train size=105 ---
2025-10-12 07:51:23,808 - INFO - [round 19] pick 1/5: CCOC(=O)C1=C(C)Nc2nc(SCc3ccc(C(=O)O)cc3)nn2C1c1cccs1 | UCB=1.006 | mu=0.3863 | std=0.8766 | f=0.2012
2025-10-12 07:51:23,861 - INFO - [round 19] pick 2/5: CCOC(=O)c1nc2ccccc2nc1Nc1ccc(C(=O)OC)s1 | UCB=0.993 | mu=0.399 | std=0.8401 | f=0.5774
2025-10-12 07:51:23,914 - INFO - [round 19] pick 3/5: O=C1Nc2ccc(Cl)cc2C(c2ccccc2Cl)=NC1OCCO | UCB=0.9715 | mu=0.3559 | std=0.8705 | f=0.4892
2025-10-12 07:51:23,968 - INFO - [round 19] pick 4/5: Cc1cc(-c2ccc(Cl)cc2)c(S(C)(=O)=O)cc1C(=O)N=C(N)N | UCB=0.9606 | mu=0.3432 | std=0.8732 | f=0.1624
2025-10-12 07:51:24,022 - INFO - [round 19] pick 5/5: CC(=O)Nc1nc2ccc(CCNC(=O)Nc3cc(C(F)(F)F)ccc3OCCN)cc2[nH]1 | UCB=0.9523 | mu=0.3047 | std=0.9159 | f=0.4646
2025-10-12 07:51:24,078 - INFO - Round 19 done in 63.96s; train size=110
2025-10-12 07:51:24,078 - INFO - 
--- Round 20 | trial=4 | sqrt_beta=0.7071 (beta=0.5000) | rho=0.70 | train size=110 ---
2025-10-12 07:52:29,211 - INFO - [round 20] pick 1/5: CCOC(=O)c1nc2ccccc2nc1Nc1ccc(Cl)c(Cl)c1 | UCB=1.011 | mu=0.4727 | std=0.7617 | f=0.5215
2025-10-12 07:52:29,268 - INFO - [round 20] pick 2/5: CCCc1nc(C(=O)O)c(CO)n1Cc1ccc(-c2ccccc2C(=O)O)cc1 | UCB=0.9903 | mu=0.4086 | std=0.8227 | f=0.4641
2025-10-12 07:52:29,326 - INFO - [round 20] pick 3/5: NC(=O)COc1ccc(Cl)cc1-c1c(CCO)c(O)nc2ccc(C(F)(F)F)cc12 | UCB=0.973 | mu=0.3565 | std=0.8718 | f=0.4007
2025-10-12 07:52:29,385 - INFO - [round 20] pick 4/5: CCCCN(C)C(=O)C=Cc1ccccc1C1C(C(=O)OCC)=C(C)NC(C)=C1C(=O)OCC | UCB=0.9596 | mu=0.3833 | std=0.8151 | f=0.2442
2025-10-12 07:52:29,445 - INFO - [round 20] pick 5/5: C=C(C)C(=O)Nc1cc2c(Nc3ccc(Br)cc3F)ncnc2cc1OCCNC(C)=O | UCB=0.9584 | mu=0.3431 | std=0.8703 | f=0.4111
2025-10-12 07:52:29,506 - INFO - Round 20 done in 65.43s; train size=115
2025-10-12 07:52:29,506 - INFO - 
--- Round 21 | trial=4 | sqrt_beta=0.7071 (beta=0.5000) | rho=0.70 | train size=115 ---
2025-10-12 07:53:39,329 - INFO - [round 21] pick 1/5: CCOC(=O)c1c(N)n(-c2ccc(C)c(C)c2)c2nc3ccccc3nc12 | UCB=0.993 | mu=0.3943 | std=0.8467 | f=0.1892
2025-10-12 07:53:39,391 - INFO - [round 21] pick 2/5: Cc1ccccc1OCCC(=O)OCC(=O)Nc1ccc2[nH]c(O)nc2c1 | UCB=0.989 | mu=0.3694 | std=0.8762 | f=0.5121
2025-10-12 07:53:39,454 - INFO - [round 21] pick 3/5: CCOC(=O)C(C(=O)NCc1ccc(F)cc1)c1ncc(C(F)(F)F)cc1Cl | UCB=0.9704 | mu=0.344 | std=0.8859 | f=0.1741
2025-10-12 07:53:39,518 - INFO - [round 21] pick 4/5: Oc1cc(O)c(-c2ccccc2Cl)c(Cl)n1 | UCB=0.9625 | mu=0.3613 | std=0.8502 | f=0.1637
2025-10-12 07:53:39,584 - INFO - [round 21] pick 5/5: CCc1c(-c2ccc(OC(C)=O)cc2)n(CC)c2cc(OC(C)=O)ccc12 | UCB=0.9688 | mu=0.3404 | std=0.8887 | f=0.4543
2025-10-12 07:53:39,650 - INFO - Round 21 done in 70.14s; train size=120
2025-10-12 07:53:39,650 - INFO - 
--- Round 22 | trial=4 | sqrt_beta=0.7071 (beta=0.5000) | rho=0.70 | train size=120 ---
2025-10-12 07:54:51,020 - INFO - [round 22] pick 1/5: CCOC(=O)c1nc(Nc2ccc(C(=O)OC)cc2)c2ccccc2n1 | UCB=0.9972 | mu=0.4243 | std=0.8102 | f=0.5697
2025-10-12 07:54:51,088 - INFO - [round 22] pick 2/5: O=C(O)c1c[nH]c2cc(Cl)c(-c3ccc(OCCO)cc3)cc12 | UCB=0.977 | mu=0.3545 | std=0.8804 | f=0.4396
2025-10-12 07:54:51,156 - INFO - [round 22] pick 3/5: CC(=O)Nc1ccccc1OC(=O)c1sc2cc(Cl)ccc2c1Cl | UCB=0.9877 | mu=0.3813 | std=0.8576 | f=0.4804
2025-10-12 07:54:51,225 - INFO - [round 22] pick 4/5: Cc1ccc(C)c(OCCC(=O)OCC(=O)c2ccc3c(c2)NC(=O)CO3)c1 | UCB=0.9712 | mu=0.3462 | std=0.8838 | f=0.488
2025-10-12 07:54:51,296 - INFO - [round 22] pick 5/5: CCOC(=O)C1=C(C)N=C(C)C(=C(O)OCC)C1c1nc2ccccc2[nH]1 | UCB=0.9789 | mu=0.3711 | std=0.8595 | f=0.5875
2025-10-12 07:54:51,368 - INFO - Round 22 done in 71.72s; train size=125
2025-10-12 07:54:51,368 - INFO - 
--- Round 23 | trial=4 | sqrt_beta=0.7071 (beta=0.5000) | rho=0.70 | train size=125 ---
2025-10-12 07:56:04,568 - INFO - [round 23] pick 1/5: COC(=O)CCCC(=O)Nc1ccc(-c2nc3ccccc3[nH]2)cc1 | UCB=1.016 | mu=0.4092 | std=0.8575 | f=0.4916
2025-10-12 07:56:04,642 - INFO - [round 23] pick 2/5: CCOC(O)=C1C(C)=NC(C)=C(C(=O)OCCN2C(=O)c3ccccc3S2(=O)=O)C1c1cccc(Cl)c1Cl | UCB=0.9999 | mu=0.3884 | std=0.8648 | f=0.2147
2025-10-12 07:56:04,716 - INFO - [round 23] pick 3/5: CC(=O)Oc1ccccc1C(=O)Oc1ccc(CCO)cc1 | UCB=1.001 | mu=0.3913 | std=0.8624 | f=0.1765
2025-10-12 07:56:04,792 - INFO - [round 23] pick 4/5: Cc1ccc2nc(NC3=NC(=O)C(CC(=O)O)N3)nc(C)c2c1 | UCB=0.9641 | mu=0.3264 | std=0.9018 | f=0.4183
2025-10-12 07:56:04,869 - INFO - [round 23] pick 5/5: CCOC(=O)c1ccc2[nH]cc(Cc3c[nH]c4ccc(C(=O)OCC)cc34)c2c1 | UCB=0.9819 | mu=0.3532 | std=0.8891 | f=0.1875
2025-10-12 07:56:04,948 - INFO - Round 23 done in 73.58s; train size=130
2025-10-12 07:56:04,948 - INFO - 
--- Round 24 | trial=4 | sqrt_beta=0.7071 (beta=0.5000) | rho=0.70 | train size=130 ---
2025-10-12 07:57:20,914 - INFO - [round 24] pick 1/5: CCOC(=O)c1cc(NC(=O)CSc2nc3ccccc3[nH]2)ccc1Cl | UCB=1.018 | mu=0.4412 | std=0.8158 | f=0.5595
2025-10-12 07:57:20,994 - INFO - [round 24] pick 2/5: COC(=O)c1ccc(NC(=O)CC2Nc3cc(C)c(C)cc3NC2=O)cc1 | UCB=0.991 | mu=0.3766 | std=0.8689 | f=0.5062
2025-10-12 07:57:21,075 - INFO - [round 24] pick 3/5: CCOP(=O)(Cc1ccc(-c2nc3ccc(Br)cc3c(=O)n2CC(=O)O)cc1)OCC | UCB=0.9764 | mu=0.3524 | std=0.8825 | f=0.4356
2025-10-12 07:57:21,156 - INFO - [round 24] pick 4/5: CNC1=Nc2ccc(Cl)cc2C(c2ccccc2F)=NC1CCC(=O)OC | UCB=0.9857 | mu=0.3718 | std=0.8681 | f=0.4836
2025-10-12 07:57:21,239 - INFO - [round 24] pick 5/5: CC(=O)Nc1ccc2nc3c(=O)[nH]c(=O)[nH]c3nc2c1 | UCB=0.9671 | mu=0.3275 | std=0.9045 | f=0.3828
2025-10-12 07:57:21,324 - INFO - Round 24 done in 76.38s; train size=135
2025-10-12 07:57:21,324 - INFO - 
--- Round 25 | trial=4 | sqrt_beta=0.7071 (beta=0.5000) | rho=0.70 | train size=135 ---
2025-10-12 07:58:39,328 - INFO - [round 25] pick 1/5: Cc1cc(C)c(OCC(=O)Nc2nc3ccccc3[nH]2)c(C)c1 | UCB=1.024 | mu=0.4239 | std=0.8488 | f=0.4734
2025-10-12 07:58:39,414 - INFO - [round 25] pick 2/5: CCOC(=O)c1ccc(NC(=O)Nc2nc3ccc(Cl)cc3s2)cc1 | UCB=1.009 | mu=0.4195 | std=0.8343 | f=0.4937
2025-10-12 07:58:39,501 - INFO - [round 25] pick 3/5: COC(=O)CCC(=O)OC1N=C(c2ccccc2)c2cc(Cl)ccc2NC1=O | UCB=1.002 | mu=0.4183 | std=0.8254 | f=0.5279
2025-10-12 07:58:39,589 - INFO - [round 25] pick 4/5: CC(=O)Nc1cc2c(cc1OC(=O)CO)Oc1ccc(CO)cc1N2 | UCB=0.9738 | mu=0.3378 | std=0.8994 | f=0.4417
2025-10-12 07:58:39,678 - INFO - [round 25] pick 5/5: COc1ccc2nc3ccc(OC)cc3c([S+]([O-])CCCl)c2c1 | UCB=0.9625 | mu=0.3293 | std=0.8956 | f=0.4049
2025-10-12 07:58:39,769 - INFO - Round 25 done in 78.45s; train size=140
2025-10-12 07:58:39,769 - INFO - 
--- Round 26 | trial=4 | sqrt_beta=0.7071 (beta=0.5000) | rho=0.70 | train size=140 ---
2025-10-12 08:00:03,563 - INFO - [round 26] pick 1/5: Cc1cccc(C)c1OCC(=O)OCC(O)=C(C#N)c1nc2ccccc2[nH]1 | UCB=1.022 | mu=0.4168 | std=0.8564 | f=0.4779
2025-10-12 08:00:03,656 - INFO - [round 26] pick 2/5: CCOC(=O)CCNC(=O)Nc1ccc2nc(-c3ccco3)c(-c3ccco3)nc2c1 | UCB=1.009 | mu=0.3893 | std=0.8762 | f=0.1686
2025-10-12 08:00:03,750 - INFO - [round 26] pick 3/5: CCOc1ccc(OCC)c(NC(=O)CC2Oc3ccccc3NC2=O)c1 | UCB=1.006 | mu=0.3842 | std=0.8788 | f=0.5121
2025-10-12 08:00:03,845 - INFO - [round 26] pick 4/5: COc1ccc2[nH]c(C(=O)c3cc(C)ccn3)c(CC(=O)O)c2c1 | UCB=0.9901 | mu=0.3655 | std=0.8833 | f=0.4583
2025-10-12 08:00:03,941 - INFO - [round 26] pick 5/5: COC(=O)c1ccc(C(=O)Nc2nc3ccc4nc(SC)sc4c3s2)cc1 | UCB=0.98 | mu=0.3651 | std=0.8696 | f=0.1619
2025-10-12 08:00:04,038 - INFO - Round 26 done in 84.27s; train size=145
2025-10-12 08:00:04,038 - INFO - 
--- Round 27 | trial=4 | sqrt_beta=0.7071 (beta=0.5000) | rho=0.70 | train size=145 ---
2025-10-12 08:01:28,243 - INFO - [round 27] pick 1/5: COc1ccc2[nH]c(-c3ccc(NC(=O)CC(=O)O)cc3)nc2c1 | UCB=1.022 | mu=0.4603 | std=0.7942 | f=0.4342
2025-10-12 08:01:28,342 - INFO - [round 27] pick 2/5: Cc1cc(OCc2nc3ccccc3[nH]2)cc(C)c1Cl | UCB=1.018 | mu=0.422 | std=0.8428 | f=0.4789
2025-10-12 08:01:28,442 - INFO - [round 27] pick 3/5: CCOC(=O)CC1C(C(=O)OCC)=C(N)Oc2ccc(-c3ccccn3)cc21 | UCB=0.9938 | mu=0.3826 | std=0.8643 | f=0.5774
2025-10-12 08:01:28,543 - INFO - [round 27] pick 4/5: O=C(O)c1ccc2c(c1)NC(=O)C(CSCc1ccccc1Cl)N2 | UCB=0.9899 | mu=0.3728 | std=0.8728 | f=0.5
2025-10-12 08:01:28,646 - INFO - [round 27] pick 5/5: CCOc1c(OCC)c(OC(=O)C(C)(C)C)c2cc(Cl)ccc2c1OC(=O)C(C)(C)C | UCB=0.9489 | mu=0.3056 | std=0.9097 | f=0.1738
2025-10-12 08:01:28,750 - INFO - Round 27 done in 84.71s; train size=150
2025-10-12 08:01:28,750 - INFO - 
--- Round 28 | trial=4 | sqrt_beta=0.7071 (beta=0.5000) | rho=0.70 | train size=150 ---
2025-10-12 08:02:58,236 - INFO - [round 28] pick 1/5: Cc1ccc(OCC(=O)NCCc2nc3ccccc3[nH]2)c(C)c1 | UCB=1.022 | mu=0.4524 | std=0.8058 | f=0.4763
2025-10-12 08:02:58,466 - INFO - [round 28] pick 2/5: C#CCOC(=O)CC1C(C(=O)OCC#C)=C(N)Oc2ccc(-c3ccc(N)cc3)cc21 | UCB=0.9956 | mu=0.3874 | std=0.8602 | f=0.4732
2025-10-12 08:02:58,574 - INFO - [round 28] pick 3/5: Cn1c(SCC(=O)c2ccc3c(c2)NC(=O)CO3)nc2ccccc21 | UCB=1.01 | mu=0.4084 | std=0.8507 | f=0.1612
2025-10-12 08:02:58,683 - INFO - [round 28] pick 4/5: O=C(O)CCc1c(C(=O)O)[nH]c2c([N+](=O)[O-])cc(Nc3ccccc3)cc12 | UCB=0.9961 | mu=0.371 | std=0.8841 | f=0.4437
2025-10-12 08:02:58,793 - INFO - [round 28] pick 5/5: COCCOc1n[nH]c2cc(NC(O)=NC(C)c3ccc(Cl)cc3)ncc12 | UCB=0.9627 | mu=0.3263 | std=0.8999 | f=0.4297
2025-10-12 08:02:58,907 - INFO - Round 28 done in 90.16s; train size=155
2025-10-12 08:02:58,907 - INFO - 
--- Round 29 | trial=4 | sqrt_beta=0.7071 (beta=0.5000) | rho=0.70 | train size=155 ---
2025-10-12 08:04:31,467 - INFO - [round 29] pick 1/5: COc1ccccc1NC(=O)Cc1c(C(=O)O)[nH]c2ccc(Cl)cc12 | UCB=1.017 | mu=0.4465 | std=0.8062 | f=0.4957
2025-10-12 08:04:31,581 - INFO - [round 29] pick 2/5: CCOc1ccnc(C[S+]([O-])c2nc3ccccc3[nH]2)c1C | UCB=0.9991 | mu=0.3903 | std=0.8609 | f=0.4663
2025-10-12 08:04:31,819 - INFO - [round 29] pick 3/5: NCCCC(=O)OC1N=C(c2ccccc2Cl)c2cc(Br)ccc2NC1=O | UCB=1.002 | mu=0.4391 | std=0.7966 | f=0.5345
2025-10-12 08:04:31,937 - INFO - [round 29] pick 4/5: COc1ccc(OCC(=O)Nc2nc3ccc(NC(C)=O)cc3s2)cc1 | UCB=0.999 | mu=0.4069 | std=0.8373 | f=0.4347
2025-10-12 08:04:32,054 - INFO - [round 29] pick 5/5: CCOC(=O)C1=C(c2ccc(O)cc2)NC(=O)NC1C | UCB=0.9751 | mu=0.3729 | std=0.8516 | f=0.1995
2025-10-12 08:04:32,173 - INFO - Round 29 done in 93.27s; train size=160
2025-10-12 08:04:32,173 - INFO - 
--- Round 30 | trial=4 | sqrt_beta=0.7071 (beta=0.5000) | rho=0.70 | train size=160 ---
2025-10-12 08:06:08,848 - INFO - [round 30] pick 1/5: Cc1ccc(C)c(C(=O)CCC(=O)OCn2nnc3ccccc3c2=O)c1 | UCB=1.007 | mu=0.4258 | std=0.8225 | f=0.4939
2025-10-12 08:06:08,969 - INFO - [round 30] pick 2/5: CCOC(=O)C1=C(C)NC(=S)NC1c1ccc(NC(=O)Nc2ccccc2Cl)cc1 | UCB=1.003 | mu=0.4193 | std=0.8252 | f=0.6132
2025-10-12 08:06:09,091 - INFO - [round 30] pick 3/5: N#Cc1ccc2[nH]c(CC(CC(=O)O)c3ccc(Cl)cc3)nc2c1 | UCB=0.9905 | mu=0.3757 | std=0.8694 | f=0.4
2025-10-12 08:06:09,215 - INFO - [round 30] pick 4/5: CCN(CC)c1cc2c(cc1NC(C)=O)NC(=O)C2=Cc1ccccn1 | UCB=0.9778 | mu=0.3434 | std=0.8972 | f=0.4579
2025-10-12 08:06:09,340 - INFO - [round 30] pick 5/5: Cc1nc(-c2ccc(OCCCOc3ccc4c(c3)CCC4CC(=O)O)cc2)sc1C(=O)O | UCB=0.9808 | mu=0.3536 | std=0.8869 | f=0.1662
2025-10-12 08:06:09,466 - INFO - Round 30 done in 97.29s; train size=165
2025-10-12 08:06:09,466 - INFO - 
--- Round 31 | trial=4 | sqrt_beta=0.7071 (beta=0.5000) | rho=0.70 | train size=165 ---
2025-10-12 08:07:43,408 - INFO - [round 31] pick 1/5: CCOC(=O)c1[nH]c2ccc(F)cc2c1NC(=O)Nc1ccccc1OC | UCB=1.025 | mu=0.4527 | std=0.8088 | f=0.5446
2025-10-12 08:07:43,536 - INFO - [round 31] pick 2/5: COc1ccc(NC(=O)CC2Oc3ccc(C)cc3NC2=O)cc1Cl | UCB=1.009 | mu=0.4267 | std=0.824 | f=0.4851
2025-10-12 08:07:43,666 - INFO - [round 31] pick 3/5: O=C(c1ccc(Oc2ncccc2C(=O)O)cc1)c1nc2ccccc2[nH]1 | UCB=1.001 | mu=0.4057 | std=0.8418 | f=0.1575
2025-10-12 08:07:43,797 - INFO - [round 31] pick 4/5: CCCC(=O)c1cc2c3ccccc3nc-2c[nH]1 | UCB=0.9984 | mu=0.3886 | std=0.8623 | f=0.4658
2025-10-12 08:07:43,930 - INFO - [round 31] pick 5/5: CC(=O)OCC1OC(n2c(-c3ccccn3)cc(-c3ccc(Cl)cc3)c(C#N)c2=O)C(OC(C)=O)C(OC(C)=O)C1OC(C)=O | UCB=0.9686 | mu=0.3279 | std=0.9061 | f=0.1601
2025-10-12 08:07:44,065 - INFO - Round 31 done in 94.60s; train size=170
2025-10-12 08:07:44,065 - INFO - 
--- Round 32 | trial=4 | sqrt_beta=0.7071 (beta=0.5000) | rho=0.70 | train size=170 ---
2025-10-12 08:09:22,830 - INFO - [round 32] pick 1/5: Cc1ccc(NC(=O)CC2Sc3ccccc3NC2=O)c(C)c1 | UCB=1.017 | mu=0.4238 | std=0.8392 | f=0.4845
2025-10-12 08:09:22,966 - INFO - [round 32] pick 2/5: O=C(Nc1ccc(Cl)c(F)c1)C(=O)Nc1cccc2[nH]ncc12 | UCB=1.012 | mu=0.3884 | std=0.8814 | f=0.4396
2025-10-12 08:09:23,103 - INFO - [round 32] pick 3/5: CCCC(=O)OCc1ccc2oc3cc(=O)c(NC(C)=O)cc-3nc2c1 | UCB=0.993 | mu=0.3707 | std=0.8801 | f=0.4685
2025-10-12 08:09:23,246 - INFO - [round 32] pick 4/5: COc1cc2ncnc(Nc3ccccc3Cl)c2cc1OCCCCC(=O)NO | UCB=0.9999 | mu=0.4229 | std=0.816 | f=0.5
2025-10-12 08:09:23,388 - INFO - [round 32] pick 5/5: Cc1ccc(C)c(C[S+]([O-])c2nc3ccccc3[nH]2)c1N | UCB=0.988 | mu=0.4233 | std=0.7986 | f=0.4393
2025-10-12 08:09:23,531 - INFO - Round 32 done in 99.47s; train size=175
2025-10-12 08:09:23,531 - INFO - 
--- Round 33 | trial=4 | sqrt_beta=0.7071 (beta=0.5000) | rho=0.70 | train size=175 ---
2025-10-12 08:11:03,485 - INFO - [round 33] pick 1/5: COc1ccc(-c2noc(CCC(=O)Nc3ccccc3Cl)n2)cc1OC | UCB=1.02 | mu=0.4294 | std=0.8351 | f=0.4919
2025-10-12 08:11:03,629 - INFO - [round 33] pick 2/5: Cc1ccc2c(c1)C(Cc1ccccc1F)C(=O)N2 | UCB=1.007 | mu=0.3977 | std=0.8612 | f=0.4736
2025-10-12 08:11:03,776 - INFO - [round 33] pick 3/5: CC(=O)Nc1ccc2cc3[nH]c4cc(NC(C)=O)ccc4c3nc2c1 | UCB=1.002 | mu=0.3925 | std=0.8627 | f=0.1496
2025-10-12 08:11:03,930 - INFO - [round 33] pick 4/5: CCOC(=O)Nc1cc2c(c(N)n1)N=C(Cc1ccccc1)C(C)N2 | UCB=1.003 | mu=0.3761 | std=0.887 | f=0.5147
2025-10-12 08:11:04,084 - INFO - [round 33] pick 5/5: Cc1cc(=N)[nH]c(C)c1CN=C(O)c1cnn(Cc2ccc(Cl)cc2)c1 | UCB=0.9749 | mu=0.3443 | std=0.8918 | f=0.4035
2025-10-12 08:11:04,238 - INFO - Round 33 done in 100.71s; train size=180
2025-10-12 08:11:04,238 - INFO - 
--- Round 34 | trial=4 | sqrt_beta=0.7071 (beta=0.5000) | rho=0.70 | train size=180 ---
2025-10-12 08:12:47,470 - INFO - [round 34] pick 1/5: CCOC(=O)c1nc(Nc2cc(Cl)ccc2OC)c2ccccc2n1 | UCB=1.016 | mu=0.5048 | std=0.7225 | f=0.5357
2025-10-12 08:12:47,623 - INFO - [round 34] pick 2/5: Cc1ccc(NC(=O)CC2=NC(=O)C(CC(=O)Nc3ccccc3F)S2)cc1 | UCB=1.01 | mu=0.4123 | std=0.845 | f=0.4575
2025-10-12 08:12:47,779 - INFO - [round 34] pick 3/5: O=C(O)CCc1nc2cc3ccccc3cc2[nH]c1=O | UCB=1.002 | mu=0.3857 | std=0.8712 | f=0.4552
2025-10-12 08:12:47,937 - INFO - [round 34] pick 4/5: COc1cc(NC(=O)COC(=O)CCCC2=NS(=O)(=O)c3ccccc3N2)cc(OC)c1 | UCB=1.006 | mu=0.3844 | std=0.8794 | f=0.5149
2025-10-12 08:12:48,096 - INFO - [round 34] pick 5/5: CCCCC1Nc2ccccc2-c2ccnc(Cl)c21 | UCB=0.9843 | mu=0.356 | std=0.8886 | f=0.4714
2025-10-12 08:12:48,258 - INFO - Round 34 done in 104.02s; train size=185
2025-10-12 08:12:48,258 - INFO - 
--- Round 35 | trial=4 | sqrt_beta=0.7071 (beta=0.5000) | rho=0.70 | train size=185 ---
2025-10-12 08:14:34,080 - INFO - [round 35] pick 1/5: COc1ccc(NC(=O)CCc2nc3ccccc3s2)c(OC)c1 | UCB=1.023 | mu=0.442 | std=0.8217 | f=0.4655
2025-10-12 08:14:34,243 - INFO - [round 35] pick 2/5: O=C(Cc1cc(=O)[nH]cn1)NN=C1C(=O)Nc2ccccc21 | UCB=1.007 | mu=0.377 | std=0.8914 | f=0.4434
2025-10-12 08:14:34,407 - INFO - [round 35] pick 3/5: CCOC(=O)c1ccc(NC(=O)Cc2noc3ccc(C)cc23)cc1 | UCB=1.012 | mu=0.4399 | std=0.8092 | f=0.5042
2025-10-12 08:14:34,573 - INFO - [round 35] pick 4/5: CCCCC12CC1(C(=O)Nc1ccccc1C#N)C(=O)Nc1ccc(Cl)cc12 | UCB=1.008 | mu=0.3866 | std=0.8795 | f=0.1758
2025-10-12 08:14:34,741 - INFO - [round 35] pick 5/5: OCc1cc2nc(-c3ccccn3)[nH]c2cc1CO | UCB=0.9735 | mu=0.3437 | std=0.8906 | f=0.3845
2025-10-12 08:14:34,911 - INFO - Round 35 done in 106.65s; train size=190
2025-10-12 08:14:34,911 - INFO - 
--- Round 36 | trial=4 | sqrt_beta=0.7071 (beta=0.5000) | rho=0.70 | train size=190 ---
2025-10-12 08:16:22,441 - INFO - [round 36] pick 1/5: CCCOc1ccccc1CCC(=O)Nc1ccc2nc(C)cc(N)c2c1 | UCB=1.014 | mu=0.4125 | std=0.851 | f=0.4919
2025-10-12 08:16:22,612 - INFO - [round 36] pick 2/5: COC(=O)c1ccccc1NC(=O)Nc1cc(C)ccn1 | UCB=1.009 | mu=0.445 | std=0.7982 | f=0.1873
2025-10-12 08:16:22,786 - INFO - [round 36] pick 3/5: O=C(O)CCc1ccc2oc(Nc3cccc(Cl)c3Cl)nc2c1 | UCB=1.002 | mu=0.3877 | std=0.8681 | f=0.4282
2025-10-12 08:16:22,961 - INFO - [round 36] pick 4/5: CCOC(=O)C1=C(C)NC(=O)NC1c1cnc(SC)n1Cc1ccccc1 | UCB=1.003 | mu=0.4323 | std=0.8073 | f=0.595
2025-10-12 08:16:23,138 - INFO - [round 36] pick 5/5: O=C1NC(c2c[nH]c3ccc(Br)cc23)Nc2ccccc21 | UCB=0.9791 | mu=0.3567 | std=0.8803 | f=0.1515
2025-10-12 08:16:23,316 - INFO - Round 36 done in 108.41s; train size=195
2025-10-12 08:16:23,317 - INFO - 
--- Round 37 | trial=4 | sqrt_beta=0.7071 (beta=0.5000) | rho=0.70 | train size=195 ---
2025-10-12 08:18:13,082 - INFO - [round 37] pick 1/5: Cc1nn(Cc2ccc(NC(=O)CCc3ccccc3)cc2Cl)c(C)c1CC(=O)O | UCB=1.031 | mu=0.4308 | std=0.8488 | f=0.4981
2025-10-12 08:18:13,262 - INFO - [round 37] pick 2/5: CCOC(=O)Nc1ccc2nc(-c3c(Cl)cccc3Cl)[nH]c2c1 | UCB=1.018 | mu=0.4355 | std=0.8239 | f=0.4956
2025-10-12 08:18:13,445 - INFO - [round 37] pick 3/5: COC(=O)N=c1[nH][nH]c2cc(NC(O)=NCc3ccccc3OC)ncc12 | UCB=1.002 | mu=0.3781 | std=0.8823 | f=0.4714
2025-10-12 08:18:13,633 - INFO - [round 37] pick 4/5: CCOC(=O)c1cc(COc2ccnc3cc(C(F)(F)F)ccc23)on1 | UCB=0.9925 | mu=0.3788 | std=0.8678 | f=0.4685
2025-10-12 08:18:13,821 - INFO - [round 37] pick 5/5: CCc1cccc(C)c1NC(=O)CC1C(=O)Nc2ccccc2S1(=O)=O | UCB=1.013 | mu=0.4085 | std=0.8552 | f=0.4916
2025-10-12 08:18:14,009 - INFO - Round 37 done in 110.69s; train size=200
2025-10-12 08:18:14,009 - INFO - 
--- Round 38 | trial=4 | sqrt_beta=0.7071 (beta=0.5000) | rho=0.70 | train size=200 ---
2025-10-12 08:20:07,404 - INFO - [round 38] pick 1/5: CCCC(=O)Nc1ccc(Cl)c(-c2nc3cc(C)ccc3o2)c1 | UCB=1.022 | mu=0.4345 | std=0.8306 | f=0.451
2025-10-12 08:20:07,594 - INFO - [round 38] pick 2/5: CCOc1cc(C2NC(=O)NC(C)=C2C(C)=O)ccc1OCc1ccccc1Cl | UCB=1.02 | mu=0.4391 | std=0.8214 | f=0.592
2025-10-12 08:20:07,786 - INFO - [round 38] pick 3/5: O=C(COC(=O)c1ncc(Cl)c(Cl)c1Cl)Nc1ccccc1OC(F)F | UCB=1.008 | mu=0.3914 | std=0.8717 | f=0.1855
2025-10-12 08:20:07,980 - INFO - [round 38] pick 4/5: COCCOc1n[nH]c2c(F)c(NC(O)=NC(CO)c3ccccc3)ncc12 | UCB=0.9879 | mu=0.3701 | std=0.8737 | f=0.4455
2025-10-12 08:20:08,174 - INFO - [round 38] pick 5/5: COc1ccc(-c2ccc3nc(CCCCCCC(=O)NO)[nH]c3c2)cc1 | UCB=0.9916 | mu=0.3833 | std=0.8603 | f=0.4174
2025-10-12 08:20:08,371 - INFO - Round 38 done in 114.36s; train size=205
2025-10-12 08:20:08,372 - INFO - 
--- Round 39 | trial=4 | sqrt_beta=0.7071 (beta=0.5000) | rho=0.70 | train size=205 ---
2025-10-12 08:22:07,360 - INFO - [round 39] pick 1/5: CCOC(=O)CCCOc1nc(Nc2ccccc2)nc2cc(OC)c(OC)cc12 | UCB=1.025 | mu=0.4399 | std=0.8269 | f=0.5229
2025-10-12 08:22:07,561 - INFO - [round 39] pick 2/5: O=C(NCc1ccccc1Cl)c1ccc2[nH]c(C3OC(CO)C(O)C3O)nc2c1 | UCB=1.016 | mu=0.3964 | std=0.8764 | f=0.1664
2025-10-12 08:22:07,763 - INFO - [round 39] pick 3/5: CC(=O)C1=C(C)N=C(SCCC(=O)O)NC1c1ccccc1 | UCB=1.011 | mu=0.3932 | std=0.8734 | f=0.1856
2025-10-12 08:22:07,967 - INFO - [round 39] pick 4/5: CCCC(=O)Nc1n[nH]c2cc(-c3ccc(Cl)cc3)ccc12 | UCB=1.017 | mu=0.4353 | std=0.8232 | f=0.4318
2025-10-12 08:22:08,172 - INFO - [round 39] pick 5/5: CON=C(c1noc(C)n1)c1ccccc1COc1cc(C)ccc1C | UCB=1.007 | mu=0.3967 | std=0.8632 | f=0.4561
2025-10-12 08:22:08,379 - INFO - Round 39 done in 120.01s; train size=210
