2025-10-10 14:11:06,873 - INFO - 
--- Round 0 | trial=2 | sqrt_beta=2.2361 (beta=5.0000) | rho=0.80 | train size=10 ---
2025-10-10 14:11:16,919 - INFO - [round 0] pick 1/5: C1CCNC1 | UCB=2.246 | mu=0.01965 | std=0.9958 | f=0.005016
2025-10-10 14:11:16,920 - INFO - [round 0] pick 2/5: N=C(N)NS(=O)(=O)C(F)(F)F | UCB=2.244 | mu=0.01697 | std=0.996 | f=0.003798
2025-10-10 14:11:16,921 - INFO - [round 0] pick 3/5: c1cocn1 | UCB=2.244 | mu=0.01562 | std=0.9965 | f=0
2025-10-10 14:11:16,922 - INFO - [round 0] pick 4/5: O=C1NC2NC(=O)N([N+](=O)[O-])C2N1 | UCB=2.244 | mu=0.02064 | std=0.9945 | f=0.004486
2025-10-10 14:11:16,923 - INFO - [round 0] pick 5/5: Cc1nc(C(Cl)(Cl)Cl)nc(C(Cl)(Cl)Cl)n1 | UCB=2.242 | mu=0.01215 | std=0.9973 | f=0.0354
2025-10-10 14:11:16,924 - INFO - Round 0 done in 10.05s; train size=15
2025-10-10 14:11:16,924 - INFO - 
--- Round 1 | trial=2 | sqrt_beta=2.2361 (beta=5.0000) | rho=0.80 | train size=15 ---
2025-10-10 14:11:28,782 - INFO - [round 1] pick 1/5: N#CCN(CC#N)C1CC=CCC1N(CC#N)CC#N | UCB=2.24 | mu=0.01294 | std=0.996 | f=0.004424
2025-10-10 14:11:28,783 - INFO - [round 1] pick 2/5: C=CCNC | UCB=2.24 | mu=0.007737 | std=0.9982 | f=0.003525
2025-10-10 14:11:28,785 - INFO - [round 1] pick 3/5: S=c1sc2cscc2s1 | UCB=2.24 | mu=0.01518 | std=0.9949 | f=0
2025-10-10 14:11:28,786 - INFO - [round 1] pick 4/5: S=C(SSSSSSC(=S)N1CCCCC1)N1CCCCC1 | UCB=2.239 | mu=0.0237 | std=0.9908 | f=0.00518
2025-10-10 14:11:28,788 - INFO - [round 1] pick 5/5: O=S1(=O)OCCOS(=O)(=O)C1(F)Br | UCB=2.239 | mu=0.01496 | std=0.9946 | f=0.004116
2025-10-10 14:11:28,789 - INFO - Round 1 done in 11.87s; train size=20
2025-10-10 14:11:28,789 - INFO - 
--- Round 2 | trial=2 | sqrt_beta=2.2361 (beta=5.0000) | rho=0.80 | train size=20 ---
2025-10-10 14:11:43,169 - INFO - [round 2] pick 1/5: O=C(O)C(O)C(O)C(O)CP(=O)(O)O | UCB=2.237 | mu=0.01149 | std=0.9953 | f=0.005608
2025-10-10 14:11:43,171 - INFO - [round 2] pick 2/5: CNP1(NC)=NP(NC)(NC)=NP(NC)(N2CC2)=N1 | UCB=2.236 | mu=0.01416 | std=0.9936 | f=0.004519
2025-10-10 14:11:43,173 - INFO - [round 2] pick 3/5: ClC(Br)Br | UCB=2.235 | mu=0.0002445 | std=0.9996 | f=0.002074
2025-10-10 14:11:43,175 - INFO - [round 2] pick 4/5: [O-][Cl+]O | UCB=2.235 | mu=2.382e-05 | std=0.9996 | f=0.002101
2025-10-10 14:11:43,177 - INFO - [round 2] pick 5/5: ClC1(Cl)C2(Cl)C3(Cl)C4(Cl)C(Cl)(Cl)C5(Cl)C3(Cl)C1(Cl)C5(Cl)C24Cl | UCB=2.234 | mu=0.002105 | std=0.998 | f=0
2025-10-10 14:11:43,179 - INFO - Round 2 done in 14.39s; train size=25
2025-10-10 14:11:43,179 - INFO - 
--- Round 3 | trial=2 | sqrt_beta=2.2361 (beta=5.0000) | rho=0.80 | train size=25 ---
2025-10-10 14:12:00,547 - INFO - [round 3] pick 1/5: N=C(NN=Cc1c(F)c(F)c(F)c(F)c1F)NN=Cc1c(F)c(F)c(F)c(F)c1F | UCB=2.233 | mu=0.009875 | std=0.9943 | f=0.1162
2025-10-10 14:12:00,549 - INFO - [round 3] pick 2/5: ClC=CC[N+]12CN3CN(CN(C3)C1)C2 | UCB=2.233 | mu=0.01513 | std=0.9918 | f=0.004729
2025-10-10 14:12:00,552 - INFO - [round 3] pick 3/5: [N-]=[N+]=NCC1OC(OS(=O)(=O)O)C(OS(=O)(=O)O)C(OS(=O)(=O)O)C1OS(=O)(=O)O | UCB=2.233 | mu=0.01238 | std=0.993 | f=0.004661
2025-10-10 14:12:00,555 - INFO - [round 3] pick 4/5: C=C=C | UCB=2.232 | mu=-0.0003236 | std=0.9984 | f=0
2025-10-10 14:12:00,558 - INFO - [round 3] pick 5/5: CN=C(S)n1cnc(N)n1 | UCB=2.233 | mu=0.01414 | std=0.9923 | f=0.06537
2025-10-10 14:12:00,561 - INFO - Round 3 done in 17.38s; train size=30
2025-10-10 14:12:00,561 - INFO - 
--- Round 4 | trial=2 | sqrt_beta=2.2361 (beta=5.0000) | rho=0.80 | train size=30 ---
2025-10-10 14:12:19,639 - INFO - [round 4] pick 1/5: NNc1nnc(-c2nnc(NN)o2)o1 | UCB=2.235 | mu=0.02026 | std=0.9906 | f=0.09535
2025-10-10 14:12:19,643 - INFO - [round 4] pick 2/5: OC(C1CCC=NN1C(O)(C(F)(F)F)C(F)(F)F)(C(F)(F)F)C(F)(F)F | UCB=2.233 | mu=0.01759 | std=0.991 | f=0.00395
2025-10-10 14:12:19,646 - INFO - [round 4] pick 3/5: CC(=NN)C(C)=NN=C(C)C(C)=NN | UCB=2.233 | mu=0.007386 | std=0.9955 | f=0.004464
2025-10-10 14:12:19,650 - INFO - [round 4] pick 4/5: c1c2n[nH]c1CNCCN1CCNCc3cc(n[nH]3)CNCCN(CCNC2)CCNCc2cc([nH]n2)CNCC1 | UCB=2.233 | mu=0.02353 | std=0.9882 | f=0.06572
2025-10-10 14:12:19,654 - INFO - [round 4] pick 5/5: S=C(S)[N-]C[N-]C(=S)S | UCB=2.23 | mu=0.004993 | std=0.9953 | f=0.003326
2025-10-10 14:12:19,658 - INFO - Round 4 done in 19.10s; train size=35
2025-10-10 14:12:19,658 - INFO - 
--- Round 5 | trial=2 | sqrt_beta=2.2361 (beta=5.0000) | rho=0.80 | train size=35 ---
2025-10-10 14:12:41,889 - INFO - [round 5] pick 1/5: Clc1c(I)c(I)c2[nH]cnc2c1I | UCB=2.236 | mu=0.02512 | std=0.9887 | f=0
2025-10-10 14:12:41,893 - INFO - [round 5] pick 2/5: Cc1nc(C)c(COC(=O)c2cc(OCc3nc(C)c(C)nc3C)c(OCc3nc(C)c(C)nc3C)c(OCc3nc(C)c(C)nc3C)c2)nc1C | UCB=2.232 | mu=0.02283 | std=0.9878 | f=2.873e-05
2025-10-10 14:12:41,898 - INFO - [round 5] pick 3/5: F[B-]1(F)n2cccc2C=C2C=CC=[N+]21 | UCB=2.231 | mu=0.02098 | std=0.9882 | f=0.03508
2025-10-10 14:12:41,903 - INFO - [round 5] pick 4/5: NCC#CCN | UCB=2.228 | mu=0.003065 | std=0.995 | f=0.002809
2025-10-10 14:12:41,908 - INFO - [round 5] pick 5/5: CC(=O)OC1CSSC1 | UCB=2.228 | mu=0.01591 | std=0.9894 | f=0.005522
2025-10-10 14:12:41,913 - INFO - Round 5 done in 22.25s; train size=40
2025-10-10 14:12:41,913 - INFO - 
--- Round 6 | trial=2 | sqrt_beta=2.2361 (beta=5.0000) | rho=0.80 | train size=40 ---
2025-10-10 14:13:05,033 - INFO - [round 6] pick 1/5: [O-][n+]1onc2c1-c1nonc1CC2 | UCB=2.229 | mu=0.02727 | std=0.9844 | f=0.1367
2025-10-10 14:13:05,038 - INFO - [round 6] pick 2/5: CCNCCCCNCCCCNCCCCNCCCCNCC=C(CS)CNCCCCNCCCCNCCCCNCCCCNCC | UCB=2.227 | mu=0.003186 | std=0.9947 | f=0.003747
2025-10-10 14:13:05,044 - INFO - [round 6] pick 3/5: C1=CSSC=CSS1 | UCB=2.226 | mu=0.008685 | std=0.9917 | f=0
2025-10-10 14:13:05,050 - INFO - [round 6] pick 4/5: O=CC=O | UCB=2.226 | mu=0.004325 | std=0.9936 | f=0.002933
2025-10-10 14:13:05,057 - INFO - [round 6] pick 5/5: CC(C=CC1=C(C)CCCC1(C)C)=CC=CC(C)=CC=NNC(=S)NC(=S)NN=CC=C(C)C=CC=C(C)C=CC1=C(C)CCCC1(C)C | UCB=2.227 | mu=0.02388 | std=0.9854 | f=0.004946
2025-10-10 14:13:05,063 - INFO - Round 6 done in 23.15s; train size=45
2025-10-10 14:13:05,063 - INFO - 
--- Round 7 | trial=2 | sqrt_beta=2.2361 (beta=5.0000) | rho=0.80 | train size=45 ---
2025-10-10 14:13:30,974 - INFO - [round 7] pick 1/5: C=CC1C2Cc3c(-c4nnn[nH]4)n[nH]c3C12 | UCB=2.229 | mu=0.03239 | std=0.9825 | f=0.1873
2025-10-10 14:13:30,981 - INFO - [round 7] pick 2/5: Brc1cc(Br)c2c(c1)Oc1c(Br)c(Br)c(Br)c(Br)c1O2 | UCB=2.229 | mu=0.03115 | std=0.983 | f=0
2025-10-10 14:13:30,988 - INFO - [round 7] pick 3/5: ON=CC1=CCOCC1 | UCB=2.228 | mu=0.02537 | std=0.9852 | f=0.003798
2025-10-10 14:13:30,996 - INFO - [round 7] pick 4/5: CC12CC(C)(OO1)OO2 | UCB=2.226 | mu=0.01166 | std=0.9904 | f=0.00329
2025-10-10 14:13:31,003 - INFO - [round 7] pick 5/5: FS(F)(F)(F)(F)F | UCB=2.223 | mu=0.003477 | std=0.9927 | f=0
2025-10-10 14:13:31,011 - INFO - Round 7 done in 25.95s; train size=50
2025-10-10 14:13:31,012 - INFO - 
--- Round 8 | trial=2 | sqrt_beta=2.2361 (beta=5.0000) | rho=0.80 | train size=50 ---
2025-10-10 14:13:59,642 - INFO - [round 8] pick 1/5: CC(C)CSc1nnc(S)s1 | UCB=2.228 | mu=0.02739 | std=0.9841 | f=0.08396
2025-10-10 14:13:59,650 - INFO - [round 8] pick 2/5: c1ncn(C23C4C5C6C4C2C6C53)n1 | UCB=2.228 | mu=0.02181 | std=0.9866 | f=0.07146
2025-10-10 14:13:59,659 - INFO - [round 8] pick 3/5: Nc1nc(N)nc(NCCCNC2CCCCC2NCCCNc2nc(N)nc(N)n2)n1 | UCB=2.227 | mu=0.0398 | std=0.9782 | f=0.3299
2025-10-10 14:13:59,668 - INFO - [round 8] pick 4/5: C[Si]1(C)N[Si](C)(C)N[Si](C)(C)N1 | UCB=2.223 | mu=0.001913 | std=0.9935 | f=0.003205
2025-10-10 14:13:59,677 - INFO - [round 8] pick 5/5: C=C1CC2CCC34CC5OC6C(OC7CCC(CC(=O)CC8C(CC9OC(CCC1O2)CC(C)C9=C)OC(CCN1CCOCC1)C8OC)OC7C6O3)C5O4 | UCB=2.226 | mu=0.02442 | std=0.9844 | f=0.005324
2025-10-10 14:13:59,687 - INFO - Round 8 done in 28.68s; train size=55
2025-10-10 14:13:59,687 - INFO - 
--- Round 9 | trial=2 | sqrt_beta=2.2361 (beta=5.0000) | rho=0.80 | train size=55 ---
2025-10-10 14:14:30,280 - INFO - [round 9] pick 1/5: Cc1nc(N)nc(N)c1C12CC3CC(CC(C3)C1)C2 | UCB=2.24 | mu=0.07493 | std=0.968 | f=0.1085
2025-10-10 14:14:30,290 - INFO - [round 9] pick 2/5: c1cnc(Nc2nsc(Nc3ncccn3)n2)nc1 | UCB=2.238 | mu=0.05805 | std=0.975 | f=0.03264
2025-10-10 14:14:30,301 - INFO - [round 9] pick 3/5: CN(CCCNC1=NCCN1)CCNC1=NCCN1 | UCB=2.239 | mu=0.06012 | std=0.9744 | f=0.005058
2025-10-10 14:14:30,312 - INFO - [round 9] pick 4/5: NC(=O)CCC(N)C(=O)OCC1SC(CC=O)SC1COC(=O)C(N)CCC(N)=O | UCB=2.229 | mu=0.02276 | std=0.9866 | f=0.007333
2025-10-10 14:14:30,323 - INFO - [round 9] pick 5/5: OC1=NC(=Cc2cnn3c(=NC4CC4)[nH]c(=NCC(F)F)[nH]c23)C(O)=N1 | UCB=2.237 | mu=0.05875 | std=0.9741 | f=0.2582
2025-10-10 14:14:30,335 - INFO - Round 9 done in 30.65s; train size=60
2025-10-10 14:14:30,335 - INFO - 
--- Round 10 | trial=2 | sqrt_beta=2.2361 (beta=5.0000) | rho=0.80 | train size=60 ---
2025-10-10 14:15:03,348 - INFO - [round 10] pick 1/5: Nc1c2c(nc3sc4c(c13)CCCC4)CCCC2 | UCB=2.237 | mu=0.06786 | std=0.9701 | f=0.2446
2025-10-10 14:15:03,360 - INFO - [round 10] pick 2/5: C#CCOc1nc(OCC#C)nc(OCC#C)n1 | UCB=2.236 | mu=0.03916 | std=0.9823 | f=0.06773
2025-10-10 14:15:03,373 - INFO - [round 10] pick 3/5: c1nncc2c1CC1CCC2N1 | UCB=2.237 | mu=0.06867 | std=0.9695 | f=0.09733
2025-10-10 14:15:03,386 - INFO - [round 10] pick 4/5: Nc1ncnc2c1ncn2CCOCP(=O)(O)OCCOCCOCCOCCOCCOCCO | UCB=2.234 | mu=0.03211 | std=0.9847 | f=0.2041
2025-10-10 14:15:03,400 - INFO - [round 10] pick 5/5: NC1C(O)C(O)C(O)C(O)C1NC1C(O)C(O)C(O)C(O)C1O | UCB=2.224 | mu=0.01522 | std=0.9879 | f=0.003663
2025-10-10 14:15:03,415 - INFO - Round 10 done in 33.08s; train size=65
2025-10-10 14:15:03,415 - INFO - 
--- Round 11 | trial=2 | sqrt_beta=2.2361 (beta=5.0000) | rho=0.80 | train size=65 ---
2025-10-10 14:15:39,957 - INFO - [round 11] pick 1/5: Nc1nc(N2CCN3CC(COc4ncnc5[nH]ncc45)CCC3C2)nc2nc(-c3ccco3)nn12 | UCB=2.245 | mu=0.09162 | std=0.963 | f=3.318e-05
2025-10-10 14:15:39,973 - INFO - [round 11] pick 2/5: NC1CC(=O)c2c(Cl)sc(Cl)c21 | UCB=2.241 | mu=0.05868 | std=0.9758 | f=0.06372
2025-10-10 14:15:39,988 - INFO - [round 11] pick 3/5: N#Cc1nc(C#N)c(N)[nH]1 | UCB=2.239 | mu=0.05285 | std=0.9777 | f=0
2025-10-10 14:15:40,004 - INFO - [round 11] pick 4/5: O=[N+]([O-])C1=C(O)CCCC1=NCCCCCCN=C1CCCC(O)=C1[N+](=O)[O-] | UCB=2.238 | mu=0.07633 | std=0.9667 | f=0.005663
2025-10-10 14:15:40,020 - INFO - [round 11] pick 5/5: N=C1N=C(S)C2N=CN(C3CC(O)C(CO)O3)C2=N1 | UCB=2.236 | mu=0.07091 | std=0.9684 | f=0.00481
2025-10-10 14:15:40,038 - INFO - Round 11 done in 36.62s; train size=70
2025-10-10 14:15:40,038 - INFO - 
--- Round 12 | trial=2 | sqrt_beta=2.2361 (beta=5.0000) | rho=0.80 | train size=70 ---
2025-10-10 14:16:19,506 - INFO - [round 12] pick 1/5: CC1=Nn2c(nnc2-c2[nH]nc3c2CCC3)SC1 | UCB=2.233 | mu=0.09303 | std=0.9569 | f=0.2446
2025-10-10 14:16:19,524 - INFO - [round 12] pick 2/5: Nc1n[n+]([O-])c2ccc(F)cc2[n+]1[O-] | UCB=2.229 | mu=0.05525 | std=0.9723 | f=0
2025-10-10 14:16:19,542 - INFO - [round 12] pick 3/5: C1CCC(NC(=NCCCNCCN=C(NC2CCCCC2)NC2CCCCC2)NC2CCCCC2)CC1 | UCB=2.226 | mu=0.05072 | std=0.9727 | f=0.006377
2025-10-10 14:16:19,561 - INFO - [round 12] pick 4/5: NCCC1CN=CN1 | UCB=2.224 | mu=0.03069 | std=0.981 | f=0.003861
2025-10-10 14:16:19,580 - INFO - [round 12] pick 5/5: O=c1sc2c(s1)SSSSS2 | UCB=2.221 | mu=0.02459 | std=0.9823 | f=0.03643
2025-10-10 14:16:19,600 - INFO - Round 12 done in 39.56s; train size=75
2025-10-10 14:16:19,600 - INFO - 
--- Round 13 | trial=2 | sqrt_beta=2.2361 (beta=5.0000) | rho=0.80 | train size=75 ---
2025-10-10 14:17:00,158 - INFO - [round 13] pick 1/5: C=CCn1c(SCc2cc(=O)n3ccsc3n2)nnc1C1CCCCC1 | UCB=2.232 | mu=0.1017 | std=0.9525 | f=0.1286
2025-10-10 14:17:00,178 - INFO - [round 13] pick 2/5: COc1c2c(c(OC)c(OC)c1OC)C(C)NCC2 | UCB=2.23 | mu=0.05695 | std=0.9716 | f=0.09037
2025-10-10 14:17:00,199 - INFO - [round 13] pick 3/5: O=S(=O)(NS(=O)(=O)N1CCc2c(Cl)c(Cl)c(Cl)c(Cl)c2C1)N1CCc2c(Cl)c(Cl)c(Cl)c(Cl)c2C1 | UCB=2.229 | mu=0.05616 | std=0.9716 | f=0.2548
2025-10-10 14:17:00,221 - INFO - [round 13] pick 4/5: CCC=CCC=CCC=CCC=CCC=CCC=CCCC(=O)NCCO | UCB=2.216 | mu=0.01301 | std=0.9854 | f=0.004913
2025-10-10 14:17:00,242 - INFO - [round 13] pick 5/5: Cc1nnsc1C1=NNC2SC(CCl)=NN12 | UCB=2.231 | mu=0.0727 | std=0.9653 | f=0.06921
2025-10-10 14:17:00,265 - INFO - Round 13 done in 40.66s; train size=80
2025-10-10 14:17:00,265 - INFO - 
--- Round 14 | trial=2 | sqrt_beta=2.2361 (beta=5.0000) | rho=0.80 | train size=80 ---
2025-10-10 14:17:43,985 - INFO - [round 14] pick 1/5: Clc1c(Cl)c(Cl)c2c(nnn2C2CCCO2)c1Cl | UCB=2.236 | mu=0.1046 | std=0.9533 | f=0.2478
2025-10-10 14:17:44,009 - INFO - [round 14] pick 2/5: CC=CC=Cc1cc2c(Cl)c3c(c(O)c2c(O)n1)C1(CC3)C(=O)c2c(O)c3c(c(O)c2C1=O)C(=O)C(OC)=CC3=O | UCB=2.231 | mu=0.05843 | std=0.9718 | f=0.08367
2025-10-10 14:17:44,033 - INFO - [round 14] pick 3/5: NC(=S)NN=C1CCSCC1 | UCB=2.226 | mu=0.05062 | std=0.9729 | f=0.004579
2025-10-10 14:17:44,058 - INFO - [round 14] pick 4/5: C#CCOCCOCCOCCNc1nc(N2CCN(C(=O)C(CCCCN)n3cc(CCCC)nn3)CC2)nc(N2CCN(C(=O)C(C(C)CC)n3cc(CCCCN)nn3)CC2)n1 | UCB=2.224 | mu=0.06977 | std=0.9635 | f=0.1284
2025-10-10 14:17:44,083 - INFO - [round 14] pick 5/5: O=P(Cl)(Cl)Cl | UCB=2.216 | mu=0.004791 | std=0.9891 | f=0.002048
2025-10-10 14:17:44,109 - INFO - Round 14 done in 43.84s; train size=85
2025-10-10 14:17:44,109 - INFO - 
--- Round 15 | trial=2 | sqrt_beta=2.2361 (beta=5.0000) | rho=0.80 | train size=85 ---
2025-10-10 14:18:31,835 - INFO - [round 15] pick 1/5: Clc1ccc(-c2nn[se]c2C(c2ccc(Cl)cc2)C2CCCc3[se]nnc32)cc1 | UCB=2.239 | mu=0.09526 | std=0.9586 | f=0.00397
2025-10-10 14:18:31,862 - INFO - [round 15] pick 2/5: CN1CCc2c(sc3nc(S)nc(S)c23)C1 | UCB=2.237 | mu=0.1157 | std=0.9485 | f=0.2122
2025-10-10 14:18:31,890 - INFO - [round 15] pick 3/5: CC(C)CC1NC(=O)C2CCCNN2C(=O)C(C)N(C)C(=O)C2CCCNN2C(=O)C2CCCNN2C(=O)C(C(C)C)NC1=O | UCB=2.227 | mu=0.06634 | std=0.9662 | f=0.006717
2025-10-10 14:18:31,918 - INFO - [round 15] pick 4/5: COP1OCC2CCCC2O1 | UCB=2.223 | mu=0.04552 | std=0.9736 | f=0.006961
2025-10-10 14:18:31,946 - INFO - [round 15] pick 5/5: ClC1C(Cl)C(Cl)C(Cl)C(Cl)C1Cl | UCB=2.216 | mu=0.01706 | std=0.9835 | f=0.003205
2025-10-10 14:18:31,976 - INFO - Round 15 done in 47.87s; train size=90
2025-10-10 14:18:31,976 - INFO - 
--- Round 16 | trial=2 | sqrt_beta=2.2361 (beta=5.0000) | rho=0.80 | train size=90 ---
2025-10-10 14:19:21,546 - INFO - [round 16] pick 1/5: O=S1(=O)CCCn2c1nc1nc(O)nc-1c2O | UCB=2.236 | mu=0.1021 | std=0.9542 | f=0.004939
2025-10-10 14:19:21,577 - INFO - [round 16] pick 2/5: Cc1noc(-c2c3c(c(CC(C)N)c4c2OCC4)OCC3)n1 | UCB=2.232 | mu=0.1009 | std=0.9532 | f=0.2683
2025-10-10 14:19:21,608 - INFO - [round 16] pick 3/5: CN1C=C(Br)N(O)N1 | UCB=2.217 | mu=0.01755 | std=0.9837 | f=0.003363
2025-10-10 14:19:21,639 - INFO - [round 16] pick 4/5: Nc1ncnc2c1sc1ncnc(N)c12 | UCB=2.227 | mu=0.09662 | std=0.9528 | f=0
2025-10-10 14:19:21,672 - INFO - [round 16] pick 5/5: C#CCON=C1CN2CCC1C2 | UCB=2.221 | mu=0.05176 | std=0.9701 | f=0.005579
2025-10-10 14:19:21,704 - INFO - Round 16 done in 49.73s; train size=95
2025-10-10 14:19:21,705 - INFO - 
--- Round 17 | trial=2 | sqrt_beta=2.2361 (beta=5.0000) | rho=0.80 | train size=95 ---
2025-10-10 14:20:13,185 - INFO - [round 17] pick 1/5: Cc1cc(C(F)F)n2nc(C(=O)Nc3sc4c(c3C#N)CCC(C)C4)nc2n1 | UCB=2.232 | mu=0.1149 | std=0.9467 | f=0.1137
2025-10-10 14:20:13,220 - INFO - [round 17] pick 2/5: C1CN(c2nc3nonc3n3nnnc23)CCO1 | UCB=2.231 | mu=0.09731 | std=0.954 | f=0.07509
2025-10-10 14:20:13,254 - INFO - [round 17] pick 3/5: Cc1c(C)c2c(c(C)c1N)CC(C)(CSCCO)O2 | UCB=2.223 | mu=0.07126 | std=0.9623 | f=0.09745
2025-10-10 14:20:13,289 - INFO - [round 17] pick 4/5: C1C[N+]23CCC[N+]2(C1)CCC3 | UCB=2.212 | mu=0.03428 | std=0.9738 | f=0.00492
2025-10-10 14:20:13,325 - INFO - [round 17] pick 5/5: CC(C)C1NC(=O)c2coc(n2)-c2coc(n2)-c2coc(n2)C(CCCN)NC(=O)c2coc(n2)-c2coc(n2)-c2coc1n2 | UCB=2.223 | mu=0.06118 | std=0.9669 | f=2.708e-08
2025-10-10 14:20:13,362 - INFO - Round 17 done in 51.66s; train size=100
2025-10-10 14:20:13,362 - INFO - 
--- Round 18 | trial=2 | sqrt_beta=2.2361 (beta=5.0000) | rho=0.80 | train size=100 ---
2025-10-10 14:21:07,714 - INFO - [round 18] pick 1/5: CN1CCc2[nH]nc(-c3n[nH]c4c3CN(C)CC4)c2C1 | UCB=2.227 | mu=0.1239 | std=0.9406 | f=0.2571
2025-10-10 14:21:07,751 - INFO - [round 18] pick 2/5: Cc1nc(C#CC2=CC(=NOCCOCCF)CCC2)cs1 | UCB=2.225 | mu=0.07941 | std=0.9596 | f=0.09832
2025-10-10 14:21:07,789 - INFO - [round 18] pick 3/5: CN(C=O)C1=C(N(C)C=O)C(N(C)C=O)=C(N(C)C=O)C(=O)C1=O | UCB=2.216 | mu=0.04281 | std=0.9721 | f=0.003981
2025-10-10 14:21:07,828 - INFO - [round 18] pick 4/5: C=C(Br)COc1noc2c1CNCC2 | UCB=2.227 | mu=0.06891 | std=0.9652 | f=0.08794
2025-10-10 14:21:07,868 - INFO - [round 18] pick 5/5: CSCCC(NC(=O)C(CCC(=O)O)NC(=O)C(CC(=O)O)NC(C)=O)C(=O)NC(CCC(=O)O)C(=O)NC(CC1CCCCC1)C(=O)NC(CS)C(=O)O | UCB=2.212 | mu=0.03718 | std=0.9724 | f=0.007715
2025-10-10 14:21:07,908 - INFO - Round 18 done in 54.55s; train size=105
2025-10-10 14:21:07,908 - INFO - 
--- Round 19 | trial=2 | sqrt_beta=2.2361 (beta=5.0000) | rho=0.80 | train size=105 ---
2025-10-10 14:22:04,953 - INFO - [round 19] pick 1/5: NC(=O)c1[nH]nc2c1CCc1n[nH]cc1-2 | UCB=2.228 | mu=0.1178 | std=0.9435 | f=0.2142
2025-10-10 14:22:04,995 - INFO - [round 19] pick 2/5: OCCN1CN(c2nc(N3CN(CCO)C3)nc(N3CN(CCO)C3)n2)C1 | UCB=2.219 | mu=0.07106 | std=0.9606 | f=0.09976
2025-10-10 14:22:05,037 - INFO - [round 19] pick 3/5: Cc1[nH][n+](C)c(C)c1[N-][S+](O)(O)=C1C=CC2=NC(=NC3CCNCC3)C=CC2=C1 | UCB=2.22 | mu=0.07863 | std=0.9579 | f=0.1024
2025-10-10 14:22:05,080 - INFO - [round 19] pick 4/5: CN(C)CC1CCS[S+]1[O-] | UCB=2.21 | mu=0.02557 | std=0.9768 | f=0.00508
2025-10-10 14:22:05,124 - INFO - [round 19] pick 5/5: C=Cc1ccc2c(c1)OCCOCCOCCOCCOCCO2 | UCB=2.213 | mu=0.04956 | std=0.9676 | f=0.07028
2025-10-10 14:22:05,168 - INFO - Round 19 done in 57.26s; train size=110
2025-10-10 14:22:05,168 - INFO - 
--- Round 20 | trial=2 | sqrt_beta=2.2361 (beta=5.0000) | rho=0.80 | train size=110 ---
2025-10-10 14:23:03,821 - INFO - [round 20] pick 1/5: CC(C)N1Cc2nnc(O)c3cc(F)cc4[nH]c(c2c43)C1 | UCB=2.227 | mu=0.1018 | std=0.9504 | f=0.2561
2025-10-10 14:23:03,867 - INFO - [round 20] pick 2/5: O=C(NCC1CCCO1)c1c(-n2cnnn2)sc2c1CCC2 | UCB=2.223 | mu=0.1331 | std=0.9347 | f=0.3521
2025-10-10 14:23:03,914 - INFO - [round 20] pick 3/5: S=c1[nH]nc(Cc2n[nH]c(=S)s2)s1 | UCB=2.221 | mu=0.07728 | std=0.9588 | f=0.09667
2025-10-10 14:23:03,962 - INFO - [round 20] pick 4/5: COC1(OC)C2(Cl)C3=CCCC=C3C1(Cl)C(Cl)=C2Cl | UCB=2.216 | mu=0.05557 | std=0.9663 | f=0.003786
2025-10-10 14:23:04,010 - INFO - [round 20] pick 5/5: Cn1c(=O)c2c(nc(NCCNc3nc4c(c(=O)n(C)c(=O)n4C)n3C)n2C)n(C)c1=O | UCB=2.217 | mu=0.06839 | std=0.9608 | f=0.004777
2025-10-10 14:23:04,059 - INFO - Round 20 done in 58.89s; train size=115
2025-10-10 14:23:04,059 - INFO - 
--- Round 21 | trial=2 | sqrt_beta=2.2361 (beta=5.0000) | rho=0.80 | train size=115 ---
2025-10-10 14:24:05,237 - INFO - [round 21] pick 1/5: O=C(O)c1c(Cl)c2c(c(CCn3cnc4c3NC=NCC4O)c1Cl)CCCC2 | UCB=2.237 | mu=0.1489 | std=0.9336 | f=0.3455
2025-10-10 14:24:05,287 - INFO - [round 21] pick 2/5: CN1CC2CN(C(=N)c3nc4c(F)c(F)c(F)cc4[nH]3)CC2C1 | UCB=2.23 | mu=0.1029 | std=0.9515 | f=0.2828
2025-10-10 14:24:05,339 - INFO - [round 21] pick 3/5: CC(C)Cc1nnn(CC#CI)n1 | UCB=2.213 | mu=0.05655 | std=0.9643 | f=0.09733
2025-10-10 14:24:05,390 - INFO - [round 21] pick 4/5: C1CN2CCO[SiH](O1)OCC2 | UCB=2.21 | mu=0.04636 | std=0.9674 | f=0.004532
2025-10-10 14:24:05,443 - INFO - [round 21] pick 5/5: C=C1CCOC2(C(O)C(C)(O)CO)NC(=O)C1(NO)NC2=O | UCB=2.213 | mu=0.05871 | std=0.9635 | f=0.005016
2025-10-10 14:24:05,496 - INFO - Round 21 done in 61.44s; train size=120
2025-10-10 14:24:05,497 - INFO - 
--- Round 22 | trial=2 | sqrt_beta=2.2361 (beta=5.0000) | rho=0.80 | train size=120 ---
2025-10-10 14:25:12,161 - INFO - [round 22] pick 1/5: Cn1ncc(N=C(O)c2csc(-n3ncc4c3CCCC4)n2)c1C1CCC(N)C(F)CO1 | UCB=2.246 | mu=0.1338 | std=0.9448 | f=0.1255
2025-10-10 14:25:12,217 - INFO - [round 22] pick 2/5: O=C(O)c1c(F)c(F)c(F)c2c(O)n[nH]c12 | UCB=2.24 | mu=0.1225 | std=0.9469 | f=0.2152
2025-10-10 14:25:12,273 - INFO - [round 22] pick 3/5: O=C1C2=C(C3=NCCc4c(Br)[nH]c1c43)C1(C=C(Br)C(O)C(Br)=C1)CCN2 | UCB=2.237 | mu=0.1049 | std=0.9533 | f=0.08316
2025-10-10 14:25:12,330 - INFO - [round 22] pick 4/5: O=C(O)Cn1cnnn1 | UCB=2.226 | mu=0.079 | std=0.9601 | f=0.1032
2025-10-10 14:25:12,388 - INFO - [round 22] pick 5/5: CCCCc1c2c(nc3c1CCc1cc4cc5c(nc4nc1-3)-c1nc3c(c(CCCC)c1CC5)CCCC3)CCCC2 | UCB=2.234 | mu=0.1254 | std=0.9431 | f=0.005287
2025-10-10 14:25:12,447 - INFO - Round 22 done in 66.95s; train size=125
2025-10-10 14:25:12,447 - INFO - 
--- Round 23 | trial=2 | sqrt_beta=2.2361 (beta=5.0000) | rho=0.80 | train size=125 ---
2025-10-10 14:26:18,180 - INFO - [round 23] pick 1/5: NC(CC(=O)N1CCn2ncnc2C1)Cc1cc(F)c(F)cc1F | UCB=2.242 | mu=0.1258 | std=0.9462 | f=0.2795
2025-10-10 14:26:18,242 - INFO - [round 23] pick 2/5: CC1CCc2sc3c(c2C1)CN1CC(=O)NC1=N3 | UCB=2.237 | mu=0.1506 | std=0.9329 | f=0.1094
2025-10-10 14:26:18,303 - INFO - [round 23] pick 3/5: O=C(O)C1CC2CC(CNc3nn[nH]n3)CCC2CN1 | UCB=2.232 | mu=0.1035 | std=0.9519 | f=0.1576
2025-10-10 14:26:18,366 - INFO - [round 23] pick 4/5: C=Cc1cncc(C#N)c1CCc1c(C#N)cncc1C=C | UCB=2.219 | mu=0.0663 | std=0.9626 | f=0.1236
2025-10-10 14:26:18,429 - INFO - [round 23] pick 5/5: CC(Cl)(C=CBr)C(Cl)C=CC(=CCl)C(Cl)Cl | UCB=2.201 | mu=0.006859 | std=0.9812 | f=0.003525
2025-10-10 14:26:18,494 - INFO - Round 23 done in 66.05s; train size=130
2025-10-10 14:26:18,494 - INFO - 
--- Round 24 | trial=2 | sqrt_beta=2.2361 (beta=5.0000) | rho=0.80 | train size=130 ---
2025-10-10 14:27:29,687 - INFO - [round 24] pick 1/5: O=C(C=C1CCc2c(F)cc(F)cc21)NC1CC1 | UCB=2.243 | mu=0.1593 | std=0.9321 | f=0.1163
2025-10-10 14:27:29,752 - INFO - [round 24] pick 2/5: O=C(c1cccnc1)N1Cc2[nH]nc(COCCO)c2C1 | UCB=2.235 | mu=0.1296 | std=0.9414 | f=0.3015
2025-10-10 14:27:29,819 - INFO - [round 24] pick 3/5: O=c1[nH]c(CSc2nc3c(Cl)cnn3c(=O)[nH]2)c(Cl)c(=O)[nH]1 | UCB=2.224 | mu=0.1026 | std=0.9489 | f=0.07299
2025-10-10 14:27:29,886 - INFO - [round 24] pick 4/5: CC(=O)CCN1CC2CN=NC2(C#N)C1 | UCB=2.222 | mu=0.07649 | std=0.9595 | f=0.006015
2025-10-10 14:27:29,955 - INFO - [round 24] pick 5/5: C1=CC=C2NCCCN=C3C=CC=CC=C3NCCCN=C2C=C1 | UCB=2.218 | mu=0.07105 | std=0.9603 | f=0.004155
2025-10-10 14:27:30,024 - INFO - Round 24 done in 71.53s; train size=135
2025-10-10 14:27:30,024 - INFO - 
--- Round 25 | trial=2 | sqrt_beta=2.2361 (beta=5.0000) | rho=0.80 | train size=135 ---
2025-10-10 14:28:43,803 - INFO - [round 25] pick 1/5: N=C(O)N1CCCc2c1ncc(-c1cncc(C3(O)CCOCC3)c1)c2F | UCB=2.238 | mu=0.1456 | std=0.9359 | f=0.2692
2025-10-10 14:28:43,874 - INFO - [round 25] pick 2/5: CS(=O)(=O)N1CC2CCC(C1)N(C(=O)CCc1n[nH]c3c1CCCC3)C2 | UCB=2.235 | mu=0.15 | std=0.9326 | f=0.1472
2025-10-10 14:28:43,946 - INFO - [round 25] pick 3/5: CC(C)NC(=O)c1n[nH]c(-n2cnnc2)n1 | UCB=2.226 | mu=0.1063 | std=0.948 | f=0.29
2025-10-10 14:28:44,019 - INFO - [round 25] pick 4/5: Nc1n[nH]c2c1C(c1ccc(F)c(F)c1)c1c(N)n[nH]c1O2 | UCB=2.228 | mu=0.1149 | std=0.9451 | f=0.03202
2025-10-10 14:28:44,093 - INFO - [round 25] pick 5/5: NC(CO)CO | UCB=2.203 | mu=0.0235 | std=0.9748 | f=0.004045
2025-10-10 14:28:44,168 - INFO - Round 25 done in 74.14s; train size=140
2025-10-10 14:28:44,168 - INFO - 
--- Round 26 | trial=2 | sqrt_beta=2.2361 (beta=5.0000) | rho=0.80 | train size=140 ---
2025-10-10 14:30:00,588 - INFO - [round 26] pick 1/5: CC(C)N1CCc2c(CNC(=O)c3nccn3C)cncc2C1 | UCB=2.243 | mu=0.1662 | std=0.9288 | f=0.3388
2025-10-10 14:30:00,664 - INFO - [round 26] pick 2/5: O=C(O)c1n[nH]c2c1CC1C2C12CCCC2 | UCB=2.232 | mu=0.1414 | std=0.935 | f=0.1356
2025-10-10 14:30:00,742 - INFO - [round 26] pick 3/5: OCC1C=C(F)C(n2cnc3c(O)nc(F)nc32)S1 | UCB=2.225 | mu=0.118 | std=0.9424 | f=0.205
2025-10-10 14:30:00,821 - INFO - [round 26] pick 4/5: O=NN1CC=CC1 | UCB=2.213 | mu=0.03273 | std=0.9751 | f=0.003927
2025-10-10 14:30:00,901 - INFO - [round 26] pick 5/5: NCCNCc1nnn[nH]1 | UCB=2.212 | mu=0.07107 | std=0.9574 | f=0.07509
2025-10-10 14:30:00,982 - INFO - Round 26 done in 76.81s; train size=145
2025-10-10 14:30:00,982 - INFO - 
--- Round 27 | trial=2 | sqrt_beta=2.2361 (beta=5.0000) | rho=0.80 | train size=145 ---
2025-10-10 14:31:20,759 - INFO - [round 27] pick 1/5: COc1cncc(N2CCc3nc(NC(=O)NCCc4cn(CC(F)F)cn4)sc3C2)n1 | UCB=2.249 | mu=0.1608 | std=0.934 | f=0.1128
2025-10-10 14:31:20,842 - INFO - [round 27] pick 2/5: CNC(C)C(O)=Nc1ccc2c(n1)CN(C(C)C)C(O)=N2 | UCB=2.241 | mu=0.1234 | std=0.947 | f=0.1237
2025-10-10 14:31:20,926 - INFO - [round 27] pick 3/5: O=C(NNc1c(Cl)cncc1Cl)C1C2CC3CC(C2)C(Br)C1C3 | UCB=2.236 | mu=0.1016 | std=0.9544 | f=0.1196
2025-10-10 14:31:21,010 - INFO - [round 27] pick 4/5: c1nc(Nc2nncc3cncn23)n[nH]1 | UCB=2.241 | mu=0.1184 | std=0.9493 | f=0.04873
2025-10-10 14:31:21,095 - INFO - [round 27] pick 5/5: Cc1cc(C)c(CSC(=N)N)c(C)c1CSC(=N)N | UCB=2.218 | mu=0.07094 | std=0.96 | f=0.09116
2025-10-10 14:31:21,182 - INFO - Round 27 done in 80.20s; train size=150
2025-10-10 14:31:21,183 - INFO - 
--- Round 28 | trial=2 | sqrt_beta=2.2361 (beta=5.0000) | rho=0.80 | train size=150 ---
2025-10-10 14:32:40,474 - INFO - [round 28] pick 1/5: CC(C)c1nc2n(n1)CC(Nc1ncnc3c1CCC3)CC2 | UCB=2.238 | mu=0.168 | std=0.9258 | f=0.3402
2025-10-10 14:32:40,562 - INFO - [round 28] pick 2/5: O=C(c1ccc(Cn2cc(Br)cn2)o1)N1N=C(C(F)F)CC1(O)C(F)F | UCB=2.235 | mu=0.1133 | std=0.9487 | f=0.2601
2025-10-10 14:32:40,651 - INFO - [round 28] pick 3/5: Cn1c(N)c(CNC(=N)N)c[n+]1CC1=C(C(=O)[O-])N2C(=O)C(NC(=O)C(=NOC(C)(C)C(=O)O)c3nsc(N)n3)C2SC1 | UCB=2.228 | mu=0.09366 | std=0.9546 | f=0.3651
2025-10-10 14:32:40,742 - INFO - [round 28] pick 4/5: Cn1cnc([N+](=O)[O-])c1C[N+](C)(CCCl)CCCl | UCB=2.217 | mu=0.06122 | std=0.9643 | f=0.09197
2025-10-10 14:32:40,834 - INFO - [round 28] pick 5/5: Cc1noc(C)c1C=CC(=O)C=Cc1c(C)noc1C | UCB=2.222 | mu=0.09319 | std=0.952 | f=0.2236
2025-10-10 14:32:40,928 - INFO - Round 28 done in 79.75s; train size=155
2025-10-10 14:32:40,928 - INFO - 
--- Round 29 | trial=2 | sqrt_beta=2.2361 (beta=5.0000) | rho=0.80 | train size=155 ---
2025-10-10 14:34:02,448 - INFO - [round 29] pick 1/5: CC(C)c1n[nH]c(C2CN(C(=O)c3cc(C(N)=O)cs3)CCO2)n1 | UCB=2.25 | mu=0.172 | std=0.9294 | f=0.3492
2025-10-10 14:34:02,543 - INFO - [round 29] pick 2/5: CNC(=O)C12CC1C(n1cnc3c(NC)nc(-n4cc(-c5cnn(C)c5)nn4)nc31)C(O)C2O | UCB=2.242 | mu=0.1378 | std=0.9411 | f=0.005321
2025-10-10 14:34:02,639 - INFO - [round 29] pick 3/5: CC(C)(C)n1nc2c(c1NC(=O)c1ccc(Br)o1)C[S+]([O-])C2 | UCB=2.249 | mu=0.1409 | std=0.9427 | f=0.2875
2025-10-10 14:34:02,736 - INFO - [round 29] pick 4/5: O=C1C(NCc2nnc3n2CCCC3)CCN1CC(F)(F)F | UCB=2.231 | mu=0.1327 | std=0.9386 | f=0.1262
2025-10-10 14:34:02,835 - INFO - [round 29] pick 5/5: CC(C)NNC(=N)NNCC(=O)O | UCB=2.223 | mu=0.0792 | std=0.9586 | f=0.006579
2025-10-10 14:34:02,934 - INFO - Round 29 done in 82.01s; train size=160
2025-10-10 14:34:02,934 - INFO - 
--- Round 30 | trial=2 | sqrt_beta=2.2361 (beta=5.0000) | rho=0.80 | train size=160 ---
2025-10-10 14:35:27,020 - INFO - [round 30] pick 1/5: O=C(O)C1=CSC2C(=Cc3cc4n(n3)CSC4)C(=O)N12 | UCB=2.255 | mu=0.1369 | std=0.9472 | f=0.1071
2025-10-10 14:35:27,123 - INFO - [round 30] pick 2/5: CC(C)SCC(=O)N1CCc2c(nc(N(C)C)nc2N(C)C)C1 | UCB=2.248 | mu=0.1733 | std=0.9277 | f=0.1211
2025-10-10 14:35:27,228 - INFO - [round 30] pick 3/5: CN=c1[nH]c(Nc2cnn3c2C2(COC2)OCC3)ncc1C(F)(F)F | UCB=2.242 | mu=0.1356 | std=0.942 | f=0.2286
2025-10-10 14:35:27,338 - INFO - [round 30] pick 4/5: CC=CC=CC(=O)OCC1OC2C(Oc3nc(=N)ccn32)C1OC(=O)C=CC=CC | UCB=2.226 | mu=0.06937 | std=0.9646 | f=0.12
2025-10-10 14:35:27,447 - INFO - [round 30] pick 5/5: C=C(NNc1c(F)c(F)nc(F)c1F)c1ccncc1 | UCB=2.23 | mu=0.1316 | std=0.9383 | f=0.127
2025-10-10 14:35:27,555 - INFO - Round 30 done in 84.62s; train size=165
2025-10-10 14:35:27,555 - INFO - 
--- Round 31 | trial=2 | sqrt_beta=2.2361 (beta=5.0000) | rho=0.80 | train size=165 ---
2025-10-10 14:36:56,031 - INFO - [round 31] pick 1/5: CC(=O)NCC1CN(c2ccc3c(c2)CCCc2c(C(C)C)n[nH]c2-3)C(=O)O1 | UCB=2.252 | mu=0.2061 | std=0.9147 | f=0.3693
2025-10-10 14:36:56,140 - INFO - [round 31] pick 2/5: CC1CC2CSC(=N)NC2(c2nc(N=C(O)c3coc(C(F)F)n3)cs2)CO1 | UCB=2.241 | mu=0.1259 | std=0.9461 | f=0.2813
2025-10-10 14:36:56,250 - INFO - [round 31] pick 3/5: Cc1nc2ncnn2c2c1CCN2C(C)(C)C | UCB=2.242 | mu=0.1586 | std=0.932 | f=0.2315
2025-10-10 14:36:56,361 - INFO - [round 31] pick 4/5: Cc1c(C=NNC(=O)c2no[n+]([O-])c2C)no[n+]1[O-] | UCB=2.235 | mu=0.1172 | std=0.9473 | f=0.2265
2025-10-10 14:36:56,473 - INFO - [round 31] pick 5/5: N=C(N)Nc1cccnc1C1CC(O)C(NC(=N)N)CC1NC(=N)N | UCB=2.223 | mu=0.08243 | std=0.9574 | f=0.1078
2025-10-10 14:36:56,586 - INFO - Round 31 done in 89.03s; train size=170
2025-10-10 14:36:56,587 - INFO - 
--- Round 32 | trial=2 | sqrt_beta=2.2361 (beta=5.0000) | rho=0.80 | train size=170 ---
2025-10-10 14:38:28,476 - INFO - [round 32] pick 1/5: Cc1cc(C)n(CC2CN(CC(=O)Nc3c(C)n[nH]c3C)CCO2)n1 | UCB=2.256 | mu=0.1963 | std=0.9211 | f=0.332
2025-10-10 14:38:28,591 - INFO - [round 32] pick 2/5: CC(C)Cc1c(C(=O)O)c(C(F)F)nc(C(F)(F)F)c1C1=NCCS1 | UCB=2.25 | mu=0.1848 | std=0.9234 | f=0.1191
2025-10-10 14:38:28,708 - INFO - [round 32] pick 3/5: CC(C)C12OC1C1OC13C1(C)CCC4=C(COC4=O)C1CC1OC13C2OC(=S)n1ccnc1 | UCB=2.239 | mu=0.1073 | std=0.9535 | f=0.1247
2025-10-10 14:38:28,827 - INFO - [round 32] pick 4/5: Cc1csc2nc(Cl)c(C=NN=C(N)N)n12 | UCB=2.235 | mu=0.1051 | std=0.9524 | f=0.1637
2025-10-10 14:38:28,947 - INFO - [round 32] pick 5/5: [C-]#[N+]c1ccoc1C(=O)N1CC2CNCC2C1 | UCB=2.241 | mu=0.12 | std=0.9487 | f=0.1169
2025-10-10 14:38:29,068 - INFO - Round 32 done in 92.48s; train size=175
2025-10-10 14:38:29,068 - INFO - 
--- Round 33 | trial=2 | sqrt_beta=2.2361 (beta=5.0000) | rho=0.80 | train size=175 ---
2025-10-10 14:40:03,542 - INFO - [round 33] pick 1/5: CC(C)(O)C#Cc1cc2c(cc1F)OCCn1c-2nc(C(N)=O)c1C(=O)NCC1CCOC1 | UCB=2.256 | mu=0.1783 | std=0.9294 | f=0.3632
2025-10-10 14:40:03,666 - INFO - [round 33] pick 2/5: CCOCC1CN(C(=O)c2cnoc2C)Cc2cn(C)nc21 | UCB=2.256 | mu=0.1791 | std=0.9289 | f=0.3565
2025-10-10 14:40:03,791 - INFO - [round 33] pick 3/5: CC(C)=CCNc1ncnc2c(C(C)C)n[nH]c12 | UCB=2.241 | mu=0.1632 | std=0.9292 | f=0.2661
2025-10-10 14:40:03,917 - INFO - [round 33] pick 4/5: CC1(C)Cc2c(sc3ncn(N)c(=N)c23)CO1 | UCB=2.242 | mu=0.1433 | std=0.9385 | f=0.2104
2025-10-10 14:40:04,044 - INFO - [round 33] pick 5/5: CC1COC2N=C(N[N+](=O)[O-])NC2O1 | UCB=2.221 | mu=0.06271 | std=0.9653 | f=0.004775
2025-10-10 14:40:04,175 - INFO - Round 33 done in 95.11s; train size=180
2025-10-10 14:40:04,175 - INFO - 
--- Round 34 | trial=2 | sqrt_beta=2.2361 (beta=5.0000) | rho=0.80 | train size=180 ---
2025-10-10 14:41:41,503 - INFO - [round 34] pick 1/5: CC(C)n1ncnc1-c1nc2c(s1)CCOc1cc(C3CN(C(C)(C)C(N)=O)C3)ccc1-2 | UCB=2.266 | mu=0.2146 | std=0.9175 | f=0.1139
2025-10-10 14:41:41,635 - INFO - [round 34] pick 2/5: CCOC(=O)c1noc(C)c1C(=O)Nc1nccs1 | UCB=2.258 | mu=0.1756 | std=0.9312 | f=0.371
2025-10-10 14:41:41,769 - INFO - [round 34] pick 3/5: CC(C)=CCN1Cc2c(Br)ccc3nc(S)n(c23)CC1C | UCB=2.26 | mu=0.1657 | std=0.9368 | f=0.2739
2025-10-10 14:41:41,904 - INFO - [round 34] pick 4/5: Nc1c(Cl)cc(C(=O)NCCC23CCCN2CCC3)c2c1CCO2 | UCB=2.252 | mu=0.1718 | std=0.9301 | f=0.1226
2025-10-10 14:41:42,040 - INFO - [round 34] pick 5/5: C=C1CCC(C)=CCC1CC(C=C(I)CCCC1OCCO1)O[Si](C)(C)C(C)(C)C | UCB=2.241 | mu=0.1015 | std=0.9569 | f=0.006259
2025-10-10 14:41:42,178 - INFO - Round 34 done in 98.00s; train size=185
2025-10-10 14:41:42,178 - INFO - 
--- Round 35 | trial=2 | sqrt_beta=2.2361 (beta=5.0000) | rho=0.80 | train size=185 ---
2025-10-10 14:43:20,916 - INFO - [round 35] pick 1/5: CCNc1ncc(C(=O)N2Cc3nc(C)[nH]c(=O)c3C2)cn1 | UCB=2.274 | mu=0.2366 | std=0.9113 | f=0.3149
2025-10-10 14:43:21,056 - INFO - [round 35] pick 2/5: Cc1noc(C)c1CN1CCOC2C(Oc3ncccc3F)CCC21 | UCB=2.262 | mu=0.1914 | std=0.9261 | f=0.3423
2025-10-10 14:43:21,198 - INFO - [round 35] pick 3/5: CC(C)(C)C(=O)Nc1nc(CN=C=S)c[se]1 | UCB=2.244 | mu=0.1111 | std=0.9537 | f=0.1011
2025-10-10 14:43:21,342 - INFO - [round 35] pick 4/5: COC(=O)C1=C(C(=O)OC)C2(C(=O)OC)OC1(OC)C(C1(C(=O)OC)C(C(=O)OC)=C1C(=O)OC)=C2C(=O)OC | UCB=2.228 | mu=0.06566 | std=0.9668 | f=0.005172
2025-10-10 14:43:21,487 - INFO - [round 35] pick 5/5: Cc1nnn2c1COCC(CNCc1nccs1)C2 | UCB=2.263 | mu=0.1698 | std=0.9363 | f=0.2762
2025-10-10 14:43:21,635 - INFO - Round 35 done in 99.46s; train size=190
2025-10-10 14:43:21,635 - INFO - 
--- Round 36 | trial=2 | sqrt_beta=2.2361 (beta=5.0000) | rho=0.80 | train size=190 ---
2025-10-10 14:45:03,309 - INFO - [round 36] pick 1/5: Cc1noc(C)c1C(=O)N1CCCC(c2nccn2Cc2cscn2)C1 | UCB=2.278 | mu=0.2439 | std=0.9096 | f=0.1198
2025-10-10 14:45:03,463 - INFO - [round 36] pick 2/5: CCOC(=O)C(CC(C)C)NCP1(=O)OCC(OCn2cnc3c(=O)[nH]c(N)nc32)CO1 | UCB=2.267 | mu=0.1746 | std=0.9359 | f=0.4606
2025-10-10 14:45:03,620 - INFO - [round 36] pick 3/5: C=CCn1c(C)cc(C2=NN=C(NCC)SC2)c1C | UCB=2.262 | mu=0.1755 | std=0.9331 | f=0.1029
2025-10-10 14:45:03,773 - INFO - [round 36] pick 4/5: C=C(C)CN1CCC23c4c5ccc(O)c4OC2c2n[nH]cc2CC3(O)C1C5 | UCB=2.252 | mu=0.1473 | std=0.9413 | f=0.2834
2025-10-10 14:45:03,927 - INFO - [round 36] pick 5/5: CC(C)(O)C(C)(C)OB(OC(C)(C)C(C)(C)O)c1cc(Br)cnc1F | UCB=2.226 | mu=0.08007 | std=0.9598 | f=0.07243
2025-10-10 14:45:04,082 - INFO - Round 36 done in 102.45s; train size=195
2025-10-10 14:45:04,082 - INFO - 
--- Round 37 | trial=2 | sqrt_beta=2.2361 (beta=5.0000) | rho=0.80 | train size=195 ---
2025-10-10 14:46:47,402 - INFO - [round 37] pick 1/5: Cc1n[nH]c(=O)c2c(NC(=O)CN3CCOCC3C)oc(C)c12 | UCB=2.28 | mu=0.2374 | std=0.9134 | f=0.3402
2025-10-10 14:46:47,558 - INFO - [round 37] pick 2/5: CCOC(=O)Sc1ncnc2c(C(=O)OCC)c3n(c12)CCC3 | UCB=2.274 | mu=0.206 | std=0.9249 | f=0.4273
2025-10-10 14:46:47,716 - INFO - [round 37] pick 3/5: CC(C)CNCC1COCc2nc3cccnc3n21 | UCB=2.268 | mu=0.1975 | std=0.9259 | f=0.3093
2025-10-10 14:46:47,875 - INFO - [round 37] pick 4/5: Nc1nc2c(ncn2C2C=CC(OCP(=O)(O)OP(=O)(O)C(Br)(Br)P(=O)(O)O)C2)c(=O)[nH]1 | UCB=2.256 | mu=0.157 | std=0.9386 | f=0.2754
2025-10-10 14:46:48,037 - INFO - [round 37] pick 5/5: COc1cc(C=CC(=O)OCC2COC(=O)CCCCCCCCCCCCCCCCCCCCCCCCCCCCCO2)ccc1O | UCB=2.234 | mu=0.08403 | std=0.9613 | f=0.1073
2025-10-10 14:46:48,200 - INFO - Round 37 done in 104.12s; train size=200
2025-10-10 14:46:48,200 - INFO - 
--- Round 38 | trial=2 | sqrt_beta=2.2361 (beta=5.0000) | rho=0.80 | train size=200 ---
2025-10-10 14:48:36,464 - INFO - [round 38] pick 1/5: CCCn1ncc2c(NC3CCOCC3)c(C(=O)OCC)cnc21 | UCB=2.287 | mu=0.2443 | std=0.9135 | f=0.4549
2025-10-10 14:48:36,631 - INFO - [round 38] pick 2/5: Cc1ccc(CN2CCc3onc(C(=O)NC(C)C)c3C2)o1 | UCB=2.28 | mu=0.263 | std=0.9023 | f=0.343
2025-10-10 14:48:36,798 - INFO - [round 38] pick 3/5: O=c1[nH]c2c(Cl)ncnc2n1C1OC2COP(=O)(O)OC2C1O | UCB=2.257 | mu=0.146 | std=0.9442 | f=0.251
2025-10-10 14:48:36,967 - INFO - [round 38] pick 4/5: CCN1CCCC1CNc1nc2c(Br)c(Br)c(Br)c(Br)c2[nH]1 | UCB=2.263 | mu=0.1709 | std=0.9355 | f=0.3162
2025-10-10 14:48:37,140 - INFO - [round 38] pick 5/5: CCC(C)SSc1ncc[nH]1 | UCB=2.241 | mu=0.09916 | std=0.958 | f=0.09197
2025-10-10 14:48:37,313 - INFO - Round 38 done in 109.11s; train size=205
2025-10-10 14:48:37,313 - INFO - 
--- Round 39 | trial=2 | sqrt_beta=2.2361 (beta=5.0000) | rho=0.80 | train size=205 ---
2025-10-10 14:50:27,657 - INFO - [round 39] pick 1/5: CCOC(=O)c1c(C)oc2ncnc(NCCN3CCOCC3)c12 | UCB=2.296 | mu=0.2988 | std=0.8932 | f=0.3963
2025-10-10 14:50:27,832 - INFO - [round 39] pick 2/5: O=C(NCC1CCOC1)c1ccc(=NC(=O)N2Cc3ccncc3C2)[nH]n1 | UCB=2.283 | mu=0.253 | std=0.9078 | f=0.3455
2025-10-10 14:50:28,049 - INFO - [round 39] pick 3/5: CCCn1ncc(-c2nc3c(cnn3CC)[nH]2)c1C | UCB=2.271 | mu=0.1996 | std=0.9263 | f=0.1085
2025-10-10 14:50:28,229 - INFO - [round 39] pick 4/5: CC(O)C1C(=O)N2C(C(=O)[O-])=C(SC3Cn4cnc[n+]4C3)C(C)C12 | UCB=2.26 | mu=0.1541 | std=0.9418 | f=0.129
2025-10-10 14:50:28,409 - INFO - [round 39] pick 5/5: CC(C)COC(=O)N(C(=O)OCC(C)C)c1onc2c1CCC2 | UCB=2.265 | mu=0.1988 | std=0.924 | f=0.1541
2025-10-10 14:50:28,591 - INFO - Round 39 done in 111.28s; train size=210
