2025-10-16 20:56:20,482 - INFO - 
--- Round 0 | trial=8 | sqrt_beta=1.0000 (beta=1.0000) | rho=0.80 | train size=10 ---
2025-10-16 20:56:31,776 - INFO - [round 0] pick 1/5: Cc1ccc2nc(SCC(=O)NC3CCCC3)c(C)cc2c1 | UCB=1.131 | mu=0.2564 | std=0.8743 | f=0.3939
2025-10-16 20:56:31,777 - INFO - [round 0] pick 2/5: CCCCN(Cc1nc(O)c2ccccc2n1)C(=O)CN1C(=O)NC2(CCCCC2)C1=O | UCB=1.109 | mu=0.1635 | std=0.9452 | f=0.3753
2025-10-16 20:56:31,778 - INFO - [round 0] pick 3/5: COc1ccc(S(=O)(=O)N(CC(=O)NCC2CCCO2)C2CCCCC2)cc1OC | UCB=1.111 | mu=0.1569 | std=0.9539 | f=0.1569
2025-10-16 20:56:31,780 - INFO - [round 0] pick 4/5: C=CCNC(=NC#N)SCc1ccccc1Cl | UCB=1.081 | mu=0.1118 | std=0.9689 | f=0.06861
2025-10-16 20:56:31,781 - INFO - [round 0] pick 5/5: C=CCn1c(S)nnc1CCc1cc(C(C)(C)C)c(O)c(C(C)(C)C)c1 | UCB=1.075 | mu=0.09867 | std=0.9764 | f=0.2462
2025-10-16 20:56:31,783 - INFO - Round 0 done in 11.30s; train size=15
2025-10-16 20:56:31,783 - INFO - 
--- Round 1 | trial=8 | sqrt_beta=1.0000 (beta=1.0000) | rho=0.80 | train size=15 ---
2025-10-16 20:56:45,262 - INFO - [round 1] pick 1/5: CCc1ccc2nc(O)c(CN(CCN(CC)CC)C(=O)NC3CCCCC3)cc2c1 | UCB=1.156 | mu=0.2659 | std=0.8903 | f=0.4319
2025-10-16 20:56:45,264 - INFO - [round 1] pick 2/5: CC(C)(C)c1csc(NC(=O)CSc2nc(O)c3ccccc3n2)n1 | UCB=1.132 | mu=0.2064 | std=0.9251 | f=0.09606
2025-10-16 20:56:45,265 - INFO - [round 1] pick 3/5: Cc1ccc2nc(NCCCN3CCCCCC3=O)n(C)c(=O)c2c1 | UCB=1.133 | mu=0.1972 | std=0.9362 | f=0.3563
2025-10-16 20:56:45,267 - INFO - [round 1] pick 4/5: CCC(=O)N(c1nnc(SCC(=O)NN2C(=O)NC3(CCCCC3)C2=O)s1)C1CC1 | UCB=1.118 | mu=0.1725 | std=0.9459 | f=0.1536
2025-10-16 20:56:45,269 - INFO - [round 1] pick 5/5: Nc1nc(S)c2ncn(C3CCCC3)c2n1 | UCB=1.102 | mu=0.1297 | std=0.9728 | f=0.3381
2025-10-16 20:56:45,271 - INFO - Round 1 done in 13.49s; train size=20
2025-10-16 20:56:45,271 - INFO - 
--- Round 2 | trial=8 | sqrt_beta=1.0000 (beta=1.0000) | rho=0.80 | train size=20 ---
2025-10-16 20:57:01,609 - INFO - [round 2] pick 1/5: Cc1cc(NC2CCCCC2)c2c(ccc3c[nH]nc32)n1 | UCB=1.171 | mu=0.2538 | std=0.9173 | f=0.1262
2025-10-16 20:57:01,611 - INFO - [round 2] pick 2/5: CCN(CC)CCCNC(=O)CCC(=O)Nc1ccc2nc(N3CCCCC3)cc(C)c2c1 | UCB=1.158 | mu=0.2399 | std=0.9181 | f=0.4025
2025-10-16 20:57:01,613 - INFO - [round 2] pick 3/5: O=C(NC1CCCC1)c1c(O)nc2sccn2c1=O | UCB=1.154 | mu=0.2259 | std=0.9282 | f=0.4102
2025-10-16 20:57:01,616 - INFO - [round 2] pick 4/5: CCCCCCC(C)(C)c1cc(O)c(C2CCCCC2)c(O)c1 | UCB=1.158 | mu=0.2129 | std=0.9448 | f=0.1579
2025-10-16 20:57:01,619 - INFO - [round 2] pick 5/5: CN=C(S)N(CCCN(C)C)Cc1cc2cc3c(cc2nc1O)OCCO3 | UCB=1.13 | mu=0.1955 | std=0.9348 | f=0.2702
2025-10-16 20:57:01,621 - INFO - Round 2 done in 16.35s; train size=25
2025-10-16 20:57:01,621 - INFO - 
--- Round 3 | trial=8 | sqrt_beta=1.0000 (beta=1.0000) | rho=0.80 | train size=25 ---
2025-10-16 20:57:21,232 - INFO - [round 3] pick 1/5: Cc1ccn2c(O)c(C(=O)NCCCN3CCCCC3C)c(=O)nc2c1 | UCB=1.17 | mu=0.2567 | std=0.913 | f=0.4132
2025-10-16 20:57:21,235 - INFO - [round 3] pick 2/5: Cc1nn(C)c(N(C)C)c1CNCCC(=O)NC1CCCC1 | UCB=1.168 | mu=0.2424 | std=0.9253 | f=0.1645
2025-10-16 20:57:21,239 - INFO - [round 3] pick 3/5: O=C1CCCCCC1n1cnc2ccc(O)nc21 | UCB=1.157 | mu=0.2335 | std=0.9231 | f=0.3438
2025-10-16 20:57:21,243 - INFO - [round 3] pick 4/5: CCCc1nc2cc(C=CC(=O)NO)ccc2n1CCN(CC)CC | UCB=1.144 | mu=0.2066 | std=0.9376 | f=0.345
2025-10-16 20:57:21,246 - INFO - [round 3] pick 5/5: OCCN(CCO)c1nc(N2CCCCC2)c2nc(N(CCO)CCO)ncc2n1 | UCB=1.135 | mu=0.1773 | std=0.958 | f=0.2877
2025-10-16 20:57:21,250 - INFO - Round 3 done in 19.63s; train size=30
2025-10-16 20:57:21,250 - INFO - 
--- Round 4 | trial=8 | sqrt_beta=1.0000 (beta=1.0000) | rho=0.80 | train size=30 ---
2025-10-16 20:57:43,236 - INFO - [round 4] pick 1/5: CCCCn1c(SCC(=O)N2CCCC2)nc2cc(S(N)(=O)=O)ccc21 | UCB=1.183 | mu=0.2615 | std=0.9217 | f=0.378
2025-10-16 20:57:43,240 - INFO - [round 4] pick 2/5: CC(C)c1csc(CCc2ccn3c(=O)c(C=CC(=O)O)c(NCC4CCCCC4)nc3c2)n1 | UCB=1.172 | mu=0.2533 | std=0.9189 | f=0.161
2025-10-16 20:57:43,245 - INFO - [round 4] pick 3/5: O=C(NO)c1cnc2nc(N3CCCC3)c(F)cc2c1O | UCB=1.168 | mu=0.2339 | std=0.9345 | f=0.3189
2025-10-16 20:57:43,250 - INFO - [round 4] pick 4/5: CCN(CC)CCCCN1C(=O)CC2(CCCc3ccccc32)C1=O | UCB=1.161 | mu=0.2353 | std=0.9261 | f=0.1264
2025-10-16 20:57:43,255 - INFO - [round 4] pick 5/5: CC(C)=CCN1Cc2c(Br)ccc3nc(S)n(c23)CC1C | UCB=1.143 | mu=0.1869 | std=0.9557 | f=0.2739
2025-10-16 20:57:43,261 - INFO - Round 4 done in 22.01s; train size=35
2025-10-16 20:57:43,261 - INFO - 
--- Round 5 | trial=8 | sqrt_beta=1.0000 (beta=1.0000) | rho=0.80 | train size=35 ---
2025-10-16 20:58:08,574 - INFO - [round 5] pick 1/5: CCCCc1nc2cc(C(=O)N3CCCCC3CCO)ccc2o1 | UCB=1.186 | mu=0.2747 | std=0.9117 | f=0.4082
2025-10-16 20:58:08,580 - INFO - [round 5] pick 2/5: Cc1ccc2nc(N3CCCCC3)c(C=C3SC(=S)N(CC(=O)O)C3=O)cc2c1 | UCB=1.182 | mu=0.2905 | std=0.8915 | f=0.3417
2025-10-16 20:58:08,587 - INFO - [round 5] pick 3/5: Nc1nc(CCCNC(=O)c2cc(Br)c(Br)n2C2CCCC2)c[nH]1 | UCB=1.177 | mu=0.2558 | std=0.921 | f=0.3979
2025-10-16 20:58:08,593 - INFO - [round 5] pick 4/5: CCCn1c2c(c(O)c(C(=O)NC)c1=O)CCCC2 | UCB=1.166 | mu=0.2313 | std=0.9342 | f=0.1572
2025-10-16 20:58:08,600 - INFO - [round 5] pick 5/5: NS(=O)(=O)c1nc2ccc(O)cc2s1 | UCB=1.145 | mu=0.1921 | std=0.9527 | f=0.1682
2025-10-16 20:58:08,607 - INFO - Round 5 done in 25.35s; train size=40
2025-10-16 20:58:08,607 - INFO - 
--- Round 6 | trial=8 | sqrt_beta=1.0000 (beta=1.0000) | rho=0.80 | train size=40 ---
2025-10-16 20:58:36,238 - INFO - [round 6] pick 1/5: CC1CCCCN1C(=O)Cn1cnc2cc([N+](=O)[O-])ccc2c1=O | UCB=1.191 | mu=0.2791 | std=0.9119 | f=0.3748
2025-10-16 20:58:36,245 - INFO - [round 6] pick 2/5: CCCN1CCN(C(=O)c2ccc3nc(CC)c(CC)nc3c2)CC1 | UCB=1.185 | mu=0.2702 | std=0.9147 | f=0.3688
2025-10-16 20:58:36,253 - INFO - [round 6] pick 3/5: CS(=O)(=O)c1nc2cc(Cl)c(Cl)cc2n1C1CCCC1 | UCB=1.183 | mu=0.2688 | std=0.9146 | f=0.3676
2025-10-16 20:58:36,262 - INFO - [round 6] pick 4/5: Nc1ncnc2c1ncn2C1OC(CSCCCNC(=O)NC2CCCCC2)C(O)C1O | UCB=1.161 | mu=0.2303 | std=0.9304 | f=0.4053
2025-10-16 20:58:36,270 - INFO - [round 6] pick 5/5: Cn1c(CCCC(=O)O)nc2ccc(N(CCO)CCCl)cc21 | UCB=1.167 | mu=0.2374 | std=0.9292 | f=0.2828
2025-10-16 20:58:36,280 - INFO - Round 6 done in 27.67s; train size=45
2025-10-16 20:58:36,280 - INFO - 
--- Round 7 | trial=8 | sqrt_beta=1.0000 (beta=1.0000) | rho=0.80 | train size=45 ---
2025-10-16 20:59:06,858 - INFO - [round 7] pick 1/5: CCOCCCNC(=O)c1ccc2c(c1)ncn2C1CCCC1 | UCB=1.21 | mu=0.33 | std=0.8798 | f=0.4472
2025-10-16 20:59:06,868 - INFO - [round 7] pick 2/5: O=C(O)C1CCCN1Cc1cc2nc(O)c(O)nc2cc1[N+](=O)[O-] | UCB=1.189 | mu=0.2572 | std=0.9319 | f=0.3764
2025-10-16 20:59:06,878 - INFO - [round 7] pick 3/5: Nc1nc2ccc(N3CCCCC3)cc2o1 | UCB=1.188 | mu=0.2832 | std=0.9046 | f=0.2697
2025-10-16 20:59:06,888 - INFO - [round 7] pick 4/5: C=CCN(CCC)C(=O)c1c(CC)nc2n1CCN2c1c(C)cc(C)cc1C | UCB=1.171 | mu=0.2366 | std=0.9342 | f=0.3358
2025-10-16 20:59:06,899 - INFO - [round 7] pick 5/5: CC(=O)N1CCC(NC(=O)Nc2cnc3[nH]ccc3n2)CC1 | UCB=1.188 | mu=0.2517 | std=0.9362 | f=0.3682
2025-10-16 20:59:06,910 - INFO - Round 7 done in 30.63s; train size=50
2025-10-16 20:59:06,910 - INFO - 
--- Round 8 | trial=8 | sqrt_beta=1.0000 (beta=1.0000) | rho=0.80 | train size=50 ---
2025-10-16 20:59:40,015 - INFO - [round 8] pick 1/5: NC(=O)c1ccc2c(c1)nc(C1CCC(O)CC1)n2CCO | UCB=1.211 | mu=0.2977 | std=0.9135 | f=0.3565
2025-10-16 20:59:40,027 - INFO - [round 8] pick 2/5: CC(=O)NCc1nc2cnc3[nH]ccc3c2n1C1CCCCC1 | UCB=1.209 | mu=0.325 | std=0.884 | f=0.147
2025-10-16 20:59:40,039 - INFO - [round 8] pick 3/5: CCOc1cc2sc(N3CCC(C(=O)NCCCN4CCCC4=O)CC3)nc2cc1Br | UCB=1.201 | mu=0.2886 | std=0.9122 | f=0.3993
2025-10-16 20:59:40,052 - INFO - [round 8] pick 4/5: CCCc1noc(CN2CCCCC2Cn2cncn2)n1 | UCB=1.184 | mu=0.2452 | std=0.9385 | f=0.3698
2025-10-16 20:59:40,065 - INFO - [round 8] pick 5/5: O=C(C=Cc1ccc(Cl)c(Cl)c1)NCCCCCN1CCC(NC(=O)Nc2cc(Cl)cc(Cl)c2)CC1 | UCB=1.185 | mu=0.2544 | std=0.9307 | f=0.3408
2025-10-16 20:59:40,079 - INFO - Round 8 done in 33.17s; train size=55
2025-10-16 20:59:40,079 - INFO - 
--- Round 9 | trial=8 | sqrt_beta=1.0000 (beta=1.0000) | rho=0.80 | train size=55 ---
2025-10-16 21:00:16,893 - INFO - [round 9] pick 1/5: CCN1CCN(CCCNC(=O)c2cc3ccc(C)cc3nc2C)CC1 | UCB=1.209 | mu=0.3301 | std=0.8788 | f=0.3522
2025-10-16 21:00:16,908 - INFO - [round 9] pick 2/5: NC(=O)C1CCN(c2cc(Cl)nc(N)n2)CC1 | UCB=1.201 | mu=0.2724 | std=0.9284 | f=0.118
2025-10-16 21:00:16,922 - INFO - [round 9] pick 3/5: COC(=O)c1[nH]c2ccc(Br)cc2c1NC(=O)CN1CCCCC1CCO | UCB=1.201 | mu=0.2903 | std=0.9111 | f=0.4307
2025-10-16 21:00:16,938 - INFO - [round 9] pick 4/5: CC1CCCC(n2cnc(CC(CCCN)C(=O)O)c2)C1 | UCB=1.188 | mu=0.246 | std=0.9422 | f=0.166
2025-10-16 21:00:16,954 - INFO - [round 9] pick 5/5: O=C(NC1CC1)c1ccc2[nH]c(C3OC(CO)C(O)C(O)C3O)nc2c1 | UCB=1.189 | mu=0.256 | std=0.9333 | f=0.3162
2025-10-16 21:00:16,970 - INFO - Round 9 done in 36.89s; train size=60
2025-10-16 21:00:16,970 - INFO - 
--- Round 10 | trial=8 | sqrt_beta=1.0000 (beta=1.0000) | rho=0.80 | train size=60 ---
2025-10-16 21:00:55,986 - INFO - [round 10] pick 1/5: Cc1nc2ccc(S(=O)(=O)NCC(=O)NCCN3CCCCC3C)cc2s1 | UCB=1.214 | mu=0.3391 | std=0.8752 | f=0.4082
2025-10-16 21:00:56,004 - INFO - [round 10] pick 2/5: CCOC(=O)N1CCC(n2nnnc2CCCCOc2ccc3[nH]c4nc(O)nc-4cc3c2)CC1 | UCB=1.199 | mu=0.2699 | std=0.9293 | f=0.3717
2025-10-16 21:00:56,021 - INFO - [round 10] pick 3/5: CN(CCC#N)C(=O)COC(=O)c1ccc2c(=O)n3c(nc2c1)CCC3 | UCB=1.204 | mu=0.2829 | std=0.9216 | f=0.378
2025-10-16 21:00:56,040 - INFO - [round 10] pick 4/5: CC1=NN(C(=O)CN2CCNCC2)C(c2cc(Br)cc(Br)c2O)C1 | UCB=1.188 | mu=0.2504 | std=0.9377 | f=0.1186
2025-10-16 21:00:56,059 - INFO - [round 10] pick 5/5: CCCCC(=O)OC1C(O)C(CO)OC1n1cnc2c(=O)[nH]c(N)nc21 | UCB=1.174 | mu=0.24 | std=0.9342 | f=0.3549
2025-10-16 21:00:56,078 - INFO - Round 10 done in 39.11s; train size=65
2025-10-16 21:00:56,078 - INFO - 
--- Round 11 | trial=8 | sqrt_beta=1.0000 (beta=1.0000) | rho=0.80 | train size=65 ---
2025-10-16 21:01:38,596 - INFO - [round 11] pick 1/5: CCCCCn1c(=O)[nH]c2cc(C(=O)NCCN3CCCCC3C)ccc2c1=O | UCB=1.22 | mu=0.3642 | std=0.8559 | f=0.4206
2025-10-16 21:01:38,616 - INFO - [round 11] pick 2/5: CCOC(=O)C1CCCCN1CC(=O)Nc1nc2cc3nc(NC(=O)CN4CCCCC4C(=O)OCC)sc3cc2s1 | UCB=1.207 | mu=0.2805 | std=0.926 | f=0.1773
2025-10-16 21:01:38,637 - INFO - [round 11] pick 3/5: CCc1nc(C2CCCN(C(=O)c3ccc4[nH]nnc4c3)C2)no1 | UCB=1.209 | mu=0.3021 | std=0.9066 | f=0.1221
2025-10-16 21:01:38,659 - INFO - [round 11] pick 4/5: Nc1ccn(C2OC(C(=O)NCCCN3CCCC3=O)C(O)C2O)c(=O)n1 | UCB=1.204 | mu=0.3079 | std=0.8958 | f=0.138
2025-10-16 21:01:38,681 - INFO - [round 11] pick 5/5: CC(=O)OCC(CCn1cnc2cc(Cl)c(Cl)nc21)COC(C)=O | UCB=1.181 | mu=0.2368 | std=0.9444 | f=0.3636
2025-10-16 21:01:38,703 - INFO - Round 11 done in 42.63s; train size=70
2025-10-16 21:01:38,703 - INFO - 
--- Round 12 | trial=8 | sqrt_beta=1.0000 (beta=1.0000) | rho=0.80 | train size=70 ---
2025-10-16 21:02:23,090 - INFO - [round 12] pick 1/5: CCC1CCCCN1CCCNC(=O)Cn1ncn2nc(-c3ccc(OC)cc3)cc2c1=O | UCB=1.214 | mu=0.3237 | std=0.8903 | f=0.1438
2025-10-16 21:02:23,115 - INFO - [round 12] pick 2/5: CC1CCC(NC(=O)c2cc3cccnc3n(CCCCCO)c2=O)CC1 | UCB=1.207 | mu=0.3042 | std=0.9025 | f=0.3838
2025-10-16 21:02:23,140 - INFO - [round 12] pick 3/5: CCCOc1ccc(Cl)cc1Nc1nc(NCCO)nc(N2CCCC2)n1 | UCB=1.203 | mu=0.2912 | std=0.9116 | f=0.3468
2025-10-16 21:02:23,165 - INFO - [round 12] pick 4/5: CC(=O)OCc1cc(C)cc(-c2c(O)nc3cc(Cl)c([N+](=O)[O-])cc3c2OCCC2CCCCN2)c1 | UCB=1.195 | mu=0.2692 | std=0.9258 | f=0.1372
2025-10-16 21:02:23,191 - INFO - [round 12] pick 5/5: C=Cc1sc(-c2nccs2)nc1C(=O)NCCCCC(=O)NO | UCB=1.176 | mu=0.234 | std=0.9417 | f=0.2966
2025-10-16 21:02:23,218 - INFO - Round 12 done in 44.51s; train size=75
2025-10-16 21:02:23,218 - INFO - 
--- Round 13 | trial=8 | sqrt_beta=1.0000 (beta=1.0000) | rho=0.80 | train size=75 ---
2025-10-16 21:03:10,776 - INFO - [round 13] pick 1/5: CCCCCNC(=O)C(C#N)c1nc2ccccc2nc1N1CCCC1 | UCB=1.204 | mu=0.324 | std=0.88 | f=0.375
2025-10-16 21:03:10,804 - INFO - [round 13] pick 2/5: COC(=O)N1CCC(n2c(=O)n(Cc3nc(C)c(C)n3CCCCO)c3cnccc32)CC1 | UCB=1.201 | mu=0.2908 | std=0.9099 | f=0.1371
2025-10-16 21:03:10,835 - INFO - [round 13] pick 3/5: O=C(NCC(=O)N(CCO)C1CCC1)c1cc2cc(Cl)ccc2[nH]1 | UCB=1.194 | mu=0.2836 | std=0.9101 | f=0.3873
2025-10-16 21:03:10,865 - INFO - [round 13] pick 4/5: C=CCn1c(SCC2CCCCO2)nc2sc(CC)cc2c1=O | UCB=1.183 | mu=0.2682 | std=0.9146 | f=0.3636
2025-10-16 21:03:10,894 - INFO - [round 13] pick 5/5: Nc1ncnc2c1nc(Sc1cc3c(cc1Br)OCO3)n2CCCCCC(=O)NO | UCB=1.182 | mu=0.2515 | std=0.9307 | f=0.09595
2025-10-16 21:03:10,925 - INFO - Round 13 done in 47.71s; train size=80
2025-10-16 21:03:10,925 - INFO - 
--- Round 14 | trial=8 | sqrt_beta=1.0000 (beta=1.0000) | rho=0.80 | train size=80 ---
2025-10-16 21:04:00,506 - INFO - [round 14] pick 1/5: CCOC(=O)NCCNC(=O)c1cc2ccccc2nc1N1CCCC1 | UCB=1.208 | mu=0.3495 | std=0.8583 | f=0.4324
2025-10-16 21:04:00,537 - INFO - [round 14] pick 2/5: CCCCCn1ncc2c(N)c(C(=O)NC3CC3)cnc21 | UCB=1.196 | mu=0.2944 | std=0.9011 | f=0.3746
2025-10-16 21:04:00,569 - INFO - [round 14] pick 3/5: O=C(CCCCC1CCSS1)NCCCCCN=c1c2ccc(Cl)cc2nc2n1CCC2 | UCB=1.196 | mu=0.281 | std=0.9145 | f=0.3277
2025-10-16 21:04:00,602 - INFO - [round 14] pick 4/5: Cc1cc2ncn(C3CCCCO3)c2cc1C | UCB=1.182 | mu=0.2723 | std=0.9095 | f=0.3333
2025-10-16 21:04:00,635 - INFO - [round 14] pick 5/5: O=[N+]([O-])c1ccc2[nH]c(CCCO)nc2c1 | UCB=1.178 | mu=0.257 | std=0.9213 | f=0.2122
2025-10-16 21:04:00,669 - INFO - Round 14 done in 49.74s; train size=85
2025-10-16 21:04:00,669 - INFO - 
--- Round 15 | trial=8 | sqrt_beta=1.0000 (beta=1.0000) | rho=0.80 | train size=85 ---
2025-10-16 21:04:55,232 - INFO - [round 15] pick 1/5: CCOC(=O)c1ccc2ncc(C(=O)OCC)c(NCCN3CCOCC3)c2c1 | UCB=1.209 | mu=0.3085 | std=0.9002 | f=0.419
2025-10-16 21:04:55,267 - INFO - [round 15] pick 2/5: CCNc1cc(OC)c(C(=O)NC2CCCCN(CC)C2)cc1Cl | UCB=1.202 | mu=0.2956 | std=0.9062 | f=0.1645
2025-10-16 21:04:55,303 - INFO - [round 15] pick 3/5: CCCCCCNS(=O)(=O)c1ccc2nc(NC(=O)NCCO)[nH]c2c1 | UCB=1.193 | mu=0.2923 | std=0.9008 | f=0.315
2025-10-16 21:04:55,339 - INFO - [round 15] pick 4/5: OCC1CCCCN1Cc1cc(O)c2cccc(F)c2n1 | UCB=1.193 | mu=0.3001 | std=0.8925 | f=0.3319
2025-10-16 21:04:55,376 - INFO - [round 15] pick 5/5: CC(=O)NCCCNC(=O)C12CC1C(n1cnc3c(NC(C4CC4)C4CC4)nc(Cl)nc31)C(O)C2O | UCB=1.184 | mu=0.2561 | std=0.9281 | f=0.4041
2025-10-16 21:04:55,414 - INFO - Round 15 done in 54.74s; train size=90
2025-10-16 21:04:55,414 - INFO - 
--- Round 16 | trial=8 | sqrt_beta=1.0000 (beta=1.0000) | rho=0.80 | train size=90 ---
2025-10-16 21:05:52,217 - INFO - [round 16] pick 1/5: O=C(NCCCNc1ccnc2cc(Cl)ccc12)C(=O)NCCCN1CCOCC1 | UCB=1.208 | mu=0.3161 | std=0.8922 | f=0.3239
2025-10-16 21:05:52,257 - INFO - [round 16] pick 2/5: CCCNC(=O)OCC1OC(n2cnc3c(NC4CCCC4)nc(Cl)nc32)C(C)(O)C1O | UCB=1.201 | mu=0.3155 | std=0.8851 | f=0.4588
2025-10-16 21:05:52,297 - INFO - [round 16] pick 3/5: CCCN(CC1CC1)c1cc(C(=O)Nc2ccc3nn(CC(=N)O)cc3c2)ncn1 | UCB=1.202 | mu=0.2836 | std=0.9186 | f=0.137
2025-10-16 21:05:52,338 - INFO - [round 16] pick 4/5: O=C(COC(=O)c1cnc(Cl)c(Cl)c1)NCCC1=CCCCC1 | UCB=1.205 | mu=0.2883 | std=0.9167 | f=0.1437
2025-10-16 21:05:52,380 - INFO - [round 16] pick 5/5: CC1CCN(S(=O)(=O)c2ccc3[nH]c(O)nc3c2)CC1 | UCB=1.189 | mu=0.2931 | std=0.8958 | f=0.323
2025-10-16 21:05:52,423 - INFO - Round 16 done in 57.01s; train size=95
2025-10-16 21:05:52,423 - INFO - 
--- Round 17 | trial=8 | sqrt_beta=1.0000 (beta=1.0000) | rho=0.80 | train size=95 ---
2025-10-16 21:06:52,889 - INFO - [round 17] pick 1/5: Cc1ccc2c(=O)c(C(=O)NC3CCCC3)cn(CCN3CCOCC3)c2n1 | UCB=1.204 | mu=0.3318 | std=0.8725 | f=0.4004
2025-10-16 21:06:52,933 - INFO - [round 17] pick 2/5: CCCCC#Cc1nc(NC2CC2)c2ncn(C3C(O)C(O)C4CC43)c2n1 | UCB=1.195 | mu=0.2909 | std=0.9036 | f=0.3721
2025-10-16 21:06:52,978 - INFO - [round 17] pick 3/5: CCN(CC)CCCNC(=O)c1ccc2c(SCC(=O)O)c3c(nc2c1)CCC3 | UCB=1.2 | mu=0.3291 | std=0.8712 | f=0.3878
2025-10-16 21:06:53,023 - INFO - [round 17] pick 4/5: CC(=O)OCC1OC(CC=NOC(C)CN2CCCCc3nc(C)c(C)cc32)C=CC1OC(C)=O | UCB=1.181 | mu=0.2475 | std=0.9336 | f=0.1569
2025-10-16 21:06:53,070 - INFO - [round 17] pick 5/5: C=CCN(C)C1CCN(CCCc2c[nH]c3ccc(-n4cnnc4)cc23)CC1 | UCB=1.184 | mu=0.2591 | std=0.9253 | f=0.1073
2025-10-16 21:06:53,117 - INFO - Round 17 done in 60.69s; train size=100
2025-10-16 21:06:53,117 - INFO - 
--- Round 18 | trial=8 | sqrt_beta=1.0000 (beta=1.0000) | rho=0.80 | train size=100 ---
2025-10-16 21:07:55,608 - INFO - [round 18] pick 1/5: CC(C)N(CCO)Cc1nc(N2CCOCC2)c2cc(Cl)ccc2n1 | UCB=1.203 | mu=0.3063 | std=0.8969 | f=0.3175
2025-10-16 21:07:55,657 - INFO - [round 18] pick 2/5: CCCCCNC(=O)c1ccc2c(=O)[nH]c3c(C(=O)NCC4CCCO4)sc(=S)n3c2c1 | UCB=1.198 | mu=0.3129 | std=0.8856 | f=0.142
2025-10-16 21:07:55,706 - INFO - [round 18] pick 3/5: CC(C)CNC(=O)c1cnc(NCCCN2CCCCC2C)nc1NC1CCCC1 | UCB=1.19 | mu=0.3075 | std=0.8826 | f=0.1639
2025-10-16 21:07:55,757 - INFO - [round 18] pick 4/5: CCCNc1nc(N)nc2c1ncn2C=C1CC1(CO)CO | UCB=1.181 | mu=0.2551 | std=0.9263 | f=0.2851
2025-10-16 21:07:55,808 - INFO - [round 18] pick 5/5: CCOC(=O)N1CCC(NC(=O)CNS(=O)(=O)c2ccc(Br)s2)CC1 | UCB=1.183 | mu=0.2821 | std=0.9006 | f=0.1673
2025-10-16 21:07:55,860 - INFO - Round 18 done in 62.74s; train size=105
2025-10-16 21:07:55,861 - INFO - 
--- Round 19 | trial=8 | sqrt_beta=1.0000 (beta=1.0000) | rho=0.80 | train size=105 ---
2025-10-16 21:09:00,669 - INFO - [round 19] pick 1/5: CCOC(=O)c1c(N2CCCC2)c2ccc(C)nc2n(C)c1=O | UCB=1.195 | mu=0.318 | std=0.8769 | f=0.417
2025-10-16 21:09:00,723 - INFO - [round 19] pick 2/5: O=C(NCCCOc1ccc2nc(O)ccc2c1)N(C1CC1)C1CCCC1O | UCB=1.194 | mu=0.2958 | std=0.8979 | f=0.3907
2025-10-16 21:09:00,778 - INFO - [round 19] pick 3/5: CNc1nc(-n2cc(CC3CCCC3)nn2)nc2c1ncn2C1OC(CO)C(O)C1O | UCB=1.186 | mu=0.3 | std=0.8859 | f=0.135
2025-10-16 21:09:00,834 - INFO - [round 19] pick 4/5: CCCCCCc1nc2cc(C=CC(=O)NO)ccn2c1NCCC(=O)N(CCC)CCO | UCB=1.175 | mu=0.2747 | std=0.9001 | f=0.3401
2025-10-16 21:09:00,890 - INFO - [round 19] pick 5/5: O=C(NCCN1CCOCC1)c1cc(N(CCCl)CCCl)c([N+](=O)[O-])cc1[N+](=O)[O-] | UCB=1.17 | mu=0.262 | std=0.9085 | f=0.1163
2025-10-16 21:09:00,948 - INFO - Round 19 done in 65.09s; train size=110
2025-10-16 21:09:00,948 - INFO - 
--- Round 20 | trial=8 | sqrt_beta=1.0000 (beta=1.0000) | rho=0.80 | train size=110 ---
2025-10-16 21:10:07,436 - INFO - [round 20] pick 1/5: CN(C(=O)CCCOc1ccc2nc3c(cc2c1)n(C)c(=O)n3C)C1CCCCC1 | UCB=1.198 | mu=0.3318 | std=0.8659 | f=0.1569
2025-10-16 21:10:07,495 - INFO - [round 20] pick 2/5: CCCCNC(=O)C1(C)CCCCN1C(=O)c1ccno1 | UCB=1.19 | mu=0.2769 | std=0.9132 | f=0.1615
2025-10-16 21:10:07,555 - INFO - [round 20] pick 3/5: CCOC(=O)Cc1nc2c(O)nc3cc(Cl)ccc3n2n1 | UCB=1.188 | mu=0.2831 | std=0.9052 | f=0.1226
2025-10-16 21:10:07,615 - INFO - [round 20] pick 4/5: CCOP(=O)(OCC)OCC12CC1C(n1cnc3c(N)nc(Cl)nc31)C(O)C2O | UCB=1.171 | mu=0.2624 | std=0.9089 | f=0.3443
2025-10-16 21:10:07,677 - INFO - [round 20] pick 5/5: CN1C2CCC1CC(NC(=O)c1c(O)nc3ccccc3c1O)C2 | UCB=1.188 | mu=0.2995 | std=0.8887 | f=0.3733
2025-10-16 21:10:07,740 - INFO - Round 20 done in 66.79s; train size=115
2025-10-16 21:10:07,740 - INFO - 
--- Round 21 | trial=8 | sqrt_beta=1.0000 (beta=1.0000) | rho=0.80 | train size=115 ---
2025-10-16 21:11:17,910 - INFO - [round 21] pick 1/5: CCOCCCNC(=O)C1CCN(S(=O)(=O)c2ccc3nc4c(c(C(=O)O)c3c2)CCCCC4)CC1 | UCB=1.193 | mu=0.3246 | std=0.8681 | f=0.4394
2025-10-16 21:11:17,976 - INFO - [round 21] pick 2/5: CC1(C)C(n2cnc3ccccc3c2=O)C(=O)CC2C(O)CCCN21 | UCB=1.182 | mu=0.2812 | std=0.9007 | f=0.3578
2025-10-16 21:11:18,042 - INFO - [round 21] pick 3/5: CCc1cc(NCCNC(C)=O)nc(N2CCCC2)n1 | UCB=1.184 | mu=0.3086 | std=0.8753 | f=0.144
2025-10-16 21:11:18,110 - INFO - [round 21] pick 4/5: Cc1ccc2nc(CN(CCO)CCO)cc(=O)n2c1 | UCB=1.173 | mu=0.2564 | std=0.9163 | f=0.2415
2025-10-16 21:11:18,178 - INFO - [round 21] pick 5/5: CCCCCOC(=O)C(C)NP(=O)(NC(C)C(=O)OCCCCC)OCC1OC(n2cnc3c(OC)nc(N)nc32)C(C)(O)C1O | UCB=1.162 | mu=0.248 | std=0.9138 | f=0.4155
2025-10-16 21:11:18,247 - INFO - Round 21 done in 70.51s; train size=120
2025-10-16 21:11:18,247 - INFO - 
--- Round 22 | trial=8 | sqrt_beta=1.0000 (beta=1.0000) | rho=0.80 | train size=120 ---
2025-10-16 21:12:30,447 - INFO - [round 22] pick 1/5: CCCc1c(O)nc2ccc(F)cc2c1OCC1CCC1 | UCB=1.195 | mu=0.3004 | std=0.8947 | f=0.3612
2025-10-16 21:12:30,517 - INFO - [round 22] pick 2/5: CCCCCCCC(CC(=O)NC1CCCCN(O)C1=O)OC(=O)C(CCCCN(O)C=O)NC(=O)c1coc(-c2ccccc2O)n1 | UCB=1.188 | mu=0.2648 | std=0.9234 | f=0.4368
2025-10-16 21:12:30,589 - INFO - [round 22] pick 3/5: CN1CCC(O)(C#Cc2ccc3c(c2)-c2nc(C(N)=O)c(C(=O)NC4CC4)n2C2CC3C2)C1=O | UCB=1.187 | mu=0.2668 | std=0.9198 | f=0.3922
2025-10-16 21:12:30,661 - INFO - [round 22] pick 4/5: CC(C)(C)C(=O)SCCOP(=O)(OCCSC(=O)C(C)(C)C)OCC1OC(n2cnc3c(=O)[nH]c(N)nc32)C(C)(O)C1O | UCB=1.171 | mu=0.2841 | std=0.8865 | f=0.3373
2025-10-16 21:12:30,735 - INFO - [round 22] pick 5/5: C[S+]([O-])c1ccc2ncn(C=CC(=O)O)c(=O)c2c1 | UCB=1.175 | mu=0.2562 | std=0.9192 | f=0.2638
2025-10-16 21:12:30,810 - INFO - Round 22 done in 72.56s; train size=125
2025-10-16 21:12:30,810 - INFO - 
--- Round 23 | trial=8 | sqrt_beta=1.0000 (beta=1.0000) | rho=0.80 | train size=125 ---
2025-10-16 21:13:46,118 - INFO - [round 23] pick 1/5: CCCCc1nc(Cl)c(CO)n1Cc1ccc2c(c1)CCC(C(=O)O)C2 | UCB=1.198 | mu=0.3005 | std=0.8976 | f=0.378
2025-10-16 21:13:46,194 - INFO - [round 23] pick 2/5: N=C(N)NCCCC(NC(=O)c1cc(C23CC4CC(CC(C4)C2)C3)c2ccccc2n1)C(=O)NN | UCB=1.192 | mu=0.2763 | std=0.9155 | f=0.3942
2025-10-16 21:13:46,272 - INFO - [round 23] pick 3/5: CCCCCCCCCCCCCCCCCCNc1nc(=O)c2ncn(C3CC(O)C(CO)O3)c2c(=O)[nH]1 | UCB=1.18 | mu=0.2499 | std=0.93 | f=0.3095
2025-10-16 21:13:46,350 - INFO - [round 23] pick 4/5: CCc1cc2cc(C(=O)C3CCC(OC)CC3)ccc2nc1C(=O)OC(C)C | UCB=1.195 | mu=0.2973 | std=0.8981 | f=0.4162
2025-10-16 21:13:46,430 - INFO - [round 23] pick 5/5: CCCCN(CCCC)CCN1CCN(c2nc3cc(O)c4c(c3s2)C(=O)c2cccc(O)c2C4=O)CC1 | UCB=1.19 | mu=0.2763 | std=0.9135 | f=0.1153
2025-10-16 21:13:46,512 - INFO - Round 23 done in 75.70s; train size=130
2025-10-16 21:13:46,512 - INFO - 
--- Round 24 | trial=8 | sqrt_beta=1.0000 (beta=1.0000) | rho=0.80 | train size=130 ---
2025-10-16 21:15:04,185 - INFO - [round 24] pick 1/5: CCCCC(Sc1nc2ccccc2c(=O)n1C(C)C)C(=O)N1CCC(C(N)=O)CC1 | UCB=1.206 | mu=0.344 | std=0.8624 | f=0.4659
2025-10-16 21:15:04,268 - INFO - [round 24] pick 2/5: Nc1nc(O)c2c(n1)NCC(CCNC1CCC(C(=O)NC(CCC(=O)O)C(=O)O)CC1)=N2 | UCB=1.197 | mu=0.267 | std=0.9303 | f=0.1639
2025-10-16 21:15:04,353 - INFO - [round 24] pick 3/5: COCCCNC(=O)c1ccc2sc(C3=CC(O)C(O)C(CO)O3)nc2c1 | UCB=1.187 | mu=0.3 | std=0.8871 | f=0.3115
2025-10-16 21:15:04,438 - INFO - [round 24] pick 4/5: CS(=O)(=O)Nc1cccc(-c2cnc(N)c(C(=O)NC3C4CC5CC3CC(O)(C5)C4)n2)c1 | UCB=1.187 | mu=0.2595 | std=0.9279 | f=0.3548
2025-10-16 21:15:04,524 - INFO - [round 24] pick 5/5: CCCCCCCCCOc1ncnc2c1ncn2C1CCC(CO)O1 | UCB=1.174 | mu=0.2743 | std=0.9 | f=0.3371
2025-10-16 21:15:04,613 - INFO - Round 24 done in 78.10s; train size=135
2025-10-16 21:15:04,613 - INFO - 
--- Round 25 | trial=8 | sqrt_beta=1.0000 (beta=1.0000) | rho=0.80 | train size=135 ---
2025-10-16 21:16:27,519 - INFO - [round 25] pick 1/5: CCOC(=O)c1nc2ccccc2n(C2CC3CCCC(C2)N3C(C)CCC(C)C)c1=O | UCB=1.209 | mu=0.3178 | std=0.8908 | f=0.4981
2025-10-16 21:16:27,609 - INFO - [round 25] pick 2/5: CCCCCCNC(=O)c1cnc2ccc(C(=O)O)cc2c1O | UCB=1.197 | mu=0.3525 | std=0.8444 | f=0.3536
2025-10-16 21:16:27,701 - INFO - [round 25] pick 3/5: CC1CCC(Oc2nc(N)c3c(=O)ccn(C4CC(C(=O)O)CC4O)c3n2)CC1 | UCB=1.19 | mu=0.2768 | std=0.9129 | f=0.4114
2025-10-16 21:16:27,794 - INFO - [round 25] pick 4/5: CC=Cc1cccc(-c2nc(C(=O)NC3CCCC3)cc3c2C(CCO)N(S(=O)C(C)(C)C)C3)c1 | UCB=1.195 | mu=0.3038 | std=0.8917 | f=0.4167
2025-10-16 21:16:27,888 - INFO - [round 25] pick 5/5: CCCCCCCCCC1CC2CCc3c(C(=O)OCCCCNC(=N)N)c(CCCCC)nc([n+]32)N1 | UCB=1.178 | mu=0.2593 | std=0.9187 | f=0.1386
2025-10-16 21:16:27,984 - INFO - Round 25 done in 83.37s; train size=140
2025-10-16 21:16:27,984 - INFO - 
--- Round 26 | trial=8 | sqrt_beta=1.0000 (beta=1.0000) | rho=0.80 | train size=140 ---
2025-10-16 21:17:52,499 - INFO - [round 26] pick 1/5: CCC1CN2CCC1CC2C(O)c1cc(N2CCCC(C(=O)N(CC)CC)C2)nc2ccc(OC)cc12 | UCB=1.217 | mu=0.3137 | std=0.9033 | f=0.435
2025-10-16 21:17:52,596 - INFO - [round 26] pick 2/5: O=C(O)c1nc2ccccc2n(C2CC3CCC(C2)N3C23CC4CC(CC(O)(C4)C2)C3)c1=O | UCB=1.213 | mu=0.3231 | std=0.89 | f=0.3487
2025-10-16 21:17:52,694 - INFO - [round 26] pick 3/5: CCOCCC(=O)N1Cc2cc(OCCc3nc(C=CCCC(C)C)oc3C)ccc2CC1C(=O)O | UCB=1.198 | mu=0.2807 | std=0.9178 | f=0.4315
2025-10-16 21:17:52,793 - INFO - [round 26] pick 4/5: CC(C)(C)OC(=O)CNC(=O)c1nc(N2CCCCS2(=O)=O)c2cccnc2c1O | UCB=1.196 | mu=0.2871 | std=0.9093 | f=0.3989
2025-10-16 21:17:52,894 - INFO - [round 26] pick 5/5: CCCc1ncnc2c1ncn2C1CC(COS(N)(=O)=O)C(O)C1O | UCB=1.182 | mu=0.2761 | std=0.9062 | f=0.3718
2025-10-16 21:17:52,996 - INFO - Round 26 done in 85.01s; train size=145
2025-10-16 21:17:52,996 - INFO - 
--- Round 27 | trial=8 | sqrt_beta=1.0000 (beta=1.0000) | rho=0.80 | train size=145 ---
2025-10-16 21:19:19,173 - INFO - [round 27] pick 1/5: CC(C)(C)OC(=O)NCC1CCC(CNC(=O)c2cc(N3CCC(CCN4CC(O)C4)CC3)nc3ccccc23)CC1 | UCB=1.218 | mu=0.3257 | std=0.8919 | f=0.3982
2025-10-16 21:19:19,279 - INFO - [round 27] pick 2/5: CCN(C(=O)CSc1nc2cc(Cl)ccc2c(=O)n1CC(C)C)C1CCS(=O)(=O)C1 | UCB=1.214 | mu=0.3272 | std=0.8872 | f=0.3878
2025-10-16 21:19:19,385 - INFO - [round 27] pick 3/5: COc1ccc(Cn2cnc3c2CC(C(=O)O)N(C(=O)CC24CC5CC(CC(C5)C2)C4)C3)cc1C | UCB=1.209 | mu=0.3001 | std=0.9091 | f=0.4235
2025-10-16 21:19:19,492 - INFO - [round 27] pick 4/5: CCCC1(C(O)c2cccc(C3C(O)CC(=O)C3CC=CCCCC(N)=O)c2)CCC1 | UCB=1.199 | mu=0.273 | std=0.9262 | f=0.1406
2025-10-16 21:19:19,601 - INFO - [round 27] pick 5/5: CC(C)CCOC(=O)CC(NP(=O)(COC1COC(n2cnc3c(N)ncnc32)C1)Oc1ccccc1)C(=O)OCCC(C)C | UCB=1.196 | mu=0.2841 | std=0.912 | f=0.1524
2025-10-16 21:19:19,711 - INFO - Round 27 done in 86.71s; train size=150
2025-10-16 21:19:19,711 - INFO - 
--- Round 28 | trial=8 | sqrt_beta=1.0000 (beta=1.0000) | rho=0.80 | train size=150 ---
2025-10-16 21:20:47,553 - INFO - [round 28] pick 1/5: CCCc1cc(=O)oc2c(C)c(OCC(=O)N3CCC(C(=O)O)CC3)ccc12 | UCB=1.222 | mu=0.3402 | std=0.8819 | f=0.4598
2025-10-16 21:20:47,666 - INFO - [round 28] pick 2/5: C=CCc1c(C(=O)NCC23CC4CC(CC(C4)C2)C3)nc2ccccc2c1O | UCB=1.207 | mu=0.3528 | std=0.8542 | f=0.343
2025-10-16 21:20:47,779 - INFO - [round 28] pick 3/5: CC1C(OS(=O)(=O)c2ccc3nc(S)sc3c2)CC2C3(C)CCC2(C(C)C(=O)O)C(O)C13 | UCB=1.2 | mu=0.2805 | std=0.9194 | f=0.3807
2025-10-16 21:20:47,894 - INFO - [round 28] pick 4/5: CN(C)C(=O)C1CCCN1C(=O)c1cc(Nc2ncc3cnn(C4CC5CC5C4)c3n2)cn1C | UCB=1.199 | mu=0.2732 | std=0.9263 | f=0.1502
2025-10-16 21:20:48,011 - INFO - [round 28] pick 5/5: CCCS(=O)(=O)C1=C(C(=O)O)N2C(=O)C(NC(=O)C(=NOCCBr)c3csc(N)n3)CN2C1 | UCB=1.193 | mu=0.2594 | std=0.9339 | f=0.1464
2025-10-16 21:20:48,129 - INFO - Round 28 done in 88.42s; train size=155
2025-10-16 21:20:48,129 - INFO - 
--- Round 29 | trial=8 | sqrt_beta=1.0000 (beta=1.0000) | rho=0.80 | train size=155 ---
2025-10-16 21:22:20,799 - INFO - [round 29] pick 1/5: CCCNc1cc(C(=O)NC2CC3CCC(C2)N3c2ccc(C(=O)C3CC3)cn2)c(C)cc1C(N)=O | UCB=1.216 | mu=0.3264 | std=0.8896 | f=0.441
2025-10-16 21:22:20,918 - INFO - [round 29] pick 2/5: CCOC(=O)C1CCCN(C(=O)Cn2ncc3c4ccccc4nc-3c2O)C1 | UCB=1.213 | mu=0.3438 | std=0.8692 | f=0.1559
2025-10-16 21:22:21,040 - INFO - [round 29] pick 3/5: C=CC1CN2CCC1CC2C(O)c1cc(CCC(C)C2CCC3C4CCC5CC(O)CCC5(C)C4CC(O)C23C)nc2ccc(OC)cc12 | UCB=1.198 | mu=0.2805 | std=0.9173 | f=0.3592
2025-10-16 21:22:21,166 - INFO - [round 29] pick 4/5: CCCCOC(=O)C1(O)CC(O)C(OC(=O)C=Cc2ccc(O)c(OC)c2)C(O)C1 | UCB=1.199 | mu=0.2807 | std=0.9182 | f=0.1467
2025-10-16 21:22:21,292 - INFO - [round 29] pick 5/5: CCn1c(N)c(C(=O)NC)c(=O)c2ccc(C#CC(O)C3CC3)nc21 | UCB=1.205 | mu=0.2983 | std=0.907 | f=0.3733
2025-10-16 21:22:21,420 - INFO - Round 29 done in 93.29s; train size=160
2025-10-16 21:22:21,420 - INFO - 
--- Round 30 | trial=8 | sqrt_beta=1.0000 (beta=1.0000) | rho=0.80 | train size=160 ---
2025-10-16 21:23:58,850 - INFO - [round 30] pick 1/5: CC(C)Cc1cc2oc(N3CCC(C(=O)NC4CCCC(CO)C4)CC3)nc2cc1Cl | UCB=1.215 | mu=0.3212 | std=0.8934 | f=0.4216
2025-10-16 21:23:58,978 - INFO - [round 30] pick 2/5: CC(C)(C)OC(=O)NCCCNC(=O)C1C(O)CCC2CN3CCc4c([nH]c5ccccc45)C3CC21 | UCB=1.212 | mu=0.3176 | std=0.8939 | f=0.4394
2025-10-16 21:23:59,107 - INFO - [round 30] pick 3/5: CCCCc1nc2c(N)nc3cc(C(=O)OC)ccc3c2n1CC(C)O | UCB=1.201 | mu=0.3217 | std=0.8795 | f=0.1306
2025-10-16 21:23:59,238 - INFO - [round 30] pick 4/5: Cc1c(Oc2ccc(S(C)(=O)=O)cc2F)ncnc1N1C2CC3CC1CC(C2)N3C(=O)OC(C)C | UCB=1.199 | mu=0.2827 | std=0.916 | f=0.378
2025-10-16 21:23:59,370 - INFO - [round 30] pick 5/5: CCC1(C)CC(OC(=O)COC2CCN(C(=O)CCn3cnc4c(N5CCC(N)C5)ncnc43)CC2)C2(C)C(C)CCC3(CCC(=O)C32)C(C)C1O | UCB=1.195 | mu=0.2671 | std=0.9276 | f=0.377
2025-10-16 21:23:59,504 - INFO - Round 30 done in 98.08s; train size=165
2025-10-16 21:23:59,505 - INFO - 
--- Round 31 | trial=8 | sqrt_beta=1.0000 (beta=1.0000) | rho=0.80 | train size=165 ---
2025-10-16 21:25:37,609 - INFO - [round 31] pick 1/5: CCC(=O)N1CCc2c(nc(C)n2C2CC3CCC(C2)N3CCC(NC(C)=O)c2cccc(F)c2)C1 | UCB=1.225 | mu=0.326 | std=0.8993 | f=0.4394
2025-10-16 21:25:37,745 - INFO - [round 31] pick 2/5: CCOc1cc(Cl)ccc1-c1onc(C(=O)NC2CCCC(O)C2)c1C | UCB=1.219 | mu=0.3291 | std=0.8897 | f=0.4132
2025-10-16 21:25:37,884 - INFO - [round 31] pick 3/5: C=CC1CC1(NC(=O)C1CC(Oc2nccc3c(C)cccc23)CN1C(=O)C(NC(=O)OC(C)(C)C)C(C)(C)C)C(=O)NS(=O)(=O)C1CC1 | UCB=1.209 | mu=0.2837 | std=0.9257 | f=0.4082
2025-10-16 21:25:38,024 - INFO - [round 31] pick 4/5: CC12CCC3C(CCC4NC(=O)CCC43C)C1CCC(n1cnc3c(NCCO)nc(Cl)nc31)O2 | UCB=1.199 | mu=0.2977 | std=0.9018 | f=0.343
2025-10-16 21:25:38,166 - INFO - [round 31] pick 5/5: CC(CCCCCCC(C)C(=O)Oc1ccc2c(c1)C13CCCCC1C(C2)N(CC1CCC1)CC3)C(=O)O | UCB=1.208 | mu=0.2956 | std=0.9122 | f=0.1781
2025-10-16 21:25:38,309 - INFO - Round 31 done in 98.80s; train size=170
2025-10-16 21:25:38,309 - INFO - 
--- Round 32 | trial=8 | sqrt_beta=1.0000 (beta=1.0000) | rho=0.80 | train size=170 ---
2025-10-16 21:27:18,694 - INFO - [round 32] pick 1/5: Cc1ccc(F)cc1Nc1nc2ccc(CC(=O)N3C(C)CCC3COC3CCC(C(=O)O)CC3)c(F)c2o1 | UCB=1.229 | mu=0.3237 | std=0.9053 | f=0.154
2025-10-16 21:27:18,839 - INFO - [round 32] pick 2/5: CCCC1COCCN1c1nc2c(C(=O)NC3CC4CCCC(C3)N4C)cccc2o1 | UCB=1.227 | mu=0.3405 | std=0.8861 | f=0.4082
2025-10-16 21:27:18,986 - INFO - [round 32] pick 3/5: CC(=O)OC1CC2CC(NC(=O)OC(C)(C)C)CCC2(C)C2CC(OC(C)=O)C3(C)C(C(C)CCCNCCNc4ccnc5cc(Cl)ccc45)CCC3C12 | UCB=1.22 | mu=0.3219 | std=0.8979 | f=0.4008
2025-10-16 21:27:19,135 - INFO - [round 32] pick 4/5: Cc1cccc2cc(C#N)c(N3CCC(O)CC3)nc12 | UCB=1.21 | mu=0.3101 | std=0.9001 | f=0.2911
2025-10-16 21:27:19,289 - INFO - [round 32] pick 5/5: CCC1(O)C(=O)OCc2c1cc1n(c2=O)Cc2c-1nc1ccccc1c2C=NCCCN(CCCCNC(=O)OC(C)(C)C)C(=O)OC(C)(C)C | UCB=1.199 | mu=0.2948 | std=0.9039 | f=0.1187
2025-10-16 21:27:19,569 - INFO - Round 32 done in 101.26s; train size=175
2025-10-16 21:27:19,569 - INFO - 
--- Round 33 | trial=8 | sqrt_beta=1.0000 (beta=1.0000) | rho=0.80 | train size=175 ---
2025-10-16 21:29:07,672 - INFO - [round 33] pick 1/5: CCC(NC(=O)C1CC(S(=O)(=O)c2ccc(F)cc2C(F)(F)F)CN1c1cc(C)nn1C1CCC1)C(=O)C(=O)NC1CC1 | UCB=1.222 | mu=0.3176 | std=0.9044 | f=0.4371
2025-10-16 21:29:07,828 - INFO - [round 33] pick 2/5: CONC(=O)N(Cc1ccsc1)C1CCN(C(C)CCNC(=O)c2c(C)cc(Cl)nc2Cl)CC1 | UCB=1.214 | mu=0.3176 | std=0.8969 | f=0.4211
2025-10-16 21:29:07,985 - INFO - [round 33] pick 3/5: CCCc1cccc(C=CC2C3CCCCC3CC3C(=O)OC(C)C32)n1 | UCB=1.207 | mu=0.2859 | std=0.9212 | f=0.1632
2025-10-16 21:29:08,270 - INFO - [round 33] pick 4/5: O=C(NC1CCCNC1)c1ccnc2nc(C3CC4CCC3C4)[nH]c12 | UCB=1.208 | mu=0.2949 | std=0.9133 | f=0.3644
2025-10-16 21:29:08,431 - INFO - [round 33] pick 5/5: CC1(C)CN(C(=O)N2Cc3c(C(=O)OC(C)(C)C)ncn3-c3ccc(Cl)cc32)CC(C)(C)N1 | UCB=1.197 | mu=0.2732 | std=0.9241 | f=0.3097
2025-10-16 21:29:08,593 - INFO - Round 33 done in 109.02s; train size=180
2025-10-16 21:29:08,593 - INFO - 
--- Round 34 | trial=8 | sqrt_beta=1.0000 (beta=1.0000) | rho=0.80 | train size=180 ---
2025-10-16 21:30:59,962 - INFO - [round 34] pick 1/5: CCC(NS(=O)(=O)C(F)(F)F)C1CCC(N2CC(NC(=O)CNc3ncnc4ccc(C(F)(F)F)cc34)C2)CC1 | UCB=1.224 | mu=0.3137 | std=0.9102 | f=0.3731
2025-10-16 21:31:00,127 - INFO - [round 34] pick 2/5: CCN1CCN(c2cc3[nH]c(C(=O)C4(C)CCC(NC(=O)OC)CC4)nc3cc2Cl)CC1 | UCB=1.22 | mu=0.3284 | std=0.8918 | f=0.3978
2025-10-16 21:31:00,297 - INFO - [round 34] pick 3/5: CCNC(=O)C1CC(n2cnc3c(NC(CC)Cc4sccc4Cl)ccnc32)C(O)C1O | UCB=1.213 | mu=0.3108 | std=0.9022 | f=0.1386
2025-10-16 21:31:00,466 - INFO - [round 34] pick 4/5: Cc1ccc(S(=O)(=O)Nc2c(C(=O)NC(C)C(C)(C)C)c(C)nn2C2CCC2)cc1 | UCB=1.217 | mu=0.3207 | std=0.8962 | f=0.3794
2025-10-16 21:31:00,637 - INFO - [round 34] pick 5/5: O=C(O)C1CCN(Cc2nc3ccccc3n2C2CC3CCCC(C2)N3C2CC3CCCC(C3)C2)CC1 | UCB=1.203 | mu=0.3105 | std=0.8928 | f=0.3634
2025-10-16 21:31:00,808 - INFO - Round 34 done in 112.22s; train size=185
2025-10-16 21:31:00,809 - INFO - 
--- Round 35 | trial=8 | sqrt_beta=1.0000 (beta=1.0000) | rho=0.80 | train size=185 ---
2025-10-16 21:32:50,776 - INFO - [round 35] pick 1/5: CC(C)(C)C(NC(=O)C(CC1CCCC1)CN(O)C=O)C(=O)N1CCC(NCc2nc3ccccc3[nH]2)CC1 | UCB=1.226 | mu=0.3404 | std=0.8858 | f=0.4634
2025-10-16 21:32:50,950 - INFO - [round 35] pick 2/5: CCCS(=O)(=O)N1C2CCC1CC(Oc1ncnc(Oc3cccnc3C)c1C)C2 | UCB=1.218 | mu=0.3138 | std=0.9037 | f=0.3944
2025-10-16 21:32:51,126 - INFO - [round 35] pick 3/5: CN1CC(NC(=O)c2ccc(N3CC(F)(F)C3)c(OCC3CC3)n2)CC1=O | UCB=1.223 | mu=0.3168 | std=0.9058 | f=0.1385
2025-10-16 21:32:51,304 - INFO - [round 35] pick 4/5: C=CC(=O)NC1CCCC(n2c(NC(=O)c3cccc(C(F)(F)F)c3)nc3cc(C)ccc32)C1 | UCB=1.224 | mu=0.332 | std=0.8925 | f=0.1323
2025-10-16 21:32:51,483 - INFO - [round 35] pick 5/5: CC1=CCCC2(C)C(CCC2C(C)CCCC(C)C)c2ccc(cc2CO)CC(O)CC1 | UCB=1.204 | mu=0.2861 | std=0.9182 | f=0.143
2025-10-16 21:32:51,665 - INFO - Round 35 done in 110.86s; train size=190
2025-10-16 21:32:51,665 - INFO - 
--- Round 36 | trial=8 | sqrt_beta=1.0000 (beta=1.0000) | rho=0.80 | train size=190 ---
2025-10-16 21:34:46,101 - INFO - [round 36] pick 1/5: CCC1C(=O)N(C)c2cnc(Oc3ccc(C(=O)NC4CCN(C)CC4)cc3OC)nc2N1C1CCCC1 | UCB=1.223 | mu=0.3431 | std=0.8799 | f=0.4122
2025-10-16 21:34:46,286 - INFO - [round 36] pick 2/5: Cc1c(Cl)nc(NC(=O)OC(C)(C)C)c(=O)n1C(C(=O)NC(CC1CC1)C(=O)NS(=O)(=O)C1CC1)c1ccccc1 | UCB=1.218 | mu=0.3325 | std=0.8857 | f=0.4187
2025-10-16 21:34:46,474 - INFO - [round 36] pick 3/5: CS(=O)(=O)CC(O)=NC1CCC(CCN2CCC(c3noc4cc(Cl)ccc34)CC2)CC1 | UCB=1.217 | mu=0.3155 | std=0.9014 | f=0.3753
2025-10-16 21:34:46,662 - INFO - [round 36] pick 4/5: CCCc1nc(C2CC2)[nH]c1CNC1CC2CC(C1C)C2(C)C | UCB=1.193 | mu=0.2627 | std=0.9305 | f=0.1489
2025-10-16 21:34:46,852 - INFO - [round 36] pick 5/5: Cc1cc(C)cc(C(=O)NC(C)C(=O)N2CCC3(CC2)NCCc2[nH]cnc23)c1 | UCB=1.196 | mu=0.2758 | std=0.9203 | f=0.3878
2025-10-16 21:34:47,044 - INFO - Round 36 done in 115.38s; train size=195
2025-10-16 21:34:47,044 - INFO - 
--- Round 37 | trial=8 | sqrt_beta=1.0000 (beta=1.0000) | rho=0.80 | train size=195 ---
2025-10-16 21:36:44,378 - INFO - [round 37] pick 1/5: CCOC(=O)N1CCC(NC(=O)c2cnn(-c3ccc(C)cc3C)c2C2CCN(C(=O)OC(C)(C)C)CC2)CC1 | UCB=1.227 | mu=0.3641 | std=0.8628 | f=0.4354
2025-10-16 21:36:44,571 - INFO - [round 37] pick 2/5: Cc1[nH]c2ccccc2c1CC(NC(=O)C(NC(=O)N1C(C)CCCC1C)C1CC1)C(=O)NC(Cc1c[nH]cn1)C(=O)O | UCB=1.219 | mu=0.313 | std=0.9059 | f=0.1681
2025-10-16 21:36:44,767 - INFO - [round 37] pick 3/5: O=C(NS(=O)(=O)N1CCC1)c1cc(C2CC2)c(OC2CC3CCC2C3)cc1F | UCB=1.221 | mu=0.3204 | std=0.9003 | f=0.149
2025-10-16 21:36:44,965 - INFO - [round 37] pick 4/5: CS(=O)(=O)c1ccc(-c2noc(C(CCO)C(N)C(=O)N3CCC(F)C3)n2)c(Cl)c1 | UCB=1.21 | mu=0.3106 | std=0.8996 | f=0.3766
2025-10-16 21:36:45,184 - INFO - [round 37] pick 5/5: CCCOC(=O)NC1CCCCCC=CC2CC2(C(=O)NS(=O)(=O)C2CC2)NC(=O)C2CC(Oc3cc(OCC)nc4c(C)c(OC)ccc34)CN2C1=O | UCB=1.22 | mu=0.3173 | std=0.9029 | f=0.4326
2025-10-16 21:36:45,396 - INFO - Round 37 done in 118.35s; train size=200
2025-10-16 21:36:45,396 - INFO - 
--- Round 38 | trial=8 | sqrt_beta=1.0000 (beta=1.0000) | rho=0.80 | train size=200 ---
2025-10-16 21:38:45,403 - INFO - [round 38] pick 1/5: CC(C)(C)OC(=O)N1CCC(OC2CCC(Oc3ccc(S(C)(=O)=O)cn3)CC2)CC1 | UCB=1.224 | mu=0.342 | std=0.8821 | f=0.1406
2025-10-16 21:38:45,607 - INFO - [round 38] pick 2/5: CN1CCc2nc(C(=O)NC3CC(C(=O)N(C)CCO)CCC3NC(=O)c3cc4cc(Cl)ccc4[nH]3)sc2C1 | UCB=1.216 | mu=0.3377 | std=0.8781 | f=0.154
2025-10-16 21:38:45,815 - INFO - [round 38] pick 3/5: CCC(C)n1c(=N)c(C(=O)NC2CCCC2)cc2c(=O)n3ccccc3nc21 | UCB=1.213 | mu=0.3574 | std=0.8558 | f=0.1566
2025-10-16 21:38:46,023 - INFO - [round 38] pick 4/5: CCCC(NC(=O)C1C2CCCC2CN1C(=O)C(NC(=O)C(NC(=O)c1cnccn1)C(C)C)C(C)(C)C)C(=O)C(=O)NC1CC1 | UCB=1.206 | mu=0.2963 | std=0.9093 | f=0.1834
2025-10-16 21:38:46,234 - INFO - [round 38] pick 5/5: CCCSCC1CN(Cc2c[nH]c3c(=O)[nH]cnc23)CC1O | UCB=1.173 | mu=0.2345 | std=0.939 | f=0.3278
2025-10-16 21:38:46,448 - INFO - Round 38 done in 121.05s; train size=205
2025-10-16 21:38:46,448 - INFO - 
--- Round 39 | trial=8 | sqrt_beta=1.0000 (beta=1.0000) | rho=0.80 | train size=205 ---
2025-10-16 21:40:46,222 - INFO - [round 39] pick 1/5: CCOC(=O)N1CCC(NC(=O)C2CCN(Cc3nc(-c4ccc(CC)cc4)oc3C)CC2)CC1 | UCB=1.223 | mu=0.3778 | std=0.8455 | f=0.4519
2025-10-16 21:40:46,438 - INFO - [round 39] pick 2/5: CC(C)C=CCC1CN(C2CCCC2)C(O)C(C2=NS(=O)(=O)c3cc(NS(C)(=O)=O)ccc3N2)=C1O | UCB=1.201 | mu=0.2897 | std=0.9111 | f=0.1563
2025-10-16 21:40:46,656 - INFO - [round 39] pick 3/5: O=C(O)CC(CO)NC(=O)c1ccc2c(c1)C(=O)N(CCC1CCNCC1)C2 | UCB=1.202 | mu=0.2978 | std=0.9043 | f=0.1566
2025-10-16 21:40:46,875 - INFO - [round 39] pick 4/5: Cc1c(Nc2ccc(C#N)cc2Cl)ncnc1OC1CC2COCC(C1)N2S(=O)(=O)C1CC1 | UCB=1.202 | mu=0.3071 | std=0.8949 | f=0.3401
2025-10-16 21:40:47,097 - INFO - [round 39] pick 5/5: CSCCC(NC(=O)C12CCC(C)C(C)C1C1=CCC3C4(C)Cc5nc6ccccc6nc5C(C)(C)C4CCC3(C)C1(C)CC2)C(=O)O | UCB=1.194 | mu=0.2759 | std=0.9184 | f=0.3906
2025-10-16 21:40:47,321 - INFO - Round 39 done in 120.87s; train size=210
