2025-10-07 16:13:05,964 - INFO - 
--- Round 0 | trial=1 | sqrt_beta=3.1623 (beta=10.0000) | rho=0.65 | train size=10 ---
2025-10-07 16:13:17,759 - INFO - [round 0] pick 1/5: N=C(N)Nc1nnc(-c2ccco2)s1 | UCB=3.217 | mu=0.1329 | std=0.9752 | f=0.6492
2025-10-07 16:13:17,760 - INFO - [round 0] pick 2/5: Nc1nc2[nH]c(N)nc2c(=O)[nH]1 | UCB=3.214 | mu=0.08091 | std=0.9907 | f=0.5886
2025-10-07 16:13:17,761 - INFO - [round 0] pick 3/5: S=C(S)N1CCNCC1 | UCB=3.189 | mu=0.04635 | std=0.9939 | f=7.009e-05
2025-10-07 16:13:17,762 - INFO - [round 0] pick 4/5: O=S1(=O)OCCOS(=O)(=O)C1(F)Br | UCB=3.181 | mu=0.02572 | std=0.9977 | f=0.4496
2025-10-07 16:13:17,764 - INFO - [round 0] pick 5/5: c1nc[nH]n1 | UCB=3.189 | mu=0.03245 | std=0.9982 | f=0.006782
2025-10-07 16:13:17,765 - INFO - Round 0 done in 11.80s; train size=15
2025-10-07 16:13:17,765 - INFO - 
--- Round 1 | trial=1 | sqrt_beta=3.1623 (beta=10.0000) | rho=0.65 | train size=15 ---
2025-10-07 16:13:32,037 - INFO - [round 1] pick 1/5: Nc1nc(N)c2nc(-c3ccco3)c(N)nc2n1 | UCB=3.285 | mu=0.2739 | std=0.9523 | f=0.6831
2025-10-07 16:13:32,039 - INFO - [round 1] pick 2/5: CS(=O)(=O)c1nnc(NS(N)(=O)=O)s1 | UCB=3.278 | mu=0.1737 | std=0.9817 | f=0.6223
2025-10-07 16:13:32,040 - INFO - [round 1] pick 3/5: Nc1nc2c(c(=O)[nH]1)NC1C(N2)OC2COP(=O)(O)OC2C1(O)O | UCB=3.257 | mu=0.1566 | std=0.9804 | f=0.6479
2025-10-07 16:13:32,042 - INFO - [round 1] pick 4/5: Nc1onc2c1CCC2 | UCB=3.258 | mu=0.1402 | std=0.9858 | f=0.03372
2025-10-07 16:13:32,043 - INFO - [round 1] pick 5/5: N=C(N)N[N+](=O)[O-] | UCB=3.234 | mu=0.09825 | std=0.9917 | f=0.4547
2025-10-07 16:13:32,045 - INFO - Round 1 done in 14.28s; train size=20
2025-10-07 16:13:32,045 - INFO - 
--- Round 2 | trial=1 | sqrt_beta=3.1623 (beta=10.0000) | rho=0.65 | train size=20 ---
2025-10-07 16:13:48,527 - INFO - [round 2] pick 1/5: NC(=O)c1nnc(N)nc1N | UCB=3.35 | mu=0.3223 | std=0.9576 | f=0.6066
2025-10-07 16:13:48,529 - INFO - [round 2] pick 2/5: CS(=O)(=O)n1nc(-c2ccco2)nc1N | UCB=3.333 | mu=0.4124 | std=0.9236 | f=0.6967
2025-10-07 16:13:48,531 - INFO - [round 2] pick 3/5: Nc1nc2c(ncn2C2OC(COP(=O)(O)OP(=O)(O)OP(=O)(O)O)C(O)C23CCO3)c(=O)[nH]1 | UCB=3.311 | mu=0.2504 | std=0.9677 | f=0.6836
2025-10-07 16:13:48,533 - INFO - [round 2] pick 4/5: NC(=O)NC1NC(=O)NC1=O | UCB=3.32 | mu=0.2321 | std=0.9764 | f=0.5646
2025-10-07 16:13:48,536 - INFO - [round 2] pick 5/5: NNc1nnc(-c2nnc(NN)o2)o1 | UCB=3.321 | mu=0.2216 | std=0.98 | f=0.5806
2025-10-07 16:13:48,538 - INFO - Round 2 done in 16.49s; train size=25
2025-10-07 16:13:48,538 - INFO - 
--- Round 3 | trial=1 | sqrt_beta=3.1623 (beta=10.0000) | rho=0.65 | train size=25 ---
2025-10-07 16:14:07,848 - INFO - [round 3] pick 1/5: NC(=O)CCC(NC(=O)c1nn(C2OC(CO)C(O)C2O)c2nc(N)[nH]c(=O)c12)C(N)=O | UCB=3.392 | mu=0.3735 | std=0.9545 | f=0.6746
2025-10-07 16:14:07,851 - INFO - [round 3] pick 2/5: Nc1nnc(Sc2ncccc2[N+](=O)[O-])s1 | UCB=3.369 | mu=0.3397 | std=0.9578 | f=0.6457
2025-10-07 16:14:07,854 - INFO - [round 3] pick 3/5: NS(=O)(=O)c1ncn2c(=O)n(CCCl)nnc12 | UCB=3.37 | mu=0.3125 | std=0.967 | f=0.6216
2025-10-07 16:14:07,857 - INFO - [round 3] pick 4/5: CC1(C)OC(C(N)=O)=C(C(N)=O)O1 | UCB=3.348 | mu=0.2815 | std=0.9698 | f=0.6017
2025-10-07 16:14:07,861 - INFO - [round 3] pick 5/5: Nc1cc(=O)c2n[nH][nH]c-2n1 | UCB=3.371 | mu=0.343 | std=0.9576 | f=0.5909
2025-10-07 16:14:07,864 - INFO - Round 3 done in 19.33s; train size=30
2025-10-07 16:14:07,864 - INFO - 
--- Round 4 | trial=1 | sqrt_beta=3.1623 (beta=10.0000) | rho=0.65 | train size=30 ---
2025-10-07 16:14:28,893 - INFO - [round 4] pick 1/5: Nc1nc2nc(C(=O)NCc3c[nH]nn3)cnc2c(=O)[nH]1 | UCB=3.426 | mu=0.4721 | std=0.9341 | f=0.6634
2025-10-07 16:14:28,897 - INFO - [round 4] pick 2/5: Nc1nc(I)nc2c1ncn2C1OC(COS(N)(=O)=O)C(O)C1O | UCB=3.417 | mu=0.4463 | std=0.9394 | f=0.6825
2025-10-07 16:14:28,902 - INFO - [round 4] pick 3/5: Cc1nnc(Sc2c(N)n(C)c(=O)n(C)c2=O)s1 | UCB=3.412 | mu=0.3982 | std=0.953 | f=0.6545
2025-10-07 16:14:28,907 - INFO - [round 4] pick 4/5: NC(=S)NN=CCn1cc([N+](=O)[O-])c(=O)[nH]c1=O | UCB=3.405 | mu=0.3698 | std=0.9599 | f=0.6082
2025-10-07 16:14:28,913 - INFO - [round 4] pick 5/5: NNc1nnc(S)n1N | UCB=3.38 | mu=0.34 | std=0.9613 | f=0.4813
2025-10-07 16:14:28,919 - INFO - Round 4 done in 21.05s; train size=35
2025-10-07 16:14:28,919 - INFO - 
--- Round 5 | trial=1 | sqrt_beta=3.1623 (beta=10.0000) | rho=0.65 | train size=35 ---
2025-10-07 16:14:52,476 - INFO - [round 5] pick 1/5: CCn1cnc2c(NC(=N)N)nc(N)nc21 | UCB=3.442 | mu=0.4753 | std=0.9383 | f=0.6346
2025-10-07 16:14:52,481 - INFO - [round 5] pick 2/5: CC(=O)C1=Nc2c(nc(N)[nH]c2=O)NC1(C)C | UCB=3.437 | mu=0.5182 | std=0.9229 | f=0.6438
2025-10-07 16:14:52,486 - INFO - [round 5] pick 3/5: NS(=O)(=O)c1nnc(N=C(CCC(=O)O)C(=O)O)s1 | UCB=3.416 | mu=0.4261 | std=0.9456 | f=0.606
2025-10-07 16:14:52,492 - INFO - [round 5] pick 4/5: NC1=NS(=O)(=O)c2sc(Cl)cc2N1 | UCB=3.425 | mu=0.3836 | std=0.9618 | f=0.4539
2025-10-07 16:14:52,498 - INFO - [round 5] pick 5/5: NCc1cn(C2CC(O)C(CN)O2)c(=O)[nH]c1=O | UCB=3.407 | mu=0.4023 | std=0.9501 | f=0.6287
2025-10-07 16:14:52,504 - INFO - Round 5 done in 23.58s; train size=40
2025-10-07 16:14:52,504 - INFO - 
--- Round 6 | trial=1 | sqrt_beta=3.1623 (beta=10.0000) | rho=0.65 | train size=40 ---
2025-10-07 16:15:18,002 - INFO - [round 6] pick 1/5: NC(N)=NC(=O)c1ncc(NCC(=O)O)nc1N | UCB=3.447 | mu=0.4969 | std=0.933 | f=0.6501
2025-10-07 16:15:18,009 - INFO - [round 6] pick 2/5: C=CCn1c(=O)n(C2OC(CO)C3OC(=O)OC32)c2nc(N)nc(O)c21 | UCB=3.435 | mu=0.4376 | std=0.948 | f=0.7047
2025-10-07 16:15:18,015 - INFO - [round 6] pick 3/5: O=c1[nH]c2nccnc2c(=O)n1O | UCB=3.436 | mu=0.4336 | std=0.9495 | f=0.6337
2025-10-07 16:15:18,022 - INFO - [round 6] pick 4/5: NC(=S)Nc1c(S(N)(=O)=O)cc(S(N)(=O)=O)c(Cl)c1Cl | UCB=3.419 | mu=0.4103 | std=0.9515 | f=0.606
2025-10-07 16:15:18,029 - INFO - [round 6] pick 5/5: Cc1nc(-c2nnc(N)s2)n(C)c1[N+](=O)[O-] | UCB=3.425 | mu=0.5107 | std=0.9216 | f=0.6563
2025-10-07 16:15:18,037 - INFO - Round 6 done in 25.53s; train size=45
2025-10-07 16:15:18,037 - INFO - 
--- Round 7 | trial=1 | sqrt_beta=3.1623 (beta=10.0000) | rho=0.65 | train size=45 ---
2025-10-07 16:15:46,157 - INFO - [round 7] pick 1/5: Nc1c(NCCCP(=O)(O)O)c(=O)c1=O | UCB=3.461 | mu=0.4317 | std=0.9579 | f=0.6187
2025-10-07 16:15:46,165 - INFO - [round 7] pick 2/5: C#CC1(O)C(O)C(CO)OC1n1cc(C(N)=O)c2c(N)ncnc21 | UCB=3.457 | mu=0.4977 | std=0.9357 | f=0.6982
2025-10-07 16:15:46,173 - INFO - [round 7] pick 3/5: Nc1n[nH]c(SCC(=O)Nc2c(Br)cc([N+](=O)[O-])cc2Br)n1 | UCB=3.456 | mu=0.4727 | std=0.9435 | f=0.5273
2025-10-07 16:15:46,181 - INFO - [round 7] pick 4/5: NC(=O)C(=CN1C(=O)CC(=O)NC1=S)C(N)=O | UCB=3.437 | mu=0.4499 | std=0.9446 | f=0.6239
2025-10-07 16:15:46,190 - INFO - [round 7] pick 5/5: Cn1nnnc1Sc1ccncc1S(N)(=O)=O | UCB=3.423 | mu=0.4545 | std=0.9388 | f=0.6884
2025-10-07 16:15:46,199 - INFO - Round 7 done in 28.16s; train size=50
2025-10-07 16:15:46,199 - INFO - 
--- Round 8 | trial=1 | sqrt_beta=3.1623 (beta=10.0000) | rho=0.65 | train size=50 ---
2025-10-07 16:16:16,496 - INFO - [round 8] pick 1/5: CCCSc1nc(N)c(NC(=O)c2ccco2)c(=O)[nH]1 | UCB=3.461 | mu=0.5621 | std=0.9168 | f=0.6894
2025-10-07 16:16:16,506 - INFO - [round 8] pick 2/5: Nc1nc(O)c(N=O)c(O)n1 | UCB=3.455 | mu=0.4899 | std=0.9375 | f=0.6066
2025-10-07 16:16:16,516 - INFO - [round 8] pick 3/5: NS(=O)(=O)c1[nH]cnc1[N+](=O)[O-] | UCB=3.438 | mu=0.4914 | std=0.9318 | f=0.5771
2025-10-07 16:16:16,526 - INFO - [round 8] pick 4/5: N=C(N)NNC(=O)CCn1[nH]c(=O)c(Cl)c(Cl)c1=O | UCB=3.455 | mu=0.4838 | std=0.9395 | f=0.606
2025-10-07 16:16:16,537 - INFO - [round 8] pick 5/5: Nc1ncnc2c1nnn2C1C=CC(CP(=O)(O)O)C1 | UCB=3.439 | mu=0.4582 | std=0.9427 | f=0.6681
2025-10-07 16:16:16,548 - INFO - Round 8 done in 30.35s; train size=55
2025-10-07 16:16:16,548 - INFO - 
--- Round 9 | trial=1 | sqrt_beta=3.1623 (beta=10.0000) | rho=0.65 | train size=55 ---
2025-10-07 16:16:50,545 - INFO - [round 9] pick 1/5: CSc1nc2ncc(C(=O)O)c(N)n2n1 | UCB=3.47 | mu=0.5171 | std=0.9336 | f=0.6488
2025-10-07 16:16:50,556 - INFO - [round 9] pick 2/5: N#CCc1c(N)nc(N)n(CCOCP(=O)(O)O)c1=O | UCB=3.462 | mu=0.4785 | std=0.9435 | f=0.6718
2025-10-07 16:16:50,568 - INFO - [round 9] pick 3/5: CN1C(=O)NC(=O)C(=CNc2ncccn2)C1=O | UCB=3.455 | mu=0.4747 | std=0.9424 | f=0.726
2025-10-07 16:16:50,580 - INFO - [round 9] pick 4/5: N=C(N)NC(=O)c1nc(Cl)c(NCc2nnn[nH]2)nc1N | UCB=3.46 | mu=0.5239 | std=0.9283 | f=0.6187
2025-10-07 16:16:50,593 - INFO - [round 9] pick 5/5: NC(=O)CN1C(=O)C2C3C=CC(C3)C2C1=O | UCB=3.437 | mu=0.4307 | std=0.9508 | f=0.394
2025-10-07 16:16:50,605 - INFO - Round 9 done in 34.06s; train size=60
2025-10-07 16:16:50,606 - INFO - 
--- Round 10 | trial=1 | sqrt_beta=3.1623 (beta=10.0000) | rho=0.65 | train size=60 ---
2025-10-07 16:17:27,029 - INFO - [round 10] pick 1/5: CCCc1nn(C)c2c(=O)[nH]c(-c3nccnc3N)nc12 | UCB=3.479 | mu=0.5559 | std=0.9245 | f=0.6898
2025-10-07 16:17:27,042 - INFO - [round 10] pick 2/5: NNC(=O)c1cnc(N)s1 | UCB=3.459 | mu=0.4887 | std=0.9393 | f=0.5826
2025-10-07 16:17:27,056 - INFO - [round 10] pick 3/5: Cc1cn(Cc2cn(CC(O)C(O)P(=O)(O)O)nn2)c(=O)[nH]c1=O | UCB=3.462 | mu=0.4863 | std=0.941 | f=0.6673
2025-10-07 16:17:27,070 - INFO - [round 10] pick 4/5: Nc1nc(C(F)(F)F)c(Br)c(=O)n1N | UCB=3.463 | mu=0.4678 | std=0.9471 | f=0.4624
2025-10-07 16:17:27,085 - INFO - [round 10] pick 5/5: Nc1ncnc2c1ncn2C1OC(CNS(=O)(=O)NC(=O)CCCCC2SCC3NC(=O)NC32)C(O)C1F | UCB=3.452 | mu=0.4861 | std=0.9379 | f=0.6747
2025-10-07 16:17:27,100 - INFO - Round 10 done in 36.49s; train size=65
2025-10-07 16:17:27,100 - INFO - 
--- Round 11 | trial=1 | sqrt_beta=3.1623 (beta=10.0000) | rho=0.65 | train size=65 ---
2025-10-07 16:18:04,904 - INFO - [round 11] pick 1/5: Cc1c(C(=O)O)nnn1-c1nonc1N | UCB=3.477 | mu=0.5468 | std=0.9266 | f=0.6046
2025-10-07 16:18:04,921 - INFO - [round 11] pick 2/5: NCCNCP1(=O)OCC(OCn2cnc3c(=O)[nH]c(N)nc32)CO1 | UCB=3.476 | mu=0.5605 | std=0.922 | f=0.6834
2025-10-07 16:18:04,937 - INFO - [round 11] pick 3/5: O=c1[nH]c(CSc2nc3c(Cl)cnn3c(=O)[nH]2)c(Cl)c(=O)[nH]1 | UCB=3.467 | mu=0.4726 | std=0.9468 | f=0.6351
2025-10-07 16:18:04,953 - INFO - [round 11] pick 4/5: CC1(O)CSC(n2ccc(N)nc2=O)C1O | UCB=3.459 | mu=0.4668 | std=0.9462 | f=0.6563
2025-10-07 16:18:04,971 - INFO - [round 11] pick 5/5: N=C(N)Nc1nc(CSCCNC2=NS(=O)(=O)c3cscc32)cs1 | UCB=3.453 | mu=0.4453 | std=0.9512 | f=0.6893
2025-10-07 16:18:04,988 - INFO - Round 11 done in 37.89s; train size=70
2025-10-07 16:18:04,989 - INFO - 
--- Round 12 | trial=1 | sqrt_beta=3.1623 (beta=10.0000) | rho=0.65 | train size=70 ---
2025-10-07 16:18:44,840 - INFO - [round 12] pick 1/5: CCCn1c(N)c(C(=O)CSc2nnc3ccccn23)c(=O)[nH]c1=O | UCB=3.484 | mu=0.569 | std=0.9218 | f=0.7215
2025-10-07 16:18:44,859 - INFO - [round 12] pick 2/5: C=CCNc1nc2c(N)ncnc2s1 | UCB=3.481 | mu=0.5306 | std=0.933 | f=0.3324
2025-10-07 16:18:44,878 - INFO - [round 12] pick 3/5: CSc1nc(NC2OCC(O)C(O)C2O)c(N)c(=O)[nH]1 | UCB=3.477 | mu=0.5125 | std=0.9374 | f=0.6524
2025-10-07 16:18:44,897 - INFO - [round 12] pick 4/5: Cn1c(N)c(CNC(=N)N)c[n+]1CC1=C(C(=O)[O-])N2C(=O)C(NC(=O)C(=NOC(C)(C)C(=O)O)c3nsc(N)n3)C2SC1 | UCB=3.462 | mu=0.4454 | std=0.9538 | f=0.6729
2025-10-07 16:18:44,917 - INFO - [round 12] pick 5/5: O=CC(CO)OC(C=O)n1cnc2c(=O)nc[nH]c21 | UCB=3.461 | mu=0.457 | std=0.95 | f=0.6628
2025-10-07 16:18:44,938 - INFO - Round 12 done in 39.95s; train size=75
2025-10-07 16:18:44,938 - INFO - 
--- Round 13 | trial=1 | sqrt_beta=3.1623 (beta=10.0000) | rho=0.65 | train size=75 ---
2025-10-07 16:19:29,423 - INFO - [round 13] pick 1/5: NC(Cn1nc(Cl)c(=O)[nH]c1=O)C(=O)O | UCB=3.49 | mu=0.5859 | std=0.9182 | f=0.5817
2025-10-07 16:19:29,444 - INFO - [round 13] pick 2/5: Cc1occc1-c1nnc(SCC(=O)NC(=O)NC(C)C)n1N | UCB=3.485 | mu=0.5279 | std=0.9352 | f=0.7233
2025-10-07 16:19:29,466 - INFO - [round 13] pick 3/5: CC1CN(C)C2=NC(N)=NC(=O)C2N1 | UCB=3.474 | mu=0.4758 | std=0.9481 | f=0.4251
2025-10-07 16:19:29,488 - INFO - [round 13] pick 4/5: Nc1nc(C(=NOCCF)C(=O)NC2C(=O)N3C(C(=O)O)=C(Sc4nnc(O)c(O)n4)CCC23)cs1 | UCB=3.478 | mu=0.5188 | std=0.9359 | f=0.7008
2025-10-07 16:19:29,511 - INFO - [round 13] pick 5/5: Cn1ccnc1S(=O)(=O)NCCn1cnc([N+](=O)[O-])n1 | UCB=3.451 | mu=0.4994 | std=0.9335 | f=0.6781
2025-10-07 16:19:29,535 - INFO - Round 13 done in 44.60s; train size=80
2025-10-07 16:19:29,535 - INFO - 
--- Round 14 | trial=1 | sqrt_beta=3.1623 (beta=10.0000) | rho=0.65 | train size=80 ---
2025-10-07 16:20:14,175 - INFO - [round 14] pick 1/5: CN1C(=O)CC(C(=O)NC(Cc2c[nH]cn2)C(=O)N2CSC=C2C(N)=O)NC1=O | UCB=3.49 | mu=0.5138 | std=0.9411 | f=0.6419
2025-10-07 16:20:14,199 - INFO - [round 14] pick 2/5: Cc1nc2nn[nH]n2c(=O)c1CCO | UCB=3.481 | mu=0.5132 | std=0.9386 | f=0.5711
2025-10-07 16:20:14,224 - INFO - [round 14] pick 3/5: CSc1nn(CC(=O)Nc2nc3ccc(S(N)(=O)=O)cc3s2)c(N)c1C#N | UCB=3.479 | mu=0.5591 | std=0.9235 | f=0.7568
2025-10-07 16:20:14,249 - INFO - [round 14] pick 4/5: Nc1nc(Cl)nc2c1ncn2CCC(COP(=O)(O)O)COP(=O)(O)O | UCB=3.47 | mu=0.5524 | std=0.9227 | f=0.6846
2025-10-07 16:20:14,275 - INFO - [round 14] pick 5/5: CC1(Cn2ccnn2)C(C(=O)O)N2C(=O)C(CO)C2S1(=O)=O | UCB=3.477 | mu=0.4852 | std=0.9461 | f=0.6646
2025-10-07 16:20:14,302 - INFO - Round 14 done in 44.77s; train size=85
2025-10-07 16:20:14,302 - INFO - 
--- Round 15 | trial=1 | sqrt_beta=3.1623 (beta=10.0000) | rho=0.65 | train size=85 ---
2025-10-07 16:21:03,213 - INFO - [round 15] pick 1/5: Cc1nc(N)ccc1CNC(=O)Cn1c(C)cnc(N)c1=O | UCB=3.498 | mu=0.6258 | std=0.9084 | f=0.7199
2025-10-07 16:21:03,241 - INFO - [round 15] pick 2/5: Cn1nnnc1SCC1=C(C(=O)O)N2C(=O)C(NC(=O)C[S+](O)CC#N)C2SC1 | UCB=3.498 | mu=0.57 | std=0.926 | f=0.6501
2025-10-07 16:21:03,269 - INFO - [round 15] pick 3/5: CCc1cn2nc(S(N)(=O)=O)sc2n1 | UCB=3.48 | mu=0.5895 | std=0.9142 | f=0.5809
2025-10-07 16:21:03,299 - INFO - [round 15] pick 4/5: O=c1[nH]cnc2c1ncn2C1OC(OCP(=O)(O)O)C=C1F | UCB=3.475 | mu=0.5748 | std=0.9172 | f=0.6874
2025-10-07 16:21:03,329 - INFO - [round 15] pick 5/5: COC12C(COC(N)=O)C3=C(C(=O)C(CSCCO)=C(N)C3=O)N1CC1NC12 | UCB=3.483 | mu=0.4953 | std=0.9447 | f=0.6364
2025-10-07 16:21:03,359 - INFO - Round 15 done in 49.06s; train size=90
2025-10-07 16:21:03,359 - INFO - 
--- Round 16 | trial=1 | sqrt_beta=3.1623 (beta=10.0000) | rho=0.65 | train size=90 ---
2025-10-07 16:21:55,962 - INFO - [round 16] pick 1/5: CNCC(=O)NC(CO)C(=O)NC1C(C(N)=O)OC(n2cc(N)cnc2=O)C(O)C1O | UCB=3.498 | mu=0.5823 | std=0.9222 | f=0.685
2025-10-07 16:21:55,993 - INFO - [round 16] pick 2/5: Cn1nc(-c2cscn2)nc2c(=O)n(C)c(=O)nc1-2 | UCB=3.493 | mu=0.5548 | std=0.9292 | f=0.6806
2025-10-07 16:21:56,024 - INFO - [round 16] pick 3/5: Nc1nnc(SCCN2C(=O)c3ccccc3S2(=O)=O)s1 | UCB=3.492 | mu=0.6168 | std=0.9093 | f=0.7284
2025-10-07 16:21:56,056 - INFO - [round 16] pick 4/5: CCC(C)Nc1nc(N)c([N+](=O)[O-])c(NCCO)n1 | UCB=3.478 | mu=0.5326 | std=0.9314 | f=0.6366
2025-10-07 16:21:56,089 - INFO - [round 16] pick 5/5: CSc1nc2c(nc(C)c(=O)n2C2OCC(OC(C)=O)C(OC(C)=O)C2OC(C)=O)c(=O)[nH]1 | UCB=3.481 | mu=0.5131 | std=0.9384 | f=0.6926
2025-10-07 16:21:56,123 - INFO - Round 16 done in 52.76s; train size=95
2025-10-07 16:21:56,123 - INFO - 
--- Round 17 | trial=1 | sqrt_beta=3.1623 (beta=10.0000) | rho=0.65 | train size=95 ---
2025-10-07 16:22:49,167 - INFO - [round 17] pick 1/5: CC(=O)NCCNC(=O)CCCc1nnc2n(C)c(=O)c3sccc3n12 | UCB=3.503 | mu=0.5505 | std=0.9337 | f=0.7247
2025-10-07 16:22:49,202 - INFO - [round 17] pick 2/5: CN1C(=O)c2cc(C(N)=O)nc3c(N)c(Cl)c(N)c1c23 | UCB=3.499 | mu=0.5795 | std=0.9231 | f=0.6892
2025-10-07 16:22:49,237 - INFO - [round 17] pick 3/5: CSc1nc(N)nc2c1ncn2C=C1CC1(CO)CO | UCB=3.488 | mu=0.5686 | std=0.9231 | f=0.6853
2025-10-07 16:22:49,273 - INFO - [round 17] pick 4/5: Cc1cn(C2OC(CO[Si](C)(C)C(C)(C)C)C3(OS(=O)(=O)C=C3N)C2O[Si](C)(C)C(C)(C)C)c(=O)[nH]c1=O | UCB=3.456 | mu=0.4525 | std=0.9498 | f=0.3782
2025-10-07 16:22:49,310 - INFO - [round 17] pick 5/5: CC(NC(=O)C(N)C(C)O)c1cn(C(C(=O)O)C(C)C)nn1 | UCB=3.464 | mu=0.4528 | std=0.9524 | f=0.6669
2025-10-07 16:22:49,347 - INFO - Round 17 done in 53.22s; train size=100
2025-10-07 16:22:49,348 - INFO - 
--- Round 18 | trial=1 | sqrt_beta=3.1623 (beta=10.0000) | rho=0.65 | train size=100 ---
2025-10-07 16:23:47,200 - INFO - [round 18] pick 1/5: CC(C)NC(=O)CSc1nc2c(cnn2CCO)c(=O)[nH]1 | UCB=3.513 | mu=0.6461 | std=0.9065 | f=0.6992
2025-10-07 16:23:47,239 - INFO - [round 18] pick 2/5: CCOC(=O)Nc1snnc1C(N)=O | UCB=3.489 | mu=0.5469 | std=0.9303 | f=0.6527
2025-10-07 16:23:47,279 - INFO - [round 18] pick 3/5: Cn1cc2ccnc3c2c1C(=O)C(N)=C3 | UCB=3.474 | mu=0.5191 | std=0.9345 | f=0.1042
2025-10-07 16:23:47,319 - INFO - [round 18] pick 4/5: CC12CSC(=N1)c1csc(n1)CNC(=O)CC(C=CCCS)OC(=O)C(CC(=O)O)NC2=O | UCB=3.48 | mu=0.4728 | std=0.9511 | f=0.6591
2025-10-07 16:23:47,360 - INFO - [round 18] pick 5/5: CNC(=O)C12CC1C(n1cnc3c(NC)nc(C#Cc4nccs4)nc31)C(O)C2O | UCB=3.483 | mu=0.5195 | std=0.9371 | f=0.7301
2025-10-07 16:23:47,402 - INFO - Round 18 done in 58.05s; train size=105
2025-10-07 16:23:47,402 - INFO - 
--- Round 19 | trial=1 | sqrt_beta=3.1623 (beta=10.0000) | rho=0.65 | train size=105 ---
2025-10-07 16:24:47,827 - INFO - [round 19] pick 1/5: CCc1nc(SCC(=O)Nc2nnc(CC)s2)c2c(=O)n(C)c(=O)n(C)c2n1 | UCB=3.509 | mu=0.6217 | std=0.913 | f=0.7399
2025-10-07 16:24:47,871 - INFO - [round 19] pick 2/5: Nc1nc(O)c2c(n1)NCC(CCc1ccc(C(=O)NC(CCC(=O)O)C(=O)O)s1)S2 | UCB=3.506 | mu=0.5773 | std=0.926 | f=0.6958
2025-10-07 16:24:47,914 - INFO - [round 19] pick 3/5: CNc1nc(C(N)=O)cnc1C#N | UCB=3.486 | mu=0.5702 | std=0.9221 | f=0.646
2025-10-07 16:24:47,958 - INFO - [round 19] pick 4/5: O=c1cc(NCCCO)c2nnn3c2n1C1OC(C3)C(O)C1O | UCB=3.478 | mu=0.5313 | std=0.9319 | f=0.6661
2025-10-07 16:24:48,003 - INFO - [round 19] pick 5/5: Cc1oc2nc1C(=O)NC(C(C)O)c1nc(cs1)C(=O)NC(C(C)C)c1nc(cs1)C(=O)NC2C | UCB=3.48 | mu=0.4684 | std=0.9524 | f=0.513
2025-10-07 16:24:48,050 - INFO - Round 19 done in 60.65s; train size=110
2025-10-07 16:24:48,050 - INFO - 
--- Round 20 | trial=1 | sqrt_beta=3.1623 (beta=10.0000) | rho=0.65 | train size=110 ---
2025-10-07 16:25:50,686 - INFO - [round 20] pick 1/5: CCCC(=O)Nc1nc2c(ncn2C2OC3COP(=O)(O)OC3C2OC(=O)CCC)c(=O)[nH]1 | UCB=3.513 | mu=0.6468 | std=0.9064 | f=0.6894
2025-10-07 16:25:50,734 - INFO - [round 20] pick 2/5: CSCCCNC(=O)c1csc(-c2csc(CCN)n2)n1 | UCB=3.503 | mu=0.5413 | std=0.9366 | f=0.383
2025-10-07 16:25:50,783 - INFO - [round 20] pick 3/5: COc1cc(OC)nc(NC(=O)NS(=O)(=O)c2c(Br)cnn2C)n1 | UCB=3.5 | mu=0.5516 | std=0.9325 | f=0.7133
2025-10-07 16:25:50,832 - INFO - [round 20] pick 4/5: CN(C(=O)CC(N)CCC(N)CO)C1CN=C(NC(N)=O)NC1=O | UCB=3.489 | mu=0.5218 | std=0.9383 | f=0.6223
2025-10-07 16:25:50,882 - INFO - [round 20] pick 5/5: Cc1ncc(Cn2cc(CSc3nnc(-c4sc(N)nc4C)o3)nn2)c(N)n1 | UCB=3.474 | mu=0.5187 | std=0.9345 | f=0.6677
2025-10-07 16:25:50,934 - INFO - Round 20 done in 62.88s; train size=115
2025-10-07 16:25:50,934 - INFO - 
--- Round 21 | trial=1 | sqrt_beta=3.1623 (beta=10.0000) | rho=0.65 | train size=115 ---
2025-10-07 16:26:56,416 - INFO - [round 21] pick 1/5: COC(=O)CC(NC(=O)CNc1nc(NC(C)=O)nc2[nH]cnc12)C(=O)OC | UCB=3.513 | mu=0.5785 | std=0.928 | f=0.7129
2025-10-07 16:26:56,469 - INFO - [round 21] pick 2/5: CC1C(=O)c2nc(CCN3N=CCCC3=O)[nH]c2N(C)C1=O | UCB=3.503 | mu=0.5667 | std=0.9286 | f=0.6338
2025-10-07 16:26:56,525 - INFO - [round 21] pick 3/5: C=CCn1c(Cc2csc(N)n2)nnc1SCC(=O)OCC | UCB=3.492 | mu=0.5863 | std=0.9189 | f=0.6617
2025-10-07 16:26:56,583 - INFO - [round 21] pick 4/5: CC1(C)OC2C(COS(=O)(=O)O)OC(n3c(S)nc4c(O)nc(N)nc43)C2O1 | UCB=3.484 | mu=0.6088 | std=0.9093 | f=0.6853
2025-10-07 16:26:56,639 - INFO - [round 21] pick 5/5: O=C(NCCCCCNC(=O)C1=NOC2(C=C(Br)C(=O)C(Br)C2O)C1)C1=NOC2(C=C(Br)C(=O)C(Br)C2O)C1 | UCB=3.475 | mu=0.4727 | std=0.9494 | f=0.5644
2025-10-07 16:26:56,697 - INFO - Round 21 done in 65.76s; train size=120
2025-10-07 16:26:56,697 - INFO - 
--- Round 22 | trial=1 | sqrt_beta=3.1623 (beta=10.0000) | rho=0.65 | train size=120 ---
2025-10-07 16:28:03,990 - INFO - [round 22] pick 1/5: COc1c(C)cnc(Cn2cnc3c(SCC(NC(=O)CCC(N)C(=O)O)C(=O)NCC(=O)O)nc(N)nc32)c1C | UCB=3.514 | mu=0.6411 | std=0.9084 | f=0.7356
2025-10-07 16:28:04,049 - INFO - [round 22] pick 2/5: CCCc1cn(CC(=O)NC2CCOC2=O)nn1 | UCB=3.503 | mu=0.5603 | std=0.9306 | f=0.5298
2025-10-07 16:28:04,110 - INFO - [round 22] pick 3/5: CN1C(=N)NC(C)(c2sc(-c3nnc(-c4cncs4)o3)cc2Cl)CS1(=O)=O | UCB=3.481 | mu=0.5065 | std=0.9406 | f=0.5365
2025-10-07 16:28:04,172 - INFO - [round 22] pick 4/5: Cn1c(=O)n(C)c(=O)n(CC(O)CS(=O)(=O)CC(=O)NN)c1=O | UCB=3.492 | mu=0.5484 | std=0.9308 | f=0.6646
2025-10-07 16:28:04,234 - INFO - [round 22] pick 5/5: Nc1[nH]c(=O)nc2c(C3OC(CO)C(O)C3O)n[nH]c12 | UCB=3.461 | mu=0.5902 | std=0.9079 | f=0.622
2025-10-07 16:28:04,297 - INFO - Round 22 done in 67.60s; train size=125
2025-10-07 16:28:04,298 - INFO - 
--- Round 23 | trial=1 | sqrt_beta=3.1623 (beta=10.0000) | rho=0.65 | train size=125 ---
2025-10-07 16:29:15,194 - INFO - [round 23] pick 1/5: CCCn1c(=O)c2nc(-c3cc(NC(=O)CCCN)nn3C)[nH]c2n(CCC)c1=O | UCB=3.506 | mu=0.6132 | std=0.9147 | f=0.7325
2025-10-07 16:29:15,259 - INFO - [round 23] pick 2/5: O=C(O)CNC(=O)CNC(=O)c1cc(O)nc(O)n1 | UCB=3.503 | mu=0.6013 | std=0.9175 | f=0.6464
2025-10-07 16:29:15,326 - INFO - [round 23] pick 3/5: Cn1cnnc1SCC(=O)N1CCC2C1C(=O)N2S(=O)(=O)O | UCB=3.495 | mu=0.5585 | std=0.9287 | f=0.6804
2025-10-07 16:29:15,394 - INFO - [round 23] pick 4/5: CC(C)OC(=O)c1oc(N)nc1-c1ccc(P(=O)(O)O)o1 | UCB=3.493 | mu=0.5627 | std=0.9267 | f=0.7098
2025-10-07 16:29:15,462 - INFO - [round 23] pick 5/5: CC(=NNC(N)=O)c1sc(-c2nc(C)c(C(C)=NNC(N)=O)s2)nc1C | UCB=3.494 | mu=0.5323 | std=0.9366 | f=0.6618
2025-10-07 16:29:15,533 - INFO - Round 23 done in 71.24s; train size=130
2025-10-07 16:29:15,533 - INFO - 
--- Round 24 | trial=1 | sqrt_beta=3.1623 (beta=10.0000) | rho=0.65 | train size=130 ---
2025-10-07 16:30:28,226 - INFO - [round 24] pick 1/5: CC(=O)Nc1nc([O-])c2c(n1)n(CC(=O)c1ccc(O)c(C(N)=O)c1)c[n+]2C | UCB=3.508 | mu=0.6075 | std=0.9172 | f=0.7278
2025-10-07 16:30:28,296 - INFO - [round 24] pick 2/5: CCOC(=O)CN1C(=N)N(c2nc(NC(C)C)nc(NC(C)C)n2)CC1=O | UCB=3.507 | mu=0.5583 | std=0.9325 | f=0.6734
2025-10-07 16:30:28,367 - INFO - [round 24] pick 3/5: CC(C)C1NC(=O)Cc2csc(n2)NC(=O)C(CC(=O)O)NC(=O)CNC(=O)C(CCCN=C(N)N)N(C)C1=O | UCB=3.502 | mu=0.5684 | std=0.9278 | f=0.6465
2025-10-07 16:30:28,440 - INFO - [round 24] pick 4/5: Nc1nc(N)c2nnn(CC(CO)OCP(=O)(O)O)c2n1 | UCB=3.483 | mu=0.671 | std=0.8892 | f=0.6669
2025-10-07 16:30:28,514 - INFO - [round 24] pick 5/5: O=C(CNc1nncs1)Nc1nncs1 | UCB=3.463 | mu=0.4881 | std=0.9407 | f=0.6307
2025-10-07 16:30:28,589 - INFO - Round 24 done in 73.06s; train size=135
2025-10-07 16:30:28,589 - INFO - 
--- Round 25 | trial=1 | sqrt_beta=3.1623 (beta=10.0000) | rho=0.65 | train size=135 ---
2025-10-07 16:31:49,938 - INFO - [round 25] pick 1/5: CC(=O)NC1=C(C)C(=O)c2nc(COC(C)=O)n3c2C1=NCC3 | UCB=3.509 | mu=0.5819 | std=0.9257 | f=0.6768
2025-10-07 16:31:50,015 - INFO - [round 25] pick 2/5: CCCCOC(=O)C(C)NP(=O)(NC(C)C(=O)OCCCC)OCC1OC(n2cnc3c(OC)nc(N)nc32)C(C)(O)C1O | UCB=3.501 | mu=0.6066 | std=0.9151 | f=0.6724
2025-10-07 16:31:50,093 - INFO - [round 25] pick 3/5: CCCNc1ncnc2c1n([O-])c(=O)c(=O)n2C | UCB=3.506 | mu=0.6211 | std=0.9123 | f=0.6769
2025-10-07 16:31:50,172 - INFO - [round 25] pick 4/5: CC(O)(C(=O)Nc1nnc(CCSCCc2nnc(N)s2)s1)C(F)(F)F | UCB=3.47 | mu=0.5256 | std=0.931 | f=0.6451
2025-10-07 16:31:50,253 - INFO - [round 25] pick 5/5: Nc1nc(C(=CCNC(=O)c2cc(Br)c(Br)[nH]2)c2[nH]c(N)nc2C=CCNC(=O)c2cc(Br)c(Br)[nH]2)c[nH]1 | UCB=3.463 | mu=0.4719 | std=0.946 | f=0.1785
2025-10-07 16:31:50,335 - INFO - Round 25 done in 81.75s; train size=140
2025-10-07 16:31:50,335 - INFO - 
--- Round 26 | trial=1 | sqrt_beta=3.1623 (beta=10.0000) | rho=0.65 | train size=140 ---
2025-10-07 16:33:10,689 - INFO - [round 26] pick 1/5: Cc1cc(C)nc(SCC(=O)NC2=NC(=O)C(C)S2)n1 | UCB=3.511 | mu=0.6254 | std=0.9125 | f=0.5161
2025-10-07 16:33:10,773 - INFO - [round 26] pick 2/5: CC(=O)OCCOCn1c(=O)[nH]c(=O)c2c1no[n+]2[O-] | UCB=3.493 | mu=0.5593 | std=0.9276 | f=0.6418
2025-10-07 16:33:10,858 - INFO - [round 26] pick 3/5: CC(C)(C)c1nccc(-c2cnc(NC(=O)N3CC4CC4C3C(N)=O)s2)n1 | UCB=3.506 | mu=0.5742 | std=0.9273 | f=0.6296
2025-10-07 16:33:10,945 - INFO - [round 26] pick 4/5: CC(C)n1nnnc1-c1onc(O)c1CC(N)C(=O)O | UCB=3.496 | mu=0.5813 | std=0.9217 | f=0.6429
2025-10-07 16:33:11,033 - INFO - [round 26] pick 5/5: Nc1ccn(C2CCC(COP(=O)(O)OCC3CCC(n4ccc(N)nc4=O)O3)O2)c(=O)n1 | UCB=3.475 | mu=0.5342 | std=0.9299 | f=0.7209
2025-10-07 16:33:11,122 - INFO - Round 26 done in 80.79s; train size=145
2025-10-07 16:33:11,122 - INFO - 
--- Round 27 | trial=1 | sqrt_beta=3.1623 (beta=10.0000) | rho=0.65 | train size=145 ---
2025-10-07 16:34:35,161 - INFO - [round 27] pick 1/5: CCCn1c(=O)n(C2CCC(COC(=O)COC)O2)c2nc(NC(=O)COC)nc(O)c21 | UCB=3.511 | mu=0.636 | std=0.9092 | f=0.706
2025-10-07 16:34:35,259 - INFO - [round 27] pick 2/5: Cc1nc(N)nc2c1nc(-c1cnn[nH]1)c(=O)n2C(C)C | UCB=3.494 | mu=0.6285 | std=0.9063 | f=0.6828
2025-10-07 16:34:35,354 - INFO - [round 27] pick 3/5: CC(=O)Nc1ccn(C2CSC(CO)O2)c(=O)n1 | UCB=3.508 | mu=0.6241 | std=0.9121 | f=0.6569
2025-10-07 16:34:35,449 - INFO - [round 27] pick 4/5: N=C(CCSCc1nc[nH]n1)NC(N)=O | UCB=3.463 | mu=0.4961 | std=0.9381 | f=0.6151
2025-10-07 16:34:35,694 - INFO - [round 27] pick 5/5: CCN1C(=O)C(=CN)C(=O)N(CC)C1=O | UCB=3.478 | mu=0.5352 | std=0.9305 | f=0.444
2025-10-07 16:34:35,792 - INFO - Round 27 done in 84.67s; train size=150
2025-10-07 16:34:35,792 - INFO - 
--- Round 28 | trial=1 | sqrt_beta=3.1623 (beta=10.0000) | rho=0.65 | train size=150 ---
2025-10-07 16:36:08,254 - INFO - [round 28] pick 1/5: CCOC(=O)c1cnc(NCCCNc2ncc(C(=O)OCC)c(O)n2)nc1O | UCB=3.502 | mu=0.6028 | std=0.9169 | f=0.7151
2025-10-07 16:36:08,353 - INFO - [round 28] pick 2/5: CC(C)c1n[nH]c(C2CN(C(=O)c3cc(C(N)=O)cs3)CCO2)n1 | UCB=3.497 | mu=0.5771 | std=0.9234 | f=0.7027
2025-10-07 16:36:08,453 - INFO - [round 28] pick 3/5: COC(=O)CSC(=S)Nc1nnc(NC(=S)SCOC(C)=O)n1C(=S)SCC(=O)OC | UCB=3.478 | mu=0.4884 | std=0.9454 | f=0.5876
2025-10-07 16:36:08,554 - INFO - [round 28] pick 4/5: Nc1nc(Cl)c2c(ncn2C2COC(CO)O2)n1 | UCB=3.471 | mu=0.5645 | std=0.9191 | f=0.6653
2025-10-07 16:36:08,656 - INFO - [round 28] pick 5/5: CC(C)=Cc1nn(CCC(C)C)c(=O)c(C2=NS(=O)(=O)c3cc(NS(C)(=O)=O)ccc3N2)c1O | UCB=3.484 | mu=0.5476 | std=0.9286 | f=0.5655
2025-10-07 16:36:08,760 - INFO - Round 28 done in 92.97s; train size=155
2025-10-07 16:36:08,760 - INFO - 
--- Round 29 | trial=1 | sqrt_beta=3.1623 (beta=10.0000) | rho=0.65 | train size=155 ---
2025-10-07 16:37:40,845 - INFO - [round 29] pick 1/5: CC(C)C(=O)Nc1nc(O)c2c(n1)NC(C)C(C)N2C(=O)c1cccnc1 | UCB=3.504 | mu=0.616 | std=0.9134 | f=0.6586
2025-10-07 16:37:40,952 - INFO - [round 29] pick 2/5: CN(C)c1ncnc2c1ncn2CC1OC(COC(=O)NC(CCCNC(=N)N)C(=O)O)CS1 | UCB=3.502 | mu=0.6137 | std=0.9134 | f=0.693
2025-10-07 16:37:41,061 - INFO - [round 29] pick 3/5: O=S1(=O)CCCn2c1nc1nc(O)nc-1c2O | UCB=3.478 | mu=0.5026 | std=0.9409 | f=0.6513
2025-10-07 16:37:41,172 - INFO - [round 29] pick 4/5: Cc1nn(C)c(C)c1S(=O)(=O)NCC1(C(N)=O)CCOCC1 | UCB=3.478 | mu=0.5413 | std=0.9288 | f=0.6732
2025-10-07 16:37:41,284 - INFO - [round 29] pick 5/5: CC#CCn1nnc2cc3c(=O)n(C(C)Cn4ncnn4)nnc3cc2c1=O | UCB=3.472 | mu=0.4863 | std=0.944 | f=0.6658
2025-10-07 16:37:41,397 - INFO - Round 29 done in 92.64s; train size=160
2025-10-07 16:37:41,397 - INFO - 
--- Round 30 | trial=1 | sqrt_beta=3.1623 (beta=10.0000) | rho=0.65 | train size=160 ---
2025-10-07 16:39:16,719 - INFO - [round 30] pick 1/5: COC(=O)Nc1cc(N2CC=CCC2)nc2nc(=O)on12 | UCB=3.505 | mu=0.5573 | std=0.9322 | f=0.7273
2025-10-07 16:39:16,835 - INFO - [round 30] pick 2/5: CC(O)C1C(=O)N2C(C(=O)O)=C(SCCc3cn(CCCCC(=O)O)nn3)C(C)C12 | UCB=3.497 | mu=0.6201 | std=0.9097 | f=0.6399
2025-10-07 16:39:16,951 - INFO - [round 30] pick 3/5: CCNC1=NS(=O)(=O)Nc2nc(CC)c(C)nc21 | UCB=3.49 | mu=0.5729 | std=0.9223 | f=0.6656
2025-10-07 16:39:17,070 - INFO - [round 30] pick 4/5: Nc1ncc2ncn(OCC(CO)CO)c2n1 | UCB=3.471 | mu=0.5578 | std=0.9212 | f=0.6691
2025-10-07 16:39:17,190 - INFO - [round 30] pick 5/5: Cc1nnc(C(=O)C2CSCN2C(=O)CNC23CC4CC(CC(C4)C2)C3)o1 | UCB=3.463 | mu=0.4447 | std=0.9546 | f=0.4768
2025-10-07 16:39:17,310 - INFO - Round 30 done in 95.91s; train size=165
2025-10-07 16:39:17,310 - INFO - 
--- Round 31 | trial=1 | sqrt_beta=3.1623 (beta=10.0000) | rho=0.65 | train size=165 ---
2025-10-07 16:40:55,932 - INFO - [round 31] pick 1/5: COC(=O)CCNc1nnc(O)nc1O | UCB=3.506 | mu=0.6199 | std=0.9127 | f=0.6275
2025-10-07 16:40:56,054 - INFO - [round 31] pick 2/5: CC(C)C(NC(=O)Cn1c(-c2ccccc2)ncc(N)c1=O)C(=O)c1nnc(C2(C)CC2)o1 | UCB=3.503 | mu=0.6268 | std=0.9095 | f=0.704
2025-10-07 16:40:56,178 - INFO - [round 31] pick 3/5: CCNC(=NS(=O)(=O)c1c(Cl)nc2sccn12)N1CC(CC)C=N1 | UCB=3.489 | mu=0.5278 | std=0.9365 | f=0.5558
2025-10-07 16:40:56,304 - INFO - [round 31] pick 4/5: C#CCOCCOCCOCCNc1nc(N2CCOCC2)nc(N2CCN(C(=O)C(CC(N)=O)n3cc(C(N)C(C)C)nn3)CC2)n1 | UCB=3.489 | mu=0.4869 | std=0.9493 | f=0.6554
2025-10-07 16:40:56,430 - INFO - [round 31] pick 5/5: COC1C(=O)N2C(C(=O)N(C)CC(=O)O)=C(CSc3nc(=O)c(=O)[nH]n3C)CS(=O)(=O)C12 | UCB=3.494 | mu=0.5891 | std=0.9187 | f=0.6607
2025-10-07 16:40:56,560 - INFO - Round 31 done in 99.25s; train size=170
2025-10-07 16:40:56,560 - INFO - 
--- Round 32 | trial=1 | sqrt_beta=3.1623 (beta=10.0000) | rho=0.65 | train size=170 ---
2025-10-07 16:42:40,168 - INFO - [round 32] pick 1/5: COC(=O)c1cnnn1CC1(C)C(C(=O)O)C2C(=O)CC2S1(=O)=O | UCB=3.505 | mu=0.6074 | std=0.9163 | f=0.6588
2025-10-07 16:42:40,299 - INFO - [round 32] pick 2/5: CC(O)CCc1nc(N)c2nc(-n3nccn3)n(C)c2n1 | UCB=3.497 | mu=0.5941 | std=0.9181 | f=0.6732
2025-10-07 16:42:40,432 - INFO - [round 32] pick 3/5: CCSc1nnc(NC(=O)C2CCCN(S(=O)(=O)c3c[nH]cn3)C2)s1 | UCB=3.49 | mu=0.5874 | std=0.9178 | f=0.6981
2025-10-07 16:42:40,565 - INFO - [round 32] pick 4/5: CC1CCC2C(C)C(OC(=O)CCC(=O)NCCCNc3nc(N)nc(N)n3)OC3OC4(C)CCC1C32OO4 | UCB=3.488 | mu=0.5267 | std=0.9364 | f=0.6261
2025-10-07 16:42:40,702 - INFO - [round 32] pick 5/5: O=C(NC(CO)C(=O)O)c1nc(NCC(O)CO)c(C(=O)NC(CO)C(=O)O)nc1NCC(O)CO | UCB=3.471 | mu=0.5063 | std=0.9375 | f=0.6425
2025-10-07 16:42:40,840 - INFO - Round 32 done in 104.28s; train size=175
2025-10-07 16:42:40,840 - INFO - 
--- Round 33 | trial=1 | sqrt_beta=3.1623 (beta=10.0000) | rho=0.65 | train size=175 ---
2025-10-07 16:44:27,152 - INFO - [round 33] pick 1/5: O=C(O)Cn1cnc2nc3n(c2c1=O)CCC3 | UCB=3.504 | mu=0.6096 | std=0.9153 | f=0.5738
2025-10-07 16:44:27,295 - INFO - [round 33] pick 2/5: COc1cc(NC(C)=O)cc(C(=O)Nc2nn[nH]n2)c1O | UCB=3.499 | mu=0.6113 | std=0.9133 | f=0.7225
2025-10-07 16:44:27,437 - INFO - [round 33] pick 3/5: CCCSc1nc(NC2CC2c2scnc2C)c2nnn(C3CC(OCCO)C(O)C3O)c2n1 | UCB=3.48 | mu=0.5429 | std=0.9288 | f=0.676
2025-10-07 16:44:27,581 - INFO - [round 33] pick 4/5: CNC(=O)OCc1nc([S+](C)[O-])n(C)c1COC(=O)NC | UCB=3.494 | mu=0.5373 | std=0.9349 | f=0.6681
2025-10-07 16:44:27,727 - INFO - [round 33] pick 5/5: NS(=O)(=O)CCNC(=O)C(c1nc2ccc(-c3cncnc3)cc2s1)S(=O)(=O)CCN1CCOCC1 | UCB=3.483 | mu=0.5404 | std=0.9304 | f=0.785
2025-10-07 16:44:27,876 - INFO - Round 33 done in 107.04s; train size=180
2025-10-07 16:44:27,876 - INFO - 
--- Round 34 | trial=1 | sqrt_beta=3.1623 (beta=10.0000) | rho=0.65 | train size=180 ---
2025-10-07 16:46:15,795 - INFO - [round 34] pick 1/5: CCOC(=O)NC(=O)c1cn(CCN2CCN(c3ncnc4[nH]cnc34)CC2)c(=O)[nH]c1=O | UCB=3.511 | mu=0.6218 | std=0.9138 | f=0.7441
2025-10-07 16:46:15,948 - INFO - [round 34] pick 2/5: Cn1cc(Nc2ncc(Cl)c(NC3C4CCC(O4)C3C(N)=O)n2)cn1 | UCB=3.506 | mu=0.5761 | std=0.9264 | f=0.7474
2025-10-07 16:46:16,104 - INFO - [round 34] pick 3/5: COC(=O)CNC(=O)CSCc1nc(O)c2cc(C)sc2n1 | UCB=3.503 | mu=0.6458 | std=0.9034 | f=0.7213
2025-10-07 16:46:16,264 - INFO - [round 34] pick 4/5: CC(C)NC(=O)c1n[nH]c(-n2cnnc2)n1 | UCB=3.494 | mu=0.5604 | std=0.9278 | f=0.6116
2025-10-07 16:46:16,426 - INFO - [round 34] pick 5/5: CN(CCCC(O)(P(=O)(O)O)P(=O)(O)O)Cc1no[n+]([O-])c1C(N)=O | UCB=3.454 | mu=0.4828 | std=0.9395 | f=0.6673
2025-10-07 16:46:16,589 - INFO - Round 34 done in 108.71s; train size=185
2025-10-07 16:46:16,589 - INFO - 
--- Round 35 | trial=1 | sqrt_beta=3.1623 (beta=10.0000) | rho=0.65 | train size=185 ---
2025-10-07 16:48:10,526 - INFO - [round 35] pick 1/5: Cn1cc(NC(=O)c2cnn3ccc(NC4CCCCC4N)nc23)c(C(N)=O)n1 | UCB=3.513 | mu=0.6049 | std=0.9195 | f=0.7206
2025-10-07 16:48:10,690 - INFO - [round 35] pick 2/5: CCCn1cnnc1CNC(=O)CC1C(=O)NCCN1C(C)C | UCB=3.499 | mu=0.6033 | std=0.9158 | f=0.6255
2025-10-07 16:48:10,854 - INFO - [round 35] pick 3/5: COc1nc(NC(=O)NS(=O)(=O)c2ccoc2COCCF)nc(OC)n1 | UCB=3.506 | mu=0.649 | std=0.9035 | f=0.7222
2025-10-07 16:48:11,022 - INFO - [round 35] pick 4/5: CC(=O)NC1C(O)CC(Oc2ccc(-n3cc(CSc4nnc(C(C)(C)C)[nH]4)nn3)cc2C(F)F)(C(=O)O)OC1C(O)C(O)CO | UCB=3.501 | mu=0.5649 | std=0.9283 | f=0.6891
2025-10-07 16:48:11,191 - INFO - [round 35] pick 5/5: CC1(N2CCc3c(-c4cnc(=N)[nH]c4)nc(N4CCOCC4)nc32)CN(S(N)(=O)=O)C1 | UCB=3.49 | mu=0.557 | std=0.9274 | f=0.7148
2025-10-07 16:48:11,363 - INFO - Round 35 done in 114.77s; train size=190
2025-10-07 16:48:11,363 - INFO - 
--- Round 36 | trial=1 | sqrt_beta=3.1623 (beta=10.0000) | rho=0.65 | train size=190 ---
2025-10-07 16:50:07,862 - INFO - [round 36] pick 1/5: Cc1cc(C)nc(Nc2cc(NCC(N)CS(C)(=O)=O)cnc2C(N)=O)c1 | UCB=3.516 | mu=0.6378 | std=0.91 | f=0.7384
2025-10-07 16:50:08,034 - INFO - [round 36] pick 2/5: CC1CCC(Oc2nc(N)c3c(=O)ccn(C4CC(C(=O)O)CC4O)c3n2)CC1 | UCB=3.502 | mu=0.5933 | std=0.9199 | f=0.6692
2025-10-07 16:50:08,211 - INFO - [round 36] pick 3/5: COc1nn(CC(=O)N2N=C(C)CC2(O)C(F)F)cc1[N+](=O)[O-] | UCB=3.494 | mu=0.5493 | std=0.9313 | f=0.6534
2025-10-07 16:50:08,427 - INFO - [round 36] pick 4/5: CCOC(=O)C(CCc1nn[nH]n1)(CCc1nn[nH]n1)C(=O)OCC | UCB=3.471 | mu=0.5064 | std=0.9373 | f=0.6337
2025-10-07 16:50:08,662 - INFO - [round 36] pick 5/5: Cn1c(=O)[nH]c(=O)c2c1nc(CN1CCOCC1)n2CCCO | UCB=3.488 | mu=0.6226 | std=0.9062 | f=0.7133
2025-10-07 16:50:08,854 - INFO - Round 36 done in 117.49s; train size=195
2025-10-07 16:50:08,854 - INFO - 
--- Round 37 | trial=1 | sqrt_beta=3.1623 (beta=10.0000) | rho=0.65 | train size=195 ---
2025-10-07 16:52:09,225 - INFO - [round 37] pick 1/5: CCc1nc(N)nc(N2CCC(C)(O)CC2)c1C#Cc1cnc(C)c(NS(C)(=O)=O)c1 | UCB=3.517 | mu=0.6273 | std=0.9139 | f=0.7244
2025-10-07 16:52:09,422 - INFO - [round 37] pick 2/5: CC(=O)NC(Cc1ccc(OP(=O)(O)O)cc1)C(=O)NC(CCC(N)=O)c1nc(CCC(C)C)no1 | UCB=3.503 | mu=0.6263 | std=0.9098 | f=0.7135
2025-10-07 16:52:09,611 - INFO - [round 37] pick 3/5: O=C(O)c1cnn2cc(-c3[nH]ncc3[N+](=O)[O-])cnc12 | UCB=3.491 | mu=0.586 | std=0.9186 | f=0.6501
2025-10-07 16:52:09,803 - INFO - [round 37] pick 4/5: NC(CO)c1nnc(C(CC(=O)O)NC(=O)C2CCNCC2)o1 | UCB=3.501 | mu=0.5801 | std=0.9236 | f=0.6588
2025-10-07 16:52:09,994 - INFO - [round 37] pick 5/5: COCCCn1ncn(-c2nc3c(s2)C(C)Sc2sccc2-3)c1=O | UCB=3.475 | mu=0.5191 | std=0.9348 | f=0.05787
2025-10-07 16:52:10,188 - INFO - Round 37 done in 121.33s; train size=200
2025-10-07 16:52:10,188 - INFO - 
--- Round 38 | trial=1 | sqrt_beta=3.1623 (beta=10.0000) | rho=0.65 | train size=200 ---
2025-10-07 16:54:20,943 - INFO - [round 38] pick 1/5: CCNc1ncc(C(=O)N2Cc3nc(C)[nH]c(=O)c3C2)cn1 | UCB=3.517 | mu=0.6693 | std=0.9004 | f=0.7097
2025-10-07 16:54:21,140 - INFO - [round 38] pick 2/5: CC(=O)OCC1OC(SCc2nnn(-c3ccc(S(N)(=O)=O)cc3)c2C#CCO)C(OC(C)=O)C(OC(C)=O)C1OC(C)=O | UCB=3.49 | mu=0.5751 | std=0.9218 | f=0.6694
2025-10-07 16:54:21,341 - INFO - [round 38] pick 3/5: CC1(C(=O)Nc2ccc(N)nc2)CCCN1c1nc(Nc2cc(C(N)=O)[nH]n2)c2cccn2n1 | UCB=3.507 | mu=0.6097 | std=0.9162 | f=0.7842
2025-10-07 16:54:21,543 - INFO - [round 38] pick 4/5: Cn1c(COP(=O)(NCCBr)NCCBr)cnc1[N+](=O)[O-] | UCB=3.472 | mu=0.4987 | std=0.9403 | f=0.5917
2025-10-07 16:54:21,749 - INFO - [round 38] pick 5/5: C=C1CCOC2(C(O)C(C)(O)CO)NC(=O)C1(NO)NC2=O | UCB=3.464 | mu=0.4451 | std=0.9546 | f=0.6287
2025-10-07 16:54:21,958 - INFO - Round 38 done in 131.77s; train size=205
2025-10-07 16:54:21,958 - INFO - 
--- Round 39 | trial=1 | sqrt_beta=3.1623 (beta=10.0000) | rho=0.65 | train size=205 ---
2025-10-07 16:56:28,442 - INFO - [round 39] pick 1/5: CNC(=O)c1c(NC(=O)c2nc(C(C)(C)O)ncc2Nc2cncnc2)cnn1C | UCB=3.517 | mu=0.6066 | std=0.9202 | f=0.7325
2025-10-07 16:56:28,650 - INFO - [round 39] pick 2/5: Cc1nc(N)cc(NC2CC(COS(N)(=O)=O)C(O)C2O)n1 | UCB=3.502 | mu=0.6508 | std=0.9016 | f=0.6816
2025-10-07 16:56:28,857 - INFO - [round 39] pick 3/5: CC1(C(=O)NC(Cc2cnc[nH]2)C(=O)O)CCCN1C(=O)CN | UCB=3.504 | mu=0.5959 | std=0.9196 | f=0.6684
2025-10-07 16:56:29,067 - INFO - [round 39] pick 4/5: CCCCNc1nn2c(-c3ccc([N+](=O)[O-])o3)nnc2s1 | UCB=3.476 | mu=0.587 | std=0.9136 | f=0.4946
2025-10-07 16:56:29,278 - INFO - [round 39] pick 5/5: NC(=O)c1nc(C#CC2(O)CCCCC2)n(COCCO)n1 | UCB=3.486 | mu=0.5179 | std=0.9386 | f=0.6523
2025-10-07 16:56:29,495 - INFO - Round 39 done in 127.54s; train size=210
