2025-10-10 16:45:49,510 - INFO - === Starting BUCB Bayesian Optimization Trial 1 (beta=10.00, sqrt_beta=3.16) ===
An NVIDIA GPU may be present on this machine, but a CUDA-enabled jaxlib is not installed. Falling back to cpu.
2025-10-10 16:46:19,841 - INFO - 
--- Trial 1, beta=10.00, Round 0 (train size=10) ---
f1 shape: (5,)
2025-10-10 16:46:27,607 - INFO - [round 0] pick 1/5: CN1C(=O)c2c(c(O)c3nccnc3c2O)C1=O | UCB=3.215 | f=0.4242
2025-10-10 16:46:27,625 - INFO - [round 0] pick 2/5: CN1CCN=C(N)CC1 | UCB=3.209 | f=0.006374
2025-10-10 16:46:27,643 - INFO - [round 0] pick 3/5: Cc1sc2nc3c(c(NCCCCNc4c5c(nc6sc(C)c(C)c46)CCCC5)c2c1C)CCCC3 | UCB=3.204 | f=0.001619
2025-10-10 16:46:27,660 - INFO - [round 0] pick 4/5: N=C(N)Nc1cccnc1C1CC(O)C(NC(=N)N)CC1NC(=N)N | UCB=3.201 | f=0.4682
2025-10-10 16:46:27,677 - INFO - [round 0] pick 5/5: c1c2n[nH]c1CNCCN1CCNCc3cc(n[nH]3)CNCCN(CCNC2)CCNCc2cc([nH]n2)CNCC1 | UCB=3.198 | f=0.5255
2025-10-10 16:46:27,696 - INFO - Round 0 done in 7.85s; train size=15
2025-10-10 16:46:27,696 - INFO - 
--- Trial 1, beta=10.00, Round 1 (train size=15) ---
f1 shape: (5,)
2025-10-10 16:46:37,542 - INFO - [round 1] pick 1/5: O=C1NC(=O)C2(CSC3=C2C(=O)c2ncccc2C3=O)N1 | UCB=3.251 | f=0.4493
2025-10-10 16:46:37,560 - INFO - [round 1] pick 2/5: NC(=O)N1CC(N2CCN(c3ncc(O)cn3)CC2)CC1C(=O)N1CCC(F)(F)C1 | UCB=3.247 | f=0.5478
2025-10-10 16:46:37,579 - INFO - [round 1] pick 3/5: Nc1ncnc2c1ncn2C1OC(CSSCC2OC(n3c(Br)nc4c(N)ncnc43)C(O)C2O)C(O)C1O | UCB=3.237 | f=0.4835
2025-10-10 16:46:37,598 - INFO - [round 1] pick 4/5: N=C(NN=Cc1cc(O)c(O)c(O)c1)NN=Cc1cc(O)c(O)c(O)c1 | UCB=3.232 | f=0.4778
2025-10-10 16:46:37,616 - INFO - [round 1] pick 5/5: CSSc1ncccn1 | UCB=3.239 | f=0.0002578
2025-10-10 16:46:37,634 - INFO - Round 1 done in 9.94s; train size=20
2025-10-10 16:46:37,634 - INFO - 
--- Trial 1, beta=10.00, Round 2 (train size=20) ---
f1 shape: (5,)
2025-10-10 16:46:50,347 - INFO - [round 2] pick 1/5: CC1c2ccc(NC(=O)C3CCCN3)c(O)c2C(=O)C2=C(O)C3(O)C(O)=C(C(N)=O)C(=O)C(N(C)C)C3C(O)C21 | UCB=3.296 | f=0.5406
2025-10-10 16:46:50,366 - INFO - [round 2] pick 2/5: N=C(O)C1CC(N2CCc3c(-c4cnc(=N)[nH]c4)nc(N4CCOCC4)nc32)C1 | UCB=3.293 | f=0.5565
2025-10-10 16:46:50,385 - INFO - [round 2] pick 3/5: NC(=S)NN=CC(CO)OC(C=NNC(N)=S)n1cnc2c(N)ncnc21 | UCB=3.279 | f=0.4163
2025-10-10 16:46:50,404 - INFO - [round 2] pick 4/5: NC1=NC2c3c([nH]c(Br)c3Br)C(=O)N3CC(Cl)C(O)C23N1 | UCB=3.279 | f=0.3848
2025-10-10 16:46:50,424 - INFO - [round 2] pick 5/5: N#Cc1c(O)nsc1Nc1cc(F)cc(F)c1 | UCB=3.266 | f=0.1868
2025-10-10 16:46:50,445 - INFO - Round 2 done in 12.81s; train size=25
2025-10-10 16:46:50,445 - INFO - 
--- Trial 1, beta=10.00, Round 3 (train size=25) ---
f1 shape: (5,)
2025-10-10 16:47:05,438 - INFO - [round 3] pick 1/5: CN1CCC2(CCN(c3nc(O)c(-c4nc5ccccc5s4)c(NC4CC(CO)C(O)C4O)n3)CC2)C1=O | UCB=3.324 | f=0.5965
2025-10-10 16:47:05,458 - INFO - [round 3] pick 2/5: O=C(O)CNC(=O)Nc1ncnc2[nH]ncc12 | UCB=3.311 | f=0.401
2025-10-10 16:47:05,477 - INFO - [round 3] pick 3/5: N=C(N)NCCCC1NC(=O)C(CC(=O)O)NC(=O)CNC(=O)C(CCCNC(=N)N)NC(=O)C(CC(=O)O)NC(=O)CNC1=O | UCB=3.308 | f=0.4495
2025-10-10 16:47:05,497 - INFO - [round 3] pick 4/5: Nc1ncc(-c2cc(C3C4CN(C5COC5)CC43)n(C3CCC3)n2)cc1C1CC1 | UCB=3.311 | f=0.2925
2025-10-10 16:47:05,517 - INFO - [round 3] pick 5/5: CC1(C#N)C(O)C(COP(=O)(O)OP(=O)(O)OP(=O)(O)O)OC1(C#N)c1cnc2c(=N)nc[nH]n12 | UCB=3.3 | f=0.4148
2025-10-10 16:47:05,537 - INFO - Round 3 done in 15.09s; train size=30
2025-10-10 16:47:05,537 - INFO - 
--- Trial 1, beta=10.00, Round 4 (train size=30) ---
f1 shape: (5,)
2025-10-10 16:47:23,439 - INFO - [round 4] pick 1/5: CNC(=O)C12CC1C(n1cnc3c(NC)nc(-n4cc(-c5cnn(C)c5)nn4)nc31)C(O)C2O | UCB=3.348 | f=0.489
2025-10-10 16:47:23,460 - INFO - [round 4] pick 2/5: O=C1C2=C3C4=[N+](CCc5c[nH]c1c54)C1C(O)CC(=O)C3(CC(O)N2)C1O | UCB=3.344 | f=0.5079
2025-10-10 16:47:23,481 - INFO - [round 4] pick 3/5: O=C(CC1(O)C2C3CC4C5C3C1C5C(O)(CC(=O)NC(Cc1c[nH]cn1)C(=O)O)C42)NC(Cc1c[nH]cn1)C(=O)O | UCB=3.334 | f=0.5243
2025-10-10 16:47:23,503 - INFO - [round 4] pick 4/5: N=C(N)N1CCC23c4c5ccc(O)c4OC2c2[nH]c4c(c2CC3(O)C1C5)CC1(O)C2Cc3ccc(O)c5c3C1(CCN2CC1CC1)C4O5 | UCB=3.331 | f=0.5904
2025-10-10 16:47:23,525 - INFO - [round 4] pick 5/5: N=C(N)NS(=O)(=O)c1c(Br)c(Br)c(Br)c(Br)c1C(=O)O | UCB=3.312 | f=0.2952
2025-10-10 16:47:23,548 - INFO - Round 4 done in 18.01s; train size=35
2025-10-10 16:47:23,548 - INFO - 
--- Trial 1, beta=10.00, Round 5 (train size=35) ---
f1 shape: (5,)
2025-10-10 16:47:43,634 - INFO - [round 5] pick 1/5: CC1CN2c3c(cc4c(-n5cc(C(=N)O)cn5)noc4c3F)CC3(C(O)=NC(=O)N=C3O)C2C(C)O1 | UCB=3.365 | f=0.5212
2025-10-10 16:47:43,657 - INFO - [round 5] pick 2/5: O=C1CCC(Nc2ncc(C(=O)NC3C4CC5CC3CC(O)(C5)C4)c(C3CCCC3)n2)CN1 | UCB=3.36 | f=0.5461
2025-10-10 16:47:43,680 - INFO - [round 5] pick 3/5: NC(=O)CCC(NC(=O)c1nn(C2OC(CO)C(O)C2O)c2nc(N)[nH]c(=O)c12)C(N)=O | UCB=3.363 | f=0.4366
2025-10-10 16:47:43,703 - INFO - [round 5] pick 4/5: O=C(C1CSC(c2ncccc2O)=N1)N(O)CCOCCOCCN(O)C(=O)C1CSC(c2ncccc2O)=N1 | UCB=3.346 | f=0.6091
2025-10-10 16:47:43,726 - INFO - [round 5] pick 5/5: CC1=CC(C2C(C)C(=O)C3(C)CCC45CC67OC(=O)CC6OC(C)(C)C7CC=C4C(=O)C(O)(O5)C23)OC1=O | UCB=3.337 | f=0.5641
2025-10-10 16:47:43,750 - INFO - Round 5 done in 20.20s; train size=40
2025-10-10 16:47:43,750 - INFO - 
--- Trial 1, beta=10.00, Round 6 (train size=40) ---
f1 shape: (5,)
2025-10-10 16:48:07,061 - INFO - [round 6] pick 1/5: C=C1C2CCC3(C=CC(=O)C(C)(CCC(=O)Nc4c(O)ccc(C(=O)O)c4O)C3C2)C1O | UCB=3.395 | f=0.6469
2025-10-10 16:48:07,085 - INFO - [round 6] pick 2/5: CCC1(C)CC(OC(=O)COC2CCN(C(=O)CCn3cnc4c(N5CCC(N)C5)ncnc43)CC2)C2(C)C(C)CCC3(CCC(=O)C32)C(C)C1O | UCB=3.389 | f=0.5705
2025-10-10 16:48:07,108 - INFO - [round 6] pick 3/5: O=c1c2cccnc2sn1C(O)=NC1OC(O)C(O)C(O)C1O | UCB=3.376 | f=0.4219
2025-10-10 16:48:07,132 - INFO - [round 6] pick 4/5: OC1=NC(=Cc2cnn3c(NC4CC4)cc(NC4CCC(F)(F)CC4)nc23)C(O)=N1 | UCB=3.379 | f=0.5514
2025-10-10 16:48:07,155 - INFO - [round 6] pick 5/5: Cn1c(N)c(CNC(=N)N)c[n+]1CC1=C(C(=O)[O-])N2C(=O)C(NC(=O)C(=NOC(C)(C)C(=O)O)c3nsc(N)n3)C2SC1 | UCB=3.364 | f=0.4722
2025-10-10 16:48:07,181 - INFO - Round 6 done in 23.43s; train size=45
2025-10-10 16:48:07,181 - INFO - 
--- Trial 1, beta=10.00, Round 7 (train size=45) ---
f1 shape: (5,)
2025-10-10 16:48:33,019 - INFO - [round 7] pick 1/5: CC1CCC2C(C=CC(C)C2C(=O)c2c(O)c(C3(O)CCC(=O)CC3O)c[nH]c2=O)C1 | UCB=3.404 | f=0.612
2025-10-10 16:48:33,044 - INFO - [round 7] pick 2/5: Nc1nc(C(=NOCCF)C(=O)NC2C(=O)N3C(C(=O)O)=C(Sc4nnc(O)c(O)n4)CCC23)cs1 | UCB=3.391 | f=0.4954
2025-10-10 16:48:33,069 - INFO - [round 7] pick 3/5: O=C(NC12CC3CC(CC(C3)C1)C2)c1cc2nc(-c3ccc(NC(=O)C45CC6CC(CC(C6)C4)C5)cc3)[nH]c2cn1 | UCB=3.386 | f=0.2188
2025-10-10 16:48:33,095 - INFO - [round 7] pick 4/5: CCCCN(CCCC)CC1C2C=C3C(=O)c4c(O)cc(O)c(CC=C(C)C)c4OC34C1COC4(CC=C(C)C)C2=O | UCB=3.378 | f=0.2597
2025-10-10 16:48:33,121 - INFO - [round 7] pick 5/5: N=C1N=C(S)C2N=CN(C3CC(O)C(CO)O3)C2=N1 | UCB=3.357 | f=0.4441
2025-10-10 16:48:33,147 - INFO - Round 7 done in 25.97s; train size=50
2025-10-10 16:48:33,148 - INFO - 
--- Trial 1, beta=10.00, Round 8 (train size=50) ---
f1 shape: (5,)
2025-10-10 16:49:02,572 - INFO - [round 8] pick 1/5: C=C1C(=O)C23C(OC(=O)c4cnccn4)C1CCC2C12COC3(O)C(O)C1C(C)(C)CCC2O | UCB=3.398 | f=0.543
2025-10-10 16:49:02,601 - INFO - [round 8] pick 2/5: O=C(O)C1=C(COC(=O)N2CCN(c3cc4c(cc3F)c(=O)c(C(=O)O)cn4C3CC3)CC2)SC2CC(=O)N12 | UCB=3.394 | f=0.597
2025-10-10 16:49:02,629 - INFO - [round 8] pick 3/5: CN1CCC23c4c5ccc(O)c4OC2C(OC2OC(c4nnn[nH]4)C(O)C(O)C2O)C=CC3C1C5 | UCB=3.394 | f=0.5629
2025-10-10 16:49:02,661 - INFO - [round 8] pick 4/5: Cc1nc(N=C(O)N2CC(O)CC2(C)C(=N)O)sc1-c1ccnc(C(C)(C)C)n1 | UCB=3.386 | f=0.5263
2025-10-10 16:49:02,690 - INFO - [round 8] pick 5/5: Nc1ncnc2c1ncn2C1CCC(CNS(=O)(=O)NC(=O)CCCCC2SCC3NC(=O)NC32)C1 | UCB=3.385 | f=0.4954
2025-10-10 16:49:02,720 - INFO - Round 8 done in 29.57s; train size=55
2025-10-10 16:49:02,720 - INFO - 
--- Trial 1, beta=10.00, Round 9 (train size=55) ---
f1 shape: (5,)
2025-10-10 16:49:34,382 - INFO - [round 9] pick 1/5: COC(=O)C1CSCc2c(O)cc(O)c(C)c2C(=O)OCC(NC(=O)C2C(O)CCN2C(=O)OC(C)(C)C)C(=O)N1 | UCB=3.41 | f=0.5334
2025-10-10 16:49:34,413 - INFO - [round 9] pick 2/5: CC1CC2CSC(=N)NC2(c2nc(N=C(O)c3cnc(OCC4CC4)cn3)cs2)CO1 | UCB=3.408 | f=0.5629
2025-10-10 16:49:34,443 - INFO - [round 9] pick 3/5: O=c1c(F)cn(C2CC(O)C(CO)O2)c(=O)n1CCCn1c(=O)c(F)cn(C2CC(O)C(CO)O2)c1=O | UCB=3.392 | f=0.5206
2025-10-10 16:49:34,474 - INFO - [round 9] pick 4/5: Nc1nc(O)c2ncn(CC3(OCP(=O)(O)O)CC3)c2n1 | UCB=3.376 | f=0.4493
2025-10-10 16:49:34,506 - INFO - [round 9] pick 5/5: CC12CCC3C(CCC4CC(O)C([N+]5([O-])CCN(C(=O)C6CCCN6C(=O)C6=CNC7C=CC=CC7=C6)CC5)CC43C)C1CCC2O | UCB=3.374 | f=0.6462
2025-10-10 16:49:34,539 - INFO - Round 9 done in 31.82s; train size=60
2025-10-10 16:49:34,540 - INFO - 
--- Trial 1, beta=10.00, Round 10 (train size=60) ---
f1 shape: (5,)
2025-10-10 16:50:09,520 - INFO - [round 10] pick 1/5: COCC1OC(=O)C(=CN2CCC(C(=O)O)CC2)C2=C(O)C(=O)C3=C(C(OC(C)=O)CC4(C)C(O)CCC34)C21C | UCB=3.417 | f=0.5902
2025-10-10 16:50:09,553 - INFO - [round 10] pick 2/5: CC1=CC(O)C(=NO)C=CC=Cc2csc(n2)C(C)NC(=O)CC2(CC1)[S+]([O-])SC(=O)C2(C)O | UCB=3.409 | f=0.5924
2025-10-10 16:50:09,587 - INFO - [round 10] pick 3/5: CC(O)(C#Cc1cc2c(cc1F)C1CC(C1)n1c-2nc(C(N)=O)c1-c1nc(C2CC2)n[nH]1)CO | UCB=3.406 | f=0.5348
2025-10-10 16:50:09,621 - INFO - [round 10] pick 4/5: N=c1c2ncn3c2ncn1C1OC(COP(=O)(O)OP(=O)(O)OCC2OC3C(OP(=O)(O)O)C2O)C(O)C1O | UCB=3.378 | f=0.4164
2025-10-10 16:50:09,656 - INFO - [round 10] pick 5/5: O=C(NCCO)C1C(C(=O)Nc2ncc(Br)s2)C2CCC1C21CC1 | UCB=3.401 | f=0.5239
2025-10-10 16:50:09,693 - INFO - Round 10 done in 35.15s; train size=65
2025-10-10 16:50:09,693 - INFO - 
--- Trial 1, beta=10.00, Round 11 (train size=65) ---
f1 shape: (5,)
2025-10-10 16:50:46,928 - INFO - [round 11] pick 1/5: O=C(O)CC1(CC(=O)O)CC2(O)C3Cc4ccc(O)cc4C2(CCN3CC2CC2)CC1=O | UCB=3.423 | f=0.6511
2025-10-10 16:50:46,965 - INFO - [round 11] pick 2/5: Cc1nn(C)c(C)c1-c1cn2ncc(C(=N)O)c(NC3CN(C(=O)C4(C#N)CC4)CC3C)c2n1 | UCB=3.41 | f=0.538
2025-10-10 16:50:47,003 - INFO - [round 11] pick 3/5: C=C(C)C1OC2CCC3(C)C4(C)c5[nH]c6cc(Cl)c7c8c6c5C(OC(C)(C)C5CC(C(=C)C7)C85OO)C4CCC3(O)C23OC3C1O | UCB=3.405 | f=0.2421
2025-10-10 16:50:47,041 - INFO - [round 11] pick 4/5: O=c1[nH]c(=O)n(C2CC(O)C(CO)S2)cc1C(F)=C(Cl)Cl | UCB=3.398 | f=0.4564
2025-10-10 16:50:47,080 - INFO - [round 11] pick 5/5: O=C(NCCCCCNC(=O)C1=NOC2(C=C(Br)C(=O)C(Br)C2O)C1)C1=NOC2(C=C(Br)C(=O)C(Br)C2O)C1 | UCB=3.403 | f=0.5421
2025-10-10 16:50:47,119 - INFO - Round 11 done in 37.43s; train size=70
2025-10-10 16:50:47,119 - INFO - 
--- Trial 1, beta=10.00, Round 12 (train size=70) ---
f1 shape: (5,)
2025-10-10 16:51:27,193 - INFO - [round 12] pick 1/5: CC1CCC(Oc2nc(N)c3c(=O)ccn(C4CC(C(=O)O)CC4O)c3n2)CC1 | UCB=3.421 | f=0.5582
2025-10-10 16:51:27,233 - INFO - [round 12] pick 2/5: COC12C(COC(N)=O)c3c(O)c(N=C4C=CC(=NCC(=O)O)C=C4)c(C)c(O)c3N1CC1NC12 | UCB=3.418 | f=0.5735
2025-10-10 16:51:27,273 - INFO - [round 12] pick 3/5: CC12CSC(=N1)c1csc(n1)CNC(=O)CC(C=CCCS)OC(=O)C(CC(=O)O)NC2=O | UCB=3.415 | f=0.5264
2025-10-10 16:51:27,315 - INFO - [round 12] pick 4/5: CC12CCC(O)CC1=CCC1C2CCC2(C)C(c3n[nH]cc3CO)=CCC12 | UCB=3.413 | f=0.3113
2025-10-10 16:51:27,357 - INFO - [round 12] pick 5/5: CC(=O)NC1C(NC(=O)N2CCCC2C(=O)O)C=C(C(=O)O)OC1C(O)C(O)CO | UCB=3.404 | f=0.549
2025-10-10 16:51:27,402 - INFO - Round 12 done in 40.28s; train size=75
2025-10-10 16:51:27,402 - INFO - 
--- Trial 1, beta=10.00, Round 13 (train size=75) ---
f1 shape: (5,)
2025-10-10 16:52:10,408 - INFO - [round 13] pick 1/5: CC1(O)c2cccc(O)c2C(=O)C2C1CC1CC(=O)C(C(N)=O)=C(O)C1(O)C2O | UCB=3.419 | f=0.5523
2025-10-10 16:52:10,453 - INFO - [round 13] pick 2/5: CC(C)N=C(O)C1CCC(Nc2cc(-n3ncc4cc(C#N)cnc43)ncc2C(O)=NCC(F)C(C)(C)O)CC1 | UCB=3.404 | f=0.5915
2025-10-10 16:52:10,498 - INFO - [round 13] pick 3/5: CC1(C)C(C(=O)O)N2C(=O)C(Cc3cn(CC4CCCN4)nn3)C2S1(=O)=O | UCB=3.41 | f=0.4825
2025-10-10 16:52:10,543 - INFO - [round 13] pick 4/5: COC1=CC(=O)c2c(O)c3c(c(O)c2C1=O)C(=O)C1(CCc2c1c(O)c1c(O)nc(C=NOCCN4CCOCC4)cc1c2Br)C3=O | UCB=3.391 | f=0.5507
2025-10-10 16:52:10,589 - INFO - [round 13] pick 5/5: CCCC(=O)OC1C(C)OC(OC2C(C)OC(OC3C(CC=O)CC(C)C(O)C=CC=CCC(C)OC(=O)CC(O)C3OC)C(O)C2N(C)C)CC1(C)OC(=O)CC | UCB=3.381 | f=0.4991
2025-10-10 16:52:10,636 - INFO - Round 13 done in 43.23s; train size=80
2025-10-10 16:52:10,637 - INFO - 
--- Trial 1, beta=10.00, Round 14 (train size=80) ---
f1 shape: (5,)
2025-10-10 16:52:55,703 - INFO - [round 14] pick 1/5: CC1CC2OC2C=CC=CC(=NOCC(=O)N2CCN(C)CC2)Cc2c(Cl)c(O)cc(O)c2C(=O)O1 | UCB=3.422 | f=0.5996
2025-10-10 16:52:55,752 - INFO - [round 14] pick 2/5: CC(CC(=O)CC(C)C1CC(=O)C2(C)C3=C(C(=O)C(O)C12C)C1(C)CCC(=O)C(C)(C)C1CC3O)C(=O)O | UCB=3.415 | f=0.5653
2025-10-10 16:52:55,800 - INFO - [round 14] pick 3/5: ON=C(O)CCCCN=C(O)c1nc(-c2nc(C3CC3)cs2)sc1C1CC1 | UCB=3.404 | f=0.4807
2025-10-10 16:52:55,849 - INFO - [round 14] pick 4/5: O=C1C2C(C(=O)N1N=Cc1cc(Br)cc([N+](=O)[O-])c1O)C1C=CC2C12CC2 | UCB=3.416 | f=0.5723
2025-10-10 16:52:55,899 - INFO - [round 14] pick 5/5: O=C(C=Cc1cccnc1)OC1CC(O)(C(=O)O)CC(O)C1O | UCB=3.407 | f=0.5576
2025-10-10 16:52:55,952 - INFO - Round 14 done in 45.32s; train size=85
2025-10-10 16:52:55,952 - INFO - 
--- Trial 1, beta=10.00, Round 15 (train size=85) ---
f1 shape: (5,)
2025-10-10 16:53:44,049 - INFO - [round 15] pick 1/5: CC(O)C1C(=O)N2C(C(=O)O)=C(SC3CNC(C(=O)N4CC(=NO)C(C(=O)O)C4)C3)C(C)C12 | UCB=3.428 | f=0.5472
2025-10-10 16:53:44,100 - INFO - [round 15] pick 2/5: CCOc1cc(OC2CC3C(=O)N(C)CCCCC=CC4CC4(C(O)=NS(=O)(=O)C4CC4)N=C(O)C3C2)c2ccc(OC)c(Br)c2n1 | UCB=3.424 | f=0.4132
2025-10-10 16:53:44,153 - INFO - [round 15] pick 3/5: CCC1(O)C(=O)OCc2c1cc1n(c2=O)Cc2cc3cc4c(cc3nc2-1)OC(CO)O4 | UCB=3.407 | f=0.6006
2025-10-10 16:53:44,206 - INFO - [round 15] pick 4/5: N=C(O)c1nn(CC(=O)N2C(C(O)=NCCC(F)(F)F)CC3CC32)c2cnccc12 | UCB=3.411 | f=0.5755
2025-10-10 16:53:44,260 - INFO - [round 15] pick 5/5: O=C(O)C1(O)CCC(O)C(CP(=O)(O)O)C1 | UCB=3.385 | f=0.4578
2025-10-10 16:53:44,315 - INFO - Round 15 done in 48.36s; train size=90
2025-10-10 16:53:44,315 - INFO - 
--- Trial 1, beta=10.00, Round 16 (train size=90) ---
f1 shape: (5,)
2025-10-10 16:54:34,915 - INFO - [round 16] pick 1/5: O=C(O)CC(NC(=O)CNC(=O)c1cncc(NC2=NCC(O)CN2)c1)c1cc(Cl)cc(I)c1O | UCB=3.424 | f=0.5471
2025-10-10 16:54:34,973 - INFO - [round 16] pick 2/5: CC=CC1C=CC2CC(C)CCC2C1(C)C(O)=C1C(=O)C(CO)N(C)C1=O | UCB=3.413 | f=0.4817
2025-10-10 16:54:35,030 - INFO - [round 16] pick 3/5: O=C(CC12CCC(C(=O)O)(CC1)C2)N1CCc2c(n(Cc3cnc(C(F)(F)F)s3)c3ncccc23)C1 | UCB=3.416 | f=0.5325
2025-10-10 16:54:35,089 - INFO - [round 16] pick 4/5: OC1C=CC23c4cc5c(cc4C(O)N(CC2O)C3C1)OCO5 | UCB=3.415 | f=0.553
2025-10-10 16:54:35,147 - INFO - [round 16] pick 5/5: CC(C)C(O)(C(=O)OCN1C(=O)C2C3C=CC(C2C1=O)C1C2C(=O)N(COC(=O)C(O)(C(C)C)C(C)O)C(=O)C2C31)C(C)O | UCB=3.408 | f=0.4804
2025-10-10 16:54:35,209 - INFO - Round 16 done in 50.89s; train size=95
2025-10-10 16:54:35,209 - INFO - 
--- Trial 1, beta=10.00, Round 17 (train size=95) ---
f1 shape: (5,)
2025-10-10 16:55:28,823 - INFO - [round 17] pick 1/5: CC1CC=CC(O)C(O)CCC(=O)Cc2cc(O)cc(O)c2C(=O)O1 | UCB=3.427 | f=0.6141
2025-10-10 16:55:28,883 - INFO - [round 17] pick 2/5: CC1CN(C(C)CCO)C(C)CN1C(=O)N1Cc2c([nH][nH]c2=NC(=O)c2ccccn2)C1(C)C | UCB=3.414 | f=0.5511
2025-10-10 16:55:28,944 - INFO - [round 17] pick 3/5: N=C(O)C12CC3CC(C1)C(N=C(O)C1(CNS(=O)(=O)c4cc(Cl)c(Cl)cc4F)CC1)C(C3)C2 | UCB=3.415 | f=0.4703
2025-10-10 16:55:29,006 - INFO - [round 17] pick 4/5: CCSc1c(O)c2c(c(O)c1OC)C(CO)N1C(C#N)C3CC(C(=O)O)C(C1C2)N3C | UCB=3.413 | f=0.5105
2025-10-10 16:55:29,072 - INFO - [round 17] pick 5/5: O=C1CC2(CCN(c3nncs3)C2)CN1c1cncnc1 | UCB=3.375 | f=0.3671
2025-10-10 16:55:29,137 - INFO - Round 17 done in 53.93s; train size=100
2025-10-10 16:55:29,137 - INFO - 
--- Trial 1, beta=10.00, Round 18 (train size=100) ---
f1 shape: (5,)
2025-10-10 16:56:26,182 - INFO - [round 18] pick 1/5: CC1CCC(O)C(C)(C)C12Cc1cc(C(=O)O)cc(C(=O)O)c1O2 | UCB=3.426 | f=0.5829
2025-10-10 16:56:26,248 - INFO - [round 18] pick 2/5: COc1cccc2c1C(=O)c1c(O)c3c(c(O)c1C2=O)CC(O)(C(CO)=NNC(=O)CCCCCN1C(=O)CC(S)C1=O)CC3OC1CC(N)C(O)C(C)O1 | UCB=3.423 | f=0.569
2025-10-10 16:56:26,314 - INFO - [round 18] pick 3/5: NCC(=O)Nc1cc(O)cc(-c2nn3c(=O)cc(N4CCNCC4)nc3s2)c1 | UCB=3.41 | f=0.5727
2025-10-10 16:56:26,382 - INFO - [round 18] pick 4/5: [C-]#[N+]C1CC(OCC2CC2)CCC1n1cc(C(=N)O)c(=Nc2ccnc(F)c2)[nH]1 | UCB=3.408 | f=0.5652
2025-10-10 16:56:26,450 - INFO - [round 18] pick 5/5: C=C1CCOC2(C(O)C(C)(O)CO)NC(=O)C1(NO)NC2=O | UCB=3.383 | f=0.468
2025-10-10 16:56:26,521 - INFO - Round 18 done in 57.38s; train size=105
2025-10-10 16:56:26,521 - INFO - 
--- Trial 1, beta=10.00, Round 19 (train size=105) ---
f1 shape: (5,)
2025-10-10 16:57:24,920 - INFO - [round 19] pick 1/5: COc1c(N2CC3CCCNC3C2)c(F)cc2c(=O)c(C(=O)SCC(=O)NC(P(=O)(O)O)P(=O)(O)O)cn(C3CC3)c12 | UCB=3.426 | f=0.5487
2025-10-10 16:57:24,992 - INFO - [round 19] pick 2/5: CC1CC2C3CCC4=Cc5c(cnn5C5=CC=CNC5Cl)CC4(C)C3C(O)CC2(C)C1(O)C(=O)CO | UCB=3.422 | f=0.6364
2025-10-10 16:57:25,063 - INFO - [round 19] pick 3/5: NC(CCO)C(O)=NCC1CCc2c(sc3ncnc(Nc4ccc5nc(O)sc5c4)c23)C1 | UCB=3.408 | f=0.5954
2025-10-10 16:57:25,136 - INFO - [round 19] pick 4/5: O=C(O)C1=CC(O)CN(Cc2cc(=O)[nH]c(=O)[nH]2)C1 | UCB=3.425 | f=0.4905
2025-10-10 16:57:25,210 - INFO - [round 19] pick 5/5: O=C1C(O)=CC2(C3Oc4cc(O)cc(O)c4CC3O)Oc3c(O)c(O)cc(C4Oc5cc(O)cc(O)c5CC4O)c3C12 | UCB=3.398 | f=0.5583
2025-10-10 16:57:25,287 - INFO - Round 19 done in 58.77s; train size=110
2025-10-10 16:57:25,289 - INFO - === Completed Trial ===
