2025-10-11 14:16:35,437 - INFO - 
--- Round 0 | trial=3 | sqrt_beta=1.0000 (beta=1.0000) | rho=0.80 | train size=10 ---
2025-10-11 14:16:47,405 - INFO - [round 0] pick 1/5: COCCNC(=O)C1CCN(S(=O)(=O)c2ccc3c(c2)CCCN3C(C)=O)CC1 | UCB=1.104 | mu=0.1654 | std=0.9382 | f=0.1553
2025-10-11 14:16:47,406 - INFO - [round 0] pick 2/5: CN(C)C(=O)CN1C(=O)CCC12CCN(Cc1ccc(F)cc1)CC2 | UCB=1.098 | mu=0.1544 | std=0.9438 | f=0.1221
2025-10-11 14:16:47,407 - INFO - [round 0] pick 3/5: COc1cc(OC)cc(C(=O)NC(C(=O)OCC(=O)Nc2cccc(F)c2)C(C)C)c1 | UCB=1.08 | mu=0.1263 | std=0.9534 | f=0.3835
2025-10-11 14:16:47,408 - INFO - [round 0] pick 4/5: Cc1c(C(=O)OC2CCC(C)CC2)[nH]c2c1C(=O)CCC2 | UCB=1.078 | mu=0.1028 | std=0.9752 | f=0.1427
2025-10-11 14:16:47,409 - INFO - [round 0] pick 5/5: N=C(S)CCn1[nH]c(=O)ccc1=O | UCB=1.065 | mu=0.08582 | std=0.9797 | f=0.09011
2025-10-11 14:16:47,411 - INFO - Round 0 done in 11.97s; train size=15
2025-10-11 14:16:47,411 - INFO - 
--- Round 1 | trial=3 | sqrt_beta=1.0000 (beta=1.0000) | rho=0.80 | train size=15 ---
2025-10-11 14:17:02,393 - INFO - [round 1] pick 1/5: COc1cccc(NC(=O)c2ccc(F)c(C(C)=O)c2)c1 | UCB=1.115 | mu=0.2039 | std=0.9112 | f=0.2899
2025-10-11 14:17:02,394 - INFO - [round 1] pick 2/5: COc1cc(OC)cc(C(=O)NCC2(N3CCOCC3)CCCCC2)c1 | UCB=1.105 | mu=0.1699 | std=0.9349 | f=0.1291
2025-10-11 14:17:02,396 - INFO - [round 1] pick 3/5: COC(=O)c1c(NC(=O)COC(=O)C(NS(=O)(=O)c2cccc(Cl)c2)C(C)C)sc2c1CCC2 | UCB=1.104 | mu=0.1799 | std=0.9241 | f=0.414
2025-10-11 14:17:02,398 - INFO - [round 1] pick 4/5: CCOC(=O)C(C)NP(=O)(OCC1OC(n2ccc(=O)[nH]c2=O)C(C)(F)C1O)Oc1ccc(F)cc1 | UCB=1.096 | mu=0.1482 | std=0.9475 | f=0.4264
2025-10-11 14:17:02,399 - INFO - [round 1] pick 5/5: CC(=O)OC1CCC2(C)C(CCC3(C)C2CC=C2C4C(C)C(C)CCC4(C(=O)N4CCN(C(=S)Nc5cccc(F)c5)CC4)CCC23C)C1(C)C | UCB=1.088 | mu=0.1251 | std=0.9629 | f=0.1283
2025-10-11 14:17:02,401 - INFO - Round 1 done in 14.99s; train size=20
2025-10-11 14:17:02,402 - INFO - 
--- Round 2 | trial=3 | sqrt_beta=1.0000 (beta=1.0000) | rho=0.80 | train size=20 ---
2025-10-11 14:17:19,861 - INFO - [round 2] pick 1/5: COc1ccc(NC(=O)COC(=O)c2cc3c(s2)CCC3)cc1 | UCB=1.149 | mu=0.2572 | std=0.8919 | f=0.3506
2025-10-11 14:17:19,864 - INFO - [round 2] pick 2/5: CCOC(=O)C(NP(=O)(OCC1OC(n2cc(C)c(=O)[nH]c2=O)CC1N=[N+]=[N-])Oc1ccccc1)C(C)C | UCB=1.139 | mu=0.2267 | std=0.9125 | f=0.4257
2025-10-11 14:17:19,866 - INFO - [round 2] pick 3/5: CC(C)C(NS(=O)(=O)c1ccc(F)cc1)C(=O)NC1CCOC1O | UCB=1.134 | mu=0.2042 | std=0.9303 | f=0.139
2025-10-11 14:17:19,869 - INFO - [round 2] pick 4/5: COc1cc(CNC(=O)C2=CC(O)C(O)C(OC(C(N)=O)C3OC(n4ccc(=O)[nH]c4=O)C(O)C3OC)O2)cc(OC)c1OC | UCB=1.128 | mu=0.1747 | std=0.9533 | f=0.3295
2025-10-11 14:17:19,872 - INFO - [round 2] pick 5/5: CCOC(=O)C(=O)Nc1cc(C(=O)OC)c(Cl)c(NC(=O)C(=O)OCC)c1Cl | UCB=1.121 | mu=0.1606 | std=0.9602 | f=0.1514
2025-10-11 14:17:19,875 - INFO - Round 2 done in 17.47s; train size=25
2025-10-11 14:17:19,875 - INFO - 
--- Round 3 | trial=3 | sqrt_beta=1.0000 (beta=1.0000) | rho=0.80 | train size=25 ---
2025-10-11 14:17:39,856 - INFO - [round 3] pick 1/5: COC(=O)C(C)NP(=O)(OCC1C=CC(n2cc(C)c(=O)[nH]c2=O)O1)Oc1ccc(OC(F)(F)F)cc1 | UCB=1.172 | mu=0.2876 | std=0.8847 | f=0.3419
2025-10-11 14:17:39,860 - INFO - [round 3] pick 2/5: COc1cc(CCC(=O)OCC(=O)Nc2cccc(S(N)(=O)=O)c2)cc(OC)c1OC | UCB=1.155 | mu=0.2644 | std=0.8906 | f=0.3381
2025-10-11 14:17:39,864 - INFO - [round 3] pick 3/5: CC(=O)NC(C(=O)OC(C)C1C(=O)N2C(C(=O)OCc3ccc([N+](=O)[O-])cc3)=CSC12)C(C)C | UCB=1.152 | mu=0.2216 | std=0.9306 | f=0.1491
2025-10-11 14:17:39,867 - INFO - [round 3] pick 4/5: CCOC(=O)c1c(NC(=O)C2C3CCC(O3)C2C(=O)O)sc2c1CCCC2 | UCB=1.121 | mu=0.1814 | std=0.9396 | f=0.1941
2025-10-11 14:17:39,872 - INFO - [round 3] pick 5/5: O=c1ccn(C2CC(F)C(COP(=O)(O)OP(=O)(O)OP(=O)(O)O)O2)c(=O)[nH]1 | UCB=1.124 | mu=0.178 | std=0.9456 | f=0.1105
2025-10-11 14:17:39,876 - INFO - Round 3 done in 20.00s; train size=30
2025-10-11 14:17:39,876 - INFO - 
--- Round 4 | trial=3 | sqrt_beta=1.0000 (beta=1.0000) | rho=0.80 | train size=30 ---
2025-10-11 14:18:03,639 - INFO - [round 4] pick 1/5: CCOC(=O)C(C)NP(=O)(OCC1(N=[N+]=[N-])OC(n2ccc(N)nc2=O)C(O)C1O)Oc1c(OC)cccc1OC | UCB=1.161 | mu=0.2534 | std=0.9076 | f=0.4069
2025-10-11 14:18:03,644 - INFO - [round 4] pick 2/5: Cc1cn(C2CC(O)C(CNC(=O)Nc3cccc(Cl)c3)O2)c(=O)[nH]c1=O | UCB=1.155 | mu=0.2536 | std=0.9017 | f=0.3384
2025-10-11 14:18:03,649 - INFO - [round 4] pick 3/5: CCCC(C)C(=O)OCC(=O)Nc1c(Br)cc(C)cc1Br | UCB=1.138 | mu=0.1991 | std=0.9388 | f=0.1684
2025-10-11 14:18:03,655 - INFO - [round 4] pick 4/5: COc1ccc(CC(C)(C)NC(=O)C(CC2CCCCC2)NC(=O)C(NC(=O)C(N)CNC(=O)c2[nH]c(=O)[nH]c(=O)c2F)C(C)C)cc1 | UCB=1.136 | mu=0.2035 | std=0.9323 | f=0.4419
2025-10-11 14:18:03,660 - INFO - [round 4] pick 5/5: COc1cc2c(cc1OC)C(COc1cccc(C(F)(F)F)c1)NCC2 | UCB=1.13 | mu=0.1846 | std=0.9458 | f=0.226
2025-10-11 14:18:03,666 - INFO - Round 4 done in 23.79s; train size=35
2025-10-11 14:18:03,666 - INFO - 
--- Round 5 | trial=3 | sqrt_beta=1.0000 (beta=1.0000) | rho=0.80 | train size=35 ---
2025-10-11 14:18:29,319 - INFO - [round 5] pick 1/5: CCCCn1c(N)c(N(CC(C)C)C(=O)COC(=O)Cc2cccc(OC)c2)c(=O)[nH]c1=O | UCB=1.173 | mu=0.2532 | std=0.9195 | f=0.3766
2025-10-11 14:18:29,326 - INFO - [round 5] pick 2/5: CCOC(=O)C(C)NP(=O)(OCC1OC(O)C(NC(C)=O)C(O)C1O)Oc1ccc(OC)cc1 | UCB=1.168 | mu=0.3097 | std=0.8587 | f=0.1639
2025-10-11 14:18:29,333 - INFO - [round 5] pick 3/5: COC(=O)c1cccc(NC(=O)NC2CC(C3CCCCC3)c3ccc(C)cc3N(CC(=O)NC(C)(C)C)C2=O)c1 | UCB=1.163 | mu=0.25 | std=0.9129 | f=0.4659
2025-10-11 14:18:29,340 - INFO - [round 5] pick 4/5: COc1c(CN2CCCC(n3cc(C)c(=O)[nH]c3=O)C2)cccc1Oc1cc(F)cc(Cl)c1 | UCB=1.153 | mu=0.2377 | std=0.9157 | f=0.1124
2025-10-11 14:18:29,347 - INFO - [round 5] pick 5/5: COCCCOc1cc(CC(CC(N)C(O)CC(C(=O)NCC(C)(C)CNC(=O)c2ccc(OC)cc2)C(C)C)C(C)C)ccc1OC | UCB=1.161 | mu=0.2285 | std=0.9327 | f=0.3128
2025-10-11 14:18:29,355 - INFO - Round 5 done in 25.69s; train size=40
2025-10-11 14:18:29,355 - INFO - 
--- Round 6 | trial=3 | sqrt_beta=1.0000 (beta=1.0000) | rho=0.80 | train size=40 ---
2025-10-11 14:18:58,860 - INFO - [round 6] pick 1/5: COc1ccc(C2C(C(=O)OCC(=O)NC(C)(C)C)CCC(=O)N2c2ccc(C)cc2)cc1OC | UCB=1.182 | mu=0.2829 | std=0.8995 | f=0.3689
2025-10-11 14:18:58,869 - INFO - [round 6] pick 2/5: COc1ccc2c(c1)C(CC(=O)NC(CC(C)C)C(=O)NC(CC(C)C)C(=O)NCc1c(F)cccc1F)CC2=O | UCB=1.178 | mu=0.2663 | std=0.9121 | f=0.3791
2025-10-11 14:18:58,878 - INFO - [round 6] pick 3/5: COC(=O)C=Cc1cn(C2CC(O)C(COP(=O)(NC(C(=O)OC3CCCCC3)C(C)C)Oc3ccccc3)O2)c(=O)[nH]c1=O | UCB=1.168 | mu=0.3189 | std=0.8486 | f=0.4567
2025-10-11 14:18:58,887 - INFO - [round 6] pick 4/5: CCCCOC(=O)C1=C(SC2CNC(C(=O)Nc3cccc(C(=O)OCCCC)c3)C2)C(C)C2C(C(C)O)C(=O)N12 | UCB=1.17 | mu=0.2478 | std=0.9218 | f=0.1651
2025-10-11 14:18:58,896 - INFO - [round 6] pick 5/5: Cn1cc(NC(=O)c2cc(NC(=O)c3cc(NC(=O)CN=C(N)N)cn3C)cn2C)cc1C(=O)NCC(=N)N | UCB=1.138 | mu=0.1825 | std=0.955 | f=0.116
2025-10-11 14:18:58,907 - INFO - Round 6 done in 29.55s; train size=45
2025-10-11 14:18:58,907 - INFO - 
--- Round 7 | trial=3 | sqrt_beta=1.0000 (beta=1.0000) | rho=0.80 | train size=45 ---
2025-10-11 14:19:31,793 - INFO - [round 7] pick 1/5: COc1cccc(C2OC(CC(=O)NC(CC(C)C)C(=O)O)C(=O)N(CC(C)(C)CO)c3ccc(Cl)cc32)c1OC | UCB=1.186 | mu=0.2851 | std=0.9013 | f=0.3897
2025-10-11 14:19:31,804 - INFO - [round 7] pick 2/5: COc1ccc(CC(NC(=O)C(C)NC(=O)C2=C(C)c3ccccc3C2)C(=O)NC(CC2CCCCC2)C(=O)C2(C)CO2)cc1 | UCB=1.181 | mu=0.2989 | std=0.8822 | f=0.4486
2025-10-11 14:19:31,815 - INFO - [round 7] pick 3/5: Cc1cccc2c1OP(=O)(OCC1OC(n3cc(C=CBr)c(=O)[nH]c3=O)CC1OC(=O)C(N)C(C)C)OC2 | UCB=1.171 | mu=0.2648 | std=0.9065 | f=0.3681
2025-10-11 14:19:31,827 - INFO - [round 7] pick 4/5: O=C(CCn1c2c(c(=O)[nH]c1=O)CSCC2)NCC(=O)c1ccc(OC(F)F)cc1 | UCB=1.167 | mu=0.2424 | std=0.9242 | f=0.351
2025-10-11 14:19:31,839 - INFO - [round 7] pick 5/5: CN(O)C(=O)COC(c1ccc(F)c(F)c1)P(=O)(OCOC(=O)OC(C)(C)C)OCOC(=O)OC(C)(C)C | UCB=1.14 | mu=0.191 | std=0.9494 | f=0.1301
2025-10-11 14:19:31,851 - INFO - Round 7 done in 32.94s; train size=50
2025-10-11 14:19:31,851 - INFO - 
--- Round 8 | trial=3 | sqrt_beta=1.0000 (beta=1.0000) | rho=0.80 | train size=50 ---
2025-10-11 14:20:07,576 - INFO - [round 8] pick 1/5: COc1ccc(CN2C(=O)C(CC(=O)NCc3ccco3)CC(C(=O)N(C(C)C)C(C)C)=C2C)cc1 | UCB=1.203 | mu=0.3161 | std=0.8867 | f=0.3754
2025-10-11 14:20:07,589 - INFO - [round 8] pick 2/5: COc1cc(C=CC(=O)Nc2ccc(NC(=O)C(O)C(N)CCC3CCCCC3)cc2)cc(OC)c1OC | UCB=1.191 | mu=0.2954 | std=0.896 | f=0.4412
2025-10-11 14:20:07,603 - INFO - [round 8] pick 3/5: CCCCCOC(=O)C(C)(C)NP(=O)(OCC1OC(n2cc(F)c(=O)[nH]c2=O)CC1O)Oc1cccc2ccccc12 | UCB=1.177 | mu=0.2979 | std=0.8791 | f=0.1373
2025-10-11 14:20:07,617 - INFO - [round 8] pick 4/5: COC(=O)COc1ccc(C(C2C(=O)CC(C)(C)CC2=O)C2C(=O)CC(C)(C)CC2=O)cc1 | UCB=1.176 | mu=0.2473 | std=0.929 | f=0.1268
2025-10-11 14:20:07,632 - INFO - [round 8] pick 5/5: CC(NC(=O)C(CCCCN1C(=O)CCC1=O)NC(=O)CI)C(=O)NC(C)C(=O)OC(C)(C)C | UCB=1.153 | mu=0.2161 | std=0.9373 | f=0.008222
2025-10-11 14:20:07,647 - INFO - Round 8 done in 35.80s; train size=55
2025-10-11 14:20:07,647 - INFO - 
--- Round 9 | trial=3 | sqrt_beta=1.0000 (beta=1.0000) | rho=0.80 | train size=55 ---
2025-10-11 14:20:45,745 - INFO - [round 9] pick 1/5: COc1ccc(NCCNC(=O)C(CC2CCCCC2)NC(=O)c2cccc(C)c2)cc1 | UCB=1.205 | mu=0.3534 | std=0.8513 | f=0.4456
2025-10-11 14:20:45,761 - INFO - [round 9] pick 2/5: CCN1C(=O)C2C(c3ccc(-c4ccc(OC)cc4)c(OC)c3)NC(CC(C)C)(C(=O)OC)C2C1=O | UCB=1.192 | mu=0.2977 | std=0.894 | f=0.3441
2025-10-11 14:20:45,778 - INFO - [round 9] pick 3/5: COc1cc(C2c3cc4c(cc3CC3COC(=O)C32)OCO4)cc(OC)c1OC(=O)NC(C(=O)NC1CCCC1)C(C)C | UCB=1.181 | mu=0.2603 | std=0.9205 | f=0.429
2025-10-11 14:20:45,795 - INFO - [round 9] pick 4/5: Cc1cn(CC2CC(N=[N+]=[N-])C(COC(=O)C(=O)NC(Cc3ccc(O)cc3)C(=O)O)O2)c(=O)[nH]c1=O | UCB=1.169 | mu=0.2665 | std=0.902 | f=0.4206
2025-10-11 14:20:45,812 - INFO - [round 9] pick 5/5: COc1ccc(NC(=O)C=Cc2ccc(Cl)c(C(F)(F)F)c2)cc1OCCN(C(C)C)C(C)C | UCB=1.176 | mu=0.2655 | std=0.9101 | f=0.2944
2025-10-11 14:20:45,831 - INFO - Round 9 done in 38.18s; train size=60
2025-10-11 14:20:45,831 - INFO - 
--- Round 10 | trial=3 | sqrt_beta=1.0000 (beta=1.0000) | rho=0.80 | train size=60 ---
2025-10-11 14:21:26,183 - INFO - [round 10] pick 1/5: COc1ccc(N(CC(=O)NC2CCCCC2)C(=O)CNC(=O)c2ccco2)c(OC)c1 | UCB=1.219 | mu=0.3308 | std=0.8885 | f=0.4472
2025-10-11 14:21:26,202 - INFO - [round 10] pick 2/5: COC(=O)c1ccc2[nH]c(=O)c3cc(CC(C#N)NC(=O)C4NC5CCC4C5)ccc3c2c1 | UCB=1.196 | mu=0.2756 | std=0.9199 | f=0.1443
2025-10-11 14:21:26,222 - INFO - [round 10] pick 3/5: COC1C(C(CC(N)=O)NC(=O)C(C(C)C)N(CCc2ccc(Br)cc2)C(=O)Nc2ccc(Cl)cc2)OC2OC(C)(C)OC21 | UCB=1.181 | mu=0.2563 | std=0.9246 | f=0.3689
2025-10-11 14:21:26,242 - INFO - [round 10] pick 4/5: Cc1cc(C)cc(C(=O)c2c(C(C)C)c(=O)[nH]c(=O)n2CC2CCCC2)c1 | UCB=1.187 | mu=0.2712 | std=0.9158 | f=0.4342
2025-10-11 14:21:26,263 - INFO - [round 10] pick 5/5: COc1cccc(OC)c1C=CC(=O)NC(C)c1nc2scc(C)c2c(=O)o1 | UCB=1.171 | mu=0.2474 | std=0.9233 | f=0.1039
2025-10-11 14:21:26,284 - INFO - Round 10 done in 40.45s; train size=65
2025-10-11 14:21:26,285 - INFO - 
--- Round 11 | trial=3 | sqrt_beta=1.0000 (beta=1.0000) | rho=0.80 | train size=65 ---
2025-10-11 14:22:10,116 - INFO - [round 11] pick 1/5: COc1ccc(NC(=O)N(C)CC2OCCCCC(C)Oc3ccc(NC(=O)NC4CCCCC4)cc3C(=O)N(C(C)CO)CC2C)cc1 | UCB=1.231 | mu=0.3389 | std=0.8916 | f=0.4252
2025-10-11 14:22:10,139 - INFO - [round 11] pick 2/5: COc1ccc(CC(=O)NC(=N)NC(CC2CCCCC2)C(=O)NCc2ccc(-c3nnn[nH]3)cc2)cc1OC | UCB=1.215 | mu=0.3445 | std=0.871 | f=0.1549
2025-10-11 14:22:10,162 - INFO - [round 11] pick 3/5: CC(C)S(=O)(=O)NCC(C1CC1)N1C(=O)C(C)(CC(=O)O)CC(c2cccc(Cl)c2)C1c1ccc(Cl)cc1 | UCB=1.187 | mu=0.2749 | std=0.9123 | f=0.4096
2025-10-11 14:22:10,190 - INFO - [round 11] pick 4/5: CC(C)CN(C(=O)CCC(=O)OC(C)C(=O)Nc1cccc(C#N)c1)c1c(N)n(CC(C)C)c(=O)[nH]c1=O | UCB=1.176 | mu=0.2976 | std=0.8784 | f=0.3717
2025-10-11 14:22:10,215 - INFO - [round 11] pick 5/5: CC=C1CN2C3CC45c6cc(OC)ccc6NC4(O3)C2CC1C5(COC(=O)c1cc(OC)c(OC)c(OC)c1)C(=O)OC | UCB=1.172 | mu=0.2551 | std=0.917 | f=0.341
2025-10-11 14:22:10,240 - INFO - Round 11 done in 43.96s; train size=70
2025-10-11 14:22:10,240 - INFO - 
--- Round 12 | trial=3 | sqrt_beta=1.0000 (beta=1.0000) | rho=0.80 | train size=70 ---
2025-10-11 14:22:58,578 - INFO - [round 12] pick 1/5: COc1cccc(S(=O)(=O)Nc2ccc3c(c2)C2CC(CC(=O)NC4CCCCC4)OC(CO)C2O3)c1 | UCB=1.222 | mu=0.3382 | std=0.8837 | f=0.415
2025-10-11 14:22:58,604 - INFO - [round 12] pick 2/5: COc1cc(C(=O)NC(C(=O)NC2CCCc3ccccc32)C(C)C)cc(OC)c1OC | UCB=1.205 | mu=0.3493 | std=0.8556 | f=0.378
2025-10-11 14:22:58,631 - INFO - [round 12] pick 3/5: COc1ccc(C(=O)NC(=O)Nc2ccc3c(c2)NC(=O)C3=Cc2[nH]c(C)c(CCC(=O)O)c2C)cc1 | UCB=1.198 | mu=0.2954 | std=0.9029 | f=0.125
2025-10-11 14:22:58,659 - INFO - [round 12] pick 4/5: CC(C)CC1CN(C(CC(C)C)CN2CCCC2CN2C(=O)C(=O)NCC2Cc2ccc(O)cc2)C(=O)C(=O)N1CC1CCCCCC1 | UCB=1.179 | mu=0.2478 | std=0.9312 | f=0.1459
2025-10-11 14:22:58,687 - INFO - [round 12] pick 5/5: CC(C)C(=O)OCC1OC(n2ccc(N)nc2=O)C(C)(F)C1OC(=O)C(C)C | UCB=1.16 | mu=0.2386 | std=0.9215 | f=0.1514
2025-10-11 14:22:58,716 - INFO - Round 12 done in 48.48s; train size=75
2025-10-11 14:22:58,716 - INFO - 
--- Round 13 | trial=3 | sqrt_beta=1.0000 (beta=1.0000) | rho=0.80 | train size=75 ---
2025-10-11 14:23:48,806 - INFO - [round 13] pick 1/5: COc1cccc(N(c2cccc(C(=O)NC(Cc3ccccc3)C(O)CNC(C)C(=O)NC3CCCCC3)c2)S(C)(=O)=O)c1 | UCB=1.216 | mu=0.3404 | std=0.8752 | f=0.1585
2025-10-11 14:23:48,836 - INFO - [round 13] pick 2/5: CN(CC(=O)Nc1ccc(Cl)cc1)C(=O)CN1C(=O)C2CCCCC2C1=O | UCB=1.196 | mu=0.2976 | std=0.8982 | f=0.1632
2025-10-11 14:23:48,868 - INFO - [round 13] pick 3/5: COC(=O)C(COC(C)(C)C)NC(=O)OC1Cc2cc(OC)ccc2OC1c1cccc(OC)c1 | UCB=1.198 | mu=0.3049 | std=0.8935 | f=0.3464
2025-10-11 14:23:48,900 - INFO - [round 13] pick 4/5: Cc1cn(CC2CC(NC(=O)C(N)CC(C)C)C(CO)O2)c(=O)[nH]c1=O | UCB=1.16 | mu=0.2683 | std=0.8917 | f=0.1582
2025-10-11 14:23:48,933 - INFO - [round 13] pick 5/5: O=c1[nH]c(=O)n(Cc2ccco2)c2c1C(C(F)(F)F)(C(F)(F)F)NC(CCC1CCCCC1)=N2 | UCB=1.159 | mu=0.2285 | std=0.9306 | f=0.3499
2025-10-11 14:23:48,966 - INFO - Round 13 done in 50.25s; train size=80
2025-10-11 14:23:48,966 - INFO - 
--- Round 14 | trial=3 | sqrt_beta=1.0000 (beta=1.0000) | rho=0.80 | train size=80 ---
2025-10-11 14:24:40,753 - INFO - [round 14] pick 1/5: COc1ccc2c(c1)OC(c1cccc(C(F)(F)F)c1)C(OC(=O)NC(C)C1CCCCC1)C2=O | UCB=1.213 | mu=0.3384 | std=0.8742 | f=0.4068
2025-10-11 14:24:40,787 - INFO - [round 14] pick 2/5: CCOC(=O)C1C2COc3ccc(Cl)cc3C2NC1(C)C(=O)Nc1cc(C)ccc1C(=O)OC | UCB=1.186 | mu=0.2853 | std=0.9009 | f=0.4025
2025-10-11 14:24:40,822 - INFO - [round 14] pick 3/5: Cc1sc(C(=O)Nc2cccc(CN3CCC(C(O)=NC4CCCCC4)CC3)c2)cc1CC(C)C | UCB=1.187 | mu=0.2884 | std=0.8984 | f=0.4425
2025-10-11 14:24:40,858 - INFO - [round 14] pick 4/5: COc1cc(C(=O)C(=O)N2C3CCCC2C(=O)OCC(CO[Si](C)(C)C(C)(C)C)COC3=O)cc(OC)c1OC | UCB=1.176 | mu=0.2781 | std=0.898 | f=0.1482
2025-10-11 14:24:40,895 - INFO - [round 14] pick 5/5: O=C(NC(n1ccc(=O)[nH]c1=O)C(Cl)(Cl)Cl)c1ccco1 | UCB=1.148 | mu=0.2184 | std=0.9294 | f=0.2582
2025-10-11 14:24:40,932 - INFO - Round 14 done in 51.97s; train size=85
2025-10-11 14:24:40,932 - INFO - 
--- Round 15 | trial=3 | sqrt_beta=1.0000 (beta=1.0000) | rho=0.80 | train size=85 ---
2025-10-11 14:25:37,479 - INFO - [round 15] pick 1/5: COc1ccc(S(=O)(=O)N(C)CC2Oc3ccc(NC(=O)C4CCCCC4)cc3CC(=O)N(C(C)CO)CC2C)cc1 | UCB=1.212 | mu=0.3599 | std=0.8519 | f=0.4357
2025-10-11 14:25:37,518 - INFO - [round 15] pick 2/5: CC(Cc1ccc2c(c1)OC(C(=O)OCC1CCC1)(C(=O)OCC1CCC1)O2)NCC(O)c1cccc(Cl)c1 | UCB=1.202 | mu=0.2925 | std=0.9091 | f=0.4278
2025-10-11 14:25:37,557 - INFO - [round 15] pick 3/5: CCOc1cc(NC(=O)CC(C)C)c(OCC)cc1N=C(S)Nc1cccc(C)c1 | UCB=1.186 | mu=0.2847 | std=0.9013 | f=0.3523
2025-10-11 14:25:37,597 - INFO - [round 15] pick 4/5: COc1ccc(C(=O)OC2C=CC(=O)C3(CC(=O)OC3C=C(C)CCC=C(C)C)C2)c(OC)c1 | UCB=1.18 | mu=0.2662 | std=0.9137 | f=0.1247
2025-10-11 14:25:37,639 - INFO - [round 15] pick 5/5: OC(=NC1CCC(O)CC1)C1NC(CC2CCCC2)C2(CNc3cc(Cl)ccc32)C1c1cccc(Cl)c1F | UCB=1.172 | mu=0.2362 | std=0.9358 | f=0.3333
2025-10-11 14:25:37,681 - INFO - Round 15 done in 56.75s; train size=90
2025-10-11 14:25:37,681 - INFO - 
--- Round 16 | trial=3 | sqrt_beta=1.0000 (beta=1.0000) | rho=0.80 | train size=90 ---
2025-10-11 14:26:35,573 - INFO - [round 16] pick 1/5: COc1cc(C)ccc1S(=O)(=O)NC(=O)C1(C)CCN1C(=O)c1ccc(C2CCCCC2)cc1 | UCB=1.21 | mu=0.3344 | std=0.876 | f=0.4211
2025-10-11 14:26:35,617 - INFO - [round 16] pick 2/5: COc1cccc(CNCC(C)C(=O)N(Cc2cc(Cl)c3c(c2)OCCCO3)CC(C)C)c1 | UCB=1.198 | mu=0.2922 | std=0.9054 | f=0.3511
2025-10-11 14:26:35,661 - INFO - [round 16] pick 3/5: CNC(C)C(=O)N=c1ccc2c([nH]1)OC(C)(CC(C)C)C(=O)N2c1cccc(Cl)c1 | UCB=1.199 | mu=0.2939 | std=0.9049 | f=0.3174
2025-10-11 14:26:35,707 - INFO - [round 16] pick 4/5: CC(C)COC(=O)NC(C(=O)N1CC(C2CCCCC2)CC1C(=O)NC(CC(F)F)C(=O)NCCc1c(F)ccc(OC(C)C(=O)O)c1F)C(C)C | UCB=1.182 | mu=0.273 | std=0.9089 | f=0.191
2025-10-11 14:26:35,753 - INFO - [round 16] pick 5/5: COC12CCC3(CC1CN=C(O)Nc1cccc(C)c1)C1Cc4ccc(O)c5c4C3(CCN1CC1CC1)C2O5 | UCB=1.191 | mu=0.267 | std=0.924 | f=0.3503
2025-10-11 14:26:35,800 - INFO - Round 16 done in 58.12s; train size=95
2025-10-11 14:26:35,800 - INFO - 
--- Round 17 | trial=3 | sqrt_beta=1.0000 (beta=1.0000) | rho=0.80 | train size=95 ---
2025-10-11 14:27:39,599 - INFO - [round 17] pick 1/5: COC(=O)C=Cc1cccc(N(Cc2ccc3c(c2OC)OC(C)(C)C=C3)C(=O)C2CCCCC2)c1 | UCB=1.214 | mu=0.3217 | std=0.892 | f=0.3916
2025-10-11 14:27:39,648 - INFO - [round 17] pick 2/5: Cc1cccc(C)c1N1CC(CN(C)C2CCC2)(C(=O)Nc2cc(OC(C)C)cc(C(F)(F)F)c2)C(C)C1=O | UCB=1.203 | mu=0.3024 | std=0.9006 | f=0.378
2025-10-11 14:27:39,697 - INFO - [round 17] pick 3/5: CCOC(=O)CC(CN1CCc2cc(F)ccc21)NC(=O)C(CC1CCCCC1)Nc1nc2ccc(Cl)cc2o1 | UCB=1.204 | mu=0.3111 | std=0.8928 | f=0.1677
2025-10-11 14:27:39,748 - INFO - [round 17] pick 4/5: COc1ccc2c(c1)CN(S(=O)(=O)c1ccc(C)cc1)C(CC(C)C)CO2 | UCB=1.198 | mu=0.3072 | std=0.8907 | f=0.3126
2025-10-11 14:27:39,799 - INFO - [round 17] pick 5/5: CCc1ccc2c(c1)C(NCC(O)C1Cc3cccc(c3)CCCCCCCC(=O)N1)CC1(CCC1)O2 | UCB=1.184 | mu=0.2554 | std=0.9284 | f=0.3249
2025-10-11 14:27:39,852 - INFO - Round 17 done in 64.05s; train size=100
2025-10-11 14:27:39,852 - INFO - 
--- Round 18 | trial=3 | sqrt_beta=1.0000 (beta=1.0000) | rho=0.80 | train size=100 ---
2025-10-11 14:28:43,588 - INFO - [round 18] pick 1/5: Cc1cccc(NC(=O)ON=C(C2CCCCC2)C(Cc2cccs2)C2CCCCC2)c1 | UCB=1.213 | mu=0.3213 | std=0.8915 | f=0.3922
2025-10-11 14:28:43,642 - INFO - [round 18] pick 2/5: COc1ccc(C2C(C(=O)O)C(c3ccc4c(c3)OCO4)CN2CC(=O)Nc2c(C)cccc2C(C)C)cc1 | UCB=1.207 | mu=0.3231 | std=0.8839 | f=0.1404
2025-10-11 14:28:43,697 - INFO - [round 18] pick 3/5: CC(C)OC(=O)C1=CN(C(=O)c2cccc(Cl)c2)CC(C)(C)c2cc(C#N)[nH]c21 | UCB=1.194 | mu=0.2867 | std=0.9076 | f=0.3208
2025-10-11 14:28:43,752 - INFO - [round 18] pick 4/5: CCC(NS(=O)(=O)CCCOCn1ccc(=O)[nH]c1=O)c1cccc(OC2CCCC2)c1 | UCB=1.188 | mu=0.2807 | std=0.9076 | f=0.4068
2025-10-11 14:28:43,810 - INFO - [round 18] pick 5/5: CC1=CCC2CC(CC3(CC(O)C(C)C(C4CCCCC4)O3)O2)OC(=O)c2cc(C)c(O)cc2C=CC=CC(C)C1O | UCB=1.171 | mu=0.2338 | std=0.9374 | f=0.1335
2025-10-11 14:28:43,868 - INFO - Round 18 done in 64.02s; train size=105
2025-10-11 14:28:43,868 - INFO - 
--- Round 19 | trial=3 | sqrt_beta=1.0000 (beta=1.0000) | rho=0.80 | train size=105 ---
2025-10-11 14:29:52,113 - INFO - [round 19] pick 1/5: CC(C)N1CCC(Oc2ccc3c(C(=O)NC4CCCCC4)cccc3c2)CC1 | UCB=1.21 | mu=0.335 | std=0.8752 | f=0.4174
2025-10-11 14:29:52,173 - INFO - [round 19] pick 2/5: CCN(CC)c1ccc(NC(=O)C2(NC(=O)OCC(C)C)CCc3cccc(OC)c3C2)c(C)c1 | UCB=1.199 | mu=0.3095 | std=0.8898 | f=0.3882
2025-10-11 14:29:52,233 - INFO - [round 19] pick 3/5: COC(=O)CC1CCC2C(COc3ccc(NC(=O)Cc4cccs4)cc3C(=O)N2C)O1 | UCB=1.195 | mu=0.2957 | std=0.8994 | f=0.4068
2025-10-11 14:29:52,294 - INFO - [round 19] pick 4/5: O=C(Nc1ccc(CC(NC(=O)C2(CCNC(=O)C(F)(F)F)CCCC2)C(=O)O)cc1)c1c(Cl)cccc1Cl | UCB=1.191 | mu=0.2899 | std=0.9008 | f=0.3852
2025-10-11 14:29:52,357 - INFO - [round 19] pick 5/5: NS(=O)(=O)c1cc(S(=O)(=O)O)c(NCc2ccco2)cc1S(=O)(=O)C1CCCCCC1 | UCB=1.178 | mu=0.2558 | std=0.9217 | f=0.3612
2025-10-11 14:29:52,420 - INFO - Round 19 done in 68.55s; train size=110
2025-10-11 14:29:52,420 - INFO - 
--- Round 20 | trial=3 | sqrt_beta=1.0000 (beta=1.0000) | rho=0.80 | train size=110 ---
2025-10-11 14:31:02,709 - INFO - [round 20] pick 1/5: O=C(Nc1cc[nH]c(=O)c1)c1ccc(C(F)(F)F)cc1OC1CCCCC1 | UCB=1.217 | mu=0.34 | std=0.877 | f=0.3735
2025-10-11 14:31:02,774 - INFO - [round 20] pick 2/5: CC(C)(C)Oc1cccc(CC(NC(=O)C2(C)CCCN2S(=O)(=O)c2cc(Cl)cc(Cl)c2)C(=O)O)c1 | UCB=1.202 | mu=0.3126 | std=0.889 | f=0.3882
2025-10-11 14:31:02,840 - INFO - [round 20] pick 3/5: Cc1ccc(NC(=S)NN=C2CCC3(C)C(=CCC4C3CCC3(C)C(C(C)CCCC(C)C)CCC43)C2)cc1 | UCB=1.186 | mu=0.2563 | std=0.9295 | f=0.1368
2025-10-11 14:31:02,908 - INFO - [round 20] pick 4/5: CN(C)c1ccc(C(C(=O)NC2CCCCC2)N(Cc2ccco2)C(=O)c2snc(C(N)=O)c2N)cc1 | UCB=1.206 | mu=0.3217 | std=0.8846 | f=0.1537
2025-10-11 14:31:02,976 - INFO - [round 20] pick 5/5: COCCN(C(S)=Nc1ccc(C)cc1C)C(C)c1cccs1 | UCB=1.179 | mu=0.2545 | std=0.9246 | f=0.2673
2025-10-11 14:31:03,046 - INFO - Round 20 done in 70.63s; train size=115
2025-10-11 14:31:03,046 - INFO - 
--- Round 21 | trial=3 | sqrt_beta=1.0000 (beta=1.0000) | rho=0.80 | train size=115 ---
2025-10-11 14:32:15,091 - INFO - [round 21] pick 1/5: CCOC(=O)C12Cc3cc(OC)ccc3C1N(C1CCCCC1)C(=O)c1ccccc12 | UCB=1.213 | mu=0.3442 | std=0.8686 | f=0.4405
2025-10-11 14:32:15,163 - INFO - [round 21] pick 2/5: Cc1cc(C)cc(NC(=O)Cc2ccc(OC3(C(=O)NC(CO)C(=O)O)CCCC3)cc2)c1 | UCB=1.208 | mu=0.3349 | std=0.8734 | f=0.4256
2025-10-11 14:32:15,235 - INFO - [round 21] pick 3/5: COC1CN(C)C(=O)c2cc(NS(=O)(=O)c3cccc(C)c3)ccc2OCC(C)NCC1C | UCB=1.201 | mu=0.3147 | std=0.8862 | f=0.3194
2025-10-11 14:32:15,308 - INFO - [round 21] pick 4/5: COCC(C)NC1CCC(Nc2cc(-c3cccc(NCC4CCOC(C)(C)C4)n3)c(Cl)cn2)CC1 | UCB=1.18 | mu=0.2481 | std=0.9318 | f=0.3501
2025-10-11 14:32:15,382 - INFO - [round 21] pick 5/5: O=C(NCCNCC(O)COc1ccc(OCCOC2CCCC2)cc1)Nc1cccc(C(F)(F)F)c1 | UCB=1.196 | mu=0.3038 | std=0.8919 | f=0.3669
2025-10-11 14:32:15,458 - INFO - Round 21 done in 72.41s; train size=120
2025-10-11 14:32:15,458 - INFO - 
--- Round 22 | trial=3 | sqrt_beta=1.0000 (beta=1.0000) | rho=0.80 | train size=120 ---
2025-10-11 14:33:31,119 - INFO - [round 22] pick 1/5: CC(C)NCc1ccc2c(c1)CCCC2NC(=O)CC1CCCCN1S(=O)(=O)c1cccc(C(F)(F)F)c1 | UCB=1.217 | mu=0.3437 | std=0.873 | f=0.4056
2025-10-11 14:33:31,197 - INFO - [round 22] pick 2/5: CC(C)c1c(OC2CCCCC2C)cc(CCc2ccccc2)[nH]c1=O | UCB=1.215 | mu=0.317 | std=0.8976 | f=0.4115
2025-10-11 14:33:31,275 - INFO - [round 22] pick 3/5: COc1ccc2c(c1)CCCC21NC(=O)N(CC(=O)NCc2cccs2)C1=O | UCB=1.206 | mu=0.3157 | std=0.8906 | f=0.3321
2025-10-11 14:33:31,354 - INFO - [round 22] pick 4/5: O=C(CNC(=O)C1CCCCC1)NCC(=O)Nc1ccc(Oc2cccc(NC(=O)CNC(=O)CNC(=O)C3CCCCC3)c2)cc1 | UCB=1.191 | mu=0.2993 | std=0.8915 | f=0.3884
2025-10-11 14:33:31,435 - INFO - [round 22] pick 5/5: Cc1cc(C)cc(C(=O)N(NC(=O)c2ccc3c(c2)OC(C)C3)C(C)(C)C)c1 | UCB=1.174 | mu=0.2679 | std=0.9063 | f=0.2981
2025-10-11 14:33:31,516 - INFO - Round 22 done in 76.06s; train size=125
2025-10-11 14:33:31,516 - INFO - 
--- Round 23 | trial=3 | sqrt_beta=1.0000 (beta=1.0000) | rho=0.80 | train size=125 ---
2025-10-11 14:34:49,248 - INFO - [round 23] pick 1/5: CCN1CCC(N(Cc2cccc(OC)c2)C(=O)Nc2ccc(C)cc2Cl)CC1 | UCB=1.216 | mu=0.3455 | std=0.8709 | f=0.3766
2025-10-11 14:34:49,333 - INFO - [round 23] pick 2/5: CC(=O)NC(Cc1cc(F)cc(F)c1)C(O)CNC1CCOc2ccc(OC3CCCC3)cc21 | UCB=1.214 | mu=0.3186 | std=0.8955 | f=0.4082
2025-10-11 14:34:49,419 - INFO - [round 23] pick 3/5: COC1CCC2(CC1)Cc1ccc(CC3CCCCC3)cc1C21NC(=N)N(C(C)C)C1=O | UCB=1.207 | mu=0.3108 | std=0.8964 | f=0.1458
2025-10-11 14:34:49,506 - INFO - [round 23] pick 4/5: O=C(C=Cc1ccc(OC(F)F)cc1)Nc1cccc(S(=O)(=O)NC2=NCCCCC2)c1 | UCB=1.2 | mu=0.3173 | std=0.8823 | f=0.3194
2025-10-11 14:34:49,593 - INFO - [round 23] pick 5/5: CC(C)CC(C)(C)CC1N(C)C(C(=O)NCCC(O)CO)C(c2cccc(Cl)c2)C12C(=O)Nc1cc(F)c(F)cc12 | UCB=1.184 | mu=0.278 | std=0.9063 | f=0.3514
2025-10-11 14:34:49,810 - INFO - Round 23 done in 78.29s; train size=130
2025-10-11 14:34:49,810 - INFO - 
--- Round 24 | trial=3 | sqrt_beta=1.0000 (beta=1.0000) | rho=0.80 | train size=130 ---
2025-10-11 14:36:13,532 - INFO - [round 24] pick 1/5: O=C(CN(C(=O)c1cccc(Cl)c1)C1CCCCC1)Nc1cc(F)cc(F)c1 | UCB=1.219 | mu=0.3559 | std=0.8628 | f=0.3922
2025-10-11 14:36:13,623 - INFO - [round 24] pick 2/5: COc1cc(CCC(=O)NC(CN2CCC(C)(c3cccc(O)c3)C(C)C2)C(C)C)ccc1O | UCB=1.205 | mu=0.3132 | std=0.8919 | f=0.3714
2025-10-11 14:36:13,715 - INFO - [round 24] pick 3/5: COc1ccc2[nH]cc(CCNC(=O)C3CCCCNC(=O)OCCCC(C(=O)NO)C(CC(C)C)C(=O)N3)c2c1 | UCB=1.202 | mu=0.3023 | std=0.9001 | f=0.4472
2025-10-11 14:36:13,809 - INFO - [round 24] pick 4/5: NCCOCCOCCNS(=O)(=O)c1ccc(OC2c3cc(Cl)cc(Cl)c3CC2N2CCCCC2)cc1 | UCB=1.196 | mu=0.2739 | std=0.9222 | f=0.3365
2025-10-11 14:36:13,904 - INFO - [round 24] pick 5/5: CC(C)C1(C(=O)NCc2cc(C(F)(F)F)cc(C(F)(F)F)c2)CCC(NC2CCOc3ccccc32)C1 | UCB=1.21 | mu=0.3063 | std=0.9036 | f=0.3408
2025-10-11 14:36:14,000 - INFO - Round 24 done in 84.19s; train size=135
2025-10-11 14:36:14,001 - INFO - 
--- Round 25 | trial=3 | sqrt_beta=1.0000 (beta=1.0000) | rho=0.80 | train size=135 ---
2025-10-11 14:37:38,584 - INFO - [round 25] pick 1/5: CCNC(=O)c1cccc(COc2ccc3c(c2)CN2C(=O)CN(C4CCCC4)C(=O)C2C3)c1 | UCB=1.219 | mu=0.3301 | std=0.8886 | f=0.4167
2025-10-11 14:37:38,683 - INFO - [round 25] pick 2/5: Cc1cc(C)c(OCC(=O)NCC(c2ccco2)N2CCCCC2)c(C)c1 | UCB=1.208 | mu=0.3042 | std=0.9042 | f=0.3838
2025-10-11 14:37:38,782 - INFO - [round 25] pick 3/5: CC(C)N(CCO)CCN(C(=O)Nc1ccc(F)c(Cl)c1)C1CCC2(c3cccc(C#N)c3)CC2C1 | UCB=1.202 | mu=0.2994 | std=0.903 | f=0.3627
2025-10-11 14:37:38,882 - INFO - [round 25] pick 4/5: OC(=Nc1cc2c(c(C(O)=NC3CCCCC3)c1)OCC2)c1ccccc1C(F)(F)F | UCB=1.195 | mu=0.2906 | std=0.9044 | f=0.3345
2025-10-11 14:37:38,984 - INFO - [round 25] pick 5/5: COc1ccc(NC(=O)Nc2cccc(C=CC(=O)CC3OC(COC(C)=O)C(OC(C)=O)C(OC(C)=O)C3OC(C)=O)c2)c([N+](=O)[O-])c1 | UCB=1.179 | mu=0.2742 | std=0.9048 | f=0.3288
2025-10-11 14:37:39,087 - INFO - Round 25 done in 85.09s; train size=140
2025-10-11 14:37:39,088 - INFO - 
--- Round 26 | trial=3 | sqrt_beta=1.0000 (beta=1.0000) | rho=0.80 | train size=140 ---
2025-10-11 14:39:08,261 - INFO - [round 26] pick 1/5: N#Cc1cccc(C(=O)NCC(O)CN2CCC(Oc3ccc(Cl)c(Cl)c3)CC2)c1 | UCB=1.221 | mu=0.3411 | std=0.8801 | f=0.3497
2025-10-11 14:39:08,366 - INFO - [round 26] pick 2/5: CC(C)CC1C(=O)NC(C(=O)c2ccc(CO)cc2)Cc2ccc(cc2)OCCCCC1C(=O)NO | UCB=1.214 | mu=0.3386 | std=0.875 | f=0.4315
2025-10-11 14:39:08,472 - INFO - [round 26] pick 3/5: O=C(NCC1CCOCC1)c1cnc(Nc2cccc(OC(F)(F)F)c2)cc1C1CC1 | UCB=1.209 | mu=0.3107 | std=0.8981 | f=0.3227
2025-10-11 14:39:08,580 - INFO - [round 26] pick 4/5: Cc1ccc(C)c(NC(=O)COC(=O)COc2cccc3c2OC(C)(C)C3)c1 | UCB=1.195 | mu=0.3173 | std=0.8779 | f=0.3346
2025-10-11 14:39:08,689 - INFO - [round 26] pick 5/5: CC(O)C(C)OC(=O)C1CC2c3cccc4c3c(cn4C3CCCC3)CC2N(C)C1 | UCB=1.2 | mu=0.2895 | std=0.9107 | f=0.4677
2025-10-11 14:39:08,800 - INFO - Round 26 done in 89.71s; train size=145
2025-10-11 14:39:08,800 - INFO - 
--- Round 27 | trial=3 | sqrt_beta=1.0000 (beta=1.0000) | rho=0.80 | train size=145 ---
2025-10-11 14:40:38,269 - INFO - [round 27] pick 1/5: CC(Nc1nccc(N2C(=O)OCC2C(C)C)n1)c1cccc(OC2CCCC2)c1 | UCB=1.222 | mu=0.3429 | std=0.8793 | f=0.4143
2025-10-11 14:40:38,383 - INFO - [round 27] pick 2/5: CCOC(=O)NC1CCc2ccc(OCCNS(=O)(=O)CC3CC3)cc2C1Cc1cccc(Cl)c1 | UCB=1.219 | mu=0.3321 | std=0.8871 | f=0.4054
2025-10-11 14:40:38,497 - INFO - [round 27] pick 3/5: O=C(OC1Cc2c(O)cc(O)cc2OC1c1ccc(O)c(O)c1)C1CCCCC1 | UCB=1.211 | mu=0.3084 | std=0.9021 | f=0.3766
2025-10-11 14:40:38,612 - INFO - [round 27] pick 4/5: COc1cccc(N2CCCCC2)c1CNC(N)=NC(=O)c1ccc(CC(N)C(=O)O)cc1 | UCB=1.208 | mu=0.3263 | std=0.8821 | f=0.4039
2025-10-11 14:40:38,729 - INFO - [round 27] pick 5/5: Cc1cc(C)cc(NC(S)=NC2CC3CCCC(C2)N3Cc2cccs2)c1 | UCB=1.199 | mu=0.2981 | std=0.9013 | f=0.3707
2025-10-11 14:40:38,847 - INFO - Round 27 done in 90.05s; train size=150
2025-10-11 14:40:38,847 - INFO - 
--- Round 28 | trial=3 | sqrt_beta=1.0000 (beta=1.0000) | rho=0.80 | train size=150 ---
2025-10-11 14:42:11,010 - INFO - [round 28] pick 1/5: O=C(NC1CCCCC1O)c1cnc(OCC2CC2)c(-c2cccc(Cl)c2)c1 | UCB=1.23 | mu=0.347 | std=0.8825 | f=0.4019
2025-10-11 14:42:11,130 - INFO - [round 28] pick 2/5: COC(=O)C(c1cccc(I)c1)C1CCCCN1Cc1ccc(N=[N+]=[N-])cc1 | UCB=1.222 | mu=0.3187 | std=0.903 | f=0.3679
2025-10-11 14:42:11,252 - INFO - [round 28] pick 3/5: Cc1ccc(S(=O)(=O)NCC2CC3CCCCC3N2C(=O)CC(N)Cc2cc(F)c(F)cc2F)cc1 | UCB=1.219 | mu=0.3271 | std=0.8922 | f=0.4982
2025-10-11 14:42:11,375 - INFO - [round 28] pick 4/5: CC(C)Oc1cccc(CNC(=O)NC(C)(C(=O)O)c2ccco2)c1 | UCB=1.201 | mu=0.3077 | std=0.8935 | f=0.3592
2025-10-11 14:42:11,500 - INFO - [round 28] pick 5/5: CCOC(=O)C1C2COc3cc(OC)ccc3C2N2C(=O)CN(CC3CCCO3)C(=O)C12C | UCB=1.195 | mu=0.2996 | std=0.8951 | f=0.1597
2025-10-11 14:42:11,627 - INFO - Round 28 done in 92.78s; train size=155
2025-10-11 14:42:11,627 - INFO - 
--- Round 29 | trial=3 | sqrt_beta=1.0000 (beta=1.0000) | rho=0.80 | train size=155 ---
2025-10-11 14:43:45,741 - INFO - [round 29] pick 1/5: Cc1ccc(-c2cc(C(=O)NC(C)CO)cc(N(C)C(=O)C3CCCC3)c2)cc1 | UCB=1.233 | mu=0.3653 | std=0.8675 | f=0.4437
2025-10-11 14:43:45,869 - INFO - [round 29] pick 2/5: COc1cc(CNC2CCCC2)cc(Cl)c1OCc1ccccc1Cl | UCB=1.223 | mu=0.3359 | std=0.887 | f=0.3549
2025-10-11 14:43:45,999 - INFO - [round 29] pick 3/5: O=C(Nc1cccc(Br)c1)Oc1ccc2c(c1)CCCN2 | UCB=1.217 | mu=0.3249 | std=0.8923 | f=0.2705
2025-10-11 14:43:46,133 - INFO - [round 29] pick 4/5: CC(C)C1NC(=O)C=CCCCOc2ccc(cc2)CC(C(O)CN2CC3CCCCC3CC2C(=O)NC(C)(C)C)NC1=O | UCB=1.205 | mu=0.3108 | std=0.8943 | f=0.1696
2025-10-11 14:43:46,269 - INFO - [round 29] pick 5/5: CS(=O)(=O)Nc1ccc(CNC(=O)NC2CC(CF)(CF)Oc3c(F)cccc32)cc1F | UCB=1.196 | mu=0.2912 | std=0.9048 | f=0.2857
2025-10-11 14:43:46,406 - INFO - Round 29 done in 94.78s; train size=160
2025-10-11 14:43:46,406 - INFO - 
--- Round 30 | trial=3 | sqrt_beta=1.0000 (beta=1.0000) | rho=0.80 | train size=160 ---
2025-10-11 14:45:23,699 - INFO - [round 30] pick 1/5: Cc1ccc(Oc2ccc(C3CCCCC3)cc2Cl)c(CC(=O)O)c1 | UCB=1.232 | mu=0.3707 | std=0.8611 | f=0.4049
2025-10-11 14:45:23,836 - INFO - [round 30] pick 2/5: CCOC(=O)C(CO)NC(=O)CCc1cccc(OC2CCCC2)c1 | UCB=1.224 | mu=0.3688 | std=0.8553 | f=0.2024
2025-10-11 14:45:23,975 - INFO - [round 30] pick 3/5: CC(N=C(O)C1CC(F)C1)c1ccc(CN2Cc3ccc(OCC4CC4(F)F)cc3C(O)C2)cc1 | UCB=1.204 | mu=0.2964 | std=0.9077 | f=0.3571
2025-10-11 14:45:24,114 - INFO - [round 30] pick 4/5: COC(=O)C1CCCN(C(=O)C(Cc2cccc(C(=N)N)c2)NS(=O)(=O)c2c(C(C)C)cc(C(C)C)cc2C(C)C)C1 | UCB=1.213 | mu=0.3197 | std=0.8932 | f=0.4147
2025-10-11 14:45:24,256 - INFO - [round 30] pick 5/5: O=C1NC(c2cncc(C#CC3CCCC3)c2)C(c2cccc(F)c2)O1 | UCB=1.205 | mu=0.2903 | std=0.9143 | f=0.3244
2025-10-11 14:45:24,399 - INFO - Round 30 done in 97.99s; train size=165
2025-10-11 14:45:24,399 - INFO - 
--- Round 31 | trial=3 | sqrt_beta=1.0000 (beta=1.0000) | rho=0.80 | train size=165 ---
2025-10-11 14:47:03,979 - INFO - [round 31] pick 1/5: O=C(Oc1ccc(CC(NC(=O)C2CCCN2S(=O)(=O)c2cc(Cl)cc(Cl)c2)C(=O)O)cc1)C1CCCC1 | UCB=1.236 | mu=0.4028 | std=0.8333 | f=0.4608
2025-10-11 14:47:04,124 - INFO - [round 31] pick 2/5: Cc1cccc(OCCNC(=O)c2cc(C3CC3)nc3c2cnn3C(C)C)c1 | UCB=1.224 | mu=0.3368 | std=0.8876 | f=0.1358
2025-10-11 14:47:04,271 - INFO - [round 31] pick 3/5: CC(C)c1cccc(C(C)C)c1NC(=O)NCC1(c2cccc(CBr)c2)CCCC1 | UCB=1.221 | mu=0.3327 | std=0.8885 | f=0.3625
2025-10-11 14:47:04,421 - INFO - [round 31] pick 4/5: Oc1ccc(CNC2CCCCC2NCc2ccc(O)cc2O)c(O)c1 | UCB=1.212 | mu=0.303 | std=0.9086 | f=0.3522
2025-10-11 14:47:04,570 - INFO - [round 31] pick 5/5: CCN(CC)C(=O)C1C=C2c3cccc4[nH]cc(c34)CC2N(C(=O)NC2CCCCC2)C1 | UCB=1.216 | mu=0.3262 | std=0.8899 | f=0.4554
2025-10-11 14:47:04,723 - INFO - Round 31 done in 100.32s; train size=170
2025-10-11 14:47:04,723 - INFO - 
--- Round 32 | trial=3 | sqrt_beta=1.0000 (beta=1.0000) | rho=0.80 | train size=170 ---
2025-10-11 14:48:49,305 - INFO - [round 32] pick 1/5: COc1ccc(CN(CC2CCC(C(=O)O)CC2)C(S)=Nc2cc(C)cc(C)c2)cc1 | UCB=1.231 | mu=0.3654 | std=0.8652 | f=0.3915
2025-10-11 14:48:49,461 - INFO - [round 32] pick 2/5: COc1ccccc1C(CNC(=O)Nc1cc(Cl)cc(Cl)c1)N1CCN(C2CCCCC2)CC1 | UCB=1.226 | mu=0.3566 | std=0.8698 | f=0.3767
2025-10-11 14:48:49,618 - INFO - [round 32] pick 3/5: CC(=O)c1cccc(C2=CC3=CC(=O)OC34CC2N2CCCCC24)c1 | UCB=1.215 | mu=0.3086 | std=0.9064 | f=0.1351
2025-10-11 14:48:49,776 - INFO - [round 32] pick 4/5: O=C(NCC(NS(=O)(=O)c1cccnc1)C(=O)O)c1ccc2c(c1)C(=O)N(CCC1CCNCC1)C2 | UCB=1.215 | mu=0.3147 | std=0.9006 | f=0.4013
2025-10-11 14:48:49,934 - INFO - [round 32] pick 5/5: CC(C)c1cccc(CNC2COCC(Cc3ccc(O)c(Br)c3)C2O)c1 | UCB=1.203 | mu=0.3 | std=0.903 | f=0.3115
2025-10-11 14:48:50,095 - INFO - Round 32 done in 105.37s; train size=175
2025-10-11 14:48:50,095 - INFO - 
--- Round 33 | trial=3 | sqrt_beta=1.0000 (beta=1.0000) | rho=0.80 | train size=175 ---
2025-10-11 14:50:36,126 - INFO - [round 33] pick 1/5: Cc1ccc(C)c(NS(=O)(=O)c2cc(C(=O)NCCSC3CCCCC3)ccc2C)c1 | UCB=1.229 | mu=0.3685 | std=0.8609 | f=0.4128
2025-10-11 14:50:36,289 - INFO - [round 33] pick 2/5: CC(C)CC(O)C(=O)N(CCN1C2CCC1CC(c1cccc(C(N)=O)c1)C2)Cc1c(F)cccc1F | UCB=1.218 | mu=0.3267 | std=0.8917 | f=0.4191
2025-10-11 14:50:36,454 - INFO - [round 33] pick 3/5: OC(=NCc1cccc(Cl)c1)C1CCCC(Nc2ncnc3[nH]cnc23)C1 | UCB=1.205 | mu=0.2883 | std=0.9168 | f=0.1226
2025-10-11 14:50:36,620 - INFO - [round 33] pick 4/5: COc1cc2c(cc1OC)C(=O)C(Oc1cccc(C(C)N3CCCCC3)c1)C2 | UCB=1.206 | mu=0.3378 | std=0.8678 | f=0.3405
2025-10-11 14:50:36,788 - INFO - [round 33] pick 5/5: CNC(C)C1CCC(N)C(OC2C(N)CC(NC(=O)OCC3c4ccccc4-c4ccc(S(=O)(=O)O)cc43)C(OC3OCC(C)(O)C(NC)C3O)C2O)O1 | UCB=1.189 | mu=0.2638 | std=0.9254 | f=0.3581
2025-10-11 14:50:36,959 - INFO - Round 33 done in 106.86s; train size=180
2025-10-11 14:50:36,959 - INFO - 
--- Round 34 | trial=3 | sqrt_beta=1.0000 (beta=1.0000) | rho=0.80 | train size=180 ---
2025-10-11 14:52:29,890 - INFO - [round 34] pick 1/5: COc1ccc2cc(S(=O)(=O)NC(Cc3ccc(C(=N)N)s3)C(=O)N(C)C3CCCC3)ccc2c1 | UCB=1.229 | mu=0.355 | std=0.8744 | f=0.1497
2025-10-11 14:52:30,065 - INFO - [round 34] pick 2/5: COC(=O)NCCCC(O)(c1cccc(Cl)c1-c1cccc(C)c1)C1CCCN(C(=O)C2CC(N)C(O)C2)C1 | UCB=1.226 | mu=0.3315 | std=0.895 | f=0.4109
2025-10-11 14:52:30,242 - INFO - [round 34] pick 3/5: CC(C)NC(=O)NC1c2ccccc2-c2ccc(OCCN3CCCCC3)cc21 | UCB=1.228 | mu=0.3564 | std=0.8712 | f=0.3849
2025-10-11 14:52:30,419 - INFO - [round 34] pick 4/5: CN1C2CCC1C(C(=O)OCCc1ccc(N=[N+]=[N-])c(I)c1)C(c1ccc(Cl)c(Cl)c1)C2 | UCB=1.205 | mu=0.299 | std=0.9059 | f=0.3658
2025-10-11 14:52:30,598 - INFO - [round 34] pick 5/5: CC(C)c1cccc(CNCC(O)C2COCCCCCCNC(=O)c3cc(cc(N(C)S(C)(=O)=O)c3)C(=O)N2)c1 | UCB=1.201 | mu=0.3105 | std=0.8907 | f=0.3578
2025-10-11 14:52:30,778 - INFO - Round 34 done in 113.82s; train size=185
2025-10-11 14:52:30,778 - INFO - 
--- Round 35 | trial=3 | sqrt_beta=1.0000 (beta=1.0000) | rho=0.80 | train size=185 ---
2025-10-11 14:54:26,378 - INFO - [round 35] pick 1/5: CC1CN(C(=Nc2ccc(C(=O)NCCc3ccc(Cl)cc3Cl)cc2)NC2CCCCC2)C(C)CN1 | UCB=1.229 | mu=0.3585 | std=0.8709 | f=0.4
2025-10-11 14:54:26,561 - INFO - [round 35] pick 2/5: CCOC(=O)C=CC(=O)Nc1ccccc1CCN1CCC23CCCCC2C1Cc1ccc(O)cc13 | UCB=1.222 | mu=0.326 | std=0.8958 | f=0.4549
2025-10-11 14:54:26,746 - INFO - [round 35] pick 3/5: CCCCC(C)(O)C1CCC(N2C(=O)Cc3cc(OC)c(OC(C)C)cc3C2c2ccc(Cl)cc2)CC1 | UCB=1.216 | mu=0.331 | std=0.8853 | f=0.4
2025-10-11 14:54:26,934 - INFO - [round 35] pick 4/5: COC(=O)C(OC)c1cccc(Oc2cc(C)cc(C)c2)c1 | UCB=1.186 | mu=0.3095 | std=0.8763 | f=0.2705
2025-10-11 14:54:27,124 - INFO - [round 35] pick 5/5: OC(CC1c2c(F)cccc2-c2cncn21)C1CCCCC1 | UCB=1.194 | mu=0.2909 | std=0.9033 | f=0.3796
2025-10-11 14:54:27,314 - INFO - Round 35 done in 116.54s; train size=190
2025-10-11 14:54:27,314 - INFO - 
--- Round 36 | trial=3 | sqrt_beta=1.0000 (beta=1.0000) | rho=0.80 | train size=190 ---
2025-10-11 14:56:21,840 - INFO - [round 36] pick 1/5: Cc1ccc(Cn2c(C(=O)O)c(CNC3CCCCCC3)c3ccc(C)cc32)cc1 | UCB=1.227 | mu=0.3661 | std=0.8606 | f=0.1524
2025-10-11 14:56:22,032 - INFO - [round 36] pick 2/5: CCC(Cc1cc(CNC(=O)c2ccc(C34CC5CC(CC(C5)C3)C4)cc2)c(OC)cc1F)C(=O)O | UCB=1.22 | mu=0.3395 | std=0.8808 | f=0.4206
2025-10-11 14:56:22,233 - INFO - [round 36] pick 3/5: CC(C)(C)c1cccc(-c2cc(=NC(=O)C3CN=C(O)C3)[nH]n2CCC2CCCCC2)c1 | UCB=1.223 | mu=0.3395 | std=0.8836 | f=0.4068
2025-10-11 14:56:22,430 - INFO - [round 36] pick 4/5: NC(=O)C(NC1CCC(c2c[nH]c3ccccc23)CC1)C1CCN(C(=O)Nc2cc(F)c(F)c(F)c2)CC1 | UCB=1.211 | mu=0.3031 | std=0.908 | f=0.1268
2025-10-11 14:56:22,628 - INFO - [round 36] pick 5/5: CC(COc1c(Cl)cccc1Cl)NCc1ccc2c(c1)C(C)(C)N(O)C2(C)C | UCB=1.192 | mu=0.2901 | std=0.9021 | f=0.2844
2025-10-11 14:56:22,829 - INFO - Round 36 done in 115.51s; train size=195
2025-10-11 14:56:22,829 - INFO - 
--- Round 37 | trial=3 | sqrt_beta=1.0000 (beta=1.0000) | rho=0.80 | train size=195 ---
2025-10-11 14:58:22,633 - INFO - [round 37] pick 1/5: CC1CN(C(C)CO)C(=O)c2cc(C#Cc3cccc(F)c3)cnc2OC1CN(C)C(=O)C1CCCCC1 | UCB=1.227 | mu=0.3703 | std=0.8567 | f=0.4229
2025-10-11 14:58:22,841 - INFO - [round 37] pick 2/5: CC(C)c1cc2c(cc1Br)C1(C)CCCC(C)(C(=O)O)C1CC2=NOCCNC(=O)c1ccc(C(F)(F)F)cc1 | UCB=1.217 | mu=0.3304 | std=0.8867 | f=0.3827
2025-10-11 14:58:23,049 - INFO - [round 37] pick 3/5: CN1Cc2cc(OCCCN3CCC(F)CC3)ccc2C(c2cccc(Cl)c2)C1 | UCB=1.211 | mu=0.3271 | std=0.8842 | f=0.3273
2025-10-11 14:58:23,259 - INFO - [round 37] pick 4/5: O=C(CN(CCC1CCCC1)C(=O)N1CCCC1C(=O)Nc1cccc(O)c1)NO | UCB=1.205 | mu=0.3255 | std=0.8791 | f=0.1758
2025-10-11 14:58:23,470 - INFO - [round 37] pick 5/5: Cc1ccc(CC(C)(C)NCC(O)COC(C)c2ccccc2C2CC3CC2C2C(C(=O)O)C32)cc1Cl | UCB=1.204 | mu=0.3034 | std=0.9008 | f=0.4
2025-10-11 14:58:23,683 - INFO - Round 37 done in 120.85s; train size=200
2025-10-11 14:58:23,683 - INFO - 
--- Round 38 | trial=3 | sqrt_beta=1.0000 (beta=1.0000) | rho=0.80 | train size=200 ---
2025-10-11 15:00:28,344 - INFO - [round 38] pick 1/5: CC(=NOCc1ccc(C2CCCCC2)c(C(F)(F)F)c1)c1ccc(CNCCC(=O)O)c(Cl)c1 | UCB=1.226 | mu=0.3648 | std=0.8615 | f=0.4068
2025-10-11 15:00:28,557 - INFO - [round 38] pick 2/5: CC(C)c1cccc(-c2ccc(C=CC3C4CCCCC4CC4C(=O)OC(C)C43)nc2)c1 | UCB=1.217 | mu=0.3206 | std=0.8959 | f=0.4053
2025-10-11 15:00:28,772 - INFO - [round 38] pick 3/5: CC(C)N(CCNc1ccccc1S(=O)(=O)Nc1ccc2c(c1C(=O)O)CCCC2)C(C)C | UCB=1.214 | mu=0.3298 | std=0.884 | f=0.3964
2025-10-11 15:00:28,989 - INFO - [round 38] pick 4/5: COC(=O)C(CSc1ccc(Br)cc1)n1c(=O)n2n(c1=O)C(C(=O)NCC1CCC(N)CC1)C=CC2 | UCB=1.199 | mu=0.2859 | std=0.9127 | f=0.4124
2025-10-11 15:00:29,208 - INFO - [round 38] pick 5/5: CCCN(CCC)C(=O)c1cc(C)cc(C(=O)NC(Cc2cc(F)cc(F)c2)C(O)C2CC(OC(C)C)CCN2)c1 | UCB=1.198 | mu=0.306 | std=0.8916 | f=0.4237
2025-10-11 15:00:29,429 - INFO - Round 38 done in 125.75s; train size=205
2025-10-11 15:00:29,430 - INFO - 
--- Round 39 | trial=3 | sqrt_beta=1.0000 (beta=1.0000) | rho=0.80 | train size=205 ---
2025-10-11 15:02:35,151 - INFO - [round 39] pick 1/5: CCCc1cc(C(=O)C2CCCCC2)ccc1OCCCOc1cccc(C2SC(=O)NC2=O)c1 | UCB=1.226 | mu=0.3559 | std=0.8701 | f=0.4124
2025-10-11 15:02:35,380 - INFO - [round 39] pick 2/5: CCON=C(c1ccc(Br)cc1)C1CCN(C(C)CCNC(=O)c2c(C)cc[n+]([O-])c2C)CC1 | UCB=1.224 | mu=0.325 | std=0.8989 | f=0.4211
2025-10-11 15:02:35,614 - INFO - [round 39] pick 3/5: CC12CCC3c4ccc(O)cc4CCC3C1CC(CC(=O)NCc1ccco1)C2=O | UCB=1.22 | mu=0.3393 | std=0.8808 | f=0.3821
2025-10-11 15:02:35,850 - INFO - [round 39] pick 4/5: CC(C)C(N)c1cccc(F)c1N1CCN(C(=O)C2NCCC2c2ccc(Cl)cc2Cl)CC1 | UCB=1.215 | mu=0.3232 | std=0.8913 | f=0.3412
2025-10-11 15:02:36,086 - INFO - [round 39] pick 5/5: CCN(CC)C(=O)Nc1ccc(C(F)(F)F)cc1C(=O)NCC(=O)NC1CCCCC1CS(=O)(=O)c1ccc(SC)cc1 | UCB=1.22 | mu=0.3416 | std=0.8781 | f=0.4344
2025-10-11 15:02:36,323 - INFO - Round 39 done in 126.89s; train size=210
