2025-10-11 13:31:31,142 - INFO - 
--- Round 0 | trial=3 | sqrt_beta=0.7071 (beta=0.5000) | rho=0.80 | train size=10 ---
2025-10-11 13:31:43,211 - INFO - [round 0] pick 1/5: COCCNC(=O)C1CCN(S(=O)(=O)c2ccc3c(c2)CCCN3C(C)=O)CC1 | UCB=0.8288 | mu=0.1654 | std=0.9382 | f=0.1553
2025-10-11 13:31:43,212 - INFO - [round 0] pick 2/5: O=C(Nc1ccc(CN2CCOCC2)cc1)c1ccc(F)cc1 | UCB=0.8207 | mu=0.171 | std=0.9188 | f=0.2795
2025-10-11 13:31:43,213 - INFO - [round 0] pick 3/5: CC1=CC2Cc3[nH]c(=O)ccc3C3(C1)C2CCCN3C(=O)CN(C)CCCN(C)CC(=O)N1CCCC2C3C=C(C)CC21c1ccc(=O)[nH]c1C3 | UCB=0.8075 | mu=0.1617 | std=0.9132 | f=0.3699
2025-10-11 13:31:43,214 - INFO - [round 0] pick 4/5: COc1ccc(NC(=O)COC(=O)c2cc3c(s2)CCC3)cc1 | UCB=0.8196 | mu=0.1677 | std=0.9219 | f=0.3506
2025-10-11 13:31:43,216 - INFO - [round 0] pick 5/5: COC(=O)C1C(=O)OC(C)(C)C1C(C)C(=O)c1ccc(C)cc1C | UCB=0.7966 | mu=0.115 | std=0.9639 | f=0.1306
2025-10-11 13:31:43,217 - INFO - Round 0 done in 12.07s; train size=15
2025-10-11 13:31:43,217 - INFO - 
--- Round 1 | trial=3 | sqrt_beta=0.7071 (beta=0.5000) | rho=0.80 | train size=15 ---
2025-10-11 13:31:58,365 - INFO - [round 1] pick 1/5: CCc1cc(C(=O)c2ccc(OC)cc2)c(NC(=O)CN2CCCCC2)s1 | UCB=0.85 | mu=0.2073 | std=0.9089 | f=0.4066
2025-10-11 13:31:58,367 - INFO - [round 1] pick 2/5: O=C(NC1(C(=O)O)CCCCC1)c1cc2c(n(Cc3ccc(F)cc3)c1=O)CCCCCC2 | UCB=0.8431 | mu=0.1793 | std=0.9387 | f=0.3607
2025-10-11 13:31:58,368 - INFO - [round 1] pick 3/5: O=C(CN1C(=O)C2C3C=CC(C3)C2C1=O)Nc1ccc(F)cc1 | UCB=0.837 | mu=0.1781 | std=0.9317 | f=0.1196
2025-10-11 13:31:58,370 - INFO - [round 1] pick 4/5: Cc1ccc(C(=O)OC2CCC3(C)C(=CCC4C5CCC(=O)NC5(C)CCC43)C2)cc1 | UCB=0.8263 | mu=0.1533 | std=0.9518 | f=0.1314
2025-10-11 13:31:58,372 - INFO - [round 1] pick 5/5: CCCCN(C(=O)c1cc2c(s1)CCCC2)c1c(N)n(CCC)c(=O)[nH]c1=O | UCB=0.8207 | mu=0.1462 | std=0.954 | f=0.3937
2025-10-11 13:31:58,374 - INFO - Round 1 done in 15.16s; train size=20
2025-10-11 13:31:58,374 - INFO - 
--- Round 2 | trial=3 | sqrt_beta=0.7071 (beta=0.5000) | rho=0.80 | train size=20 ---
2025-10-11 13:32:15,759 - INFO - [round 2] pick 1/5: CCN(CC(=O)Nc1ccc(NC(C)=O)cc1)C(=O)c1cc2c(s1)CCCC2 | UCB=0.8937 | mu=0.2847 | std=0.8613 | f=0.4035
2025-10-11 13:32:15,761 - INFO - [round 2] pick 2/5: O=C(NCCCN1CCCCC1)c1ccc2c(=O)n(Cc3ccc(Cl)cc3)c(=O)[nH]c2c1 | UCB=0.8809 | mu=0.2366 | std=0.9111 | f=0.1255
2025-10-11 13:32:15,764 - INFO - [round 2] pick 3/5: COc1ccc(C(=O)NC(C(=O)NCC2(N3CCCCC3)CCCCC2)C(C)C)cc1 | UCB=0.8802 | mu=0.2388 | std=0.9071 | f=0.1513
2025-10-11 13:32:15,767 - INFO - [round 2] pick 4/5: NC(=O)c1c(NC(=O)CN2CCOCC2)sc2c1CCC2 | UCB=0.8572 | mu=0.2043 | std=0.9234 | f=0.1323
2025-10-11 13:32:15,769 - INFO - [round 2] pick 5/5: CCCCn1c(N)c(N(CC(C)C)C(=O)COC(=O)Cc2cccc(OC)c2)c(=O)[nH]c1=O | UCB=0.8594 | mu=0.2086 | std=0.9204 | f=0.3766
2025-10-11 13:32:15,772 - INFO - Round 2 done in 17.40s; train size=25
2025-10-11 13:32:15,772 - INFO - 
--- Round 3 | trial=3 | sqrt_beta=0.7071 (beta=0.5000) | rho=0.80 | train size=25 ---
2025-10-11 13:32:35,666 - INFO - [round 3] pick 1/5: COCCN(C(=O)COC(=O)c1cc2c(s1)CCCC2)c1c(N)n(Cc2ccccc2)c(=O)[nH]c1=O | UCB=0.9046 | mu=0.3121 | std=0.8379 | f=0.133
2025-10-11 13:32:35,669 - INFO - [round 3] pick 2/5: CCCn1c2c(c(O)c(C(=O)Nc3ccc(OC)cc3)c1=O)CCCC2 | UCB=0.8891 | mu=0.2621 | std=0.8867 | f=0.4016
2025-10-11 13:32:35,673 - INFO - [round 3] pick 3/5: CCN(CC)CC(=O)Nc1sc(C)cc1C(=O)c1ccc(C)cc1 | UCB=0.876 | mu=0.2423 | std=0.8962 | f=0.3506
2025-10-11 13:32:35,677 - INFO - [round 3] pick 4/5: CN(C)C(=O)CCC(=O)N(C)CC1CCCN(CCc2ccc(F)cc2)C1 | UCB=0.8676 | mu=0.2077 | std=0.9331 | f=0.1466
2025-10-11 13:32:35,681 - INFO - [round 3] pick 5/5: CCN(CC)C(=O)C1CC(N)CN1C(=O)c1cc2c([nH]c1=O)CCC2 | UCB=0.863 | mu=0.2 | std=0.9375 | f=0.1673
2025-10-11 13:32:35,685 - INFO - Round 3 done in 19.91s; train size=30
2025-10-11 13:32:35,685 - INFO - 
--- Round 4 | trial=3 | sqrt_beta=0.7071 (beta=0.5000) | rho=0.80 | train size=30 ---
2025-10-11 13:32:59,183 - INFO - [round 4] pick 1/5: CCC1CCc2sc(C(=O)N(C)CC(=O)Nc3ccc(OC)cc3)cc2C1 | UCB=0.903 | mu=0.3182 | std=0.8271 | f=0.3853
2025-10-11 13:32:59,187 - INFO - [round 4] pick 2/5: CCN(CC)CCSc1cc(F)ccc1S(=O)(=O)Nc1ccc2c(c1C(=O)O)CCCC2 | UCB=0.875 | mu=0.2303 | std=0.9117 | f=0.3887
2025-10-11 13:32:59,192 - INFO - [round 4] pick 3/5: CCCCN1C(=O)C(=O)N(CC(=O)Nc2sc(CC)cc2C(=O)OCC)C1=O | UCB=0.8639 | mu=0.2102 | std=0.9245 | f=0.1543
2025-10-11 13:32:59,198 - INFO - [round 4] pick 4/5: Cc1sc(C(=O)Nc2cccc(CN3CCC(C(O)=NC4CCCCC4)CC3)c2)cc1CC(C)C | UCB=0.8595 | mu=0.2086 | std=0.9205 | f=0.4425
2025-10-11 13:32:59,203 - INFO - [round 4] pick 5/5: CCCCCCCCCCCC(=O)c1c(C)c(CCC(=O)O)n(Cc2ccc(OC)cc2)c1C | UCB=0.8655 | mu=0.2074 | std=0.9306 | f=0.3487
2025-10-11 13:32:59,209 - INFO - Round 4 done in 23.52s; train size=35
2025-10-11 13:32:59,209 - INFO - 
--- Round 5 | trial=3 | sqrt_beta=0.7071 (beta=0.5000) | rho=0.80 | train size=35 ---
2025-10-11 13:33:24,382 - INFO - [round 5] pick 1/5: COc1ccc(-c2cc(C(C)=O)c(C)n2CCC(=O)NC2CCCCC2)cc1 | UCB=0.9064 | mu=0.287 | std=0.876 | f=0.4579
2025-10-11 13:33:24,388 - INFO - [round 5] pick 2/5: CCCN(CCC)S(=O)(=O)c1ccc(C(=O)Nc2c(OC)cc(OC)cc2C(=O)O)cc1 | UCB=0.9042 | mu=0.2635 | std=0.906 | f=0.3807
2025-10-11 13:33:24,395 - INFO - [round 5] pick 3/5: CCN(CC(=O)Nc1c(F)cccc1F)C(=O)c1csc2c1CCCC2 | UCB=0.8949 | mu=0.26 | std=0.8979 | f=0.3659
2025-10-11 13:33:24,402 - INFO - [round 5] pick 4/5: CCCCCCN1CCN(Cc2cccc(NC(=O)c3cccc(OCC)c3)c2)CC1 | UCB=0.8914 | mu=0.2556 | std=0.8992 | f=0.3658
2025-10-11 13:33:24,409 - INFO - [round 5] pick 5/5: CCN(CC)CCCN1C(=O)CC2(CCCc3ccc(OC(C)C)cc32)C1=O | UCB=0.8817 | mu=0.2276 | std=0.9251 | f=0.1406
2025-10-11 13:33:24,416 - INFO - Round 5 done in 25.21s; train size=40
2025-10-11 13:33:24,416 - INFO - 
--- Round 6 | trial=3 | sqrt_beta=0.7071 (beta=0.5000) | rho=0.80 | train size=40 ---
2025-10-11 13:33:53,244 - INFO - [round 6] pick 1/5: COc1cccc(NC(=O)c2ccc(F)c(C(C)=O)c2)c1 | UCB=0.93 | mu=0.3078 | std=0.8799 | f=0.2899
2025-10-11 13:33:53,253 - INFO - [round 6] pick 2/5: CCCSc1c(C(=O)NC2CCCCC2)cnn1-c1ccc(C(=O)O)cc1 | UCB=0.9161 | mu=0.2829 | std=0.8955 | f=0.4724
2025-10-11 13:33:53,261 - INFO - [round 6] pick 3/5: CCOc1ccc(OCC)c(NC(=O)c2csc3c2CCCC3)c1 | UCB=0.9125 | mu=0.2917 | std=0.878 | f=0.3841
2025-10-11 13:33:53,270 - INFO - [round 6] pick 4/5: CCCN(CCC)C1CCc2cc(CN(C(C)=O)c3ccc(OC)cc3)ccc2C1 | UCB=0.9102 | mu=0.2735 | std=0.9005 | f=0.3612
2025-10-11 13:33:53,279 - INFO - [round 6] pick 5/5: CCCCCCN(CC(=O)O)C(=O)C(CCCN=C(N)N)NS(=O)(=O)c1ccc2cc(OC)c(OC)cc2c1 | UCB=0.886 | mu=0.2316 | std=0.9254 | f=0.3852
2025-10-11 13:33:53,289 - INFO - Round 6 done in 28.87s; train size=45
2025-10-11 13:33:53,289 - INFO - 
--- Round 7 | trial=3 | sqrt_beta=0.7071 (beta=0.5000) | rho=0.80 | train size=45 ---
2025-10-11 13:34:25,201 - INFO - [round 7] pick 1/5: COc1ccc(C(=O)C=CC(=O)N(CC(=O)NC2CCCCC2)Cc2ccc(F)cc2)c(O)c1 | UCB=0.9468 | mu=0.3323 | std=0.869 | f=0.4392
2025-10-11 13:34:25,211 - INFO - [round 7] pick 2/5: CCCCCCc1c(OCc2ccc(C(=O)O)cc2OC)ccc(C(C)=O)c1O | UCB=0.9331 | mu=0.3007 | std=0.8944 | f=0.3562
2025-10-11 13:34:25,222 - INFO - [round 7] pick 3/5: CCCn1c2c(c3cccc(C(=O)O)c31)CCCCC2 | UCB=0.923 | mu=0.2923 | std=0.8919 | f=0.4045
2025-10-11 13:34:25,234 - INFO - [round 7] pick 4/5: CCOc1cc(CN2CCC(NC(=O)c3cncc(C)c3)CC2)cc(OCC)c1C | UCB=0.9157 | mu=0.2657 | std=0.9192 | f=0.4052
2025-10-11 13:34:25,245 - INFO - [round 7] pick 5/5: CCCC(NS(=O)(=O)c1ccc(OC)cc1)C(=O)O | UCB=0.9177 | mu=0.2894 | std=0.8885 | f=0.1629
2025-10-11 13:34:25,257 - INFO - Round 7 done in 31.97s; train size=50
2025-10-11 13:34:25,257 - INFO - 
--- Round 8 | trial=3 | sqrt_beta=0.7071 (beta=0.5000) | rho=0.80 | train size=50 ---
2025-10-11 13:34:59,925 - INFO - [round 8] pick 1/5: COc1cc(NC(=O)c2cc3c4c(c2)CCCCC4CCCC3)ccc1C(=O)O | UCB=0.9597 | mu=0.3295 | std=0.8912 | f=0.419
2025-10-11 13:34:59,937 - INFO - [round 8] pick 2/5: CCc1ccc2nc(O)c(CN(CCN(CC)CC)C(=O)NC3CCCCC3)cc2c1 | UCB=0.9505 | mu=0.3161 | std=0.8971 | f=0.4319
2025-10-11 13:34:59,950 - INFO - [round 8] pick 3/5: CCN1CCC(N(Cc2cccc(OC)c2)C(=O)Nc2ccc(C)cc2Cl)CC1 | UCB=0.9387 | mu=0.3125 | std=0.8857 | f=0.3766
2025-10-11 13:34:59,963 - INFO - [round 8] pick 4/5: CCCCCC(=O)c1ccc(N2C(=O)CCC2COCc2ccc(C(=O)O)s2)cc1 | UCB=0.9246 | mu=0.285 | std=0.9046 | f=0.3944
2025-10-11 13:34:59,977 - INFO - [round 8] pick 5/5: CCCc1cc(C(=O)N(C)CC(=O)Nc2ccc(OCC)c(OCC)c2)sc1C | UCB=0.9265 | mu=0.304 | std=0.8803 | f=0.3679
2025-10-11 13:34:59,992 - INFO - Round 8 done in 34.73s; train size=55
2025-10-11 13:34:59,992 - INFO - 
--- Round 9 | trial=3 | sqrt_beta=0.7071 (beta=0.5000) | rho=0.80 | train size=55 ---
2025-10-11 13:35:36,880 - INFO - [round 9] pick 1/5: COc1cc(C(=O)O)ccc1Cn1ccc2ccc(NC(=O)NC3CCCC3)cc21 | UCB=0.9707 | mu=0.352 | std=0.875 | f=0.1563
2025-10-11 13:35:36,895 - INFO - [round 9] pick 2/5: CCCCC(=O)c1[nH]c2cc(C)c(C(=O)O)cc2c1C1CCCCC1 | UCB=0.9621 | mu=0.3289 | std=0.8955 | f=0.4867
2025-10-11 13:35:36,910 - INFO - [round 9] pick 3/5: CCCCCCCN(CCc1ccc(OC(C)(CC)C(=O)O)cc1)C(=O)Nc1ccc(F)cc1F | UCB=0.9382 | mu=0.3143 | std=0.8823 | f=0.3571
2025-10-11 13:35:36,926 - INFO - [round 9] pick 4/5: CCC#CCOc1cc(COCC2CC2)ccc1Sc1ccc(OCC(=O)O)c2c1CCCC2 | UCB=0.9408 | mu=0.2918 | std=0.9179 | f=0.3767
2025-10-11 13:35:36,943 - INFO - [round 9] pick 5/5: CCCN(CCC1CCC(NC(=O)C=Cc2cccc(OC)c2)CC1)C1CCc2nc(N)sc2C1 | UCB=0.924 | mu=0.274 | std=0.9193 | f=0.383
2025-10-11 13:35:36,960 - INFO - Round 9 done in 36.97s; train size=60
2025-10-11 13:35:36,960 - INFO - 
--- Round 10 | trial=3 | sqrt_beta=0.7071 (beta=0.5000) | rho=0.80 | train size=60 ---
2025-10-11 13:36:16,169 - INFO - [round 10] pick 1/5: CCCc1ccc(C(=O)Nc2cc3nc(C4CCCCC4)[nH]c3cc2N(C)C)cc1 | UCB=0.9755 | mu=0.3548 | std=0.8778 | f=0.1524
2025-10-11 13:36:16,187 - INFO - [round 10] pick 2/5: CCCCCC(NC(=O)Cc1ccc(C(=O)O)c(OCC)c1)c1ccccc1N1CCCCC1 | UCB=0.9589 | mu=0.3366 | std=0.8801 | f=0.4568
2025-10-11 13:36:16,205 - INFO - [round 10] pick 3/5: COc1cccc(CN(CC(=O)NC2CCCC2)C(=O)CCC(=O)Nc2cc(C)on2)c1 | UCB=0.9534 | mu=0.3461 | std=0.859 | f=0.4472
2025-10-11 13:36:16,224 - INFO - [round 10] pick 4/5: CCCCN(CCCC)C(=N)c1cccc2c1CCCC2 | UCB=0.9371 | mu=0.299 | std=0.9025 | f=0.1323
2025-10-11 13:36:16,244 - INFO - [round 10] pick 5/5: CCOc1cc2cc(C(=O)O)sc2cc1OCC | UCB=0.9197 | mu=0.2763 | std=0.9099 | f=0.3469
2025-10-11 13:36:16,264 - INFO - Round 10 done in 39.30s; train size=65
2025-10-11 13:36:16,264 - INFO - 
--- Round 11 | trial=3 | sqrt_beta=0.7071 (beta=0.5000) | rho=0.80 | train size=65 ---
2025-10-11 13:36:58,601 - INFO - [round 11] pick 1/5: CCCCCOc1cc(Br)cc2cc(C(=O)NC3CCCCC3)c(=O)oc12 | UCB=0.9711 | mu=0.3465 | std=0.8833 | f=0.4399
2025-10-11 13:36:58,622 - INFO - [round 11] pick 2/5: CCOc1cc(CC(=O)O)ccc1-c1ccc(F)c2c1CN(C(=O)OCC1CCCC1)CC2 | UCB=0.9613 | mu=0.3305 | std=0.8921 | f=0.4618
2025-10-11 13:36:58,644 - INFO - [round 11] pick 3/5: CCOc1ccc(CNCc2c(C(=O)O)c(C)n(Cc3cccc(OC)c3)c2C)cc1OC | UCB=0.9442 | mu=0.3201 | std=0.8826 | f=0.1214
2025-10-11 13:36:58,666 - INFO - [round 11] pick 4/5: CCCCCCN(C(=O)Nc1ccc(SC(F)(F)F)cc1)C1Cc2ccc(SC(C)(C)C(=O)O)cc2C1 | UCB=0.9326 | mu=0.296 | std=0.9004 | f=0.3616
2025-10-11 13:36:58,689 - INFO - [round 11] pick 5/5: CCCOc1c(C(=O)NC2=CCCCCC2)sc(C(=O)NC2=CCCCCC2)c1OCCC | UCB=0.9233 | mu=0.2666 | std=0.9286 | f=0.1475
2025-10-11 13:36:58,712 - INFO - Round 11 done in 42.45s; train size=70
2025-10-11 13:36:58,712 - INFO - 
--- Round 12 | trial=3 | sqrt_beta=0.7071 (beta=0.5000) | rho=0.80 | train size=70 ---
2025-10-11 13:37:45,599 - INFO - [round 12] pick 1/5: CN(C)CCOc1ccc(C(=O)N(CC(=O)Nc2cc(F)cc(F)c2)C2CCCCC2)cc1 | UCB=0.9699 | mu=0.3544 | std=0.8704 | f=0.4241
2025-10-11 13:37:45,623 - INFO - [round 12] pick 2/5: CCCCCn1cc(C(=O)NC2CCCCCC2)c(=O)n2nc(-c3ccco3)cc12 | UCB=0.9606 | mu=0.3417 | std=0.8752 | f=0.1557
2025-10-11 13:37:45,648 - INFO - [round 12] pick 3/5: CCCCc1cc(=O)oc2cc(C)cc(OCC(=O)N3CCC(C(=O)O)CC3)c12 | UCB=0.9541 | mu=0.3151 | std=0.9038 | f=0.4543
2025-10-11 13:37:45,674 - INFO - [round 12] pick 4/5: CCCCCCCC(=O)OCC(NC(=O)c1cccc(COc2cc(O)c(C(C)=O)cc2CC)n1)C(=O)O | UCB=0.9352 | mu=0.3032 | std=0.8938 | f=0.4069
2025-10-11 13:37:45,700 - INFO - [round 12] pick 5/5: CCOc1cc(C(=O)O)c2c([n+]1[O-])CCCC2 | UCB=0.9134 | mu=0.2716 | std=0.9077 | f=0.1457
2025-10-11 13:37:45,727 - INFO - Round 12 done in 47.02s; train size=75
2025-10-11 13:37:45,728 - INFO - 
--- Round 13 | trial=3 | sqrt_beta=0.7071 (beta=0.5000) | rho=0.80 | train size=75 ---
2025-10-11 13:38:34,144 - INFO - [round 13] pick 1/5: CCN(C(=O)COC(=O)c1oc2ccc(OC)cc2c1C)C1CCCCC1 | UCB=0.9691 | mu=0.352 | std=0.8728 | f=0.4635
2025-10-11 13:38:34,172 - INFO - [round 13] pick 2/5: CC(C)(Cc1ccc(C(=O)Oc2ccc(C(=N)N)cc2F)s1)C(=O)N(CC(=O)O)CC1CC1 | UCB=0.9549 | mu=0.3138 | std=0.9067 | f=0.3993
2025-10-11 13:38:34,201 - INFO - [round 13] pick 3/5: CCCCCCCCCCCCCC(=O)N1CCN(c2cc3c(cc2F)c(=O)c(C(=O)O)cn3C2CC2)CC1 | UCB=0.9496 | mu=0.3125 | std=0.901 | f=0.391
2025-10-11 13:38:34,231 - INFO - [round 13] pick 4/5: CCCN(CCC)C(=O)c1cc(C)cc(C(=O)NC(Cc2cc(F)cc(F)c2)C(O)C2CC(OC(C)C)CCN2)c1 | UCB=0.9386 | mu=0.2872 | std=0.9212 | f=0.4237
2025-10-11 13:38:34,261 - INFO - [round 13] pick 5/5: CCCCC(=CC(=O)O)c1cc(OC)c(O)c2c(CC)cccc12 | UCB=0.9395 | mu=0.309 | std=0.8917 | f=0.3636
2025-10-11 13:38:34,292 - INFO - Round 13 done in 48.56s; train size=80
2025-10-11 13:38:34,292 - INFO - 
--- Round 14 | trial=3 | sqrt_beta=0.7071 (beta=0.5000) | rho=0.80 | train size=80 ---
2025-10-11 13:39:23,967 - INFO - [round 14] pick 1/5: O=C(O)CN(C(=O)CCCOc1ccc2[nH]c3nc(O)nc-3cc2c1)C1CCCCC1 | UCB=0.9747 | mu=0.3463 | std=0.8887 | f=0.1545
2025-10-11 13:39:23,999 - INFO - [round 14] pick 2/5: Cc1ccc(N(C(=O)OCC2CCC(COCC(=O)O)CC2)c2cccc(F)c2)cc1F | UCB=0.9676 | mu=0.3317 | std=0.8994 | f=0.3978
2025-10-11 13:39:24,032 - INFO - [round 14] pick 3/5: CCCc1cc(=O)oc2c(C)c(OCC(=O)N3CCCC3C(=O)O)ccc12 | UCB=0.9631 | mu=0.3401 | std=0.8811 | f=0.4763
2025-10-11 13:39:24,065 - INFO - [round 14] pick 4/5: CCCCCCC(C)(C)c1cc(O)c(C2CCCCC2)c(O)c1 | UCB=0.9466 | mu=0.3144 | std=0.8941 | f=0.1579
2025-10-11 13:39:24,099 - INFO - [round 14] pick 5/5: CCOC(=O)c1cc(NC(=O)c2ccoc2C)cc(C(=O)OCC)c1 | UCB=0.9386 | mu=0.2999 | std=0.9034 | f=0.4201
2025-10-11 13:39:24,134 - INFO - Round 14 done in 49.84s; train size=85
2025-10-11 13:39:24,134 - INFO - 
--- Round 15 | trial=3 | sqrt_beta=0.7071 (beta=0.5000) | rho=0.80 | train size=85 ---
2025-10-11 13:40:18,646 - INFO - [round 15] pick 1/5: Cc1cc(=O)oc2cc(OCC(=O)OC(C)C(=O)NC3CCCC3)ccc12 | UCB=0.969 | mu=0.3493 | std=0.8763 | f=0.4527
2025-10-11 13:40:18,682 - INFO - [round 15] pick 2/5: CCCCC(Cc1ccc(OC)c(CNC(=O)c2ccc(C(F)(F)F)cc2F)c1)C(=O)O | UCB=0.9603 | mu=0.3355 | std=0.8836 | f=0.3697
2025-10-11 13:40:18,719 - INFO - [round 15] pick 3/5: COc1ccc(CN(CC2CCC(C(=O)O)CC2)C(S)=Nc2cc(C)cc(C)c2)cc1 | UCB=0.9618 | mu=0.344 | std=0.8737 | f=0.3915
2025-10-11 13:40:18,756 - INFO - [round 15] pick 4/5: CCC(NC(=O)c1ccc(C(=N)N2CCN(c3ccc(F)cc3)CC2)cc1F)C(C)(C)C(=O)N1CCC(CC(=O)O)CC1 | UCB=0.9578 | mu=0.3253 | std=0.8945 | f=0.4157
2025-10-11 13:40:18,794 - INFO - [round 15] pick 5/5: CCN(CCO)Cc1coc2cccc(OCC3CCCCC3)c2c1=O | UCB=0.9443 | mu=0.3067 | std=0.9016 | f=0.3984
2025-10-11 13:40:18,833 - INFO - Round 15 done in 54.70s; train size=90
2025-10-11 13:40:18,833 - INFO - 
--- Round 16 | trial=3 | sqrt_beta=0.7071 (beta=0.5000) | rho=0.80 | train size=90 ---
2025-10-11 13:41:14,518 - INFO - [round 16] pick 1/5: CSCCC(NC(=O)c1ccc(CN(C)CCC2CCCCC2)cc1-c1ccccc1C)C(=O)O | UCB=0.9734 | mu=0.3563 | std=0.8727 | f=0.4629
2025-10-11 13:41:14,558 - INFO - [round 16] pick 2/5: CCc1cc(=O)oc2cc(OCC(=O)N3CCC(C(N)=O)CC3)ccc12 | UCB=0.9722 | mu=0.3851 | std=0.8302 | f=0.4016
2025-10-11 13:41:14,599 - INFO - [round 16] pick 3/5: COc1cc(N(Cc2cccc(C(F)(F)F)c2C)CC2CC2)cnc1C(=O)C1CC1C(=O)O | UCB=0.9694 | mu=0.3316 | std=0.902 | f=0.4082
2025-10-11 13:41:14,642 - INFO - [round 16] pick 4/5: Cc1ccc(C)c(OCC(=O)Nc2cc(C(=O)O)cc(C(=O)O)c2)c1 | UCB=0.9607 | mu=0.3342 | std=0.886 | f=0.3607
2025-10-11 13:41:14,685 - INFO - [round 16] pick 5/5: CCCCc1ccc2c(c1)C(NCC(O)C(Cc1cc(F)cc(F)c1)NC(C)=O)CCC2 | UCB=0.9512 | mu=0.3185 | std=0.8948 | f=0.3766
2025-10-11 13:41:14,729 - INFO - Round 16 done in 55.90s; train size=95
2025-10-11 13:41:14,729 - INFO - 
--- Round 17 | trial=3 | sqrt_beta=0.7071 (beta=0.5000) | rho=0.80 | train size=95 ---
2025-10-11 13:42:15,807 - INFO - [round 17] pick 1/5: Cc1ccc(NC(=O)CCC2CCCCC2)cc1C(=O)Nc1ccc(O)cc1 | UCB=0.9811 | mu=0.3801 | std=0.8501 | f=0.4239
2025-10-11 13:42:15,852 - INFO - [round 17] pick 2/5: CCCc1c(OCCCCCOc2cc3c(cc2C(C)=O)CCC(C(=O)O)O3)ccc(C(C)=O)c1OC | UCB=0.9605 | mu=0.3307 | std=0.8907 | f=0.4096
2025-10-11 13:42:15,898 - INFO - [round 17] pick 3/5: Cc1cc(CC(=O)NC(C)c2ccc(OCC3CC3)c(F)c2)n[nH]1 | UCB=0.9638 | mu=0.3198 | std=0.9107 | f=0.3621
2025-10-11 13:42:15,945 - INFO - [round 17] pick 4/5: CC(=O)CCc1ccc2oc(C(=O)O)c(C)c2c1 | UCB=0.9592 | mu=0.3249 | std=0.8971 | f=0.3333
2025-10-11 13:42:15,993 - INFO - [round 17] pick 5/5: COC(=O)N1CCC(Nc2cccc(-c3sc(C(=O)O)c(OCC(=O)O)c3Br)c2)CC1 | UCB=0.9621 | mu=0.3247 | std=0.9015 | f=0.4143
2025-10-11 13:42:16,043 - INFO - Round 17 done in 61.31s; train size=100
2025-10-11 13:42:16,043 - INFO - 
--- Round 18 | trial=3 | sqrt_beta=0.7071 (beta=0.5000) | rho=0.80 | train size=100 ---
2025-10-11 13:43:17,373 - INFO - [round 18] pick 1/5: CC(=O)c1cc(CNC(=O)c2ccc(OP(=O)(O)O)cc2)ccc1OCC1CCCCC1 | UCB=0.9766 | mu=0.3815 | std=0.8417 | f=0.4287
2025-10-11 13:43:17,423 - INFO - [round 18] pick 2/5: Cc1cc(C(C)(C)C)oc1C(=O)N(CC(=O)NC1CCCC1)Cc1ccccc1Cl | UCB=0.9757 | mu=0.3677 | std=0.8598 | f=0.419
2025-10-11 13:43:17,474 - INFO - [round 18] pick 3/5: CCOC(=O)c1c(NC(=O)C2C3CCC(O3)C2C(=O)O)sc(C)c1-c1ccc(F)cc1 | UCB=0.9665 | mu=0.3295 | std=0.9008 | f=0.4659
2025-10-11 13:43:17,525 - INFO - [round 18] pick 4/5: CCCCCCNCCCNc1c(F)cc2c(=O)c(C(=O)O)cn(C3CC3)c2c1OC | UCB=0.9465 | mu=0.317 | std=0.8902 | f=0.393
2025-10-11 13:43:17,578 - INFO - [round 18] pick 5/5: CCCN(CC1CC1)c1cc(C(=O)Nc2ccc(CO)cc2C)ncn1 | UCB=0.9678 | mu=0.3334 | std=0.8972 | f=0.3659
2025-10-11 13:43:17,632 - INFO - Round 18 done in 61.59s; train size=105
2025-10-11 13:43:17,632 - INFO - 
--- Round 19 | trial=3 | sqrt_beta=0.7071 (beta=0.5000) | rho=0.80 | train size=105 ---
2025-10-11 13:44:23,050 - INFO - [round 19] pick 1/5: Cc1ccccc1OCC(=O)OCC(=O)c1cc(C)n(C2CC2)c1C | UCB=0.9788 | mu=0.3479 | std=0.8923 | f=0.3963
2025-10-11 13:44:23,105 - INFO - [round 19] pick 2/5: O=C(Cc1cc(=O)oc2cc(O)ccc12)NCC1CCC(C(=O)O)CC1 | UCB=0.9771 | mu=0.3587 | std=0.8746 | f=0.4132
2025-10-11 13:44:23,160 - INFO - [round 19] pick 3/5: COCCN(C(=O)c1snc(C(N)=O)c1N)C(C(=O)NC1CCCCC1)c1ccc(F)cc1 | UCB=0.97 | mu=0.3597 | std=0.863 | f=0.4456
2025-10-11 13:44:23,217 - INFO - [round 19] pick 4/5: CCOC(=O)N1CCC(NC(=O)C[S+](O)Cc2nc(-c3ccc(OC)c(OC)c3)oc2C)CC1 | UCB=0.9761 | mu=0.3478 | std=0.8885 | f=0.4407
2025-10-11 13:44:23,274 - INFO - [round 19] pick 5/5: CCN(CC)C(=O)C=C(C)c1ccc(OCc2c(F)cccc2F)c(CC(=O)O)c1 | UCB=0.9621 | mu=0.3422 | std=0.8766 | f=0.3651
2025-10-11 13:44:23,333 - INFO - Round 19 done in 65.70s; train size=110
2025-10-11 13:44:23,333 - INFO - 
--- Round 20 | trial=3 | sqrt_beta=0.7071 (beta=0.5000) | rho=0.80 | train size=110 ---
2025-10-11 13:45:31,148 - INFO - [round 20] pick 1/5: Cc1cc(C)cc(N(CC(=O)NC2CCCC2)C(=O)CNC(=O)c2cccs2)c1 | UCB=0.9766 | mu=0.3656 | std=0.864 | f=0.4419
2025-10-11 13:45:31,209 - INFO - [round 20] pick 2/5: CN(CCCC1CCCC1)C(=O)c1cc(COc2ccc(F)cc2F)on1 | UCB=0.9761 | mu=0.3487 | std=0.8872 | f=0.3838
2025-10-11 13:45:31,270 - INFO - [round 20] pick 3/5: CCOC(=O)c1[nH]c2ccc(OC)cc2c1NC(=O)CCN1CCC(C)CC1 | UCB=0.9725 | mu=0.3548 | std=0.8737 | f=0.4579
2025-10-11 13:45:31,332 - INFO - [round 20] pick 4/5: Cc1ccc(F)cc1Nc1nc2ccc(CC(=O)N3C(C)CCC3COC3CCC(C(=O)O)CC3)c(F)c2o1 | UCB=0.9702 | mu=0.33 | std=0.9054 | f=0.154
2025-10-11 13:45:31,395 - INFO - [round 20] pick 5/5: CCC(CC)(c1ccc(OCC(=O)C(C)(C)C)c(C)c1)c1ccc(C(=O)NC(C)C(=O)O)n1C | UCB=0.9622 | mu=0.3264 | std=0.8991 | f=0.4287
2025-10-11 13:45:31,459 - INFO - Round 20 done in 68.13s; train size=115
2025-10-11 13:45:31,459 - INFO - 
--- Round 21 | trial=3 | sqrt_beta=0.7071 (beta=0.5000) | rho=0.80 | train size=115 ---
2025-10-11 13:46:40,603 - INFO - [round 21] pick 1/5: CCCN(CC1CC1)C(=O)COC(=O)c1ccc(C)cc1O | UCB=0.9786 | mu=0.3614 | std=0.873 | f=0.1607
2025-10-11 13:46:40,669 - INFO - [round 21] pick 2/5: COc1ccc2c(c1)cc(C(=O)NC(CCSC)C(=O)N1CCCC1C(=O)O)n2C | UCB=0.9784 | mu=0.3526 | std=0.8851 | f=0.5121
2025-10-11 13:46:40,736 - INFO - [round 21] pick 3/5: COc1cc(C=CC(=O)Nc2ccc(NC(=O)C(O)C(N)CCC3CCCCC3)cc2)cc(OC)c1OC | UCB=0.9756 | mu=0.359 | std=0.8721 | f=0.4412
2025-10-11 13:46:40,803 - INFO - [round 21] pick 4/5: CCOc1cccc(SCc2noc(C(=O)NCC3CCCO3)c2C(=O)O)c1 | UCB=0.9767 | mu=0.3383 | std=0.9029 | f=0.413
2025-10-11 13:46:40,872 - INFO - [round 21] pick 5/5: CCCCCCCCCCOc1ccc(C(=O)c2cccc(C(=O)OCC)c2)cc1CC(=O)OCC | UCB=0.9539 | mu=0.3409 | std=0.8669 | f=0.3817
2025-10-11 13:46:40,942 - INFO - Round 21 done in 69.48s; train size=120
2025-10-11 13:46:40,942 - INFO - 
--- Round 22 | trial=3 | sqrt_beta=0.7071 (beta=0.5000) | rho=0.80 | train size=120 ---
2025-10-11 13:47:53,730 - INFO - [round 22] pick 1/5: CCC1(CC)CCC(NC(=O)C(CCC(=O)O)NC(=O)c2cccc(Cl)c2)CC1 | UCB=0.983 | mu=0.3488 | std=0.8968 | f=0.1794
2025-10-11 13:47:53,802 - INFO - [round 22] pick 2/5: COc1ccc(OC)c(CN2CCN(C(=O)CNC(=O)c3cc(C)cc(C)c3)CC2)c1 | UCB=0.9806 | mu=0.3702 | std=0.8633 | f=0.3586
2025-10-11 13:47:53,874 - INFO - [round 22] pick 3/5: CC(=O)COc1cc(-c2ccc(OCc3cccc(C(=O)N4CCCC4C(=O)O)c3)cc2)cc(F)c1F | UCB=0.9798 | mu=0.3574 | std=0.8802 | f=0.1502
2025-10-11 13:47:53,948 - INFO - [round 22] pick 4/5: CCCCC(NC(=O)OC(C)CC1CCCCC1)C(=O)c1nc(C)c(C(=O)OCC)s1 | UCB=0.9635 | mu=0.3272 | std=0.8998 | f=0.2151
2025-10-11 13:47:54,023 - INFO - [round 22] pick 5/5: CCN1CCCC1CNC(=O)c1c(O)c(Br)cc(F)c1OC | UCB=0.9564 | mu=0.3077 | std=0.9174 | f=0.1468
2025-10-11 13:47:54,099 - INFO - Round 22 done in 73.16s; train size=125
2025-10-11 13:47:54,099 - INFO - 
--- Round 23 | trial=3 | sqrt_beta=0.7071 (beta=0.5000) | rho=0.80 | train size=125 ---
2025-10-11 13:49:09,027 - INFO - [round 23] pick 1/5: COC(=O)C=Cc1cccc(N(Cc2cc(OC)cc(OC)c2)C(=O)C2CCCCC2)c1 | UCB=0.9776 | mu=0.3565 | std=0.8783 | f=0.4068
2025-10-11 13:49:09,106 - INFO - [round 23] pick 2/5: CCOC(=O)N1CCC(NC(=O)CSc2cc(=O)n(C)c3ccccc23)CC1 | UCB=0.9757 | mu=0.3648 | std=0.864 | f=0.4472
2025-10-11 13:49:09,184 - INFO - [round 23] pick 3/5: COc1ccc(OCC(=O)NC(C)c2ccc(F)cc2)c(C(=O)O)c1 | UCB=0.9694 | mu=0.3757 | std=0.8396 | f=0.3464
2025-10-11 13:49:09,264 - INFO - [round 23] pick 4/5: CCCCC(C(=O)Nc1ccc2c(C)c(CC(=O)O)c(=O)oc2c1)n1cc(C(C)(NC(=O)c2ccsc2)C2CCC(C)CC2)nn1 | UCB=0.9545 | mu=0.3115 | std=0.9094 | f=0.007844
2025-10-11 13:49:09,346 - INFO - [round 23] pick 5/5: Cc1ccc(C(=CCCN(C)C2CCCC2C(=O)O)c2ccc(C)s2)s1 | UCB=0.9487 | mu=0.3019 | std=0.9148 | f=0.4016
2025-10-11 13:49:09,552 - INFO - Round 23 done in 75.45s; train size=130
2025-10-11 13:49:09,552 - INFO - 
--- Round 24 | trial=3 | sqrt_beta=0.7071 (beta=0.5000) | rho=0.80 | train size=130 ---
2025-10-11 13:50:30,549 - INFO - [round 24] pick 1/5: COc1ccccc1Sc1cc(C)c(C=CC(=O)N2CCC(C(=O)O)CC2)cc1[N+](=O)[O-] | UCB=0.9775 | mu=0.3521 | std=0.8846 | f=0.3887
2025-10-11 13:50:30,634 - INFO - [round 24] pick 2/5: CCCC(=O)NC1CCCc2c1c1cc(OC)ccc1n2C | UCB=0.9738 | mu=0.3575 | std=0.8716 | f=0.4082
2025-10-11 13:50:30,720 - INFO - [round 24] pick 3/5: Cc1cc(Cl)c(S(=O)(=O)N2CCN(c3ccc(F)cc3)CC2)cc1OCC(=O)NC1CCCCC1 | UCB=0.9728 | mu=0.3736 | std=0.8474 | f=0.3855
2025-10-11 13:50:30,806 - INFO - [round 24] pick 4/5: COc1ccc(CCC(=O)OCC(=O)Nc2sccc2C(N)=O)cc1OC | UCB=0.9634 | mu=0.341 | std=0.8803 | f=0.363
2025-10-11 13:50:30,894 - INFO - [round 24] pick 5/5: CCOC(=O)c1ccc(-c2ccc(CC(C#N)NC(=O)C3NC4CCC3C4)c(F)c2)s1 | UCB=0.9598 | mu=0.3224 | std=0.9015 | f=0.4421
2025-10-11 13:50:30,984 - INFO - Round 24 done in 81.43s; train size=135
2025-10-11 13:50:30,984 - INFO - 
--- Round 25 | trial=3 | sqrt_beta=0.7071 (beta=0.5000) | rho=0.80 | train size=135 ---
2025-10-11 13:51:52,548 - INFO - [round 25] pick 1/5: COc1ccc2c(c1)c(CC(N)=O)c(C)n2CC1CCCCC1 | UCB=0.9752 | mu=0.3782 | std=0.8443 | f=0.4273
2025-10-11 13:51:52,639 - INFO - [round 25] pick 2/5: CCOC(=O)c1c(NC(=O)c2ccc(F)cc2)sc2c1CCC(CC)C2 | UCB=0.9734 | mu=0.3787 | std=0.841 | f=0.4247
2025-10-11 13:51:52,731 - INFO - [round 25] pick 3/5: COc1cc(COc2cc(N)c(Cl)cc2C(=O)CCCCN2CCC(CCNS(C)(=O)=O)CC2)cc(OC)c1 | UCB=0.9621 | mu=0.3288 | std=0.8957 | f=0.3634
2025-10-11 13:51:52,824 - INFO - [round 25] pick 4/5: N#Cc1ccc(-c2cc(CC(=O)O)cc(CC(=O)O)c2)s1 | UCB=0.9463 | mu=0.2971 | std=0.9181 | f=0.2899
2025-10-11 13:51:52,919 - INFO - [round 25] pick 5/5: CCOC(=O)N1CCC(NC(=O)c2cnn(-c3ccc(C)cc3C)c2C2CCN(C(=O)OC(C)(C)C)CC2)CC1 | UCB=0.9583 | mu=0.3405 | std=0.8738 | f=0.4354
2025-10-11 13:51:53,015 - INFO - Round 25 done in 82.03s; train size=140
2025-10-11 13:51:53,015 - INFO - 
--- Round 26 | trial=3 | sqrt_beta=0.7071 (beta=0.5000) | rho=0.80 | train size=140 ---
2025-10-11 13:53:19,174 - INFO - [round 26] pick 1/5: CCOC(=O)N1CCC(NC(=O)c2ccc3c(c2)N(C)C(=O)C(=Cc2cccc(OC)c2)S3)CC1 | UCB=0.976 | mu=0.386 | std=0.8343 | f=0.4152
2025-10-11 13:53:19,272 - INFO - [round 26] pick 2/5: COc1cc(F)ccc1N1CCN(CCC(=O)c2cc(C)sc2C)CC1 | UCB=0.9749 | mu=0.3495 | std=0.8844 | f=0.3282
2025-10-11 13:53:19,371 - INFO - [round 26] pick 3/5: COc1ccc(OC)c(NC(=O)C2CCCCC2C(=O)O)c1 | UCB=0.9743 | mu=0.3653 | std=0.8613 | f=0.1778
2025-10-11 13:53:19,471 - INFO - [round 26] pick 4/5: CCOC(=O)C1=C(C)N=C(C)C(=C(O)OCC)C1C(=O)OCC(=O)NCc1ccc(F)cc1 | UCB=0.9587 | mu=0.3378 | std=0.878 | f=0.1577
2025-10-11 13:53:19,573 - INFO - [round 26] pick 5/5: CCN(CC)C(=O)C1C=C2c3cccc4[nH]cc(c34)CC2N(C(=O)NC2CCCCC2)C1 | UCB=0.9611 | mu=0.3407 | std=0.8774 | f=0.4554
2025-10-11 13:53:19,675 - INFO - Round 26 done in 86.66s; train size=145
2025-10-11 13:53:19,675 - INFO - 
--- Round 27 | trial=3 | sqrt_beta=0.7071 (beta=0.5000) | rho=0.80 | train size=145 ---
2025-10-11 13:54:46,170 - INFO - [round 27] pick 1/5: Cc1cccc(NC(=O)CCC2CCN(C(=O)c3ccc(C)s3)CC2)c1 | UCB=0.9714 | mu=0.3757 | std=0.8425 | f=0.3883
2025-10-11 13:54:46,276 - INFO - [round 27] pick 2/5: CCOC(=O)c1cc(=O)c2cc(CSC(=S)N3CCCC3)ccc2o1 | UCB=0.9659 | mu=0.335 | std=0.8922 | f=0.4049
2025-10-11 13:54:46,382 - INFO - [round 27] pick 3/5: Cc1oc(C(Cc2c[nH]c3ccccc23)NC(=O)C(CC(C)C)NC(=O)NC2CCCCC2)nc1C(=O)O | UCB=0.962 | mu=0.3451 | std=0.8724 | f=0.1755
2025-10-11 13:54:46,489 - INFO - [round 27] pick 4/5: CCCOc1cccc(C(=O)N(Cc2cc(OC)c(OC)c(OC)c2)C2CCS(=O)(=O)C2)c1 | UCB=0.9617 | mu=0.34 | std=0.8793 | f=0.3632
2025-10-11 13:54:46,598 - INFO - [round 27] pick 5/5: CCN(CC)Oc1ccc(C(F)(F)F)cc1C(=O)N=c1sc(C(C)(C)C)cn1CC1CCCO1 | UCB=0.9498 | mu=0.3047 | std=0.9123 | f=0.362
2025-10-11 13:54:46,708 - INFO - Round 27 done in 87.03s; train size=150
2025-10-11 13:54:46,708 - INFO - 
--- Round 28 | trial=3 | sqrt_beta=0.7071 (beta=0.5000) | rho=0.80 | train size=150 ---
2025-10-11 13:56:15,908 - INFO - [round 28] pick 1/5: COc1cc(-c2ccc(C(C)=O)s2)cc2c1OCCN(C(=O)C1CC1)C2 | UCB=0.9751 | mu=0.3484 | std=0.8863 | f=0.378
2025-10-11 13:56:16,023 - INFO - [round 28] pick 2/5: CCOC(=O)C=CC(CC1CCNC1=O)NC(=O)c1ccc2ccc(Br)cc2c1 | UCB=0.9636 | mu=0.3256 | std=0.9023 | f=0.3989
2025-10-11 13:56:16,138 - INFO - [round 28] pick 3/5: CCC(Nc1cc(C)cc(CN2CCC(C(=O)O)C2)c1)c1ccc(Cl)c(C)c1 | UCB=0.9664 | mu=0.3412 | std=0.8842 | f=0.3937
2025-10-11 13:56:16,254 - INFO - [round 28] pick 4/5: COc1cc(N)c(Cl)cc1C(=O)OCCN1CCC(NC(=O)CCC2CCCCC2)CC1 | UCB=0.9604 | mu=0.3556 | std=0.8553 | f=0.1645
2025-10-11 13:56:16,373 - INFO - [round 28] pick 5/5: CCOCCc1ccc(OCCN(C(=O)c2cc(C(C)(C)C)nn2C)C(=O)C(C)C)c(C)c1 | UCB=0.949 | mu=0.3169 | std=0.8939 | f=0.356
2025-10-11 13:56:16,491 - INFO - Round 28 done in 89.78s; train size=155
2025-10-11 13:56:16,491 - INFO - 
--- Round 29 | trial=3 | sqrt_beta=0.7071 (beta=0.5000) | rho=0.80 | train size=155 ---
2025-10-11 13:57:47,662 - INFO - [round 29] pick 1/5: CCOC(=O)N1CCN(S(=O)(=O)c2ccc(F)c(C(=O)Nc3cc(C)cc(C)c3)c2)CC1 | UCB=0.9768 | mu=0.3803 | std=0.8435 | f=0.4007
2025-10-11 13:57:47,783 - INFO - [round 29] pick 2/5: CN(C)C(=O)Oc1ccc2cc(C(=O)NC3CCCC3)ccc2c1Br | UCB=0.9744 | mu=0.378 | std=0.8434 | f=0.4183
2025-10-11 13:57:47,905 - INFO - [round 29] pick 3/5: Cc1cc2c(cc1Cc1ccc(C(=O)NCC3CCN(C(=O)OC(C)(C)C)CC3)o1)C(C)(C)CCC2(C)C | UCB=0.967 | mu=0.3351 | std=0.8936 | f=0.3792
2025-10-11 13:57:48,028 - INFO - [round 29] pick 4/5: CCCc1cc(C(F)(F)F)ccc1OCCCOc1ccc2c(c1)CCC2CC(=O)O | UCB=0.9532 | mu=0.3324 | std=0.878 | f=0.3357
2025-10-11 13:57:48,152 - INFO - [round 29] pick 5/5: CCOC(=O)COc1cc2oc(=O)cc(C)c2cc1[N+](=O)[O-] | UCB=0.9495 | mu=0.3284 | std=0.8784 | f=0.3459
2025-10-11 13:57:48,277 - INFO - Round 29 done in 91.79s; train size=160
2025-10-11 13:57:48,277 - INFO - 
--- Round 30 | trial=3 | sqrt_beta=0.7071 (beta=0.5000) | rho=0.80 | train size=160 ---
2025-10-11 13:59:22,283 - INFO - [round 30] pick 1/5: CCOC(=O)C1CCN(C(c2cccc(F)c2)c2c(O)cc(C)n(CCOC)c2=O)CC1 | UCB=0.9749 | mu=0.3528 | std=0.8797 | f=0.4303
2025-10-11 13:59:22,411 - INFO - [round 30] pick 2/5: CCOc1cc(C(=O)Nc2cc(C)ccc2C)ccc1OCC(=O)N1CCCCC1 | UCB=0.9746 | mu=0.3867 | std=0.8315 | f=0.4159
2025-10-11 13:59:22,541 - INFO - [round 30] pick 3/5: CCOC(=O)CNC(=O)c1cc(-c2ccc3c(c2)OCCO3)oc1C | UCB=0.9644 | mu=0.3304 | std=0.8967 | f=0.381
2025-10-11 13:59:22,671 - INFO - [round 30] pick 4/5: Cc1ccc(C(=O)N(CC(=O)NC2CCCC2)Cc2cccs2)s1 | UCB=0.9587 | mu=0.3892 | std=0.8054 | f=0.4201
2025-10-11 13:59:22,804 - INFO - [round 30] pick 5/5: O=C(O)c1cn(C2CC2)c2ccc(I)cc2c1=O | UCB=0.9453 | mu=0.3193 | std=0.8853 | f=0.3333
2025-10-11 13:59:22,938 - INFO - Round 30 done in 94.66s; train size=165
2025-10-11 13:59:22,938 - INFO - 
--- Round 31 | trial=3 | sqrt_beta=0.7071 (beta=0.5000) | rho=0.80 | train size=165 ---
2025-10-11 14:00:59,507 - INFO - [round 31] pick 1/5: CCOC(=O)C1CCN(C(=O)c2ccc(NS(=O)(=O)c3ccc(F)cc3C)cc2)CC1 | UCB=0.9779 | mu=0.3855 | std=0.8377 | f=0.4248
2025-10-11 14:00:59,643 - INFO - [round 31] pick 2/5: CCOc1cc(N2CCOCC2)c(OCC)cc1NC(=O)c1ccc(C)s1 | UCB=0.9661 | mu=0.371 | std=0.8415 | f=0.3721
2025-10-11 14:00:59,779 - INFO - [round 31] pick 3/5: Cc1ccsc1CN(C(=O)COc1cccc(C)c1C)C1CCS(=O)(=O)C1 | UCB=0.9632 | mu=0.3385 | std=0.8835 | f=0.3508
2025-10-11 14:00:59,919 - INFO - [round 31] pick 4/5: CC=Cc1cccc(-c2nc(C(=O)NC3CCCC3)cc3c2C(CCO)N(S(=O)C(C)(C)C)C3)c1 | UCB=0.9547 | mu=0.3286 | std=0.8854 | f=0.4167
2025-10-11 14:01:00,065 - INFO - [round 31] pick 5/5: CCCCc1cc2cc(C(C)N(O)C(=O)CCCC(=O)OC)ccc2o1 | UCB=0.9387 | mu=0.3073 | std=0.8929 | f=0.3795
2025-10-11 14:01:00,213 - INFO - Round 31 done in 97.28s; train size=170
2025-10-11 14:01:00,213 - INFO - 
--- Round 32 | trial=3 | sqrt_beta=0.7071 (beta=0.5000) | rho=0.80 | train size=170 ---
2025-10-11 14:02:41,874 - INFO - [round 32] pick 1/5: CCOc1cccc(-c2ccc(C3CCN(S(=O)(=O)C(C)(C)C(=O)NO)CC3)cc2C)c1 | UCB=0.9774 | mu=0.3618 | std=0.8705 | f=0.4007
2025-10-11 14:02:42,020 - INFO - [round 32] pick 2/5: CCCNC(=O)c1cc(F)c(-c2cc3cnn(C4CCN(C(=O)OC(C)C)CC4)c3cn2)cc1F | UCB=0.9692 | mu=0.3351 | std=0.8968 | f=0.1533
2025-10-11 14:02:42,167 - INFO - [round 32] pick 3/5: COc1cc2c(cc1OC)CN(C(=O)CCC(=O)c1ccc(F)cc1)CC2 | UCB=0.9702 | mu=0.3689 | std=0.8503 | f=0.3371
2025-10-11 14:02:42,316 - INFO - [round 32] pick 4/5: C=CCC1CCC(CC(=O)OCC)c2[nH]c3c(CC)cccc3c21 | UCB=0.9482 | mu=0.3069 | std=0.9069 | f=0.41
2025-10-11 14:02:42,465 - INFO - [round 32] pick 5/5: CCN(CC)C(=O)c1c(NC(=O)c2cccs2)sc(C)c1C | UCB=0.9452 | mu=0.3239 | std=0.8786 | f=0.3459
2025-10-11 14:02:42,615 - INFO - Round 32 done in 102.40s; train size=175
2025-10-11 14:02:42,616 - INFO - 
--- Round 33 | trial=3 | sqrt_beta=0.7071 (beta=0.5000) | rho=0.80 | train size=175 ---
2025-10-11 14:04:25,204 - INFO - [round 33] pick 1/5: CCOC(=O)N1CCC(NC(=O)c2ccc(C[S+]([O-])c3cccc(Cl)c3)o2)CC1 | UCB=0.9737 | mu=0.3867 | std=0.8301 | f=0.4206
2025-10-11 14:04:25,357 - INFO - [round 33] pick 2/5: Cc1ccc(-c2cc(C(=O)NC(C)CO)cc(N(C)C(=O)C3CCCC3)c2)cc1 | UCB=0.9722 | mu=0.3634 | std=0.8609 | f=0.4437
2025-10-11 14:04:25,511 - INFO - [round 33] pick 3/5: CCOC(=O)CCCCCCCCC(=O)Nc1ccc(-n2[nH]c(=O)cc2C)cc1 | UCB=0.9622 | mu=0.3518 | std=0.8631 | f=0.3766
2025-10-11 14:04:25,667 - INFO - [round 33] pick 4/5: Cc1c(C(O)=Nc2cccc(C(F)(F)F)c2)cc(C(C)(C)C)n1CCC(=O)N1CCNCC1 | UCB=0.9569 | mu=0.3222 | std=0.8976 | f=0.3322
2025-10-11 14:04:25,825 - INFO - [round 33] pick 5/5: COCCCc1cc(CN(C(=O)C2CNCCC2(O)c2ccc(C)c(F)c2)C2CC2)cc(OCCOC)c1 | UCB=0.9541 | mu=0.3169 | std=0.901 | f=0.3558
2025-10-11 14:04:25,985 - INFO - Round 33 done in 103.37s; train size=180
2025-10-11 14:04:25,985 - INFO - 
--- Round 34 | trial=3 | sqrt_beta=0.7071 (beta=0.5000) | rho=0.80 | train size=180 ---
2025-10-11 14:06:14,917 - INFO - [round 34] pick 1/5: CCOC(=O)C1CCN(C(=O)COc2ccc(Br)cc2C)CC1 | UCB=0.9723 | mu=0.4044 | std=0.8032 | f=0.1667
2025-10-11 14:06:15,079 - INFO - [round 34] pick 2/5: CCc1ccc(C(=O)NN(C(=O)c2cc(C)cc(CO)c2)C(C)(C)C)cc1 | UCB=0.9639 | mu=0.3554 | std=0.8606 | f=0.3282
2025-10-11 14:06:15,245 - INFO - [round 34] pick 3/5: COc1ccc(-c2coc3c(C(=O)NC4CCCCC4)cccc23)c(C)c1 | UCB=0.9664 | mu=0.385 | std=0.8221 | f=0.1406
2025-10-11 14:06:15,410 - INFO - [round 34] pick 4/5: N#CC(Cc1ccc(-c2csc(C(N)=O)c2)cc1F)NC(=O)C12CCC(CC1)CN2 | UCB=0.9474 | mu=0.3174 | std=0.891 | f=0.3497
2025-10-11 14:06:15,577 - INFO - [round 34] pick 5/5: CCOC(=O)C(C#N)=c1sc(=CNc2cccc(C)c2)c(=O)n1CC | UCB=0.9619 | mu=0.3318 | std=0.8911 | f=0.3841
2025-10-11 14:06:15,747 - INFO - Round 34 done in 109.76s; train size=185
2025-10-11 14:06:15,747 - INFO - 
--- Round 35 | trial=3 | sqrt_beta=0.7071 (beta=0.5000) | rho=0.80 | train size=185 ---
2025-10-11 14:08:08,184 - INFO - [round 35] pick 1/5: CCOC(=O)CC1CCc2cc(NC(=O)c3ccc(C(=N)N)cc3)ccc2C1 | UCB=0.9691 | mu=0.3688 | std=0.8489 | f=0.4035
2025-10-11 14:08:08,355 - INFO - [round 35] pick 2/5: Cc1ccc(F)cc1C(=O)N1CCCCC1c1cc(C(=O)NC(C)C)no1 | UCB=0.9636 | mu=0.3414 | std=0.8799 | f=0.4212
2025-10-11 14:08:08,528 - INFO - [round 35] pick 3/5: CCOC(=O)N1CCC(N=c2c(O)c(O)c2=NCCCN(CC)Cc2ccccc2)CC1 | UCB=0.9598 | mu=0.3382 | std=0.8791 | f=0.4068
2025-10-11 14:08:08,703 - INFO - [round 35] pick 4/5: CCCC(=O)Nc1cc(-c2csc(=O)[nH]2)cc(S(=O)(=O)NC2CCCC2)c1C | UCB=0.9524 | mu=0.3276 | std=0.8835 | f=0.4272
2025-10-11 14:08:08,879 - INFO - [round 35] pick 5/5: Cc1ccc(CC(C)(C)NCC(O)COc2cc(C3CC4CC3C3C(C(=O)O)C43)ccc2C#N)cc1F | UCB=0.9451 | mu=0.299 | std=0.9137 | f=0.3804
2025-10-11 14:08:09,058 - INFO - Round 35 done in 113.31s; train size=190
2025-10-11 14:08:09,058 - INFO - 
--- Round 36 | trial=3 | sqrt_beta=0.7071 (beta=0.5000) | rho=0.80 | train size=190 ---
2025-10-11 14:10:00,045 - INFO - [round 36] pick 1/5: CCC(=O)Nc1cc(C)c(C(=O)N2CCC(N(C)CCc3ccccc3)CC2)c(OC)c1 | UCB=0.9694 | mu=0.372 | std=0.8448 | f=0.4082
2025-10-11 14:10:00,226 - INFO - [round 36] pick 2/5: Cc1cc(=O)oc2cc(C(=O)NC(=O)C3CCCN3)ccc12 | UCB=0.966 | mu=0.3622 | std=0.8539 | f=0.3565
2025-10-11 14:10:00,409 - INFO - [round 36] pick 3/5: CCOc1cc(C2=NN(c3ccc(C#N)c(Cl)c3)C(C3CCCC3)C2)ccc1C(=O)O | UCB=0.9609 | mu=0.3387 | std=0.8799 | f=0.4523
2025-10-11 14:10:00,593 - INFO - [round 36] pick 4/5: CCOC(=O)CSc1nc(N)c(C(=O)Nc2ccc(N(C)C)cc2)s1 | UCB=0.9591 | mu=0.3384 | std=0.8777 | f=0.3718
2025-10-11 14:10:00,779 - INFO - [round 36] pick 5/5: CC(=O)NCCNC1CCN(C(=O)N(C)C(C)c2cc(C(F)(F)F)cc(C(F)(F)F)c2)C(c2ccc(F)cc2C)C1 | UCB=0.9605 | mu=0.3213 | std=0.904 | f=0.372
2025-10-11 14:10:00,967 - INFO - Round 36 done in 111.91s; train size=195
2025-10-11 14:10:00,967 - INFO - 
--- Round 37 | trial=3 | sqrt_beta=0.7071 (beta=0.5000) | rho=0.80 | train size=195 ---
2025-10-11 14:11:57,694 - INFO - [round 37] pick 1/5: CCOc1ccc(C(CC(=O)O)NC(=O)C2CCCN2S(=O)(=O)c2cc(Cl)cc(Cl)c2)cc1 | UCB=0.9718 | mu=0.3546 | std=0.8728 | f=0.4272
2025-10-11 14:11:57,884 - INFO - [round 37] pick 2/5: CNC(=O)CCCN(C)C(=O)c1ccc2c(c1)c1c(n2C)CCC(C2CCOCC2)C1 | UCB=0.9602 | mu=0.3247 | std=0.8988 | f=0.4216
2025-10-11 14:11:58,077 - INFO - [round 37] pick 3/5: Cc1ccsc1C(=O)Nc1ccc(N2CCC(O)CC2)c(C#N)c1 | UCB=0.9631 | mu=0.3351 | std=0.8882 | f=0.3347
2025-10-11 14:11:58,272 - INFO - [round 37] pick 4/5: CCOc1c(C)[nH]c(C(=O)O)c1C=CC(=O)Nc1ccccc1 | UCB=0.9613 | mu=0.3364 | std=0.8838 | f=0.3536
2025-10-11 14:11:58,469 - INFO - [round 37] pick 5/5: CC(C)(C)OC(=O)N1CCN(C(=S)SCc2cn(Cc3cc(=O)oc4cc(F)ccc34)nn2)CC1 | UCB=0.9477 | mu=0.3245 | std=0.8812 | f=0.119
2025-10-11 14:11:58,667 - INFO - Round 37 done in 117.70s; train size=200
2025-10-11 14:11:58,667 - INFO - 
--- Round 38 | trial=3 | sqrt_beta=0.7071 (beta=0.5000) | rho=0.80 | train size=200 ---
2025-10-11 14:13:59,679 - INFO - [round 38] pick 1/5: CCc1cc(OC2CCOCC2)cc(C(Nc2ccc(C(=N)N)cc2)C(=O)O)c1 | UCB=0.9772 | mu=0.3573 | std=0.8767 | f=0.3766
2025-10-11 14:13:59,880 - INFO - [round 38] pick 2/5: CCn1cc(C(=O)NCC(OC)OC)c(=O)c2cc(S(=O)(=O)N(C)C3CCCCC3)ccc21 | UCB=0.9708 | mu=0.3557 | std=0.8699 | f=0.4472
2025-10-11 14:14:00,085 - INFO - [round 38] pick 3/5: Cc1cc(C2CCC2)c(C(=O)O)cc1C(=O)N1CCC(c2ccc(C#N)cc2)CC1 | UCB=0.9735 | mu=0.3606 | std=0.8667 | f=0.3849
2025-10-11 14:14:00,291 - INFO - [round 38] pick 4/5: CCOc1ccc(C(=O)Nc2cc(Cl)c3c(c2)CNCC3)cc1C(C)=O | UCB=0.973 | mu=0.3655 | std=0.8591 | f=0.3536
2025-10-11 14:14:00,497 - INFO - [round 38] pick 5/5: CCCCn1c2ccccc2c2cc(C(=O)NC(CCSC)C(=O)OCC)ncc21 | UCB=0.9541 | mu=0.3356 | std=0.8746 | f=0.1683
2025-10-11 14:14:00,707 - INFO - Round 38 done in 122.04s; train size=205
2025-10-11 14:14:00,707 - INFO - 
--- Round 39 | trial=3 | sqrt_beta=0.7071 (beta=0.5000) | rho=0.80 | train size=205 ---
2025-10-11 14:16:02,949 - INFO - [round 39] pick 1/5: CCOc1ccc(NS(=O)(=O)c2cc(NC(=O)C3CC3)ccc2C)cc1Br | UCB=0.9748 | mu=0.3703 | std=0.855 | f=0.3644
2025-10-11 14:16:03,160 - INFO - [round 39] pick 2/5: CCC(N=C(O)c1cc(C(=O)N2CCCC2C)n2c1COCC2)c1cccc(O)c1 | UCB=0.9677 | mu=0.3314 | std=0.9 | f=0.3835
2025-10-11 14:16:03,374 - INFO - [round 39] pick 3/5: CC1=C(C(=O)N(C(C)C)C(C)C)CC(CC(=O)NCC2CCCCC2)C(=O)N1Cc1ccc(C(C)(C)C)cc1 | UCB=0.9654 | mu=0.3506 | std=0.8693 | f=0.1695
2025-10-11 14:16:03,590 - INFO - [round 39] pick 4/5: Cc1cc2cc(C(=O)NC3CCC(N4CCNC(=O)C4)C3O)ccc2o1 | UCB=0.9597 | mu=0.324 | std=0.8991 | f=0.3883
2025-10-11 14:16:03,809 - INFO - [round 39] pick 5/5: CCOC(=O)CCC(C(=O)C=Cc1ccc(OC)c(OC)c1)=C(O)C=Cc1ccc(O)c(OC)c1 | UCB=0.9475 | mu=0.325 | std=0.8804 | f=0.3676
2025-10-11 14:16:04,029 - INFO - Round 39 done in 123.32s; train size=210
